<?xml version="1.0" encoding="utf-8"?>
<CoverageSession xmlns:xsd="http://www.w3.org/2001/XMLSchema" xmlns:xsi="http://www.w3.org/2001/XMLSchema-instance" Version="4.7.922.0">
  <Summary numSequencePoints="4428" visitedSequencePoints="252" numBranchPoints="3691" visitedBranchPoints="74" sequenceCoverage="5.69" branchCoverage="2.00" maxCyclomaticComplexity="37" minCyclomaticComplexity="0" maxCrapScore="1406" minCrapScore="0" visitedClasses="28" numClasses="182" visitedMethods="41" numMethods="1295" />
  <Modules>
    <Module skippedDueTo="Filter" hash="04-7C-61-E0-B9-4E-76-A5-97-61-0C-6D-20-27-23-0F-BC-34-A4-5D">
      <ModulePath>C:\Program Files\dotnet\shared\Microsoft.NETCore.App\3.1.7\System.Private.CoreLib.dll</ModulePath>
      <ModuleTime>2020-07-16T12:27:52Z</ModuleTime>
      <ModuleName>System.Private.CoreLib</ModuleName>
      <Classes />
    </Module>
    <Module hash="AF-4E-4A-EE-73-F1-44-CB-A8-4E-E6-B1-31-26-D9-BD-31-3C-C9-D4">
      <Summary numSequencePoints="18" visitedSequencePoints="14" numBranchPoints="2" visitedBranchPoints="1" sequenceCoverage="77.78" branchCoverage="50" maxCyclomaticComplexity="1" minCyclomaticComplexity="1" maxCrapScore="2" minCrapScore="1" visitedClasses="1" numClasses="2" visitedMethods="1" numMethods="2" />
      <ModulePath>C:\Users\kanverma\Documents\dotnet training\networkspace\FirstCoreProject\bin\Debug\netcoreapp3.1\FirstCoreProject.dll</ModulePath>
      <ModuleTime>2020-09-15T23:49:43.2799097Z</ModuleTime>
      <ModuleName>FirstCoreProject</ModuleName>
      <Files>
        <File uid="1" fullPath="C:\Users\kanverma\Documents\dotnet training\networkspace\FirstCoreProject\Program.cs" />
        <File uid="2" fullPath="C:\Users\kanverma\Documents\dotnet training\networkspace\FirstCoreProject\test.cs" />
      </Files>
      <Classes>
        <Class>
          <Summary numSequencePoints="0" visitedSequencePoints="0" numBranchPoints="0" visitedBranchPoints="0" sequenceCoverage="0" branchCoverage="0" maxCyclomaticComplexity="0" minCyclomaticComplexity="0" maxCrapScore="0" minCrapScore="0" visitedClasses="0" numClasses="0" visitedMethods="0" numMethods="0" />
          <FullName>&lt;Module&gt;</FullName>
          <Methods />
        </Class>
        <Class>
          <Summary numSequencePoints="14" visitedSequencePoints="14" numBranchPoints="1" visitedBranchPoints="1" sequenceCoverage="100" branchCoverage="100" maxCyclomaticComplexity="1" minCyclomaticComplexity="1" maxCrapScore="2" minCrapScore="1" visitedClasses="1" numClasses="1" visitedMethods="1" numMethods="1" />
          <FullName>FirstCoreProject.Program</FullName>
          <Methods>
            <Method visited="true" cyclomaticComplexity="1" nPathComplexity="0" sequenceCoverage="100" branchCoverage="100" crapScore="1" isConstructor="false" isStatic="true" isGetter="false" isSetter="false">
              <Summary numSequencePoints="14" visitedSequencePoints="14" numBranchPoints="1" visitedBranchPoints="1" sequenceCoverage="100" branchCoverage="100" maxCyclomaticComplexity="1" minCyclomaticComplexity="1" maxCrapScore="1" minCrapScore="1" visitedClasses="0" numClasses="0" visitedMethods="1" numMethods="1" />
              <MetadataToken>100663297</MetadataToken>
              <Name>System.Void FirstCoreProject.Program::Main(System.String[])</Name>
              <FileRef uid="1" />
              <SequencePoints>
                <SequencePoint vc="1" uspid="1" ordinal="0" offset="0" sl="10" sc="9" el="10" ec="10" bec="0" bev="0" fileid="1" />
                <SequencePoint vc="1" uspid="2" ordinal="1" offset="1" sl="12" sc="13" el="12" ec="58" bec="0" bev="0" fileid="1" />
                <SequencePoint vc="1" uspid="3" ordinal="2" offset="12" sl="13" sc="13" el="13" ec="24" bec="0" bev="0" fileid="1" />
                <SequencePoint vc="1" uspid="4" ordinal="3" offset="15" sl="14" sc="13" el="14" ec="24" bec="0" bev="0" fileid="1" />
                <SequencePoint vc="1" uspid="5" ordinal="4" offset="18" sl="15" sc="13" el="15" ec="25" bec="0" bev="0" fileid="1" />
                <SequencePoint vc="1" uspid="6" ordinal="5" offset="22" sl="17" sc="13" el="17" ec="75" bec="0" bev="0" fileid="1" />
                <SequencePoint vc="1" uspid="7" ordinal="6" offset="51" sl="19" sc="13" el="19" ec="60" bec="0" bev="0" fileid="1" />
                <SequencePoint vc="1" uspid="8" ordinal="7" offset="62" sl="20" sc="13" el="20" ec="25" bec="0" bev="0" fileid="1" />
                <SequencePoint vc="1" uspid="9" ordinal="8" offset="68" sl="21" sc="13" el="21" ec="51" bec="0" bev="0" fileid="1" />
                <SequencePoint vc="1" uspid="10" ordinal="9" offset="81" sl="23" sc="13" el="23" ec="47" bec="0" bev="0" fileid="1" />
                <SequencePoint vc="1" uspid="11" ordinal="10" offset="92" sl="24" sc="13" el="24" ec="63" bec="0" bev="0" fileid="1" />
                <SequencePoint vc="1" uspid="12" ordinal="11" offset="103" sl="26" sc="13" el="26" ec="37" bec="0" bev="0" fileid="1" />
                <SequencePoint vc="1" uspid="13" ordinal="12" offset="110" sl="27" sc="13" el="27" ec="55" bec="0" bev="0" fileid="1" />
                <SequencePoint vc="1" uspid="14" ordinal="13" offset="125" sl="29" sc="9" el="29" ec="10" bec="0" bev="0" fileid="1" />
              </SequencePoints>
              <BranchPoints />
              <MethodPoint xsi:type="SequencePoint" vc="1" uspid="1" ordinal="0" offset="0" sl="10" sc="9" el="10" ec="10" bec="0" bev="0" fileid="1" />
            </Method>
            <Method visited="false" cyclomaticComplexity="1" nPathComplexity="0" sequenceCoverage="0" branchCoverage="0" crapScore="2" isConstructor="true" isStatic="false" isGetter="false" isSetter="false">
              <Summary numSequencePoints="0" visitedSequencePoints="0" numBranchPoints="0" visitedBranchPoints="0" sequenceCoverage="0" branchCoverage="0" maxCyclomaticComplexity="1" minCyclomaticComplexity="1" maxCrapScore="2" minCrapScore="2" visitedClasses="0" numClasses="0" visitedMethods="0" numMethods="0" />
              <MetadataToken>100663298</MetadataToken>
              <Name>System.Void FirstCoreProject.Program::.ctor()</Name>
              <SequencePoints />
              <BranchPoints />
              <MethodPoint vc="0" uspid="15" ordinal="0" offset="0" />
            </Method>
          </Methods>
        </Class>
        <Class>
          <Summary numSequencePoints="4" visitedSequencePoints="0" numBranchPoints="1" visitedBranchPoints="0" sequenceCoverage="0" branchCoverage="0" maxCyclomaticComplexity="1" minCyclomaticComplexity="1" maxCrapScore="2" minCrapScore="2" visitedClasses="0" numClasses="1" visitedMethods="0" numMethods="1" />
          <FullName>FirstCoreProject.test</FullName>
          <Methods>
            <Method visited="false" cyclomaticComplexity="1" nPathComplexity="0" sequenceCoverage="0" branchCoverage="0" crapScore="2" isConstructor="false" isStatic="false" isGetter="false" isSetter="false">
              <Summary numSequencePoints="4" visitedSequencePoints="0" numBranchPoints="1" visitedBranchPoints="0" sequenceCoverage="0" branchCoverage="0" maxCyclomaticComplexity="1" minCyclomaticComplexity="1" maxCrapScore="2" minCrapScore="2" visitedClasses="0" numClasses="0" visitedMethods="0" numMethods="1" />
              <MetadataToken>100663299</MetadataToken>
              <Name>System.Void FirstCoreProject.test::testName()</Name>
              <FileRef uid="2" />
              <SequencePoints>
                <SequencePoint vc="0" uspid="16" ordinal="0" offset="0" sl="9" sc="32" el="9" ec="33" bec="0" bev="0" fileid="2" />
                <SequencePoint vc="0" uspid="17" ordinal="1" offset="1" sl="10" sc="13" el="10" ec="37" bec="0" bev="0" fileid="2" />
                <SequencePoint vc="0" uspid="18" ordinal="2" offset="7" sl="11" sc="13" el="11" ec="59" bec="0" bev="0" fileid="2" />
                <SequencePoint vc="0" uspid="19" ordinal="3" offset="26" sl="12" sc="9" el="12" ec="10" bec="0" bev="0" fileid="2" />
              </SequencePoints>
              <BranchPoints />
              <MethodPoint xsi:type="SequencePoint" vc="0" uspid="16" ordinal="0" offset="0" sl="9" sc="32" el="9" ec="33" bec="0" bev="0" fileid="2" />
            </Method>
            <Method visited="false" cyclomaticComplexity="1" nPathComplexity="0" sequenceCoverage="0" branchCoverage="0" crapScore="2" isConstructor="true" isStatic="false" isGetter="false" isSetter="false">
              <Summary numSequencePoints="0" visitedSequencePoints="0" numBranchPoints="0" visitedBranchPoints="0" sequenceCoverage="0" branchCoverage="0" maxCyclomaticComplexity="1" minCyclomaticComplexity="1" maxCrapScore="2" minCrapScore="2" visitedClasses="0" numClasses="0" visitedMethods="0" numMethods="0" />
              <MetadataToken>100663300</MetadataToken>
              <Name>System.Void FirstCoreProject.test::.ctor()</Name>
              <SequencePoints />
              <BranchPoints />
              <MethodPoint vc="0" uspid="20" ordinal="0" offset="0" />
            </Method>
          </Methods>
        </Class>
      </Classes>
    </Module>
    <Module skippedDueTo="Filter" hash="11-BD-AB-7F-6E-AA-C3-FD-A9-8D-5E-5A-CE-32-BF-FB-C5-5C-9E-76">
      <ModulePath>C:\Program Files\dotnet\shared\Microsoft.NETCore.App\3.1.7\System.Runtime.dll</ModulePath>
      <ModuleTime>2020-07-21T15:34:38Z</ModuleTime>
      <ModuleName>System.Runtime</ModuleName>
      <Classes />
    </Module>
    <Module hash="52-15-18-C8-DB-61-35-98-9D-C1-90-61-54-AA-35-D2-0C-F3-1D-E4">
      <Summary numSequencePoints="7" visitedSequencePoints="6" numBranchPoints="3" visitedBranchPoints="2" sequenceCoverage="85.71" branchCoverage="66.67" maxCyclomaticComplexity="2" minCyclomaticComplexity="1" maxCrapScore="2.01" minCrapScore="2" visitedClasses="1" numClasses="1" visitedMethods="1" numMethods="1" />
      <ModulePath>C:\Users\kanverma\Documents\dotnet training\networkspace\FirstCoreProject\bin\Debug\netcoreapp3.1\FirstLib.dll</ModulePath>
      <ModuleTime>2020-09-11T10:29:40.2870544Z</ModuleTime>
      <ModuleName>FirstLib</ModuleName>
      <Files>
        <File uid="5" fullPath="C:\Users\kanverma\Documents\dotnet training\networkspace\FirstLib\Addition.cs" />
      </Files>
      <Classes>
        <Class>
          <Summary numSequencePoints="0" visitedSequencePoints="0" numBranchPoints="0" visitedBranchPoints="0" sequenceCoverage="0" branchCoverage="0" maxCyclomaticComplexity="0" minCyclomaticComplexity="0" maxCrapScore="0" minCrapScore="0" visitedClasses="0" numClasses="0" visitedMethods="0" numMethods="0" />
          <FullName>&lt;Module&gt;</FullName>
          <Methods />
        </Class>
        <Class>
          <Summary numSequencePoints="7" visitedSequencePoints="6" numBranchPoints="3" visitedBranchPoints="2" sequenceCoverage="85.71" branchCoverage="66.67" maxCyclomaticComplexity="2" minCyclomaticComplexity="1" maxCrapScore="2.01" minCrapScore="2" visitedClasses="1" numClasses="1" visitedMethods="1" numMethods="1" />
          <FullName>FirstLib.Addition</FullName>
          <Methods>
            <Method visited="true" cyclomaticComplexity="2" nPathComplexity="2" sequenceCoverage="85.71" branchCoverage="66.67" crapScore="2.01" isConstructor="false" isStatic="false" isGetter="false" isSetter="false">
              <Summary numSequencePoints="7" visitedSequencePoints="6" numBranchPoints="3" visitedBranchPoints="2" sequenceCoverage="85.71" branchCoverage="66.67" maxCyclomaticComplexity="2" minCyclomaticComplexity="2" maxCrapScore="2.01" minCrapScore="2.01" visitedClasses="0" numClasses="0" visitedMethods="1" numMethods="1" />
              <MetadataToken>100663297</MetadataToken>
              <Name>System.String FirstLib.Addition::display(System.Int32,System.Int32)</Name>
              <FileRef uid="5" />
              <SequencePoints>
                <SequencePoint vc="1" uspid="21" ordinal="0" offset="0" sl="7" sc="45" el="7" ec="46" bec="0" bev="0" fileid="5" />
                <SequencePoint vc="1" uspid="22" ordinal="1" offset="1" sl="8" sc="13" el="8" ec="56" bec="0" bev="0" fileid="5" />
                <SequencePoint vc="1" uspid="23" ordinal="2" offset="12" sl="15" sc="13" el="15" ec="27" bec="0" bev="0" fileid="5" />
                <SequencePoint vc="1" uspid="24" ordinal="3" offset="16" sl="17" sc="13" el="17" ec="23" bec="2" bev="1" fileid="5" />
                <SequencePoint vc="0" uspid="25" ordinal="4" offset="25" sl="18" sc="17" el="18" ec="42" bec="0" bev="0" fileid="5" />
                <SequencePoint vc="1" uspid="26" ordinal="5" offset="33" sl="21" sc="17" el="21" ec="39" bec="0" bev="0" fileid="5" />
                <SequencePoint vc="1" uspid="27" ordinal="6" offset="41" sl="22" sc="9" el="22" ec="10" bec="0" bev="0" fileid="5" />
              </SequencePoints>
              <BranchPoints>
                <BranchPoint vc="0" uspid="28" ordinal="0" offset="23" sl="17" path="0" offsetend="25" fileid="5" />
                <BranchPoint vc="1" uspid="29" ordinal="1" offset="23" sl="17" path="1" offsetend="33" fileid="5" />
              </BranchPoints>
              <MethodPoint xsi:type="SequencePoint" vc="1" uspid="21" ordinal="0" offset="0" sl="7" sc="45" el="7" ec="46" bec="0" bev="0" fileid="5" />
            </Method>
            <Method visited="false" cyclomaticComplexity="1" nPathComplexity="0" sequenceCoverage="0" branchCoverage="0" crapScore="2" isConstructor="true" isStatic="false" isGetter="false" isSetter="false">
              <Summary numSequencePoints="0" visitedSequencePoints="0" numBranchPoints="0" visitedBranchPoints="0" sequenceCoverage="0" branchCoverage="0" maxCyclomaticComplexity="1" minCyclomaticComplexity="1" maxCrapScore="2" minCrapScore="2" visitedClasses="0" numClasses="0" visitedMethods="0" numMethods="0" />
              <MetadataToken>100663298</MetadataToken>
              <Name>System.Void FirstLib.Addition::.ctor()</Name>
              <SequencePoints />
              <BranchPoints />
              <MethodPoint vc="0" uspid="30" ordinal="0" offset="0" />
            </Method>
          </Methods>
        </Class>
        <Class>
          <Summary numSequencePoints="0" visitedSequencePoints="0" numBranchPoints="0" visitedBranchPoints="0" sequenceCoverage="0" branchCoverage="0" maxCyclomaticComplexity="1" minCyclomaticComplexity="1" maxCrapScore="2" minCrapScore="2" visitedClasses="0" numClasses="0" visitedMethods="0" numMethods="0" />
          <FullName>FirstLib.Class1</FullName>
          <Methods>
            <Method visited="false" cyclomaticComplexity="1" nPathComplexity="0" sequenceCoverage="0" branchCoverage="0" crapScore="2" isConstructor="true" isStatic="false" isGetter="false" isSetter="false">
              <Summary numSequencePoints="0" visitedSequencePoints="0" numBranchPoints="0" visitedBranchPoints="0" sequenceCoverage="0" branchCoverage="0" maxCyclomaticComplexity="1" minCyclomaticComplexity="1" maxCrapScore="2" minCrapScore="2" visitedClasses="0" numClasses="0" visitedMethods="0" numMethods="0" />
              <MetadataToken>100663299</MetadataToken>
              <Name>System.Void FirstLib.Class1::.ctor()</Name>
              <SequencePoints />
              <BranchPoints />
              <MethodPoint vc="0" uspid="31" ordinal="0" offset="0" />
            </Method>
          </Methods>
        </Class>
      </Classes>
    </Module>
    <Module skippedDueTo="MissingPdb" hash="66-93-11-7A-5E-1B-B3-97-F1-C0-64-E7-98-60-FF-F1-CB-7B-87-ED">
      <ModulePath>C:\Program Files\dotnet\shared\Microsoft.NETCore.App\3.1.7\netstandard.dll</ModulePath>
      <ModuleTime>2020-07-21T15:35:04Z</ModuleTime>
      <ModuleName>netstandard</ModuleName>
      <Classes />
    </Module>
    <Module skippedDueTo="Filter" hash="69-F6-90-43-D2-94-19-97-9A-51-50-ED-91-CC-5B-D0-5C-19-6F-29">
      <ModulePath>C:\Program Files\dotnet\shared\Microsoft.NETCore.App\3.1.7\System.Console.dll</ModulePath>
      <ModuleTime>2020-07-21T15:35:08Z</ModuleTime>
      <ModuleName>System.Console</ModuleName>
      <Classes />
    </Module>
    <Module hash="76-6C-5B-F3-32-47-F5-D3-99-F4-10-87-3F-46-40-C3-5F-BC-88-5E">
      <Summary numSequencePoints="4403" visitedSequencePoints="232" numBranchPoints="3686" visitedBranchPoints="71" sequenceCoverage="5.27" branchCoverage="1.93" maxCyclomaticComplexity="37" minCyclomaticComplexity="0" maxCrapScore="1406" minCrapScore="0" visitedClasses="26" numClasses="179" visitedMethods="39" numMethods="1292" />
      <ModulePath>C:\Users\kanverma\Documents\dotnet training\networkspace\FirstCoreProject\bin\Debug\netcoreapp3.1\Humanizer.dll</ModulePath>
      <ModuleTime>2020-06-02T07:37:58Z</ModuleTime>
      <ModuleName>Humanizer</ModuleName>
      <Files>
        <File uid="7" fullPath="/_/src/Humanizer/obj/Release/netstandard2.0/Humanizer.Version.cs" />
        <File uid="8" fullPath="/_/src/Humanizer/ArticlePrefixSort.cs" />
        <File uid="9" fullPath="/_/src/Humanizer/Bytes/ByteSizeExtensions.cs" />
        <File uid="10" fullPath="/_/src/Humanizer/CasingExtensions.cs" />
        <File uid="11" fullPath="/_/src/Humanizer/CollectionHumanizeExtensions.cs" />
        <File uid="12" fullPath="/_/src/Humanizer/DateHumanizeExtensions.cs" />
        <File uid="13" fullPath="/_/src/Humanizer/DateToOrdinalWordsExtensions.cs" />
        <File uid="14" fullPath="/_/src/Humanizer/EnumDehumanizeExtensions.cs" />
        <File uid="16" fullPath="/_/src/Humanizer/EnumHumanizeExtensions.cs" />
        <File uid="19" fullPath="/_/src/Humanizer/FluentDate/In.cs" />
        <File uid="20" fullPath="/_/src/Humanizer/FluentDate/In.Months.cs" />
        <File uid="21" fullPath="/_/src/Humanizer/FluentDate/In.SomeTimeFrom.cs" />
        <File uid="31" fullPath="/_/src/Humanizer/FluentDate/On.Days.cs" />
        <File uid="43" fullPath="/_/src/Humanizer/FluentDate/PrepositionsExtensions.cs" />
        <File uid="44" fullPath="/_/src/Humanizer/HeadingExtensions.cs" />
        <File uid="45" fullPath="/_/src/Humanizer/InflectorExtensions.cs" />
        <File uid="47" fullPath="/_/src/Humanizer/MetricNumeralExtensions.cs" />
        <File uid="49" fullPath="/_/src/Humanizer/NoMatchFoundException.cs" />
        <File uid="50" fullPath="/_/src/Humanizer/NumberToNumberExtensions.cs" />
        <File uid="51" fullPath="/_/src/Humanizer/NumberToTimeSpanExtensions.cs" />
        <File uid="52" fullPath="/_/src/Humanizer/NumberToWordsExtension.cs" />
        <File uid="53" fullPath="/_/src/Humanizer/OrdinalizeExtensions.cs" />
        <File uid="54" fullPath="/_/src/Humanizer/RegexOptionsUtil.cs" />
        <File uid="55" fullPath="/_/src/Humanizer/RomanNumeralExtensions.cs" />
        <File uid="56" fullPath="/_/src/Humanizer/StringDehumanizeExtensions.cs" />
        <File uid="58" fullPath="/_/src/Humanizer/StringExtensions.cs" />
        <File uid="59" fullPath="/_/src/Humanizer/StringHumanizeExtensions.cs" />
        <File uid="61" fullPath="/_/src/Humanizer/TimeSpanHumanizeExtensions.cs" />
        <File uid="63" fullPath="/_/src/Humanizer/ToQuantityExtensions.cs" />
        <File uid="64" fullPath="/_/src/Humanizer/Transformer/To.cs" />
        <File uid="66" fullPath="/_/src/Humanizer/Transformer/ToLowerCase.cs" />
        <File uid="67" fullPath="/_/src/Humanizer/Transformer/ToSentenceCase.cs" />
        <File uid="68" fullPath="/_/src/Humanizer/Transformer/ToTitleCase.cs" />
        <File uid="69" fullPath="/_/src/Humanizer/Transformer/ToUpperCase.cs" />
        <File uid="70" fullPath="/_/src/Humanizer/TruncateExtensions.cs" />
        <File uid="71" fullPath="/_/src/Humanizer/Truncation/FixedLengthTruncator.cs" />
        <File uid="72" fullPath="/_/src/Humanizer/Truncation/FixedNumberOfCharactersTruncator.cs" />
        <File uid="73" fullPath="/_/src/Humanizer/Truncation/FixedNumberOfWordsTruncator.cs" />
        <File uid="74" fullPath="/_/src/Humanizer/Truncation/Truncator.cs" />
        <File uid="75" fullPath="/_/src/Humanizer/TupleizeExtensions.cs" />
        <File uid="76" fullPath="/_/src/Humanizer/Localisation/ResourceKeys.Common.cs" />
        <File uid="77" fullPath="/_/src/Humanizer/Localisation/ResourceKeys.DateHumanize.cs" />
        <File uid="78" fullPath="/_/src/Humanizer/Localisation/ResourceKeys.TimeSpanHumanize.cs" />
        <File uid="79" fullPath="/_/src/Humanizer/Localisation/Resources.cs" />
        <File uid="80" fullPath="/_/src/Humanizer/Localisation/Ordinalizers/ArmenianOrdinalizer.cs" />
        <File uid="81" fullPath="/_/src/Humanizer/Localisation/Ordinalizers/AzerbaijaniOrdinalizer.cs" />
        <File uid="82" fullPath="/_/src/Humanizer/Localisation/Ordinalizers/DefaultOrdinalizer.cs" />
        <File uid="83" fullPath="/_/src/Humanizer/Localisation/Ordinalizers/DutchOrdinalizer.cs" />
        <File uid="84" fullPath="/_/src/Humanizer/Localisation/Ordinalizers/EnglishOrdinalizer.cs" />
        <File uid="85" fullPath="/_/src/Humanizer/Localisation/Ordinalizers/FrenchOrdinalizer.cs" />
        <File uid="86" fullPath="/_/src/Humanizer/Localisation/Ordinalizers/GermanOrdinalizer.cs" />
        <File uid="87" fullPath="/_/src/Humanizer/Localisation/Ordinalizers/ItalianOrdinalizer.cs" />
        <File uid="88" fullPath="/_/src/Humanizer/Localisation/Ordinalizers/PortugueseOrdinalizer.cs" />
        <File uid="89" fullPath="/_/src/Humanizer/Localisation/Ordinalizers/RomanianOrdinalizer.cs" />
        <File uid="90" fullPath="/_/src/Humanizer/Localisation/Ordinalizers/RussianOrdinalizer.cs" />
        <File uid="91" fullPath="/_/src/Humanizer/Localisation/Ordinalizers/SpanishOrdinalizer.cs" />
        <File uid="92" fullPath="/_/src/Humanizer/Localisation/Ordinalizers/TurkishOrdinalizer.cs" />
        <File uid="93" fullPath="/_/src/Humanizer/Localisation/Ordinalizers/UkrainianOrdinalizer.cs" />
        <File uid="94" fullPath="/_/src/Humanizer/Localisation/NumberToWords/AfrikaansNumberToWordsConverter.cs" />
        <File uid="95" fullPath="/_/src/Humanizer/Localisation/NumberToWords/ArabicNumberToWordsConverter.cs" />
        <File uid="98" fullPath="/_/src/Humanizer/Localisation/NumberToWords/ArmenianNumberToWordsConverter.cs" />
        <File uid="99" fullPath="/_/src/Humanizer/Localisation/NumberToWords/AzerbaijaniNumberToWordsConverter.cs" />
        <File uid="100" fullPath="/_/src/Humanizer/Localisation/NumberToWords/BanglaNumberToWordsConverter.cs" />
        <File uid="101" fullPath="/_/src/Humanizer/Localisation/NumberToWords/BrazilianPortugueseNumberToWordsConverter.cs" />
        <File uid="102" fullPath="/_/src/Humanizer/Localisation/NumberToWords/BulgarianNumberToWordsConverter.cs" />
        <File uid="103" fullPath="/_/src/Humanizer/Localisation/NumberToWords/ChineseNumberToWordsConverter.cs" />
        <File uid="104" fullPath="/_/src/Humanizer/Localisation/NumberToWords/CroatianNumberToWordsConverter.cs" />
        <File uid="105" fullPath="/_/src/Humanizer/Localisation/NumberToWords/CzechNumberToWordsConverter.cs" />
        <File uid="106" fullPath="/_/src/Humanizer/Localisation/NumberToWords/DefaultNumberToWordsConverter.cs" />
        <File uid="107" fullPath="/_/src/Humanizer/Localisation/NumberToWords/DutchNumberToWordsConverter.cs" />
        <File uid="110" fullPath="/_/src/Humanizer/Localisation/NumberToWords/EnglishNumberToWordsConverter.cs" />
        <File uid="111" fullPath="/_/src/Humanizer/Localisation/NumberToWords/FarsiNumberToWordsConverter.cs" />
        <File uid="113" fullPath="/_/src/Humanizer/Localisation/NumberToWords/FinnishNumberToWordsConverter.cs" />
        <File uid="114" fullPath="/_/src/Humanizer/Localisation/NumberToWords/FrenchBelgianNumberToWordsConverter.cs" />
        <File uid="115" fullPath="/_/src/Humanizer/Localisation/NumberToWords/FrenchNumberToWordsConverter.cs" />
        <File uid="116" fullPath="/_/src/Humanizer/Localisation/NumberToWords/FrenchNumberToWordsConverterBase.cs" />
        <File uid="117" fullPath="/_/src/Humanizer/Localisation/NumberToWords/GenderedNumberToWordsConverter.cs" />
        <File uid="118" fullPath="/_/src/Humanizer/Localisation/NumberToWords/GenderlessNumberToWordsConverter.cs" />
        <File uid="119" fullPath="/_/src/Humanizer/Localisation/NumberToWords/GermanNumberToWordsConverterBase.cs" />
        <File uid="120" fullPath="/_/src/Humanizer/Localisation/NumberToWords/GermanSwissLiechtensteinNumberToWordsConverter.cs" />
        <File uid="121" fullPath="/_/src/Humanizer/Localisation/NumberToWords/HebrewNumberToWordsConverter.cs" />
        <File uid="123" fullPath="/_/src/Humanizer/Localisation/NumberToWords/ItalianNumberToWordsConverter.cs" />
        <File uid="124" fullPath="/_/src/Humanizer/Localisation/NumberToWords/MalteseNumberToWordsConvertor.cs" />
        <File uid="125" fullPath="/_/src/Humanizer/Localisation/NumberToWords/NorwegianBokmalNumberToWordsConverter.cs" />
        <File uid="126" fullPath="/_/src/Humanizer/Localisation/NumberToWords/PolishNumberToWordsConverter.cs" />
        <File uid="127" fullPath="/_/src/Humanizer/Localisation/NumberToWords/PortugueseNumberToWordsConverter.cs" />
        <File uid="128" fullPath="/_/src/Humanizer/Localisation/NumberToWords/RomanianNumberToWordsConverter.cs" />
        <File uid="129" fullPath="/_/src/Humanizer/Localisation/NumberToWords/RussianNumberToWordsConverter.cs" />
        <File uid="130" fullPath="/_/src/Humanizer/Localisation/NumberToWords/SerbianCyrlNumberToWordsConverter.cs" />
        <File uid="131" fullPath="/_/src/Humanizer/Localisation/NumberToWords/SerbianNumberToWordsConverter.cs" />
        <File uid="132" fullPath="/_/src/Humanizer/Localisation/NumberToWords/SlovenianNumberToWordsConverter.cs" />
        <File uid="133" fullPath="/_/src/Humanizer/Localisation/NumberToWords/SpanishNumberToWordsConverter.cs" />
        <File uid="134" fullPath="/_/src/Humanizer/Localisation/NumberToWords/SwedishNumberToWordsConverter.cs" />
        <File uid="136" fullPath="/_/src/Humanizer/Localisation/NumberToWords/TurkishNumberToWordConverter.cs" />
        <File uid="137" fullPath="/_/src/Humanizer/Localisation/NumberToWords/UkrainianNumberToWordsConverter.cs" />
        <File uid="138" fullPath="/_/src/Humanizer/Localisation/NumberToWords/UzbekCyrlNumberToWordConverter.cs" />
        <File uid="139" fullPath="/_/src/Humanizer/Localisation/NumberToWords/UzbekLatnNumberToWordConverter.cs" />
        <File uid="140" fullPath="/_/src/Humanizer/Localisation/NumberToWords/VietnameseNumberToWordsConverter.cs" />
        <File uid="141" fullPath="/_/src/Humanizer/Localisation/NumberToWords/Romanian/RomanianCardinalNumberConverter.cs" />
        <File uid="142" fullPath="/_/src/Humanizer/Localisation/NumberToWords/Romanian/RomanianOrdinalNumberConverter.cs" />
        <File uid="143" fullPath="/_/src/Humanizer/Localisation/NumberToWords/Italian/ItalianCardinalNumberCruncher.cs" />
        <File uid="144" fullPath="/_/src/Humanizer/Localisation/NumberToWords/Italian/ItalianOrdinalNumberCruncher.cs" />
        <File uid="145" fullPath="/_/src/Humanizer/Localisation/GrammaticalNumber/RussianGrammaticalNumberDetector.cs" />
        <File uid="146" fullPath="/_/src/Humanizer/Localisation/Formatters/ArabicFormatter.cs" />
        <File uid="147" fullPath="/_/src/Humanizer/Localisation/Formatters/CroatianFormatter.cs" />
        <File uid="148" fullPath="/_/src/Humanizer/Localisation/Formatters/CzechSlovakPolishFormatter.cs" />
        <File uid="149" fullPath="/_/src/Humanizer/Localisation/Formatters/DefaultFormatter.cs" />
        <File uid="150" fullPath="/_/src/Humanizer/Localisation/Formatters/FrenchFormatter.cs" />
        <File uid="151" fullPath="/_/src/Humanizer/Localisation/Formatters/HebrewFormatter.cs" />
        <File uid="152" fullPath="/_/src/Humanizer/Localisation/Formatters/MalteseFormatter.cs" />
        <File uid="153" fullPath="/_/src/Humanizer/Localisation/Formatters/RomanianFormatter.cs" />
        <File uid="154" fullPath="/_/src/Humanizer/Localisation/Formatters/RussianFormatter.cs" />
        <File uid="155" fullPath="/_/src/Humanizer/Localisation/Formatters/SerbianFormatter.cs" />
        <File uid="156" fullPath="/_/src/Humanizer/Localisation/Formatters/SlovenianFormatter.cs" />
        <File uid="157" fullPath="/_/src/Humanizer/Localisation/Formatters/UkrainianFormatter.cs" />
        <File uid="158" fullPath="/_/src/Humanizer/Localisation/DateToOrdinalWords/DefaultDateToOrdinalWordConverter.cs" />
        <File uid="159" fullPath="/_/src/Humanizer/Localisation/DateToOrdinalWords/UsDateToOrdinalWordsConverter.cs" />
        <File uid="160" fullPath="/_/src/Humanizer/Localisation/CollectionFormatters/DefaultCollectionFormatter.cs" />
        <File uid="165" fullPath="/_/src/Humanizer/Localisation/CollectionFormatters/OxfordStyleCollectionFormatter.cs" />
        <File uid="166" fullPath="/_/src/Humanizer/Inflections/Vocabularies.cs" />
        <File uid="167" fullPath="/_/src/Humanizer/Inflections/Vocabulary.cs" />
        <File uid="169" fullPath="/_/src/Humanizer/DateTimeHumanizeStrategy/DateTimeHumanizeAlgorithms.cs" />
        <File uid="170" fullPath="/_/src/Humanizer/DateTimeHumanizeStrategy/DefaultDateTimeHumanizeStrategy.cs" />
        <File uid="171" fullPath="/_/src/Humanizer/DateTimeHumanizeStrategy/DefaultDateTimeOffsetHumanizeStrategy.cs" />
        <File uid="172" fullPath="/_/src/Humanizer/DateTimeHumanizeStrategy/PrecisionDateTimeHumanizeStrategy.cs" />
        <File uid="173" fullPath="/_/src/Humanizer/DateTimeHumanizeStrategy/PrecisionDateTimeOffsetHumanizeStrategy.cs" />
        <File uid="174" fullPath="/_/src/Humanizer/Configuration/CollectionFormatterRegistry.cs" />
        <File uid="175" fullPath="/_/src/Humanizer/Configuration/Configurator.cs" />
        <File uid="177" fullPath="/_/src/Humanizer/Configuration/DateToOrdinalWordsConverterRegistry.cs" />
        <File uid="178" fullPath="/_/src/Humanizer/Configuration/FormatterRegistry.cs" />
        <File uid="179" fullPath="/_/src/Humanizer/Configuration/LocaliserRegistry.cs" />
        <File uid="182" fullPath="/_/src/Humanizer/Configuration/NumberToWordsConverterRegistry.cs" />
        <File uid="184" fullPath="/_/src/Humanizer/Configuration/OrdinalizerRegistry.cs" />
        <File uid="185" fullPath="/_/src/Humanizer/Bytes/ByteRate.cs" />
        <File uid="186" fullPath="/_/src/Humanizer/Bytes/ByteSize.cs" />
      </Files>
      <Classes>
        <Class>
          <Summary numSequencePoints="0" visitedSequencePoints="0" numBranchPoints="0" visitedBranchPoints="0" sequenceCoverage="0" branchCoverage="0" maxCyclomaticComplexity="0" minCyclomaticComplexity="0" maxCrapScore="0" minCrapScore="0" visitedClasses="0" numClasses="0" visitedMethods="0" numMethods="0" />
          <FullName>&lt;Module&gt;</FullName>
          <Methods />
        </Class>
        <Class>
          <Summary numSequencePoints="0" visitedSequencePoints="0" numBranchPoints="0" visitedBranchPoints="0" sequenceCoverage="0" branchCoverage="0" maxCyclomaticComplexity="1" minCyclomaticComplexity="1" maxCrapScore="2" minCrapScore="2" visitedClasses="0" numClasses="0" visitedMethods="0" numMethods="0" />
          <FullName>Microsoft.CodeAnalysis.EmbeddedAttribute</FullName>
          <Methods>
            <Method visited="false" cyclomaticComplexity="1" nPathComplexity="0" sequenceCoverage="0" branchCoverage="0" crapScore="2" isConstructor="true" isStatic="false" isGetter="false" isSetter="false">
              <Summary numSequencePoints="0" visitedSequencePoints="0" numBranchPoints="0" visitedBranchPoints="0" sequenceCoverage="0" branchCoverage="0" maxCyclomaticComplexity="1" minCyclomaticComplexity="1" maxCrapScore="2" minCrapScore="2" visitedClasses="0" numClasses="0" visitedMethods="0" numMethods="0" />
              <MetadataToken>100663297</MetadataToken>
              <Name>System.Void Microsoft.CodeAnalysis.EmbeddedAttribute::.ctor()</Name>
              <SequencePoints />
              <BranchPoints />
              <MethodPoint vc="0" uspid="32" ordinal="0" offset="0" />
            </Method>
          </Methods>
        </Class>
        <Class>
          <Summary numSequencePoints="0" visitedSequencePoints="0" numBranchPoints="0" visitedBranchPoints="0" sequenceCoverage="0" branchCoverage="0" maxCyclomaticComplexity="1" minCyclomaticComplexity="1" maxCrapScore="2" minCrapScore="2" visitedClasses="0" numClasses="0" visitedMethods="0" numMethods="0" />
          <FullName>System.Runtime.CompilerServices.IsReadOnlyAttribute</FullName>
          <Methods>
            <Method visited="false" cyclomaticComplexity="1" nPathComplexity="0" sequenceCoverage="0" branchCoverage="0" crapScore="2" isConstructor="true" isStatic="false" isGetter="false" isSetter="false">
              <Summary numSequencePoints="0" visitedSequencePoints="0" numBranchPoints="0" visitedBranchPoints="0" sequenceCoverage="0" branchCoverage="0" maxCyclomaticComplexity="1" minCyclomaticComplexity="1" maxCrapScore="2" minCrapScore="2" visitedClasses="0" numClasses="0" visitedMethods="0" numMethods="0" />
              <MetadataToken>100663298</MetadataToken>
              <Name>System.Void System.Runtime.CompilerServices.IsReadOnlyAttribute::.ctor()</Name>
              <SequencePoints />
              <BranchPoints />
              <MethodPoint vc="0" uspid="33" ordinal="0" offset="0" />
            </Method>
          </Methods>
        </Class>
        <Class>
          <Summary numSequencePoints="1" visitedSequencePoints="0" numBranchPoints="1" visitedBranchPoints="0" sequenceCoverage="0" branchCoverage="0" maxCyclomaticComplexity="1" minCyclomaticComplexity="1" maxCrapScore="2" minCrapScore="2" visitedClasses="0" numClasses="1" visitedMethods="0" numMethods="1" />
          <FullName>ThisAssembly</FullName>
          <Methods>
            <Method visited="false" cyclomaticComplexity="1" nPathComplexity="0" sequenceCoverage="0" branchCoverage="0" crapScore="2" isConstructor="true" isStatic="true" isGetter="false" isSetter="false">
              <Summary numSequencePoints="1" visitedSequencePoints="0" numBranchPoints="1" visitedBranchPoints="0" sequenceCoverage="0" branchCoverage="0" maxCyclomaticComplexity="1" minCyclomaticComplexity="1" maxCrapScore="2" minCrapScore="2" visitedClasses="0" numClasses="0" visitedMethods="0" numMethods="1" />
              <MetadataToken>100663299</MetadataToken>
              <Name>System.Void ThisAssembly::.cctor()</Name>
              <FileRef uid="7" />
              <SequencePoints>
                <SequencePoint vc="0" uspid="34" ordinal="0" offset="0" sl="32" sc="5" el="32" ec="128" bec="0" bev="0" fileid="7" />
              </SequencePoints>
              <BranchPoints />
              <MethodPoint xsi:type="SequencePoint" vc="0" uspid="34" ordinal="0" offset="0" sl="32" sc="5" el="32" ec="128" bec="0" bev="0" fileid="7" />
            </Method>
          </Methods>
        </Class>
        <Class>
          <Summary numSequencePoints="55" visitedSequencePoints="0" numBranchPoints="23" visitedBranchPoints="0" sequenceCoverage="0" branchCoverage="0" maxCyclomaticComplexity="8" minCyclomaticComplexity="1" maxCrapScore="72" minCrapScore="2" visitedClasses="0" numClasses="1" visitedMethods="0" numMethods="3" />
          <FullName>Humanizer.EnglishArticle</FullName>
          <Methods>
            <Method visited="false" cyclomaticComplexity="4" nPathComplexity="8" sequenceCoverage="0" branchCoverage="0" crapScore="20" isConstructor="false" isStatic="true" isGetter="false" isSetter="false">
              <Summary numSequencePoints="16" visitedSequencePoints="0" numBranchPoints="7" visitedBranchPoints="0" sequenceCoverage="0" branchCoverage="0" maxCyclomaticComplexity="4" minCyclomaticComplexity="4" maxCrapScore="20" minCrapScore="20" visitedClasses="0" numClasses="0" visitedMethods="0" numMethods="1" />
              <MetadataToken>100663300</MetadataToken>
              <Name>System.String[] Humanizer.EnglishArticle::AppendArticlePrefix(System.String[])</Name>
              <FileRef uid="8" />
              <SequencePoints>
                <SequencePoint vc="0" uspid="35" ordinal="0" offset="0" sl="18" sc="13" el="18" ec="35" bec="2" bev="0" fileid="8" />
                <SequencePoint vc="0" uspid="36" ordinal="1" offset="4" sl="20" sc="17" el="20" ec="70" bec="0" bev="0" fileid="8" />
                <SequencePoint vc="0" uspid="37" ordinal="2" offset="15" sl="23" sc="13" el="23" ec="78" bec="0" bev="0" fileid="8" />
                <SequencePoint vc="0" uspid="38" ordinal="3" offset="26" sl="24" sc="13" el="24" ec="56" bec="0" bev="0" fileid="8" />
                <SequencePoint vc="0" uspid="39" ordinal="4" offset="35" sl="26" sc="18" el="26" ec="27" bec="0" bev="0" fileid="8" />
                <SequencePoint vc="0" uspid="40" ordinal="5" offset="39" sl="28" sc="17" el="28" ec="45" bec="2" bev="0" fileid="8" />
                <SequencePoint vc="0" uspid="41" ordinal="6" offset="50" sl="30" sc="21" el="30" ec="113" bec="0" bev="0" fileid="8" />
                <SequencePoint vc="0" uspid="42" ordinal="7" offset="74" sl="31" sc="21" el="31" ec="110" bec="0" bev="0" fileid="8" />
                <SequencePoint vc="0" uspid="43" ordinal="8" offset="97" sl="32" sc="21" el="32" ec="59" bec="0" bev="0" fileid="8" />
                <SequencePoint vc="0" uspid="44" ordinal="9" offset="110" sl="33" sc="21" el="33" ec="54" bec="0" bev="0" fileid="8" />
                <SequencePoint vc="0" uspid="45" ordinal="10" offset="120" sl="34" sc="17" el="34" ec="18" bec="0" bev="0" fileid="8" />
                <SequencePoint vc="0" uspid="46" ordinal="11" offset="122" sl="37" sc="21" el="37" ec="54" bec="0" bev="0" fileid="8" />
                <SequencePoint vc="0" uspid="47" ordinal="12" offset="133" sl="26" sc="47" el="26" ec="50" bec="0" bev="0" fileid="8" />
                <SequencePoint vc="0" uspid="48" ordinal="13" offset="137" sl="26" sc="29" el="26" ec="45" bec="2" bev="0" fileid="8" />
                <SequencePoint vc="0" uspid="49" ordinal="14" offset="143" sl="40" sc="13" el="40" ec="37" bec="0" bev="0" fileid="8" />
                <SequencePoint vc="0" uspid="50" ordinal="15" offset="149" sl="41" sc="13" el="41" ec="32" bec="0" bev="0" fileid="8" />
              </SequencePoints>
              <BranchPoints>
                <BranchPoint vc="0" uspid="51" ordinal="0" offset="2" sl="18" path="0" offsetend="4" fileid="8" />
                <BranchPoint vc="0" uspid="52" ordinal="1" offset="2" sl="18" path="1" offsetend="15" fileid="8" />
                <BranchPoint vc="0" uspid="53" ordinal="2" offset="48" sl="28" path="0" offsetend="50" fileid="8" />
                <BranchPoint vc="0" uspid="54" ordinal="3" offset="48" sl="28" path="1" offsetend="122" fileid="8" />
                <BranchPoint vc="0" uspid="55" ordinal="4" offset="141" sl="26" path="0" offsetend="143" fileid="8" />
                <BranchPoint vc="0" uspid="56" ordinal="5" offset="141" sl="26" path="1" offsetend="39" fileid="8" />
              </BranchPoints>
              <MethodPoint xsi:type="SequencePoint" vc="0" uspid="35" ordinal="0" offset="0" sl="18" sc="13" el="18" ec="35" bec="2" bev="0" fileid="8" />
            </Method>
            <Method visited="false" cyclomaticComplexity="8" nPathComplexity="128" sequenceCoverage="0" branchCoverage="0" crapScore="72" isConstructor="false" isStatic="true" isGetter="false" isSetter="false">
              <Summary numSequencePoints="36" visitedSequencePoints="0" numBranchPoints="15" visitedBranchPoints="0" sequenceCoverage="0" branchCoverage="0" maxCyclomaticComplexity="8" minCyclomaticComplexity="8" maxCrapScore="72" minCrapScore="72" visitedClasses="0" numClasses="0" visitedMethods="0" numMethods="1" />
              <MetadataToken>100663301</MetadataToken>
              <Name>System.String[] Humanizer.EnglishArticle::PrependArticleSuffix(System.String[])</Name>
              <FileRef uid="8" />
              <SequencePoints>
                <SequencePoint vc="0" uspid="57" ordinal="0" offset="0" sl="51" sc="13" el="51" ec="56" bec="0" bev="0" fileid="8" />
                <SequencePoint vc="0" uspid="58" ordinal="1" offset="9" sl="53" sc="18" el="53" ec="27" bec="0" bev="0" fileid="8" />
                <SequencePoint vc="0" uspid="59" ordinal="2" offset="16" sl="57" sc="17" el="57" ec="74" bec="2" bev="0" fileid="8" />
                <SequencePoint vc="0" uspid="60" ordinal="3" offset="42" sl="59" sc="21" el="59" ec="114" bec="0" bev="0" fileid="8" />
                <SequencePoint vc="0" uspid="61" ordinal="4" offset="65" sl="60" sc="21" el="60" ec="70" bec="0" bev="0" fileid="8" />
                <SequencePoint vc="0" uspid="62" ordinal="5" offset="74" sl="61" sc="21" el="61" ec="44" bec="0" bev="0" fileid="8" />
                <SequencePoint vc="0" uspid="63" ordinal="6" offset="78" sl="62" sc="17" el="62" ec="18" bec="0" bev="0" fileid="8" />
                <SequencePoint vc="0" uspid="64" ordinal="7" offset="83" sl="63" sc="22" el="63" ec="77" bec="2" bev="0" fileid="8" />
                <SequencePoint vc="0" uspid="65" ordinal="8" offset="109" sl="65" sc="21" el="65" ec="112" bec="0" bev="0" fileid="8" />
                <SequencePoint vc="0" uspid="66" ordinal="9" offset="132" sl="66" sc="21" el="66" ec="70" bec="0" bev="0" fileid="8" />
                <SequencePoint vc="0" uspid="67" ordinal="10" offset="141" sl="67" sc="21" el="67" ec="44" bec="0" bev="0" fileid="8" />
                <SequencePoint vc="0" uspid="68" ordinal="11" offset="145" sl="68" sc="17" el="68" ec="18" bec="0" bev="0" fileid="8" />
                <SequencePoint vc="0" uspid="69" ordinal="12" offset="150" sl="69" sc="22" el="69" ec="78" bec="2" bev="0" fileid="8" />
                <SequencePoint vc="0" uspid="70" ordinal="13" offset="176" sl="71" sc="21" el="71" ec="113" bec="0" bev="0" fileid="8" />
                <SequencePoint vc="0" uspid="71" ordinal="14" offset="199" sl="72" sc="21" el="72" ec="70" bec="0" bev="0" fileid="8" />
                <SequencePoint vc="0" uspid="72" ordinal="15" offset="208" sl="73" sc="21" el="73" ec="44" bec="0" bev="0" fileid="8" />
                <SequencePoint vc="0" uspid="73" ordinal="16" offset="212" sl="74" sc="17" el="74" ec="18" bec="0" bev="0" fileid="8" />
                <SequencePoint vc="0" uspid="74" ordinal="17" offset="217" sl="75" sc="22" el="75" ec="96" bec="2" bev="0" fileid="8" />
                <SequencePoint vc="0" uspid="75" ordinal="18" offset="248" sl="77" sc="21" el="77" ec="112" bec="0" bev="0" fileid="8" />
                <SequencePoint vc="0" uspid="76" ordinal="19" offset="271" sl="78" sc="21" el="78" ec="70" bec="0" bev="0" fileid="8" />
                <SequencePoint vc="0" uspid="77" ordinal="20" offset="280" sl="79" sc="21" el="79" ec="44" bec="0" bev="0" fileid="8" />
                <SequencePoint vc="0" uspid="78" ordinal="21" offset="284" sl="80" sc="17" el="80" ec="18" bec="0" bev="0" fileid="8" />
                <SequencePoint vc="0" uspid="79" ordinal="22" offset="289" sl="81" sc="22" el="81" ec="97" bec="2" bev="0" fileid="8" />
                <SequencePoint vc="0" uspid="80" ordinal="23" offset="320" sl="83" sc="21" el="83" ec="113" bec="0" bev="0" fileid="8" />
                <SequencePoint vc="0" uspid="81" ordinal="24" offset="343" sl="84" sc="21" el="84" ec="70" bec="0" bev="0" fileid="8" />
                <SequencePoint vc="0" uspid="82" ordinal="25" offset="352" sl="85" sc="21" el="85" ec="44" bec="0" bev="0" fileid="8" />
                <SequencePoint vc="0" uspid="83" ordinal="26" offset="356" sl="86" sc="17" el="86" ec="18" bec="0" bev="0" fileid="8" />
                <SequencePoint vc="0" uspid="84" ordinal="27" offset="358" sl="87" sc="22" el="87" ec="98" bec="2" bev="0" fileid="8" />
                <SequencePoint vc="0" uspid="85" ordinal="28" offset="389" sl="89" sc="21" el="89" ec="114" bec="0" bev="0" fileid="8" />
                <SequencePoint vc="0" uspid="86" ordinal="29" offset="412" sl="90" sc="21" el="90" ec="70" bec="0" bev="0" fileid="8" />
                <SequencePoint vc="0" uspid="87" ordinal="30" offset="421" sl="91" sc="21" el="91" ec="44" bec="0" bev="0" fileid="8" />
                <SequencePoint vc="0" uspid="88" ordinal="31" offset="425" sl="92" sc="17" el="92" ec="18" bec="0" bev="0" fileid="8" />
                <SequencePoint vc="0" uspid="89" ordinal="32" offset="427" sl="95" sc="21" el="95" ec="47" bec="0" bev="0" fileid="8" />
                <SequencePoint vc="0" uspid="90" ordinal="33" offset="433" sl="53" sc="50" el="53" ec="53" bec="0" bev="0" fileid="8" />
                <SequencePoint vc="0" uspid="91" ordinal="34" offset="437" sl="53" sc="29" el="53" ec="48" bec="2" bev="0" fileid="8" />
                <SequencePoint vc="0" uspid="92" ordinal="35" offset="446" sl="98" sc="13" el="98" ec="29" bec="0" bev="0" fileid="8" />
              </SequencePoints>
              <BranchPoints>
                <BranchPoint vc="0" uspid="93" ordinal="0" offset="40" sl="57" path="0" offsetend="42" fileid="8" />
                <BranchPoint vc="0" uspid="94" ordinal="1" offset="40" sl="57" path="1" offsetend="83" fileid="8" />
                <BranchPoint vc="0" uspid="95" ordinal="2" offset="107" sl="63" path="0" offsetend="109" fileid="8" />
                <BranchPoint vc="0" uspid="96" ordinal="3" offset="107" sl="63" path="1" offsetend="150" fileid="8" />
                <BranchPoint vc="0" uspid="97" ordinal="4" offset="174" sl="69" path="0" offsetend="176" fileid="8" />
                <BranchPoint vc="0" uspid="98" ordinal="5" offset="174" sl="69" path="1" offsetend="217" fileid="8" />
                <BranchPoint vc="0" uspid="99" ordinal="6" offset="246" sl="75" path="0" offsetend="248" fileid="8" />
                <BranchPoint vc="0" uspid="100" ordinal="7" offset="246" sl="75" path="1" offsetend="289" fileid="8" />
                <BranchPoint vc="0" uspid="101" ordinal="8" offset="318" sl="81" path="0" offsetend="320" fileid="8" />
                <BranchPoint vc="0" uspid="102" ordinal="9" offset="318" sl="81" path="1" offsetend="358" fileid="8" />
                <BranchPoint vc="0" uspid="103" ordinal="10" offset="387" sl="87" path="0" offsetend="389" fileid="8" />
                <BranchPoint vc="0" uspid="104" ordinal="11" offset="387" sl="87" path="1" offsetend="427" fileid="8" />
                <BranchPoint vc="0" uspid="105" ordinal="12" offset="441" sl="53" path="0" offsetend="446" fileid="8" />
                <BranchPoint vc="0" uspid="106" ordinal="13" offset="441" sl="53" path="1" offsetend="16" fileid="8" />
              </BranchPoints>
              <MethodPoint xsi:type="SequencePoint" vc="0" uspid="57" ordinal="0" offset="0" sl="51" sc="13" el="51" ec="56" bec="0" bev="0" fileid="8" />
            </Method>
            <Method visited="false" cyclomaticComplexity="1" nPathComplexity="0" sequenceCoverage="0" branchCoverage="0" crapScore="2" isConstructor="false" isStatic="true" isGetter="false" isSetter="false">
              <Summary numSequencePoints="3" visitedSequencePoints="0" numBranchPoints="1" visitedBranchPoints="0" sequenceCoverage="0" branchCoverage="0" maxCyclomaticComplexity="1" minCyclomaticComplexity="1" maxCrapScore="2" minCrapScore="2" visitedClasses="0" numClasses="0" visitedMethods="0" numMethods="1" />
              <MetadataToken>100663302</MetadataToken>
              <Name>System.String Humanizer.EnglishArticle::ToOriginalFormat(System.String[],System.String,System.Int32)</Name>
              <FileRef uid="8" />
              <SequencePoints>
                <SequencePoint vc="0" uspid="107" ordinal="0" offset="0" sl="103" sc="13" el="103" ec="110" bec="0" bev="0" fileid="8" />
                <SequencePoint vc="0" uspid="108" ordinal="1" offset="19" sl="104" sc="13" el="104" ec="52" bec="0" bev="0" fileid="8" />
                <SequencePoint vc="0" uspid="109" ordinal="2" offset="31" sl="105" sc="13" el="105" ec="36" bec="0" bev="0" fileid="8" />
              </SequencePoints>
              <BranchPoints />
              <MethodPoint xsi:type="SequencePoint" vc="0" uspid="107" ordinal="0" offset="0" sl="103" sc="13" el="103" ec="110" bec="0" bev="0" fileid="8" />
            </Method>
          </Methods>
        </Class>
        <Class>
          <Summary numSequencePoints="51" visitedSequencePoints="0" numBranchPoints="55" visitedBranchPoints="0" sequenceCoverage="0" branchCoverage="0" maxCyclomaticComplexity="2" minCyclomaticComplexity="1" maxCrapScore="6" minCrapScore="2" visitedClasses="0" numClasses="1" visitedMethods="0" numMethods="51" />
          <FullName>Humanizer.ByteSizeExtensions</FullName>
          <Methods>
            <Method visited="false" cyclomaticComplexity="1" nPathComplexity="0" sequenceCoverage="0" branchCoverage="0" crapScore="2" isConstructor="false" isStatic="true" isGetter="false" isSetter="false">
              <Summary numSequencePoints="1" visitedSequencePoints="0" numBranchPoints="1" visitedBranchPoints="0" sequenceCoverage="0" branchCoverage="0" maxCyclomaticComplexity="1" minCyclomaticComplexity="1" maxCrapScore="2" minCrapScore="2" visitedClasses="0" numClasses="0" visitedMethods="0" numMethods="1" />
              <MetadataToken>100663303</MetadataToken>
              <Name>Humanizer.Bytes.ByteSize Humanizer.ByteSizeExtensions::Bits(System.Byte)</Name>
              <FileRef uid="9" />
              <SequencePoints>
                <SequencePoint vc="0" uspid="110" ordinal="0" offset="0" sl="19" sc="13" el="19" ec="45" bec="0" bev="0" fileid="9" />
              </SequencePoints>
              <BranchPoints />
              <MethodPoint xsi:type="SequencePoint" vc="0" uspid="110" ordinal="0" offset="0" sl="19" sc="13" el="19" ec="45" bec="0" bev="0" fileid="9" />
            </Method>
            <Method visited="false" cyclomaticComplexity="1" nPathComplexity="0" sequenceCoverage="0" branchCoverage="0" crapScore="2" isConstructor="false" isStatic="true" isGetter="false" isSetter="false">
              <Summary numSequencePoints="1" visitedSequencePoints="0" numBranchPoints="1" visitedBranchPoints="0" sequenceCoverage="0" branchCoverage="0" maxCyclomaticComplexity="1" minCyclomaticComplexity="1" maxCrapScore="2" minCrapScore="2" visitedClasses="0" numClasses="0" visitedMethods="0" numMethods="1" />
              <MetadataToken>100663304</MetadataToken>
              <Name>Humanizer.Bytes.ByteSize Humanizer.ByteSizeExtensions::Bits(System.SByte)</Name>
              <FileRef uid="9" />
              <SequencePoints>
                <SequencePoint vc="0" uspid="111" ordinal="0" offset="0" sl="29" sc="13" el="29" ec="45" bec="0" bev="0" fileid="9" />
              </SequencePoints>
              <BranchPoints />
              <MethodPoint xsi:type="SequencePoint" vc="0" uspid="111" ordinal="0" offset="0" sl="29" sc="13" el="29" ec="45" bec="0" bev="0" fileid="9" />
            </Method>
            <Method visited="false" cyclomaticComplexity="1" nPathComplexity="0" sequenceCoverage="0" branchCoverage="0" crapScore="2" isConstructor="false" isStatic="true" isGetter="false" isSetter="false">
              <Summary numSequencePoints="1" visitedSequencePoints="0" numBranchPoints="1" visitedBranchPoints="0" sequenceCoverage="0" branchCoverage="0" maxCyclomaticComplexity="1" minCyclomaticComplexity="1" maxCrapScore="2" minCrapScore="2" visitedClasses="0" numClasses="0" visitedMethods="0" numMethods="1" />
              <MetadataToken>100663305</MetadataToken>
              <Name>Humanizer.Bytes.ByteSize Humanizer.ByteSizeExtensions::Bits(System.Int16)</Name>
              <FileRef uid="9" />
              <SequencePoints>
                <SequencePoint vc="0" uspid="112" ordinal="0" offset="0" sl="39" sc="13" el="39" ec="45" bec="0" bev="0" fileid="9" />
              </SequencePoints>
              <BranchPoints />
              <MethodPoint xsi:type="SequencePoint" vc="0" uspid="112" ordinal="0" offset="0" sl="39" sc="13" el="39" ec="45" bec="0" bev="0" fileid="9" />
            </Method>
            <Method visited="false" cyclomaticComplexity="1" nPathComplexity="0" sequenceCoverage="0" branchCoverage="0" crapScore="2" isConstructor="false" isStatic="true" isGetter="false" isSetter="false">
              <Summary numSequencePoints="1" visitedSequencePoints="0" numBranchPoints="1" visitedBranchPoints="0" sequenceCoverage="0" branchCoverage="0" maxCyclomaticComplexity="1" minCyclomaticComplexity="1" maxCrapScore="2" minCrapScore="2" visitedClasses="0" numClasses="0" visitedMethods="0" numMethods="1" />
              <MetadataToken>100663306</MetadataToken>
              <Name>Humanizer.Bytes.ByteSize Humanizer.ByteSizeExtensions::Bits(System.UInt16)</Name>
              <FileRef uid="9" />
              <SequencePoints>
                <SequencePoint vc="0" uspid="113" ordinal="0" offset="0" sl="49" sc="13" el="49" ec="45" bec="0" bev="0" fileid="9" />
              </SequencePoints>
              <BranchPoints />
              <MethodPoint xsi:type="SequencePoint" vc="0" uspid="113" ordinal="0" offset="0" sl="49" sc="13" el="49" ec="45" bec="0" bev="0" fileid="9" />
            </Method>
            <Method visited="false" cyclomaticComplexity="1" nPathComplexity="0" sequenceCoverage="0" branchCoverage="0" crapScore="2" isConstructor="false" isStatic="true" isGetter="false" isSetter="false">
              <Summary numSequencePoints="1" visitedSequencePoints="0" numBranchPoints="1" visitedBranchPoints="0" sequenceCoverage="0" branchCoverage="0" maxCyclomaticComplexity="1" minCyclomaticComplexity="1" maxCrapScore="2" minCrapScore="2" visitedClasses="0" numClasses="0" visitedMethods="0" numMethods="1" />
              <MetadataToken>100663307</MetadataToken>
              <Name>Humanizer.Bytes.ByteSize Humanizer.ByteSizeExtensions::Bits(System.Int32)</Name>
              <FileRef uid="9" />
              <SequencePoints>
                <SequencePoint vc="0" uspid="114" ordinal="0" offset="0" sl="59" sc="13" el="59" ec="45" bec="0" bev="0" fileid="9" />
              </SequencePoints>
              <BranchPoints />
              <MethodPoint xsi:type="SequencePoint" vc="0" uspid="114" ordinal="0" offset="0" sl="59" sc="13" el="59" ec="45" bec="0" bev="0" fileid="9" />
            </Method>
            <Method visited="false" cyclomaticComplexity="1" nPathComplexity="0" sequenceCoverage="0" branchCoverage="0" crapScore="2" isConstructor="false" isStatic="true" isGetter="false" isSetter="false">
              <Summary numSequencePoints="1" visitedSequencePoints="0" numBranchPoints="1" visitedBranchPoints="0" sequenceCoverage="0" branchCoverage="0" maxCyclomaticComplexity="1" minCyclomaticComplexity="1" maxCrapScore="2" minCrapScore="2" visitedClasses="0" numClasses="0" visitedMethods="0" numMethods="1" />
              <MetadataToken>100663308</MetadataToken>
              <Name>Humanizer.Bytes.ByteSize Humanizer.ByteSizeExtensions::Bits(System.UInt32)</Name>
              <FileRef uid="9" />
              <SequencePoints>
                <SequencePoint vc="0" uspid="115" ordinal="0" offset="0" sl="69" sc="13" el="69" ec="45" bec="0" bev="0" fileid="9" />
              </SequencePoints>
              <BranchPoints />
              <MethodPoint xsi:type="SequencePoint" vc="0" uspid="115" ordinal="0" offset="0" sl="69" sc="13" el="69" ec="45" bec="0" bev="0" fileid="9" />
            </Method>
            <Method visited="false" cyclomaticComplexity="1" nPathComplexity="0" sequenceCoverage="0" branchCoverage="0" crapScore="2" isConstructor="false" isStatic="true" isGetter="false" isSetter="false">
              <Summary numSequencePoints="1" visitedSequencePoints="0" numBranchPoints="1" visitedBranchPoints="0" sequenceCoverage="0" branchCoverage="0" maxCyclomaticComplexity="1" minCyclomaticComplexity="1" maxCrapScore="2" minCrapScore="2" visitedClasses="0" numClasses="0" visitedMethods="0" numMethods="1" />
              <MetadataToken>100663309</MetadataToken>
              <Name>Humanizer.Bytes.ByteSize Humanizer.ByteSizeExtensions::Bits(System.Int64)</Name>
              <FileRef uid="9" />
              <SequencePoints>
                <SequencePoint vc="0" uspid="116" ordinal="0" offset="0" sl="79" sc="13" el="79" ec="45" bec="0" bev="0" fileid="9" />
              </SequencePoints>
              <BranchPoints />
              <MethodPoint xsi:type="SequencePoint" vc="0" uspid="116" ordinal="0" offset="0" sl="79" sc="13" el="79" ec="45" bec="0" bev="0" fileid="9" />
            </Method>
            <Method visited="false" cyclomaticComplexity="1" nPathComplexity="0" sequenceCoverage="0" branchCoverage="0" crapScore="2" isConstructor="false" isStatic="true" isGetter="false" isSetter="false">
              <Summary numSequencePoints="1" visitedSequencePoints="0" numBranchPoints="1" visitedBranchPoints="0" sequenceCoverage="0" branchCoverage="0" maxCyclomaticComplexity="1" minCyclomaticComplexity="1" maxCrapScore="2" minCrapScore="2" visitedClasses="0" numClasses="0" visitedMethods="0" numMethods="1" />
              <MetadataToken>100663310</MetadataToken>
              <Name>Humanizer.Bytes.ByteSize Humanizer.ByteSizeExtensions::Bytes(System.Byte)</Name>
              <FileRef uid="9" />
              <SequencePoints>
                <SequencePoint vc="0" uspid="117" ordinal="0" offset="0" sl="89" sc="13" el="89" ec="46" bec="0" bev="0" fileid="9" />
              </SequencePoints>
              <BranchPoints />
              <MethodPoint xsi:type="SequencePoint" vc="0" uspid="117" ordinal="0" offset="0" sl="89" sc="13" el="89" ec="46" bec="0" bev="0" fileid="9" />
            </Method>
            <Method visited="false" cyclomaticComplexity="1" nPathComplexity="0" sequenceCoverage="0" branchCoverage="0" crapScore="2" isConstructor="false" isStatic="true" isGetter="false" isSetter="false">
              <Summary numSequencePoints="1" visitedSequencePoints="0" numBranchPoints="1" visitedBranchPoints="0" sequenceCoverage="0" branchCoverage="0" maxCyclomaticComplexity="1" minCyclomaticComplexity="1" maxCrapScore="2" minCrapScore="2" visitedClasses="0" numClasses="0" visitedMethods="0" numMethods="1" />
              <MetadataToken>100663311</MetadataToken>
              <Name>Humanizer.Bytes.ByteSize Humanizer.ByteSizeExtensions::Bytes(System.SByte)</Name>
              <FileRef uid="9" />
              <SequencePoints>
                <SequencePoint vc="0" uspid="118" ordinal="0" offset="0" sl="99" sc="13" el="99" ec="46" bec="0" bev="0" fileid="9" />
              </SequencePoints>
              <BranchPoints />
              <MethodPoint xsi:type="SequencePoint" vc="0" uspid="118" ordinal="0" offset="0" sl="99" sc="13" el="99" ec="46" bec="0" bev="0" fileid="9" />
            </Method>
            <Method visited="false" cyclomaticComplexity="1" nPathComplexity="0" sequenceCoverage="0" branchCoverage="0" crapScore="2" isConstructor="false" isStatic="true" isGetter="false" isSetter="false">
              <Summary numSequencePoints="1" visitedSequencePoints="0" numBranchPoints="1" visitedBranchPoints="0" sequenceCoverage="0" branchCoverage="0" maxCyclomaticComplexity="1" minCyclomaticComplexity="1" maxCrapScore="2" minCrapScore="2" visitedClasses="0" numClasses="0" visitedMethods="0" numMethods="1" />
              <MetadataToken>100663312</MetadataToken>
              <Name>Humanizer.Bytes.ByteSize Humanizer.ByteSizeExtensions::Bytes(System.Int16)</Name>
              <FileRef uid="9" />
              <SequencePoints>
                <SequencePoint vc="0" uspid="119" ordinal="0" offset="0" sl="109" sc="13" el="109" ec="46" bec="0" bev="0" fileid="9" />
              </SequencePoints>
              <BranchPoints />
              <MethodPoint xsi:type="SequencePoint" vc="0" uspid="119" ordinal="0" offset="0" sl="109" sc="13" el="109" ec="46" bec="0" bev="0" fileid="9" />
            </Method>
            <Method visited="false" cyclomaticComplexity="1" nPathComplexity="0" sequenceCoverage="0" branchCoverage="0" crapScore="2" isConstructor="false" isStatic="true" isGetter="false" isSetter="false">
              <Summary numSequencePoints="1" visitedSequencePoints="0" numBranchPoints="1" visitedBranchPoints="0" sequenceCoverage="0" branchCoverage="0" maxCyclomaticComplexity="1" minCyclomaticComplexity="1" maxCrapScore="2" minCrapScore="2" visitedClasses="0" numClasses="0" visitedMethods="0" numMethods="1" />
              <MetadataToken>100663313</MetadataToken>
              <Name>Humanizer.Bytes.ByteSize Humanizer.ByteSizeExtensions::Bytes(System.UInt16)</Name>
              <FileRef uid="9" />
              <SequencePoints>
                <SequencePoint vc="0" uspid="120" ordinal="0" offset="0" sl="119" sc="13" el="119" ec="46" bec="0" bev="0" fileid="9" />
              </SequencePoints>
              <BranchPoints />
              <MethodPoint xsi:type="SequencePoint" vc="0" uspid="120" ordinal="0" offset="0" sl="119" sc="13" el="119" ec="46" bec="0" bev="0" fileid="9" />
            </Method>
            <Method visited="false" cyclomaticComplexity="1" nPathComplexity="0" sequenceCoverage="0" branchCoverage="0" crapScore="2" isConstructor="false" isStatic="true" isGetter="false" isSetter="false">
              <Summary numSequencePoints="1" visitedSequencePoints="0" numBranchPoints="1" visitedBranchPoints="0" sequenceCoverage="0" branchCoverage="0" maxCyclomaticComplexity="1" minCyclomaticComplexity="1" maxCrapScore="2" minCrapScore="2" visitedClasses="0" numClasses="0" visitedMethods="0" numMethods="1" />
              <MetadataToken>100663314</MetadataToken>
              <Name>Humanizer.Bytes.ByteSize Humanizer.ByteSizeExtensions::Bytes(System.Int32)</Name>
              <FileRef uid="9" />
              <SequencePoints>
                <SequencePoint vc="0" uspid="121" ordinal="0" offset="0" sl="129" sc="13" el="129" ec="46" bec="0" bev="0" fileid="9" />
              </SequencePoints>
              <BranchPoints />
              <MethodPoint xsi:type="SequencePoint" vc="0" uspid="121" ordinal="0" offset="0" sl="129" sc="13" el="129" ec="46" bec="0" bev="0" fileid="9" />
            </Method>
            <Method visited="false" cyclomaticComplexity="1" nPathComplexity="0" sequenceCoverage="0" branchCoverage="0" crapScore="2" isConstructor="false" isStatic="true" isGetter="false" isSetter="false">
              <Summary numSequencePoints="1" visitedSequencePoints="0" numBranchPoints="1" visitedBranchPoints="0" sequenceCoverage="0" branchCoverage="0" maxCyclomaticComplexity="1" minCyclomaticComplexity="1" maxCrapScore="2" minCrapScore="2" visitedClasses="0" numClasses="0" visitedMethods="0" numMethods="1" />
              <MetadataToken>100663315</MetadataToken>
              <Name>Humanizer.Bytes.ByteSize Humanizer.ByteSizeExtensions::Bytes(System.UInt32)</Name>
              <FileRef uid="9" />
              <SequencePoints>
                <SequencePoint vc="0" uspid="122" ordinal="0" offset="0" sl="139" sc="13" el="139" ec="46" bec="0" bev="0" fileid="9" />
              </SequencePoints>
              <BranchPoints />
              <MethodPoint xsi:type="SequencePoint" vc="0" uspid="122" ordinal="0" offset="0" sl="139" sc="13" el="139" ec="46" bec="0" bev="0" fileid="9" />
            </Method>
            <Method visited="false" cyclomaticComplexity="1" nPathComplexity="0" sequenceCoverage="0" branchCoverage="0" crapScore="2" isConstructor="false" isStatic="true" isGetter="false" isSetter="false">
              <Summary numSequencePoints="1" visitedSequencePoints="0" numBranchPoints="1" visitedBranchPoints="0" sequenceCoverage="0" branchCoverage="0" maxCyclomaticComplexity="1" minCyclomaticComplexity="1" maxCrapScore="2" minCrapScore="2" visitedClasses="0" numClasses="0" visitedMethods="0" numMethods="1" />
              <MetadataToken>100663316</MetadataToken>
              <Name>Humanizer.Bytes.ByteSize Humanizer.ByteSizeExtensions::Bytes(System.Double)</Name>
              <FileRef uid="9" />
              <SequencePoints>
                <SequencePoint vc="0" uspid="123" ordinal="0" offset="0" sl="149" sc="13" el="149" ec="46" bec="0" bev="0" fileid="9" />
              </SequencePoints>
              <BranchPoints />
              <MethodPoint xsi:type="SequencePoint" vc="0" uspid="123" ordinal="0" offset="0" sl="149" sc="13" el="149" ec="46" bec="0" bev="0" fileid="9" />
            </Method>
            <Method visited="false" cyclomaticComplexity="1" nPathComplexity="0" sequenceCoverage="0" branchCoverage="0" crapScore="2" isConstructor="false" isStatic="true" isGetter="false" isSetter="false">
              <Summary numSequencePoints="1" visitedSequencePoints="0" numBranchPoints="1" visitedBranchPoints="0" sequenceCoverage="0" branchCoverage="0" maxCyclomaticComplexity="1" minCyclomaticComplexity="1" maxCrapScore="2" minCrapScore="2" visitedClasses="0" numClasses="0" visitedMethods="0" numMethods="1" />
              <MetadataToken>100663317</MetadataToken>
              <Name>Humanizer.Bytes.ByteSize Humanizer.ByteSizeExtensions::Bytes(System.Int64)</Name>
              <FileRef uid="9" />
              <SequencePoints>
                <SequencePoint vc="0" uspid="124" ordinal="0" offset="0" sl="159" sc="13" el="159" ec="46" bec="0" bev="0" fileid="9" />
              </SequencePoints>
              <BranchPoints />
              <MethodPoint xsi:type="SequencePoint" vc="0" uspid="124" ordinal="0" offset="0" sl="159" sc="13" el="159" ec="46" bec="0" bev="0" fileid="9" />
            </Method>
            <Method visited="false" cyclomaticComplexity="1" nPathComplexity="0" sequenceCoverage="0" branchCoverage="0" crapScore="2" isConstructor="false" isStatic="true" isGetter="false" isSetter="false">
              <Summary numSequencePoints="1" visitedSequencePoints="0" numBranchPoints="1" visitedBranchPoints="0" sequenceCoverage="0" branchCoverage="0" maxCyclomaticComplexity="1" minCyclomaticComplexity="1" maxCrapScore="2" minCrapScore="2" visitedClasses="0" numClasses="0" visitedMethods="0" numMethods="1" />
              <MetadataToken>100663318</MetadataToken>
              <Name>Humanizer.Bytes.ByteSize Humanizer.ByteSizeExtensions::Kilobytes(System.Byte)</Name>
              <FileRef uid="9" />
              <SequencePoints>
                <SequencePoint vc="0" uspid="125" ordinal="0" offset="0" sl="169" sc="13" el="169" ec="50" bec="0" bev="0" fileid="9" />
              </SequencePoints>
              <BranchPoints />
              <MethodPoint xsi:type="SequencePoint" vc="0" uspid="125" ordinal="0" offset="0" sl="169" sc="13" el="169" ec="50" bec="0" bev="0" fileid="9" />
            </Method>
            <Method visited="false" cyclomaticComplexity="1" nPathComplexity="0" sequenceCoverage="0" branchCoverage="0" crapScore="2" isConstructor="false" isStatic="true" isGetter="false" isSetter="false">
              <Summary numSequencePoints="1" visitedSequencePoints="0" numBranchPoints="1" visitedBranchPoints="0" sequenceCoverage="0" branchCoverage="0" maxCyclomaticComplexity="1" minCyclomaticComplexity="1" maxCrapScore="2" minCrapScore="2" visitedClasses="0" numClasses="0" visitedMethods="0" numMethods="1" />
              <MetadataToken>100663319</MetadataToken>
              <Name>Humanizer.Bytes.ByteSize Humanizer.ByteSizeExtensions::Kilobytes(System.SByte)</Name>
              <FileRef uid="9" />
              <SequencePoints>
                <SequencePoint vc="0" uspid="126" ordinal="0" offset="0" sl="179" sc="13" el="179" ec="50" bec="0" bev="0" fileid="9" />
              </SequencePoints>
              <BranchPoints />
              <MethodPoint xsi:type="SequencePoint" vc="0" uspid="126" ordinal="0" offset="0" sl="179" sc="13" el="179" ec="50" bec="0" bev="0" fileid="9" />
            </Method>
            <Method visited="false" cyclomaticComplexity="1" nPathComplexity="0" sequenceCoverage="0" branchCoverage="0" crapScore="2" isConstructor="false" isStatic="true" isGetter="false" isSetter="false">
              <Summary numSequencePoints="1" visitedSequencePoints="0" numBranchPoints="1" visitedBranchPoints="0" sequenceCoverage="0" branchCoverage="0" maxCyclomaticComplexity="1" minCyclomaticComplexity="1" maxCrapScore="2" minCrapScore="2" visitedClasses="0" numClasses="0" visitedMethods="0" numMethods="1" />
              <MetadataToken>100663320</MetadataToken>
              <Name>Humanizer.Bytes.ByteSize Humanizer.ByteSizeExtensions::Kilobytes(System.Int16)</Name>
              <FileRef uid="9" />
              <SequencePoints>
                <SequencePoint vc="0" uspid="127" ordinal="0" offset="0" sl="189" sc="13" el="189" ec="50" bec="0" bev="0" fileid="9" />
              </SequencePoints>
              <BranchPoints />
              <MethodPoint xsi:type="SequencePoint" vc="0" uspid="127" ordinal="0" offset="0" sl="189" sc="13" el="189" ec="50" bec="0" bev="0" fileid="9" />
            </Method>
            <Method visited="false" cyclomaticComplexity="1" nPathComplexity="0" sequenceCoverage="0" branchCoverage="0" crapScore="2" isConstructor="false" isStatic="true" isGetter="false" isSetter="false">
              <Summary numSequencePoints="1" visitedSequencePoints="0" numBranchPoints="1" visitedBranchPoints="0" sequenceCoverage="0" branchCoverage="0" maxCyclomaticComplexity="1" minCyclomaticComplexity="1" maxCrapScore="2" minCrapScore="2" visitedClasses="0" numClasses="0" visitedMethods="0" numMethods="1" />
              <MetadataToken>100663321</MetadataToken>
              <Name>Humanizer.Bytes.ByteSize Humanizer.ByteSizeExtensions::Kilobytes(System.UInt16)</Name>
              <FileRef uid="9" />
              <SequencePoints>
                <SequencePoint vc="0" uspid="128" ordinal="0" offset="0" sl="199" sc="13" el="199" ec="50" bec="0" bev="0" fileid="9" />
              </SequencePoints>
              <BranchPoints />
              <MethodPoint xsi:type="SequencePoint" vc="0" uspid="128" ordinal="0" offset="0" sl="199" sc="13" el="199" ec="50" bec="0" bev="0" fileid="9" />
            </Method>
            <Method visited="false" cyclomaticComplexity="1" nPathComplexity="0" sequenceCoverage="0" branchCoverage="0" crapScore="2" isConstructor="false" isStatic="true" isGetter="false" isSetter="false">
              <Summary numSequencePoints="1" visitedSequencePoints="0" numBranchPoints="1" visitedBranchPoints="0" sequenceCoverage="0" branchCoverage="0" maxCyclomaticComplexity="1" minCyclomaticComplexity="1" maxCrapScore="2" minCrapScore="2" visitedClasses="0" numClasses="0" visitedMethods="0" numMethods="1" />
              <MetadataToken>100663322</MetadataToken>
              <Name>Humanizer.Bytes.ByteSize Humanizer.ByteSizeExtensions::Kilobytes(System.Int32)</Name>
              <FileRef uid="9" />
              <SequencePoints>
                <SequencePoint vc="0" uspid="129" ordinal="0" offset="0" sl="209" sc="13" el="209" ec="50" bec="0" bev="0" fileid="9" />
              </SequencePoints>
              <BranchPoints />
              <MethodPoint xsi:type="SequencePoint" vc="0" uspid="129" ordinal="0" offset="0" sl="209" sc="13" el="209" ec="50" bec="0" bev="0" fileid="9" />
            </Method>
            <Method visited="false" cyclomaticComplexity="1" nPathComplexity="0" sequenceCoverage="0" branchCoverage="0" crapScore="2" isConstructor="false" isStatic="true" isGetter="false" isSetter="false">
              <Summary numSequencePoints="1" visitedSequencePoints="0" numBranchPoints="1" visitedBranchPoints="0" sequenceCoverage="0" branchCoverage="0" maxCyclomaticComplexity="1" minCyclomaticComplexity="1" maxCrapScore="2" minCrapScore="2" visitedClasses="0" numClasses="0" visitedMethods="0" numMethods="1" />
              <MetadataToken>100663323</MetadataToken>
              <Name>Humanizer.Bytes.ByteSize Humanizer.ByteSizeExtensions::Kilobytes(System.UInt32)</Name>
              <FileRef uid="9" />
              <SequencePoints>
                <SequencePoint vc="0" uspid="130" ordinal="0" offset="0" sl="219" sc="13" el="219" ec="50" bec="0" bev="0" fileid="9" />
              </SequencePoints>
              <BranchPoints />
              <MethodPoint xsi:type="SequencePoint" vc="0" uspid="130" ordinal="0" offset="0" sl="219" sc="13" el="219" ec="50" bec="0" bev="0" fileid="9" />
            </Method>
            <Method visited="false" cyclomaticComplexity="1" nPathComplexity="0" sequenceCoverage="0" branchCoverage="0" crapScore="2" isConstructor="false" isStatic="true" isGetter="false" isSetter="false">
              <Summary numSequencePoints="1" visitedSequencePoints="0" numBranchPoints="1" visitedBranchPoints="0" sequenceCoverage="0" branchCoverage="0" maxCyclomaticComplexity="1" minCyclomaticComplexity="1" maxCrapScore="2" minCrapScore="2" visitedClasses="0" numClasses="0" visitedMethods="0" numMethods="1" />
              <MetadataToken>100663324</MetadataToken>
              <Name>Humanizer.Bytes.ByteSize Humanizer.ByteSizeExtensions::Kilobytes(System.Double)</Name>
              <FileRef uid="9" />
              <SequencePoints>
                <SequencePoint vc="0" uspid="131" ordinal="0" offset="0" sl="229" sc="13" el="229" ec="50" bec="0" bev="0" fileid="9" />
              </SequencePoints>
              <BranchPoints />
              <MethodPoint xsi:type="SequencePoint" vc="0" uspid="131" ordinal="0" offset="0" sl="229" sc="13" el="229" ec="50" bec="0" bev="0" fileid="9" />
            </Method>
            <Method visited="false" cyclomaticComplexity="1" nPathComplexity="0" sequenceCoverage="0" branchCoverage="0" crapScore="2" isConstructor="false" isStatic="true" isGetter="false" isSetter="false">
              <Summary numSequencePoints="1" visitedSequencePoints="0" numBranchPoints="1" visitedBranchPoints="0" sequenceCoverage="0" branchCoverage="0" maxCyclomaticComplexity="1" minCyclomaticComplexity="1" maxCrapScore="2" minCrapScore="2" visitedClasses="0" numClasses="0" visitedMethods="0" numMethods="1" />
              <MetadataToken>100663325</MetadataToken>
              <Name>Humanizer.Bytes.ByteSize Humanizer.ByteSizeExtensions::Kilobytes(System.Int64)</Name>
              <FileRef uid="9" />
              <SequencePoints>
                <SequencePoint vc="0" uspid="132" ordinal="0" offset="0" sl="239" sc="13" el="239" ec="50" bec="0" bev="0" fileid="9" />
              </SequencePoints>
              <BranchPoints />
              <MethodPoint xsi:type="SequencePoint" vc="0" uspid="132" ordinal="0" offset="0" sl="239" sc="13" el="239" ec="50" bec="0" bev="0" fileid="9" />
            </Method>
            <Method visited="false" cyclomaticComplexity="1" nPathComplexity="0" sequenceCoverage="0" branchCoverage="0" crapScore="2" isConstructor="false" isStatic="true" isGetter="false" isSetter="false">
              <Summary numSequencePoints="1" visitedSequencePoints="0" numBranchPoints="1" visitedBranchPoints="0" sequenceCoverage="0" branchCoverage="0" maxCyclomaticComplexity="1" minCyclomaticComplexity="1" maxCrapScore="2" minCrapScore="2" visitedClasses="0" numClasses="0" visitedMethods="0" numMethods="1" />
              <MetadataToken>100663326</MetadataToken>
              <Name>Humanizer.Bytes.ByteSize Humanizer.ByteSizeExtensions::Megabytes(System.Byte)</Name>
              <FileRef uid="9" />
              <SequencePoints>
                <SequencePoint vc="0" uspid="133" ordinal="0" offset="0" sl="249" sc="13" el="249" ec="50" bec="0" bev="0" fileid="9" />
              </SequencePoints>
              <BranchPoints />
              <MethodPoint xsi:type="SequencePoint" vc="0" uspid="133" ordinal="0" offset="0" sl="249" sc="13" el="249" ec="50" bec="0" bev="0" fileid="9" />
            </Method>
            <Method visited="false" cyclomaticComplexity="1" nPathComplexity="0" sequenceCoverage="0" branchCoverage="0" crapScore="2" isConstructor="false" isStatic="true" isGetter="false" isSetter="false">
              <Summary numSequencePoints="1" visitedSequencePoints="0" numBranchPoints="1" visitedBranchPoints="0" sequenceCoverage="0" branchCoverage="0" maxCyclomaticComplexity="1" minCyclomaticComplexity="1" maxCrapScore="2" minCrapScore="2" visitedClasses="0" numClasses="0" visitedMethods="0" numMethods="1" />
              <MetadataToken>100663327</MetadataToken>
              <Name>Humanizer.Bytes.ByteSize Humanizer.ByteSizeExtensions::Megabytes(System.SByte)</Name>
              <FileRef uid="9" />
              <SequencePoints>
                <SequencePoint vc="0" uspid="134" ordinal="0" offset="0" sl="259" sc="13" el="259" ec="50" bec="0" bev="0" fileid="9" />
              </SequencePoints>
              <BranchPoints />
              <MethodPoint xsi:type="SequencePoint" vc="0" uspid="134" ordinal="0" offset="0" sl="259" sc="13" el="259" ec="50" bec="0" bev="0" fileid="9" />
            </Method>
            <Method visited="false" cyclomaticComplexity="1" nPathComplexity="0" sequenceCoverage="0" branchCoverage="0" crapScore="2" isConstructor="false" isStatic="true" isGetter="false" isSetter="false">
              <Summary numSequencePoints="1" visitedSequencePoints="0" numBranchPoints="1" visitedBranchPoints="0" sequenceCoverage="0" branchCoverage="0" maxCyclomaticComplexity="1" minCyclomaticComplexity="1" maxCrapScore="2" minCrapScore="2" visitedClasses="0" numClasses="0" visitedMethods="0" numMethods="1" />
              <MetadataToken>100663328</MetadataToken>
              <Name>Humanizer.Bytes.ByteSize Humanizer.ByteSizeExtensions::Megabytes(System.Int16)</Name>
              <FileRef uid="9" />
              <SequencePoints>
                <SequencePoint vc="0" uspid="135" ordinal="0" offset="0" sl="269" sc="13" el="269" ec="50" bec="0" bev="0" fileid="9" />
              </SequencePoints>
              <BranchPoints />
              <MethodPoint xsi:type="SequencePoint" vc="0" uspid="135" ordinal="0" offset="0" sl="269" sc="13" el="269" ec="50" bec="0" bev="0" fileid="9" />
            </Method>
            <Method visited="false" cyclomaticComplexity="1" nPathComplexity="0" sequenceCoverage="0" branchCoverage="0" crapScore="2" isConstructor="false" isStatic="true" isGetter="false" isSetter="false">
              <Summary numSequencePoints="1" visitedSequencePoints="0" numBranchPoints="1" visitedBranchPoints="0" sequenceCoverage="0" branchCoverage="0" maxCyclomaticComplexity="1" minCyclomaticComplexity="1" maxCrapScore="2" minCrapScore="2" visitedClasses="0" numClasses="0" visitedMethods="0" numMethods="1" />
              <MetadataToken>100663329</MetadataToken>
              <Name>Humanizer.Bytes.ByteSize Humanizer.ByteSizeExtensions::Megabytes(System.UInt16)</Name>
              <FileRef uid="9" />
              <SequencePoints>
                <SequencePoint vc="0" uspid="136" ordinal="0" offset="0" sl="279" sc="13" el="279" ec="50" bec="0" bev="0" fileid="9" />
              </SequencePoints>
              <BranchPoints />
              <MethodPoint xsi:type="SequencePoint" vc="0" uspid="136" ordinal="0" offset="0" sl="279" sc="13" el="279" ec="50" bec="0" bev="0" fileid="9" />
            </Method>
            <Method visited="false" cyclomaticComplexity="1" nPathComplexity="0" sequenceCoverage="0" branchCoverage="0" crapScore="2" isConstructor="false" isStatic="true" isGetter="false" isSetter="false">
              <Summary numSequencePoints="1" visitedSequencePoints="0" numBranchPoints="1" visitedBranchPoints="0" sequenceCoverage="0" branchCoverage="0" maxCyclomaticComplexity="1" minCyclomaticComplexity="1" maxCrapScore="2" minCrapScore="2" visitedClasses="0" numClasses="0" visitedMethods="0" numMethods="1" />
              <MetadataToken>100663330</MetadataToken>
              <Name>Humanizer.Bytes.ByteSize Humanizer.ByteSizeExtensions::Megabytes(System.Int32)</Name>
              <FileRef uid="9" />
              <SequencePoints>
                <SequencePoint vc="0" uspid="137" ordinal="0" offset="0" sl="289" sc="13" el="289" ec="50" bec="0" bev="0" fileid="9" />
              </SequencePoints>
              <BranchPoints />
              <MethodPoint xsi:type="SequencePoint" vc="0" uspid="137" ordinal="0" offset="0" sl="289" sc="13" el="289" ec="50" bec="0" bev="0" fileid="9" />
            </Method>
            <Method visited="false" cyclomaticComplexity="1" nPathComplexity="0" sequenceCoverage="0" branchCoverage="0" crapScore="2" isConstructor="false" isStatic="true" isGetter="false" isSetter="false">
              <Summary numSequencePoints="1" visitedSequencePoints="0" numBranchPoints="1" visitedBranchPoints="0" sequenceCoverage="0" branchCoverage="0" maxCyclomaticComplexity="1" minCyclomaticComplexity="1" maxCrapScore="2" minCrapScore="2" visitedClasses="0" numClasses="0" visitedMethods="0" numMethods="1" />
              <MetadataToken>100663331</MetadataToken>
              <Name>Humanizer.Bytes.ByteSize Humanizer.ByteSizeExtensions::Megabytes(System.UInt32)</Name>
              <FileRef uid="9" />
              <SequencePoints>
                <SequencePoint vc="0" uspid="138" ordinal="0" offset="0" sl="299" sc="13" el="299" ec="50" bec="0" bev="0" fileid="9" />
              </SequencePoints>
              <BranchPoints />
              <MethodPoint xsi:type="SequencePoint" vc="0" uspid="138" ordinal="0" offset="0" sl="299" sc="13" el="299" ec="50" bec="0" bev="0" fileid="9" />
            </Method>
            <Method visited="false" cyclomaticComplexity="1" nPathComplexity="0" sequenceCoverage="0" branchCoverage="0" crapScore="2" isConstructor="false" isStatic="true" isGetter="false" isSetter="false">
              <Summary numSequencePoints="1" visitedSequencePoints="0" numBranchPoints="1" visitedBranchPoints="0" sequenceCoverage="0" branchCoverage="0" maxCyclomaticComplexity="1" minCyclomaticComplexity="1" maxCrapScore="2" minCrapScore="2" visitedClasses="0" numClasses="0" visitedMethods="0" numMethods="1" />
              <MetadataToken>100663332</MetadataToken>
              <Name>Humanizer.Bytes.ByteSize Humanizer.ByteSizeExtensions::Megabytes(System.Double)</Name>
              <FileRef uid="9" />
              <SequencePoints>
                <SequencePoint vc="0" uspid="139" ordinal="0" offset="0" sl="309" sc="13" el="309" ec="50" bec="0" bev="0" fileid="9" />
              </SequencePoints>
              <BranchPoints />
              <MethodPoint xsi:type="SequencePoint" vc="0" uspid="139" ordinal="0" offset="0" sl="309" sc="13" el="309" ec="50" bec="0" bev="0" fileid="9" />
            </Method>
            <Method visited="false" cyclomaticComplexity="1" nPathComplexity="0" sequenceCoverage="0" branchCoverage="0" crapScore="2" isConstructor="false" isStatic="true" isGetter="false" isSetter="false">
              <Summary numSequencePoints="1" visitedSequencePoints="0" numBranchPoints="1" visitedBranchPoints="0" sequenceCoverage="0" branchCoverage="0" maxCyclomaticComplexity="1" minCyclomaticComplexity="1" maxCrapScore="2" minCrapScore="2" visitedClasses="0" numClasses="0" visitedMethods="0" numMethods="1" />
              <MetadataToken>100663333</MetadataToken>
              <Name>Humanizer.Bytes.ByteSize Humanizer.ByteSizeExtensions::Megabytes(System.Int64)</Name>
              <FileRef uid="9" />
              <SequencePoints>
                <SequencePoint vc="0" uspid="140" ordinal="0" offset="0" sl="319" sc="13" el="319" ec="50" bec="0" bev="0" fileid="9" />
              </SequencePoints>
              <BranchPoints />
              <MethodPoint xsi:type="SequencePoint" vc="0" uspid="140" ordinal="0" offset="0" sl="319" sc="13" el="319" ec="50" bec="0" bev="0" fileid="9" />
            </Method>
            <Method visited="false" cyclomaticComplexity="1" nPathComplexity="0" sequenceCoverage="0" branchCoverage="0" crapScore="2" isConstructor="false" isStatic="true" isGetter="false" isSetter="false">
              <Summary numSequencePoints="1" visitedSequencePoints="0" numBranchPoints="1" visitedBranchPoints="0" sequenceCoverage="0" branchCoverage="0" maxCyclomaticComplexity="1" minCyclomaticComplexity="1" maxCrapScore="2" minCrapScore="2" visitedClasses="0" numClasses="0" visitedMethods="0" numMethods="1" />
              <MetadataToken>100663334</MetadataToken>
              <Name>Humanizer.Bytes.ByteSize Humanizer.ByteSizeExtensions::Gigabytes(System.Byte)</Name>
              <FileRef uid="9" />
              <SequencePoints>
                <SequencePoint vc="0" uspid="141" ordinal="0" offset="0" sl="329" sc="13" el="329" ec="50" bec="0" bev="0" fileid="9" />
              </SequencePoints>
              <BranchPoints />
              <MethodPoint xsi:type="SequencePoint" vc="0" uspid="141" ordinal="0" offset="0" sl="329" sc="13" el="329" ec="50" bec="0" bev="0" fileid="9" />
            </Method>
            <Method visited="false" cyclomaticComplexity="1" nPathComplexity="0" sequenceCoverage="0" branchCoverage="0" crapScore="2" isConstructor="false" isStatic="true" isGetter="false" isSetter="false">
              <Summary numSequencePoints="1" visitedSequencePoints="0" numBranchPoints="1" visitedBranchPoints="0" sequenceCoverage="0" branchCoverage="0" maxCyclomaticComplexity="1" minCyclomaticComplexity="1" maxCrapScore="2" minCrapScore="2" visitedClasses="0" numClasses="0" visitedMethods="0" numMethods="1" />
              <MetadataToken>100663335</MetadataToken>
              <Name>Humanizer.Bytes.ByteSize Humanizer.ByteSizeExtensions::Gigabytes(System.SByte)</Name>
              <FileRef uid="9" />
              <SequencePoints>
                <SequencePoint vc="0" uspid="142" ordinal="0" offset="0" sl="339" sc="13" el="339" ec="50" bec="0" bev="0" fileid="9" />
              </SequencePoints>
              <BranchPoints />
              <MethodPoint xsi:type="SequencePoint" vc="0" uspid="142" ordinal="0" offset="0" sl="339" sc="13" el="339" ec="50" bec="0" bev="0" fileid="9" />
            </Method>
            <Method visited="false" cyclomaticComplexity="1" nPathComplexity="0" sequenceCoverage="0" branchCoverage="0" crapScore="2" isConstructor="false" isStatic="true" isGetter="false" isSetter="false">
              <Summary numSequencePoints="1" visitedSequencePoints="0" numBranchPoints="1" visitedBranchPoints="0" sequenceCoverage="0" branchCoverage="0" maxCyclomaticComplexity="1" minCyclomaticComplexity="1" maxCrapScore="2" minCrapScore="2" visitedClasses="0" numClasses="0" visitedMethods="0" numMethods="1" />
              <MetadataToken>100663336</MetadataToken>
              <Name>Humanizer.Bytes.ByteSize Humanizer.ByteSizeExtensions::Gigabytes(System.Int16)</Name>
              <FileRef uid="9" />
              <SequencePoints>
                <SequencePoint vc="0" uspid="143" ordinal="0" offset="0" sl="349" sc="13" el="349" ec="50" bec="0" bev="0" fileid="9" />
              </SequencePoints>
              <BranchPoints />
              <MethodPoint xsi:type="SequencePoint" vc="0" uspid="143" ordinal="0" offset="0" sl="349" sc="13" el="349" ec="50" bec="0" bev="0" fileid="9" />
            </Method>
            <Method visited="false" cyclomaticComplexity="1" nPathComplexity="0" sequenceCoverage="0" branchCoverage="0" crapScore="2" isConstructor="false" isStatic="true" isGetter="false" isSetter="false">
              <Summary numSequencePoints="1" visitedSequencePoints="0" numBranchPoints="1" visitedBranchPoints="0" sequenceCoverage="0" branchCoverage="0" maxCyclomaticComplexity="1" minCyclomaticComplexity="1" maxCrapScore="2" minCrapScore="2" visitedClasses="0" numClasses="0" visitedMethods="0" numMethods="1" />
              <MetadataToken>100663337</MetadataToken>
              <Name>Humanizer.Bytes.ByteSize Humanizer.ByteSizeExtensions::Gigabytes(System.UInt16)</Name>
              <FileRef uid="9" />
              <SequencePoints>
                <SequencePoint vc="0" uspid="144" ordinal="0" offset="0" sl="359" sc="13" el="359" ec="50" bec="0" bev="0" fileid="9" />
              </SequencePoints>
              <BranchPoints />
              <MethodPoint xsi:type="SequencePoint" vc="0" uspid="144" ordinal="0" offset="0" sl="359" sc="13" el="359" ec="50" bec="0" bev="0" fileid="9" />
            </Method>
            <Method visited="false" cyclomaticComplexity="1" nPathComplexity="0" sequenceCoverage="0" branchCoverage="0" crapScore="2" isConstructor="false" isStatic="true" isGetter="false" isSetter="false">
              <Summary numSequencePoints="1" visitedSequencePoints="0" numBranchPoints="1" visitedBranchPoints="0" sequenceCoverage="0" branchCoverage="0" maxCyclomaticComplexity="1" minCyclomaticComplexity="1" maxCrapScore="2" minCrapScore="2" visitedClasses="0" numClasses="0" visitedMethods="0" numMethods="1" />
              <MetadataToken>100663338</MetadataToken>
              <Name>Humanizer.Bytes.ByteSize Humanizer.ByteSizeExtensions::Gigabytes(System.Int32)</Name>
              <FileRef uid="9" />
              <SequencePoints>
                <SequencePoint vc="0" uspid="145" ordinal="0" offset="0" sl="369" sc="13" el="369" ec="50" bec="0" bev="0" fileid="9" />
              </SequencePoints>
              <BranchPoints />
              <MethodPoint xsi:type="SequencePoint" vc="0" uspid="145" ordinal="0" offset="0" sl="369" sc="13" el="369" ec="50" bec="0" bev="0" fileid="9" />
            </Method>
            <Method visited="false" cyclomaticComplexity="1" nPathComplexity="0" sequenceCoverage="0" branchCoverage="0" crapScore="2" isConstructor="false" isStatic="true" isGetter="false" isSetter="false">
              <Summary numSequencePoints="1" visitedSequencePoints="0" numBranchPoints="1" visitedBranchPoints="0" sequenceCoverage="0" branchCoverage="0" maxCyclomaticComplexity="1" minCyclomaticComplexity="1" maxCrapScore="2" minCrapScore="2" visitedClasses="0" numClasses="0" visitedMethods="0" numMethods="1" />
              <MetadataToken>100663339</MetadataToken>
              <Name>Humanizer.Bytes.ByteSize Humanizer.ByteSizeExtensions::Gigabytes(System.UInt32)</Name>
              <FileRef uid="9" />
              <SequencePoints>
                <SequencePoint vc="0" uspid="146" ordinal="0" offset="0" sl="379" sc="13" el="379" ec="50" bec="0" bev="0" fileid="9" />
              </SequencePoints>
              <BranchPoints />
              <MethodPoint xsi:type="SequencePoint" vc="0" uspid="146" ordinal="0" offset="0" sl="379" sc="13" el="379" ec="50" bec="0" bev="0" fileid="9" />
            </Method>
            <Method visited="false" cyclomaticComplexity="1" nPathComplexity="0" sequenceCoverage="0" branchCoverage="0" crapScore="2" isConstructor="false" isStatic="true" isGetter="false" isSetter="false">
              <Summary numSequencePoints="1" visitedSequencePoints="0" numBranchPoints="1" visitedBranchPoints="0" sequenceCoverage="0" branchCoverage="0" maxCyclomaticComplexity="1" minCyclomaticComplexity="1" maxCrapScore="2" minCrapScore="2" visitedClasses="0" numClasses="0" visitedMethods="0" numMethods="1" />
              <MetadataToken>100663340</MetadataToken>
              <Name>Humanizer.Bytes.ByteSize Humanizer.ByteSizeExtensions::Gigabytes(System.Double)</Name>
              <FileRef uid="9" />
              <SequencePoints>
                <SequencePoint vc="0" uspid="147" ordinal="0" offset="0" sl="389" sc="13" el="389" ec="50" bec="0" bev="0" fileid="9" />
              </SequencePoints>
              <BranchPoints />
              <MethodPoint xsi:type="SequencePoint" vc="0" uspid="147" ordinal="0" offset="0" sl="389" sc="13" el="389" ec="50" bec="0" bev="0" fileid="9" />
            </Method>
            <Method visited="false" cyclomaticComplexity="1" nPathComplexity="0" sequenceCoverage="0" branchCoverage="0" crapScore="2" isConstructor="false" isStatic="true" isGetter="false" isSetter="false">
              <Summary numSequencePoints="1" visitedSequencePoints="0" numBranchPoints="1" visitedBranchPoints="0" sequenceCoverage="0" branchCoverage="0" maxCyclomaticComplexity="1" minCyclomaticComplexity="1" maxCrapScore="2" minCrapScore="2" visitedClasses="0" numClasses="0" visitedMethods="0" numMethods="1" />
              <MetadataToken>100663341</MetadataToken>
              <Name>Humanizer.Bytes.ByteSize Humanizer.ByteSizeExtensions::Gigabytes(System.Int64)</Name>
              <FileRef uid="9" />
              <SequencePoints>
                <SequencePoint vc="0" uspid="148" ordinal="0" offset="0" sl="399" sc="13" el="399" ec="50" bec="0" bev="0" fileid="9" />
              </SequencePoints>
              <BranchPoints />
              <MethodPoint xsi:type="SequencePoint" vc="0" uspid="148" ordinal="0" offset="0" sl="399" sc="13" el="399" ec="50" bec="0" bev="0" fileid="9" />
            </Method>
            <Method visited="false" cyclomaticComplexity="1" nPathComplexity="0" sequenceCoverage="0" branchCoverage="0" crapScore="2" isConstructor="false" isStatic="true" isGetter="false" isSetter="false">
              <Summary numSequencePoints="1" visitedSequencePoints="0" numBranchPoints="1" visitedBranchPoints="0" sequenceCoverage="0" branchCoverage="0" maxCyclomaticComplexity="1" minCyclomaticComplexity="1" maxCrapScore="2" minCrapScore="2" visitedClasses="0" numClasses="0" visitedMethods="0" numMethods="1" />
              <MetadataToken>100663342</MetadataToken>
              <Name>Humanizer.Bytes.ByteSize Humanizer.ByteSizeExtensions::Terabytes(System.Byte)</Name>
              <FileRef uid="9" />
              <SequencePoints>
                <SequencePoint vc="0" uspid="149" ordinal="0" offset="0" sl="409" sc="13" el="409" ec="50" bec="0" bev="0" fileid="9" />
              </SequencePoints>
              <BranchPoints />
              <MethodPoint xsi:type="SequencePoint" vc="0" uspid="149" ordinal="0" offset="0" sl="409" sc="13" el="409" ec="50" bec="0" bev="0" fileid="9" />
            </Method>
            <Method visited="false" cyclomaticComplexity="1" nPathComplexity="0" sequenceCoverage="0" branchCoverage="0" crapScore="2" isConstructor="false" isStatic="true" isGetter="false" isSetter="false">
              <Summary numSequencePoints="1" visitedSequencePoints="0" numBranchPoints="1" visitedBranchPoints="0" sequenceCoverage="0" branchCoverage="0" maxCyclomaticComplexity="1" minCyclomaticComplexity="1" maxCrapScore="2" minCrapScore="2" visitedClasses="0" numClasses="0" visitedMethods="0" numMethods="1" />
              <MetadataToken>100663343</MetadataToken>
              <Name>Humanizer.Bytes.ByteSize Humanizer.ByteSizeExtensions::Terabytes(System.SByte)</Name>
              <FileRef uid="9" />
              <SequencePoints>
                <SequencePoint vc="0" uspid="150" ordinal="0" offset="0" sl="419" sc="13" el="419" ec="50" bec="0" bev="0" fileid="9" />
              </SequencePoints>
              <BranchPoints />
              <MethodPoint xsi:type="SequencePoint" vc="0" uspid="150" ordinal="0" offset="0" sl="419" sc="13" el="419" ec="50" bec="0" bev="0" fileid="9" />
            </Method>
            <Method visited="false" cyclomaticComplexity="1" nPathComplexity="0" sequenceCoverage="0" branchCoverage="0" crapScore="2" isConstructor="false" isStatic="true" isGetter="false" isSetter="false">
              <Summary numSequencePoints="1" visitedSequencePoints="0" numBranchPoints="1" visitedBranchPoints="0" sequenceCoverage="0" branchCoverage="0" maxCyclomaticComplexity="1" minCyclomaticComplexity="1" maxCrapScore="2" minCrapScore="2" visitedClasses="0" numClasses="0" visitedMethods="0" numMethods="1" />
              <MetadataToken>100663344</MetadataToken>
              <Name>Humanizer.Bytes.ByteSize Humanizer.ByteSizeExtensions::Terabytes(System.Int16)</Name>
              <FileRef uid="9" />
              <SequencePoints>
                <SequencePoint vc="0" uspid="151" ordinal="0" offset="0" sl="429" sc="13" el="429" ec="50" bec="0" bev="0" fileid="9" />
              </SequencePoints>
              <BranchPoints />
              <MethodPoint xsi:type="SequencePoint" vc="0" uspid="151" ordinal="0" offset="0" sl="429" sc="13" el="429" ec="50" bec="0" bev="0" fileid="9" />
            </Method>
            <Method visited="false" cyclomaticComplexity="1" nPathComplexity="0" sequenceCoverage="0" branchCoverage="0" crapScore="2" isConstructor="false" isStatic="true" isGetter="false" isSetter="false">
              <Summary numSequencePoints="1" visitedSequencePoints="0" numBranchPoints="1" visitedBranchPoints="0" sequenceCoverage="0" branchCoverage="0" maxCyclomaticComplexity="1" minCyclomaticComplexity="1" maxCrapScore="2" minCrapScore="2" visitedClasses="0" numClasses="0" visitedMethods="0" numMethods="1" />
              <MetadataToken>100663345</MetadataToken>
              <Name>Humanizer.Bytes.ByteSize Humanizer.ByteSizeExtensions::Terabytes(System.UInt16)</Name>
              <FileRef uid="9" />
              <SequencePoints>
                <SequencePoint vc="0" uspid="152" ordinal="0" offset="0" sl="439" sc="13" el="439" ec="50" bec="0" bev="0" fileid="9" />
              </SequencePoints>
              <BranchPoints />
              <MethodPoint xsi:type="SequencePoint" vc="0" uspid="152" ordinal="0" offset="0" sl="439" sc="13" el="439" ec="50" bec="0" bev="0" fileid="9" />
            </Method>
            <Method visited="false" cyclomaticComplexity="1" nPathComplexity="0" sequenceCoverage="0" branchCoverage="0" crapScore="2" isConstructor="false" isStatic="true" isGetter="false" isSetter="false">
              <Summary numSequencePoints="1" visitedSequencePoints="0" numBranchPoints="1" visitedBranchPoints="0" sequenceCoverage="0" branchCoverage="0" maxCyclomaticComplexity="1" minCyclomaticComplexity="1" maxCrapScore="2" minCrapScore="2" visitedClasses="0" numClasses="0" visitedMethods="0" numMethods="1" />
              <MetadataToken>100663346</MetadataToken>
              <Name>Humanizer.Bytes.ByteSize Humanizer.ByteSizeExtensions::Terabytes(System.Int32)</Name>
              <FileRef uid="9" />
              <SequencePoints>
                <SequencePoint vc="0" uspid="153" ordinal="0" offset="0" sl="449" sc="13" el="449" ec="50" bec="0" bev="0" fileid="9" />
              </SequencePoints>
              <BranchPoints />
              <MethodPoint xsi:type="SequencePoint" vc="0" uspid="153" ordinal="0" offset="0" sl="449" sc="13" el="449" ec="50" bec="0" bev="0" fileid="9" />
            </Method>
            <Method visited="false" cyclomaticComplexity="1" nPathComplexity="0" sequenceCoverage="0" branchCoverage="0" crapScore="2" isConstructor="false" isStatic="true" isGetter="false" isSetter="false">
              <Summary numSequencePoints="1" visitedSequencePoints="0" numBranchPoints="1" visitedBranchPoints="0" sequenceCoverage="0" branchCoverage="0" maxCyclomaticComplexity="1" minCyclomaticComplexity="1" maxCrapScore="2" minCrapScore="2" visitedClasses="0" numClasses="0" visitedMethods="0" numMethods="1" />
              <MetadataToken>100663347</MetadataToken>
              <Name>Humanizer.Bytes.ByteSize Humanizer.ByteSizeExtensions::Terabytes(System.UInt32)</Name>
              <FileRef uid="9" />
              <SequencePoints>
                <SequencePoint vc="0" uspid="154" ordinal="0" offset="0" sl="459" sc="13" el="459" ec="50" bec="0" bev="0" fileid="9" />
              </SequencePoints>
              <BranchPoints />
              <MethodPoint xsi:type="SequencePoint" vc="0" uspid="154" ordinal="0" offset="0" sl="459" sc="13" el="459" ec="50" bec="0" bev="0" fileid="9" />
            </Method>
            <Method visited="false" cyclomaticComplexity="1" nPathComplexity="0" sequenceCoverage="0" branchCoverage="0" crapScore="2" isConstructor="false" isStatic="true" isGetter="false" isSetter="false">
              <Summary numSequencePoints="1" visitedSequencePoints="0" numBranchPoints="1" visitedBranchPoints="0" sequenceCoverage="0" branchCoverage="0" maxCyclomaticComplexity="1" minCyclomaticComplexity="1" maxCrapScore="2" minCrapScore="2" visitedClasses="0" numClasses="0" visitedMethods="0" numMethods="1" />
              <MetadataToken>100663348</MetadataToken>
              <Name>Humanizer.Bytes.ByteSize Humanizer.ByteSizeExtensions::Terabytes(System.Double)</Name>
              <FileRef uid="9" />
              <SequencePoints>
                <SequencePoint vc="0" uspid="155" ordinal="0" offset="0" sl="469" sc="13" el="469" ec="50" bec="0" bev="0" fileid="9" />
              </SequencePoints>
              <BranchPoints />
              <MethodPoint xsi:type="SequencePoint" vc="0" uspid="155" ordinal="0" offset="0" sl="469" sc="13" el="469" ec="50" bec="0" bev="0" fileid="9" />
            </Method>
            <Method visited="false" cyclomaticComplexity="1" nPathComplexity="0" sequenceCoverage="0" branchCoverage="0" crapScore="2" isConstructor="false" isStatic="true" isGetter="false" isSetter="false">
              <Summary numSequencePoints="1" visitedSequencePoints="0" numBranchPoints="1" visitedBranchPoints="0" sequenceCoverage="0" branchCoverage="0" maxCyclomaticComplexity="1" minCyclomaticComplexity="1" maxCrapScore="2" minCrapScore="2" visitedClasses="0" numClasses="0" visitedMethods="0" numMethods="1" />
              <MetadataToken>100663349</MetadataToken>
              <Name>Humanizer.Bytes.ByteSize Humanizer.ByteSizeExtensions::Terabytes(System.Int64)</Name>
              <FileRef uid="9" />
              <SequencePoints>
                <SequencePoint vc="0" uspid="156" ordinal="0" offset="0" sl="479" sc="13" el="479" ec="50" bec="0" bev="0" fileid="9" />
              </SequencePoints>
              <BranchPoints />
              <MethodPoint xsi:type="SequencePoint" vc="0" uspid="156" ordinal="0" offset="0" sl="479" sc="13" el="479" ec="50" bec="0" bev="0" fileid="9" />
            </Method>
            <Method visited="false" cyclomaticComplexity="2" nPathComplexity="2" sequenceCoverage="0" branchCoverage="0" crapScore="6" isConstructor="false" isStatic="true" isGetter="false" isSetter="false">
              <Summary numSequencePoints="1" visitedSequencePoints="0" numBranchPoints="3" visitedBranchPoints="0" sequenceCoverage="0" branchCoverage="0" maxCyclomaticComplexity="2" minCyclomaticComplexity="2" maxCrapScore="6" minCrapScore="6" visitedClasses="0" numClasses="0" visitedMethods="0" numMethods="1" />
              <MetadataToken>100663350</MetadataToken>
              <Name>System.String Humanizer.ByteSizeExtensions::Humanize(Humanizer.Bytes.ByteSize,System.String)</Name>
              <FileRef uid="9" />
              <SequencePoints>
                <SequencePoint vc="0" uspid="157" ordinal="0" offset="0" sl="490" sc="13" el="490" ec="98" bec="2" bev="0" fileid="9" />
              </SequencePoints>
              <BranchPoints>
                <BranchPoint vc="0" uspid="158" ordinal="0" offset="6" sl="490" path="0" offsetend="8" fileid="9" />
                <BranchPoint vc="0" uspid="159" ordinal="1" offset="6" sl="490" path="1" offsetend="17" fileid="9" />
              </BranchPoints>
              <MethodPoint xsi:type="SequencePoint" vc="0" uspid="157" ordinal="0" offset="0" sl="490" sc="13" el="490" ec="98" bec="2" bev="0" fileid="9" />
            </Method>
            <Method visited="false" cyclomaticComplexity="1" nPathComplexity="0" sequenceCoverage="0" branchCoverage="0" crapScore="2" isConstructor="false" isStatic="true" isGetter="false" isSetter="false">
              <Summary numSequencePoints="1" visitedSequencePoints="0" numBranchPoints="1" visitedBranchPoints="0" sequenceCoverage="0" branchCoverage="0" maxCyclomaticComplexity="1" minCyclomaticComplexity="1" maxCrapScore="2" minCrapScore="2" visitedClasses="0" numClasses="0" visitedMethods="0" numMethods="1" />
              <MetadataToken>100663351</MetadataToken>
              <Name>System.String Humanizer.ByteSizeExtensions::Humanize(Humanizer.Bytes.ByteSize,System.IFormatProvider)</Name>
              <FileRef uid="9" />
              <SequencePoints>
                <SequencePoint vc="0" uspid="160" ordinal="0" offset="0" sl="501" sc="13" el="501" ec="51" bec="0" bev="0" fileid="9" />
              </SequencePoints>
              <BranchPoints />
              <MethodPoint xsi:type="SequencePoint" vc="0" uspid="160" ordinal="0" offset="0" sl="501" sc="13" el="501" ec="51" bec="0" bev="0" fileid="9" />
            </Method>
            <Method visited="false" cyclomaticComplexity="2" nPathComplexity="2" sequenceCoverage="0" branchCoverage="0" crapScore="6" isConstructor="false" isStatic="true" isGetter="false" isSetter="false">
              <Summary numSequencePoints="1" visitedSequencePoints="0" numBranchPoints="3" visitedBranchPoints="0" sequenceCoverage="0" branchCoverage="0" maxCyclomaticComplexity="2" minCyclomaticComplexity="2" maxCrapScore="6" minCrapScore="6" visitedClasses="0" numClasses="0" visitedMethods="0" numMethods="1" />
              <MetadataToken>100663352</MetadataToken>
              <Name>System.String Humanizer.ByteSizeExtensions::Humanize(Humanizer.Bytes.ByteSize,System.String,System.IFormatProvider)</Name>
              <FileRef uid="9" />
              <SequencePoints>
                <SequencePoint vc="0" uspid="161" ordinal="0" offset="0" sl="513" sc="13" el="513" ec="128" bec="2" bev="0" fileid="9" />
              </SequencePoints>
              <BranchPoints>
                <BranchPoint vc="0" uspid="162" ordinal="0" offset="6" sl="513" path="0" offsetend="8" fileid="9" />
                <BranchPoint vc="0" uspid="163" ordinal="1" offset="6" sl="513" path="1" offsetend="18" fileid="9" />
              </BranchPoints>
              <MethodPoint xsi:type="SequencePoint" vc="0" uspid="161" ordinal="0" offset="0" sl="513" sc="13" el="513" ec="128" bec="2" bev="0" fileid="9" />
            </Method>
            <Method visited="false" cyclomaticComplexity="1" nPathComplexity="0" sequenceCoverage="0" branchCoverage="0" crapScore="2" isConstructor="false" isStatic="true" isGetter="false" isSetter="false">
              <Summary numSequencePoints="1" visitedSequencePoints="0" numBranchPoints="1" visitedBranchPoints="0" sequenceCoverage="0" branchCoverage="0" maxCyclomaticComplexity="1" minCyclomaticComplexity="1" maxCrapScore="2" minCrapScore="2" visitedClasses="0" numClasses="0" visitedMethods="0" numMethods="1" />
              <MetadataToken>100663353</MetadataToken>
              <Name>Humanizer.Bytes.ByteRate Humanizer.ByteSizeExtensions::Per(Humanizer.Bytes.ByteSize,System.TimeSpan)</Name>
              <FileRef uid="9" />
              <SequencePoints>
                <SequencePoint vc="0" uspid="164" ordinal="0" offset="0" sl="524" sc="13" el="524" ec="49" bec="0" bev="0" fileid="9" />
              </SequencePoints>
              <BranchPoints />
              <MethodPoint xsi:type="SequencePoint" vc="0" uspid="164" ordinal="0" offset="0" sl="524" sc="13" el="524" ec="49" bec="0" bev="0" fileid="9" />
            </Method>
          </Methods>
        </Class>
        <Class>
          <Summary numSequencePoints="5" visitedSequencePoints="0" numBranchPoints="1" visitedBranchPoints="0" sequenceCoverage="0" branchCoverage="0" maxCyclomaticComplexity="6" minCyclomaticComplexity="6" maxCrapScore="42" minCrapScore="42" visitedClasses="0" numClasses="1" visitedMethods="0" numMethods="1" />
          <FullName>Humanizer.CasingExtensions</FullName>
          <Methods>
            <Method visited="false" cyclomaticComplexity="6" nPathComplexity="0" sequenceCoverage="0" branchCoverage="0" crapScore="42" isConstructor="false" isStatic="true" isGetter="false" isSetter="false">
              <Summary numSequencePoints="5" visitedSequencePoints="0" numBranchPoints="1" visitedBranchPoints="0" sequenceCoverage="0" branchCoverage="0" maxCyclomaticComplexity="6" minCyclomaticComplexity="6" maxCrapScore="42" minCrapScore="42" visitedClasses="0" numClasses="0" visitedMethods="0" numMethods="1" />
              <MetadataToken>100663354</MetadataToken>
              <Name>System.String Humanizer.CasingExtensions::ApplyCase(System.String,Humanizer.LetterCasing)</Name>
              <FileRef uid="10" />
              <SequencePoints>
                <SequencePoint vc="0" uspid="165" ordinal="0" offset="24" sl="21" sc="21" el="21" ec="58" bec="0" bev="0" fileid="10" />
                <SequencePoint vc="0" uspid="166" ordinal="1" offset="45" sl="24" sc="21" el="24" ec="58" bec="0" bev="0" fileid="10" />
                <SequencePoint vc="0" uspid="167" ordinal="2" offset="66" sl="27" sc="21" el="27" ec="58" bec="0" bev="0" fileid="10" />
                <SequencePoint vc="0" uspid="168" ordinal="3" offset="87" sl="30" sc="21" el="30" ec="61" bec="0" bev="0" fileid="10" />
                <SequencePoint vc="0" uspid="169" ordinal="4" offset="108" sl="33" sc="21" el="33" ec="75" bec="0" bev="0" fileid="10" />
              </SequencePoints>
              <BranchPoints />
              <MethodPoint vc="0" uspid="175" ordinal="0" offset="0" />
            </Method>
          </Methods>
        </Class>
        <Class>
          <Summary numSequencePoints="14" visitedSequencePoints="0" numBranchPoints="14" visitedBranchPoints="0" sequenceCoverage="0" branchCoverage="0" maxCyclomaticComplexity="2" minCyclomaticComplexity="1" maxCrapScore="6" minCrapScore="2" visitedClasses="0" numClasses="1" visitedMethods="0" numMethods="6" />
          <FullName>Humanizer.CollectionHumanizeExtensions</FullName>
          <Methods>
            <Method visited="false" cyclomaticComplexity="1" nPathComplexity="0" sequenceCoverage="0" branchCoverage="0" crapScore="2" isConstructor="false" isStatic="true" isGetter="false" isSetter="false">
              <Summary numSequencePoints="1" visitedSequencePoints="0" numBranchPoints="1" visitedBranchPoints="0" sequenceCoverage="0" branchCoverage="0" maxCyclomaticComplexity="1" minCyclomaticComplexity="1" maxCrapScore="2" minCrapScore="2" visitedClasses="0" numClasses="0" visitedMethods="0" numMethods="1" />
              <MetadataToken>100663355</MetadataToken>
              <Name>System.String Humanizer.CollectionHumanizeExtensions::Humanize(System.Collections.Generic.IEnumerable`1&lt;T&gt;)</Name>
              <FileRef uid="11" />
              <SequencePoints>
                <SequencePoint vc="0" uspid="176" ordinal="0" offset="0" sl="19" sc="13" el="19" ec="74" bec="0" bev="0" fileid="11" />
              </SequencePoints>
              <BranchPoints />
              <MethodPoint xsi:type="SequencePoint" vc="0" uspid="176" ordinal="0" offset="0" sl="19" sc="13" el="19" ec="74" bec="0" bev="0" fileid="11" />
            </Method>
            <Method visited="false" cyclomaticComplexity="2" nPathComplexity="2" sequenceCoverage="0" branchCoverage="0" crapScore="6" isConstructor="false" isStatic="true" isGetter="false" isSetter="false">
              <Summary numSequencePoints="3" visitedSequencePoints="0" numBranchPoints="3" visitedBranchPoints="0" sequenceCoverage="0" branchCoverage="0" maxCyclomaticComplexity="2" minCyclomaticComplexity="2" maxCrapScore="6" minCrapScore="6" visitedClasses="0" numClasses="0" visitedMethods="0" numMethods="1" />
              <MetadataToken>100663356</MetadataToken>
              <Name>System.String Humanizer.CollectionHumanizeExtensions::Humanize(System.Collections.Generic.IEnumerable`1&lt;T&gt;,System.Func`2&lt;T,System.String&gt;)</Name>
              <FileRef uid="11" />
              <SequencePoints>
                <SequencePoint vc="0" uspid="177" ordinal="0" offset="0" sl="28" sc="13" el="28" ec="42" bec="2" bev="0" fileid="11" />
                <SequencePoint vc="0" uspid="178" ordinal="1" offset="3" sl="30" sc="17" el="30" ec="75" bec="0" bev="0" fileid="11" />
                <SequencePoint vc="0" uspid="179" ordinal="2" offset="14" sl="33" sc="13" el="33" ec="92" bec="0" bev="0" fileid="11" />
              </SequencePoints>
              <BranchPoints>
                <BranchPoint vc="0" uspid="180" ordinal="0" offset="1" sl="28" path="0" offsetend="3" fileid="11" />
                <BranchPoint vc="0" uspid="181" ordinal="1" offset="1" sl="28" path="1" offsetend="14" fileid="11" />
              </BranchPoints>
              <MethodPoint xsi:type="SequencePoint" vc="0" uspid="177" ordinal="0" offset="0" sl="28" sc="13" el="28" ec="42" bec="2" bev="0" fileid="11" />
            </Method>
            <Method visited="false" cyclomaticComplexity="2" nPathComplexity="2" sequenceCoverage="0" branchCoverage="0" crapScore="6" isConstructor="false" isStatic="true" isGetter="false" isSetter="false">
              <Summary numSequencePoints="3" visitedSequencePoints="0" numBranchPoints="3" visitedBranchPoints="0" sequenceCoverage="0" branchCoverage="0" maxCyclomaticComplexity="2" minCyclomaticComplexity="2" maxCrapScore="6" minCrapScore="6" visitedClasses="0" numClasses="0" visitedMethods="0" numMethods="1" />
              <MetadataToken>100663357</MetadataToken>
              <Name>System.String Humanizer.CollectionHumanizeExtensions::Humanize(System.Collections.Generic.IEnumerable`1&lt;T&gt;,System.Func`2&lt;T,System.Object&gt;)</Name>
              <FileRef uid="11" />
              <SequencePoints>
                <SequencePoint vc="0" uspid="182" ordinal="0" offset="0" sl="42" sc="13" el="42" ec="42" bec="2" bev="0" fileid="11" />
                <SequencePoint vc="0" uspid="183" ordinal="1" offset="3" sl="44" sc="17" el="44" ec="75" bec="0" bev="0" fileid="11" />
                <SequencePoint vc="0" uspid="184" ordinal="2" offset="14" sl="47" sc="13" el="47" ec="92" bec="0" bev="0" fileid="11" />
              </SequencePoints>
              <BranchPoints>
                <BranchPoint vc="0" uspid="185" ordinal="0" offset="1" sl="42" path="0" offsetend="3" fileid="11" />
                <BranchPoint vc="0" uspid="186" ordinal="1" offset="1" sl="42" path="1" offsetend="14" fileid="11" />
              </BranchPoints>
              <MethodPoint xsi:type="SequencePoint" vc="0" uspid="182" ordinal="0" offset="0" sl="42" sc="13" el="42" ec="42" bec="2" bev="0" fileid="11" />
            </Method>
            <Method visited="false" cyclomaticComplexity="1" nPathComplexity="0" sequenceCoverage="0" branchCoverage="0" crapScore="2" isConstructor="false" isStatic="true" isGetter="false" isSetter="false">
              <Summary numSequencePoints="1" visitedSequencePoints="0" numBranchPoints="1" visitedBranchPoints="0" sequenceCoverage="0" branchCoverage="0" maxCyclomaticComplexity="1" minCyclomaticComplexity="1" maxCrapScore="2" minCrapScore="2" visitedClasses="0" numClasses="0" visitedMethods="0" numMethods="1" />
              <MetadataToken>100663358</MetadataToken>
              <Name>System.String Humanizer.CollectionHumanizeExtensions::Humanize(System.Collections.Generic.IEnumerable`1&lt;T&gt;,System.String)</Name>
              <FileRef uid="11" />
              <SequencePoints>
                <SequencePoint vc="0" uspid="187" ordinal="0" offset="0" sl="57" sc="13" el="57" ec="85" bec="0" bev="0" fileid="11" />
              </SequencePoints>
              <BranchPoints />
              <MethodPoint xsi:type="SequencePoint" vc="0" uspid="187" ordinal="0" offset="0" sl="57" sc="13" el="57" ec="85" bec="0" bev="0" fileid="11" />
            </Method>
            <Method visited="false" cyclomaticComplexity="2" nPathComplexity="2" sequenceCoverage="0" branchCoverage="0" crapScore="6" isConstructor="false" isStatic="true" isGetter="false" isSetter="false">
              <Summary numSequencePoints="3" visitedSequencePoints="0" numBranchPoints="3" visitedBranchPoints="0" sequenceCoverage="0" branchCoverage="0" maxCyclomaticComplexity="2" minCyclomaticComplexity="2" maxCrapScore="6" minCrapScore="6" visitedClasses="0" numClasses="0" visitedMethods="0" numMethods="1" />
              <MetadataToken>100663359</MetadataToken>
              <Name>System.String Humanizer.CollectionHumanizeExtensions::Humanize(System.Collections.Generic.IEnumerable`1&lt;T&gt;,System.Func`2&lt;T,System.String&gt;,System.String)</Name>
              <FileRef uid="11" />
              <SequencePoints>
                <SequencePoint vc="0" uspid="188" ordinal="0" offset="0" sl="66" sc="13" el="66" ec="42" bec="2" bev="0" fileid="11" />
                <SequencePoint vc="0" uspid="189" ordinal="1" offset="3" sl="68" sc="17" el="68" ec="75" bec="0" bev="0" fileid="11" />
                <SequencePoint vc="0" uspid="190" ordinal="2" offset="14" sl="71" sc="13" el="71" ec="103" bec="0" bev="0" fileid="11" />
              </SequencePoints>
              <BranchPoints>
                <BranchPoint vc="0" uspid="191" ordinal="0" offset="1" sl="66" path="0" offsetend="3" fileid="11" />
                <BranchPoint vc="0" uspid="192" ordinal="1" offset="1" sl="66" path="1" offsetend="14" fileid="11" />
              </BranchPoints>
              <MethodPoint xsi:type="SequencePoint" vc="0" uspid="188" ordinal="0" offset="0" sl="66" sc="13" el="66" ec="42" bec="2" bev="0" fileid="11" />
            </Method>
            <Method visited="false" cyclomaticComplexity="2" nPathComplexity="2" sequenceCoverage="0" branchCoverage="0" crapScore="6" isConstructor="false" isStatic="true" isGetter="false" isSetter="false">
              <Summary numSequencePoints="3" visitedSequencePoints="0" numBranchPoints="3" visitedBranchPoints="0" sequenceCoverage="0" branchCoverage="0" maxCyclomaticComplexity="2" minCyclomaticComplexity="2" maxCrapScore="6" minCrapScore="6" visitedClasses="0" numClasses="0" visitedMethods="0" numMethods="1" />
              <MetadataToken>100663360</MetadataToken>
              <Name>System.String Humanizer.CollectionHumanizeExtensions::Humanize(System.Collections.Generic.IEnumerable`1&lt;T&gt;,System.Func`2&lt;T,System.Object&gt;,System.String)</Name>
              <FileRef uid="11" />
              <SequencePoints>
                <SequencePoint vc="0" uspid="193" ordinal="0" offset="0" sl="80" sc="13" el="80" ec="42" bec="2" bev="0" fileid="11" />
                <SequencePoint vc="0" uspid="194" ordinal="1" offset="3" sl="82" sc="17" el="82" ec="75" bec="0" bev="0" fileid="11" />
                <SequencePoint vc="0" uspid="195" ordinal="2" offset="14" sl="85" sc="13" el="85" ec="103" bec="0" bev="0" fileid="11" />
              </SequencePoints>
              <BranchPoints>
                <BranchPoint vc="0" uspid="196" ordinal="0" offset="1" sl="80" path="0" offsetend="3" fileid="11" />
                <BranchPoint vc="0" uspid="197" ordinal="1" offset="1" sl="80" path="1" offsetend="14" fileid="11" />
              </BranchPoints>
              <MethodPoint xsi:type="SequencePoint" vc="0" uspid="193" ordinal="0" offset="0" sl="80" sc="13" el="80" ec="42" bec="2" bev="0" fileid="11" />
            </Method>
          </Methods>
        </Class>
        <Class>
          <Summary numSequencePoints="12" visitedSequencePoints="0" numBranchPoints="14" visitedBranchPoints="0" sequenceCoverage="0" branchCoverage="0" maxCyclomaticComplexity="3" minCyclomaticComplexity="2" maxCrapScore="12" minCrapScore="6" visitedClasses="0" numClasses="1" visitedMethods="0" numMethods="4" />
          <FullName>Humanizer.DateHumanizeExtensions</FullName>
          <Methods>
            <Method visited="false" cyclomaticComplexity="3" nPathComplexity="4" sequenceCoverage="0" branchCoverage="0" crapScore="12" isConstructor="false" isStatic="true" isGetter="false" isSetter="false">
              <Summary numSequencePoints="4" visitedSequencePoints="0" numBranchPoints="5" visitedBranchPoints="0" sequenceCoverage="0" branchCoverage="0" maxCyclomaticComplexity="3" minCyclomaticComplexity="3" maxCrapScore="12" minCrapScore="12" visitedClasses="0" numClasses="0" visitedMethods="0" numMethods="1" />
              <MetadataToken>100663361</MetadataToken>
              <Name>System.String Humanizer.DateHumanizeExtensions::Humanize(System.DateTime,System.Boolean,System.Nullable`1&lt;System.DateTime&gt;,System.Globalization.CultureInfo)</Name>
              <FileRef uid="12" />
              <SequencePoints>
                <SequencePoint vc="0" uspid="198" ordinal="0" offset="0" sl="22" sc="13" el="22" ec="74" bec="2" bev="0" fileid="12" />
                <SequencePoint vc="0" uspid="199" ordinal="1" offset="26" sl="24" sc="13" el="24" ec="26" bec="2" bev="0" fileid="12" />
                <SequencePoint vc="0" uspid="200" ordinal="2" offset="29" sl="26" sc="17" el="26" ec="63" bec="0" bev="0" fileid="12" />
                <SequencePoint vc="0" uspid="201" ordinal="3" offset="37" sl="29" sc="13" el="29" ec="99" bec="0" bev="0" fileid="12" />
              </SequencePoints>
              <BranchPoints>
                <BranchPoint vc="0" uspid="202" ordinal="0" offset="9" sl="22" path="0" offsetend="11" fileid="12" />
                <BranchPoint vc="0" uspid="203" ordinal="1" offset="9" sl="22" path="1" offsetend="18" fileid="12" />
                <BranchPoint vc="0" uspid="204" ordinal="2" offset="27" sl="24" path="0" offsetend="29" fileid="12" />
                <BranchPoint vc="0" uspid="205" ordinal="3" offset="27" sl="24" path="1" offsetend="37" fileid="12" />
              </BranchPoints>
              <MethodPoint xsi:type="SequencePoint" vc="0" uspid="198" ordinal="0" offset="0" sl="22" sc="13" el="22" ec="74" bec="2" bev="0" fileid="12" />
            </Method>
            <Method visited="false" cyclomaticComplexity="2" nPathComplexity="2" sequenceCoverage="0" branchCoverage="0" crapScore="6" isConstructor="false" isStatic="true" isGetter="false" isSetter="false">
              <Summary numSequencePoints="3" visitedSequencePoints="0" numBranchPoints="3" visitedBranchPoints="0" sequenceCoverage="0" branchCoverage="0" maxCyclomaticComplexity="2" minCyclomaticComplexity="2" maxCrapScore="6" minCrapScore="6" visitedClasses="0" numClasses="0" visitedMethods="0" numMethods="1" />
              <MetadataToken>100663362</MetadataToken>
              <Name>System.String Humanizer.DateHumanizeExtensions::Humanize(System.Nullable`1&lt;System.DateTime&gt;,System.Boolean,System.Nullable`1&lt;System.DateTime&gt;,System.Globalization.CultureInfo)</Name>
              <FileRef uid="12" />
              <SequencePoints>
                <SequencePoint vc="0" uspid="206" ordinal="0" offset="0" sl="42" sc="13" el="42" ec="32" bec="2" bev="0" fileid="12" />
                <SequencePoint vc="0" uspid="207" ordinal="1" offset="9" sl="44" sc="17" el="44" ec="86" bec="0" bev="0" fileid="12" />
                <SequencePoint vc="0" uspid="208" ordinal="2" offset="25" sl="48" sc="17" el="48" ec="80" bec="0" bev="0" fileid="12" />
              </SequencePoints>
              <BranchPoints>
                <BranchPoint vc="0" uspid="209" ordinal="0" offset="7" sl="42" path="0" offsetend="9" fileid="12" />
                <BranchPoint vc="0" uspid="210" ordinal="1" offset="7" sl="42" path="1" offsetend="25" fileid="12" />
              </BranchPoints>
              <MethodPoint xsi:type="SequencePoint" vc="0" uspid="206" ordinal="0" offset="0" sl="42" sc="13" el="42" ec="32" bec="2" bev="0" fileid="12" />
            </Method>
            <Method visited="false" cyclomaticComplexity="2" nPathComplexity="2" sequenceCoverage="0" branchCoverage="0" crapScore="6" isConstructor="false" isStatic="true" isGetter="false" isSetter="false">
              <Summary numSequencePoints="2" visitedSequencePoints="0" numBranchPoints="3" visitedBranchPoints="0" sequenceCoverage="0" branchCoverage="0" maxCyclomaticComplexity="2" minCyclomaticComplexity="2" maxCrapScore="6" minCrapScore="6" visitedClasses="0" numClasses="0" visitedMethods="0" numMethods="1" />
              <MetadataToken>100663363</MetadataToken>
              <Name>System.String Humanizer.DateHumanizeExtensions::Humanize(System.DateTimeOffset,System.Nullable`1&lt;System.DateTimeOffset&gt;,System.Globalization.CultureInfo)</Name>
              <FileRef uid="12" />
              <SequencePoints>
                <SequencePoint vc="0" uspid="211" ordinal="0" offset="0" sl="61" sc="13" el="61" ec="80" bec="2" bev="0" fileid="12" />
                <SequencePoint vc="0" uspid="212" ordinal="1" offset="26" sl="63" sc="13" el="63" ec="105" bec="0" bev="0" fileid="12" />
              </SequencePoints>
              <BranchPoints>
                <BranchPoint vc="0" uspid="213" ordinal="0" offset="9" sl="61" path="0" offsetend="11" fileid="12" />
                <BranchPoint vc="0" uspid="214" ordinal="1" offset="9" sl="61" path="1" offsetend="18" fileid="12" />
              </BranchPoints>
              <MethodPoint xsi:type="SequencePoint" vc="0" uspid="211" ordinal="0" offset="0" sl="61" sc="13" el="61" ec="80" bec="2" bev="0" fileid="12" />
            </Method>
            <Method visited="false" cyclomaticComplexity="2" nPathComplexity="2" sequenceCoverage="0" branchCoverage="0" crapScore="6" isConstructor="false" isStatic="true" isGetter="false" isSetter="false">
              <Summary numSequencePoints="3" visitedSequencePoints="0" numBranchPoints="3" visitedBranchPoints="0" sequenceCoverage="0" branchCoverage="0" maxCyclomaticComplexity="2" minCyclomaticComplexity="2" maxCrapScore="6" minCrapScore="6" visitedClasses="0" numClasses="0" visitedMethods="0" numMethods="1" />
              <MetadataToken>100663364</MetadataToken>
              <Name>System.String Humanizer.DateHumanizeExtensions::Humanize(System.Nullable`1&lt;System.DateTimeOffset&gt;,System.Nullable`1&lt;System.DateTimeOffset&gt;,System.Globalization.CultureInfo)</Name>
              <FileRef uid="12" />
              <SequencePoints>
                <SequencePoint vc="0" uspid="215" ordinal="0" offset="0" sl="75" sc="13" el="75" ec="32" bec="2" bev="0" fileid="12" />
                <SequencePoint vc="0" uspid="216" ordinal="1" offset="9" sl="77" sc="17" el="77" ec="77" bec="0" bev="0" fileid="12" />
                <SequencePoint vc="0" uspid="217" ordinal="2" offset="24" sl="81" sc="17" el="81" ec="80" bec="0" bev="0" fileid="12" />
              </SequencePoints>
              <BranchPoints>
                <BranchPoint vc="0" uspid="218" ordinal="0" offset="7" sl="75" path="0" offsetend="9" fileid="12" />
                <BranchPoint vc="0" uspid="219" ordinal="1" offset="7" sl="75" path="1" offsetend="24" fileid="12" />
              </BranchPoints>
              <MethodPoint xsi:type="SequencePoint" vc="0" uspid="215" ordinal="0" offset="0" sl="75" sc="13" el="75" ec="32" bec="2" bev="0" fileid="12" />
            </Method>
          </Methods>
        </Class>
        <Class>
          <Summary numSequencePoints="2" visitedSequencePoints="0" numBranchPoints="2" visitedBranchPoints="0" sequenceCoverage="0" branchCoverage="0" maxCyclomaticComplexity="1" minCyclomaticComplexity="1" maxCrapScore="2" minCrapScore="2" visitedClasses="0" numClasses="1" visitedMethods="0" numMethods="2" />
          <FullName>Humanizer.DateToOrdinalWordsExtensions</FullName>
          <Methods>
            <Method visited="false" cyclomaticComplexity="1" nPathComplexity="0" sequenceCoverage="0" branchCoverage="0" crapScore="2" isConstructor="false" isStatic="true" isGetter="false" isSetter="false">
              <Summary numSequencePoints="1" visitedSequencePoints="0" numBranchPoints="1" visitedBranchPoints="0" sequenceCoverage="0" branchCoverage="0" maxCyclomaticComplexity="1" minCyclomaticComplexity="1" maxCrapScore="2" minCrapScore="2" visitedClasses="0" numClasses="0" visitedMethods="0" numMethods="1" />
              <MetadataToken>100663365</MetadataToken>
              <Name>System.String Humanizer.DateToOrdinalWordsExtensions::ToOrdinalWords(System.DateTime)</Name>
              <FileRef uid="13" />
              <SequencePoints>
                <SequencePoint vc="0" uspid="220" ordinal="0" offset="0" sl="18" sc="13" el="18" ec="76" bec="0" bev="0" fileid="13" />
              </SequencePoints>
              <BranchPoints />
              <MethodPoint xsi:type="SequencePoint" vc="0" uspid="220" ordinal="0" offset="0" sl="18" sc="13" el="18" ec="76" bec="0" bev="0" fileid="13" />
            </Method>
            <Method visited="false" cyclomaticComplexity="1" nPathComplexity="0" sequenceCoverage="0" branchCoverage="0" crapScore="2" isConstructor="false" isStatic="true" isGetter="false" isSetter="false">
              <Summary numSequencePoints="1" visitedSequencePoints="0" numBranchPoints="1" visitedBranchPoints="0" sequenceCoverage="0" branchCoverage="0" maxCyclomaticComplexity="1" minCyclomaticComplexity="1" maxCrapScore="2" minCrapScore="2" visitedClasses="0" numClasses="0" visitedMethods="0" numMethods="1" />
              <MetadataToken>100663366</MetadataToken>
              <Name>System.String Humanizer.DateToOrdinalWordsExtensions::ToOrdinalWords(System.DateTime,Humanizer.GrammaticalCase)</Name>
              <FileRef uid="13" />
              <SequencePoints>
                <SequencePoint vc="0" uspid="221" ordinal="0" offset="0" sl="28" sc="13" el="28" ec="93" bec="0" bev="0" fileid="13" />
              </SequencePoints>
              <BranchPoints />
              <MethodPoint xsi:type="SequencePoint" vc="0" uspid="221" ordinal="0" offset="0" sl="28" sc="13" el="28" ec="93" bec="0" bev="0" fileid="13" />
            </Method>
          </Methods>
        </Class>
        <Class>
          <Summary numSequencePoints="6" visitedSequencePoints="0" numBranchPoints="7" visitedBranchPoints="0" sequenceCoverage="0" branchCoverage="0" maxCyclomaticComplexity="3" minCyclomaticComplexity="1" maxCrapScore="12" minCrapScore="2" visitedClasses="0" numClasses="1" visitedMethods="0" numMethods="3" />
          <FullName>Humanizer.EnumDehumanizeExtensions</FullName>
          <Methods>
            <Method visited="false" cyclomaticComplexity="1" nPathComplexity="0" sequenceCoverage="0" branchCoverage="0" crapScore="2" isConstructor="false" isStatic="true" isGetter="false" isSetter="false">
              <Summary numSequencePoints="1" visitedSequencePoints="0" numBranchPoints="1" visitedBranchPoints="0" sequenceCoverage="0" branchCoverage="0" maxCyclomaticComplexity="1" minCyclomaticComplexity="1" maxCrapScore="2" minCrapScore="2" visitedClasses="0" numClasses="0" visitedMethods="0" numMethods="1" />
              <MetadataToken>100663367</MetadataToken>
              <Name>TTargetEnum Humanizer.EnumDehumanizeExtensions::DehumanizeTo(System.String)</Name>
              <FileRef uid="14" />
              <SequencePoints>
                <SequencePoint vc="0" uspid="222" ordinal="0" offset="0" sl="22" sc="13" el="22" ec="108" bec="0" bev="0" fileid="14" />
              </SequencePoints>
              <BranchPoints />
              <MethodPoint xsi:type="SequencePoint" vc="0" uspid="222" ordinal="0" offset="0" sl="22" sc="13" el="22" ec="108" bec="0" bev="0" fileid="14" />
            </Method>
            <Method visited="false" cyclomaticComplexity="1" nPathComplexity="0" sequenceCoverage="0" branchCoverage="0" crapScore="2" isConstructor="false" isStatic="true" isGetter="false" isSetter="false">
              <Summary numSequencePoints="1" visitedSequencePoints="0" numBranchPoints="1" visitedBranchPoints="0" sequenceCoverage="0" branchCoverage="0" maxCyclomaticComplexity="1" minCyclomaticComplexity="1" maxCrapScore="2" minCrapScore="2" visitedClasses="0" numClasses="0" visitedMethods="0" numMethods="1" />
              <MetadataToken>100663368</MetadataToken>
              <Name>System.Enum Humanizer.EnumDehumanizeExtensions::DehumanizeTo(System.String,System.Type,Humanizer.OnNoMatch)</Name>
              <FileRef uid="14" />
              <SequencePoints>
                <SequencePoint vc="0" uspid="223" ordinal="0" offset="0" sl="36" sc="13" el="36" ec="76" bec="0" bev="0" fileid="14" />
              </SequencePoints>
              <BranchPoints />
              <MethodPoint xsi:type="SequencePoint" vc="0" uspid="223" ordinal="0" offset="0" sl="36" sc="13" el="36" ec="76" bec="0" bev="0" fileid="14" />
            </Method>
            <Method visited="false" cyclomaticComplexity="3" nPathComplexity="4" sequenceCoverage="0" branchCoverage="0" crapScore="12" isConstructor="false" isStatic="true" isGetter="false" isSetter="false">
              <Summary numSequencePoints="4" visitedSequencePoints="0" numBranchPoints="5" visitedBranchPoints="0" sequenceCoverage="0" branchCoverage="0" maxCyclomaticComplexity="3" minCyclomaticComplexity="3" maxCrapScore="12" minCrapScore="12" visitedClasses="0" numClasses="0" visitedMethods="0" numMethods="1" />
              <MetadataToken>100663369</MetadataToken>
              <Name>System.Object Humanizer.EnumDehumanizeExtensions::DehumanizeToPrivate(System.String,System.Type,Humanizer.OnNoMatch)</Name>
              <FileRef uid="14" />
              <SequencePoints>
                <SequencePoint vc="0" uspid="224" ordinal="0" offset="13" sl="41" sc="13" el="41" ec="165" bec="0" bev="0" fileid="14" />
                <SequencePoint vc="0" uspid="225" ordinal="1" offset="41" sl="43" sc="13" el="43" ec="73" bec="3" bev="0" fileid="14" />
                <SequencePoint vc="0" uspid="226" ordinal="2" offset="47" sl="45" sc="17" el="45" ec="115" bec="0" bev="0" fileid="14" />
                <SequencePoint vc="0" uspid="227" ordinal="3" offset="69" sl="48" sc="13" el="48" ec="26" bec="0" bev="0" fileid="14" />
              </SequencePoints>
              <BranchPoints>
                <BranchPoint vc="0" uspid="228" ordinal="0" offset="42" sl="43" path="0" offsetend="44" fileid="14" />
                <BranchPoint vc="0" uspid="229" ordinal="1" offset="42" sl="43" path="1" offsetend="69" fileid="14" />
                <BranchPoint vc="0" uspid="230" ordinal="2" offset="45" sl="43" path="0" offsetend="47" fileid="14" />
                <BranchPoint vc="0" uspid="231" ordinal="3" offset="45" sl="43" path="1" offsetend="69" fileid="14" />
              </BranchPoints>
              <MethodPoint vc="0" uspid="232" ordinal="0" offset="0" />
            </Method>
          </Methods>
        </Class>
        <Class>
          <Summary numSequencePoints="1" visitedSequencePoints="0" numBranchPoints="1" visitedBranchPoints="0" sequenceCoverage="0" branchCoverage="0" maxCyclomaticComplexity="1" minCyclomaticComplexity="1" maxCrapScore="2" minCrapScore="2" visitedClasses="0" numClasses="1" visitedMethods="0" numMethods="1" />
          <FullName>Humanizer.EnumDehumanizeExtensions/&lt;&gt;c__DisplayClass2_0</FullName>
          <Methods>
            <Method visited="false" cyclomaticComplexity="1" nPathComplexity="0" sequenceCoverage="0" branchCoverage="0" crapScore="2" isConstructor="true" isStatic="false" isGetter="false" isSetter="false">
              <Summary numSequencePoints="0" visitedSequencePoints="0" numBranchPoints="0" visitedBranchPoints="0" sequenceCoverage="0" branchCoverage="0" maxCyclomaticComplexity="1" minCyclomaticComplexity="1" maxCrapScore="2" minCrapScore="2" visitedClasses="0" numClasses="0" visitedMethods="0" numMethods="0" />
              <MetadataToken>100664098</MetadataToken>
              <Name>System.Void Humanizer.EnumDehumanizeExtensions/&lt;&gt;c__DisplayClass2_0::.ctor()</Name>
              <SequencePoints />
              <BranchPoints />
              <MethodPoint vc="0" uspid="233" ordinal="0" offset="0" />
            </Method>
            <Method visited="false" cyclomaticComplexity="1" nPathComplexity="0" sequenceCoverage="0" branchCoverage="0" crapScore="2" isConstructor="false" isStatic="false" isGetter="false" isSetter="false">
              <Summary numSequencePoints="1" visitedSequencePoints="0" numBranchPoints="1" visitedBranchPoints="0" sequenceCoverage="0" branchCoverage="0" maxCyclomaticComplexity="1" minCyclomaticComplexity="1" maxCrapScore="2" minCrapScore="2" visitedClasses="0" numClasses="0" visitedMethods="0" numMethods="1" />
              <MetadataToken>100664099</MetadataToken>
              <Name>System.Boolean Humanizer.EnumDehumanizeExtensions/&lt;&gt;c__DisplayClass2_0::&lt;DehumanizeToPrivate&gt;b__0(System.Enum)</Name>
              <FileRef uid="14" />
              <SequencePoints>
                <SequencePoint vc="0" uspid="234" ordinal="0" offset="0" sl="41" sc="89" el="41" ec="163" bec="0" bev="0" fileid="14" />
              </SequencePoints>
              <BranchPoints />
              <MethodPoint xsi:type="SequencePoint" vc="0" uspid="234" ordinal="0" offset="0" sl="41" sc="89" el="41" ec="163" bec="0" bev="0" fileid="14" />
            </Method>
          </Methods>
        </Class>
        <Class>
          <Summary numSequencePoints="36" visitedSequencePoints="0" numBranchPoints="27" visitedBranchPoints="0" sequenceCoverage="0" branchCoverage="0" maxCyclomaticComplexity="8" minCyclomaticComplexity="1" maxCrapScore="72" minCrapScore="2" visitedClasses="0" numClasses="1" visitedMethods="0" numMethods="5" />
          <FullName>Humanizer.EnumHumanizeExtensions</FullName>
          <Methods>
            <Method visited="false" cyclomaticComplexity="6" nPathComplexity="32" sequenceCoverage="0" branchCoverage="0" crapScore="42" isConstructor="false" isStatic="true" isGetter="false" isSetter="false">
              <Summary numSequencePoints="11" visitedSequencePoints="0" numBranchPoints="11" visitedBranchPoints="0" sequenceCoverage="0" branchCoverage="0" maxCyclomaticComplexity="6" minCyclomaticComplexity="6" maxCrapScore="42" minCrapScore="42" visitedClasses="0" numClasses="0" visitedMethods="0" numMethods="1" />
              <MetadataToken>100663370</MetadataToken>
              <Name>System.String Humanizer.EnumHumanizeExtensions::Humanize(System.Enum)</Name>
              <FileRef uid="16" />
              <SequencePoints>
                <SequencePoint vc="0" uspid="235" ordinal="0" offset="6" sl="26" sc="13" el="26" ec="44" bec="0" bev="0" fileid="16" />
                <SequencePoint vc="0" uspid="236" ordinal="1" offset="18" sl="27" sc="13" el="27" ec="55" bec="0" bev="0" fileid="16" />
                <SequencePoint vc="0" uspid="237" ordinal="2" offset="30" sl="29" sc="13" el="29" ec="82" bec="3" bev="0" fileid="16" />
                <SequencePoint vc="0" uspid="238" ordinal="3" offset="52" sl="31" sc="17" el="36" ec="40" bec="2" bev="0" fileid="16" />
                <SequencePoint vc="0" uspid="239" ordinal="4" offset="144" sl="39" sc="13" el="39" ec="45" bec="0" bev="0" fileid="16" />
                <SequencePoint vc="0" uspid="240" ordinal="5" offset="151" sl="40" sc="13" el="40" ec="67" bec="0" bev="0" fileid="16" />
                <SequencePoint vc="0" uspid="241" ordinal="6" offset="159" sl="42" sc="13" el="42" ec="33" bec="2" bev="0" fileid="16" />
                <SequencePoint vc="0" uspid="242" ordinal="7" offset="168" sl="44" sc="17" el="44" ec="71" bec="0" bev="0" fileid="16" />
                <SequencePoint vc="0" uspid="243" ordinal="8" offset="176" sl="46" sc="17" el="46" ec="47" bec="2" bev="0" fileid="16" />
                <SequencePoint vc="0" uspid="244" ordinal="9" offset="180" sl="48" sc="21" el="48" ec="46" bec="0" bev="0" fileid="16" />
                <SequencePoint vc="0" uspid="245" ordinal="10" offset="183" sl="52" sc="13" el="52" ec="40" bec="0" bev="0" fileid="16" />
              </SequencePoints>
              <BranchPoints>
                <BranchPoint vc="0" uspid="246" ordinal="0" offset="36" sl="29" path="0" offsetend="38" fileid="16" />
                <BranchPoint vc="0" uspid="247" ordinal="1" offset="36" sl="29" path="1" offsetend="144" fileid="16" />
                <BranchPoint vc="0" uspid="248" ordinal="2" offset="50" sl="29" path="0" offsetend="52" fileid="16" />
                <BranchPoint vc="0" uspid="249" ordinal="3" offset="50" sl="29" path="1" offsetend="144" fileid="16" />
                <BranchPoint vc="0" uspid="250" ordinal="4" offset="108" sl="31" path="0" offsetend="110" fileid="16" />
                <BranchPoint vc="0" uspid="251" ordinal="5" offset="108" sl="31" path="1" offsetend="133" fileid="16" />
                <BranchPoint vc="0" uspid="252" ordinal="6" offset="166" sl="42" path="0" offsetend="168" fileid="16" />
                <BranchPoint vc="0" uspid="253" ordinal="7" offset="166" sl="42" path="1" offsetend="183" fileid="16" />
                <BranchPoint vc="0" uspid="254" ordinal="8" offset="178" sl="46" path="0" offsetend="180" fileid="16" />
                <BranchPoint vc="0" uspid="255" ordinal="9" offset="178" sl="46" path="1" offsetend="183" fileid="16" />
              </BranchPoints>
              <MethodPoint vc="0" uspid="256" ordinal="0" offset="0" />
            </Method>
            <Method visited="false" cyclomaticComplexity="1" nPathComplexity="0" sequenceCoverage="0" branchCoverage="0" crapScore="2" isConstructor="false" isStatic="true" isGetter="false" isSetter="false">
              <Summary numSequencePoints="1" visitedSequencePoints="0" numBranchPoints="1" visitedBranchPoints="0" sequenceCoverage="0" branchCoverage="0" maxCyclomaticComplexity="1" minCyclomaticComplexity="1" maxCrapScore="2" minCrapScore="2" visitedClasses="0" numClasses="0" visitedMethods="0" numMethods="1" />
              <MetadataToken>100663371</MetadataToken>
              <Name>System.Boolean Humanizer.EnumHumanizeExtensions::IsBitFieldEnum(System.Reflection.TypeInfo)</Name>
              <FileRef uid="16" />
              <SequencePoints>
                <SequencePoint vc="0" uspid="257" ordinal="0" offset="0" sl="62" sc="13" el="62" ec="80" bec="0" bev="0" fileid="16" />
              </SequencePoints>
              <BranchPoints />
              <MethodPoint xsi:type="SequencePoint" vc="0" uspid="257" ordinal="0" offset="0" sl="62" sc="13" el="62" ec="80" bec="0" bev="0" fileid="16" />
            </Method>
            <Method visited="false" cyclomaticComplexity="8" nPathComplexity="64" sequenceCoverage="0" branchCoverage="0" crapScore="72" isConstructor="false" isStatic="true" isGetter="false" isSetter="false">
              <Summary numSequencePoints="21" visitedSequencePoints="0" numBranchPoints="13" visitedBranchPoints="0" sequenceCoverage="0" branchCoverage="0" maxCyclomaticComplexity="8" minCyclomaticComplexity="8" maxCrapScore="72" minCrapScore="72" visitedClasses="0" numClasses="0" visitedMethods="0" numMethods="1" />
              <MetadataToken>100663372</MetadataToken>
              <Name>System.String Humanizer.EnumHumanizeExtensions::GetCustomDescription(System.Reflection.MemberInfo)</Name>
              <FileRef uid="16" />
              <SequencePoints>
                <SequencePoint vc="0" uspid="258" ordinal="0" offset="0" sl="68" sc="13" el="68" ec="62" bec="0" bev="0" fileid="16" />
                <SequencePoint vc="0" uspid="259" ordinal="1" offset="7" sl="70" sc="34" el="70" ec="39" bec="0" bev="0" fileid="16" />
                <SequencePoint vc="0" uspid="260" ordinal="2" offset="15" sl="70" sc="22" el="70" ec="30" bec="0" bev="0" fileid="16" />
                <SequencePoint vc="0" uspid="261" ordinal="3" offset="19" sl="72" sc="17" el="72" ec="47" bec="0" bev="0" fileid="16" />
                <SequencePoint vc="0" uspid="262" ordinal="4" offset="26" sl="73" sc="17" el="73" ec="67" bec="2" bev="0" fileid="16" />
                <SequencePoint vc="0" uspid="263" ordinal="5" offset="44" sl="75" sc="21" el="75" ec="129" bec="0" bev="0" fileid="16" />
                <SequencePoint vc="0" uspid="264" ordinal="6" offset="63" sl="76" sc="21" el="76" ec="54" bec="2" bev="0" fileid="16" />
                <SequencePoint vc="0" uspid="265" ordinal="7" offset="73" sl="78" sc="25" el="78" ec="95" bec="0" bev="0" fileid="16" />
                <SequencePoint vc="0" uspid="266" ordinal="8" offset="89" sl="79" sc="25" el="79" ec="52" bec="2" bev="0" fileid="16" />
                <SequencePoint vc="0" uspid="267" ordinal="9" offset="93" sl="81" sc="29" el="81" ec="62" bec="0" bev="0" fileid="16" />
                <SequencePoint vc="0" uspid="268" ordinal="10" offset="101" sl="84" sc="21" el="84" ec="115" bec="0" bev="0" fileid="16" />
                <SequencePoint vc="0" uspid="269" ordinal="11" offset="120" sl="85" sc="21" el="85" ec="47" bec="2" bev="0" fileid="16" />
                <SequencePoint vc="0" uspid="270" ordinal="12" offset="130" sl="87" sc="25" el="87" ec="88" bec="0" bev="0" fileid="16" />
                <SequencePoint vc="0" uspid="271" ordinal="13" offset="146" sl="88" sc="25" el="88" ec="52" bec="2" bev="0" fileid="16" />
                <SequencePoint vc="0" uspid="272" ordinal="14" offset="150" sl="90" sc="29" el="90" ec="62" bec="0" bev="0" fileid="16" />
                <SequencePoint vc="0" uspid="273" ordinal="15" offset="158" sl="93" sc="21" el="93" ec="33" bec="0" bev="0" fileid="16" />
                <SequencePoint vc="0" uspid="274" ordinal="16" offset="160" sl="96" sc="17" el="99" ec="86" bec="0" bev="0" fileid="16" />
                <SequencePoint vc="0" uspid="275" ordinal="17" offset="188" sl="100" sc="17" el="100" ec="49" bec="2" bev="0" fileid="16" />
                <SequencePoint vc="0" uspid="276" ordinal="18" offset="198" sl="102" sc="21" el="102" ec="80" bec="0" bev="0" fileid="16" />
                <SequencePoint vc="0" uspid="277" ordinal="19" offset="217" sl="70" sc="31" el="70" ec="33" bec="0" bev="0" fileid="16" />
                <SequencePoint vc="0" uspid="278" ordinal="20" offset="226" sl="106" sc="13" el="106" ec="25" bec="0" bev="0" fileid="16" />
              </SequencePoints>
              <BranchPoints>
                <BranchPoint vc="0" uspid="279" ordinal="0" offset="42" sl="73" path="0" offsetend="44" fileid="16" />
                <BranchPoint vc="0" uspid="280" ordinal="1" offset="42" sl="73" path="1" offsetend="160" fileid="16" />
                <BranchPoint vc="0" uspid="281" ordinal="2" offset="71" sl="76" path="0" offsetend="73" fileid="16" />
                <BranchPoint vc="0" uspid="282" ordinal="3" offset="71" sl="76" path="1" offsetend="101" fileid="16" />
                <BranchPoint vc="0" uspid="283" ordinal="4" offset="91" sl="79" path="0" offsetend="93" fileid="16" />
                <BranchPoint vc="0" uspid="284" ordinal="5" offset="91" sl="79" path="1" offsetend="101" fileid="16" />
                <BranchPoint vc="0" uspid="285" ordinal="6" offset="128" sl="85" path="0" offsetend="130" fileid="16" />
                <BranchPoint vc="0" uspid="286" ordinal="7" offset="128" sl="85" path="1" offsetend="158" fileid="16" />
                <BranchPoint vc="0" uspid="287" ordinal="8" offset="148" sl="88" path="0" offsetend="150" fileid="16" />
                <BranchPoint vc="0" uspid="288" ordinal="9" offset="148" sl="88" path="1" offsetend="158" fileid="16" />
                <BranchPoint vc="0" uspid="289" ordinal="10" offset="196" sl="100" path="0" offsetend="198" fileid="16" />
                <BranchPoint vc="0" uspid="290" ordinal="11" offset="196" sl="100" path="1" offsetend="213" fileid="16" />
              </BranchPoints>
              <MethodPoint xsi:type="SequencePoint" vc="0" uspid="258" ordinal="0" offset="0" sl="68" sc="13" el="68" ec="62" bec="0" bev="0" fileid="16" />
            </Method>
            <Method visited="false" cyclomaticComplexity="1" nPathComplexity="0" sequenceCoverage="0" branchCoverage="0" crapScore="2" isConstructor="false" isStatic="true" isGetter="false" isSetter="false">
              <Summary numSequencePoints="2" visitedSequencePoints="0" numBranchPoints="1" visitedBranchPoints="0" sequenceCoverage="0" branchCoverage="0" maxCyclomaticComplexity="1" minCyclomaticComplexity="1" maxCrapScore="2" minCrapScore="2" visitedClasses="0" numClasses="0" visitedMethods="0" numMethods="1" />
              <MetadataToken>100663373</MetadataToken>
              <Name>System.String Humanizer.EnumHumanizeExtensions::Humanize(System.Enum,Humanizer.LetterCasing)</Name>
              <FileRef uid="16" />
              <SequencePoints>
                <SequencePoint vc="0" uspid="293" ordinal="0" offset="0" sl="117" sc="13" el="117" ec="49" bec="0" bev="0" fileid="16" />
                <SequencePoint vc="0" uspid="294" ordinal="1" offset="6" sl="119" sc="13" el="119" ec="52" bec="0" bev="0" fileid="16" />
              </SequencePoints>
              <BranchPoints />
              <MethodPoint xsi:type="SequencePoint" vc="0" uspid="293" ordinal="0" offset="0" sl="117" sc="13" el="117" ec="49" bec="0" bev="0" fileid="16" />
            </Method>
            <Method visited="false" cyclomaticComplexity="1" nPathComplexity="0" sequenceCoverage="0" branchCoverage="0" crapScore="2" isConstructor="true" isStatic="true" isGetter="false" isSetter="false">
              <Summary numSequencePoints="1" visitedSequencePoints="0" numBranchPoints="1" visitedBranchPoints="0" sequenceCoverage="0" branchCoverage="0" maxCyclomaticComplexity="1" minCyclomaticComplexity="1" maxCrapScore="2" minCrapScore="2" visitedClasses="0" numClasses="0" visitedMethods="0" numMethods="1" />
              <MetadataToken>100663374</MetadataToken>
              <Name>System.Void Humanizer.EnumHumanizeExtensions::.cctor()</Name>
              <FileRef uid="16" />
              <SequencePoints>
                <SequencePoint vc="0" uspid="295" ordinal="0" offset="0" sl="17" sc="9" el="17" ec="118" bec="0" bev="0" fileid="16" />
              </SequencePoints>
              <BranchPoints />
              <MethodPoint xsi:type="SequencePoint" vc="0" uspid="295" ordinal="0" offset="0" sl="17" sc="9" el="17" ec="118" bec="0" bev="0" fileid="16" />
            </Method>
          </Methods>
        </Class>
        <Class>
          <Summary numSequencePoints="1" visitedSequencePoints="0" numBranchPoints="1" visitedBranchPoints="0" sequenceCoverage="0" branchCoverage="0" maxCyclomaticComplexity="1" minCyclomaticComplexity="1" maxCrapScore="2" minCrapScore="2" visitedClasses="0" numClasses="1" visitedMethods="0" numMethods="1" />
          <FullName>Humanizer.EnumHumanizeExtensions/&lt;&gt;c__DisplayClass4_0</FullName>
          <Methods>
            <Method visited="false" cyclomaticComplexity="1" nPathComplexity="0" sequenceCoverage="0" branchCoverage="0" crapScore="2" isConstructor="true" isStatic="false" isGetter="false" isSetter="false">
              <Summary numSequencePoints="0" visitedSequencePoints="0" numBranchPoints="0" visitedBranchPoints="0" sequenceCoverage="0" branchCoverage="0" maxCyclomaticComplexity="1" minCyclomaticComplexity="1" maxCrapScore="2" minCrapScore="2" visitedClasses="0" numClasses="0" visitedMethods="0" numMethods="0" />
              <MetadataToken>100664100</MetadataToken>
              <Name>System.Void Humanizer.EnumHumanizeExtensions/&lt;&gt;c__DisplayClass4_0::.ctor()</Name>
              <SequencePoints />
              <BranchPoints />
              <MethodPoint vc="0" uspid="296" ordinal="0" offset="0" />
            </Method>
            <Method visited="false" cyclomaticComplexity="1" nPathComplexity="0" sequenceCoverage="0" branchCoverage="0" crapScore="2" isConstructor="false" isStatic="false" isGetter="false" isSetter="false">
              <Summary numSequencePoints="1" visitedSequencePoints="0" numBranchPoints="1" visitedBranchPoints="0" sequenceCoverage="0" branchCoverage="0" maxCyclomaticComplexity="1" minCyclomaticComplexity="1" maxCrapScore="2" minCrapScore="2" visitedClasses="0" numClasses="0" visitedMethods="0" numMethods="1" />
              <MetadataToken>100664101</MetadataToken>
              <Name>System.Boolean Humanizer.EnumHumanizeExtensions/&lt;&gt;c__DisplayClass4_0::&lt;Humanize&gt;b__0(System.Enum)</Name>
              <FileRef uid="16" />
              <SequencePoints>
                <SequencePoint vc="0" uspid="297" ordinal="0" offset="0" sl="33" sc="40" el="33" ec="114" bec="0" bev="0" fileid="16" />
              </SequencePoints>
              <BranchPoints />
              <MethodPoint xsi:type="SequencePoint" vc="0" uspid="297" ordinal="0" offset="0" sl="33" sc="40" el="33" ec="114" bec="0" bev="0" fileid="16" />
            </Method>
          </Methods>
        </Class>
        <Class>
          <Summary numSequencePoints="2" visitedSequencePoints="0" numBranchPoints="2" visitedBranchPoints="0" sequenceCoverage="0" branchCoverage="0" maxCyclomaticComplexity="1" minCyclomaticComplexity="1" maxCrapScore="2" minCrapScore="2" visitedClasses="0" numClasses="1" visitedMethods="0" numMethods="2" />
          <FullName>Humanizer.EnumHumanizeExtensions/&lt;&gt;c</FullName>
          <Methods>
            <Method visited="false" cyclomaticComplexity="1" nPathComplexity="0" sequenceCoverage="0" branchCoverage="0" crapScore="2" isConstructor="true" isStatic="true" isGetter="false" isSetter="false">
              <Summary numSequencePoints="0" visitedSequencePoints="0" numBranchPoints="0" visitedBranchPoints="0" sequenceCoverage="0" branchCoverage="0" maxCyclomaticComplexity="1" minCyclomaticComplexity="1" maxCrapScore="2" minCrapScore="2" visitedClasses="0" numClasses="0" visitedMethods="0" numMethods="0" />
              <MetadataToken>100664102</MetadataToken>
              <Name>System.Void Humanizer.EnumHumanizeExtensions/&lt;&gt;c::.cctor()</Name>
              <SequencePoints />
              <BranchPoints />
              <MethodPoint vc="0" uspid="298" ordinal="0" offset="0" />
            </Method>
            <Method visited="false" cyclomaticComplexity="1" nPathComplexity="0" sequenceCoverage="0" branchCoverage="0" crapScore="2" isConstructor="true" isStatic="false" isGetter="false" isSetter="false">
              <Summary numSequencePoints="0" visitedSequencePoints="0" numBranchPoints="0" visitedBranchPoints="0" sequenceCoverage="0" branchCoverage="0" maxCyclomaticComplexity="1" minCyclomaticComplexity="1" maxCrapScore="2" minCrapScore="2" visitedClasses="0" numClasses="0" visitedMethods="0" numMethods="0" />
              <MetadataToken>100664103</MetadataToken>
              <Name>System.Void Humanizer.EnumHumanizeExtensions/&lt;&gt;c::.ctor()</Name>
              <SequencePoints />
              <BranchPoints />
              <MethodPoint vc="0" uspid="299" ordinal="0" offset="0" />
            </Method>
            <Method visited="false" cyclomaticComplexity="1" nPathComplexity="0" sequenceCoverage="0" branchCoverage="0" crapScore="2" isConstructor="false" isStatic="false" isGetter="false" isSetter="false">
              <Summary numSequencePoints="1" visitedSequencePoints="0" numBranchPoints="1" visitedBranchPoints="0" sequenceCoverage="0" branchCoverage="0" maxCyclomaticComplexity="1" minCyclomaticComplexity="1" maxCrapScore="2" minCrapScore="2" visitedClasses="0" numClasses="0" visitedMethods="0" numMethods="1" />
              <MetadataToken>100664104</MetadataToken>
              <Name>System.String Humanizer.EnumHumanizeExtensions/&lt;&gt;c::&lt;Humanize&gt;b__4_1(System.Enum)</Name>
              <FileRef uid="16" />
              <SequencePoints>
                <SequencePoint vc="0" uspid="300" ordinal="0" offset="0" sl="35" sc="41" el="35" ec="53" bec="0" bev="0" fileid="16" />
              </SequencePoints>
              <BranchPoints />
              <MethodPoint xsi:type="SequencePoint" vc="0" uspid="300" ordinal="0" offset="0" sl="35" sc="41" el="35" ec="53" bec="0" bev="0" fileid="16" />
            </Method>
            <Method visited="false" cyclomaticComplexity="1" nPathComplexity="0" sequenceCoverage="0" branchCoverage="0" crapScore="2" isConstructor="false" isStatic="false" isGetter="false" isSetter="false">
              <Summary numSequencePoints="1" visitedSequencePoints="0" numBranchPoints="1" visitedBranchPoints="0" sequenceCoverage="0" branchCoverage="0" maxCyclomaticComplexity="1" minCyclomaticComplexity="1" maxCrapScore="2" minCrapScore="2" visitedClasses="0" numClasses="0" visitedMethods="0" numMethods="1" />
              <MetadataToken>100664105</MetadataToken>
              <Name>System.Boolean Humanizer.EnumHumanizeExtensions/&lt;&gt;c::&lt;.cctor&gt;b__8_0(System.Reflection.PropertyInfo)</Name>
              <FileRef uid="16" />
              <SequencePoints>
                <SequencePoint vc="0" uspid="301" ordinal="0" offset="0" sl="17" sc="85" el="17" ec="117" bec="0" bev="0" fileid="16" />
              </SequencePoints>
              <BranchPoints />
              <MethodPoint xsi:type="SequencePoint" vc="0" uspid="301" ordinal="0" offset="0" sl="17" sc="85" el="17" ec="117" bec="0" bev="0" fileid="16" />
            </Method>
          </Methods>
        </Class>
        <Class>
          <Summary numSequencePoints="25" visitedSequencePoints="0" numBranchPoints="25" visitedBranchPoints="0" sequenceCoverage="0" branchCoverage="0" maxCyclomaticComplexity="1" minCyclomaticComplexity="1" maxCrapScore="2" minCrapScore="2" visitedClasses="0" numClasses="1" visitedMethods="0" numMethods="25" />
          <FullName>Humanizer.In</FullName>
          <Methods>
            <Method visited="false" cyclomaticComplexity="1" nPathComplexity="0" sequenceCoverage="0" branchCoverage="0" crapScore="2" isConstructor="false" isStatic="true" isGetter="true" isSetter="false">
              <Summary numSequencePoints="1" visitedSequencePoints="0" numBranchPoints="1" visitedBranchPoints="0" sequenceCoverage="0" branchCoverage="0" maxCyclomaticComplexity="1" minCyclomaticComplexity="1" maxCrapScore="2" minCrapScore="2" visitedClasses="0" numClasses="0" visitedMethods="0" numMethods="1" />
              <MetadataToken>100663376</MetadataToken>
              <Name>System.DateTime Humanizer.In::get_January()</Name>
              <FileRef uid="20" />
              <SequencePoints>
                <SequencePoint vc="0" uspid="302" ordinal="0" offset="0" sl="14" sc="19" el="14" ec="67" bec="0" bev="0" fileid="20" />
              </SequencePoints>
              <BranchPoints />
              <MethodPoint xsi:type="SequencePoint" vc="0" uspid="302" ordinal="0" offset="0" sl="14" sc="19" el="14" ec="67" bec="0" bev="0" fileid="20" />
            </Method>
            <Method visited="false" cyclomaticComplexity="1" nPathComplexity="0" sequenceCoverage="0" branchCoverage="0" crapScore="2" isConstructor="false" isStatic="true" isGetter="true" isSetter="false">
              <Summary numSequencePoints="1" visitedSequencePoints="0" numBranchPoints="1" visitedBranchPoints="0" sequenceCoverage="0" branchCoverage="0" maxCyclomaticComplexity="1" minCyclomaticComplexity="1" maxCrapScore="2" minCrapScore="2" visitedClasses="0" numClasses="0" visitedMethods="0" numMethods="1" />
              <MetadataToken>100663378</MetadataToken>
              <Name>System.DateTime Humanizer.In::get_February()</Name>
              <FileRef uid="20" />
              <SequencePoints>
                <SequencePoint vc="0" uspid="303" ordinal="0" offset="0" sl="30" sc="19" el="30" ec="67" bec="0" bev="0" fileid="20" />
              </SequencePoints>
              <BranchPoints />
              <MethodPoint xsi:type="SequencePoint" vc="0" uspid="303" ordinal="0" offset="0" sl="30" sc="19" el="30" ec="67" bec="0" bev="0" fileid="20" />
            </Method>
            <Method visited="false" cyclomaticComplexity="1" nPathComplexity="0" sequenceCoverage="0" branchCoverage="0" crapScore="2" isConstructor="false" isStatic="true" isGetter="true" isSetter="false">
              <Summary numSequencePoints="1" visitedSequencePoints="0" numBranchPoints="1" visitedBranchPoints="0" sequenceCoverage="0" branchCoverage="0" maxCyclomaticComplexity="1" minCyclomaticComplexity="1" maxCrapScore="2" minCrapScore="2" visitedClasses="0" numClasses="0" visitedMethods="0" numMethods="1" />
              <MetadataToken>100663380</MetadataToken>
              <Name>System.DateTime Humanizer.In::get_March()</Name>
              <FileRef uid="20" />
              <SequencePoints>
                <SequencePoint vc="0" uspid="304" ordinal="0" offset="0" sl="46" sc="19" el="46" ec="67" bec="0" bev="0" fileid="20" />
              </SequencePoints>
              <BranchPoints />
              <MethodPoint xsi:type="SequencePoint" vc="0" uspid="304" ordinal="0" offset="0" sl="46" sc="19" el="46" ec="67" bec="0" bev="0" fileid="20" />
            </Method>
            <Method visited="false" cyclomaticComplexity="1" nPathComplexity="0" sequenceCoverage="0" branchCoverage="0" crapScore="2" isConstructor="false" isStatic="true" isGetter="true" isSetter="false">
              <Summary numSequencePoints="1" visitedSequencePoints="0" numBranchPoints="1" visitedBranchPoints="0" sequenceCoverage="0" branchCoverage="0" maxCyclomaticComplexity="1" minCyclomaticComplexity="1" maxCrapScore="2" minCrapScore="2" visitedClasses="0" numClasses="0" visitedMethods="0" numMethods="1" />
              <MetadataToken>100663382</MetadataToken>
              <Name>System.DateTime Humanizer.In::get_April()</Name>
              <FileRef uid="20" />
              <SequencePoints>
                <SequencePoint vc="0" uspid="305" ordinal="0" offset="0" sl="62" sc="19" el="62" ec="67" bec="0" bev="0" fileid="20" />
              </SequencePoints>
              <BranchPoints />
              <MethodPoint xsi:type="SequencePoint" vc="0" uspid="305" ordinal="0" offset="0" sl="62" sc="19" el="62" ec="67" bec="0" bev="0" fileid="20" />
            </Method>
            <Method visited="false" cyclomaticComplexity="1" nPathComplexity="0" sequenceCoverage="0" branchCoverage="0" crapScore="2" isConstructor="false" isStatic="true" isGetter="true" isSetter="false">
              <Summary numSequencePoints="1" visitedSequencePoints="0" numBranchPoints="1" visitedBranchPoints="0" sequenceCoverage="0" branchCoverage="0" maxCyclomaticComplexity="1" minCyclomaticComplexity="1" maxCrapScore="2" minCrapScore="2" visitedClasses="0" numClasses="0" visitedMethods="0" numMethods="1" />
              <MetadataToken>100663384</MetadataToken>
              <Name>System.DateTime Humanizer.In::get_May()</Name>
              <FileRef uid="20" />
              <SequencePoints>
                <SequencePoint vc="0" uspid="306" ordinal="0" offset="0" sl="78" sc="19" el="78" ec="67" bec="0" bev="0" fileid="20" />
              </SequencePoints>
              <BranchPoints />
              <MethodPoint xsi:type="SequencePoint" vc="0" uspid="306" ordinal="0" offset="0" sl="78" sc="19" el="78" ec="67" bec="0" bev="0" fileid="20" />
            </Method>
            <Method visited="false" cyclomaticComplexity="1" nPathComplexity="0" sequenceCoverage="0" branchCoverage="0" crapScore="2" isConstructor="false" isStatic="true" isGetter="true" isSetter="false">
              <Summary numSequencePoints="1" visitedSequencePoints="0" numBranchPoints="1" visitedBranchPoints="0" sequenceCoverage="0" branchCoverage="0" maxCyclomaticComplexity="1" minCyclomaticComplexity="1" maxCrapScore="2" minCrapScore="2" visitedClasses="0" numClasses="0" visitedMethods="0" numMethods="1" />
              <MetadataToken>100663386</MetadataToken>
              <Name>System.DateTime Humanizer.In::get_June()</Name>
              <FileRef uid="20" />
              <SequencePoints>
                <SequencePoint vc="0" uspid="307" ordinal="0" offset="0" sl="94" sc="19" el="94" ec="67" bec="0" bev="0" fileid="20" />
              </SequencePoints>
              <BranchPoints />
              <MethodPoint xsi:type="SequencePoint" vc="0" uspid="307" ordinal="0" offset="0" sl="94" sc="19" el="94" ec="67" bec="0" bev="0" fileid="20" />
            </Method>
            <Method visited="false" cyclomaticComplexity="1" nPathComplexity="0" sequenceCoverage="0" branchCoverage="0" crapScore="2" isConstructor="false" isStatic="true" isGetter="true" isSetter="false">
              <Summary numSequencePoints="1" visitedSequencePoints="0" numBranchPoints="1" visitedBranchPoints="0" sequenceCoverage="0" branchCoverage="0" maxCyclomaticComplexity="1" minCyclomaticComplexity="1" maxCrapScore="2" minCrapScore="2" visitedClasses="0" numClasses="0" visitedMethods="0" numMethods="1" />
              <MetadataToken>100663388</MetadataToken>
              <Name>System.DateTime Humanizer.In::get_July()</Name>
              <FileRef uid="20" />
              <SequencePoints>
                <SequencePoint vc="0" uspid="308" ordinal="0" offset="0" sl="110" sc="19" el="110" ec="67" bec="0" bev="0" fileid="20" />
              </SequencePoints>
              <BranchPoints />
              <MethodPoint xsi:type="SequencePoint" vc="0" uspid="308" ordinal="0" offset="0" sl="110" sc="19" el="110" ec="67" bec="0" bev="0" fileid="20" />
            </Method>
            <Method visited="false" cyclomaticComplexity="1" nPathComplexity="0" sequenceCoverage="0" branchCoverage="0" crapScore="2" isConstructor="false" isStatic="true" isGetter="true" isSetter="false">
              <Summary numSequencePoints="1" visitedSequencePoints="0" numBranchPoints="1" visitedBranchPoints="0" sequenceCoverage="0" branchCoverage="0" maxCyclomaticComplexity="1" minCyclomaticComplexity="1" maxCrapScore="2" minCrapScore="2" visitedClasses="0" numClasses="0" visitedMethods="0" numMethods="1" />
              <MetadataToken>100663390</MetadataToken>
              <Name>System.DateTime Humanizer.In::get_August()</Name>
              <FileRef uid="20" />
              <SequencePoints>
                <SequencePoint vc="0" uspid="309" ordinal="0" offset="0" sl="126" sc="19" el="126" ec="67" bec="0" bev="0" fileid="20" />
              </SequencePoints>
              <BranchPoints />
              <MethodPoint xsi:type="SequencePoint" vc="0" uspid="309" ordinal="0" offset="0" sl="126" sc="19" el="126" ec="67" bec="0" bev="0" fileid="20" />
            </Method>
            <Method visited="false" cyclomaticComplexity="1" nPathComplexity="0" sequenceCoverage="0" branchCoverage="0" crapScore="2" isConstructor="false" isStatic="true" isGetter="true" isSetter="false">
              <Summary numSequencePoints="1" visitedSequencePoints="0" numBranchPoints="1" visitedBranchPoints="0" sequenceCoverage="0" branchCoverage="0" maxCyclomaticComplexity="1" minCyclomaticComplexity="1" maxCrapScore="2" minCrapScore="2" visitedClasses="0" numClasses="0" visitedMethods="0" numMethods="1" />
              <MetadataToken>100663392</MetadataToken>
              <Name>System.DateTime Humanizer.In::get_September()</Name>
              <FileRef uid="20" />
              <SequencePoints>
                <SequencePoint vc="0" uspid="310" ordinal="0" offset="0" sl="142" sc="19" el="142" ec="67" bec="0" bev="0" fileid="20" />
              </SequencePoints>
              <BranchPoints />
              <MethodPoint xsi:type="SequencePoint" vc="0" uspid="310" ordinal="0" offset="0" sl="142" sc="19" el="142" ec="67" bec="0" bev="0" fileid="20" />
            </Method>
            <Method visited="false" cyclomaticComplexity="1" nPathComplexity="0" sequenceCoverage="0" branchCoverage="0" crapScore="2" isConstructor="false" isStatic="true" isGetter="true" isSetter="false">
              <Summary numSequencePoints="1" visitedSequencePoints="0" numBranchPoints="1" visitedBranchPoints="0" sequenceCoverage="0" branchCoverage="0" maxCyclomaticComplexity="1" minCyclomaticComplexity="1" maxCrapScore="2" minCrapScore="2" visitedClasses="0" numClasses="0" visitedMethods="0" numMethods="1" />
              <MetadataToken>100663394</MetadataToken>
              <Name>System.DateTime Humanizer.In::get_October()</Name>
              <FileRef uid="20" />
              <SequencePoints>
                <SequencePoint vc="0" uspid="311" ordinal="0" offset="0" sl="158" sc="19" el="158" ec="68" bec="0" bev="0" fileid="20" />
              </SequencePoints>
              <BranchPoints />
              <MethodPoint xsi:type="SequencePoint" vc="0" uspid="311" ordinal="0" offset="0" sl="158" sc="19" el="158" ec="68" bec="0" bev="0" fileid="20" />
            </Method>
            <Method visited="false" cyclomaticComplexity="1" nPathComplexity="0" sequenceCoverage="0" branchCoverage="0" crapScore="2" isConstructor="false" isStatic="true" isGetter="true" isSetter="false">
              <Summary numSequencePoints="1" visitedSequencePoints="0" numBranchPoints="1" visitedBranchPoints="0" sequenceCoverage="0" branchCoverage="0" maxCyclomaticComplexity="1" minCyclomaticComplexity="1" maxCrapScore="2" minCrapScore="2" visitedClasses="0" numClasses="0" visitedMethods="0" numMethods="1" />
              <MetadataToken>100663396</MetadataToken>
              <Name>System.DateTime Humanizer.In::get_November()</Name>
              <FileRef uid="20" />
              <SequencePoints>
                <SequencePoint vc="0" uspid="312" ordinal="0" offset="0" sl="174" sc="19" el="174" ec="68" bec="0" bev="0" fileid="20" />
              </SequencePoints>
              <BranchPoints />
              <MethodPoint xsi:type="SequencePoint" vc="0" uspid="312" ordinal="0" offset="0" sl="174" sc="19" el="174" ec="68" bec="0" bev="0" fileid="20" />
            </Method>
            <Method visited="false" cyclomaticComplexity="1" nPathComplexity="0" sequenceCoverage="0" branchCoverage="0" crapScore="2" isConstructor="false" isStatic="true" isGetter="true" isSetter="false">
              <Summary numSequencePoints="1" visitedSequencePoints="0" numBranchPoints="1" visitedBranchPoints="0" sequenceCoverage="0" branchCoverage="0" maxCyclomaticComplexity="1" minCyclomaticComplexity="1" maxCrapScore="2" minCrapScore="2" visitedClasses="0" numClasses="0" visitedMethods="0" numMethods="1" />
              <MetadataToken>100663398</MetadataToken>
              <Name>System.DateTime Humanizer.In::get_December()</Name>
              <FileRef uid="20" />
              <SequencePoints>
                <SequencePoint vc="0" uspid="313" ordinal="0" offset="0" sl="190" sc="19" el="190" ec="68" bec="0" bev="0" fileid="20" />
              </SequencePoints>
              <BranchPoints />
              <MethodPoint xsi:type="SequencePoint" vc="0" uspid="313" ordinal="0" offset="0" sl="190" sc="19" el="190" ec="68" bec="0" bev="0" fileid="20" />
            </Method>
            <Method visited="false" cyclomaticComplexity="1" nPathComplexity="0" sequenceCoverage="0" branchCoverage="0" crapScore="2" isConstructor="false" isStatic="true" isGetter="false" isSetter="false">
              <Summary numSequencePoints="1" visitedSequencePoints="0" numBranchPoints="1" visitedBranchPoints="0" sequenceCoverage="0" branchCoverage="0" maxCyclomaticComplexity="1" minCyclomaticComplexity="1" maxCrapScore="2" minCrapScore="2" visitedClasses="0" numClasses="0" visitedMethods="0" numMethods="1" />
              <MetadataToken>100663375</MetadataToken>
              <Name>System.DateTime Humanizer.In::TheYear(System.Int32)</Name>
              <FileRef uid="19" />
              <SequencePoints>
                <SequencePoint vc="0" uspid="314" ordinal="0" offset="0" sl="13" sc="13" el="13" ec="45" bec="0" bev="0" fileid="19" />
              </SequencePoints>
              <BranchPoints />
              <MethodPoint xsi:type="SequencePoint" vc="0" uspid="314" ordinal="0" offset="0" sl="13" sc="13" el="13" ec="45" bec="0" bev="0" fileid="19" />
            </Method>
            <Method visited="false" cyclomaticComplexity="1" nPathComplexity="0" sequenceCoverage="0" branchCoverage="0" crapScore="2" isConstructor="false" isStatic="true" isGetter="false" isSetter="false">
              <Summary numSequencePoints="1" visitedSequencePoints="0" numBranchPoints="1" visitedBranchPoints="0" sequenceCoverage="0" branchCoverage="0" maxCyclomaticComplexity="1" minCyclomaticComplexity="1" maxCrapScore="2" minCrapScore="2" visitedClasses="0" numClasses="0" visitedMethods="0" numMethods="1" />
              <MetadataToken>100663377</MetadataToken>
              <Name>System.DateTime Humanizer.In::JanuaryOf(System.Int32)</Name>
              <FileRef uid="20" />
              <SequencePoints>
                <SequencePoint vc="0" uspid="315" ordinal="0" offset="0" sl="22" sc="13" el="22" ec="45" bec="0" bev="0" fileid="20" />
              </SequencePoints>
              <BranchPoints />
              <MethodPoint xsi:type="SequencePoint" vc="0" uspid="315" ordinal="0" offset="0" sl="22" sc="13" el="22" ec="45" bec="0" bev="0" fileid="20" />
            </Method>
            <Method visited="false" cyclomaticComplexity="1" nPathComplexity="0" sequenceCoverage="0" branchCoverage="0" crapScore="2" isConstructor="false" isStatic="true" isGetter="false" isSetter="false">
              <Summary numSequencePoints="1" visitedSequencePoints="0" numBranchPoints="1" visitedBranchPoints="0" sequenceCoverage="0" branchCoverage="0" maxCyclomaticComplexity="1" minCyclomaticComplexity="1" maxCrapScore="2" minCrapScore="2" visitedClasses="0" numClasses="0" visitedMethods="0" numMethods="1" />
              <MetadataToken>100663379</MetadataToken>
              <Name>System.DateTime Humanizer.In::FebruaryOf(System.Int32)</Name>
              <FileRef uid="20" />
              <SequencePoints>
                <SequencePoint vc="0" uspid="316" ordinal="0" offset="0" sl="38" sc="13" el="38" ec="45" bec="0" bev="0" fileid="20" />
              </SequencePoints>
              <BranchPoints />
              <MethodPoint xsi:type="SequencePoint" vc="0" uspid="316" ordinal="0" offset="0" sl="38" sc="13" el="38" ec="45" bec="0" bev="0" fileid="20" />
            </Method>
            <Method visited="false" cyclomaticComplexity="1" nPathComplexity="0" sequenceCoverage="0" branchCoverage="0" crapScore="2" isConstructor="false" isStatic="true" isGetter="false" isSetter="false">
              <Summary numSequencePoints="1" visitedSequencePoints="0" numBranchPoints="1" visitedBranchPoints="0" sequenceCoverage="0" branchCoverage="0" maxCyclomaticComplexity="1" minCyclomaticComplexity="1" maxCrapScore="2" minCrapScore="2" visitedClasses="0" numClasses="0" visitedMethods="0" numMethods="1" />
              <MetadataToken>100663381</MetadataToken>
              <Name>System.DateTime Humanizer.In::MarchOf(System.Int32)</Name>
              <FileRef uid="20" />
              <SequencePoints>
                <SequencePoint vc="0" uspid="317" ordinal="0" offset="0" sl="54" sc="13" el="54" ec="45" bec="0" bev="0" fileid="20" />
              </SequencePoints>
              <BranchPoints />
              <MethodPoint xsi:type="SequencePoint" vc="0" uspid="317" ordinal="0" offset="0" sl="54" sc="13" el="54" ec="45" bec="0" bev="0" fileid="20" />
            </Method>
            <Method visited="false" cyclomaticComplexity="1" nPathComplexity="0" sequenceCoverage="0" branchCoverage="0" crapScore="2" isConstructor="false" isStatic="true" isGetter="false" isSetter="false">
              <Summary numSequencePoints="1" visitedSequencePoints="0" numBranchPoints="1" visitedBranchPoints="0" sequenceCoverage="0" branchCoverage="0" maxCyclomaticComplexity="1" minCyclomaticComplexity="1" maxCrapScore="2" minCrapScore="2" visitedClasses="0" numClasses="0" visitedMethods="0" numMethods="1" />
              <MetadataToken>100663383</MetadataToken>
              <Name>System.DateTime Humanizer.In::AprilOf(System.Int32)</Name>
              <FileRef uid="20" />
              <SequencePoints>
                <SequencePoint vc="0" uspid="318" ordinal="0" offset="0" sl="70" sc="13" el="70" ec="45" bec="0" bev="0" fileid="20" />
              </SequencePoints>
              <BranchPoints />
              <MethodPoint xsi:type="SequencePoint" vc="0" uspid="318" ordinal="0" offset="0" sl="70" sc="13" el="70" ec="45" bec="0" bev="0" fileid="20" />
            </Method>
            <Method visited="false" cyclomaticComplexity="1" nPathComplexity="0" sequenceCoverage="0" branchCoverage="0" crapScore="2" isConstructor="false" isStatic="true" isGetter="false" isSetter="false">
              <Summary numSequencePoints="1" visitedSequencePoints="0" numBranchPoints="1" visitedBranchPoints="0" sequenceCoverage="0" branchCoverage="0" maxCyclomaticComplexity="1" minCyclomaticComplexity="1" maxCrapScore="2" minCrapScore="2" visitedClasses="0" numClasses="0" visitedMethods="0" numMethods="1" />
              <MetadataToken>100663385</MetadataToken>
              <Name>System.DateTime Humanizer.In::MayOf(System.Int32)</Name>
              <FileRef uid="20" />
              <SequencePoints>
                <SequencePoint vc="0" uspid="319" ordinal="0" offset="0" sl="86" sc="13" el="86" ec="45" bec="0" bev="0" fileid="20" />
              </SequencePoints>
              <BranchPoints />
              <MethodPoint xsi:type="SequencePoint" vc="0" uspid="319" ordinal="0" offset="0" sl="86" sc="13" el="86" ec="45" bec="0" bev="0" fileid="20" />
            </Method>
            <Method visited="false" cyclomaticComplexity="1" nPathComplexity="0" sequenceCoverage="0" branchCoverage="0" crapScore="2" isConstructor="false" isStatic="true" isGetter="false" isSetter="false">
              <Summary numSequencePoints="1" visitedSequencePoints="0" numBranchPoints="1" visitedBranchPoints="0" sequenceCoverage="0" branchCoverage="0" maxCyclomaticComplexity="1" minCyclomaticComplexity="1" maxCrapScore="2" minCrapScore="2" visitedClasses="0" numClasses="0" visitedMethods="0" numMethods="1" />
              <MetadataToken>100663387</MetadataToken>
              <Name>System.DateTime Humanizer.In::JuneOf(System.Int32)</Name>
              <FileRef uid="20" />
              <SequencePoints>
                <SequencePoint vc="0" uspid="320" ordinal="0" offset="0" sl="102" sc="13" el="102" ec="45" bec="0" bev="0" fileid="20" />
              </SequencePoints>
              <BranchPoints />
              <MethodPoint xsi:type="SequencePoint" vc="0" uspid="320" ordinal="0" offset="0" sl="102" sc="13" el="102" ec="45" bec="0" bev="0" fileid="20" />
            </Method>
            <Method visited="false" cyclomaticComplexity="1" nPathComplexity="0" sequenceCoverage="0" branchCoverage="0" crapScore="2" isConstructor="false" isStatic="true" isGetter="false" isSetter="false">
              <Summary numSequencePoints="1" visitedSequencePoints="0" numBranchPoints="1" visitedBranchPoints="0" sequenceCoverage="0" branchCoverage="0" maxCyclomaticComplexity="1" minCyclomaticComplexity="1" maxCrapScore="2" minCrapScore="2" visitedClasses="0" numClasses="0" visitedMethods="0" numMethods="1" />
              <MetadataToken>100663389</MetadataToken>
              <Name>System.DateTime Humanizer.In::JulyOf(System.Int32)</Name>
              <FileRef uid="20" />
              <SequencePoints>
                <SequencePoint vc="0" uspid="321" ordinal="0" offset="0" sl="118" sc="13" el="118" ec="45" bec="0" bev="0" fileid="20" />
              </SequencePoints>
              <BranchPoints />
              <MethodPoint xsi:type="SequencePoint" vc="0" uspid="321" ordinal="0" offset="0" sl="118" sc="13" el="118" ec="45" bec="0" bev="0" fileid="20" />
            </Method>
            <Method visited="false" cyclomaticComplexity="1" nPathComplexity="0" sequenceCoverage="0" branchCoverage="0" crapScore="2" isConstructor="false" isStatic="true" isGetter="false" isSetter="false">
              <Summary numSequencePoints="1" visitedSequencePoints="0" numBranchPoints="1" visitedBranchPoints="0" sequenceCoverage="0" branchCoverage="0" maxCyclomaticComplexity="1" minCyclomaticComplexity="1" maxCrapScore="2" minCrapScore="2" visitedClasses="0" numClasses="0" visitedMethods="0" numMethods="1" />
              <MetadataToken>100663391</MetadataToken>
              <Name>System.DateTime Humanizer.In::AugustOf(System.Int32)</Name>
              <FileRef uid="20" />
              <SequencePoints>
                <SequencePoint vc="0" uspid="322" ordinal="0" offset="0" sl="134" sc="13" el="134" ec="45" bec="0" bev="0" fileid="20" />
              </SequencePoints>
              <BranchPoints />
              <MethodPoint xsi:type="SequencePoint" vc="0" uspid="322" ordinal="0" offset="0" sl="134" sc="13" el="134" ec="45" bec="0" bev="0" fileid="20" />
            </Method>
            <Method visited="false" cyclomaticComplexity="1" nPathComplexity="0" sequenceCoverage="0" branchCoverage="0" crapScore="2" isConstructor="false" isStatic="true" isGetter="false" isSetter="false">
              <Summary numSequencePoints="1" visitedSequencePoints="0" numBranchPoints="1" visitedBranchPoints="0" sequenceCoverage="0" branchCoverage="0" maxCyclomaticComplexity="1" minCyclomaticComplexity="1" maxCrapScore="2" minCrapScore="2" visitedClasses="0" numClasses="0" visitedMethods="0" numMethods="1" />
              <MetadataToken>100663393</MetadataToken>
              <Name>System.DateTime Humanizer.In::SeptemberOf(System.Int32)</Name>
              <FileRef uid="20" />
              <SequencePoints>
                <SequencePoint vc="0" uspid="323" ordinal="0" offset="0" sl="150" sc="13" el="150" ec="45" bec="0" bev="0" fileid="20" />
              </SequencePoints>
              <BranchPoints />
              <MethodPoint xsi:type="SequencePoint" vc="0" uspid="323" ordinal="0" offset="0" sl="150" sc="13" el="150" ec="45" bec="0" bev="0" fileid="20" />
            </Method>
            <Method visited="false" cyclomaticComplexity="1" nPathComplexity="0" sequenceCoverage="0" branchCoverage="0" crapScore="2" isConstructor="false" isStatic="true" isGetter="false" isSetter="false">
              <Summary numSequencePoints="1" visitedSequencePoints="0" numBranchPoints="1" visitedBranchPoints="0" sequenceCoverage="0" branchCoverage="0" maxCyclomaticComplexity="1" minCyclomaticComplexity="1" maxCrapScore="2" minCrapScore="2" visitedClasses="0" numClasses="0" visitedMethods="0" numMethods="1" />
              <MetadataToken>100663395</MetadataToken>
              <Name>System.DateTime Humanizer.In::OctoberOf(System.Int32)</Name>
              <FileRef uid="20" />
              <SequencePoints>
                <SequencePoint vc="0" uspid="324" ordinal="0" offset="0" sl="166" sc="13" el="166" ec="46" bec="0" bev="0" fileid="20" />
              </SequencePoints>
              <BranchPoints />
              <MethodPoint xsi:type="SequencePoint" vc="0" uspid="324" ordinal="0" offset="0" sl="166" sc="13" el="166" ec="46" bec="0" bev="0" fileid="20" />
            </Method>
            <Method visited="false" cyclomaticComplexity="1" nPathComplexity="0" sequenceCoverage="0" branchCoverage="0" crapScore="2" isConstructor="false" isStatic="true" isGetter="false" isSetter="false">
              <Summary numSequencePoints="1" visitedSequencePoints="0" numBranchPoints="1" visitedBranchPoints="0" sequenceCoverage="0" branchCoverage="0" maxCyclomaticComplexity="1" minCyclomaticComplexity="1" maxCrapScore="2" minCrapScore="2" visitedClasses="0" numClasses="0" visitedMethods="0" numMethods="1" />
              <MetadataToken>100663397</MetadataToken>
              <Name>System.DateTime Humanizer.In::NovemberOf(System.Int32)</Name>
              <FileRef uid="20" />
              <SequencePoints>
                <SequencePoint vc="0" uspid="325" ordinal="0" offset="0" sl="182" sc="13" el="182" ec="46" bec="0" bev="0" fileid="20" />
              </SequencePoints>
              <BranchPoints />
              <MethodPoint xsi:type="SequencePoint" vc="0" uspid="325" ordinal="0" offset="0" sl="182" sc="13" el="182" ec="46" bec="0" bev="0" fileid="20" />
            </Method>
            <Method visited="false" cyclomaticComplexity="1" nPathComplexity="0" sequenceCoverage="0" branchCoverage="0" crapScore="2" isConstructor="false" isStatic="true" isGetter="false" isSetter="false">
              <Summary numSequencePoints="1" visitedSequencePoints="0" numBranchPoints="1" visitedBranchPoints="0" sequenceCoverage="0" branchCoverage="0" maxCyclomaticComplexity="1" minCyclomaticComplexity="1" maxCrapScore="2" minCrapScore="2" visitedClasses="0" numClasses="0" visitedMethods="0" numMethods="1" />
              <MetadataToken>100663399</MetadataToken>
              <Name>System.DateTime Humanizer.In::DecemberOf(System.Int32)</Name>
              <FileRef uid="20" />
              <SequencePoints>
                <SequencePoint vc="0" uspid="326" ordinal="0" offset="0" sl="198" sc="13" el="198" ec="46" bec="0" bev="0" fileid="20" />
              </SequencePoints>
              <BranchPoints />
              <MethodPoint xsi:type="SequencePoint" vc="0" uspid="326" ordinal="0" offset="0" sl="198" sc="13" el="198" ec="46" bec="0" bev="0" fileid="20" />
            </Method>
            <Method visited="false" cyclomaticComplexity="1" nPathComplexity="0" sequenceCoverage="0" branchCoverage="0" crapScore="2" isConstructor="true" isStatic="false" isGetter="false" isSetter="false">
              <Summary numSequencePoints="0" visitedSequencePoints="0" numBranchPoints="0" visitedBranchPoints="0" sequenceCoverage="0" branchCoverage="0" maxCyclomaticComplexity="1" minCyclomaticComplexity="1" maxCrapScore="2" minCrapScore="2" visitedClasses="0" numClasses="0" visitedMethods="0" numMethods="0" />
              <MetadataToken>100663400</MetadataToken>
              <Name>System.Void Humanizer.In::.ctor()</Name>
              <SequencePoints />
              <BranchPoints />
              <MethodPoint vc="0" uspid="327" ordinal="0" offset="0" />
            </Method>
          </Methods>
        </Class>
        <Class>
          <Summary numSequencePoints="14" visitedSequencePoints="0" numBranchPoints="14" visitedBranchPoints="0" sequenceCoverage="0" branchCoverage="0" maxCyclomaticComplexity="1" minCyclomaticComplexity="1" maxCrapScore="2" minCrapScore="2" visitedClasses="0" numClasses="1" visitedMethods="0" numMethods="14" />
          <FullName>Humanizer.In/One</FullName>
          <Methods>
            <Method visited="false" cyclomaticComplexity="1" nPathComplexity="0" sequenceCoverage="0" branchCoverage="0" crapScore="2" isConstructor="false" isStatic="true" isGetter="true" isSetter="false">
              <Summary numSequencePoints="1" visitedSequencePoints="0" numBranchPoints="1" visitedBranchPoints="0" sequenceCoverage="0" branchCoverage="0" maxCyclomaticComplexity="1" minCyclomaticComplexity="1" maxCrapScore="2" minCrapScore="2" visitedClasses="0" numClasses="0" visitedMethods="0" numMethods="1" />
              <MetadataToken>100664106</MetadataToken>
              <Name>System.DateTime Humanizer.In/One::get_Second()</Name>
              <FileRef uid="21" />
              <SequencePoints>
                <SequencePoint vc="0" uspid="328" ordinal="0" offset="0" sl="20" sc="23" el="20" ec="60" bec="0" bev="0" fileid="21" />
              </SequencePoints>
              <BranchPoints />
              <MethodPoint xsi:type="SequencePoint" vc="0" uspid="328" ordinal="0" offset="0" sl="20" sc="23" el="20" ec="60" bec="0" bev="0" fileid="21" />
            </Method>
            <Method visited="false" cyclomaticComplexity="1" nPathComplexity="0" sequenceCoverage="0" branchCoverage="0" crapScore="2" isConstructor="false" isStatic="true" isGetter="true" isSetter="false">
              <Summary numSequencePoints="1" visitedSequencePoints="0" numBranchPoints="1" visitedBranchPoints="0" sequenceCoverage="0" branchCoverage="0" maxCyclomaticComplexity="1" minCyclomaticComplexity="1" maxCrapScore="2" minCrapScore="2" visitedClasses="0" numClasses="0" visitedMethods="0" numMethods="1" />
              <MetadataToken>100664108</MetadataToken>
              <Name>System.DateTime Humanizer.In/One::get_Minute()</Name>
              <FileRef uid="21" />
              <SequencePoints>
                <SequencePoint vc="0" uspid="329" ordinal="0" offset="0" sl="36" sc="23" el="36" ec="60" bec="0" bev="0" fileid="21" />
              </SequencePoints>
              <BranchPoints />
              <MethodPoint xsi:type="SequencePoint" vc="0" uspid="329" ordinal="0" offset="0" sl="36" sc="23" el="36" ec="60" bec="0" bev="0" fileid="21" />
            </Method>
            <Method visited="false" cyclomaticComplexity="1" nPathComplexity="0" sequenceCoverage="0" branchCoverage="0" crapScore="2" isConstructor="false" isStatic="true" isGetter="true" isSetter="false">
              <Summary numSequencePoints="1" visitedSequencePoints="0" numBranchPoints="1" visitedBranchPoints="0" sequenceCoverage="0" branchCoverage="0" maxCyclomaticComplexity="1" minCyclomaticComplexity="1" maxCrapScore="2" minCrapScore="2" visitedClasses="0" numClasses="0" visitedMethods="0" numMethods="1" />
              <MetadataToken>100664110</MetadataToken>
              <Name>System.DateTime Humanizer.In/One::get_Hour()</Name>
              <FileRef uid="21" />
              <SequencePoints>
                <SequencePoint vc="0" uspid="330" ordinal="0" offset="0" sl="52" sc="23" el="52" ec="58" bec="0" bev="0" fileid="21" />
              </SequencePoints>
              <BranchPoints />
              <MethodPoint xsi:type="SequencePoint" vc="0" uspid="330" ordinal="0" offset="0" sl="52" sc="23" el="52" ec="58" bec="0" bev="0" fileid="21" />
            </Method>
            <Method visited="false" cyclomaticComplexity="1" nPathComplexity="0" sequenceCoverage="0" branchCoverage="0" crapScore="2" isConstructor="false" isStatic="true" isGetter="true" isSetter="false">
              <Summary numSequencePoints="1" visitedSequencePoints="0" numBranchPoints="1" visitedBranchPoints="0" sequenceCoverage="0" branchCoverage="0" maxCyclomaticComplexity="1" minCyclomaticComplexity="1" maxCrapScore="2" minCrapScore="2" visitedClasses="0" numClasses="0" visitedMethods="0" numMethods="1" />
              <MetadataToken>100664112</MetadataToken>
              <Name>System.DateTime Humanizer.In/One::get_Day()</Name>
              <FileRef uid="21" />
              <SequencePoints>
                <SequencePoint vc="0" uspid="331" ordinal="0" offset="0" sl="68" sc="23" el="68" ec="57" bec="0" bev="0" fileid="21" />
              </SequencePoints>
              <BranchPoints />
              <MethodPoint xsi:type="SequencePoint" vc="0" uspid="331" ordinal="0" offset="0" sl="68" sc="23" el="68" ec="57" bec="0" bev="0" fileid="21" />
            </Method>
            <Method visited="false" cyclomaticComplexity="1" nPathComplexity="0" sequenceCoverage="0" branchCoverage="0" crapScore="2" isConstructor="false" isStatic="true" isGetter="true" isSetter="false">
              <Summary numSequencePoints="1" visitedSequencePoints="0" numBranchPoints="1" visitedBranchPoints="0" sequenceCoverage="0" branchCoverage="0" maxCyclomaticComplexity="1" minCyclomaticComplexity="1" maxCrapScore="2" minCrapScore="2" visitedClasses="0" numClasses="0" visitedMethods="0" numMethods="1" />
              <MetadataToken>100664114</MetadataToken>
              <Name>System.DateTime Humanizer.In/One::get_Week()</Name>
              <FileRef uid="21" />
              <SequencePoints>
                <SequencePoint vc="0" uspid="332" ordinal="0" offset="0" sl="84" sc="23" el="84" ec="57" bec="0" bev="0" fileid="21" />
              </SequencePoints>
              <BranchPoints />
              <MethodPoint xsi:type="SequencePoint" vc="0" uspid="332" ordinal="0" offset="0" sl="84" sc="23" el="84" ec="57" bec="0" bev="0" fileid="21" />
            </Method>
            <Method visited="false" cyclomaticComplexity="1" nPathComplexity="0" sequenceCoverage="0" branchCoverage="0" crapScore="2" isConstructor="false" isStatic="true" isGetter="true" isSetter="false">
              <Summary numSequencePoints="1" visitedSequencePoints="0" numBranchPoints="1" visitedBranchPoints="0" sequenceCoverage="0" branchCoverage="0" maxCyclomaticComplexity="1" minCyclomaticComplexity="1" maxCrapScore="2" minCrapScore="2" visitedClasses="0" numClasses="0" visitedMethods="0" numMethods="1" />
              <MetadataToken>100664116</MetadataToken>
              <Name>System.DateTime Humanizer.In/One::get_Month()</Name>
              <FileRef uid="21" />
              <SequencePoints>
                <SequencePoint vc="0" uspid="333" ordinal="0" offset="0" sl="100" sc="23" el="100" ec="59" bec="0" bev="0" fileid="21" />
              </SequencePoints>
              <BranchPoints />
              <MethodPoint xsi:type="SequencePoint" vc="0" uspid="333" ordinal="0" offset="0" sl="100" sc="23" el="100" ec="59" bec="0" bev="0" fileid="21" />
            </Method>
            <Method visited="false" cyclomaticComplexity="1" nPathComplexity="0" sequenceCoverage="0" branchCoverage="0" crapScore="2" isConstructor="false" isStatic="true" isGetter="true" isSetter="false">
              <Summary numSequencePoints="1" visitedSequencePoints="0" numBranchPoints="1" visitedBranchPoints="0" sequenceCoverage="0" branchCoverage="0" maxCyclomaticComplexity="1" minCyclomaticComplexity="1" maxCrapScore="2" minCrapScore="2" visitedClasses="0" numClasses="0" visitedMethods="0" numMethods="1" />
              <MetadataToken>100664118</MetadataToken>
              <Name>System.DateTime Humanizer.In/One::get_Year()</Name>
              <FileRef uid="21" />
              <SequencePoints>
                <SequencePoint vc="0" uspid="334" ordinal="0" offset="0" sl="116" sc="23" el="116" ec="58" bec="0" bev="0" fileid="21" />
              </SequencePoints>
              <BranchPoints />
              <MethodPoint xsi:type="SequencePoint" vc="0" uspid="334" ordinal="0" offset="0" sl="116" sc="23" el="116" ec="58" bec="0" bev="0" fileid="21" />
            </Method>
            <Method visited="false" cyclomaticComplexity="1" nPathComplexity="0" sequenceCoverage="0" branchCoverage="0" crapScore="2" isConstructor="false" isStatic="true" isGetter="false" isSetter="false">
              <Summary numSequencePoints="1" visitedSequencePoints="0" numBranchPoints="1" visitedBranchPoints="0" sequenceCoverage="0" branchCoverage="0" maxCyclomaticComplexity="1" minCyclomaticComplexity="1" maxCrapScore="2" minCrapScore="2" visitedClasses="0" numClasses="0" visitedMethods="0" numMethods="1" />
              <MetadataToken>100664107</MetadataToken>
              <Name>System.DateTime Humanizer.In/One::SecondFrom(System.DateTime)</Name>
              <FileRef uid="21" />
              <SequencePoints>
                <SequencePoint vc="0" uspid="335" ordinal="0" offset="0" sl="28" sc="17" el="28" ec="43" bec="0" bev="0" fileid="21" />
              </SequencePoints>
              <BranchPoints />
              <MethodPoint xsi:type="SequencePoint" vc="0" uspid="335" ordinal="0" offset="0" sl="28" sc="17" el="28" ec="43" bec="0" bev="0" fileid="21" />
            </Method>
            <Method visited="false" cyclomaticComplexity="1" nPathComplexity="0" sequenceCoverage="0" branchCoverage="0" crapScore="2" isConstructor="false" isStatic="true" isGetter="false" isSetter="false">
              <Summary numSequencePoints="1" visitedSequencePoints="0" numBranchPoints="1" visitedBranchPoints="0" sequenceCoverage="0" branchCoverage="0" maxCyclomaticComplexity="1" minCyclomaticComplexity="1" maxCrapScore="2" minCrapScore="2" visitedClasses="0" numClasses="0" visitedMethods="0" numMethods="1" />
              <MetadataToken>100664109</MetadataToken>
              <Name>System.DateTime Humanizer.In/One::MinuteFrom(System.DateTime)</Name>
              <FileRef uid="21" />
              <SequencePoints>
                <SequencePoint vc="0" uspid="336" ordinal="0" offset="0" sl="44" sc="17" el="44" ec="43" bec="0" bev="0" fileid="21" />
              </SequencePoints>
              <BranchPoints />
              <MethodPoint xsi:type="SequencePoint" vc="0" uspid="336" ordinal="0" offset="0" sl="44" sc="17" el="44" ec="43" bec="0" bev="0" fileid="21" />
            </Method>
            <Method visited="false" cyclomaticComplexity="1" nPathComplexity="0" sequenceCoverage="0" branchCoverage="0" crapScore="2" isConstructor="false" isStatic="true" isGetter="false" isSetter="false">
              <Summary numSequencePoints="1" visitedSequencePoints="0" numBranchPoints="1" visitedBranchPoints="0" sequenceCoverage="0" branchCoverage="0" maxCyclomaticComplexity="1" minCyclomaticComplexity="1" maxCrapScore="2" minCrapScore="2" visitedClasses="0" numClasses="0" visitedMethods="0" numMethods="1" />
              <MetadataToken>100664111</MetadataToken>
              <Name>System.DateTime Humanizer.In/One::HourFrom(System.DateTime)</Name>
              <FileRef uid="21" />
              <SequencePoints>
                <SequencePoint vc="0" uspid="337" ordinal="0" offset="0" sl="60" sc="17" el="60" ec="41" bec="0" bev="0" fileid="21" />
              </SequencePoints>
              <BranchPoints />
              <MethodPoint xsi:type="SequencePoint" vc="0" uspid="337" ordinal="0" offset="0" sl="60" sc="17" el="60" ec="41" bec="0" bev="0" fileid="21" />
            </Method>
            <Method visited="false" cyclomaticComplexity="1" nPathComplexity="0" sequenceCoverage="0" branchCoverage="0" crapScore="2" isConstructor="false" isStatic="true" isGetter="false" isSetter="false">
              <Summary numSequencePoints="1" visitedSequencePoints="0" numBranchPoints="1" visitedBranchPoints="0" sequenceCoverage="0" branchCoverage="0" maxCyclomaticComplexity="1" minCyclomaticComplexity="1" maxCrapScore="2" minCrapScore="2" visitedClasses="0" numClasses="0" visitedMethods="0" numMethods="1" />
              <MetadataToken>100664113</MetadataToken>
              <Name>System.DateTime Humanizer.In/One::DayFrom(System.DateTime)</Name>
              <FileRef uid="21" />
              <SequencePoints>
                <SequencePoint vc="0" uspid="338" ordinal="0" offset="0" sl="76" sc="17" el="76" ec="40" bec="0" bev="0" fileid="21" />
              </SequencePoints>
              <BranchPoints />
              <MethodPoint xsi:type="SequencePoint" vc="0" uspid="338" ordinal="0" offset="0" sl="76" sc="17" el="76" ec="40" bec="0" bev="0" fileid="21" />
            </Method>
            <Method visited="false" cyclomaticComplexity="1" nPathComplexity="0" sequenceCoverage="0" branchCoverage="0" crapScore="2" isConstructor="false" isStatic="true" isGetter="false" isSetter="false">
              <Summary numSequencePoints="1" visitedSequencePoints="0" numBranchPoints="1" visitedBranchPoints="0" sequenceCoverage="0" branchCoverage="0" maxCyclomaticComplexity="1" minCyclomaticComplexity="1" maxCrapScore="2" minCrapScore="2" visitedClasses="0" numClasses="0" visitedMethods="0" numMethods="1" />
              <MetadataToken>100664115</MetadataToken>
              <Name>System.DateTime Humanizer.In/One::WeekFrom(System.DateTime)</Name>
              <FileRef uid="21" />
              <SequencePoints>
                <SequencePoint vc="0" uspid="339" ordinal="0" offset="0" sl="92" sc="17" el="92" ec="40" bec="0" bev="0" fileid="21" />
              </SequencePoints>
              <BranchPoints />
              <MethodPoint xsi:type="SequencePoint" vc="0" uspid="339" ordinal="0" offset="0" sl="92" sc="17" el="92" ec="40" bec="0" bev="0" fileid="21" />
            </Method>
            <Method visited="false" cyclomaticComplexity="1" nPathComplexity="0" sequenceCoverage="0" branchCoverage="0" crapScore="2" isConstructor="false" isStatic="true" isGetter="false" isSetter="false">
              <Summary numSequencePoints="1" visitedSequencePoints="0" numBranchPoints="1" visitedBranchPoints="0" sequenceCoverage="0" branchCoverage="0" maxCyclomaticComplexity="1" minCyclomaticComplexity="1" maxCrapScore="2" minCrapScore="2" visitedClasses="0" numClasses="0" visitedMethods="0" numMethods="1" />
              <MetadataToken>100664117</MetadataToken>
              <Name>System.DateTime Humanizer.In/One::MonthFrom(System.DateTime)</Name>
              <FileRef uid="21" />
              <SequencePoints>
                <SequencePoint vc="0" uspid="340" ordinal="0" offset="0" sl="108" sc="17" el="108" ec="42" bec="0" bev="0" fileid="21" />
              </SequencePoints>
              <BranchPoints />
              <MethodPoint xsi:type="SequencePoint" vc="0" uspid="340" ordinal="0" offset="0" sl="108" sc="17" el="108" ec="42" bec="0" bev="0" fileid="21" />
            </Method>
            <Method visited="false" cyclomaticComplexity="1" nPathComplexity="0" sequenceCoverage="0" branchCoverage="0" crapScore="2" isConstructor="false" isStatic="true" isGetter="false" isSetter="false">
              <Summary numSequencePoints="1" visitedSequencePoints="0" numBranchPoints="1" visitedBranchPoints="0" sequenceCoverage="0" branchCoverage="0" maxCyclomaticComplexity="1" minCyclomaticComplexity="1" maxCrapScore="2" minCrapScore="2" visitedClasses="0" numClasses="0" visitedMethods="0" numMethods="1" />
              <MetadataToken>100664119</MetadataToken>
              <Name>System.DateTime Humanizer.In/One::YearFrom(System.DateTime)</Name>
              <FileRef uid="21" />
              <SequencePoints>
                <SequencePoint vc="0" uspid="341" ordinal="0" offset="0" sl="124" sc="17" el="124" ec="41" bec="0" bev="0" fileid="21" />
              </SequencePoints>
              <BranchPoints />
              <MethodPoint xsi:type="SequencePoint" vc="0" uspid="341" ordinal="0" offset="0" sl="124" sc="17" el="124" ec="41" bec="0" bev="0" fileid="21" />
            </Method>
          </Methods>
        </Class>
        <Class>
          <Summary numSequencePoints="14" visitedSequencePoints="0" numBranchPoints="14" visitedBranchPoints="0" sequenceCoverage="0" branchCoverage="0" maxCyclomaticComplexity="1" minCyclomaticComplexity="1" maxCrapScore="2" minCrapScore="2" visitedClasses="0" numClasses="1" visitedMethods="0" numMethods="14" />
          <FullName>Humanizer.In/Two</FullName>
          <Methods>
            <Method visited="false" cyclomaticComplexity="1" nPathComplexity="0" sequenceCoverage="0" branchCoverage="0" crapScore="2" isConstructor="false" isStatic="true" isGetter="true" isSetter="false">
              <Summary numSequencePoints="1" visitedSequencePoints="0" numBranchPoints="1" visitedBranchPoints="0" sequenceCoverage="0" branchCoverage="0" maxCyclomaticComplexity="1" minCyclomaticComplexity="1" maxCrapScore="2" minCrapScore="2" visitedClasses="0" numClasses="0" visitedMethods="0" numMethods="1" />
              <MetadataToken>100664120</MetadataToken>
              <Name>System.DateTime Humanizer.In/Two::get_Seconds()</Name>
              <FileRef uid="21" />
              <SequencePoints>
                <SequencePoint vc="0" uspid="342" ordinal="0" offset="0" sl="137" sc="23" el="137" ec="60" bec="0" bev="0" fileid="21" />
              </SequencePoints>
              <BranchPoints />
              <MethodPoint xsi:type="SequencePoint" vc="0" uspid="342" ordinal="0" offset="0" sl="137" sc="23" el="137" ec="60" bec="0" bev="0" fileid="21" />
            </Method>
            <Method visited="false" cyclomaticComplexity="1" nPathComplexity="0" sequenceCoverage="0" branchCoverage="0" crapScore="2" isConstructor="false" isStatic="true" isGetter="true" isSetter="false">
              <Summary numSequencePoints="1" visitedSequencePoints="0" numBranchPoints="1" visitedBranchPoints="0" sequenceCoverage="0" branchCoverage="0" maxCyclomaticComplexity="1" minCyclomaticComplexity="1" maxCrapScore="2" minCrapScore="2" visitedClasses="0" numClasses="0" visitedMethods="0" numMethods="1" />
              <MetadataToken>100664122</MetadataToken>
              <Name>System.DateTime Humanizer.In/Two::get_Minutes()</Name>
              <FileRef uid="21" />
              <SequencePoints>
                <SequencePoint vc="0" uspid="343" ordinal="0" offset="0" sl="153" sc="23" el="153" ec="60" bec="0" bev="0" fileid="21" />
              </SequencePoints>
              <BranchPoints />
              <MethodPoint xsi:type="SequencePoint" vc="0" uspid="343" ordinal="0" offset="0" sl="153" sc="23" el="153" ec="60" bec="0" bev="0" fileid="21" />
            </Method>
            <Method visited="false" cyclomaticComplexity="1" nPathComplexity="0" sequenceCoverage="0" branchCoverage="0" crapScore="2" isConstructor="false" isStatic="true" isGetter="true" isSetter="false">
              <Summary numSequencePoints="1" visitedSequencePoints="0" numBranchPoints="1" visitedBranchPoints="0" sequenceCoverage="0" branchCoverage="0" maxCyclomaticComplexity="1" minCyclomaticComplexity="1" maxCrapScore="2" minCrapScore="2" visitedClasses="0" numClasses="0" visitedMethods="0" numMethods="1" />
              <MetadataToken>100664124</MetadataToken>
              <Name>System.DateTime Humanizer.In/Two::get_Hours()</Name>
              <FileRef uid="21" />
              <SequencePoints>
                <SequencePoint vc="0" uspid="344" ordinal="0" offset="0" sl="169" sc="23" el="169" ec="58" bec="0" bev="0" fileid="21" />
              </SequencePoints>
              <BranchPoints />
              <MethodPoint xsi:type="SequencePoint" vc="0" uspid="344" ordinal="0" offset="0" sl="169" sc="23" el="169" ec="58" bec="0" bev="0" fileid="21" />
            </Method>
            <Method visited="false" cyclomaticComplexity="1" nPathComplexity="0" sequenceCoverage="0" branchCoverage="0" crapScore="2" isConstructor="false" isStatic="true" isGetter="true" isSetter="false">
              <Summary numSequencePoints="1" visitedSequencePoints="0" numBranchPoints="1" visitedBranchPoints="0" sequenceCoverage="0" branchCoverage="0" maxCyclomaticComplexity="1" minCyclomaticComplexity="1" maxCrapScore="2" minCrapScore="2" visitedClasses="0" numClasses="0" visitedMethods="0" numMethods="1" />
              <MetadataToken>100664126</MetadataToken>
              <Name>System.DateTime Humanizer.In/Two::get_Days()</Name>
              <FileRef uid="21" />
              <SequencePoints>
                <SequencePoint vc="0" uspid="345" ordinal="0" offset="0" sl="185" sc="23" el="185" ec="57" bec="0" bev="0" fileid="21" />
              </SequencePoints>
              <BranchPoints />
              <MethodPoint xsi:type="SequencePoint" vc="0" uspid="345" ordinal="0" offset="0" sl="185" sc="23" el="185" ec="57" bec="0" bev="0" fileid="21" />
            </Method>
            <Method visited="false" cyclomaticComplexity="1" nPathComplexity="0" sequenceCoverage="0" branchCoverage="0" crapScore="2" isConstructor="false" isStatic="true" isGetter="true" isSetter="false">
              <Summary numSequencePoints="1" visitedSequencePoints="0" numBranchPoints="1" visitedBranchPoints="0" sequenceCoverage="0" branchCoverage="0" maxCyclomaticComplexity="1" minCyclomaticComplexity="1" maxCrapScore="2" minCrapScore="2" visitedClasses="0" numClasses="0" visitedMethods="0" numMethods="1" />
              <MetadataToken>100664128</MetadataToken>
              <Name>System.DateTime Humanizer.In/Two::get_Weeks()</Name>
              <FileRef uid="21" />
              <SequencePoints>
                <SequencePoint vc="0" uspid="346" ordinal="0" offset="0" sl="201" sc="23" el="201" ec="58" bec="0" bev="0" fileid="21" />
              </SequencePoints>
              <BranchPoints />
              <MethodPoint xsi:type="SequencePoint" vc="0" uspid="346" ordinal="0" offset="0" sl="201" sc="23" el="201" ec="58" bec="0" bev="0" fileid="21" />
            </Method>
            <Method visited="false" cyclomaticComplexity="1" nPathComplexity="0" sequenceCoverage="0" branchCoverage="0" crapScore="2" isConstructor="false" isStatic="true" isGetter="true" isSetter="false">
              <Summary numSequencePoints="1" visitedSequencePoints="0" numBranchPoints="1" visitedBranchPoints="0" sequenceCoverage="0" branchCoverage="0" maxCyclomaticComplexity="1" minCyclomaticComplexity="1" maxCrapScore="2" minCrapScore="2" visitedClasses="0" numClasses="0" visitedMethods="0" numMethods="1" />
              <MetadataToken>100664130</MetadataToken>
              <Name>System.DateTime Humanizer.In/Two::get_Months()</Name>
              <FileRef uid="21" />
              <SequencePoints>
                <SequencePoint vc="0" uspid="347" ordinal="0" offset="0" sl="217" sc="23" el="217" ec="59" bec="0" bev="0" fileid="21" />
              </SequencePoints>
              <BranchPoints />
              <MethodPoint xsi:type="SequencePoint" vc="0" uspid="347" ordinal="0" offset="0" sl="217" sc="23" el="217" ec="59" bec="0" bev="0" fileid="21" />
            </Method>
            <Method visited="false" cyclomaticComplexity="1" nPathComplexity="0" sequenceCoverage="0" branchCoverage="0" crapScore="2" isConstructor="false" isStatic="true" isGetter="true" isSetter="false">
              <Summary numSequencePoints="1" visitedSequencePoints="0" numBranchPoints="1" visitedBranchPoints="0" sequenceCoverage="0" branchCoverage="0" maxCyclomaticComplexity="1" minCyclomaticComplexity="1" maxCrapScore="2" minCrapScore="2" visitedClasses="0" numClasses="0" visitedMethods="0" numMethods="1" />
              <MetadataToken>100664132</MetadataToken>
              <Name>System.DateTime Humanizer.In/Two::get_Years()</Name>
              <FileRef uid="21" />
              <SequencePoints>
                <SequencePoint vc="0" uspid="348" ordinal="0" offset="0" sl="233" sc="23" el="233" ec="58" bec="0" bev="0" fileid="21" />
              </SequencePoints>
              <BranchPoints />
              <MethodPoint xsi:type="SequencePoint" vc="0" uspid="348" ordinal="0" offset="0" sl="233" sc="23" el="233" ec="58" bec="0" bev="0" fileid="21" />
            </Method>
            <Method visited="false" cyclomaticComplexity="1" nPathComplexity="0" sequenceCoverage="0" branchCoverage="0" crapScore="2" isConstructor="false" isStatic="true" isGetter="false" isSetter="false">
              <Summary numSequencePoints="1" visitedSequencePoints="0" numBranchPoints="1" visitedBranchPoints="0" sequenceCoverage="0" branchCoverage="0" maxCyclomaticComplexity="1" minCyclomaticComplexity="1" maxCrapScore="2" minCrapScore="2" visitedClasses="0" numClasses="0" visitedMethods="0" numMethods="1" />
              <MetadataToken>100664121</MetadataToken>
              <Name>System.DateTime Humanizer.In/Two::SecondsFrom(System.DateTime)</Name>
              <FileRef uid="21" />
              <SequencePoints>
                <SequencePoint vc="0" uspid="349" ordinal="0" offset="0" sl="145" sc="17" el="145" ec="43" bec="0" bev="0" fileid="21" />
              </SequencePoints>
              <BranchPoints />
              <MethodPoint xsi:type="SequencePoint" vc="0" uspid="349" ordinal="0" offset="0" sl="145" sc="17" el="145" ec="43" bec="0" bev="0" fileid="21" />
            </Method>
            <Method visited="false" cyclomaticComplexity="1" nPathComplexity="0" sequenceCoverage="0" branchCoverage="0" crapScore="2" isConstructor="false" isStatic="true" isGetter="false" isSetter="false">
              <Summary numSequencePoints="1" visitedSequencePoints="0" numBranchPoints="1" visitedBranchPoints="0" sequenceCoverage="0" branchCoverage="0" maxCyclomaticComplexity="1" minCyclomaticComplexity="1" maxCrapScore="2" minCrapScore="2" visitedClasses="0" numClasses="0" visitedMethods="0" numMethods="1" />
              <MetadataToken>100664123</MetadataToken>
              <Name>System.DateTime Humanizer.In/Two::MinutesFrom(System.DateTime)</Name>
              <FileRef uid="21" />
              <SequencePoints>
                <SequencePoint vc="0" uspid="350" ordinal="0" offset="0" sl="161" sc="17" el="161" ec="43" bec="0" bev="0" fileid="21" />
              </SequencePoints>
              <BranchPoints />
              <MethodPoint xsi:type="SequencePoint" vc="0" uspid="350" ordinal="0" offset="0" sl="161" sc="17" el="161" ec="43" bec="0" bev="0" fileid="21" />
            </Method>
            <Method visited="false" cyclomaticComplexity="1" nPathComplexity="0" sequenceCoverage="0" branchCoverage="0" crapScore="2" isConstructor="false" isStatic="true" isGetter="false" isSetter="false">
              <Summary numSequencePoints="1" visitedSequencePoints="0" numBranchPoints="1" visitedBranchPoints="0" sequenceCoverage="0" branchCoverage="0" maxCyclomaticComplexity="1" minCyclomaticComplexity="1" maxCrapScore="2" minCrapScore="2" visitedClasses="0" numClasses="0" visitedMethods="0" numMethods="1" />
              <MetadataToken>100664125</MetadataToken>
              <Name>System.DateTime Humanizer.In/Two::HoursFrom(System.DateTime)</Name>
              <FileRef uid="21" />
              <SequencePoints>
                <SequencePoint vc="0" uspid="351" ordinal="0" offset="0" sl="177" sc="17" el="177" ec="41" bec="0" bev="0" fileid="21" />
              </SequencePoints>
              <BranchPoints />
              <MethodPoint xsi:type="SequencePoint" vc="0" uspid="351" ordinal="0" offset="0" sl="177" sc="17" el="177" ec="41" bec="0" bev="0" fileid="21" />
            </Method>
            <Method visited="false" cyclomaticComplexity="1" nPathComplexity="0" sequenceCoverage="0" branchCoverage="0" crapScore="2" isConstructor="false" isStatic="true" isGetter="false" isSetter="false">
              <Summary numSequencePoints="1" visitedSequencePoints="0" numBranchPoints="1" visitedBranchPoints="0" sequenceCoverage="0" branchCoverage="0" maxCyclomaticComplexity="1" minCyclomaticComplexity="1" maxCrapScore="2" minCrapScore="2" visitedClasses="0" numClasses="0" visitedMethods="0" numMethods="1" />
              <MetadataToken>100664127</MetadataToken>
              <Name>System.DateTime Humanizer.In/Two::DaysFrom(System.DateTime)</Name>
              <FileRef uid="21" />
              <SequencePoints>
                <SequencePoint vc="0" uspid="352" ordinal="0" offset="0" sl="193" sc="17" el="193" ec="40" bec="0" bev="0" fileid="21" />
              </SequencePoints>
              <BranchPoints />
              <MethodPoint xsi:type="SequencePoint" vc="0" uspid="352" ordinal="0" offset="0" sl="193" sc="17" el="193" ec="40" bec="0" bev="0" fileid="21" />
            </Method>
            <Method visited="false" cyclomaticComplexity="1" nPathComplexity="0" sequenceCoverage="0" branchCoverage="0" crapScore="2" isConstructor="false" isStatic="true" isGetter="false" isSetter="false">
              <Summary numSequencePoints="1" visitedSequencePoints="0" numBranchPoints="1" visitedBranchPoints="0" sequenceCoverage="0" branchCoverage="0" maxCyclomaticComplexity="1" minCyclomaticComplexity="1" maxCrapScore="2" minCrapScore="2" visitedClasses="0" numClasses="0" visitedMethods="0" numMethods="1" />
              <MetadataToken>100664129</MetadataToken>
              <Name>System.DateTime Humanizer.In/Two::WeeksFrom(System.DateTime)</Name>
              <FileRef uid="21" />
              <SequencePoints>
                <SequencePoint vc="0" uspid="353" ordinal="0" offset="0" sl="209" sc="17" el="209" ec="41" bec="0" bev="0" fileid="21" />
              </SequencePoints>
              <BranchPoints />
              <MethodPoint xsi:type="SequencePoint" vc="0" uspid="353" ordinal="0" offset="0" sl="209" sc="17" el="209" ec="41" bec="0" bev="0" fileid="21" />
            </Method>
            <Method visited="false" cyclomaticComplexity="1" nPathComplexity="0" sequenceCoverage="0" branchCoverage="0" crapScore="2" isConstructor="false" isStatic="true" isGetter="false" isSetter="false">
              <Summary numSequencePoints="1" visitedSequencePoints="0" numBranchPoints="1" visitedBranchPoints="0" sequenceCoverage="0" branchCoverage="0" maxCyclomaticComplexity="1" minCyclomaticComplexity="1" maxCrapScore="2" minCrapScore="2" visitedClasses="0" numClasses="0" visitedMethods="0" numMethods="1" />
              <MetadataToken>100664131</MetadataToken>
              <Name>System.DateTime Humanizer.In/Two::MonthsFrom(System.DateTime)</Name>
              <FileRef uid="21" />
              <SequencePoints>
                <SequencePoint vc="0" uspid="354" ordinal="0" offset="0" sl="225" sc="17" el="225" ec="42" bec="0" bev="0" fileid="21" />
              </SequencePoints>
              <BranchPoints />
              <MethodPoint xsi:type="SequencePoint" vc="0" uspid="354" ordinal="0" offset="0" sl="225" sc="17" el="225" ec="42" bec="0" bev="0" fileid="21" />
            </Method>
            <Method visited="false" cyclomaticComplexity="1" nPathComplexity="0" sequenceCoverage="0" branchCoverage="0" crapScore="2" isConstructor="false" isStatic="true" isGetter="false" isSetter="false">
              <Summary numSequencePoints="1" visitedSequencePoints="0" numBranchPoints="1" visitedBranchPoints="0" sequenceCoverage="0" branchCoverage="0" maxCyclomaticComplexity="1" minCyclomaticComplexity="1" maxCrapScore="2" minCrapScore="2" visitedClasses="0" numClasses="0" visitedMethods="0" numMethods="1" />
              <MetadataToken>100664133</MetadataToken>
              <Name>System.DateTime Humanizer.In/Two::YearsFrom(System.DateTime)</Name>
              <FileRef uid="21" />
              <SequencePoints>
                <SequencePoint vc="0" uspid="355" ordinal="0" offset="0" sl="241" sc="17" el="241" ec="41" bec="0" bev="0" fileid="21" />
              </SequencePoints>
              <BranchPoints />
              <MethodPoint xsi:type="SequencePoint" vc="0" uspid="355" ordinal="0" offset="0" sl="241" sc="17" el="241" ec="41" bec="0" bev="0" fileid="21" />
            </Method>
          </Methods>
        </Class>
        <Class>
          <Summary numSequencePoints="14" visitedSequencePoints="0" numBranchPoints="14" visitedBranchPoints="0" sequenceCoverage="0" branchCoverage="0" maxCyclomaticComplexity="1" minCyclomaticComplexity="1" maxCrapScore="2" minCrapScore="2" visitedClasses="0" numClasses="1" visitedMethods="0" numMethods="14" />
          <FullName>Humanizer.In/Three</FullName>
          <Methods>
            <Method visited="false" cyclomaticComplexity="1" nPathComplexity="0" sequenceCoverage="0" branchCoverage="0" crapScore="2" isConstructor="false" isStatic="true" isGetter="true" isSetter="false">
              <Summary numSequencePoints="1" visitedSequencePoints="0" numBranchPoints="1" visitedBranchPoints="0" sequenceCoverage="0" branchCoverage="0" maxCyclomaticComplexity="1" minCyclomaticComplexity="1" maxCrapScore="2" minCrapScore="2" visitedClasses="0" numClasses="0" visitedMethods="0" numMethods="1" />
              <MetadataToken>100664134</MetadataToken>
              <Name>System.DateTime Humanizer.In/Three::get_Seconds()</Name>
              <FileRef uid="21" />
              <SequencePoints>
                <SequencePoint vc="0" uspid="356" ordinal="0" offset="0" sl="254" sc="23" el="254" ec="60" bec="0" bev="0" fileid="21" />
              </SequencePoints>
              <BranchPoints />
              <MethodPoint xsi:type="SequencePoint" vc="0" uspid="356" ordinal="0" offset="0" sl="254" sc="23" el="254" ec="60" bec="0" bev="0" fileid="21" />
            </Method>
            <Method visited="false" cyclomaticComplexity="1" nPathComplexity="0" sequenceCoverage="0" branchCoverage="0" crapScore="2" isConstructor="false" isStatic="true" isGetter="true" isSetter="false">
              <Summary numSequencePoints="1" visitedSequencePoints="0" numBranchPoints="1" visitedBranchPoints="0" sequenceCoverage="0" branchCoverage="0" maxCyclomaticComplexity="1" minCyclomaticComplexity="1" maxCrapScore="2" minCrapScore="2" visitedClasses="0" numClasses="0" visitedMethods="0" numMethods="1" />
              <MetadataToken>100664136</MetadataToken>
              <Name>System.DateTime Humanizer.In/Three::get_Minutes()</Name>
              <FileRef uid="21" />
              <SequencePoints>
                <SequencePoint vc="0" uspid="357" ordinal="0" offset="0" sl="270" sc="23" el="270" ec="60" bec="0" bev="0" fileid="21" />
              </SequencePoints>
              <BranchPoints />
              <MethodPoint xsi:type="SequencePoint" vc="0" uspid="357" ordinal="0" offset="0" sl="270" sc="23" el="270" ec="60" bec="0" bev="0" fileid="21" />
            </Method>
            <Method visited="false" cyclomaticComplexity="1" nPathComplexity="0" sequenceCoverage="0" branchCoverage="0" crapScore="2" isConstructor="false" isStatic="true" isGetter="true" isSetter="false">
              <Summary numSequencePoints="1" visitedSequencePoints="0" numBranchPoints="1" visitedBranchPoints="0" sequenceCoverage="0" branchCoverage="0" maxCyclomaticComplexity="1" minCyclomaticComplexity="1" maxCrapScore="2" minCrapScore="2" visitedClasses="0" numClasses="0" visitedMethods="0" numMethods="1" />
              <MetadataToken>100664138</MetadataToken>
              <Name>System.DateTime Humanizer.In/Three::get_Hours()</Name>
              <FileRef uid="21" />
              <SequencePoints>
                <SequencePoint vc="0" uspid="358" ordinal="0" offset="0" sl="286" sc="23" el="286" ec="58" bec="0" bev="0" fileid="21" />
              </SequencePoints>
              <BranchPoints />
              <MethodPoint xsi:type="SequencePoint" vc="0" uspid="358" ordinal="0" offset="0" sl="286" sc="23" el="286" ec="58" bec="0" bev="0" fileid="21" />
            </Method>
            <Method visited="false" cyclomaticComplexity="1" nPathComplexity="0" sequenceCoverage="0" branchCoverage="0" crapScore="2" isConstructor="false" isStatic="true" isGetter="true" isSetter="false">
              <Summary numSequencePoints="1" visitedSequencePoints="0" numBranchPoints="1" visitedBranchPoints="0" sequenceCoverage="0" branchCoverage="0" maxCyclomaticComplexity="1" minCyclomaticComplexity="1" maxCrapScore="2" minCrapScore="2" visitedClasses="0" numClasses="0" visitedMethods="0" numMethods="1" />
              <MetadataToken>100664140</MetadataToken>
              <Name>System.DateTime Humanizer.In/Three::get_Days()</Name>
              <FileRef uid="21" />
              <SequencePoints>
                <SequencePoint vc="0" uspid="359" ordinal="0" offset="0" sl="302" sc="23" el="302" ec="57" bec="0" bev="0" fileid="21" />
              </SequencePoints>
              <BranchPoints />
              <MethodPoint xsi:type="SequencePoint" vc="0" uspid="359" ordinal="0" offset="0" sl="302" sc="23" el="302" ec="57" bec="0" bev="0" fileid="21" />
            </Method>
            <Method visited="false" cyclomaticComplexity="1" nPathComplexity="0" sequenceCoverage="0" branchCoverage="0" crapScore="2" isConstructor="false" isStatic="true" isGetter="true" isSetter="false">
              <Summary numSequencePoints="1" visitedSequencePoints="0" numBranchPoints="1" visitedBranchPoints="0" sequenceCoverage="0" branchCoverage="0" maxCyclomaticComplexity="1" minCyclomaticComplexity="1" maxCrapScore="2" minCrapScore="2" visitedClasses="0" numClasses="0" visitedMethods="0" numMethods="1" />
              <MetadataToken>100664142</MetadataToken>
              <Name>System.DateTime Humanizer.In/Three::get_Weeks()</Name>
              <FileRef uid="21" />
              <SequencePoints>
                <SequencePoint vc="0" uspid="360" ordinal="0" offset="0" sl="318" sc="23" el="318" ec="58" bec="0" bev="0" fileid="21" />
              </SequencePoints>
              <BranchPoints />
              <MethodPoint xsi:type="SequencePoint" vc="0" uspid="360" ordinal="0" offset="0" sl="318" sc="23" el="318" ec="58" bec="0" bev="0" fileid="21" />
            </Method>
            <Method visited="false" cyclomaticComplexity="1" nPathComplexity="0" sequenceCoverage="0" branchCoverage="0" crapScore="2" isConstructor="false" isStatic="true" isGetter="true" isSetter="false">
              <Summary numSequencePoints="1" visitedSequencePoints="0" numBranchPoints="1" visitedBranchPoints="0" sequenceCoverage="0" branchCoverage="0" maxCyclomaticComplexity="1" minCyclomaticComplexity="1" maxCrapScore="2" minCrapScore="2" visitedClasses="0" numClasses="0" visitedMethods="0" numMethods="1" />
              <MetadataToken>100664144</MetadataToken>
              <Name>System.DateTime Humanizer.In/Three::get_Months()</Name>
              <FileRef uid="21" />
              <SequencePoints>
                <SequencePoint vc="0" uspid="361" ordinal="0" offset="0" sl="334" sc="23" el="334" ec="59" bec="0" bev="0" fileid="21" />
              </SequencePoints>
              <BranchPoints />
              <MethodPoint xsi:type="SequencePoint" vc="0" uspid="361" ordinal="0" offset="0" sl="334" sc="23" el="334" ec="59" bec="0" bev="0" fileid="21" />
            </Method>
            <Method visited="false" cyclomaticComplexity="1" nPathComplexity="0" sequenceCoverage="0" branchCoverage="0" crapScore="2" isConstructor="false" isStatic="true" isGetter="true" isSetter="false">
              <Summary numSequencePoints="1" visitedSequencePoints="0" numBranchPoints="1" visitedBranchPoints="0" sequenceCoverage="0" branchCoverage="0" maxCyclomaticComplexity="1" minCyclomaticComplexity="1" maxCrapScore="2" minCrapScore="2" visitedClasses="0" numClasses="0" visitedMethods="0" numMethods="1" />
              <MetadataToken>100664146</MetadataToken>
              <Name>System.DateTime Humanizer.In/Three::get_Years()</Name>
              <FileRef uid="21" />
              <SequencePoints>
                <SequencePoint vc="0" uspid="362" ordinal="0" offset="0" sl="350" sc="23" el="350" ec="58" bec="0" bev="0" fileid="21" />
              </SequencePoints>
              <BranchPoints />
              <MethodPoint xsi:type="SequencePoint" vc="0" uspid="362" ordinal="0" offset="0" sl="350" sc="23" el="350" ec="58" bec="0" bev="0" fileid="21" />
            </Method>
            <Method visited="false" cyclomaticComplexity="1" nPathComplexity="0" sequenceCoverage="0" branchCoverage="0" crapScore="2" isConstructor="false" isStatic="true" isGetter="false" isSetter="false">
              <Summary numSequencePoints="1" visitedSequencePoints="0" numBranchPoints="1" visitedBranchPoints="0" sequenceCoverage="0" branchCoverage="0" maxCyclomaticComplexity="1" minCyclomaticComplexity="1" maxCrapScore="2" minCrapScore="2" visitedClasses="0" numClasses="0" visitedMethods="0" numMethods="1" />
              <MetadataToken>100664135</MetadataToken>
              <Name>System.DateTime Humanizer.In/Three::SecondsFrom(System.DateTime)</Name>
              <FileRef uid="21" />
              <SequencePoints>
                <SequencePoint vc="0" uspid="363" ordinal="0" offset="0" sl="262" sc="17" el="262" ec="43" bec="0" bev="0" fileid="21" />
              </SequencePoints>
              <BranchPoints />
              <MethodPoint xsi:type="SequencePoint" vc="0" uspid="363" ordinal="0" offset="0" sl="262" sc="17" el="262" ec="43" bec="0" bev="0" fileid="21" />
            </Method>
            <Method visited="false" cyclomaticComplexity="1" nPathComplexity="0" sequenceCoverage="0" branchCoverage="0" crapScore="2" isConstructor="false" isStatic="true" isGetter="false" isSetter="false">
              <Summary numSequencePoints="1" visitedSequencePoints="0" numBranchPoints="1" visitedBranchPoints="0" sequenceCoverage="0" branchCoverage="0" maxCyclomaticComplexity="1" minCyclomaticComplexity="1" maxCrapScore="2" minCrapScore="2" visitedClasses="0" numClasses="0" visitedMethods="0" numMethods="1" />
              <MetadataToken>100664137</MetadataToken>
              <Name>System.DateTime Humanizer.In/Three::MinutesFrom(System.DateTime)</Name>
              <FileRef uid="21" />
              <SequencePoints>
                <SequencePoint vc="0" uspid="364" ordinal="0" offset="0" sl="278" sc="17" el="278" ec="43" bec="0" bev="0" fileid="21" />
              </SequencePoints>
              <BranchPoints />
              <MethodPoint xsi:type="SequencePoint" vc="0" uspid="364" ordinal="0" offset="0" sl="278" sc="17" el="278" ec="43" bec="0" bev="0" fileid="21" />
            </Method>
            <Method visited="false" cyclomaticComplexity="1" nPathComplexity="0" sequenceCoverage="0" branchCoverage="0" crapScore="2" isConstructor="false" isStatic="true" isGetter="false" isSetter="false">
              <Summary numSequencePoints="1" visitedSequencePoints="0" numBranchPoints="1" visitedBranchPoints="0" sequenceCoverage="0" branchCoverage="0" maxCyclomaticComplexity="1" minCyclomaticComplexity="1" maxCrapScore="2" minCrapScore="2" visitedClasses="0" numClasses="0" visitedMethods="0" numMethods="1" />
              <MetadataToken>100664139</MetadataToken>
              <Name>System.DateTime Humanizer.In/Three::HoursFrom(System.DateTime)</Name>
              <FileRef uid="21" />
              <SequencePoints>
                <SequencePoint vc="0" uspid="365" ordinal="0" offset="0" sl="294" sc="17" el="294" ec="41" bec="0" bev="0" fileid="21" />
              </SequencePoints>
              <BranchPoints />
              <MethodPoint xsi:type="SequencePoint" vc="0" uspid="365" ordinal="0" offset="0" sl="294" sc="17" el="294" ec="41" bec="0" bev="0" fileid="21" />
            </Method>
            <Method visited="false" cyclomaticComplexity="1" nPathComplexity="0" sequenceCoverage="0" branchCoverage="0" crapScore="2" isConstructor="false" isStatic="true" isGetter="false" isSetter="false">
              <Summary numSequencePoints="1" visitedSequencePoints="0" numBranchPoints="1" visitedBranchPoints="0" sequenceCoverage="0" branchCoverage="0" maxCyclomaticComplexity="1" minCyclomaticComplexity="1" maxCrapScore="2" minCrapScore="2" visitedClasses="0" numClasses="0" visitedMethods="0" numMethods="1" />
              <MetadataToken>100664141</MetadataToken>
              <Name>System.DateTime Humanizer.In/Three::DaysFrom(System.DateTime)</Name>
              <FileRef uid="21" />
              <SequencePoints>
                <SequencePoint vc="0" uspid="366" ordinal="0" offset="0" sl="310" sc="17" el="310" ec="40" bec="0" bev="0" fileid="21" />
              </SequencePoints>
              <BranchPoints />
              <MethodPoint xsi:type="SequencePoint" vc="0" uspid="366" ordinal="0" offset="0" sl="310" sc="17" el="310" ec="40" bec="0" bev="0" fileid="21" />
            </Method>
            <Method visited="false" cyclomaticComplexity="1" nPathComplexity="0" sequenceCoverage="0" branchCoverage="0" crapScore="2" isConstructor="false" isStatic="true" isGetter="false" isSetter="false">
              <Summary numSequencePoints="1" visitedSequencePoints="0" numBranchPoints="1" visitedBranchPoints="0" sequenceCoverage="0" branchCoverage="0" maxCyclomaticComplexity="1" minCyclomaticComplexity="1" maxCrapScore="2" minCrapScore="2" visitedClasses="0" numClasses="0" visitedMethods="0" numMethods="1" />
              <MetadataToken>100664143</MetadataToken>
              <Name>System.DateTime Humanizer.In/Three::WeeksFrom(System.DateTime)</Name>
              <FileRef uid="21" />
              <SequencePoints>
                <SequencePoint vc="0" uspid="367" ordinal="0" offset="0" sl="326" sc="17" el="326" ec="41" bec="0" bev="0" fileid="21" />
              </SequencePoints>
              <BranchPoints />
              <MethodPoint xsi:type="SequencePoint" vc="0" uspid="367" ordinal="0" offset="0" sl="326" sc="17" el="326" ec="41" bec="0" bev="0" fileid="21" />
            </Method>
            <Method visited="false" cyclomaticComplexity="1" nPathComplexity="0" sequenceCoverage="0" branchCoverage="0" crapScore="2" isConstructor="false" isStatic="true" isGetter="false" isSetter="false">
              <Summary numSequencePoints="1" visitedSequencePoints="0" numBranchPoints="1" visitedBranchPoints="0" sequenceCoverage="0" branchCoverage="0" maxCyclomaticComplexity="1" minCyclomaticComplexity="1" maxCrapScore="2" minCrapScore="2" visitedClasses="0" numClasses="0" visitedMethods="0" numMethods="1" />
              <MetadataToken>100664145</MetadataToken>
              <Name>System.DateTime Humanizer.In/Three::MonthsFrom(System.DateTime)</Name>
              <FileRef uid="21" />
              <SequencePoints>
                <SequencePoint vc="0" uspid="368" ordinal="0" offset="0" sl="342" sc="17" el="342" ec="42" bec="0" bev="0" fileid="21" />
              </SequencePoints>
              <BranchPoints />
              <MethodPoint xsi:type="SequencePoint" vc="0" uspid="368" ordinal="0" offset="0" sl="342" sc="17" el="342" ec="42" bec="0" bev="0" fileid="21" />
            </Method>
            <Method visited="false" cyclomaticComplexity="1" nPathComplexity="0" sequenceCoverage="0" branchCoverage="0" crapScore="2" isConstructor="false" isStatic="true" isGetter="false" isSetter="false">
              <Summary numSequencePoints="1" visitedSequencePoints="0" numBranchPoints="1" visitedBranchPoints="0" sequenceCoverage="0" branchCoverage="0" maxCyclomaticComplexity="1" minCyclomaticComplexity="1" maxCrapScore="2" minCrapScore="2" visitedClasses="0" numClasses="0" visitedMethods="0" numMethods="1" />
              <MetadataToken>100664147</MetadataToken>
              <Name>System.DateTime Humanizer.In/Three::YearsFrom(System.DateTime)</Name>
              <FileRef uid="21" />
              <SequencePoints>
                <SequencePoint vc="0" uspid="369" ordinal="0" offset="0" sl="358" sc="17" el="358" ec="41" bec="0" bev="0" fileid="21" />
              </SequencePoints>
              <BranchPoints />
              <MethodPoint xsi:type="SequencePoint" vc="0" uspid="369" ordinal="0" offset="0" sl="358" sc="17" el="358" ec="41" bec="0" bev="0" fileid="21" />
            </Method>
          </Methods>
        </Class>
        <Class>
          <Summary numSequencePoints="14" visitedSequencePoints="0" numBranchPoints="14" visitedBranchPoints="0" sequenceCoverage="0" branchCoverage="0" maxCyclomaticComplexity="1" minCyclomaticComplexity="1" maxCrapScore="2" minCrapScore="2" visitedClasses="0" numClasses="1" visitedMethods="0" numMethods="14" />
          <FullName>Humanizer.In/Four</FullName>
          <Methods>
            <Method visited="false" cyclomaticComplexity="1" nPathComplexity="0" sequenceCoverage="0" branchCoverage="0" crapScore="2" isConstructor="false" isStatic="true" isGetter="true" isSetter="false">
              <Summary numSequencePoints="1" visitedSequencePoints="0" numBranchPoints="1" visitedBranchPoints="0" sequenceCoverage="0" branchCoverage="0" maxCyclomaticComplexity="1" minCyclomaticComplexity="1" maxCrapScore="2" minCrapScore="2" visitedClasses="0" numClasses="0" visitedMethods="0" numMethods="1" />
              <MetadataToken>100664148</MetadataToken>
              <Name>System.DateTime Humanizer.In/Four::get_Seconds()</Name>
              <FileRef uid="21" />
              <SequencePoints>
                <SequencePoint vc="0" uspid="370" ordinal="0" offset="0" sl="371" sc="23" el="371" ec="60" bec="0" bev="0" fileid="21" />
              </SequencePoints>
              <BranchPoints />
              <MethodPoint xsi:type="SequencePoint" vc="0" uspid="370" ordinal="0" offset="0" sl="371" sc="23" el="371" ec="60" bec="0" bev="0" fileid="21" />
            </Method>
            <Method visited="false" cyclomaticComplexity="1" nPathComplexity="0" sequenceCoverage="0" branchCoverage="0" crapScore="2" isConstructor="false" isStatic="true" isGetter="true" isSetter="false">
              <Summary numSequencePoints="1" visitedSequencePoints="0" numBranchPoints="1" visitedBranchPoints="0" sequenceCoverage="0" branchCoverage="0" maxCyclomaticComplexity="1" minCyclomaticComplexity="1" maxCrapScore="2" minCrapScore="2" visitedClasses="0" numClasses="0" visitedMethods="0" numMethods="1" />
              <MetadataToken>100664150</MetadataToken>
              <Name>System.DateTime Humanizer.In/Four::get_Minutes()</Name>
              <FileRef uid="21" />
              <SequencePoints>
                <SequencePoint vc="0" uspid="371" ordinal="0" offset="0" sl="387" sc="23" el="387" ec="60" bec="0" bev="0" fileid="21" />
              </SequencePoints>
              <BranchPoints />
              <MethodPoint xsi:type="SequencePoint" vc="0" uspid="371" ordinal="0" offset="0" sl="387" sc="23" el="387" ec="60" bec="0" bev="0" fileid="21" />
            </Method>
            <Method visited="false" cyclomaticComplexity="1" nPathComplexity="0" sequenceCoverage="0" branchCoverage="0" crapScore="2" isConstructor="false" isStatic="true" isGetter="true" isSetter="false">
              <Summary numSequencePoints="1" visitedSequencePoints="0" numBranchPoints="1" visitedBranchPoints="0" sequenceCoverage="0" branchCoverage="0" maxCyclomaticComplexity="1" minCyclomaticComplexity="1" maxCrapScore="2" minCrapScore="2" visitedClasses="0" numClasses="0" visitedMethods="0" numMethods="1" />
              <MetadataToken>100664152</MetadataToken>
              <Name>System.DateTime Humanizer.In/Four::get_Hours()</Name>
              <FileRef uid="21" />
              <SequencePoints>
                <SequencePoint vc="0" uspid="372" ordinal="0" offset="0" sl="403" sc="23" el="403" ec="58" bec="0" bev="0" fileid="21" />
              </SequencePoints>
              <BranchPoints />
              <MethodPoint xsi:type="SequencePoint" vc="0" uspid="372" ordinal="0" offset="0" sl="403" sc="23" el="403" ec="58" bec="0" bev="0" fileid="21" />
            </Method>
            <Method visited="false" cyclomaticComplexity="1" nPathComplexity="0" sequenceCoverage="0" branchCoverage="0" crapScore="2" isConstructor="false" isStatic="true" isGetter="true" isSetter="false">
              <Summary numSequencePoints="1" visitedSequencePoints="0" numBranchPoints="1" visitedBranchPoints="0" sequenceCoverage="0" branchCoverage="0" maxCyclomaticComplexity="1" minCyclomaticComplexity="1" maxCrapScore="2" minCrapScore="2" visitedClasses="0" numClasses="0" visitedMethods="0" numMethods="1" />
              <MetadataToken>100664154</MetadataToken>
              <Name>System.DateTime Humanizer.In/Four::get_Days()</Name>
              <FileRef uid="21" />
              <SequencePoints>
                <SequencePoint vc="0" uspid="373" ordinal="0" offset="0" sl="419" sc="23" el="419" ec="57" bec="0" bev="0" fileid="21" />
              </SequencePoints>
              <BranchPoints />
              <MethodPoint xsi:type="SequencePoint" vc="0" uspid="373" ordinal="0" offset="0" sl="419" sc="23" el="419" ec="57" bec="0" bev="0" fileid="21" />
            </Method>
            <Method visited="false" cyclomaticComplexity="1" nPathComplexity="0" sequenceCoverage="0" branchCoverage="0" crapScore="2" isConstructor="false" isStatic="true" isGetter="true" isSetter="false">
              <Summary numSequencePoints="1" visitedSequencePoints="0" numBranchPoints="1" visitedBranchPoints="0" sequenceCoverage="0" branchCoverage="0" maxCyclomaticComplexity="1" minCyclomaticComplexity="1" maxCrapScore="2" minCrapScore="2" visitedClasses="0" numClasses="0" visitedMethods="0" numMethods="1" />
              <MetadataToken>100664156</MetadataToken>
              <Name>System.DateTime Humanizer.In/Four::get_Weeks()</Name>
              <FileRef uid="21" />
              <SequencePoints>
                <SequencePoint vc="0" uspid="374" ordinal="0" offset="0" sl="435" sc="23" el="435" ec="58" bec="0" bev="0" fileid="21" />
              </SequencePoints>
              <BranchPoints />
              <MethodPoint xsi:type="SequencePoint" vc="0" uspid="374" ordinal="0" offset="0" sl="435" sc="23" el="435" ec="58" bec="0" bev="0" fileid="21" />
            </Method>
            <Method visited="false" cyclomaticComplexity="1" nPathComplexity="0" sequenceCoverage="0" branchCoverage="0" crapScore="2" isConstructor="false" isStatic="true" isGetter="true" isSetter="false">
              <Summary numSequencePoints="1" visitedSequencePoints="0" numBranchPoints="1" visitedBranchPoints="0" sequenceCoverage="0" branchCoverage="0" maxCyclomaticComplexity="1" minCyclomaticComplexity="1" maxCrapScore="2" minCrapScore="2" visitedClasses="0" numClasses="0" visitedMethods="0" numMethods="1" />
              <MetadataToken>100664158</MetadataToken>
              <Name>System.DateTime Humanizer.In/Four::get_Months()</Name>
              <FileRef uid="21" />
              <SequencePoints>
                <SequencePoint vc="0" uspid="375" ordinal="0" offset="0" sl="451" sc="23" el="451" ec="59" bec="0" bev="0" fileid="21" />
              </SequencePoints>
              <BranchPoints />
              <MethodPoint xsi:type="SequencePoint" vc="0" uspid="375" ordinal="0" offset="0" sl="451" sc="23" el="451" ec="59" bec="0" bev="0" fileid="21" />
            </Method>
            <Method visited="false" cyclomaticComplexity="1" nPathComplexity="0" sequenceCoverage="0" branchCoverage="0" crapScore="2" isConstructor="false" isStatic="true" isGetter="true" isSetter="false">
              <Summary numSequencePoints="1" visitedSequencePoints="0" numBranchPoints="1" visitedBranchPoints="0" sequenceCoverage="0" branchCoverage="0" maxCyclomaticComplexity="1" minCyclomaticComplexity="1" maxCrapScore="2" minCrapScore="2" visitedClasses="0" numClasses="0" visitedMethods="0" numMethods="1" />
              <MetadataToken>100664160</MetadataToken>
              <Name>System.DateTime Humanizer.In/Four::get_Years()</Name>
              <FileRef uid="21" />
              <SequencePoints>
                <SequencePoint vc="0" uspid="376" ordinal="0" offset="0" sl="467" sc="23" el="467" ec="58" bec="0" bev="0" fileid="21" />
              </SequencePoints>
              <BranchPoints />
              <MethodPoint xsi:type="SequencePoint" vc="0" uspid="376" ordinal="0" offset="0" sl="467" sc="23" el="467" ec="58" bec="0" bev="0" fileid="21" />
            </Method>
            <Method visited="false" cyclomaticComplexity="1" nPathComplexity="0" sequenceCoverage="0" branchCoverage="0" crapScore="2" isConstructor="false" isStatic="true" isGetter="false" isSetter="false">
              <Summary numSequencePoints="1" visitedSequencePoints="0" numBranchPoints="1" visitedBranchPoints="0" sequenceCoverage="0" branchCoverage="0" maxCyclomaticComplexity="1" minCyclomaticComplexity="1" maxCrapScore="2" minCrapScore="2" visitedClasses="0" numClasses="0" visitedMethods="0" numMethods="1" />
              <MetadataToken>100664149</MetadataToken>
              <Name>System.DateTime Humanizer.In/Four::SecondsFrom(System.DateTime)</Name>
              <FileRef uid="21" />
              <SequencePoints>
                <SequencePoint vc="0" uspid="377" ordinal="0" offset="0" sl="379" sc="17" el="379" ec="43" bec="0" bev="0" fileid="21" />
              </SequencePoints>
              <BranchPoints />
              <MethodPoint xsi:type="SequencePoint" vc="0" uspid="377" ordinal="0" offset="0" sl="379" sc="17" el="379" ec="43" bec="0" bev="0" fileid="21" />
            </Method>
            <Method visited="false" cyclomaticComplexity="1" nPathComplexity="0" sequenceCoverage="0" branchCoverage="0" crapScore="2" isConstructor="false" isStatic="true" isGetter="false" isSetter="false">
              <Summary numSequencePoints="1" visitedSequencePoints="0" numBranchPoints="1" visitedBranchPoints="0" sequenceCoverage="0" branchCoverage="0" maxCyclomaticComplexity="1" minCyclomaticComplexity="1" maxCrapScore="2" minCrapScore="2" visitedClasses="0" numClasses="0" visitedMethods="0" numMethods="1" />
              <MetadataToken>100664151</MetadataToken>
              <Name>System.DateTime Humanizer.In/Four::MinutesFrom(System.DateTime)</Name>
              <FileRef uid="21" />
              <SequencePoints>
                <SequencePoint vc="0" uspid="378" ordinal="0" offset="0" sl="395" sc="17" el="395" ec="43" bec="0" bev="0" fileid="21" />
              </SequencePoints>
              <BranchPoints />
              <MethodPoint xsi:type="SequencePoint" vc="0" uspid="378" ordinal="0" offset="0" sl="395" sc="17" el="395" ec="43" bec="0" bev="0" fileid="21" />
            </Method>
            <Method visited="false" cyclomaticComplexity="1" nPathComplexity="0" sequenceCoverage="0" branchCoverage="0" crapScore="2" isConstructor="false" isStatic="true" isGetter="false" isSetter="false">
              <Summary numSequencePoints="1" visitedSequencePoints="0" numBranchPoints="1" visitedBranchPoints="0" sequenceCoverage="0" branchCoverage="0" maxCyclomaticComplexity="1" minCyclomaticComplexity="1" maxCrapScore="2" minCrapScore="2" visitedClasses="0" numClasses="0" visitedMethods="0" numMethods="1" />
              <MetadataToken>100664153</MetadataToken>
              <Name>System.DateTime Humanizer.In/Four::HoursFrom(System.DateTime)</Name>
              <FileRef uid="21" />
              <SequencePoints>
                <SequencePoint vc="0" uspid="379" ordinal="0" offset="0" sl="411" sc="17" el="411" ec="41" bec="0" bev="0" fileid="21" />
              </SequencePoints>
              <BranchPoints />
              <MethodPoint xsi:type="SequencePoint" vc="0" uspid="379" ordinal="0" offset="0" sl="411" sc="17" el="411" ec="41" bec="0" bev="0" fileid="21" />
            </Method>
            <Method visited="false" cyclomaticComplexity="1" nPathComplexity="0" sequenceCoverage="0" branchCoverage="0" crapScore="2" isConstructor="false" isStatic="true" isGetter="false" isSetter="false">
              <Summary numSequencePoints="1" visitedSequencePoints="0" numBranchPoints="1" visitedBranchPoints="0" sequenceCoverage="0" branchCoverage="0" maxCyclomaticComplexity="1" minCyclomaticComplexity="1" maxCrapScore="2" minCrapScore="2" visitedClasses="0" numClasses="0" visitedMethods="0" numMethods="1" />
              <MetadataToken>100664155</MetadataToken>
              <Name>System.DateTime Humanizer.In/Four::DaysFrom(System.DateTime)</Name>
              <FileRef uid="21" />
              <SequencePoints>
                <SequencePoint vc="0" uspid="380" ordinal="0" offset="0" sl="427" sc="17" el="427" ec="40" bec="0" bev="0" fileid="21" />
              </SequencePoints>
              <BranchPoints />
              <MethodPoint xsi:type="SequencePoint" vc="0" uspid="380" ordinal="0" offset="0" sl="427" sc="17" el="427" ec="40" bec="0" bev="0" fileid="21" />
            </Method>
            <Method visited="false" cyclomaticComplexity="1" nPathComplexity="0" sequenceCoverage="0" branchCoverage="0" crapScore="2" isConstructor="false" isStatic="true" isGetter="false" isSetter="false">
              <Summary numSequencePoints="1" visitedSequencePoints="0" numBranchPoints="1" visitedBranchPoints="0" sequenceCoverage="0" branchCoverage="0" maxCyclomaticComplexity="1" minCyclomaticComplexity="1" maxCrapScore="2" minCrapScore="2" visitedClasses="0" numClasses="0" visitedMethods="0" numMethods="1" />
              <MetadataToken>100664157</MetadataToken>
              <Name>System.DateTime Humanizer.In/Four::WeeksFrom(System.DateTime)</Name>
              <FileRef uid="21" />
              <SequencePoints>
                <SequencePoint vc="0" uspid="381" ordinal="0" offset="0" sl="443" sc="17" el="443" ec="41" bec="0" bev="0" fileid="21" />
              </SequencePoints>
              <BranchPoints />
              <MethodPoint xsi:type="SequencePoint" vc="0" uspid="381" ordinal="0" offset="0" sl="443" sc="17" el="443" ec="41" bec="0" bev="0" fileid="21" />
            </Method>
            <Method visited="false" cyclomaticComplexity="1" nPathComplexity="0" sequenceCoverage="0" branchCoverage="0" crapScore="2" isConstructor="false" isStatic="true" isGetter="false" isSetter="false">
              <Summary numSequencePoints="1" visitedSequencePoints="0" numBranchPoints="1" visitedBranchPoints="0" sequenceCoverage="0" branchCoverage="0" maxCyclomaticComplexity="1" minCyclomaticComplexity="1" maxCrapScore="2" minCrapScore="2" visitedClasses="0" numClasses="0" visitedMethods="0" numMethods="1" />
              <MetadataToken>100664159</MetadataToken>
              <Name>System.DateTime Humanizer.In/Four::MonthsFrom(System.DateTime)</Name>
              <FileRef uid="21" />
              <SequencePoints>
                <SequencePoint vc="0" uspid="382" ordinal="0" offset="0" sl="459" sc="17" el="459" ec="42" bec="0" bev="0" fileid="21" />
              </SequencePoints>
              <BranchPoints />
              <MethodPoint xsi:type="SequencePoint" vc="0" uspid="382" ordinal="0" offset="0" sl="459" sc="17" el="459" ec="42" bec="0" bev="0" fileid="21" />
            </Method>
            <Method visited="false" cyclomaticComplexity="1" nPathComplexity="0" sequenceCoverage="0" branchCoverage="0" crapScore="2" isConstructor="false" isStatic="true" isGetter="false" isSetter="false">
              <Summary numSequencePoints="1" visitedSequencePoints="0" numBranchPoints="1" visitedBranchPoints="0" sequenceCoverage="0" branchCoverage="0" maxCyclomaticComplexity="1" minCyclomaticComplexity="1" maxCrapScore="2" minCrapScore="2" visitedClasses="0" numClasses="0" visitedMethods="0" numMethods="1" />
              <MetadataToken>100664161</MetadataToken>
              <Name>System.DateTime Humanizer.In/Four::YearsFrom(System.DateTime)</Name>
              <FileRef uid="21" />
              <SequencePoints>
                <SequencePoint vc="0" uspid="383" ordinal="0" offset="0" sl="475" sc="17" el="475" ec="41" bec="0" bev="0" fileid="21" />
              </SequencePoints>
              <BranchPoints />
              <MethodPoint xsi:type="SequencePoint" vc="0" uspid="383" ordinal="0" offset="0" sl="475" sc="17" el="475" ec="41" bec="0" bev="0" fileid="21" />
            </Method>
          </Methods>
        </Class>
        <Class>
          <Summary numSequencePoints="14" visitedSequencePoints="0" numBranchPoints="14" visitedBranchPoints="0" sequenceCoverage="0" branchCoverage="0" maxCyclomaticComplexity="1" minCyclomaticComplexity="1" maxCrapScore="2" minCrapScore="2" visitedClasses="0" numClasses="1" visitedMethods="0" numMethods="14" />
          <FullName>Humanizer.In/Five</FullName>
          <Methods>
            <Method visited="false" cyclomaticComplexity="1" nPathComplexity="0" sequenceCoverage="0" branchCoverage="0" crapScore="2" isConstructor="false" isStatic="true" isGetter="true" isSetter="false">
              <Summary numSequencePoints="1" visitedSequencePoints="0" numBranchPoints="1" visitedBranchPoints="0" sequenceCoverage="0" branchCoverage="0" maxCyclomaticComplexity="1" minCyclomaticComplexity="1" maxCrapScore="2" minCrapScore="2" visitedClasses="0" numClasses="0" visitedMethods="0" numMethods="1" />
              <MetadataToken>100664162</MetadataToken>
              <Name>System.DateTime Humanizer.In/Five::get_Seconds()</Name>
              <FileRef uid="21" />
              <SequencePoints>
                <SequencePoint vc="0" uspid="384" ordinal="0" offset="0" sl="488" sc="23" el="488" ec="60" bec="0" bev="0" fileid="21" />
              </SequencePoints>
              <BranchPoints />
              <MethodPoint xsi:type="SequencePoint" vc="0" uspid="384" ordinal="0" offset="0" sl="488" sc="23" el="488" ec="60" bec="0" bev="0" fileid="21" />
            </Method>
            <Method visited="false" cyclomaticComplexity="1" nPathComplexity="0" sequenceCoverage="0" branchCoverage="0" crapScore="2" isConstructor="false" isStatic="true" isGetter="true" isSetter="false">
              <Summary numSequencePoints="1" visitedSequencePoints="0" numBranchPoints="1" visitedBranchPoints="0" sequenceCoverage="0" branchCoverage="0" maxCyclomaticComplexity="1" minCyclomaticComplexity="1" maxCrapScore="2" minCrapScore="2" visitedClasses="0" numClasses="0" visitedMethods="0" numMethods="1" />
              <MetadataToken>100664164</MetadataToken>
              <Name>System.DateTime Humanizer.In/Five::get_Minutes()</Name>
              <FileRef uid="21" />
              <SequencePoints>
                <SequencePoint vc="0" uspid="385" ordinal="0" offset="0" sl="504" sc="23" el="504" ec="60" bec="0" bev="0" fileid="21" />
              </SequencePoints>
              <BranchPoints />
              <MethodPoint xsi:type="SequencePoint" vc="0" uspid="385" ordinal="0" offset="0" sl="504" sc="23" el="504" ec="60" bec="0" bev="0" fileid="21" />
            </Method>
            <Method visited="false" cyclomaticComplexity="1" nPathComplexity="0" sequenceCoverage="0" branchCoverage="0" crapScore="2" isConstructor="false" isStatic="true" isGetter="true" isSetter="false">
              <Summary numSequencePoints="1" visitedSequencePoints="0" numBranchPoints="1" visitedBranchPoints="0" sequenceCoverage="0" branchCoverage="0" maxCyclomaticComplexity="1" minCyclomaticComplexity="1" maxCrapScore="2" minCrapScore="2" visitedClasses="0" numClasses="0" visitedMethods="0" numMethods="1" />
              <MetadataToken>100664166</MetadataToken>
              <Name>System.DateTime Humanizer.In/Five::get_Hours()</Name>
              <FileRef uid="21" />
              <SequencePoints>
                <SequencePoint vc="0" uspid="386" ordinal="0" offset="0" sl="520" sc="23" el="520" ec="58" bec="0" bev="0" fileid="21" />
              </SequencePoints>
              <BranchPoints />
              <MethodPoint xsi:type="SequencePoint" vc="0" uspid="386" ordinal="0" offset="0" sl="520" sc="23" el="520" ec="58" bec="0" bev="0" fileid="21" />
            </Method>
            <Method visited="false" cyclomaticComplexity="1" nPathComplexity="0" sequenceCoverage="0" branchCoverage="0" crapScore="2" isConstructor="false" isStatic="true" isGetter="true" isSetter="false">
              <Summary numSequencePoints="1" visitedSequencePoints="0" numBranchPoints="1" visitedBranchPoints="0" sequenceCoverage="0" branchCoverage="0" maxCyclomaticComplexity="1" minCyclomaticComplexity="1" maxCrapScore="2" minCrapScore="2" visitedClasses="0" numClasses="0" visitedMethods="0" numMethods="1" />
              <MetadataToken>100664168</MetadataToken>
              <Name>System.DateTime Humanizer.In/Five::get_Days()</Name>
              <FileRef uid="21" />
              <SequencePoints>
                <SequencePoint vc="0" uspid="387" ordinal="0" offset="0" sl="536" sc="23" el="536" ec="57" bec="0" bev="0" fileid="21" />
              </SequencePoints>
              <BranchPoints />
              <MethodPoint xsi:type="SequencePoint" vc="0" uspid="387" ordinal="0" offset="0" sl="536" sc="23" el="536" ec="57" bec="0" bev="0" fileid="21" />
            </Method>
            <Method visited="false" cyclomaticComplexity="1" nPathComplexity="0" sequenceCoverage="0" branchCoverage="0" crapScore="2" isConstructor="false" isStatic="true" isGetter="true" isSetter="false">
              <Summary numSequencePoints="1" visitedSequencePoints="0" numBranchPoints="1" visitedBranchPoints="0" sequenceCoverage="0" branchCoverage="0" maxCyclomaticComplexity="1" minCyclomaticComplexity="1" maxCrapScore="2" minCrapScore="2" visitedClasses="0" numClasses="0" visitedMethods="0" numMethods="1" />
              <MetadataToken>100664170</MetadataToken>
              <Name>System.DateTime Humanizer.In/Five::get_Weeks()</Name>
              <FileRef uid="21" />
              <SequencePoints>
                <SequencePoint vc="0" uspid="388" ordinal="0" offset="0" sl="552" sc="23" el="552" ec="58" bec="0" bev="0" fileid="21" />
              </SequencePoints>
              <BranchPoints />
              <MethodPoint xsi:type="SequencePoint" vc="0" uspid="388" ordinal="0" offset="0" sl="552" sc="23" el="552" ec="58" bec="0" bev="0" fileid="21" />
            </Method>
            <Method visited="false" cyclomaticComplexity="1" nPathComplexity="0" sequenceCoverage="0" branchCoverage="0" crapScore="2" isConstructor="false" isStatic="true" isGetter="true" isSetter="false">
              <Summary numSequencePoints="1" visitedSequencePoints="0" numBranchPoints="1" visitedBranchPoints="0" sequenceCoverage="0" branchCoverage="0" maxCyclomaticComplexity="1" minCyclomaticComplexity="1" maxCrapScore="2" minCrapScore="2" visitedClasses="0" numClasses="0" visitedMethods="0" numMethods="1" />
              <MetadataToken>100664172</MetadataToken>
              <Name>System.DateTime Humanizer.In/Five::get_Months()</Name>
              <FileRef uid="21" />
              <SequencePoints>
                <SequencePoint vc="0" uspid="389" ordinal="0" offset="0" sl="568" sc="23" el="568" ec="59" bec="0" bev="0" fileid="21" />
              </SequencePoints>
              <BranchPoints />
              <MethodPoint xsi:type="SequencePoint" vc="0" uspid="389" ordinal="0" offset="0" sl="568" sc="23" el="568" ec="59" bec="0" bev="0" fileid="21" />
            </Method>
            <Method visited="false" cyclomaticComplexity="1" nPathComplexity="0" sequenceCoverage="0" branchCoverage="0" crapScore="2" isConstructor="false" isStatic="true" isGetter="true" isSetter="false">
              <Summary numSequencePoints="1" visitedSequencePoints="0" numBranchPoints="1" visitedBranchPoints="0" sequenceCoverage="0" branchCoverage="0" maxCyclomaticComplexity="1" minCyclomaticComplexity="1" maxCrapScore="2" minCrapScore="2" visitedClasses="0" numClasses="0" visitedMethods="0" numMethods="1" />
              <MetadataToken>100664174</MetadataToken>
              <Name>System.DateTime Humanizer.In/Five::get_Years()</Name>
              <FileRef uid="21" />
              <SequencePoints>
                <SequencePoint vc="0" uspid="390" ordinal="0" offset="0" sl="584" sc="23" el="584" ec="58" bec="0" bev="0" fileid="21" />
              </SequencePoints>
              <BranchPoints />
              <MethodPoint xsi:type="SequencePoint" vc="0" uspid="390" ordinal="0" offset="0" sl="584" sc="23" el="584" ec="58" bec="0" bev="0" fileid="21" />
            </Method>
            <Method visited="false" cyclomaticComplexity="1" nPathComplexity="0" sequenceCoverage="0" branchCoverage="0" crapScore="2" isConstructor="false" isStatic="true" isGetter="false" isSetter="false">
              <Summary numSequencePoints="1" visitedSequencePoints="0" numBranchPoints="1" visitedBranchPoints="0" sequenceCoverage="0" branchCoverage="0" maxCyclomaticComplexity="1" minCyclomaticComplexity="1" maxCrapScore="2" minCrapScore="2" visitedClasses="0" numClasses="0" visitedMethods="0" numMethods="1" />
              <MetadataToken>100664163</MetadataToken>
              <Name>System.DateTime Humanizer.In/Five::SecondsFrom(System.DateTime)</Name>
              <FileRef uid="21" />
              <SequencePoints>
                <SequencePoint vc="0" uspid="391" ordinal="0" offset="0" sl="496" sc="17" el="496" ec="43" bec="0" bev="0" fileid="21" />
              </SequencePoints>
              <BranchPoints />
              <MethodPoint xsi:type="SequencePoint" vc="0" uspid="391" ordinal="0" offset="0" sl="496" sc="17" el="496" ec="43" bec="0" bev="0" fileid="21" />
            </Method>
            <Method visited="false" cyclomaticComplexity="1" nPathComplexity="0" sequenceCoverage="0" branchCoverage="0" crapScore="2" isConstructor="false" isStatic="true" isGetter="false" isSetter="false">
              <Summary numSequencePoints="1" visitedSequencePoints="0" numBranchPoints="1" visitedBranchPoints="0" sequenceCoverage="0" branchCoverage="0" maxCyclomaticComplexity="1" minCyclomaticComplexity="1" maxCrapScore="2" minCrapScore="2" visitedClasses="0" numClasses="0" visitedMethods="0" numMethods="1" />
              <MetadataToken>100664165</MetadataToken>
              <Name>System.DateTime Humanizer.In/Five::MinutesFrom(System.DateTime)</Name>
              <FileRef uid="21" />
              <SequencePoints>
                <SequencePoint vc="0" uspid="392" ordinal="0" offset="0" sl="512" sc="17" el="512" ec="43" bec="0" bev="0" fileid="21" />
              </SequencePoints>
              <BranchPoints />
              <MethodPoint xsi:type="SequencePoint" vc="0" uspid="392" ordinal="0" offset="0" sl="512" sc="17" el="512" ec="43" bec="0" bev="0" fileid="21" />
            </Method>
            <Method visited="false" cyclomaticComplexity="1" nPathComplexity="0" sequenceCoverage="0" branchCoverage="0" crapScore="2" isConstructor="false" isStatic="true" isGetter="false" isSetter="false">
              <Summary numSequencePoints="1" visitedSequencePoints="0" numBranchPoints="1" visitedBranchPoints="0" sequenceCoverage="0" branchCoverage="0" maxCyclomaticComplexity="1" minCyclomaticComplexity="1" maxCrapScore="2" minCrapScore="2" visitedClasses="0" numClasses="0" visitedMethods="0" numMethods="1" />
              <MetadataToken>100664167</MetadataToken>
              <Name>System.DateTime Humanizer.In/Five::HoursFrom(System.DateTime)</Name>
              <FileRef uid="21" />
              <SequencePoints>
                <SequencePoint vc="0" uspid="393" ordinal="0" offset="0" sl="528" sc="17" el="528" ec="41" bec="0" bev="0" fileid="21" />
              </SequencePoints>
              <BranchPoints />
              <MethodPoint xsi:type="SequencePoint" vc="0" uspid="393" ordinal="0" offset="0" sl="528" sc="17" el="528" ec="41" bec="0" bev="0" fileid="21" />
            </Method>
            <Method visited="false" cyclomaticComplexity="1" nPathComplexity="0" sequenceCoverage="0" branchCoverage="0" crapScore="2" isConstructor="false" isStatic="true" isGetter="false" isSetter="false">
              <Summary numSequencePoints="1" visitedSequencePoints="0" numBranchPoints="1" visitedBranchPoints="0" sequenceCoverage="0" branchCoverage="0" maxCyclomaticComplexity="1" minCyclomaticComplexity="1" maxCrapScore="2" minCrapScore="2" visitedClasses="0" numClasses="0" visitedMethods="0" numMethods="1" />
              <MetadataToken>100664169</MetadataToken>
              <Name>System.DateTime Humanizer.In/Five::DaysFrom(System.DateTime)</Name>
              <FileRef uid="21" />
              <SequencePoints>
                <SequencePoint vc="0" uspid="394" ordinal="0" offset="0" sl="544" sc="17" el="544" ec="40" bec="0" bev="0" fileid="21" />
              </SequencePoints>
              <BranchPoints />
              <MethodPoint xsi:type="SequencePoint" vc="0" uspid="394" ordinal="0" offset="0" sl="544" sc="17" el="544" ec="40" bec="0" bev="0" fileid="21" />
            </Method>
            <Method visited="false" cyclomaticComplexity="1" nPathComplexity="0" sequenceCoverage="0" branchCoverage="0" crapScore="2" isConstructor="false" isStatic="true" isGetter="false" isSetter="false">
              <Summary numSequencePoints="1" visitedSequencePoints="0" numBranchPoints="1" visitedBranchPoints="0" sequenceCoverage="0" branchCoverage="0" maxCyclomaticComplexity="1" minCyclomaticComplexity="1" maxCrapScore="2" minCrapScore="2" visitedClasses="0" numClasses="0" visitedMethods="0" numMethods="1" />
              <MetadataToken>100664171</MetadataToken>
              <Name>System.DateTime Humanizer.In/Five::WeeksFrom(System.DateTime)</Name>
              <FileRef uid="21" />
              <SequencePoints>
                <SequencePoint vc="0" uspid="395" ordinal="0" offset="0" sl="560" sc="17" el="560" ec="41" bec="0" bev="0" fileid="21" />
              </SequencePoints>
              <BranchPoints />
              <MethodPoint xsi:type="SequencePoint" vc="0" uspid="395" ordinal="0" offset="0" sl="560" sc="17" el="560" ec="41" bec="0" bev="0" fileid="21" />
            </Method>
            <Method visited="false" cyclomaticComplexity="1" nPathComplexity="0" sequenceCoverage="0" branchCoverage="0" crapScore="2" isConstructor="false" isStatic="true" isGetter="false" isSetter="false">
              <Summary numSequencePoints="1" visitedSequencePoints="0" numBranchPoints="1" visitedBranchPoints="0" sequenceCoverage="0" branchCoverage="0" maxCyclomaticComplexity="1" minCyclomaticComplexity="1" maxCrapScore="2" minCrapScore="2" visitedClasses="0" numClasses="0" visitedMethods="0" numMethods="1" />
              <MetadataToken>100664173</MetadataToken>
              <Name>System.DateTime Humanizer.In/Five::MonthsFrom(System.DateTime)</Name>
              <FileRef uid="21" />
              <SequencePoints>
                <SequencePoint vc="0" uspid="396" ordinal="0" offset="0" sl="576" sc="17" el="576" ec="42" bec="0" bev="0" fileid="21" />
              </SequencePoints>
              <BranchPoints />
              <MethodPoint xsi:type="SequencePoint" vc="0" uspid="396" ordinal="0" offset="0" sl="576" sc="17" el="576" ec="42" bec="0" bev="0" fileid="21" />
            </Method>
            <Method visited="false" cyclomaticComplexity="1" nPathComplexity="0" sequenceCoverage="0" branchCoverage="0" crapScore="2" isConstructor="false" isStatic="true" isGetter="false" isSetter="false">
              <Summary numSequencePoints="1" visitedSequencePoints="0" numBranchPoints="1" visitedBranchPoints="0" sequenceCoverage="0" branchCoverage="0" maxCyclomaticComplexity="1" minCyclomaticComplexity="1" maxCrapScore="2" minCrapScore="2" visitedClasses="0" numClasses="0" visitedMethods="0" numMethods="1" />
              <MetadataToken>100664175</MetadataToken>
              <Name>System.DateTime Humanizer.In/Five::YearsFrom(System.DateTime)</Name>
              <FileRef uid="21" />
              <SequencePoints>
                <SequencePoint vc="0" uspid="397" ordinal="0" offset="0" sl="592" sc="17" el="592" ec="41" bec="0" bev="0" fileid="21" />
              </SequencePoints>
              <BranchPoints />
              <MethodPoint xsi:type="SequencePoint" vc="0" uspid="397" ordinal="0" offset="0" sl="592" sc="17" el="592" ec="41" bec="0" bev="0" fileid="21" />
            </Method>
          </Methods>
        </Class>
        <Class>
          <Summary numSequencePoints="14" visitedSequencePoints="0" numBranchPoints="14" visitedBranchPoints="0" sequenceCoverage="0" branchCoverage="0" maxCyclomaticComplexity="1" minCyclomaticComplexity="1" maxCrapScore="2" minCrapScore="2" visitedClasses="0" numClasses="1" visitedMethods="0" numMethods="14" />
          <FullName>Humanizer.In/Six</FullName>
          <Methods>
            <Method visited="false" cyclomaticComplexity="1" nPathComplexity="0" sequenceCoverage="0" branchCoverage="0" crapScore="2" isConstructor="false" isStatic="true" isGetter="true" isSetter="false">
              <Summary numSequencePoints="1" visitedSequencePoints="0" numBranchPoints="1" visitedBranchPoints="0" sequenceCoverage="0" branchCoverage="0" maxCyclomaticComplexity="1" minCyclomaticComplexity="1" maxCrapScore="2" minCrapScore="2" visitedClasses="0" numClasses="0" visitedMethods="0" numMethods="1" />
              <MetadataToken>100664176</MetadataToken>
              <Name>System.DateTime Humanizer.In/Six::get_Seconds()</Name>
              <FileRef uid="21" />
              <SequencePoints>
                <SequencePoint vc="0" uspid="398" ordinal="0" offset="0" sl="605" sc="23" el="605" ec="60" bec="0" bev="0" fileid="21" />
              </SequencePoints>
              <BranchPoints />
              <MethodPoint xsi:type="SequencePoint" vc="0" uspid="398" ordinal="0" offset="0" sl="605" sc="23" el="605" ec="60" bec="0" bev="0" fileid="21" />
            </Method>
            <Method visited="false" cyclomaticComplexity="1" nPathComplexity="0" sequenceCoverage="0" branchCoverage="0" crapScore="2" isConstructor="false" isStatic="true" isGetter="true" isSetter="false">
              <Summary numSequencePoints="1" visitedSequencePoints="0" numBranchPoints="1" visitedBranchPoints="0" sequenceCoverage="0" branchCoverage="0" maxCyclomaticComplexity="1" minCyclomaticComplexity="1" maxCrapScore="2" minCrapScore="2" visitedClasses="0" numClasses="0" visitedMethods="0" numMethods="1" />
              <MetadataToken>100664178</MetadataToken>
              <Name>System.DateTime Humanizer.In/Six::get_Minutes()</Name>
              <FileRef uid="21" />
              <SequencePoints>
                <SequencePoint vc="0" uspid="399" ordinal="0" offset="0" sl="621" sc="23" el="621" ec="60" bec="0" bev="0" fileid="21" />
              </SequencePoints>
              <BranchPoints />
              <MethodPoint xsi:type="SequencePoint" vc="0" uspid="399" ordinal="0" offset="0" sl="621" sc="23" el="621" ec="60" bec="0" bev="0" fileid="21" />
            </Method>
            <Method visited="false" cyclomaticComplexity="1" nPathComplexity="0" sequenceCoverage="0" branchCoverage="0" crapScore="2" isConstructor="false" isStatic="true" isGetter="true" isSetter="false">
              <Summary numSequencePoints="1" visitedSequencePoints="0" numBranchPoints="1" visitedBranchPoints="0" sequenceCoverage="0" branchCoverage="0" maxCyclomaticComplexity="1" minCyclomaticComplexity="1" maxCrapScore="2" minCrapScore="2" visitedClasses="0" numClasses="0" visitedMethods="0" numMethods="1" />
              <MetadataToken>100664180</MetadataToken>
              <Name>System.DateTime Humanizer.In/Six::get_Hours()</Name>
              <FileRef uid="21" />
              <SequencePoints>
                <SequencePoint vc="0" uspid="400" ordinal="0" offset="0" sl="637" sc="23" el="637" ec="58" bec="0" bev="0" fileid="21" />
              </SequencePoints>
              <BranchPoints />
              <MethodPoint xsi:type="SequencePoint" vc="0" uspid="400" ordinal="0" offset="0" sl="637" sc="23" el="637" ec="58" bec="0" bev="0" fileid="21" />
            </Method>
            <Method visited="false" cyclomaticComplexity="1" nPathComplexity="0" sequenceCoverage="0" branchCoverage="0" crapScore="2" isConstructor="false" isStatic="true" isGetter="true" isSetter="false">
              <Summary numSequencePoints="1" visitedSequencePoints="0" numBranchPoints="1" visitedBranchPoints="0" sequenceCoverage="0" branchCoverage="0" maxCyclomaticComplexity="1" minCyclomaticComplexity="1" maxCrapScore="2" minCrapScore="2" visitedClasses="0" numClasses="0" visitedMethods="0" numMethods="1" />
              <MetadataToken>100664182</MetadataToken>
              <Name>System.DateTime Humanizer.In/Six::get_Days()</Name>
              <FileRef uid="21" />
              <SequencePoints>
                <SequencePoint vc="0" uspid="401" ordinal="0" offset="0" sl="653" sc="23" el="653" ec="57" bec="0" bev="0" fileid="21" />
              </SequencePoints>
              <BranchPoints />
              <MethodPoint xsi:type="SequencePoint" vc="0" uspid="401" ordinal="0" offset="0" sl="653" sc="23" el="653" ec="57" bec="0" bev="0" fileid="21" />
            </Method>
            <Method visited="false" cyclomaticComplexity="1" nPathComplexity="0" sequenceCoverage="0" branchCoverage="0" crapScore="2" isConstructor="false" isStatic="true" isGetter="true" isSetter="false">
              <Summary numSequencePoints="1" visitedSequencePoints="0" numBranchPoints="1" visitedBranchPoints="0" sequenceCoverage="0" branchCoverage="0" maxCyclomaticComplexity="1" minCyclomaticComplexity="1" maxCrapScore="2" minCrapScore="2" visitedClasses="0" numClasses="0" visitedMethods="0" numMethods="1" />
              <MetadataToken>100664184</MetadataToken>
              <Name>System.DateTime Humanizer.In/Six::get_Weeks()</Name>
              <FileRef uid="21" />
              <SequencePoints>
                <SequencePoint vc="0" uspid="402" ordinal="0" offset="0" sl="669" sc="23" el="669" ec="58" bec="0" bev="0" fileid="21" />
              </SequencePoints>
              <BranchPoints />
              <MethodPoint xsi:type="SequencePoint" vc="0" uspid="402" ordinal="0" offset="0" sl="669" sc="23" el="669" ec="58" bec="0" bev="0" fileid="21" />
            </Method>
            <Method visited="false" cyclomaticComplexity="1" nPathComplexity="0" sequenceCoverage="0" branchCoverage="0" crapScore="2" isConstructor="false" isStatic="true" isGetter="true" isSetter="false">
              <Summary numSequencePoints="1" visitedSequencePoints="0" numBranchPoints="1" visitedBranchPoints="0" sequenceCoverage="0" branchCoverage="0" maxCyclomaticComplexity="1" minCyclomaticComplexity="1" maxCrapScore="2" minCrapScore="2" visitedClasses="0" numClasses="0" visitedMethods="0" numMethods="1" />
              <MetadataToken>100664186</MetadataToken>
              <Name>System.DateTime Humanizer.In/Six::get_Months()</Name>
              <FileRef uid="21" />
              <SequencePoints>
                <SequencePoint vc="0" uspid="403" ordinal="0" offset="0" sl="685" sc="23" el="685" ec="59" bec="0" bev="0" fileid="21" />
              </SequencePoints>
              <BranchPoints />
              <MethodPoint xsi:type="SequencePoint" vc="0" uspid="403" ordinal="0" offset="0" sl="685" sc="23" el="685" ec="59" bec="0" bev="0" fileid="21" />
            </Method>
            <Method visited="false" cyclomaticComplexity="1" nPathComplexity="0" sequenceCoverage="0" branchCoverage="0" crapScore="2" isConstructor="false" isStatic="true" isGetter="true" isSetter="false">
              <Summary numSequencePoints="1" visitedSequencePoints="0" numBranchPoints="1" visitedBranchPoints="0" sequenceCoverage="0" branchCoverage="0" maxCyclomaticComplexity="1" minCyclomaticComplexity="1" maxCrapScore="2" minCrapScore="2" visitedClasses="0" numClasses="0" visitedMethods="0" numMethods="1" />
              <MetadataToken>100664188</MetadataToken>
              <Name>System.DateTime Humanizer.In/Six::get_Years()</Name>
              <FileRef uid="21" />
              <SequencePoints>
                <SequencePoint vc="0" uspid="404" ordinal="0" offset="0" sl="701" sc="23" el="701" ec="58" bec="0" bev="0" fileid="21" />
              </SequencePoints>
              <BranchPoints />
              <MethodPoint xsi:type="SequencePoint" vc="0" uspid="404" ordinal="0" offset="0" sl="701" sc="23" el="701" ec="58" bec="0" bev="0" fileid="21" />
            </Method>
            <Method visited="false" cyclomaticComplexity="1" nPathComplexity="0" sequenceCoverage="0" branchCoverage="0" crapScore="2" isConstructor="false" isStatic="true" isGetter="false" isSetter="false">
              <Summary numSequencePoints="1" visitedSequencePoints="0" numBranchPoints="1" visitedBranchPoints="0" sequenceCoverage="0" branchCoverage="0" maxCyclomaticComplexity="1" minCyclomaticComplexity="1" maxCrapScore="2" minCrapScore="2" visitedClasses="0" numClasses="0" visitedMethods="0" numMethods="1" />
              <MetadataToken>100664177</MetadataToken>
              <Name>System.DateTime Humanizer.In/Six::SecondsFrom(System.DateTime)</Name>
              <FileRef uid="21" />
              <SequencePoints>
                <SequencePoint vc="0" uspid="405" ordinal="0" offset="0" sl="613" sc="17" el="613" ec="43" bec="0" bev="0" fileid="21" />
              </SequencePoints>
              <BranchPoints />
              <MethodPoint xsi:type="SequencePoint" vc="0" uspid="405" ordinal="0" offset="0" sl="613" sc="17" el="613" ec="43" bec="0" bev="0" fileid="21" />
            </Method>
            <Method visited="false" cyclomaticComplexity="1" nPathComplexity="0" sequenceCoverage="0" branchCoverage="0" crapScore="2" isConstructor="false" isStatic="true" isGetter="false" isSetter="false">
              <Summary numSequencePoints="1" visitedSequencePoints="0" numBranchPoints="1" visitedBranchPoints="0" sequenceCoverage="0" branchCoverage="0" maxCyclomaticComplexity="1" minCyclomaticComplexity="1" maxCrapScore="2" minCrapScore="2" visitedClasses="0" numClasses="0" visitedMethods="0" numMethods="1" />
              <MetadataToken>100664179</MetadataToken>
              <Name>System.DateTime Humanizer.In/Six::MinutesFrom(System.DateTime)</Name>
              <FileRef uid="21" />
              <SequencePoints>
                <SequencePoint vc="0" uspid="406" ordinal="0" offset="0" sl="629" sc="17" el="629" ec="43" bec="0" bev="0" fileid="21" />
              </SequencePoints>
              <BranchPoints />
              <MethodPoint xsi:type="SequencePoint" vc="0" uspid="406" ordinal="0" offset="0" sl="629" sc="17" el="629" ec="43" bec="0" bev="0" fileid="21" />
            </Method>
            <Method visited="false" cyclomaticComplexity="1" nPathComplexity="0" sequenceCoverage="0" branchCoverage="0" crapScore="2" isConstructor="false" isStatic="true" isGetter="false" isSetter="false">
              <Summary numSequencePoints="1" visitedSequencePoints="0" numBranchPoints="1" visitedBranchPoints="0" sequenceCoverage="0" branchCoverage="0" maxCyclomaticComplexity="1" minCyclomaticComplexity="1" maxCrapScore="2" minCrapScore="2" visitedClasses="0" numClasses="0" visitedMethods="0" numMethods="1" />
              <MetadataToken>100664181</MetadataToken>
              <Name>System.DateTime Humanizer.In/Six::HoursFrom(System.DateTime)</Name>
              <FileRef uid="21" />
              <SequencePoints>
                <SequencePoint vc="0" uspid="407" ordinal="0" offset="0" sl="645" sc="17" el="645" ec="41" bec="0" bev="0" fileid="21" />
              </SequencePoints>
              <BranchPoints />
              <MethodPoint xsi:type="SequencePoint" vc="0" uspid="407" ordinal="0" offset="0" sl="645" sc="17" el="645" ec="41" bec="0" bev="0" fileid="21" />
            </Method>
            <Method visited="false" cyclomaticComplexity="1" nPathComplexity="0" sequenceCoverage="0" branchCoverage="0" crapScore="2" isConstructor="false" isStatic="true" isGetter="false" isSetter="false">
              <Summary numSequencePoints="1" visitedSequencePoints="0" numBranchPoints="1" visitedBranchPoints="0" sequenceCoverage="0" branchCoverage="0" maxCyclomaticComplexity="1" minCyclomaticComplexity="1" maxCrapScore="2" minCrapScore="2" visitedClasses="0" numClasses="0" visitedMethods="0" numMethods="1" />
              <MetadataToken>100664183</MetadataToken>
              <Name>System.DateTime Humanizer.In/Six::DaysFrom(System.DateTime)</Name>
              <FileRef uid="21" />
              <SequencePoints>
                <SequencePoint vc="0" uspid="408" ordinal="0" offset="0" sl="661" sc="17" el="661" ec="40" bec="0" bev="0" fileid="21" />
              </SequencePoints>
              <BranchPoints />
              <MethodPoint xsi:type="SequencePoint" vc="0" uspid="408" ordinal="0" offset="0" sl="661" sc="17" el="661" ec="40" bec="0" bev="0" fileid="21" />
            </Method>
            <Method visited="false" cyclomaticComplexity="1" nPathComplexity="0" sequenceCoverage="0" branchCoverage="0" crapScore="2" isConstructor="false" isStatic="true" isGetter="false" isSetter="false">
              <Summary numSequencePoints="1" visitedSequencePoints="0" numBranchPoints="1" visitedBranchPoints="0" sequenceCoverage="0" branchCoverage="0" maxCyclomaticComplexity="1" minCyclomaticComplexity="1" maxCrapScore="2" minCrapScore="2" visitedClasses="0" numClasses="0" visitedMethods="0" numMethods="1" />
              <MetadataToken>100664185</MetadataToken>
              <Name>System.DateTime Humanizer.In/Six::WeeksFrom(System.DateTime)</Name>
              <FileRef uid="21" />
              <SequencePoints>
                <SequencePoint vc="0" uspid="409" ordinal="0" offset="0" sl="677" sc="17" el="677" ec="41" bec="0" bev="0" fileid="21" />
              </SequencePoints>
              <BranchPoints />
              <MethodPoint xsi:type="SequencePoint" vc="0" uspid="409" ordinal="0" offset="0" sl="677" sc="17" el="677" ec="41" bec="0" bev="0" fileid="21" />
            </Method>
            <Method visited="false" cyclomaticComplexity="1" nPathComplexity="0" sequenceCoverage="0" branchCoverage="0" crapScore="2" isConstructor="false" isStatic="true" isGetter="false" isSetter="false">
              <Summary numSequencePoints="1" visitedSequencePoints="0" numBranchPoints="1" visitedBranchPoints="0" sequenceCoverage="0" branchCoverage="0" maxCyclomaticComplexity="1" minCyclomaticComplexity="1" maxCrapScore="2" minCrapScore="2" visitedClasses="0" numClasses="0" visitedMethods="0" numMethods="1" />
              <MetadataToken>100664187</MetadataToken>
              <Name>System.DateTime Humanizer.In/Six::MonthsFrom(System.DateTime)</Name>
              <FileRef uid="21" />
              <SequencePoints>
                <SequencePoint vc="0" uspid="410" ordinal="0" offset="0" sl="693" sc="17" el="693" ec="42" bec="0" bev="0" fileid="21" />
              </SequencePoints>
              <BranchPoints />
              <MethodPoint xsi:type="SequencePoint" vc="0" uspid="410" ordinal="0" offset="0" sl="693" sc="17" el="693" ec="42" bec="0" bev="0" fileid="21" />
            </Method>
            <Method visited="false" cyclomaticComplexity="1" nPathComplexity="0" sequenceCoverage="0" branchCoverage="0" crapScore="2" isConstructor="false" isStatic="true" isGetter="false" isSetter="false">
              <Summary numSequencePoints="1" visitedSequencePoints="0" numBranchPoints="1" visitedBranchPoints="0" sequenceCoverage="0" branchCoverage="0" maxCyclomaticComplexity="1" minCyclomaticComplexity="1" maxCrapScore="2" minCrapScore="2" visitedClasses="0" numClasses="0" visitedMethods="0" numMethods="1" />
              <MetadataToken>100664189</MetadataToken>
              <Name>System.DateTime Humanizer.In/Six::YearsFrom(System.DateTime)</Name>
              <FileRef uid="21" />
              <SequencePoints>
                <SequencePoint vc="0" uspid="411" ordinal="0" offset="0" sl="709" sc="17" el="709" ec="41" bec="0" bev="0" fileid="21" />
              </SequencePoints>
              <BranchPoints />
              <MethodPoint xsi:type="SequencePoint" vc="0" uspid="411" ordinal="0" offset="0" sl="709" sc="17" el="709" ec="41" bec="0" bev="0" fileid="21" />
            </Method>
          </Methods>
        </Class>
        <Class>
          <Summary numSequencePoints="14" visitedSequencePoints="0" numBranchPoints="14" visitedBranchPoints="0" sequenceCoverage="0" branchCoverage="0" maxCyclomaticComplexity="1" minCyclomaticComplexity="1" maxCrapScore="2" minCrapScore="2" visitedClasses="0" numClasses="1" visitedMethods="0" numMethods="14" />
          <FullName>Humanizer.In/Seven</FullName>
          <Methods>
            <Method visited="false" cyclomaticComplexity="1" nPathComplexity="0" sequenceCoverage="0" branchCoverage="0" crapScore="2" isConstructor="false" isStatic="true" isGetter="true" isSetter="false">
              <Summary numSequencePoints="1" visitedSequencePoints="0" numBranchPoints="1" visitedBranchPoints="0" sequenceCoverage="0" branchCoverage="0" maxCyclomaticComplexity="1" minCyclomaticComplexity="1" maxCrapScore="2" minCrapScore="2" visitedClasses="0" numClasses="0" visitedMethods="0" numMethods="1" />
              <MetadataToken>100664190</MetadataToken>
              <Name>System.DateTime Humanizer.In/Seven::get_Seconds()</Name>
              <FileRef uid="21" />
              <SequencePoints>
                <SequencePoint vc="0" uspid="412" ordinal="0" offset="0" sl="722" sc="23" el="722" ec="60" bec="0" bev="0" fileid="21" />
              </SequencePoints>
              <BranchPoints />
              <MethodPoint xsi:type="SequencePoint" vc="0" uspid="412" ordinal="0" offset="0" sl="722" sc="23" el="722" ec="60" bec="0" bev="0" fileid="21" />
            </Method>
            <Method visited="false" cyclomaticComplexity="1" nPathComplexity="0" sequenceCoverage="0" branchCoverage="0" crapScore="2" isConstructor="false" isStatic="true" isGetter="true" isSetter="false">
              <Summary numSequencePoints="1" visitedSequencePoints="0" numBranchPoints="1" visitedBranchPoints="0" sequenceCoverage="0" branchCoverage="0" maxCyclomaticComplexity="1" minCyclomaticComplexity="1" maxCrapScore="2" minCrapScore="2" visitedClasses="0" numClasses="0" visitedMethods="0" numMethods="1" />
              <MetadataToken>100664192</MetadataToken>
              <Name>System.DateTime Humanizer.In/Seven::get_Minutes()</Name>
              <FileRef uid="21" />
              <SequencePoints>
                <SequencePoint vc="0" uspid="413" ordinal="0" offset="0" sl="738" sc="23" el="738" ec="60" bec="0" bev="0" fileid="21" />
              </SequencePoints>
              <BranchPoints />
              <MethodPoint xsi:type="SequencePoint" vc="0" uspid="413" ordinal="0" offset="0" sl="738" sc="23" el="738" ec="60" bec="0" bev="0" fileid="21" />
            </Method>
            <Method visited="false" cyclomaticComplexity="1" nPathComplexity="0" sequenceCoverage="0" branchCoverage="0" crapScore="2" isConstructor="false" isStatic="true" isGetter="true" isSetter="false">
              <Summary numSequencePoints="1" visitedSequencePoints="0" numBranchPoints="1" visitedBranchPoints="0" sequenceCoverage="0" branchCoverage="0" maxCyclomaticComplexity="1" minCyclomaticComplexity="1" maxCrapScore="2" minCrapScore="2" visitedClasses="0" numClasses="0" visitedMethods="0" numMethods="1" />
              <MetadataToken>100664194</MetadataToken>
              <Name>System.DateTime Humanizer.In/Seven::get_Hours()</Name>
              <FileRef uid="21" />
              <SequencePoints>
                <SequencePoint vc="0" uspid="414" ordinal="0" offset="0" sl="754" sc="23" el="754" ec="58" bec="0" bev="0" fileid="21" />
              </SequencePoints>
              <BranchPoints />
              <MethodPoint xsi:type="SequencePoint" vc="0" uspid="414" ordinal="0" offset="0" sl="754" sc="23" el="754" ec="58" bec="0" bev="0" fileid="21" />
            </Method>
            <Method visited="false" cyclomaticComplexity="1" nPathComplexity="0" sequenceCoverage="0" branchCoverage="0" crapScore="2" isConstructor="false" isStatic="true" isGetter="true" isSetter="false">
              <Summary numSequencePoints="1" visitedSequencePoints="0" numBranchPoints="1" visitedBranchPoints="0" sequenceCoverage="0" branchCoverage="0" maxCyclomaticComplexity="1" minCyclomaticComplexity="1" maxCrapScore="2" minCrapScore="2" visitedClasses="0" numClasses="0" visitedMethods="0" numMethods="1" />
              <MetadataToken>100664196</MetadataToken>
              <Name>System.DateTime Humanizer.In/Seven::get_Days()</Name>
              <FileRef uid="21" />
              <SequencePoints>
                <SequencePoint vc="0" uspid="415" ordinal="0" offset="0" sl="770" sc="23" el="770" ec="57" bec="0" bev="0" fileid="21" />
              </SequencePoints>
              <BranchPoints />
              <MethodPoint xsi:type="SequencePoint" vc="0" uspid="415" ordinal="0" offset="0" sl="770" sc="23" el="770" ec="57" bec="0" bev="0" fileid="21" />
            </Method>
            <Method visited="false" cyclomaticComplexity="1" nPathComplexity="0" sequenceCoverage="0" branchCoverage="0" crapScore="2" isConstructor="false" isStatic="true" isGetter="true" isSetter="false">
              <Summary numSequencePoints="1" visitedSequencePoints="0" numBranchPoints="1" visitedBranchPoints="0" sequenceCoverage="0" branchCoverage="0" maxCyclomaticComplexity="1" minCyclomaticComplexity="1" maxCrapScore="2" minCrapScore="2" visitedClasses="0" numClasses="0" visitedMethods="0" numMethods="1" />
              <MetadataToken>100664198</MetadataToken>
              <Name>System.DateTime Humanizer.In/Seven::get_Weeks()</Name>
              <FileRef uid="21" />
              <SequencePoints>
                <SequencePoint vc="0" uspid="416" ordinal="0" offset="0" sl="786" sc="23" el="786" ec="58" bec="0" bev="0" fileid="21" />
              </SequencePoints>
              <BranchPoints />
              <MethodPoint xsi:type="SequencePoint" vc="0" uspid="416" ordinal="0" offset="0" sl="786" sc="23" el="786" ec="58" bec="0" bev="0" fileid="21" />
            </Method>
            <Method visited="false" cyclomaticComplexity="1" nPathComplexity="0" sequenceCoverage="0" branchCoverage="0" crapScore="2" isConstructor="false" isStatic="true" isGetter="true" isSetter="false">
              <Summary numSequencePoints="1" visitedSequencePoints="0" numBranchPoints="1" visitedBranchPoints="0" sequenceCoverage="0" branchCoverage="0" maxCyclomaticComplexity="1" minCyclomaticComplexity="1" maxCrapScore="2" minCrapScore="2" visitedClasses="0" numClasses="0" visitedMethods="0" numMethods="1" />
              <MetadataToken>100664200</MetadataToken>
              <Name>System.DateTime Humanizer.In/Seven::get_Months()</Name>
              <FileRef uid="21" />
              <SequencePoints>
                <SequencePoint vc="0" uspid="417" ordinal="0" offset="0" sl="802" sc="23" el="802" ec="59" bec="0" bev="0" fileid="21" />
              </SequencePoints>
              <BranchPoints />
              <MethodPoint xsi:type="SequencePoint" vc="0" uspid="417" ordinal="0" offset="0" sl="802" sc="23" el="802" ec="59" bec="0" bev="0" fileid="21" />
            </Method>
            <Method visited="false" cyclomaticComplexity="1" nPathComplexity="0" sequenceCoverage="0" branchCoverage="0" crapScore="2" isConstructor="false" isStatic="true" isGetter="true" isSetter="false">
              <Summary numSequencePoints="1" visitedSequencePoints="0" numBranchPoints="1" visitedBranchPoints="0" sequenceCoverage="0" branchCoverage="0" maxCyclomaticComplexity="1" minCyclomaticComplexity="1" maxCrapScore="2" minCrapScore="2" visitedClasses="0" numClasses="0" visitedMethods="0" numMethods="1" />
              <MetadataToken>100664202</MetadataToken>
              <Name>System.DateTime Humanizer.In/Seven::get_Years()</Name>
              <FileRef uid="21" />
              <SequencePoints>
                <SequencePoint vc="0" uspid="418" ordinal="0" offset="0" sl="818" sc="23" el="818" ec="58" bec="0" bev="0" fileid="21" />
              </SequencePoints>
              <BranchPoints />
              <MethodPoint xsi:type="SequencePoint" vc="0" uspid="418" ordinal="0" offset="0" sl="818" sc="23" el="818" ec="58" bec="0" bev="0" fileid="21" />
            </Method>
            <Method visited="false" cyclomaticComplexity="1" nPathComplexity="0" sequenceCoverage="0" branchCoverage="0" crapScore="2" isConstructor="false" isStatic="true" isGetter="false" isSetter="false">
              <Summary numSequencePoints="1" visitedSequencePoints="0" numBranchPoints="1" visitedBranchPoints="0" sequenceCoverage="0" branchCoverage="0" maxCyclomaticComplexity="1" minCyclomaticComplexity="1" maxCrapScore="2" minCrapScore="2" visitedClasses="0" numClasses="0" visitedMethods="0" numMethods="1" />
              <MetadataToken>100664191</MetadataToken>
              <Name>System.DateTime Humanizer.In/Seven::SecondsFrom(System.DateTime)</Name>
              <FileRef uid="21" />
              <SequencePoints>
                <SequencePoint vc="0" uspid="419" ordinal="0" offset="0" sl="730" sc="17" el="730" ec="43" bec="0" bev="0" fileid="21" />
              </SequencePoints>
              <BranchPoints />
              <MethodPoint xsi:type="SequencePoint" vc="0" uspid="419" ordinal="0" offset="0" sl="730" sc="17" el="730" ec="43" bec="0" bev="0" fileid="21" />
            </Method>
            <Method visited="false" cyclomaticComplexity="1" nPathComplexity="0" sequenceCoverage="0" branchCoverage="0" crapScore="2" isConstructor="false" isStatic="true" isGetter="false" isSetter="false">
              <Summary numSequencePoints="1" visitedSequencePoints="0" numBranchPoints="1" visitedBranchPoints="0" sequenceCoverage="0" branchCoverage="0" maxCyclomaticComplexity="1" minCyclomaticComplexity="1" maxCrapScore="2" minCrapScore="2" visitedClasses="0" numClasses="0" visitedMethods="0" numMethods="1" />
              <MetadataToken>100664193</MetadataToken>
              <Name>System.DateTime Humanizer.In/Seven::MinutesFrom(System.DateTime)</Name>
              <FileRef uid="21" />
              <SequencePoints>
                <SequencePoint vc="0" uspid="420" ordinal="0" offset="0" sl="746" sc="17" el="746" ec="43" bec="0" bev="0" fileid="21" />
              </SequencePoints>
              <BranchPoints />
              <MethodPoint xsi:type="SequencePoint" vc="0" uspid="420" ordinal="0" offset="0" sl="746" sc="17" el="746" ec="43" bec="0" bev="0" fileid="21" />
            </Method>
            <Method visited="false" cyclomaticComplexity="1" nPathComplexity="0" sequenceCoverage="0" branchCoverage="0" crapScore="2" isConstructor="false" isStatic="true" isGetter="false" isSetter="false">
              <Summary numSequencePoints="1" visitedSequencePoints="0" numBranchPoints="1" visitedBranchPoints="0" sequenceCoverage="0" branchCoverage="0" maxCyclomaticComplexity="1" minCyclomaticComplexity="1" maxCrapScore="2" minCrapScore="2" visitedClasses="0" numClasses="0" visitedMethods="0" numMethods="1" />
              <MetadataToken>100664195</MetadataToken>
              <Name>System.DateTime Humanizer.In/Seven::HoursFrom(System.DateTime)</Name>
              <FileRef uid="21" />
              <SequencePoints>
                <SequencePoint vc="0" uspid="421" ordinal="0" offset="0" sl="762" sc="17" el="762" ec="41" bec="0" bev="0" fileid="21" />
              </SequencePoints>
              <BranchPoints />
              <MethodPoint xsi:type="SequencePoint" vc="0" uspid="421" ordinal="0" offset="0" sl="762" sc="17" el="762" ec="41" bec="0" bev="0" fileid="21" />
            </Method>
            <Method visited="false" cyclomaticComplexity="1" nPathComplexity="0" sequenceCoverage="0" branchCoverage="0" crapScore="2" isConstructor="false" isStatic="true" isGetter="false" isSetter="false">
              <Summary numSequencePoints="1" visitedSequencePoints="0" numBranchPoints="1" visitedBranchPoints="0" sequenceCoverage="0" branchCoverage="0" maxCyclomaticComplexity="1" minCyclomaticComplexity="1" maxCrapScore="2" minCrapScore="2" visitedClasses="0" numClasses="0" visitedMethods="0" numMethods="1" />
              <MetadataToken>100664197</MetadataToken>
              <Name>System.DateTime Humanizer.In/Seven::DaysFrom(System.DateTime)</Name>
              <FileRef uid="21" />
              <SequencePoints>
                <SequencePoint vc="0" uspid="422" ordinal="0" offset="0" sl="778" sc="17" el="778" ec="40" bec="0" bev="0" fileid="21" />
              </SequencePoints>
              <BranchPoints />
              <MethodPoint xsi:type="SequencePoint" vc="0" uspid="422" ordinal="0" offset="0" sl="778" sc="17" el="778" ec="40" bec="0" bev="0" fileid="21" />
            </Method>
            <Method visited="false" cyclomaticComplexity="1" nPathComplexity="0" sequenceCoverage="0" branchCoverage="0" crapScore="2" isConstructor="false" isStatic="true" isGetter="false" isSetter="false">
              <Summary numSequencePoints="1" visitedSequencePoints="0" numBranchPoints="1" visitedBranchPoints="0" sequenceCoverage="0" branchCoverage="0" maxCyclomaticComplexity="1" minCyclomaticComplexity="1" maxCrapScore="2" minCrapScore="2" visitedClasses="0" numClasses="0" visitedMethods="0" numMethods="1" />
              <MetadataToken>100664199</MetadataToken>
              <Name>System.DateTime Humanizer.In/Seven::WeeksFrom(System.DateTime)</Name>
              <FileRef uid="21" />
              <SequencePoints>
                <SequencePoint vc="0" uspid="423" ordinal="0" offset="0" sl="794" sc="17" el="794" ec="41" bec="0" bev="0" fileid="21" />
              </SequencePoints>
              <BranchPoints />
              <MethodPoint xsi:type="SequencePoint" vc="0" uspid="423" ordinal="0" offset="0" sl="794" sc="17" el="794" ec="41" bec="0" bev="0" fileid="21" />
            </Method>
            <Method visited="false" cyclomaticComplexity="1" nPathComplexity="0" sequenceCoverage="0" branchCoverage="0" crapScore="2" isConstructor="false" isStatic="true" isGetter="false" isSetter="false">
              <Summary numSequencePoints="1" visitedSequencePoints="0" numBranchPoints="1" visitedBranchPoints="0" sequenceCoverage="0" branchCoverage="0" maxCyclomaticComplexity="1" minCyclomaticComplexity="1" maxCrapScore="2" minCrapScore="2" visitedClasses="0" numClasses="0" visitedMethods="0" numMethods="1" />
              <MetadataToken>100664201</MetadataToken>
              <Name>System.DateTime Humanizer.In/Seven::MonthsFrom(System.DateTime)</Name>
              <FileRef uid="21" />
              <SequencePoints>
                <SequencePoint vc="0" uspid="424" ordinal="0" offset="0" sl="810" sc="17" el="810" ec="42" bec="0" bev="0" fileid="21" />
              </SequencePoints>
              <BranchPoints />
              <MethodPoint xsi:type="SequencePoint" vc="0" uspid="424" ordinal="0" offset="0" sl="810" sc="17" el="810" ec="42" bec="0" bev="0" fileid="21" />
            </Method>
            <Method visited="false" cyclomaticComplexity="1" nPathComplexity="0" sequenceCoverage="0" branchCoverage="0" crapScore="2" isConstructor="false" isStatic="true" isGetter="false" isSetter="false">
              <Summary numSequencePoints="1" visitedSequencePoints="0" numBranchPoints="1" visitedBranchPoints="0" sequenceCoverage="0" branchCoverage="0" maxCyclomaticComplexity="1" minCyclomaticComplexity="1" maxCrapScore="2" minCrapScore="2" visitedClasses="0" numClasses="0" visitedMethods="0" numMethods="1" />
              <MetadataToken>100664203</MetadataToken>
              <Name>System.DateTime Humanizer.In/Seven::YearsFrom(System.DateTime)</Name>
              <FileRef uid="21" />
              <SequencePoints>
                <SequencePoint vc="0" uspid="425" ordinal="0" offset="0" sl="826" sc="17" el="826" ec="41" bec="0" bev="0" fileid="21" />
              </SequencePoints>
              <BranchPoints />
              <MethodPoint xsi:type="SequencePoint" vc="0" uspid="425" ordinal="0" offset="0" sl="826" sc="17" el="826" ec="41" bec="0" bev="0" fileid="21" />
            </Method>
          </Methods>
        </Class>
        <Class>
          <Summary numSequencePoints="14" visitedSequencePoints="0" numBranchPoints="14" visitedBranchPoints="0" sequenceCoverage="0" branchCoverage="0" maxCyclomaticComplexity="1" minCyclomaticComplexity="1" maxCrapScore="2" minCrapScore="2" visitedClasses="0" numClasses="1" visitedMethods="0" numMethods="14" />
          <FullName>Humanizer.In/Eight</FullName>
          <Methods>
            <Method visited="false" cyclomaticComplexity="1" nPathComplexity="0" sequenceCoverage="0" branchCoverage="0" crapScore="2" isConstructor="false" isStatic="true" isGetter="true" isSetter="false">
              <Summary numSequencePoints="1" visitedSequencePoints="0" numBranchPoints="1" visitedBranchPoints="0" sequenceCoverage="0" branchCoverage="0" maxCyclomaticComplexity="1" minCyclomaticComplexity="1" maxCrapScore="2" minCrapScore="2" visitedClasses="0" numClasses="0" visitedMethods="0" numMethods="1" />
              <MetadataToken>100664204</MetadataToken>
              <Name>System.DateTime Humanizer.In/Eight::get_Seconds()</Name>
              <FileRef uid="21" />
              <SequencePoints>
                <SequencePoint vc="0" uspid="426" ordinal="0" offset="0" sl="839" sc="23" el="839" ec="60" bec="0" bev="0" fileid="21" />
              </SequencePoints>
              <BranchPoints />
              <MethodPoint xsi:type="SequencePoint" vc="0" uspid="426" ordinal="0" offset="0" sl="839" sc="23" el="839" ec="60" bec="0" bev="0" fileid="21" />
            </Method>
            <Method visited="false" cyclomaticComplexity="1" nPathComplexity="0" sequenceCoverage="0" branchCoverage="0" crapScore="2" isConstructor="false" isStatic="true" isGetter="true" isSetter="false">
              <Summary numSequencePoints="1" visitedSequencePoints="0" numBranchPoints="1" visitedBranchPoints="0" sequenceCoverage="0" branchCoverage="0" maxCyclomaticComplexity="1" minCyclomaticComplexity="1" maxCrapScore="2" minCrapScore="2" visitedClasses="0" numClasses="0" visitedMethods="0" numMethods="1" />
              <MetadataToken>100664206</MetadataToken>
              <Name>System.DateTime Humanizer.In/Eight::get_Minutes()</Name>
              <FileRef uid="21" />
              <SequencePoints>
                <SequencePoint vc="0" uspid="427" ordinal="0" offset="0" sl="855" sc="23" el="855" ec="60" bec="0" bev="0" fileid="21" />
              </SequencePoints>
              <BranchPoints />
              <MethodPoint xsi:type="SequencePoint" vc="0" uspid="427" ordinal="0" offset="0" sl="855" sc="23" el="855" ec="60" bec="0" bev="0" fileid="21" />
            </Method>
            <Method visited="false" cyclomaticComplexity="1" nPathComplexity="0" sequenceCoverage="0" branchCoverage="0" crapScore="2" isConstructor="false" isStatic="true" isGetter="true" isSetter="false">
              <Summary numSequencePoints="1" visitedSequencePoints="0" numBranchPoints="1" visitedBranchPoints="0" sequenceCoverage="0" branchCoverage="0" maxCyclomaticComplexity="1" minCyclomaticComplexity="1" maxCrapScore="2" minCrapScore="2" visitedClasses="0" numClasses="0" visitedMethods="0" numMethods="1" />
              <MetadataToken>100664208</MetadataToken>
              <Name>System.DateTime Humanizer.In/Eight::get_Hours()</Name>
              <FileRef uid="21" />
              <SequencePoints>
                <SequencePoint vc="0" uspid="428" ordinal="0" offset="0" sl="871" sc="23" el="871" ec="58" bec="0" bev="0" fileid="21" />
              </SequencePoints>
              <BranchPoints />
              <MethodPoint xsi:type="SequencePoint" vc="0" uspid="428" ordinal="0" offset="0" sl="871" sc="23" el="871" ec="58" bec="0" bev="0" fileid="21" />
            </Method>
            <Method visited="false" cyclomaticComplexity="1" nPathComplexity="0" sequenceCoverage="0" branchCoverage="0" crapScore="2" isConstructor="false" isStatic="true" isGetter="true" isSetter="false">
              <Summary numSequencePoints="1" visitedSequencePoints="0" numBranchPoints="1" visitedBranchPoints="0" sequenceCoverage="0" branchCoverage="0" maxCyclomaticComplexity="1" minCyclomaticComplexity="1" maxCrapScore="2" minCrapScore="2" visitedClasses="0" numClasses="0" visitedMethods="0" numMethods="1" />
              <MetadataToken>100664210</MetadataToken>
              <Name>System.DateTime Humanizer.In/Eight::get_Days()</Name>
              <FileRef uid="21" />
              <SequencePoints>
                <SequencePoint vc="0" uspid="429" ordinal="0" offset="0" sl="887" sc="23" el="887" ec="57" bec="0" bev="0" fileid="21" />
              </SequencePoints>
              <BranchPoints />
              <MethodPoint xsi:type="SequencePoint" vc="0" uspid="429" ordinal="0" offset="0" sl="887" sc="23" el="887" ec="57" bec="0" bev="0" fileid="21" />
            </Method>
            <Method visited="false" cyclomaticComplexity="1" nPathComplexity="0" sequenceCoverage="0" branchCoverage="0" crapScore="2" isConstructor="false" isStatic="true" isGetter="true" isSetter="false">
              <Summary numSequencePoints="1" visitedSequencePoints="0" numBranchPoints="1" visitedBranchPoints="0" sequenceCoverage="0" branchCoverage="0" maxCyclomaticComplexity="1" minCyclomaticComplexity="1" maxCrapScore="2" minCrapScore="2" visitedClasses="0" numClasses="0" visitedMethods="0" numMethods="1" />
              <MetadataToken>100664212</MetadataToken>
              <Name>System.DateTime Humanizer.In/Eight::get_Weeks()</Name>
              <FileRef uid="21" />
              <SequencePoints>
                <SequencePoint vc="0" uspid="430" ordinal="0" offset="0" sl="903" sc="23" el="903" ec="58" bec="0" bev="0" fileid="21" />
              </SequencePoints>
              <BranchPoints />
              <MethodPoint xsi:type="SequencePoint" vc="0" uspid="430" ordinal="0" offset="0" sl="903" sc="23" el="903" ec="58" bec="0" bev="0" fileid="21" />
            </Method>
            <Method visited="false" cyclomaticComplexity="1" nPathComplexity="0" sequenceCoverage="0" branchCoverage="0" crapScore="2" isConstructor="false" isStatic="true" isGetter="true" isSetter="false">
              <Summary numSequencePoints="1" visitedSequencePoints="0" numBranchPoints="1" visitedBranchPoints="0" sequenceCoverage="0" branchCoverage="0" maxCyclomaticComplexity="1" minCyclomaticComplexity="1" maxCrapScore="2" minCrapScore="2" visitedClasses="0" numClasses="0" visitedMethods="0" numMethods="1" />
              <MetadataToken>100664214</MetadataToken>
              <Name>System.DateTime Humanizer.In/Eight::get_Months()</Name>
              <FileRef uid="21" />
              <SequencePoints>
                <SequencePoint vc="0" uspid="431" ordinal="0" offset="0" sl="919" sc="23" el="919" ec="59" bec="0" bev="0" fileid="21" />
              </SequencePoints>
              <BranchPoints />
              <MethodPoint xsi:type="SequencePoint" vc="0" uspid="431" ordinal="0" offset="0" sl="919" sc="23" el="919" ec="59" bec="0" bev="0" fileid="21" />
            </Method>
            <Method visited="false" cyclomaticComplexity="1" nPathComplexity="0" sequenceCoverage="0" branchCoverage="0" crapScore="2" isConstructor="false" isStatic="true" isGetter="true" isSetter="false">
              <Summary numSequencePoints="1" visitedSequencePoints="0" numBranchPoints="1" visitedBranchPoints="0" sequenceCoverage="0" branchCoverage="0" maxCyclomaticComplexity="1" minCyclomaticComplexity="1" maxCrapScore="2" minCrapScore="2" visitedClasses="0" numClasses="0" visitedMethods="0" numMethods="1" />
              <MetadataToken>100664216</MetadataToken>
              <Name>System.DateTime Humanizer.In/Eight::get_Years()</Name>
              <FileRef uid="21" />
              <SequencePoints>
                <SequencePoint vc="0" uspid="432" ordinal="0" offset="0" sl="935" sc="23" el="935" ec="58" bec="0" bev="0" fileid="21" />
              </SequencePoints>
              <BranchPoints />
              <MethodPoint xsi:type="SequencePoint" vc="0" uspid="432" ordinal="0" offset="0" sl="935" sc="23" el="935" ec="58" bec="0" bev="0" fileid="21" />
            </Method>
            <Method visited="false" cyclomaticComplexity="1" nPathComplexity="0" sequenceCoverage="0" branchCoverage="0" crapScore="2" isConstructor="false" isStatic="true" isGetter="false" isSetter="false">
              <Summary numSequencePoints="1" visitedSequencePoints="0" numBranchPoints="1" visitedBranchPoints="0" sequenceCoverage="0" branchCoverage="0" maxCyclomaticComplexity="1" minCyclomaticComplexity="1" maxCrapScore="2" minCrapScore="2" visitedClasses="0" numClasses="0" visitedMethods="0" numMethods="1" />
              <MetadataToken>100664205</MetadataToken>
              <Name>System.DateTime Humanizer.In/Eight::SecondsFrom(System.DateTime)</Name>
              <FileRef uid="21" />
              <SequencePoints>
                <SequencePoint vc="0" uspid="433" ordinal="0" offset="0" sl="847" sc="17" el="847" ec="43" bec="0" bev="0" fileid="21" />
              </SequencePoints>
              <BranchPoints />
              <MethodPoint xsi:type="SequencePoint" vc="0" uspid="433" ordinal="0" offset="0" sl="847" sc="17" el="847" ec="43" bec="0" bev="0" fileid="21" />
            </Method>
            <Method visited="false" cyclomaticComplexity="1" nPathComplexity="0" sequenceCoverage="0" branchCoverage="0" crapScore="2" isConstructor="false" isStatic="true" isGetter="false" isSetter="false">
              <Summary numSequencePoints="1" visitedSequencePoints="0" numBranchPoints="1" visitedBranchPoints="0" sequenceCoverage="0" branchCoverage="0" maxCyclomaticComplexity="1" minCyclomaticComplexity="1" maxCrapScore="2" minCrapScore="2" visitedClasses="0" numClasses="0" visitedMethods="0" numMethods="1" />
              <MetadataToken>100664207</MetadataToken>
              <Name>System.DateTime Humanizer.In/Eight::MinutesFrom(System.DateTime)</Name>
              <FileRef uid="21" />
              <SequencePoints>
                <SequencePoint vc="0" uspid="434" ordinal="0" offset="0" sl="863" sc="17" el="863" ec="43" bec="0" bev="0" fileid="21" />
              </SequencePoints>
              <BranchPoints />
              <MethodPoint xsi:type="SequencePoint" vc="0" uspid="434" ordinal="0" offset="0" sl="863" sc="17" el="863" ec="43" bec="0" bev="0" fileid="21" />
            </Method>
            <Method visited="false" cyclomaticComplexity="1" nPathComplexity="0" sequenceCoverage="0" branchCoverage="0" crapScore="2" isConstructor="false" isStatic="true" isGetter="false" isSetter="false">
              <Summary numSequencePoints="1" visitedSequencePoints="0" numBranchPoints="1" visitedBranchPoints="0" sequenceCoverage="0" branchCoverage="0" maxCyclomaticComplexity="1" minCyclomaticComplexity="1" maxCrapScore="2" minCrapScore="2" visitedClasses="0" numClasses="0" visitedMethods="0" numMethods="1" />
              <MetadataToken>100664209</MetadataToken>
              <Name>System.DateTime Humanizer.In/Eight::HoursFrom(System.DateTime)</Name>
              <FileRef uid="21" />
              <SequencePoints>
                <SequencePoint vc="0" uspid="435" ordinal="0" offset="0" sl="879" sc="17" el="879" ec="41" bec="0" bev="0" fileid="21" />
              </SequencePoints>
              <BranchPoints />
              <MethodPoint xsi:type="SequencePoint" vc="0" uspid="435" ordinal="0" offset="0" sl="879" sc="17" el="879" ec="41" bec="0" bev="0" fileid="21" />
            </Method>
            <Method visited="false" cyclomaticComplexity="1" nPathComplexity="0" sequenceCoverage="0" branchCoverage="0" crapScore="2" isConstructor="false" isStatic="true" isGetter="false" isSetter="false">
              <Summary numSequencePoints="1" visitedSequencePoints="0" numBranchPoints="1" visitedBranchPoints="0" sequenceCoverage="0" branchCoverage="0" maxCyclomaticComplexity="1" minCyclomaticComplexity="1" maxCrapScore="2" minCrapScore="2" visitedClasses="0" numClasses="0" visitedMethods="0" numMethods="1" />
              <MetadataToken>100664211</MetadataToken>
              <Name>System.DateTime Humanizer.In/Eight::DaysFrom(System.DateTime)</Name>
              <FileRef uid="21" />
              <SequencePoints>
                <SequencePoint vc="0" uspid="436" ordinal="0" offset="0" sl="895" sc="17" el="895" ec="40" bec="0" bev="0" fileid="21" />
              </SequencePoints>
              <BranchPoints />
              <MethodPoint xsi:type="SequencePoint" vc="0" uspid="436" ordinal="0" offset="0" sl="895" sc="17" el="895" ec="40" bec="0" bev="0" fileid="21" />
            </Method>
            <Method visited="false" cyclomaticComplexity="1" nPathComplexity="0" sequenceCoverage="0" branchCoverage="0" crapScore="2" isConstructor="false" isStatic="true" isGetter="false" isSetter="false">
              <Summary numSequencePoints="1" visitedSequencePoints="0" numBranchPoints="1" visitedBranchPoints="0" sequenceCoverage="0" branchCoverage="0" maxCyclomaticComplexity="1" minCyclomaticComplexity="1" maxCrapScore="2" minCrapScore="2" visitedClasses="0" numClasses="0" visitedMethods="0" numMethods="1" />
              <MetadataToken>100664213</MetadataToken>
              <Name>System.DateTime Humanizer.In/Eight::WeeksFrom(System.DateTime)</Name>
              <FileRef uid="21" />
              <SequencePoints>
                <SequencePoint vc="0" uspid="437" ordinal="0" offset="0" sl="911" sc="17" el="911" ec="41" bec="0" bev="0" fileid="21" />
              </SequencePoints>
              <BranchPoints />
              <MethodPoint xsi:type="SequencePoint" vc="0" uspid="437" ordinal="0" offset="0" sl="911" sc="17" el="911" ec="41" bec="0" bev="0" fileid="21" />
            </Method>
            <Method visited="false" cyclomaticComplexity="1" nPathComplexity="0" sequenceCoverage="0" branchCoverage="0" crapScore="2" isConstructor="false" isStatic="true" isGetter="false" isSetter="false">
              <Summary numSequencePoints="1" visitedSequencePoints="0" numBranchPoints="1" visitedBranchPoints="0" sequenceCoverage="0" branchCoverage="0" maxCyclomaticComplexity="1" minCyclomaticComplexity="1" maxCrapScore="2" minCrapScore="2" visitedClasses="0" numClasses="0" visitedMethods="0" numMethods="1" />
              <MetadataToken>100664215</MetadataToken>
              <Name>System.DateTime Humanizer.In/Eight::MonthsFrom(System.DateTime)</Name>
              <FileRef uid="21" />
              <SequencePoints>
                <SequencePoint vc="0" uspid="438" ordinal="0" offset="0" sl="927" sc="17" el="927" ec="42" bec="0" bev="0" fileid="21" />
              </SequencePoints>
              <BranchPoints />
              <MethodPoint xsi:type="SequencePoint" vc="0" uspid="438" ordinal="0" offset="0" sl="927" sc="17" el="927" ec="42" bec="0" bev="0" fileid="21" />
            </Method>
            <Method visited="false" cyclomaticComplexity="1" nPathComplexity="0" sequenceCoverage="0" branchCoverage="0" crapScore="2" isConstructor="false" isStatic="true" isGetter="false" isSetter="false">
              <Summary numSequencePoints="1" visitedSequencePoints="0" numBranchPoints="1" visitedBranchPoints="0" sequenceCoverage="0" branchCoverage="0" maxCyclomaticComplexity="1" minCyclomaticComplexity="1" maxCrapScore="2" minCrapScore="2" visitedClasses="0" numClasses="0" visitedMethods="0" numMethods="1" />
              <MetadataToken>100664217</MetadataToken>
              <Name>System.DateTime Humanizer.In/Eight::YearsFrom(System.DateTime)</Name>
              <FileRef uid="21" />
              <SequencePoints>
                <SequencePoint vc="0" uspid="439" ordinal="0" offset="0" sl="943" sc="17" el="943" ec="41" bec="0" bev="0" fileid="21" />
              </SequencePoints>
              <BranchPoints />
              <MethodPoint xsi:type="SequencePoint" vc="0" uspid="439" ordinal="0" offset="0" sl="943" sc="17" el="943" ec="41" bec="0" bev="0" fileid="21" />
            </Method>
          </Methods>
        </Class>
        <Class>
          <Summary numSequencePoints="14" visitedSequencePoints="0" numBranchPoints="14" visitedBranchPoints="0" sequenceCoverage="0" branchCoverage="0" maxCyclomaticComplexity="1" minCyclomaticComplexity="1" maxCrapScore="2" minCrapScore="2" visitedClasses="0" numClasses="1" visitedMethods="0" numMethods="14" />
          <FullName>Humanizer.In/Nine</FullName>
          <Methods>
            <Method visited="false" cyclomaticComplexity="1" nPathComplexity="0" sequenceCoverage="0" branchCoverage="0" crapScore="2" isConstructor="false" isStatic="true" isGetter="true" isSetter="false">
              <Summary numSequencePoints="1" visitedSequencePoints="0" numBranchPoints="1" visitedBranchPoints="0" sequenceCoverage="0" branchCoverage="0" maxCyclomaticComplexity="1" minCyclomaticComplexity="1" maxCrapScore="2" minCrapScore="2" visitedClasses="0" numClasses="0" visitedMethods="0" numMethods="1" />
              <MetadataToken>100664218</MetadataToken>
              <Name>System.DateTime Humanizer.In/Nine::get_Seconds()</Name>
              <FileRef uid="21" />
              <SequencePoints>
                <SequencePoint vc="0" uspid="440" ordinal="0" offset="0" sl="956" sc="23" el="956" ec="60" bec="0" bev="0" fileid="21" />
              </SequencePoints>
              <BranchPoints />
              <MethodPoint xsi:type="SequencePoint" vc="0" uspid="440" ordinal="0" offset="0" sl="956" sc="23" el="956" ec="60" bec="0" bev="0" fileid="21" />
            </Method>
            <Method visited="false" cyclomaticComplexity="1" nPathComplexity="0" sequenceCoverage="0" branchCoverage="0" crapScore="2" isConstructor="false" isStatic="true" isGetter="true" isSetter="false">
              <Summary numSequencePoints="1" visitedSequencePoints="0" numBranchPoints="1" visitedBranchPoints="0" sequenceCoverage="0" branchCoverage="0" maxCyclomaticComplexity="1" minCyclomaticComplexity="1" maxCrapScore="2" minCrapScore="2" visitedClasses="0" numClasses="0" visitedMethods="0" numMethods="1" />
              <MetadataToken>100664220</MetadataToken>
              <Name>System.DateTime Humanizer.In/Nine::get_Minutes()</Name>
              <FileRef uid="21" />
              <SequencePoints>
                <SequencePoint vc="0" uspid="441" ordinal="0" offset="0" sl="972" sc="23" el="972" ec="60" bec="0" bev="0" fileid="21" />
              </SequencePoints>
              <BranchPoints />
              <MethodPoint xsi:type="SequencePoint" vc="0" uspid="441" ordinal="0" offset="0" sl="972" sc="23" el="972" ec="60" bec="0" bev="0" fileid="21" />
            </Method>
            <Method visited="false" cyclomaticComplexity="1" nPathComplexity="0" sequenceCoverage="0" branchCoverage="0" crapScore="2" isConstructor="false" isStatic="true" isGetter="true" isSetter="false">
              <Summary numSequencePoints="1" visitedSequencePoints="0" numBranchPoints="1" visitedBranchPoints="0" sequenceCoverage="0" branchCoverage="0" maxCyclomaticComplexity="1" minCyclomaticComplexity="1" maxCrapScore="2" minCrapScore="2" visitedClasses="0" numClasses="0" visitedMethods="0" numMethods="1" />
              <MetadataToken>100664222</MetadataToken>
              <Name>System.DateTime Humanizer.In/Nine::get_Hours()</Name>
              <FileRef uid="21" />
              <SequencePoints>
                <SequencePoint vc="0" uspid="442" ordinal="0" offset="0" sl="988" sc="23" el="988" ec="58" bec="0" bev="0" fileid="21" />
              </SequencePoints>
              <BranchPoints />
              <MethodPoint xsi:type="SequencePoint" vc="0" uspid="442" ordinal="0" offset="0" sl="988" sc="23" el="988" ec="58" bec="0" bev="0" fileid="21" />
            </Method>
            <Method visited="false" cyclomaticComplexity="1" nPathComplexity="0" sequenceCoverage="0" branchCoverage="0" crapScore="2" isConstructor="false" isStatic="true" isGetter="true" isSetter="false">
              <Summary numSequencePoints="1" visitedSequencePoints="0" numBranchPoints="1" visitedBranchPoints="0" sequenceCoverage="0" branchCoverage="0" maxCyclomaticComplexity="1" minCyclomaticComplexity="1" maxCrapScore="2" minCrapScore="2" visitedClasses="0" numClasses="0" visitedMethods="0" numMethods="1" />
              <MetadataToken>100664224</MetadataToken>
              <Name>System.DateTime Humanizer.In/Nine::get_Days()</Name>
              <FileRef uid="21" />
              <SequencePoints>
                <SequencePoint vc="0" uspid="443" ordinal="0" offset="0" sl="1004" sc="23" el="1004" ec="57" bec="0" bev="0" fileid="21" />
              </SequencePoints>
              <BranchPoints />
              <MethodPoint xsi:type="SequencePoint" vc="0" uspid="443" ordinal="0" offset="0" sl="1004" sc="23" el="1004" ec="57" bec="0" bev="0" fileid="21" />
            </Method>
            <Method visited="false" cyclomaticComplexity="1" nPathComplexity="0" sequenceCoverage="0" branchCoverage="0" crapScore="2" isConstructor="false" isStatic="true" isGetter="true" isSetter="false">
              <Summary numSequencePoints="1" visitedSequencePoints="0" numBranchPoints="1" visitedBranchPoints="0" sequenceCoverage="0" branchCoverage="0" maxCyclomaticComplexity="1" minCyclomaticComplexity="1" maxCrapScore="2" minCrapScore="2" visitedClasses="0" numClasses="0" visitedMethods="0" numMethods="1" />
              <MetadataToken>100664226</MetadataToken>
              <Name>System.DateTime Humanizer.In/Nine::get_Weeks()</Name>
              <FileRef uid="21" />
              <SequencePoints>
                <SequencePoint vc="0" uspid="444" ordinal="0" offset="0" sl="1020" sc="23" el="1020" ec="58" bec="0" bev="0" fileid="21" />
              </SequencePoints>
              <BranchPoints />
              <MethodPoint xsi:type="SequencePoint" vc="0" uspid="444" ordinal="0" offset="0" sl="1020" sc="23" el="1020" ec="58" bec="0" bev="0" fileid="21" />
            </Method>
            <Method visited="false" cyclomaticComplexity="1" nPathComplexity="0" sequenceCoverage="0" branchCoverage="0" crapScore="2" isConstructor="false" isStatic="true" isGetter="true" isSetter="false">
              <Summary numSequencePoints="1" visitedSequencePoints="0" numBranchPoints="1" visitedBranchPoints="0" sequenceCoverage="0" branchCoverage="0" maxCyclomaticComplexity="1" minCyclomaticComplexity="1" maxCrapScore="2" minCrapScore="2" visitedClasses="0" numClasses="0" visitedMethods="0" numMethods="1" />
              <MetadataToken>100664228</MetadataToken>
              <Name>System.DateTime Humanizer.In/Nine::get_Months()</Name>
              <FileRef uid="21" />
              <SequencePoints>
                <SequencePoint vc="0" uspid="445" ordinal="0" offset="0" sl="1036" sc="23" el="1036" ec="59" bec="0" bev="0" fileid="21" />
              </SequencePoints>
              <BranchPoints />
              <MethodPoint xsi:type="SequencePoint" vc="0" uspid="445" ordinal="0" offset="0" sl="1036" sc="23" el="1036" ec="59" bec="0" bev="0" fileid="21" />
            </Method>
            <Method visited="false" cyclomaticComplexity="1" nPathComplexity="0" sequenceCoverage="0" branchCoverage="0" crapScore="2" isConstructor="false" isStatic="true" isGetter="true" isSetter="false">
              <Summary numSequencePoints="1" visitedSequencePoints="0" numBranchPoints="1" visitedBranchPoints="0" sequenceCoverage="0" branchCoverage="0" maxCyclomaticComplexity="1" minCyclomaticComplexity="1" maxCrapScore="2" minCrapScore="2" visitedClasses="0" numClasses="0" visitedMethods="0" numMethods="1" />
              <MetadataToken>100664230</MetadataToken>
              <Name>System.DateTime Humanizer.In/Nine::get_Years()</Name>
              <FileRef uid="21" />
              <SequencePoints>
                <SequencePoint vc="0" uspid="446" ordinal="0" offset="0" sl="1052" sc="23" el="1052" ec="58" bec="0" bev="0" fileid="21" />
              </SequencePoints>
              <BranchPoints />
              <MethodPoint xsi:type="SequencePoint" vc="0" uspid="446" ordinal="0" offset="0" sl="1052" sc="23" el="1052" ec="58" bec="0" bev="0" fileid="21" />
            </Method>
            <Method visited="false" cyclomaticComplexity="1" nPathComplexity="0" sequenceCoverage="0" branchCoverage="0" crapScore="2" isConstructor="false" isStatic="true" isGetter="false" isSetter="false">
              <Summary numSequencePoints="1" visitedSequencePoints="0" numBranchPoints="1" visitedBranchPoints="0" sequenceCoverage="0" branchCoverage="0" maxCyclomaticComplexity="1" minCyclomaticComplexity="1" maxCrapScore="2" minCrapScore="2" visitedClasses="0" numClasses="0" visitedMethods="0" numMethods="1" />
              <MetadataToken>100664219</MetadataToken>
              <Name>System.DateTime Humanizer.In/Nine::SecondsFrom(System.DateTime)</Name>
              <FileRef uid="21" />
              <SequencePoints>
                <SequencePoint vc="0" uspid="447" ordinal="0" offset="0" sl="964" sc="17" el="964" ec="43" bec="0" bev="0" fileid="21" />
              </SequencePoints>
              <BranchPoints />
              <MethodPoint xsi:type="SequencePoint" vc="0" uspid="447" ordinal="0" offset="0" sl="964" sc="17" el="964" ec="43" bec="0" bev="0" fileid="21" />
            </Method>
            <Method visited="false" cyclomaticComplexity="1" nPathComplexity="0" sequenceCoverage="0" branchCoverage="0" crapScore="2" isConstructor="false" isStatic="true" isGetter="false" isSetter="false">
              <Summary numSequencePoints="1" visitedSequencePoints="0" numBranchPoints="1" visitedBranchPoints="0" sequenceCoverage="0" branchCoverage="0" maxCyclomaticComplexity="1" minCyclomaticComplexity="1" maxCrapScore="2" minCrapScore="2" visitedClasses="0" numClasses="0" visitedMethods="0" numMethods="1" />
              <MetadataToken>100664221</MetadataToken>
              <Name>System.DateTime Humanizer.In/Nine::MinutesFrom(System.DateTime)</Name>
              <FileRef uid="21" />
              <SequencePoints>
                <SequencePoint vc="0" uspid="448" ordinal="0" offset="0" sl="980" sc="17" el="980" ec="43" bec="0" bev="0" fileid="21" />
              </SequencePoints>
              <BranchPoints />
              <MethodPoint xsi:type="SequencePoint" vc="0" uspid="448" ordinal="0" offset="0" sl="980" sc="17" el="980" ec="43" bec="0" bev="0" fileid="21" />
            </Method>
            <Method visited="false" cyclomaticComplexity="1" nPathComplexity="0" sequenceCoverage="0" branchCoverage="0" crapScore="2" isConstructor="false" isStatic="true" isGetter="false" isSetter="false">
              <Summary numSequencePoints="1" visitedSequencePoints="0" numBranchPoints="1" visitedBranchPoints="0" sequenceCoverage="0" branchCoverage="0" maxCyclomaticComplexity="1" minCyclomaticComplexity="1" maxCrapScore="2" minCrapScore="2" visitedClasses="0" numClasses="0" visitedMethods="0" numMethods="1" />
              <MetadataToken>100664223</MetadataToken>
              <Name>System.DateTime Humanizer.In/Nine::HoursFrom(System.DateTime)</Name>
              <FileRef uid="21" />
              <SequencePoints>
                <SequencePoint vc="0" uspid="449" ordinal="0" offset="0" sl="996" sc="17" el="996" ec="41" bec="0" bev="0" fileid="21" />
              </SequencePoints>
              <BranchPoints />
              <MethodPoint xsi:type="SequencePoint" vc="0" uspid="449" ordinal="0" offset="0" sl="996" sc="17" el="996" ec="41" bec="0" bev="0" fileid="21" />
            </Method>
            <Method visited="false" cyclomaticComplexity="1" nPathComplexity="0" sequenceCoverage="0" branchCoverage="0" crapScore="2" isConstructor="false" isStatic="true" isGetter="false" isSetter="false">
              <Summary numSequencePoints="1" visitedSequencePoints="0" numBranchPoints="1" visitedBranchPoints="0" sequenceCoverage="0" branchCoverage="0" maxCyclomaticComplexity="1" minCyclomaticComplexity="1" maxCrapScore="2" minCrapScore="2" visitedClasses="0" numClasses="0" visitedMethods="0" numMethods="1" />
              <MetadataToken>100664225</MetadataToken>
              <Name>System.DateTime Humanizer.In/Nine::DaysFrom(System.DateTime)</Name>
              <FileRef uid="21" />
              <SequencePoints>
                <SequencePoint vc="0" uspid="450" ordinal="0" offset="0" sl="1012" sc="17" el="1012" ec="40" bec="0" bev="0" fileid="21" />
              </SequencePoints>
              <BranchPoints />
              <MethodPoint xsi:type="SequencePoint" vc="0" uspid="450" ordinal="0" offset="0" sl="1012" sc="17" el="1012" ec="40" bec="0" bev="0" fileid="21" />
            </Method>
            <Method visited="false" cyclomaticComplexity="1" nPathComplexity="0" sequenceCoverage="0" branchCoverage="0" crapScore="2" isConstructor="false" isStatic="true" isGetter="false" isSetter="false">
              <Summary numSequencePoints="1" visitedSequencePoints="0" numBranchPoints="1" visitedBranchPoints="0" sequenceCoverage="0" branchCoverage="0" maxCyclomaticComplexity="1" minCyclomaticComplexity="1" maxCrapScore="2" minCrapScore="2" visitedClasses="0" numClasses="0" visitedMethods="0" numMethods="1" />
              <MetadataToken>100664227</MetadataToken>
              <Name>System.DateTime Humanizer.In/Nine::WeeksFrom(System.DateTime)</Name>
              <FileRef uid="21" />
              <SequencePoints>
                <SequencePoint vc="0" uspid="451" ordinal="0" offset="0" sl="1028" sc="17" el="1028" ec="41" bec="0" bev="0" fileid="21" />
              </SequencePoints>
              <BranchPoints />
              <MethodPoint xsi:type="SequencePoint" vc="0" uspid="451" ordinal="0" offset="0" sl="1028" sc="17" el="1028" ec="41" bec="0" bev="0" fileid="21" />
            </Method>
            <Method visited="false" cyclomaticComplexity="1" nPathComplexity="0" sequenceCoverage="0" branchCoverage="0" crapScore="2" isConstructor="false" isStatic="true" isGetter="false" isSetter="false">
              <Summary numSequencePoints="1" visitedSequencePoints="0" numBranchPoints="1" visitedBranchPoints="0" sequenceCoverage="0" branchCoverage="0" maxCyclomaticComplexity="1" minCyclomaticComplexity="1" maxCrapScore="2" minCrapScore="2" visitedClasses="0" numClasses="0" visitedMethods="0" numMethods="1" />
              <MetadataToken>100664229</MetadataToken>
              <Name>System.DateTime Humanizer.In/Nine::MonthsFrom(System.DateTime)</Name>
              <FileRef uid="21" />
              <SequencePoints>
                <SequencePoint vc="0" uspid="452" ordinal="0" offset="0" sl="1044" sc="17" el="1044" ec="42" bec="0" bev="0" fileid="21" />
              </SequencePoints>
              <BranchPoints />
              <MethodPoint xsi:type="SequencePoint" vc="0" uspid="452" ordinal="0" offset="0" sl="1044" sc="17" el="1044" ec="42" bec="0" bev="0" fileid="21" />
            </Method>
            <Method visited="false" cyclomaticComplexity="1" nPathComplexity="0" sequenceCoverage="0" branchCoverage="0" crapScore="2" isConstructor="false" isStatic="true" isGetter="false" isSetter="false">
              <Summary numSequencePoints="1" visitedSequencePoints="0" numBranchPoints="1" visitedBranchPoints="0" sequenceCoverage="0" branchCoverage="0" maxCyclomaticComplexity="1" minCyclomaticComplexity="1" maxCrapScore="2" minCrapScore="2" visitedClasses="0" numClasses="0" visitedMethods="0" numMethods="1" />
              <MetadataToken>100664231</MetadataToken>
              <Name>System.DateTime Humanizer.In/Nine::YearsFrom(System.DateTime)</Name>
              <FileRef uid="21" />
              <SequencePoints>
                <SequencePoint vc="0" uspid="453" ordinal="0" offset="0" sl="1060" sc="17" el="1060" ec="41" bec="0" bev="0" fileid="21" />
              </SequencePoints>
              <BranchPoints />
              <MethodPoint xsi:type="SequencePoint" vc="0" uspid="453" ordinal="0" offset="0" sl="1060" sc="17" el="1060" ec="41" bec="0" bev="0" fileid="21" />
            </Method>
          </Methods>
        </Class>
        <Class>
          <Summary numSequencePoints="14" visitedSequencePoints="0" numBranchPoints="14" visitedBranchPoints="0" sequenceCoverage="0" branchCoverage="0" maxCyclomaticComplexity="1" minCyclomaticComplexity="1" maxCrapScore="2" minCrapScore="2" visitedClasses="0" numClasses="1" visitedMethods="0" numMethods="14" />
          <FullName>Humanizer.In/Ten</FullName>
          <Methods>
            <Method visited="false" cyclomaticComplexity="1" nPathComplexity="0" sequenceCoverage="0" branchCoverage="0" crapScore="2" isConstructor="false" isStatic="true" isGetter="true" isSetter="false">
              <Summary numSequencePoints="1" visitedSequencePoints="0" numBranchPoints="1" visitedBranchPoints="0" sequenceCoverage="0" branchCoverage="0" maxCyclomaticComplexity="1" minCyclomaticComplexity="1" maxCrapScore="2" minCrapScore="2" visitedClasses="0" numClasses="0" visitedMethods="0" numMethods="1" />
              <MetadataToken>100664232</MetadataToken>
              <Name>System.DateTime Humanizer.In/Ten::get_Seconds()</Name>
              <FileRef uid="21" />
              <SequencePoints>
                <SequencePoint vc="0" uspid="454" ordinal="0" offset="0" sl="1073" sc="23" el="1073" ec="61" bec="0" bev="0" fileid="21" />
              </SequencePoints>
              <BranchPoints />
              <MethodPoint xsi:type="SequencePoint" vc="0" uspid="454" ordinal="0" offset="0" sl="1073" sc="23" el="1073" ec="61" bec="0" bev="0" fileid="21" />
            </Method>
            <Method visited="false" cyclomaticComplexity="1" nPathComplexity="0" sequenceCoverage="0" branchCoverage="0" crapScore="2" isConstructor="false" isStatic="true" isGetter="true" isSetter="false">
              <Summary numSequencePoints="1" visitedSequencePoints="0" numBranchPoints="1" visitedBranchPoints="0" sequenceCoverage="0" branchCoverage="0" maxCyclomaticComplexity="1" minCyclomaticComplexity="1" maxCrapScore="2" minCrapScore="2" visitedClasses="0" numClasses="0" visitedMethods="0" numMethods="1" />
              <MetadataToken>100664234</MetadataToken>
              <Name>System.DateTime Humanizer.In/Ten::get_Minutes()</Name>
              <FileRef uid="21" />
              <SequencePoints>
                <SequencePoint vc="0" uspid="455" ordinal="0" offset="0" sl="1089" sc="23" el="1089" ec="61" bec="0" bev="0" fileid="21" />
              </SequencePoints>
              <BranchPoints />
              <MethodPoint xsi:type="SequencePoint" vc="0" uspid="455" ordinal="0" offset="0" sl="1089" sc="23" el="1089" ec="61" bec="0" bev="0" fileid="21" />
            </Method>
            <Method visited="false" cyclomaticComplexity="1" nPathComplexity="0" sequenceCoverage="0" branchCoverage="0" crapScore="2" isConstructor="false" isStatic="true" isGetter="true" isSetter="false">
              <Summary numSequencePoints="1" visitedSequencePoints="0" numBranchPoints="1" visitedBranchPoints="0" sequenceCoverage="0" branchCoverage="0" maxCyclomaticComplexity="1" minCyclomaticComplexity="1" maxCrapScore="2" minCrapScore="2" visitedClasses="0" numClasses="0" visitedMethods="0" numMethods="1" />
              <MetadataToken>100664236</MetadataToken>
              <Name>System.DateTime Humanizer.In/Ten::get_Hours()</Name>
              <FileRef uid="21" />
              <SequencePoints>
                <SequencePoint vc="0" uspid="456" ordinal="0" offset="0" sl="1105" sc="23" el="1105" ec="59" bec="0" bev="0" fileid="21" />
              </SequencePoints>
              <BranchPoints />
              <MethodPoint xsi:type="SequencePoint" vc="0" uspid="456" ordinal="0" offset="0" sl="1105" sc="23" el="1105" ec="59" bec="0" bev="0" fileid="21" />
            </Method>
            <Method visited="false" cyclomaticComplexity="1" nPathComplexity="0" sequenceCoverage="0" branchCoverage="0" crapScore="2" isConstructor="false" isStatic="true" isGetter="true" isSetter="false">
              <Summary numSequencePoints="1" visitedSequencePoints="0" numBranchPoints="1" visitedBranchPoints="0" sequenceCoverage="0" branchCoverage="0" maxCyclomaticComplexity="1" minCyclomaticComplexity="1" maxCrapScore="2" minCrapScore="2" visitedClasses="0" numClasses="0" visitedMethods="0" numMethods="1" />
              <MetadataToken>100664238</MetadataToken>
              <Name>System.DateTime Humanizer.In/Ten::get_Days()</Name>
              <FileRef uid="21" />
              <SequencePoints>
                <SequencePoint vc="0" uspid="457" ordinal="0" offset="0" sl="1121" sc="23" el="1121" ec="58" bec="0" bev="0" fileid="21" />
              </SequencePoints>
              <BranchPoints />
              <MethodPoint xsi:type="SequencePoint" vc="0" uspid="457" ordinal="0" offset="0" sl="1121" sc="23" el="1121" ec="58" bec="0" bev="0" fileid="21" />
            </Method>
            <Method visited="false" cyclomaticComplexity="1" nPathComplexity="0" sequenceCoverage="0" branchCoverage="0" crapScore="2" isConstructor="false" isStatic="true" isGetter="true" isSetter="false">
              <Summary numSequencePoints="1" visitedSequencePoints="0" numBranchPoints="1" visitedBranchPoints="0" sequenceCoverage="0" branchCoverage="0" maxCyclomaticComplexity="1" minCyclomaticComplexity="1" maxCrapScore="2" minCrapScore="2" visitedClasses="0" numClasses="0" visitedMethods="0" numMethods="1" />
              <MetadataToken>100664240</MetadataToken>
              <Name>System.DateTime Humanizer.In/Ten::get_Weeks()</Name>
              <FileRef uid="21" />
              <SequencePoints>
                <SequencePoint vc="0" uspid="458" ordinal="0" offset="0" sl="1137" sc="23" el="1137" ec="58" bec="0" bev="0" fileid="21" />
              </SequencePoints>
              <BranchPoints />
              <MethodPoint xsi:type="SequencePoint" vc="0" uspid="458" ordinal="0" offset="0" sl="1137" sc="23" el="1137" ec="58" bec="0" bev="0" fileid="21" />
            </Method>
            <Method visited="false" cyclomaticComplexity="1" nPathComplexity="0" sequenceCoverage="0" branchCoverage="0" crapScore="2" isConstructor="false" isStatic="true" isGetter="true" isSetter="false">
              <Summary numSequencePoints="1" visitedSequencePoints="0" numBranchPoints="1" visitedBranchPoints="0" sequenceCoverage="0" branchCoverage="0" maxCyclomaticComplexity="1" minCyclomaticComplexity="1" maxCrapScore="2" minCrapScore="2" visitedClasses="0" numClasses="0" visitedMethods="0" numMethods="1" />
              <MetadataToken>100664242</MetadataToken>
              <Name>System.DateTime Humanizer.In/Ten::get_Months()</Name>
              <FileRef uid="21" />
              <SequencePoints>
                <SequencePoint vc="0" uspid="459" ordinal="0" offset="0" sl="1153" sc="23" el="1153" ec="60" bec="0" bev="0" fileid="21" />
              </SequencePoints>
              <BranchPoints />
              <MethodPoint xsi:type="SequencePoint" vc="0" uspid="459" ordinal="0" offset="0" sl="1153" sc="23" el="1153" ec="60" bec="0" bev="0" fileid="21" />
            </Method>
            <Method visited="false" cyclomaticComplexity="1" nPathComplexity="0" sequenceCoverage="0" branchCoverage="0" crapScore="2" isConstructor="false" isStatic="true" isGetter="true" isSetter="false">
              <Summary numSequencePoints="1" visitedSequencePoints="0" numBranchPoints="1" visitedBranchPoints="0" sequenceCoverage="0" branchCoverage="0" maxCyclomaticComplexity="1" minCyclomaticComplexity="1" maxCrapScore="2" minCrapScore="2" visitedClasses="0" numClasses="0" visitedMethods="0" numMethods="1" />
              <MetadataToken>100664244</MetadataToken>
              <Name>System.DateTime Humanizer.In/Ten::get_Years()</Name>
              <FileRef uid="21" />
              <SequencePoints>
                <SequencePoint vc="0" uspid="460" ordinal="0" offset="0" sl="1169" sc="23" el="1169" ec="59" bec="0" bev="0" fileid="21" />
              </SequencePoints>
              <BranchPoints />
              <MethodPoint xsi:type="SequencePoint" vc="0" uspid="460" ordinal="0" offset="0" sl="1169" sc="23" el="1169" ec="59" bec="0" bev="0" fileid="21" />
            </Method>
            <Method visited="false" cyclomaticComplexity="1" nPathComplexity="0" sequenceCoverage="0" branchCoverage="0" crapScore="2" isConstructor="false" isStatic="true" isGetter="false" isSetter="false">
              <Summary numSequencePoints="1" visitedSequencePoints="0" numBranchPoints="1" visitedBranchPoints="0" sequenceCoverage="0" branchCoverage="0" maxCyclomaticComplexity="1" minCyclomaticComplexity="1" maxCrapScore="2" minCrapScore="2" visitedClasses="0" numClasses="0" visitedMethods="0" numMethods="1" />
              <MetadataToken>100664233</MetadataToken>
              <Name>System.DateTime Humanizer.In/Ten::SecondsFrom(System.DateTime)</Name>
              <FileRef uid="21" />
              <SequencePoints>
                <SequencePoint vc="0" uspid="461" ordinal="0" offset="0" sl="1081" sc="17" el="1081" ec="44" bec="0" bev="0" fileid="21" />
              </SequencePoints>
              <BranchPoints />
              <MethodPoint xsi:type="SequencePoint" vc="0" uspid="461" ordinal="0" offset="0" sl="1081" sc="17" el="1081" ec="44" bec="0" bev="0" fileid="21" />
            </Method>
            <Method visited="false" cyclomaticComplexity="1" nPathComplexity="0" sequenceCoverage="0" branchCoverage="0" crapScore="2" isConstructor="false" isStatic="true" isGetter="false" isSetter="false">
              <Summary numSequencePoints="1" visitedSequencePoints="0" numBranchPoints="1" visitedBranchPoints="0" sequenceCoverage="0" branchCoverage="0" maxCyclomaticComplexity="1" minCyclomaticComplexity="1" maxCrapScore="2" minCrapScore="2" visitedClasses="0" numClasses="0" visitedMethods="0" numMethods="1" />
              <MetadataToken>100664235</MetadataToken>
              <Name>System.DateTime Humanizer.In/Ten::MinutesFrom(System.DateTime)</Name>
              <FileRef uid="21" />
              <SequencePoints>
                <SequencePoint vc="0" uspid="462" ordinal="0" offset="0" sl="1097" sc="17" el="1097" ec="44" bec="0" bev="0" fileid="21" />
              </SequencePoints>
              <BranchPoints />
              <MethodPoint xsi:type="SequencePoint" vc="0" uspid="462" ordinal="0" offset="0" sl="1097" sc="17" el="1097" ec="44" bec="0" bev="0" fileid="21" />
            </Method>
            <Method visited="false" cyclomaticComplexity="1" nPathComplexity="0" sequenceCoverage="0" branchCoverage="0" crapScore="2" isConstructor="false" isStatic="true" isGetter="false" isSetter="false">
              <Summary numSequencePoints="1" visitedSequencePoints="0" numBranchPoints="1" visitedBranchPoints="0" sequenceCoverage="0" branchCoverage="0" maxCyclomaticComplexity="1" minCyclomaticComplexity="1" maxCrapScore="2" minCrapScore="2" visitedClasses="0" numClasses="0" visitedMethods="0" numMethods="1" />
              <MetadataToken>100664237</MetadataToken>
              <Name>System.DateTime Humanizer.In/Ten::HoursFrom(System.DateTime)</Name>
              <FileRef uid="21" />
              <SequencePoints>
                <SequencePoint vc="0" uspid="463" ordinal="0" offset="0" sl="1113" sc="17" el="1113" ec="42" bec="0" bev="0" fileid="21" />
              </SequencePoints>
              <BranchPoints />
              <MethodPoint xsi:type="SequencePoint" vc="0" uspid="463" ordinal="0" offset="0" sl="1113" sc="17" el="1113" ec="42" bec="0" bev="0" fileid="21" />
            </Method>
            <Method visited="false" cyclomaticComplexity="1" nPathComplexity="0" sequenceCoverage="0" branchCoverage="0" crapScore="2" isConstructor="false" isStatic="true" isGetter="false" isSetter="false">
              <Summary numSequencePoints="1" visitedSequencePoints="0" numBranchPoints="1" visitedBranchPoints="0" sequenceCoverage="0" branchCoverage="0" maxCyclomaticComplexity="1" minCyclomaticComplexity="1" maxCrapScore="2" minCrapScore="2" visitedClasses="0" numClasses="0" visitedMethods="0" numMethods="1" />
              <MetadataToken>100664239</MetadataToken>
              <Name>System.DateTime Humanizer.In/Ten::DaysFrom(System.DateTime)</Name>
              <FileRef uid="21" />
              <SequencePoints>
                <SequencePoint vc="0" uspid="464" ordinal="0" offset="0" sl="1129" sc="17" el="1129" ec="41" bec="0" bev="0" fileid="21" />
              </SequencePoints>
              <BranchPoints />
              <MethodPoint xsi:type="SequencePoint" vc="0" uspid="464" ordinal="0" offset="0" sl="1129" sc="17" el="1129" ec="41" bec="0" bev="0" fileid="21" />
            </Method>
            <Method visited="false" cyclomaticComplexity="1" nPathComplexity="0" sequenceCoverage="0" branchCoverage="0" crapScore="2" isConstructor="false" isStatic="true" isGetter="false" isSetter="false">
              <Summary numSequencePoints="1" visitedSequencePoints="0" numBranchPoints="1" visitedBranchPoints="0" sequenceCoverage="0" branchCoverage="0" maxCyclomaticComplexity="1" minCyclomaticComplexity="1" maxCrapScore="2" minCrapScore="2" visitedClasses="0" numClasses="0" visitedMethods="0" numMethods="1" />
              <MetadataToken>100664241</MetadataToken>
              <Name>System.DateTime Humanizer.In/Ten::WeeksFrom(System.DateTime)</Name>
              <FileRef uid="21" />
              <SequencePoints>
                <SequencePoint vc="0" uspid="465" ordinal="0" offset="0" sl="1145" sc="17" el="1145" ec="41" bec="0" bev="0" fileid="21" />
              </SequencePoints>
              <BranchPoints />
              <MethodPoint xsi:type="SequencePoint" vc="0" uspid="465" ordinal="0" offset="0" sl="1145" sc="17" el="1145" ec="41" bec="0" bev="0" fileid="21" />
            </Method>
            <Method visited="false" cyclomaticComplexity="1" nPathComplexity="0" sequenceCoverage="0" branchCoverage="0" crapScore="2" isConstructor="false" isStatic="true" isGetter="false" isSetter="false">
              <Summary numSequencePoints="1" visitedSequencePoints="0" numBranchPoints="1" visitedBranchPoints="0" sequenceCoverage="0" branchCoverage="0" maxCyclomaticComplexity="1" minCyclomaticComplexity="1" maxCrapScore="2" minCrapScore="2" visitedClasses="0" numClasses="0" visitedMethods="0" numMethods="1" />
              <MetadataToken>100664243</MetadataToken>
              <Name>System.DateTime Humanizer.In/Ten::MonthsFrom(System.DateTime)</Name>
              <FileRef uid="21" />
              <SequencePoints>
                <SequencePoint vc="0" uspid="466" ordinal="0" offset="0" sl="1161" sc="17" el="1161" ec="43" bec="0" bev="0" fileid="21" />
              </SequencePoints>
              <BranchPoints />
              <MethodPoint xsi:type="SequencePoint" vc="0" uspid="466" ordinal="0" offset="0" sl="1161" sc="17" el="1161" ec="43" bec="0" bev="0" fileid="21" />
            </Method>
            <Method visited="false" cyclomaticComplexity="1" nPathComplexity="0" sequenceCoverage="0" branchCoverage="0" crapScore="2" isConstructor="false" isStatic="true" isGetter="false" isSetter="false">
              <Summary numSequencePoints="1" visitedSequencePoints="0" numBranchPoints="1" visitedBranchPoints="0" sequenceCoverage="0" branchCoverage="0" maxCyclomaticComplexity="1" minCyclomaticComplexity="1" maxCrapScore="2" minCrapScore="2" visitedClasses="0" numClasses="0" visitedMethods="0" numMethods="1" />
              <MetadataToken>100664245</MetadataToken>
              <Name>System.DateTime Humanizer.In/Ten::YearsFrom(System.DateTime)</Name>
              <FileRef uid="21" />
              <SequencePoints>
                <SequencePoint vc="0" uspid="467" ordinal="0" offset="0" sl="1177" sc="17" el="1177" ec="42" bec="0" bev="0" fileid="21" />
              </SequencePoints>
              <BranchPoints />
              <MethodPoint xsi:type="SequencePoint" vc="0" uspid="467" ordinal="0" offset="0" sl="1177" sc="17" el="1177" ec="42" bec="0" bev="0" fileid="21" />
            </Method>
          </Methods>
        </Class>
        <Class>
          <Summary numSequencePoints="0" visitedSequencePoints="0" numBranchPoints="0" visitedBranchPoints="0" sequenceCoverage="0" branchCoverage="0" maxCyclomaticComplexity="1" minCyclomaticComplexity="1" maxCrapScore="2" minCrapScore="2" visitedClasses="0" numClasses="0" visitedMethods="0" numMethods="0" />
          <FullName>Humanizer.On</FullName>
          <Methods>
            <Method visited="false" cyclomaticComplexity="1" nPathComplexity="0" sequenceCoverage="0" branchCoverage="0" crapScore="2" isConstructor="true" isStatic="false" isGetter="false" isSetter="false">
              <Summary numSequencePoints="0" visitedSequencePoints="0" numBranchPoints="0" visitedBranchPoints="0" sequenceCoverage="0" branchCoverage="0" maxCyclomaticComplexity="1" minCyclomaticComplexity="1" maxCrapScore="2" minCrapScore="2" visitedClasses="0" numClasses="0" visitedMethods="0" numMethods="0" />
              <MetadataToken>100663401</MetadataToken>
              <Name>System.Void Humanizer.On::.ctor()</Name>
              <SequencePoints />
              <BranchPoints />
              <MethodPoint vc="0" uspid="468" ordinal="0" offset="0" />
            </Method>
          </Methods>
        </Class>
        <Class>
          <Summary numSequencePoints="32" visitedSequencePoints="0" numBranchPoints="32" visitedBranchPoints="0" sequenceCoverage="0" branchCoverage="0" maxCyclomaticComplexity="1" minCyclomaticComplexity="1" maxCrapScore="2" minCrapScore="2" visitedClasses="0" numClasses="1" visitedMethods="0" numMethods="32" />
          <FullName>Humanizer.On/January</FullName>
          <Methods>
            <Method visited="false" cyclomaticComplexity="1" nPathComplexity="0" sequenceCoverage="0" branchCoverage="0" crapScore="2" isConstructor="false" isStatic="true" isGetter="true" isSetter="false">
              <Summary numSequencePoints="1" visitedSequencePoints="0" numBranchPoints="1" visitedBranchPoints="0" sequenceCoverage="0" branchCoverage="0" maxCyclomaticComplexity="1" minCyclomaticComplexity="1" maxCrapScore="2" minCrapScore="2" visitedClasses="0" numClasses="0" visitedMethods="0" numMethods="1" />
              <MetadataToken>100664247</MetadataToken>
              <Name>System.DateTime Humanizer.On/January::get_The1st()</Name>
              <FileRef uid="31" />
              <SequencePoints>
                <SequencePoint vc="0" uspid="469" ordinal="0" offset="0" sl="29" sc="23" el="29" ec="68" bec="0" bev="0" fileid="31" />
              </SequencePoints>
              <BranchPoints />
              <MethodPoint xsi:type="SequencePoint" vc="0" uspid="469" ordinal="0" offset="0" sl="29" sc="23" el="29" ec="68" bec="0" bev="0" fileid="31" />
            </Method>
            <Method visited="false" cyclomaticComplexity="1" nPathComplexity="0" sequenceCoverage="0" branchCoverage="0" crapScore="2" isConstructor="false" isStatic="true" isGetter="true" isSetter="false">
              <Summary numSequencePoints="1" visitedSequencePoints="0" numBranchPoints="1" visitedBranchPoints="0" sequenceCoverage="0" branchCoverage="0" maxCyclomaticComplexity="1" minCyclomaticComplexity="1" maxCrapScore="2" minCrapScore="2" visitedClasses="0" numClasses="0" visitedMethods="0" numMethods="1" />
              <MetadataToken>100664248</MetadataToken>
              <Name>System.DateTime Humanizer.On/January::get_The2nd()</Name>
              <FileRef uid="31" />
              <SequencePoints>
                <SequencePoint vc="0" uspid="470" ordinal="0" offset="0" sl="37" sc="23" el="37" ec="68" bec="0" bev="0" fileid="31" />
              </SequencePoints>
              <BranchPoints />
              <MethodPoint xsi:type="SequencePoint" vc="0" uspid="470" ordinal="0" offset="0" sl="37" sc="23" el="37" ec="68" bec="0" bev="0" fileid="31" />
            </Method>
            <Method visited="false" cyclomaticComplexity="1" nPathComplexity="0" sequenceCoverage="0" branchCoverage="0" crapScore="2" isConstructor="false" isStatic="true" isGetter="true" isSetter="false">
              <Summary numSequencePoints="1" visitedSequencePoints="0" numBranchPoints="1" visitedBranchPoints="0" sequenceCoverage="0" branchCoverage="0" maxCyclomaticComplexity="1" minCyclomaticComplexity="1" maxCrapScore="2" minCrapScore="2" visitedClasses="0" numClasses="0" visitedMethods="0" numMethods="1" />
              <MetadataToken>100664249</MetadataToken>
              <Name>System.DateTime Humanizer.On/January::get_The3rd()</Name>
              <FileRef uid="31" />
              <SequencePoints>
                <SequencePoint vc="0" uspid="471" ordinal="0" offset="0" sl="45" sc="23" el="45" ec="68" bec="0" bev="0" fileid="31" />
              </SequencePoints>
              <BranchPoints />
              <MethodPoint xsi:type="SequencePoint" vc="0" uspid="471" ordinal="0" offset="0" sl="45" sc="23" el="45" ec="68" bec="0" bev="0" fileid="31" />
            </Method>
            <Method visited="false" cyclomaticComplexity="1" nPathComplexity="0" sequenceCoverage="0" branchCoverage="0" crapScore="2" isConstructor="false" isStatic="true" isGetter="true" isSetter="false">
              <Summary numSequencePoints="1" visitedSequencePoints="0" numBranchPoints="1" visitedBranchPoints="0" sequenceCoverage="0" branchCoverage="0" maxCyclomaticComplexity="1" minCyclomaticComplexity="1" maxCrapScore="2" minCrapScore="2" visitedClasses="0" numClasses="0" visitedMethods="0" numMethods="1" />
              <MetadataToken>100664250</MetadataToken>
              <Name>System.DateTime Humanizer.On/January::get_The4th()</Name>
              <FileRef uid="31" />
              <SequencePoints>
                <SequencePoint vc="0" uspid="472" ordinal="0" offset="0" sl="53" sc="23" el="53" ec="68" bec="0" bev="0" fileid="31" />
              </SequencePoints>
              <BranchPoints />
              <MethodPoint xsi:type="SequencePoint" vc="0" uspid="472" ordinal="0" offset="0" sl="53" sc="23" el="53" ec="68" bec="0" bev="0" fileid="31" />
            </Method>
            <Method visited="false" cyclomaticComplexity="1" nPathComplexity="0" sequenceCoverage="0" branchCoverage="0" crapScore="2" isConstructor="false" isStatic="true" isGetter="true" isSetter="false">
              <Summary numSequencePoints="1" visitedSequencePoints="0" numBranchPoints="1" visitedBranchPoints="0" sequenceCoverage="0" branchCoverage="0" maxCyclomaticComplexity="1" minCyclomaticComplexity="1" maxCrapScore="2" minCrapScore="2" visitedClasses="0" numClasses="0" visitedMethods="0" numMethods="1" />
              <MetadataToken>100664251</MetadataToken>
              <Name>System.DateTime Humanizer.On/January::get_The5th()</Name>
              <FileRef uid="31" />
              <SequencePoints>
                <SequencePoint vc="0" uspid="473" ordinal="0" offset="0" sl="61" sc="23" el="61" ec="68" bec="0" bev="0" fileid="31" />
              </SequencePoints>
              <BranchPoints />
              <MethodPoint xsi:type="SequencePoint" vc="0" uspid="473" ordinal="0" offset="0" sl="61" sc="23" el="61" ec="68" bec="0" bev="0" fileid="31" />
            </Method>
            <Method visited="false" cyclomaticComplexity="1" nPathComplexity="0" sequenceCoverage="0" branchCoverage="0" crapScore="2" isConstructor="false" isStatic="true" isGetter="true" isSetter="false">
              <Summary numSequencePoints="1" visitedSequencePoints="0" numBranchPoints="1" visitedBranchPoints="0" sequenceCoverage="0" branchCoverage="0" maxCyclomaticComplexity="1" minCyclomaticComplexity="1" maxCrapScore="2" minCrapScore="2" visitedClasses="0" numClasses="0" visitedMethods="0" numMethods="1" />
              <MetadataToken>100664252</MetadataToken>
              <Name>System.DateTime Humanizer.On/January::get_The6th()</Name>
              <FileRef uid="31" />
              <SequencePoints>
                <SequencePoint vc="0" uspid="474" ordinal="0" offset="0" sl="69" sc="23" el="69" ec="68" bec="0" bev="0" fileid="31" />
              </SequencePoints>
              <BranchPoints />
              <MethodPoint xsi:type="SequencePoint" vc="0" uspid="474" ordinal="0" offset="0" sl="69" sc="23" el="69" ec="68" bec="0" bev="0" fileid="31" />
            </Method>
            <Method visited="false" cyclomaticComplexity="1" nPathComplexity="0" sequenceCoverage="0" branchCoverage="0" crapScore="2" isConstructor="false" isStatic="true" isGetter="true" isSetter="false">
              <Summary numSequencePoints="1" visitedSequencePoints="0" numBranchPoints="1" visitedBranchPoints="0" sequenceCoverage="0" branchCoverage="0" maxCyclomaticComplexity="1" minCyclomaticComplexity="1" maxCrapScore="2" minCrapScore="2" visitedClasses="0" numClasses="0" visitedMethods="0" numMethods="1" />
              <MetadataToken>100664253</MetadataToken>
              <Name>System.DateTime Humanizer.On/January::get_The7th()</Name>
              <FileRef uid="31" />
              <SequencePoints>
                <SequencePoint vc="0" uspid="475" ordinal="0" offset="0" sl="77" sc="23" el="77" ec="68" bec="0" bev="0" fileid="31" />
              </SequencePoints>
              <BranchPoints />
              <MethodPoint xsi:type="SequencePoint" vc="0" uspid="475" ordinal="0" offset="0" sl="77" sc="23" el="77" ec="68" bec="0" bev="0" fileid="31" />
            </Method>
            <Method visited="false" cyclomaticComplexity="1" nPathComplexity="0" sequenceCoverage="0" branchCoverage="0" crapScore="2" isConstructor="false" isStatic="true" isGetter="true" isSetter="false">
              <Summary numSequencePoints="1" visitedSequencePoints="0" numBranchPoints="1" visitedBranchPoints="0" sequenceCoverage="0" branchCoverage="0" maxCyclomaticComplexity="1" minCyclomaticComplexity="1" maxCrapScore="2" minCrapScore="2" visitedClasses="0" numClasses="0" visitedMethods="0" numMethods="1" />
              <MetadataToken>100664254</MetadataToken>
              <Name>System.DateTime Humanizer.On/January::get_The8th()</Name>
              <FileRef uid="31" />
              <SequencePoints>
                <SequencePoint vc="0" uspid="476" ordinal="0" offset="0" sl="85" sc="23" el="85" ec="68" bec="0" bev="0" fileid="31" />
              </SequencePoints>
              <BranchPoints />
              <MethodPoint xsi:type="SequencePoint" vc="0" uspid="476" ordinal="0" offset="0" sl="85" sc="23" el="85" ec="68" bec="0" bev="0" fileid="31" />
            </Method>
            <Method visited="false" cyclomaticComplexity="1" nPathComplexity="0" sequenceCoverage="0" branchCoverage="0" crapScore="2" isConstructor="false" isStatic="true" isGetter="true" isSetter="false">
              <Summary numSequencePoints="1" visitedSequencePoints="0" numBranchPoints="1" visitedBranchPoints="0" sequenceCoverage="0" branchCoverage="0" maxCyclomaticComplexity="1" minCyclomaticComplexity="1" maxCrapScore="2" minCrapScore="2" visitedClasses="0" numClasses="0" visitedMethods="0" numMethods="1" />
              <MetadataToken>100664255</MetadataToken>
              <Name>System.DateTime Humanizer.On/January::get_The9th()</Name>
              <FileRef uid="31" />
              <SequencePoints>
                <SequencePoint vc="0" uspid="477" ordinal="0" offset="0" sl="93" sc="23" el="93" ec="68" bec="0" bev="0" fileid="31" />
              </SequencePoints>
              <BranchPoints />
              <MethodPoint xsi:type="SequencePoint" vc="0" uspid="477" ordinal="0" offset="0" sl="93" sc="23" el="93" ec="68" bec="0" bev="0" fileid="31" />
            </Method>
            <Method visited="false" cyclomaticComplexity="1" nPathComplexity="0" sequenceCoverage="0" branchCoverage="0" crapScore="2" isConstructor="false" isStatic="true" isGetter="true" isSetter="false">
              <Summary numSequencePoints="1" visitedSequencePoints="0" numBranchPoints="1" visitedBranchPoints="0" sequenceCoverage="0" branchCoverage="0" maxCyclomaticComplexity="1" minCyclomaticComplexity="1" maxCrapScore="2" minCrapScore="2" visitedClasses="0" numClasses="0" visitedMethods="0" numMethods="1" />
              <MetadataToken>100664256</MetadataToken>
              <Name>System.DateTime Humanizer.On/January::get_The10th()</Name>
              <FileRef uid="31" />
              <SequencePoints>
                <SequencePoint vc="0" uspid="478" ordinal="0" offset="0" sl="101" sc="23" el="101" ec="69" bec="0" bev="0" fileid="31" />
              </SequencePoints>
              <BranchPoints />
              <MethodPoint xsi:type="SequencePoint" vc="0" uspid="478" ordinal="0" offset="0" sl="101" sc="23" el="101" ec="69" bec="0" bev="0" fileid="31" />
            </Method>
            <Method visited="false" cyclomaticComplexity="1" nPathComplexity="0" sequenceCoverage="0" branchCoverage="0" crapScore="2" isConstructor="false" isStatic="true" isGetter="true" isSetter="false">
              <Summary numSequencePoints="1" visitedSequencePoints="0" numBranchPoints="1" visitedBranchPoints="0" sequenceCoverage="0" branchCoverage="0" maxCyclomaticComplexity="1" minCyclomaticComplexity="1" maxCrapScore="2" minCrapScore="2" visitedClasses="0" numClasses="0" visitedMethods="0" numMethods="1" />
              <MetadataToken>100664257</MetadataToken>
              <Name>System.DateTime Humanizer.On/January::get_The11th()</Name>
              <FileRef uid="31" />
              <SequencePoints>
                <SequencePoint vc="0" uspid="479" ordinal="0" offset="0" sl="109" sc="23" el="109" ec="69" bec="0" bev="0" fileid="31" />
              </SequencePoints>
              <BranchPoints />
              <MethodPoint xsi:type="SequencePoint" vc="0" uspid="479" ordinal="0" offset="0" sl="109" sc="23" el="109" ec="69" bec="0" bev="0" fileid="31" />
            </Method>
            <Method visited="false" cyclomaticComplexity="1" nPathComplexity="0" sequenceCoverage="0" branchCoverage="0" crapScore="2" isConstructor="false" isStatic="true" isGetter="true" isSetter="false">
              <Summary numSequencePoints="1" visitedSequencePoints="0" numBranchPoints="1" visitedBranchPoints="0" sequenceCoverage="0" branchCoverage="0" maxCyclomaticComplexity="1" minCyclomaticComplexity="1" maxCrapScore="2" minCrapScore="2" visitedClasses="0" numClasses="0" visitedMethods="0" numMethods="1" />
              <MetadataToken>100664258</MetadataToken>
              <Name>System.DateTime Humanizer.On/January::get_The12th()</Name>
              <FileRef uid="31" />
              <SequencePoints>
                <SequencePoint vc="0" uspid="480" ordinal="0" offset="0" sl="117" sc="23" el="117" ec="69" bec="0" bev="0" fileid="31" />
              </SequencePoints>
              <BranchPoints />
              <MethodPoint xsi:type="SequencePoint" vc="0" uspid="480" ordinal="0" offset="0" sl="117" sc="23" el="117" ec="69" bec="0" bev="0" fileid="31" />
            </Method>
            <Method visited="false" cyclomaticComplexity="1" nPathComplexity="0" sequenceCoverage="0" branchCoverage="0" crapScore="2" isConstructor="false" isStatic="true" isGetter="true" isSetter="false">
              <Summary numSequencePoints="1" visitedSequencePoints="0" numBranchPoints="1" visitedBranchPoints="0" sequenceCoverage="0" branchCoverage="0" maxCyclomaticComplexity="1" minCyclomaticComplexity="1" maxCrapScore="2" minCrapScore="2" visitedClasses="0" numClasses="0" visitedMethods="0" numMethods="1" />
              <MetadataToken>100664259</MetadataToken>
              <Name>System.DateTime Humanizer.On/January::get_The13th()</Name>
              <FileRef uid="31" />
              <SequencePoints>
                <SequencePoint vc="0" uspid="481" ordinal="0" offset="0" sl="125" sc="23" el="125" ec="69" bec="0" bev="0" fileid="31" />
              </SequencePoints>
              <BranchPoints />
              <MethodPoint xsi:type="SequencePoint" vc="0" uspid="481" ordinal="0" offset="0" sl="125" sc="23" el="125" ec="69" bec="0" bev="0" fileid="31" />
            </Method>
            <Method visited="false" cyclomaticComplexity="1" nPathComplexity="0" sequenceCoverage="0" branchCoverage="0" crapScore="2" isConstructor="false" isStatic="true" isGetter="true" isSetter="false">
              <Summary numSequencePoints="1" visitedSequencePoints="0" numBranchPoints="1" visitedBranchPoints="0" sequenceCoverage="0" branchCoverage="0" maxCyclomaticComplexity="1" minCyclomaticComplexity="1" maxCrapScore="2" minCrapScore="2" visitedClasses="0" numClasses="0" visitedMethods="0" numMethods="1" />
              <MetadataToken>100664260</MetadataToken>
              <Name>System.DateTime Humanizer.On/January::get_The14th()</Name>
              <FileRef uid="31" />
              <SequencePoints>
                <SequencePoint vc="0" uspid="482" ordinal="0" offset="0" sl="133" sc="23" el="133" ec="69" bec="0" bev="0" fileid="31" />
              </SequencePoints>
              <BranchPoints />
              <MethodPoint xsi:type="SequencePoint" vc="0" uspid="482" ordinal="0" offset="0" sl="133" sc="23" el="133" ec="69" bec="0" bev="0" fileid="31" />
            </Method>
            <Method visited="false" cyclomaticComplexity="1" nPathComplexity="0" sequenceCoverage="0" branchCoverage="0" crapScore="2" isConstructor="false" isStatic="true" isGetter="true" isSetter="false">
              <Summary numSequencePoints="1" visitedSequencePoints="0" numBranchPoints="1" visitedBranchPoints="0" sequenceCoverage="0" branchCoverage="0" maxCyclomaticComplexity="1" minCyclomaticComplexity="1" maxCrapScore="2" minCrapScore="2" visitedClasses="0" numClasses="0" visitedMethods="0" numMethods="1" />
              <MetadataToken>100664261</MetadataToken>
              <Name>System.DateTime Humanizer.On/January::get_The15th()</Name>
              <FileRef uid="31" />
              <SequencePoints>
                <SequencePoint vc="0" uspid="483" ordinal="0" offset="0" sl="141" sc="23" el="141" ec="69" bec="0" bev="0" fileid="31" />
              </SequencePoints>
              <BranchPoints />
              <MethodPoint xsi:type="SequencePoint" vc="0" uspid="483" ordinal="0" offset="0" sl="141" sc="23" el="141" ec="69" bec="0" bev="0" fileid="31" />
            </Method>
            <Method visited="false" cyclomaticComplexity="1" nPathComplexity="0" sequenceCoverage="0" branchCoverage="0" crapScore="2" isConstructor="false" isStatic="true" isGetter="true" isSetter="false">
              <Summary numSequencePoints="1" visitedSequencePoints="0" numBranchPoints="1" visitedBranchPoints="0" sequenceCoverage="0" branchCoverage="0" maxCyclomaticComplexity="1" minCyclomaticComplexity="1" maxCrapScore="2" minCrapScore="2" visitedClasses="0" numClasses="0" visitedMethods="0" numMethods="1" />
              <MetadataToken>100664262</MetadataToken>
              <Name>System.DateTime Humanizer.On/January::get_The16th()</Name>
              <FileRef uid="31" />
              <SequencePoints>
                <SequencePoint vc="0" uspid="484" ordinal="0" offset="0" sl="149" sc="23" el="149" ec="69" bec="0" bev="0" fileid="31" />
              </SequencePoints>
              <BranchPoints />
              <MethodPoint xsi:type="SequencePoint" vc="0" uspid="484" ordinal="0" offset="0" sl="149" sc="23" el="149" ec="69" bec="0" bev="0" fileid="31" />
            </Method>
            <Method visited="false" cyclomaticComplexity="1" nPathComplexity="0" sequenceCoverage="0" branchCoverage="0" crapScore="2" isConstructor="false" isStatic="true" isGetter="true" isSetter="false">
              <Summary numSequencePoints="1" visitedSequencePoints="0" numBranchPoints="1" visitedBranchPoints="0" sequenceCoverage="0" branchCoverage="0" maxCyclomaticComplexity="1" minCyclomaticComplexity="1" maxCrapScore="2" minCrapScore="2" visitedClasses="0" numClasses="0" visitedMethods="0" numMethods="1" />
              <MetadataToken>100664263</MetadataToken>
              <Name>System.DateTime Humanizer.On/January::get_The17th()</Name>
              <FileRef uid="31" />
              <SequencePoints>
                <SequencePoint vc="0" uspid="485" ordinal="0" offset="0" sl="157" sc="23" el="157" ec="69" bec="0" bev="0" fileid="31" />
              </SequencePoints>
              <BranchPoints />
              <MethodPoint xsi:type="SequencePoint" vc="0" uspid="485" ordinal="0" offset="0" sl="157" sc="23" el="157" ec="69" bec="0" bev="0" fileid="31" />
            </Method>
            <Method visited="false" cyclomaticComplexity="1" nPathComplexity="0" sequenceCoverage="0" branchCoverage="0" crapScore="2" isConstructor="false" isStatic="true" isGetter="true" isSetter="false">
              <Summary numSequencePoints="1" visitedSequencePoints="0" numBranchPoints="1" visitedBranchPoints="0" sequenceCoverage="0" branchCoverage="0" maxCyclomaticComplexity="1" minCyclomaticComplexity="1" maxCrapScore="2" minCrapScore="2" visitedClasses="0" numClasses="0" visitedMethods="0" numMethods="1" />
              <MetadataToken>100664264</MetadataToken>
              <Name>System.DateTime Humanizer.On/January::get_The18th()</Name>
              <FileRef uid="31" />
              <SequencePoints>
                <SequencePoint vc="0" uspid="486" ordinal="0" offset="0" sl="165" sc="23" el="165" ec="69" bec="0" bev="0" fileid="31" />
              </SequencePoints>
              <BranchPoints />
              <MethodPoint xsi:type="SequencePoint" vc="0" uspid="486" ordinal="0" offset="0" sl="165" sc="23" el="165" ec="69" bec="0" bev="0" fileid="31" />
            </Method>
            <Method visited="false" cyclomaticComplexity="1" nPathComplexity="0" sequenceCoverage="0" branchCoverage="0" crapScore="2" isConstructor="false" isStatic="true" isGetter="true" isSetter="false">
              <Summary numSequencePoints="1" visitedSequencePoints="0" numBranchPoints="1" visitedBranchPoints="0" sequenceCoverage="0" branchCoverage="0" maxCyclomaticComplexity="1" minCyclomaticComplexity="1" maxCrapScore="2" minCrapScore="2" visitedClasses="0" numClasses="0" visitedMethods="0" numMethods="1" />
              <MetadataToken>100664265</MetadataToken>
              <Name>System.DateTime Humanizer.On/January::get_The19th()</Name>
              <FileRef uid="31" />
              <SequencePoints>
                <SequencePoint vc="0" uspid="487" ordinal="0" offset="0" sl="173" sc="23" el="173" ec="69" bec="0" bev="0" fileid="31" />
              </SequencePoints>
              <BranchPoints />
              <MethodPoint xsi:type="SequencePoint" vc="0" uspid="487" ordinal="0" offset="0" sl="173" sc="23" el="173" ec="69" bec="0" bev="0" fileid="31" />
            </Method>
            <Method visited="false" cyclomaticComplexity="1" nPathComplexity="0" sequenceCoverage="0" branchCoverage="0" crapScore="2" isConstructor="false" isStatic="true" isGetter="true" isSetter="false">
              <Summary numSequencePoints="1" visitedSequencePoints="0" numBranchPoints="1" visitedBranchPoints="0" sequenceCoverage="0" branchCoverage="0" maxCyclomaticComplexity="1" minCyclomaticComplexity="1" maxCrapScore="2" minCrapScore="2" visitedClasses="0" numClasses="0" visitedMethods="0" numMethods="1" />
              <MetadataToken>100664266</MetadataToken>
              <Name>System.DateTime Humanizer.On/January::get_The20th()</Name>
              <FileRef uid="31" />
              <SequencePoints>
                <SequencePoint vc="0" uspid="488" ordinal="0" offset="0" sl="181" sc="23" el="181" ec="69" bec="0" bev="0" fileid="31" />
              </SequencePoints>
              <BranchPoints />
              <MethodPoint xsi:type="SequencePoint" vc="0" uspid="488" ordinal="0" offset="0" sl="181" sc="23" el="181" ec="69" bec="0" bev="0" fileid="31" />
            </Method>
            <Method visited="false" cyclomaticComplexity="1" nPathComplexity="0" sequenceCoverage="0" branchCoverage="0" crapScore="2" isConstructor="false" isStatic="true" isGetter="true" isSetter="false">
              <Summary numSequencePoints="1" visitedSequencePoints="0" numBranchPoints="1" visitedBranchPoints="0" sequenceCoverage="0" branchCoverage="0" maxCyclomaticComplexity="1" minCyclomaticComplexity="1" maxCrapScore="2" minCrapScore="2" visitedClasses="0" numClasses="0" visitedMethods="0" numMethods="1" />
              <MetadataToken>100664267</MetadataToken>
              <Name>System.DateTime Humanizer.On/January::get_The21st()</Name>
              <FileRef uid="31" />
              <SequencePoints>
                <SequencePoint vc="0" uspid="489" ordinal="0" offset="0" sl="189" sc="23" el="189" ec="69" bec="0" bev="0" fileid="31" />
              </SequencePoints>
              <BranchPoints />
              <MethodPoint xsi:type="SequencePoint" vc="0" uspid="489" ordinal="0" offset="0" sl="189" sc="23" el="189" ec="69" bec="0" bev="0" fileid="31" />
            </Method>
            <Method visited="false" cyclomaticComplexity="1" nPathComplexity="0" sequenceCoverage="0" branchCoverage="0" crapScore="2" isConstructor="false" isStatic="true" isGetter="true" isSetter="false">
              <Summary numSequencePoints="1" visitedSequencePoints="0" numBranchPoints="1" visitedBranchPoints="0" sequenceCoverage="0" branchCoverage="0" maxCyclomaticComplexity="1" minCyclomaticComplexity="1" maxCrapScore="2" minCrapScore="2" visitedClasses="0" numClasses="0" visitedMethods="0" numMethods="1" />
              <MetadataToken>100664268</MetadataToken>
              <Name>System.DateTime Humanizer.On/January::get_The22nd()</Name>
              <FileRef uid="31" />
              <SequencePoints>
                <SequencePoint vc="0" uspid="490" ordinal="0" offset="0" sl="197" sc="23" el="197" ec="69" bec="0" bev="0" fileid="31" />
              </SequencePoints>
              <BranchPoints />
              <MethodPoint xsi:type="SequencePoint" vc="0" uspid="490" ordinal="0" offset="0" sl="197" sc="23" el="197" ec="69" bec="0" bev="0" fileid="31" />
            </Method>
            <Method visited="false" cyclomaticComplexity="1" nPathComplexity="0" sequenceCoverage="0" branchCoverage="0" crapScore="2" isConstructor="false" isStatic="true" isGetter="true" isSetter="false">
              <Summary numSequencePoints="1" visitedSequencePoints="0" numBranchPoints="1" visitedBranchPoints="0" sequenceCoverage="0" branchCoverage="0" maxCyclomaticComplexity="1" minCyclomaticComplexity="1" maxCrapScore="2" minCrapScore="2" visitedClasses="0" numClasses="0" visitedMethods="0" numMethods="1" />
              <MetadataToken>100664269</MetadataToken>
              <Name>System.DateTime Humanizer.On/January::get_The23rd()</Name>
              <FileRef uid="31" />
              <SequencePoints>
                <SequencePoint vc="0" uspid="491" ordinal="0" offset="0" sl="205" sc="23" el="205" ec="69" bec="0" bev="0" fileid="31" />
              </SequencePoints>
              <BranchPoints />
              <MethodPoint xsi:type="SequencePoint" vc="0" uspid="491" ordinal="0" offset="0" sl="205" sc="23" el="205" ec="69" bec="0" bev="0" fileid="31" />
            </Method>
            <Method visited="false" cyclomaticComplexity="1" nPathComplexity="0" sequenceCoverage="0" branchCoverage="0" crapScore="2" isConstructor="false" isStatic="true" isGetter="true" isSetter="false">
              <Summary numSequencePoints="1" visitedSequencePoints="0" numBranchPoints="1" visitedBranchPoints="0" sequenceCoverage="0" branchCoverage="0" maxCyclomaticComplexity="1" minCyclomaticComplexity="1" maxCrapScore="2" minCrapScore="2" visitedClasses="0" numClasses="0" visitedMethods="0" numMethods="1" />
              <MetadataToken>100664270</MetadataToken>
              <Name>System.DateTime Humanizer.On/January::get_The24th()</Name>
              <FileRef uid="31" />
              <SequencePoints>
                <SequencePoint vc="0" uspid="492" ordinal="0" offset="0" sl="213" sc="23" el="213" ec="69" bec="0" bev="0" fileid="31" />
              </SequencePoints>
              <BranchPoints />
              <MethodPoint xsi:type="SequencePoint" vc="0" uspid="492" ordinal="0" offset="0" sl="213" sc="23" el="213" ec="69" bec="0" bev="0" fileid="31" />
            </Method>
            <Method visited="false" cyclomaticComplexity="1" nPathComplexity="0" sequenceCoverage="0" branchCoverage="0" crapScore="2" isConstructor="false" isStatic="true" isGetter="true" isSetter="false">
              <Summary numSequencePoints="1" visitedSequencePoints="0" numBranchPoints="1" visitedBranchPoints="0" sequenceCoverage="0" branchCoverage="0" maxCyclomaticComplexity="1" minCyclomaticComplexity="1" maxCrapScore="2" minCrapScore="2" visitedClasses="0" numClasses="0" visitedMethods="0" numMethods="1" />
              <MetadataToken>100664271</MetadataToken>
              <Name>System.DateTime Humanizer.On/January::get_The25th()</Name>
              <FileRef uid="31" />
              <SequencePoints>
                <SequencePoint vc="0" uspid="493" ordinal="0" offset="0" sl="221" sc="23" el="221" ec="69" bec="0" bev="0" fileid="31" />
              </SequencePoints>
              <BranchPoints />
              <MethodPoint xsi:type="SequencePoint" vc="0" uspid="493" ordinal="0" offset="0" sl="221" sc="23" el="221" ec="69" bec="0" bev="0" fileid="31" />
            </Method>
            <Method visited="false" cyclomaticComplexity="1" nPathComplexity="0" sequenceCoverage="0" branchCoverage="0" crapScore="2" isConstructor="false" isStatic="true" isGetter="true" isSetter="false">
              <Summary numSequencePoints="1" visitedSequencePoints="0" numBranchPoints="1" visitedBranchPoints="0" sequenceCoverage="0" branchCoverage="0" maxCyclomaticComplexity="1" minCyclomaticComplexity="1" maxCrapScore="2" minCrapScore="2" visitedClasses="0" numClasses="0" visitedMethods="0" numMethods="1" />
              <MetadataToken>100664272</MetadataToken>
              <Name>System.DateTime Humanizer.On/January::get_The26th()</Name>
              <FileRef uid="31" />
              <SequencePoints>
                <SequencePoint vc="0" uspid="494" ordinal="0" offset="0" sl="229" sc="23" el="229" ec="69" bec="0" bev="0" fileid="31" />
              </SequencePoints>
              <BranchPoints />
              <MethodPoint xsi:type="SequencePoint" vc="0" uspid="494" ordinal="0" offset="0" sl="229" sc="23" el="229" ec="69" bec="0" bev="0" fileid="31" />
            </Method>
            <Method visited="false" cyclomaticComplexity="1" nPathComplexity="0" sequenceCoverage="0" branchCoverage="0" crapScore="2" isConstructor="false" isStatic="true" isGetter="true" isSetter="false">
              <Summary numSequencePoints="1" visitedSequencePoints="0" numBranchPoints="1" visitedBranchPoints="0" sequenceCoverage="0" branchCoverage="0" maxCyclomaticComplexity="1" minCyclomaticComplexity="1" maxCrapScore="2" minCrapScore="2" visitedClasses="0" numClasses="0" visitedMethods="0" numMethods="1" />
              <MetadataToken>100664273</MetadataToken>
              <Name>System.DateTime Humanizer.On/January::get_The27th()</Name>
              <FileRef uid="31" />
              <SequencePoints>
                <SequencePoint vc="0" uspid="495" ordinal="0" offset="0" sl="237" sc="23" el="237" ec="69" bec="0" bev="0" fileid="31" />
              </SequencePoints>
              <BranchPoints />
              <MethodPoint xsi:type="SequencePoint" vc="0" uspid="495" ordinal="0" offset="0" sl="237" sc="23" el="237" ec="69" bec="0" bev="0" fileid="31" />
            </Method>
            <Method visited="false" cyclomaticComplexity="1" nPathComplexity="0" sequenceCoverage="0" branchCoverage="0" crapScore="2" isConstructor="false" isStatic="true" isGetter="true" isSetter="false">
              <Summary numSequencePoints="1" visitedSequencePoints="0" numBranchPoints="1" visitedBranchPoints="0" sequenceCoverage="0" branchCoverage="0" maxCyclomaticComplexity="1" minCyclomaticComplexity="1" maxCrapScore="2" minCrapScore="2" visitedClasses="0" numClasses="0" visitedMethods="0" numMethods="1" />
              <MetadataToken>100664274</MetadataToken>
              <Name>System.DateTime Humanizer.On/January::get_The28th()</Name>
              <FileRef uid="31" />
              <SequencePoints>
                <SequencePoint vc="0" uspid="496" ordinal="0" offset="0" sl="245" sc="23" el="245" ec="69" bec="0" bev="0" fileid="31" />
              </SequencePoints>
              <BranchPoints />
              <MethodPoint xsi:type="SequencePoint" vc="0" uspid="496" ordinal="0" offset="0" sl="245" sc="23" el="245" ec="69" bec="0" bev="0" fileid="31" />
            </Method>
            <Method visited="false" cyclomaticComplexity="1" nPathComplexity="0" sequenceCoverage="0" branchCoverage="0" crapScore="2" isConstructor="false" isStatic="true" isGetter="true" isSetter="false">
              <Summary numSequencePoints="1" visitedSequencePoints="0" numBranchPoints="1" visitedBranchPoints="0" sequenceCoverage="0" branchCoverage="0" maxCyclomaticComplexity="1" minCyclomaticComplexity="1" maxCrapScore="2" minCrapScore="2" visitedClasses="0" numClasses="0" visitedMethods="0" numMethods="1" />
              <MetadataToken>100664275</MetadataToken>
              <Name>System.DateTime Humanizer.On/January::get_The29th()</Name>
              <FileRef uid="31" />
              <SequencePoints>
                <SequencePoint vc="0" uspid="497" ordinal="0" offset="0" sl="253" sc="23" el="253" ec="69" bec="0" bev="0" fileid="31" />
              </SequencePoints>
              <BranchPoints />
              <MethodPoint xsi:type="SequencePoint" vc="0" uspid="497" ordinal="0" offset="0" sl="253" sc="23" el="253" ec="69" bec="0" bev="0" fileid="31" />
            </Method>
            <Method visited="false" cyclomaticComplexity="1" nPathComplexity="0" sequenceCoverage="0" branchCoverage="0" crapScore="2" isConstructor="false" isStatic="true" isGetter="true" isSetter="false">
              <Summary numSequencePoints="1" visitedSequencePoints="0" numBranchPoints="1" visitedBranchPoints="0" sequenceCoverage="0" branchCoverage="0" maxCyclomaticComplexity="1" minCyclomaticComplexity="1" maxCrapScore="2" minCrapScore="2" visitedClasses="0" numClasses="0" visitedMethods="0" numMethods="1" />
              <MetadataToken>100664276</MetadataToken>
              <Name>System.DateTime Humanizer.On/January::get_The30th()</Name>
              <FileRef uid="31" />
              <SequencePoints>
                <SequencePoint vc="0" uspid="498" ordinal="0" offset="0" sl="261" sc="23" el="261" ec="69" bec="0" bev="0" fileid="31" />
              </SequencePoints>
              <BranchPoints />
              <MethodPoint xsi:type="SequencePoint" vc="0" uspid="498" ordinal="0" offset="0" sl="261" sc="23" el="261" ec="69" bec="0" bev="0" fileid="31" />
            </Method>
            <Method visited="false" cyclomaticComplexity="1" nPathComplexity="0" sequenceCoverage="0" branchCoverage="0" crapScore="2" isConstructor="false" isStatic="true" isGetter="true" isSetter="false">
              <Summary numSequencePoints="1" visitedSequencePoints="0" numBranchPoints="1" visitedBranchPoints="0" sequenceCoverage="0" branchCoverage="0" maxCyclomaticComplexity="1" minCyclomaticComplexity="1" maxCrapScore="2" minCrapScore="2" visitedClasses="0" numClasses="0" visitedMethods="0" numMethods="1" />
              <MetadataToken>100664277</MetadataToken>
              <Name>System.DateTime Humanizer.On/January::get_The31st()</Name>
              <FileRef uid="31" />
              <SequencePoints>
                <SequencePoint vc="0" uspid="499" ordinal="0" offset="0" sl="269" sc="23" el="269" ec="69" bec="0" bev="0" fileid="31" />
              </SequencePoints>
              <BranchPoints />
              <MethodPoint xsi:type="SequencePoint" vc="0" uspid="499" ordinal="0" offset="0" sl="269" sc="23" el="269" ec="69" bec="0" bev="0" fileid="31" />
            </Method>
            <Method visited="false" cyclomaticComplexity="1" nPathComplexity="0" sequenceCoverage="0" branchCoverage="0" crapScore="2" isConstructor="false" isStatic="true" isGetter="false" isSetter="false">
              <Summary numSequencePoints="1" visitedSequencePoints="0" numBranchPoints="1" visitedBranchPoints="0" sequenceCoverage="0" branchCoverage="0" maxCyclomaticComplexity="1" minCyclomaticComplexity="1" maxCrapScore="2" minCrapScore="2" visitedClasses="0" numClasses="0" visitedMethods="0" numMethods="1" />
              <MetadataToken>100664246</MetadataToken>
              <Name>System.DateTime Humanizer.On/January::The(System.Int32)</Name>
              <FileRef uid="31" />
              <SequencePoints>
                <SequencePoint vc="0" uspid="500" ordinal="0" offset="0" sl="21" sc="17" el="21" ec="70" bec="0" bev="0" fileid="31" />
              </SequencePoints>
              <BranchPoints />
              <MethodPoint xsi:type="SequencePoint" vc="0" uspid="500" ordinal="0" offset="0" sl="21" sc="17" el="21" ec="70" bec="0" bev="0" fileid="31" />
            </Method>
            <Method visited="false" cyclomaticComplexity="1" nPathComplexity="0" sequenceCoverage="0" branchCoverage="0" crapScore="2" isConstructor="true" isStatic="false" isGetter="false" isSetter="false">
              <Summary numSequencePoints="0" visitedSequencePoints="0" numBranchPoints="0" visitedBranchPoints="0" sequenceCoverage="0" branchCoverage="0" maxCyclomaticComplexity="1" minCyclomaticComplexity="1" maxCrapScore="2" minCrapScore="2" visitedClasses="0" numClasses="0" visitedMethods="0" numMethods="0" />
              <MetadataToken>100664278</MetadataToken>
              <Name>System.Void Humanizer.On/January::.ctor()</Name>
              <SequencePoints />
              <BranchPoints />
              <MethodPoint vc="0" uspid="501" ordinal="0" offset="0" />
            </Method>
          </Methods>
        </Class>
        <Class>
          <Summary numSequencePoints="30" visitedSequencePoints="0" numBranchPoints="30" visitedBranchPoints="0" sequenceCoverage="0" branchCoverage="0" maxCyclomaticComplexity="1" minCyclomaticComplexity="1" maxCrapScore="2" minCrapScore="2" visitedClasses="0" numClasses="1" visitedMethods="0" numMethods="30" />
          <FullName>Humanizer.On/February</FullName>
          <Methods>
            <Method visited="false" cyclomaticComplexity="1" nPathComplexity="0" sequenceCoverage="0" branchCoverage="0" crapScore="2" isConstructor="false" isStatic="true" isGetter="true" isSetter="false">
              <Summary numSequencePoints="1" visitedSequencePoints="0" numBranchPoints="1" visitedBranchPoints="0" sequenceCoverage="0" branchCoverage="0" maxCyclomaticComplexity="1" minCyclomaticComplexity="1" maxCrapScore="2" minCrapScore="2" visitedClasses="0" numClasses="0" visitedMethods="0" numMethods="1" />
              <MetadataToken>100664280</MetadataToken>
              <Name>System.DateTime Humanizer.On/February::get_The1st()</Name>
              <FileRef uid="31" />
              <SequencePoints>
                <SequencePoint vc="0" uspid="502" ordinal="0" offset="0" sl="291" sc="23" el="291" ec="68" bec="0" bev="0" fileid="31" />
              </SequencePoints>
              <BranchPoints />
              <MethodPoint xsi:type="SequencePoint" vc="0" uspid="502" ordinal="0" offset="0" sl="291" sc="23" el="291" ec="68" bec="0" bev="0" fileid="31" />
            </Method>
            <Method visited="false" cyclomaticComplexity="1" nPathComplexity="0" sequenceCoverage="0" branchCoverage="0" crapScore="2" isConstructor="false" isStatic="true" isGetter="true" isSetter="false">
              <Summary numSequencePoints="1" visitedSequencePoints="0" numBranchPoints="1" visitedBranchPoints="0" sequenceCoverage="0" branchCoverage="0" maxCyclomaticComplexity="1" minCyclomaticComplexity="1" maxCrapScore="2" minCrapScore="2" visitedClasses="0" numClasses="0" visitedMethods="0" numMethods="1" />
              <MetadataToken>100664281</MetadataToken>
              <Name>System.DateTime Humanizer.On/February::get_The2nd()</Name>
              <FileRef uid="31" />
              <SequencePoints>
                <SequencePoint vc="0" uspid="503" ordinal="0" offset="0" sl="299" sc="23" el="299" ec="68" bec="0" bev="0" fileid="31" />
              </SequencePoints>
              <BranchPoints />
              <MethodPoint xsi:type="SequencePoint" vc="0" uspid="503" ordinal="0" offset="0" sl="299" sc="23" el="299" ec="68" bec="0" bev="0" fileid="31" />
            </Method>
            <Method visited="false" cyclomaticComplexity="1" nPathComplexity="0" sequenceCoverage="0" branchCoverage="0" crapScore="2" isConstructor="false" isStatic="true" isGetter="true" isSetter="false">
              <Summary numSequencePoints="1" visitedSequencePoints="0" numBranchPoints="1" visitedBranchPoints="0" sequenceCoverage="0" branchCoverage="0" maxCyclomaticComplexity="1" minCyclomaticComplexity="1" maxCrapScore="2" minCrapScore="2" visitedClasses="0" numClasses="0" visitedMethods="0" numMethods="1" />
              <MetadataToken>100664282</MetadataToken>
              <Name>System.DateTime Humanizer.On/February::get_The3rd()</Name>
              <FileRef uid="31" />
              <SequencePoints>
                <SequencePoint vc="0" uspid="504" ordinal="0" offset="0" sl="307" sc="23" el="307" ec="68" bec="0" bev="0" fileid="31" />
              </SequencePoints>
              <BranchPoints />
              <MethodPoint xsi:type="SequencePoint" vc="0" uspid="504" ordinal="0" offset="0" sl="307" sc="23" el="307" ec="68" bec="0" bev="0" fileid="31" />
            </Method>
            <Method visited="false" cyclomaticComplexity="1" nPathComplexity="0" sequenceCoverage="0" branchCoverage="0" crapScore="2" isConstructor="false" isStatic="true" isGetter="true" isSetter="false">
              <Summary numSequencePoints="1" visitedSequencePoints="0" numBranchPoints="1" visitedBranchPoints="0" sequenceCoverage="0" branchCoverage="0" maxCyclomaticComplexity="1" minCyclomaticComplexity="1" maxCrapScore="2" minCrapScore="2" visitedClasses="0" numClasses="0" visitedMethods="0" numMethods="1" />
              <MetadataToken>100664283</MetadataToken>
              <Name>System.DateTime Humanizer.On/February::get_The4th()</Name>
              <FileRef uid="31" />
              <SequencePoints>
                <SequencePoint vc="0" uspid="505" ordinal="0" offset="0" sl="315" sc="23" el="315" ec="68" bec="0" bev="0" fileid="31" />
              </SequencePoints>
              <BranchPoints />
              <MethodPoint xsi:type="SequencePoint" vc="0" uspid="505" ordinal="0" offset="0" sl="315" sc="23" el="315" ec="68" bec="0" bev="0" fileid="31" />
            </Method>
            <Method visited="false" cyclomaticComplexity="1" nPathComplexity="0" sequenceCoverage="0" branchCoverage="0" crapScore="2" isConstructor="false" isStatic="true" isGetter="true" isSetter="false">
              <Summary numSequencePoints="1" visitedSequencePoints="0" numBranchPoints="1" visitedBranchPoints="0" sequenceCoverage="0" branchCoverage="0" maxCyclomaticComplexity="1" minCyclomaticComplexity="1" maxCrapScore="2" minCrapScore="2" visitedClasses="0" numClasses="0" visitedMethods="0" numMethods="1" />
              <MetadataToken>100664284</MetadataToken>
              <Name>System.DateTime Humanizer.On/February::get_The5th()</Name>
              <FileRef uid="31" />
              <SequencePoints>
                <SequencePoint vc="0" uspid="506" ordinal="0" offset="0" sl="323" sc="23" el="323" ec="68" bec="0" bev="0" fileid="31" />
              </SequencePoints>
              <BranchPoints />
              <MethodPoint xsi:type="SequencePoint" vc="0" uspid="506" ordinal="0" offset="0" sl="323" sc="23" el="323" ec="68" bec="0" bev="0" fileid="31" />
            </Method>
            <Method visited="false" cyclomaticComplexity="1" nPathComplexity="0" sequenceCoverage="0" branchCoverage="0" crapScore="2" isConstructor="false" isStatic="true" isGetter="true" isSetter="false">
              <Summary numSequencePoints="1" visitedSequencePoints="0" numBranchPoints="1" visitedBranchPoints="0" sequenceCoverage="0" branchCoverage="0" maxCyclomaticComplexity="1" minCyclomaticComplexity="1" maxCrapScore="2" minCrapScore="2" visitedClasses="0" numClasses="0" visitedMethods="0" numMethods="1" />
              <MetadataToken>100664285</MetadataToken>
              <Name>System.DateTime Humanizer.On/February::get_The6th()</Name>
              <FileRef uid="31" />
              <SequencePoints>
                <SequencePoint vc="0" uspid="507" ordinal="0" offset="0" sl="331" sc="23" el="331" ec="68" bec="0" bev="0" fileid="31" />
              </SequencePoints>
              <BranchPoints />
              <MethodPoint xsi:type="SequencePoint" vc="0" uspid="507" ordinal="0" offset="0" sl="331" sc="23" el="331" ec="68" bec="0" bev="0" fileid="31" />
            </Method>
            <Method visited="false" cyclomaticComplexity="1" nPathComplexity="0" sequenceCoverage="0" branchCoverage="0" crapScore="2" isConstructor="false" isStatic="true" isGetter="true" isSetter="false">
              <Summary numSequencePoints="1" visitedSequencePoints="0" numBranchPoints="1" visitedBranchPoints="0" sequenceCoverage="0" branchCoverage="0" maxCyclomaticComplexity="1" minCyclomaticComplexity="1" maxCrapScore="2" minCrapScore="2" visitedClasses="0" numClasses="0" visitedMethods="0" numMethods="1" />
              <MetadataToken>100664286</MetadataToken>
              <Name>System.DateTime Humanizer.On/February::get_The7th()</Name>
              <FileRef uid="31" />
              <SequencePoints>
                <SequencePoint vc="0" uspid="508" ordinal="0" offset="0" sl="339" sc="23" el="339" ec="68" bec="0" bev="0" fileid="31" />
              </SequencePoints>
              <BranchPoints />
              <MethodPoint xsi:type="SequencePoint" vc="0" uspid="508" ordinal="0" offset="0" sl="339" sc="23" el="339" ec="68" bec="0" bev="0" fileid="31" />
            </Method>
            <Method visited="false" cyclomaticComplexity="1" nPathComplexity="0" sequenceCoverage="0" branchCoverage="0" crapScore="2" isConstructor="false" isStatic="true" isGetter="true" isSetter="false">
              <Summary numSequencePoints="1" visitedSequencePoints="0" numBranchPoints="1" visitedBranchPoints="0" sequenceCoverage="0" branchCoverage="0" maxCyclomaticComplexity="1" minCyclomaticComplexity="1" maxCrapScore="2" minCrapScore="2" visitedClasses="0" numClasses="0" visitedMethods="0" numMethods="1" />
              <MetadataToken>100664287</MetadataToken>
              <Name>System.DateTime Humanizer.On/February::get_The8th()</Name>
              <FileRef uid="31" />
              <SequencePoints>
                <SequencePoint vc="0" uspid="509" ordinal="0" offset="0" sl="347" sc="23" el="347" ec="68" bec="0" bev="0" fileid="31" />
              </SequencePoints>
              <BranchPoints />
              <MethodPoint xsi:type="SequencePoint" vc="0" uspid="509" ordinal="0" offset="0" sl="347" sc="23" el="347" ec="68" bec="0" bev="0" fileid="31" />
            </Method>
            <Method visited="false" cyclomaticComplexity="1" nPathComplexity="0" sequenceCoverage="0" branchCoverage="0" crapScore="2" isConstructor="false" isStatic="true" isGetter="true" isSetter="false">
              <Summary numSequencePoints="1" visitedSequencePoints="0" numBranchPoints="1" visitedBranchPoints="0" sequenceCoverage="0" branchCoverage="0" maxCyclomaticComplexity="1" minCyclomaticComplexity="1" maxCrapScore="2" minCrapScore="2" visitedClasses="0" numClasses="0" visitedMethods="0" numMethods="1" />
              <MetadataToken>100664288</MetadataToken>
              <Name>System.DateTime Humanizer.On/February::get_The9th()</Name>
              <FileRef uid="31" />
              <SequencePoints>
                <SequencePoint vc="0" uspid="510" ordinal="0" offset="0" sl="355" sc="23" el="355" ec="68" bec="0" bev="0" fileid="31" />
              </SequencePoints>
              <BranchPoints />
              <MethodPoint xsi:type="SequencePoint" vc="0" uspid="510" ordinal="0" offset="0" sl="355" sc="23" el="355" ec="68" bec="0" bev="0" fileid="31" />
            </Method>
            <Method visited="false" cyclomaticComplexity="1" nPathComplexity="0" sequenceCoverage="0" branchCoverage="0" crapScore="2" isConstructor="false" isStatic="true" isGetter="true" isSetter="false">
              <Summary numSequencePoints="1" visitedSequencePoints="0" numBranchPoints="1" visitedBranchPoints="0" sequenceCoverage="0" branchCoverage="0" maxCyclomaticComplexity="1" minCyclomaticComplexity="1" maxCrapScore="2" minCrapScore="2" visitedClasses="0" numClasses="0" visitedMethods="0" numMethods="1" />
              <MetadataToken>100664289</MetadataToken>
              <Name>System.DateTime Humanizer.On/February::get_The10th()</Name>
              <FileRef uid="31" />
              <SequencePoints>
                <SequencePoint vc="0" uspid="511" ordinal="0" offset="0" sl="363" sc="23" el="363" ec="69" bec="0" bev="0" fileid="31" />
              </SequencePoints>
              <BranchPoints />
              <MethodPoint xsi:type="SequencePoint" vc="0" uspid="511" ordinal="0" offset="0" sl="363" sc="23" el="363" ec="69" bec="0" bev="0" fileid="31" />
            </Method>
            <Method visited="false" cyclomaticComplexity="1" nPathComplexity="0" sequenceCoverage="0" branchCoverage="0" crapScore="2" isConstructor="false" isStatic="true" isGetter="true" isSetter="false">
              <Summary numSequencePoints="1" visitedSequencePoints="0" numBranchPoints="1" visitedBranchPoints="0" sequenceCoverage="0" branchCoverage="0" maxCyclomaticComplexity="1" minCyclomaticComplexity="1" maxCrapScore="2" minCrapScore="2" visitedClasses="0" numClasses="0" visitedMethods="0" numMethods="1" />
              <MetadataToken>100664290</MetadataToken>
              <Name>System.DateTime Humanizer.On/February::get_The11th()</Name>
              <FileRef uid="31" />
              <SequencePoints>
                <SequencePoint vc="0" uspid="512" ordinal="0" offset="0" sl="371" sc="23" el="371" ec="69" bec="0" bev="0" fileid="31" />
              </SequencePoints>
              <BranchPoints />
              <MethodPoint xsi:type="SequencePoint" vc="0" uspid="512" ordinal="0" offset="0" sl="371" sc="23" el="371" ec="69" bec="0" bev="0" fileid="31" />
            </Method>
            <Method visited="false" cyclomaticComplexity="1" nPathComplexity="0" sequenceCoverage="0" branchCoverage="0" crapScore="2" isConstructor="false" isStatic="true" isGetter="true" isSetter="false">
              <Summary numSequencePoints="1" visitedSequencePoints="0" numBranchPoints="1" visitedBranchPoints="0" sequenceCoverage="0" branchCoverage="0" maxCyclomaticComplexity="1" minCyclomaticComplexity="1" maxCrapScore="2" minCrapScore="2" visitedClasses="0" numClasses="0" visitedMethods="0" numMethods="1" />
              <MetadataToken>100664291</MetadataToken>
              <Name>System.DateTime Humanizer.On/February::get_The12th()</Name>
              <FileRef uid="31" />
              <SequencePoints>
                <SequencePoint vc="0" uspid="513" ordinal="0" offset="0" sl="379" sc="23" el="379" ec="69" bec="0" bev="0" fileid="31" />
              </SequencePoints>
              <BranchPoints />
              <MethodPoint xsi:type="SequencePoint" vc="0" uspid="513" ordinal="0" offset="0" sl="379" sc="23" el="379" ec="69" bec="0" bev="0" fileid="31" />
            </Method>
            <Method visited="false" cyclomaticComplexity="1" nPathComplexity="0" sequenceCoverage="0" branchCoverage="0" crapScore="2" isConstructor="false" isStatic="true" isGetter="true" isSetter="false">
              <Summary numSequencePoints="1" visitedSequencePoints="0" numBranchPoints="1" visitedBranchPoints="0" sequenceCoverage="0" branchCoverage="0" maxCyclomaticComplexity="1" minCyclomaticComplexity="1" maxCrapScore="2" minCrapScore="2" visitedClasses="0" numClasses="0" visitedMethods="0" numMethods="1" />
              <MetadataToken>100664292</MetadataToken>
              <Name>System.DateTime Humanizer.On/February::get_The13th()</Name>
              <FileRef uid="31" />
              <SequencePoints>
                <SequencePoint vc="0" uspid="514" ordinal="0" offset="0" sl="387" sc="23" el="387" ec="69" bec="0" bev="0" fileid="31" />
              </SequencePoints>
              <BranchPoints />
              <MethodPoint xsi:type="SequencePoint" vc="0" uspid="514" ordinal="0" offset="0" sl="387" sc="23" el="387" ec="69" bec="0" bev="0" fileid="31" />
            </Method>
            <Method visited="false" cyclomaticComplexity="1" nPathComplexity="0" sequenceCoverage="0" branchCoverage="0" crapScore="2" isConstructor="false" isStatic="true" isGetter="true" isSetter="false">
              <Summary numSequencePoints="1" visitedSequencePoints="0" numBranchPoints="1" visitedBranchPoints="0" sequenceCoverage="0" branchCoverage="0" maxCyclomaticComplexity="1" minCyclomaticComplexity="1" maxCrapScore="2" minCrapScore="2" visitedClasses="0" numClasses="0" visitedMethods="0" numMethods="1" />
              <MetadataToken>100664293</MetadataToken>
              <Name>System.DateTime Humanizer.On/February::get_The14th()</Name>
              <FileRef uid="31" />
              <SequencePoints>
                <SequencePoint vc="0" uspid="515" ordinal="0" offset="0" sl="395" sc="23" el="395" ec="69" bec="0" bev="0" fileid="31" />
              </SequencePoints>
              <BranchPoints />
              <MethodPoint xsi:type="SequencePoint" vc="0" uspid="515" ordinal="0" offset="0" sl="395" sc="23" el="395" ec="69" bec="0" bev="0" fileid="31" />
            </Method>
            <Method visited="false" cyclomaticComplexity="1" nPathComplexity="0" sequenceCoverage="0" branchCoverage="0" crapScore="2" isConstructor="false" isStatic="true" isGetter="true" isSetter="false">
              <Summary numSequencePoints="1" visitedSequencePoints="0" numBranchPoints="1" visitedBranchPoints="0" sequenceCoverage="0" branchCoverage="0" maxCyclomaticComplexity="1" minCyclomaticComplexity="1" maxCrapScore="2" minCrapScore="2" visitedClasses="0" numClasses="0" visitedMethods="0" numMethods="1" />
              <MetadataToken>100664294</MetadataToken>
              <Name>System.DateTime Humanizer.On/February::get_The15th()</Name>
              <FileRef uid="31" />
              <SequencePoints>
                <SequencePoint vc="0" uspid="516" ordinal="0" offset="0" sl="403" sc="23" el="403" ec="69" bec="0" bev="0" fileid="31" />
              </SequencePoints>
              <BranchPoints />
              <MethodPoint xsi:type="SequencePoint" vc="0" uspid="516" ordinal="0" offset="0" sl="403" sc="23" el="403" ec="69" bec="0" bev="0" fileid="31" />
            </Method>
            <Method visited="false" cyclomaticComplexity="1" nPathComplexity="0" sequenceCoverage="0" branchCoverage="0" crapScore="2" isConstructor="false" isStatic="true" isGetter="true" isSetter="false">
              <Summary numSequencePoints="1" visitedSequencePoints="0" numBranchPoints="1" visitedBranchPoints="0" sequenceCoverage="0" branchCoverage="0" maxCyclomaticComplexity="1" minCyclomaticComplexity="1" maxCrapScore="2" minCrapScore="2" visitedClasses="0" numClasses="0" visitedMethods="0" numMethods="1" />
              <MetadataToken>100664295</MetadataToken>
              <Name>System.DateTime Humanizer.On/February::get_The16th()</Name>
              <FileRef uid="31" />
              <SequencePoints>
                <SequencePoint vc="0" uspid="517" ordinal="0" offset="0" sl="411" sc="23" el="411" ec="69" bec="0" bev="0" fileid="31" />
              </SequencePoints>
              <BranchPoints />
              <MethodPoint xsi:type="SequencePoint" vc="0" uspid="517" ordinal="0" offset="0" sl="411" sc="23" el="411" ec="69" bec="0" bev="0" fileid="31" />
            </Method>
            <Method visited="false" cyclomaticComplexity="1" nPathComplexity="0" sequenceCoverage="0" branchCoverage="0" crapScore="2" isConstructor="false" isStatic="true" isGetter="true" isSetter="false">
              <Summary numSequencePoints="1" visitedSequencePoints="0" numBranchPoints="1" visitedBranchPoints="0" sequenceCoverage="0" branchCoverage="0" maxCyclomaticComplexity="1" minCyclomaticComplexity="1" maxCrapScore="2" minCrapScore="2" visitedClasses="0" numClasses="0" visitedMethods="0" numMethods="1" />
              <MetadataToken>100664296</MetadataToken>
              <Name>System.DateTime Humanizer.On/February::get_The17th()</Name>
              <FileRef uid="31" />
              <SequencePoints>
                <SequencePoint vc="0" uspid="518" ordinal="0" offset="0" sl="419" sc="23" el="419" ec="69" bec="0" bev="0" fileid="31" />
              </SequencePoints>
              <BranchPoints />
              <MethodPoint xsi:type="SequencePoint" vc="0" uspid="518" ordinal="0" offset="0" sl="419" sc="23" el="419" ec="69" bec="0" bev="0" fileid="31" />
            </Method>
            <Method visited="false" cyclomaticComplexity="1" nPathComplexity="0" sequenceCoverage="0" branchCoverage="0" crapScore="2" isConstructor="false" isStatic="true" isGetter="true" isSetter="false">
              <Summary numSequencePoints="1" visitedSequencePoints="0" numBranchPoints="1" visitedBranchPoints="0" sequenceCoverage="0" branchCoverage="0" maxCyclomaticComplexity="1" minCyclomaticComplexity="1" maxCrapScore="2" minCrapScore="2" visitedClasses="0" numClasses="0" visitedMethods="0" numMethods="1" />
              <MetadataToken>100664297</MetadataToken>
              <Name>System.DateTime Humanizer.On/February::get_The18th()</Name>
              <FileRef uid="31" />
              <SequencePoints>
                <SequencePoint vc="0" uspid="519" ordinal="0" offset="0" sl="427" sc="23" el="427" ec="69" bec="0" bev="0" fileid="31" />
              </SequencePoints>
              <BranchPoints />
              <MethodPoint xsi:type="SequencePoint" vc="0" uspid="519" ordinal="0" offset="0" sl="427" sc="23" el="427" ec="69" bec="0" bev="0" fileid="31" />
            </Method>
            <Method visited="false" cyclomaticComplexity="1" nPathComplexity="0" sequenceCoverage="0" branchCoverage="0" crapScore="2" isConstructor="false" isStatic="true" isGetter="true" isSetter="false">
              <Summary numSequencePoints="1" visitedSequencePoints="0" numBranchPoints="1" visitedBranchPoints="0" sequenceCoverage="0" branchCoverage="0" maxCyclomaticComplexity="1" minCyclomaticComplexity="1" maxCrapScore="2" minCrapScore="2" visitedClasses="0" numClasses="0" visitedMethods="0" numMethods="1" />
              <MetadataToken>100664298</MetadataToken>
              <Name>System.DateTime Humanizer.On/February::get_The19th()</Name>
              <FileRef uid="31" />
              <SequencePoints>
                <SequencePoint vc="0" uspid="520" ordinal="0" offset="0" sl="435" sc="23" el="435" ec="69" bec="0" bev="0" fileid="31" />
              </SequencePoints>
              <BranchPoints />
              <MethodPoint xsi:type="SequencePoint" vc="0" uspid="520" ordinal="0" offset="0" sl="435" sc="23" el="435" ec="69" bec="0" bev="0" fileid="31" />
            </Method>
            <Method visited="false" cyclomaticComplexity="1" nPathComplexity="0" sequenceCoverage="0" branchCoverage="0" crapScore="2" isConstructor="false" isStatic="true" isGetter="true" isSetter="false">
              <Summary numSequencePoints="1" visitedSequencePoints="0" numBranchPoints="1" visitedBranchPoints="0" sequenceCoverage="0" branchCoverage="0" maxCyclomaticComplexity="1" minCyclomaticComplexity="1" maxCrapScore="2" minCrapScore="2" visitedClasses="0" numClasses="0" visitedMethods="0" numMethods="1" />
              <MetadataToken>100664299</MetadataToken>
              <Name>System.DateTime Humanizer.On/February::get_The20th()</Name>
              <FileRef uid="31" />
              <SequencePoints>
                <SequencePoint vc="0" uspid="521" ordinal="0" offset="0" sl="443" sc="23" el="443" ec="69" bec="0" bev="0" fileid="31" />
              </SequencePoints>
              <BranchPoints />
              <MethodPoint xsi:type="SequencePoint" vc="0" uspid="521" ordinal="0" offset="0" sl="443" sc="23" el="443" ec="69" bec="0" bev="0" fileid="31" />
            </Method>
            <Method visited="false" cyclomaticComplexity="1" nPathComplexity="0" sequenceCoverage="0" branchCoverage="0" crapScore="2" isConstructor="false" isStatic="true" isGetter="true" isSetter="false">
              <Summary numSequencePoints="1" visitedSequencePoints="0" numBranchPoints="1" visitedBranchPoints="0" sequenceCoverage="0" branchCoverage="0" maxCyclomaticComplexity="1" minCyclomaticComplexity="1" maxCrapScore="2" minCrapScore="2" visitedClasses="0" numClasses="0" visitedMethods="0" numMethods="1" />
              <MetadataToken>100664300</MetadataToken>
              <Name>System.DateTime Humanizer.On/February::get_The21st()</Name>
              <FileRef uid="31" />
              <SequencePoints>
                <SequencePoint vc="0" uspid="522" ordinal="0" offset="0" sl="451" sc="23" el="451" ec="69" bec="0" bev="0" fileid="31" />
              </SequencePoints>
              <BranchPoints />
              <MethodPoint xsi:type="SequencePoint" vc="0" uspid="522" ordinal="0" offset="0" sl="451" sc="23" el="451" ec="69" bec="0" bev="0" fileid="31" />
            </Method>
            <Method visited="false" cyclomaticComplexity="1" nPathComplexity="0" sequenceCoverage="0" branchCoverage="0" crapScore="2" isConstructor="false" isStatic="true" isGetter="true" isSetter="false">
              <Summary numSequencePoints="1" visitedSequencePoints="0" numBranchPoints="1" visitedBranchPoints="0" sequenceCoverage="0" branchCoverage="0" maxCyclomaticComplexity="1" minCyclomaticComplexity="1" maxCrapScore="2" minCrapScore="2" visitedClasses="0" numClasses="0" visitedMethods="0" numMethods="1" />
              <MetadataToken>100664301</MetadataToken>
              <Name>System.DateTime Humanizer.On/February::get_The22nd()</Name>
              <FileRef uid="31" />
              <SequencePoints>
                <SequencePoint vc="0" uspid="523" ordinal="0" offset="0" sl="459" sc="23" el="459" ec="69" bec="0" bev="0" fileid="31" />
              </SequencePoints>
              <BranchPoints />
              <MethodPoint xsi:type="SequencePoint" vc="0" uspid="523" ordinal="0" offset="0" sl="459" sc="23" el="459" ec="69" bec="0" bev="0" fileid="31" />
            </Method>
            <Method visited="false" cyclomaticComplexity="1" nPathComplexity="0" sequenceCoverage="0" branchCoverage="0" crapScore="2" isConstructor="false" isStatic="true" isGetter="true" isSetter="false">
              <Summary numSequencePoints="1" visitedSequencePoints="0" numBranchPoints="1" visitedBranchPoints="0" sequenceCoverage="0" branchCoverage="0" maxCyclomaticComplexity="1" minCyclomaticComplexity="1" maxCrapScore="2" minCrapScore="2" visitedClasses="0" numClasses="0" visitedMethods="0" numMethods="1" />
              <MetadataToken>100664302</MetadataToken>
              <Name>System.DateTime Humanizer.On/February::get_The23rd()</Name>
              <FileRef uid="31" />
              <SequencePoints>
                <SequencePoint vc="0" uspid="524" ordinal="0" offset="0" sl="467" sc="23" el="467" ec="69" bec="0" bev="0" fileid="31" />
              </SequencePoints>
              <BranchPoints />
              <MethodPoint xsi:type="SequencePoint" vc="0" uspid="524" ordinal="0" offset="0" sl="467" sc="23" el="467" ec="69" bec="0" bev="0" fileid="31" />
            </Method>
            <Method visited="false" cyclomaticComplexity="1" nPathComplexity="0" sequenceCoverage="0" branchCoverage="0" crapScore="2" isConstructor="false" isStatic="true" isGetter="true" isSetter="false">
              <Summary numSequencePoints="1" visitedSequencePoints="0" numBranchPoints="1" visitedBranchPoints="0" sequenceCoverage="0" branchCoverage="0" maxCyclomaticComplexity="1" minCyclomaticComplexity="1" maxCrapScore="2" minCrapScore="2" visitedClasses="0" numClasses="0" visitedMethods="0" numMethods="1" />
              <MetadataToken>100664303</MetadataToken>
              <Name>System.DateTime Humanizer.On/February::get_The24th()</Name>
              <FileRef uid="31" />
              <SequencePoints>
                <SequencePoint vc="0" uspid="525" ordinal="0" offset="0" sl="475" sc="23" el="475" ec="69" bec="0" bev="0" fileid="31" />
              </SequencePoints>
              <BranchPoints />
              <MethodPoint xsi:type="SequencePoint" vc="0" uspid="525" ordinal="0" offset="0" sl="475" sc="23" el="475" ec="69" bec="0" bev="0" fileid="31" />
            </Method>
            <Method visited="false" cyclomaticComplexity="1" nPathComplexity="0" sequenceCoverage="0" branchCoverage="0" crapScore="2" isConstructor="false" isStatic="true" isGetter="true" isSetter="false">
              <Summary numSequencePoints="1" visitedSequencePoints="0" numBranchPoints="1" visitedBranchPoints="0" sequenceCoverage="0" branchCoverage="0" maxCyclomaticComplexity="1" minCyclomaticComplexity="1" maxCrapScore="2" minCrapScore="2" visitedClasses="0" numClasses="0" visitedMethods="0" numMethods="1" />
              <MetadataToken>100664304</MetadataToken>
              <Name>System.DateTime Humanizer.On/February::get_The25th()</Name>
              <FileRef uid="31" />
              <SequencePoints>
                <SequencePoint vc="0" uspid="526" ordinal="0" offset="0" sl="483" sc="23" el="483" ec="69" bec="0" bev="0" fileid="31" />
              </SequencePoints>
              <BranchPoints />
              <MethodPoint xsi:type="SequencePoint" vc="0" uspid="526" ordinal="0" offset="0" sl="483" sc="23" el="483" ec="69" bec="0" bev="0" fileid="31" />
            </Method>
            <Method visited="false" cyclomaticComplexity="1" nPathComplexity="0" sequenceCoverage="0" branchCoverage="0" crapScore="2" isConstructor="false" isStatic="true" isGetter="true" isSetter="false">
              <Summary numSequencePoints="1" visitedSequencePoints="0" numBranchPoints="1" visitedBranchPoints="0" sequenceCoverage="0" branchCoverage="0" maxCyclomaticComplexity="1" minCyclomaticComplexity="1" maxCrapScore="2" minCrapScore="2" visitedClasses="0" numClasses="0" visitedMethods="0" numMethods="1" />
              <MetadataToken>100664305</MetadataToken>
              <Name>System.DateTime Humanizer.On/February::get_The26th()</Name>
              <FileRef uid="31" />
              <SequencePoints>
                <SequencePoint vc="0" uspid="527" ordinal="0" offset="0" sl="491" sc="23" el="491" ec="69" bec="0" bev="0" fileid="31" />
              </SequencePoints>
              <BranchPoints />
              <MethodPoint xsi:type="SequencePoint" vc="0" uspid="527" ordinal="0" offset="0" sl="491" sc="23" el="491" ec="69" bec="0" bev="0" fileid="31" />
            </Method>
            <Method visited="false" cyclomaticComplexity="1" nPathComplexity="0" sequenceCoverage="0" branchCoverage="0" crapScore="2" isConstructor="false" isStatic="true" isGetter="true" isSetter="false">
              <Summary numSequencePoints="1" visitedSequencePoints="0" numBranchPoints="1" visitedBranchPoints="0" sequenceCoverage="0" branchCoverage="0" maxCyclomaticComplexity="1" minCyclomaticComplexity="1" maxCrapScore="2" minCrapScore="2" visitedClasses="0" numClasses="0" visitedMethods="0" numMethods="1" />
              <MetadataToken>100664306</MetadataToken>
              <Name>System.DateTime Humanizer.On/February::get_The27th()</Name>
              <FileRef uid="31" />
              <SequencePoints>
                <SequencePoint vc="0" uspid="528" ordinal="0" offset="0" sl="499" sc="23" el="499" ec="69" bec="0" bev="0" fileid="31" />
              </SequencePoints>
              <BranchPoints />
              <MethodPoint xsi:type="SequencePoint" vc="0" uspid="528" ordinal="0" offset="0" sl="499" sc="23" el="499" ec="69" bec="0" bev="0" fileid="31" />
            </Method>
            <Method visited="false" cyclomaticComplexity="1" nPathComplexity="0" sequenceCoverage="0" branchCoverage="0" crapScore="2" isConstructor="false" isStatic="true" isGetter="true" isSetter="false">
              <Summary numSequencePoints="1" visitedSequencePoints="0" numBranchPoints="1" visitedBranchPoints="0" sequenceCoverage="0" branchCoverage="0" maxCyclomaticComplexity="1" minCyclomaticComplexity="1" maxCrapScore="2" minCrapScore="2" visitedClasses="0" numClasses="0" visitedMethods="0" numMethods="1" />
              <MetadataToken>100664307</MetadataToken>
              <Name>System.DateTime Humanizer.On/February::get_The28th()</Name>
              <FileRef uid="31" />
              <SequencePoints>
                <SequencePoint vc="0" uspid="529" ordinal="0" offset="0" sl="507" sc="23" el="507" ec="69" bec="0" bev="0" fileid="31" />
              </SequencePoints>
              <BranchPoints />
              <MethodPoint xsi:type="SequencePoint" vc="0" uspid="529" ordinal="0" offset="0" sl="507" sc="23" el="507" ec="69" bec="0" bev="0" fileid="31" />
            </Method>
            <Method visited="false" cyclomaticComplexity="1" nPathComplexity="0" sequenceCoverage="0" branchCoverage="0" crapScore="2" isConstructor="false" isStatic="true" isGetter="true" isSetter="false">
              <Summary numSequencePoints="1" visitedSequencePoints="0" numBranchPoints="1" visitedBranchPoints="0" sequenceCoverage="0" branchCoverage="0" maxCyclomaticComplexity="1" minCyclomaticComplexity="1" maxCrapScore="2" minCrapScore="2" visitedClasses="0" numClasses="0" visitedMethods="0" numMethods="1" />
              <MetadataToken>100664308</MetadataToken>
              <Name>System.DateTime Humanizer.On/February::get_The29th()</Name>
              <FileRef uid="31" />
              <SequencePoints>
                <SequencePoint vc="0" uspid="530" ordinal="0" offset="0" sl="515" sc="23" el="515" ec="69" bec="0" bev="0" fileid="31" />
              </SequencePoints>
              <BranchPoints />
              <MethodPoint xsi:type="SequencePoint" vc="0" uspid="530" ordinal="0" offset="0" sl="515" sc="23" el="515" ec="69" bec="0" bev="0" fileid="31" />
            </Method>
            <Method visited="false" cyclomaticComplexity="1" nPathComplexity="0" sequenceCoverage="0" branchCoverage="0" crapScore="2" isConstructor="false" isStatic="true" isGetter="false" isSetter="false">
              <Summary numSequencePoints="1" visitedSequencePoints="0" numBranchPoints="1" visitedBranchPoints="0" sequenceCoverage="0" branchCoverage="0" maxCyclomaticComplexity="1" minCyclomaticComplexity="1" maxCrapScore="2" minCrapScore="2" visitedClasses="0" numClasses="0" visitedMethods="0" numMethods="1" />
              <MetadataToken>100664279</MetadataToken>
              <Name>System.DateTime Humanizer.On/February::The(System.Int32)</Name>
              <FileRef uid="31" />
              <SequencePoints>
                <SequencePoint vc="0" uspid="531" ordinal="0" offset="0" sl="283" sc="17" el="283" ec="70" bec="0" bev="0" fileid="31" />
              </SequencePoints>
              <BranchPoints />
              <MethodPoint xsi:type="SequencePoint" vc="0" uspid="531" ordinal="0" offset="0" sl="283" sc="17" el="283" ec="70" bec="0" bev="0" fileid="31" />
            </Method>
            <Method visited="false" cyclomaticComplexity="1" nPathComplexity="0" sequenceCoverage="0" branchCoverage="0" crapScore="2" isConstructor="true" isStatic="false" isGetter="false" isSetter="false">
              <Summary numSequencePoints="0" visitedSequencePoints="0" numBranchPoints="0" visitedBranchPoints="0" sequenceCoverage="0" branchCoverage="0" maxCyclomaticComplexity="1" minCyclomaticComplexity="1" maxCrapScore="2" minCrapScore="2" visitedClasses="0" numClasses="0" visitedMethods="0" numMethods="0" />
              <MetadataToken>100664309</MetadataToken>
              <Name>System.Void Humanizer.On/February::.ctor()</Name>
              <SequencePoints />
              <BranchPoints />
              <MethodPoint vc="0" uspid="532" ordinal="0" offset="0" />
            </Method>
          </Methods>
        </Class>
        <Class>
          <Summary numSequencePoints="32" visitedSequencePoints="0" numBranchPoints="32" visitedBranchPoints="0" sequenceCoverage="0" branchCoverage="0" maxCyclomaticComplexity="1" minCyclomaticComplexity="1" maxCrapScore="2" minCrapScore="2" visitedClasses="0" numClasses="1" visitedMethods="0" numMethods="32" />
          <FullName>Humanizer.On/March</FullName>
          <Methods>
            <Method visited="false" cyclomaticComplexity="1" nPathComplexity="0" sequenceCoverage="0" branchCoverage="0" crapScore="2" isConstructor="false" isStatic="true" isGetter="true" isSetter="false">
              <Summary numSequencePoints="1" visitedSequencePoints="0" numBranchPoints="1" visitedBranchPoints="0" sequenceCoverage="0" branchCoverage="0" maxCyclomaticComplexity="1" minCyclomaticComplexity="1" maxCrapScore="2" minCrapScore="2" visitedClasses="0" numClasses="0" visitedMethods="0" numMethods="1" />
              <MetadataToken>100664311</MetadataToken>
              <Name>System.DateTime Humanizer.On/March::get_The1st()</Name>
              <FileRef uid="31" />
              <SequencePoints>
                <SequencePoint vc="0" uspid="533" ordinal="0" offset="0" sl="537" sc="23" el="537" ec="68" bec="0" bev="0" fileid="31" />
              </SequencePoints>
              <BranchPoints />
              <MethodPoint xsi:type="SequencePoint" vc="0" uspid="533" ordinal="0" offset="0" sl="537" sc="23" el="537" ec="68" bec="0" bev="0" fileid="31" />
            </Method>
            <Method visited="false" cyclomaticComplexity="1" nPathComplexity="0" sequenceCoverage="0" branchCoverage="0" crapScore="2" isConstructor="false" isStatic="true" isGetter="true" isSetter="false">
              <Summary numSequencePoints="1" visitedSequencePoints="0" numBranchPoints="1" visitedBranchPoints="0" sequenceCoverage="0" branchCoverage="0" maxCyclomaticComplexity="1" minCyclomaticComplexity="1" maxCrapScore="2" minCrapScore="2" visitedClasses="0" numClasses="0" visitedMethods="0" numMethods="1" />
              <MetadataToken>100664312</MetadataToken>
              <Name>System.DateTime Humanizer.On/March::get_The2nd()</Name>
              <FileRef uid="31" />
              <SequencePoints>
                <SequencePoint vc="0" uspid="534" ordinal="0" offset="0" sl="545" sc="23" el="545" ec="68" bec="0" bev="0" fileid="31" />
              </SequencePoints>
              <BranchPoints />
              <MethodPoint xsi:type="SequencePoint" vc="0" uspid="534" ordinal="0" offset="0" sl="545" sc="23" el="545" ec="68" bec="0" bev="0" fileid="31" />
            </Method>
            <Method visited="false" cyclomaticComplexity="1" nPathComplexity="0" sequenceCoverage="0" branchCoverage="0" crapScore="2" isConstructor="false" isStatic="true" isGetter="true" isSetter="false">
              <Summary numSequencePoints="1" visitedSequencePoints="0" numBranchPoints="1" visitedBranchPoints="0" sequenceCoverage="0" branchCoverage="0" maxCyclomaticComplexity="1" minCyclomaticComplexity="1" maxCrapScore="2" minCrapScore="2" visitedClasses="0" numClasses="0" visitedMethods="0" numMethods="1" />
              <MetadataToken>100664313</MetadataToken>
              <Name>System.DateTime Humanizer.On/March::get_The3rd()</Name>
              <FileRef uid="31" />
              <SequencePoints>
                <SequencePoint vc="0" uspid="535" ordinal="0" offset="0" sl="553" sc="23" el="553" ec="68" bec="0" bev="0" fileid="31" />
              </SequencePoints>
              <BranchPoints />
              <MethodPoint xsi:type="SequencePoint" vc="0" uspid="535" ordinal="0" offset="0" sl="553" sc="23" el="553" ec="68" bec="0" bev="0" fileid="31" />
            </Method>
            <Method visited="false" cyclomaticComplexity="1" nPathComplexity="0" sequenceCoverage="0" branchCoverage="0" crapScore="2" isConstructor="false" isStatic="true" isGetter="true" isSetter="false">
              <Summary numSequencePoints="1" visitedSequencePoints="0" numBranchPoints="1" visitedBranchPoints="0" sequenceCoverage="0" branchCoverage="0" maxCyclomaticComplexity="1" minCyclomaticComplexity="1" maxCrapScore="2" minCrapScore="2" visitedClasses="0" numClasses="0" visitedMethods="0" numMethods="1" />
              <MetadataToken>100664314</MetadataToken>
              <Name>System.DateTime Humanizer.On/March::get_The4th()</Name>
              <FileRef uid="31" />
              <SequencePoints>
                <SequencePoint vc="0" uspid="536" ordinal="0" offset="0" sl="561" sc="23" el="561" ec="68" bec="0" bev="0" fileid="31" />
              </SequencePoints>
              <BranchPoints />
              <MethodPoint xsi:type="SequencePoint" vc="0" uspid="536" ordinal="0" offset="0" sl="561" sc="23" el="561" ec="68" bec="0" bev="0" fileid="31" />
            </Method>
            <Method visited="false" cyclomaticComplexity="1" nPathComplexity="0" sequenceCoverage="0" branchCoverage="0" crapScore="2" isConstructor="false" isStatic="true" isGetter="true" isSetter="false">
              <Summary numSequencePoints="1" visitedSequencePoints="0" numBranchPoints="1" visitedBranchPoints="0" sequenceCoverage="0" branchCoverage="0" maxCyclomaticComplexity="1" minCyclomaticComplexity="1" maxCrapScore="2" minCrapScore="2" visitedClasses="0" numClasses="0" visitedMethods="0" numMethods="1" />
              <MetadataToken>100664315</MetadataToken>
              <Name>System.DateTime Humanizer.On/March::get_The5th()</Name>
              <FileRef uid="31" />
              <SequencePoints>
                <SequencePoint vc="0" uspid="537" ordinal="0" offset="0" sl="569" sc="23" el="569" ec="68" bec="0" bev="0" fileid="31" />
              </SequencePoints>
              <BranchPoints />
              <MethodPoint xsi:type="SequencePoint" vc="0" uspid="537" ordinal="0" offset="0" sl="569" sc="23" el="569" ec="68" bec="0" bev="0" fileid="31" />
            </Method>
            <Method visited="false" cyclomaticComplexity="1" nPathComplexity="0" sequenceCoverage="0" branchCoverage="0" crapScore="2" isConstructor="false" isStatic="true" isGetter="true" isSetter="false">
              <Summary numSequencePoints="1" visitedSequencePoints="0" numBranchPoints="1" visitedBranchPoints="0" sequenceCoverage="0" branchCoverage="0" maxCyclomaticComplexity="1" minCyclomaticComplexity="1" maxCrapScore="2" minCrapScore="2" visitedClasses="0" numClasses="0" visitedMethods="0" numMethods="1" />
              <MetadataToken>100664316</MetadataToken>
              <Name>System.DateTime Humanizer.On/March::get_The6th()</Name>
              <FileRef uid="31" />
              <SequencePoints>
                <SequencePoint vc="0" uspid="538" ordinal="0" offset="0" sl="577" sc="23" el="577" ec="68" bec="0" bev="0" fileid="31" />
              </SequencePoints>
              <BranchPoints />
              <MethodPoint xsi:type="SequencePoint" vc="0" uspid="538" ordinal="0" offset="0" sl="577" sc="23" el="577" ec="68" bec="0" bev="0" fileid="31" />
            </Method>
            <Method visited="false" cyclomaticComplexity="1" nPathComplexity="0" sequenceCoverage="0" branchCoverage="0" crapScore="2" isConstructor="false" isStatic="true" isGetter="true" isSetter="false">
              <Summary numSequencePoints="1" visitedSequencePoints="0" numBranchPoints="1" visitedBranchPoints="0" sequenceCoverage="0" branchCoverage="0" maxCyclomaticComplexity="1" minCyclomaticComplexity="1" maxCrapScore="2" minCrapScore="2" visitedClasses="0" numClasses="0" visitedMethods="0" numMethods="1" />
              <MetadataToken>100664317</MetadataToken>
              <Name>System.DateTime Humanizer.On/March::get_The7th()</Name>
              <FileRef uid="31" />
              <SequencePoints>
                <SequencePoint vc="0" uspid="539" ordinal="0" offset="0" sl="585" sc="23" el="585" ec="68" bec="0" bev="0" fileid="31" />
              </SequencePoints>
              <BranchPoints />
              <MethodPoint xsi:type="SequencePoint" vc="0" uspid="539" ordinal="0" offset="0" sl="585" sc="23" el="585" ec="68" bec="0" bev="0" fileid="31" />
            </Method>
            <Method visited="false" cyclomaticComplexity="1" nPathComplexity="0" sequenceCoverage="0" branchCoverage="0" crapScore="2" isConstructor="false" isStatic="true" isGetter="true" isSetter="false">
              <Summary numSequencePoints="1" visitedSequencePoints="0" numBranchPoints="1" visitedBranchPoints="0" sequenceCoverage="0" branchCoverage="0" maxCyclomaticComplexity="1" minCyclomaticComplexity="1" maxCrapScore="2" minCrapScore="2" visitedClasses="0" numClasses="0" visitedMethods="0" numMethods="1" />
              <MetadataToken>100664318</MetadataToken>
              <Name>System.DateTime Humanizer.On/March::get_The8th()</Name>
              <FileRef uid="31" />
              <SequencePoints>
                <SequencePoint vc="0" uspid="540" ordinal="0" offset="0" sl="593" sc="23" el="593" ec="68" bec="0" bev="0" fileid="31" />
              </SequencePoints>
              <BranchPoints />
              <MethodPoint xsi:type="SequencePoint" vc="0" uspid="540" ordinal="0" offset="0" sl="593" sc="23" el="593" ec="68" bec="0" bev="0" fileid="31" />
            </Method>
            <Method visited="false" cyclomaticComplexity="1" nPathComplexity="0" sequenceCoverage="0" branchCoverage="0" crapScore="2" isConstructor="false" isStatic="true" isGetter="true" isSetter="false">
              <Summary numSequencePoints="1" visitedSequencePoints="0" numBranchPoints="1" visitedBranchPoints="0" sequenceCoverage="0" branchCoverage="0" maxCyclomaticComplexity="1" minCyclomaticComplexity="1" maxCrapScore="2" minCrapScore="2" visitedClasses="0" numClasses="0" visitedMethods="0" numMethods="1" />
              <MetadataToken>100664319</MetadataToken>
              <Name>System.DateTime Humanizer.On/March::get_The9th()</Name>
              <FileRef uid="31" />
              <SequencePoints>
                <SequencePoint vc="0" uspid="541" ordinal="0" offset="0" sl="601" sc="23" el="601" ec="68" bec="0" bev="0" fileid="31" />
              </SequencePoints>
              <BranchPoints />
              <MethodPoint xsi:type="SequencePoint" vc="0" uspid="541" ordinal="0" offset="0" sl="601" sc="23" el="601" ec="68" bec="0" bev="0" fileid="31" />
            </Method>
            <Method visited="false" cyclomaticComplexity="1" nPathComplexity="0" sequenceCoverage="0" branchCoverage="0" crapScore="2" isConstructor="false" isStatic="true" isGetter="true" isSetter="false">
              <Summary numSequencePoints="1" visitedSequencePoints="0" numBranchPoints="1" visitedBranchPoints="0" sequenceCoverage="0" branchCoverage="0" maxCyclomaticComplexity="1" minCyclomaticComplexity="1" maxCrapScore="2" minCrapScore="2" visitedClasses="0" numClasses="0" visitedMethods="0" numMethods="1" />
              <MetadataToken>100664320</MetadataToken>
              <Name>System.DateTime Humanizer.On/March::get_The10th()</Name>
              <FileRef uid="31" />
              <SequencePoints>
                <SequencePoint vc="0" uspid="542" ordinal="0" offset="0" sl="609" sc="23" el="609" ec="69" bec="0" bev="0" fileid="31" />
              </SequencePoints>
              <BranchPoints />
              <MethodPoint xsi:type="SequencePoint" vc="0" uspid="542" ordinal="0" offset="0" sl="609" sc="23" el="609" ec="69" bec="0" bev="0" fileid="31" />
            </Method>
            <Method visited="false" cyclomaticComplexity="1" nPathComplexity="0" sequenceCoverage="0" branchCoverage="0" crapScore="2" isConstructor="false" isStatic="true" isGetter="true" isSetter="false">
              <Summary numSequencePoints="1" visitedSequencePoints="0" numBranchPoints="1" visitedBranchPoints="0" sequenceCoverage="0" branchCoverage="0" maxCyclomaticComplexity="1" minCyclomaticComplexity="1" maxCrapScore="2" minCrapScore="2" visitedClasses="0" numClasses="0" visitedMethods="0" numMethods="1" />
              <MetadataToken>100664321</MetadataToken>
              <Name>System.DateTime Humanizer.On/March::get_The11th()</Name>
              <FileRef uid="31" />
              <SequencePoints>
                <SequencePoint vc="0" uspid="543" ordinal="0" offset="0" sl="617" sc="23" el="617" ec="69" bec="0" bev="0" fileid="31" />
              </SequencePoints>
              <BranchPoints />
              <MethodPoint xsi:type="SequencePoint" vc="0" uspid="543" ordinal="0" offset="0" sl="617" sc="23" el="617" ec="69" bec="0" bev="0" fileid="31" />
            </Method>
            <Method visited="false" cyclomaticComplexity="1" nPathComplexity="0" sequenceCoverage="0" branchCoverage="0" crapScore="2" isConstructor="false" isStatic="true" isGetter="true" isSetter="false">
              <Summary numSequencePoints="1" visitedSequencePoints="0" numBranchPoints="1" visitedBranchPoints="0" sequenceCoverage="0" branchCoverage="0" maxCyclomaticComplexity="1" minCyclomaticComplexity="1" maxCrapScore="2" minCrapScore="2" visitedClasses="0" numClasses="0" visitedMethods="0" numMethods="1" />
              <MetadataToken>100664322</MetadataToken>
              <Name>System.DateTime Humanizer.On/March::get_The12th()</Name>
              <FileRef uid="31" />
              <SequencePoints>
                <SequencePoint vc="0" uspid="544" ordinal="0" offset="0" sl="625" sc="23" el="625" ec="69" bec="0" bev="0" fileid="31" />
              </SequencePoints>
              <BranchPoints />
              <MethodPoint xsi:type="SequencePoint" vc="0" uspid="544" ordinal="0" offset="0" sl="625" sc="23" el="625" ec="69" bec="0" bev="0" fileid="31" />
            </Method>
            <Method visited="false" cyclomaticComplexity="1" nPathComplexity="0" sequenceCoverage="0" branchCoverage="0" crapScore="2" isConstructor="false" isStatic="true" isGetter="true" isSetter="false">
              <Summary numSequencePoints="1" visitedSequencePoints="0" numBranchPoints="1" visitedBranchPoints="0" sequenceCoverage="0" branchCoverage="0" maxCyclomaticComplexity="1" minCyclomaticComplexity="1" maxCrapScore="2" minCrapScore="2" visitedClasses="0" numClasses="0" visitedMethods="0" numMethods="1" />
              <MetadataToken>100664323</MetadataToken>
              <Name>System.DateTime Humanizer.On/March::get_The13th()</Name>
              <FileRef uid="31" />
              <SequencePoints>
                <SequencePoint vc="0" uspid="545" ordinal="0" offset="0" sl="633" sc="23" el="633" ec="69" bec="0" bev="0" fileid="31" />
              </SequencePoints>
              <BranchPoints />
              <MethodPoint xsi:type="SequencePoint" vc="0" uspid="545" ordinal="0" offset="0" sl="633" sc="23" el="633" ec="69" bec="0" bev="0" fileid="31" />
            </Method>
            <Method visited="false" cyclomaticComplexity="1" nPathComplexity="0" sequenceCoverage="0" branchCoverage="0" crapScore="2" isConstructor="false" isStatic="true" isGetter="true" isSetter="false">
              <Summary numSequencePoints="1" visitedSequencePoints="0" numBranchPoints="1" visitedBranchPoints="0" sequenceCoverage="0" branchCoverage="0" maxCyclomaticComplexity="1" minCyclomaticComplexity="1" maxCrapScore="2" minCrapScore="2" visitedClasses="0" numClasses="0" visitedMethods="0" numMethods="1" />
              <MetadataToken>100664324</MetadataToken>
              <Name>System.DateTime Humanizer.On/March::get_The14th()</Name>
              <FileRef uid="31" />
              <SequencePoints>
                <SequencePoint vc="0" uspid="546" ordinal="0" offset="0" sl="641" sc="23" el="641" ec="69" bec="0" bev="0" fileid="31" />
              </SequencePoints>
              <BranchPoints />
              <MethodPoint xsi:type="SequencePoint" vc="0" uspid="546" ordinal="0" offset="0" sl="641" sc="23" el="641" ec="69" bec="0" bev="0" fileid="31" />
            </Method>
            <Method visited="false" cyclomaticComplexity="1" nPathComplexity="0" sequenceCoverage="0" branchCoverage="0" crapScore="2" isConstructor="false" isStatic="true" isGetter="true" isSetter="false">
              <Summary numSequencePoints="1" visitedSequencePoints="0" numBranchPoints="1" visitedBranchPoints="0" sequenceCoverage="0" branchCoverage="0" maxCyclomaticComplexity="1" minCyclomaticComplexity="1" maxCrapScore="2" minCrapScore="2" visitedClasses="0" numClasses="0" visitedMethods="0" numMethods="1" />
              <MetadataToken>100664325</MetadataToken>
              <Name>System.DateTime Humanizer.On/March::get_The15th()</Name>
              <FileRef uid="31" />
              <SequencePoints>
                <SequencePoint vc="0" uspid="547" ordinal="0" offset="0" sl="649" sc="23" el="649" ec="69" bec="0" bev="0" fileid="31" />
              </SequencePoints>
              <BranchPoints />
              <MethodPoint xsi:type="SequencePoint" vc="0" uspid="547" ordinal="0" offset="0" sl="649" sc="23" el="649" ec="69" bec="0" bev="0" fileid="31" />
            </Method>
            <Method visited="false" cyclomaticComplexity="1" nPathComplexity="0" sequenceCoverage="0" branchCoverage="0" crapScore="2" isConstructor="false" isStatic="true" isGetter="true" isSetter="false">
              <Summary numSequencePoints="1" visitedSequencePoints="0" numBranchPoints="1" visitedBranchPoints="0" sequenceCoverage="0" branchCoverage="0" maxCyclomaticComplexity="1" minCyclomaticComplexity="1" maxCrapScore="2" minCrapScore="2" visitedClasses="0" numClasses="0" visitedMethods="0" numMethods="1" />
              <MetadataToken>100664326</MetadataToken>
              <Name>System.DateTime Humanizer.On/March::get_The16th()</Name>
              <FileRef uid="31" />
              <SequencePoints>
                <SequencePoint vc="0" uspid="548" ordinal="0" offset="0" sl="657" sc="23" el="657" ec="69" bec="0" bev="0" fileid="31" />
              </SequencePoints>
              <BranchPoints />
              <MethodPoint xsi:type="SequencePoint" vc="0" uspid="548" ordinal="0" offset="0" sl="657" sc="23" el="657" ec="69" bec="0" bev="0" fileid="31" />
            </Method>
            <Method visited="false" cyclomaticComplexity="1" nPathComplexity="0" sequenceCoverage="0" branchCoverage="0" crapScore="2" isConstructor="false" isStatic="true" isGetter="true" isSetter="false">
              <Summary numSequencePoints="1" visitedSequencePoints="0" numBranchPoints="1" visitedBranchPoints="0" sequenceCoverage="0" branchCoverage="0" maxCyclomaticComplexity="1" minCyclomaticComplexity="1" maxCrapScore="2" minCrapScore="2" visitedClasses="0" numClasses="0" visitedMethods="0" numMethods="1" />
              <MetadataToken>100664327</MetadataToken>
              <Name>System.DateTime Humanizer.On/March::get_The17th()</Name>
              <FileRef uid="31" />
              <SequencePoints>
                <SequencePoint vc="0" uspid="549" ordinal="0" offset="0" sl="665" sc="23" el="665" ec="69" bec="0" bev="0" fileid="31" />
              </SequencePoints>
              <BranchPoints />
              <MethodPoint xsi:type="SequencePoint" vc="0" uspid="549" ordinal="0" offset="0" sl="665" sc="23" el="665" ec="69" bec="0" bev="0" fileid="31" />
            </Method>
            <Method visited="false" cyclomaticComplexity="1" nPathComplexity="0" sequenceCoverage="0" branchCoverage="0" crapScore="2" isConstructor="false" isStatic="true" isGetter="true" isSetter="false">
              <Summary numSequencePoints="1" visitedSequencePoints="0" numBranchPoints="1" visitedBranchPoints="0" sequenceCoverage="0" branchCoverage="0" maxCyclomaticComplexity="1" minCyclomaticComplexity="1" maxCrapScore="2" minCrapScore="2" visitedClasses="0" numClasses="0" visitedMethods="0" numMethods="1" />
              <MetadataToken>100664328</MetadataToken>
              <Name>System.DateTime Humanizer.On/March::get_The18th()</Name>
              <FileRef uid="31" />
              <SequencePoints>
                <SequencePoint vc="0" uspid="550" ordinal="0" offset="0" sl="673" sc="23" el="673" ec="69" bec="0" bev="0" fileid="31" />
              </SequencePoints>
              <BranchPoints />
              <MethodPoint xsi:type="SequencePoint" vc="0" uspid="550" ordinal="0" offset="0" sl="673" sc="23" el="673" ec="69" bec="0" bev="0" fileid="31" />
            </Method>
            <Method visited="false" cyclomaticComplexity="1" nPathComplexity="0" sequenceCoverage="0" branchCoverage="0" crapScore="2" isConstructor="false" isStatic="true" isGetter="true" isSetter="false">
              <Summary numSequencePoints="1" visitedSequencePoints="0" numBranchPoints="1" visitedBranchPoints="0" sequenceCoverage="0" branchCoverage="0" maxCyclomaticComplexity="1" minCyclomaticComplexity="1" maxCrapScore="2" minCrapScore="2" visitedClasses="0" numClasses="0" visitedMethods="0" numMethods="1" />
              <MetadataToken>100664329</MetadataToken>
              <Name>System.DateTime Humanizer.On/March::get_The19th()</Name>
              <FileRef uid="31" />
              <SequencePoints>
                <SequencePoint vc="0" uspid="551" ordinal="0" offset="0" sl="681" sc="23" el="681" ec="69" bec="0" bev="0" fileid="31" />
              </SequencePoints>
              <BranchPoints />
              <MethodPoint xsi:type="SequencePoint" vc="0" uspid="551" ordinal="0" offset="0" sl="681" sc="23" el="681" ec="69" bec="0" bev="0" fileid="31" />
            </Method>
            <Method visited="false" cyclomaticComplexity="1" nPathComplexity="0" sequenceCoverage="0" branchCoverage="0" crapScore="2" isConstructor="false" isStatic="true" isGetter="true" isSetter="false">
              <Summary numSequencePoints="1" visitedSequencePoints="0" numBranchPoints="1" visitedBranchPoints="0" sequenceCoverage="0" branchCoverage="0" maxCyclomaticComplexity="1" minCyclomaticComplexity="1" maxCrapScore="2" minCrapScore="2" visitedClasses="0" numClasses="0" visitedMethods="0" numMethods="1" />
              <MetadataToken>100664330</MetadataToken>
              <Name>System.DateTime Humanizer.On/March::get_The20th()</Name>
              <FileRef uid="31" />
              <SequencePoints>
                <SequencePoint vc="0" uspid="552" ordinal="0" offset="0" sl="689" sc="23" el="689" ec="69" bec="0" bev="0" fileid="31" />
              </SequencePoints>
              <BranchPoints />
              <MethodPoint xsi:type="SequencePoint" vc="0" uspid="552" ordinal="0" offset="0" sl="689" sc="23" el="689" ec="69" bec="0" bev="0" fileid="31" />
            </Method>
            <Method visited="false" cyclomaticComplexity="1" nPathComplexity="0" sequenceCoverage="0" branchCoverage="0" crapScore="2" isConstructor="false" isStatic="true" isGetter="true" isSetter="false">
              <Summary numSequencePoints="1" visitedSequencePoints="0" numBranchPoints="1" visitedBranchPoints="0" sequenceCoverage="0" branchCoverage="0" maxCyclomaticComplexity="1" minCyclomaticComplexity="1" maxCrapScore="2" minCrapScore="2" visitedClasses="0" numClasses="0" visitedMethods="0" numMethods="1" />
              <MetadataToken>100664331</MetadataToken>
              <Name>System.DateTime Humanizer.On/March::get_The21st()</Name>
              <FileRef uid="31" />
              <SequencePoints>
                <SequencePoint vc="0" uspid="553" ordinal="0" offset="0" sl="697" sc="23" el="697" ec="69" bec="0" bev="0" fileid="31" />
              </SequencePoints>
              <BranchPoints />
              <MethodPoint xsi:type="SequencePoint" vc="0" uspid="553" ordinal="0" offset="0" sl="697" sc="23" el="697" ec="69" bec="0" bev="0" fileid="31" />
            </Method>
            <Method visited="false" cyclomaticComplexity="1" nPathComplexity="0" sequenceCoverage="0" branchCoverage="0" crapScore="2" isConstructor="false" isStatic="true" isGetter="true" isSetter="false">
              <Summary numSequencePoints="1" visitedSequencePoints="0" numBranchPoints="1" visitedBranchPoints="0" sequenceCoverage="0" branchCoverage="0" maxCyclomaticComplexity="1" minCyclomaticComplexity="1" maxCrapScore="2" minCrapScore="2" visitedClasses="0" numClasses="0" visitedMethods="0" numMethods="1" />
              <MetadataToken>100664332</MetadataToken>
              <Name>System.DateTime Humanizer.On/March::get_The22nd()</Name>
              <FileRef uid="31" />
              <SequencePoints>
                <SequencePoint vc="0" uspid="554" ordinal="0" offset="0" sl="705" sc="23" el="705" ec="69" bec="0" bev="0" fileid="31" />
              </SequencePoints>
              <BranchPoints />
              <MethodPoint xsi:type="SequencePoint" vc="0" uspid="554" ordinal="0" offset="0" sl="705" sc="23" el="705" ec="69" bec="0" bev="0" fileid="31" />
            </Method>
            <Method visited="false" cyclomaticComplexity="1" nPathComplexity="0" sequenceCoverage="0" branchCoverage="0" crapScore="2" isConstructor="false" isStatic="true" isGetter="true" isSetter="false">
              <Summary numSequencePoints="1" visitedSequencePoints="0" numBranchPoints="1" visitedBranchPoints="0" sequenceCoverage="0" branchCoverage="0" maxCyclomaticComplexity="1" minCyclomaticComplexity="1" maxCrapScore="2" minCrapScore="2" visitedClasses="0" numClasses="0" visitedMethods="0" numMethods="1" />
              <MetadataToken>100664333</MetadataToken>
              <Name>System.DateTime Humanizer.On/March::get_The23rd()</Name>
              <FileRef uid="31" />
              <SequencePoints>
                <SequencePoint vc="0" uspid="555" ordinal="0" offset="0" sl="713" sc="23" el="713" ec="69" bec="0" bev="0" fileid="31" />
              </SequencePoints>
              <BranchPoints />
              <MethodPoint xsi:type="SequencePoint" vc="0" uspid="555" ordinal="0" offset="0" sl="713" sc="23" el="713" ec="69" bec="0" bev="0" fileid="31" />
            </Method>
            <Method visited="false" cyclomaticComplexity="1" nPathComplexity="0" sequenceCoverage="0" branchCoverage="0" crapScore="2" isConstructor="false" isStatic="true" isGetter="true" isSetter="false">
              <Summary numSequencePoints="1" visitedSequencePoints="0" numBranchPoints="1" visitedBranchPoints="0" sequenceCoverage="0" branchCoverage="0" maxCyclomaticComplexity="1" minCyclomaticComplexity="1" maxCrapScore="2" minCrapScore="2" visitedClasses="0" numClasses="0" visitedMethods="0" numMethods="1" />
              <MetadataToken>100664334</MetadataToken>
              <Name>System.DateTime Humanizer.On/March::get_The24th()</Name>
              <FileRef uid="31" />
              <SequencePoints>
                <SequencePoint vc="0" uspid="556" ordinal="0" offset="0" sl="721" sc="23" el="721" ec="69" bec="0" bev="0" fileid="31" />
              </SequencePoints>
              <BranchPoints />
              <MethodPoint xsi:type="SequencePoint" vc="0" uspid="556" ordinal="0" offset="0" sl="721" sc="23" el="721" ec="69" bec="0" bev="0" fileid="31" />
            </Method>
            <Method visited="false" cyclomaticComplexity="1" nPathComplexity="0" sequenceCoverage="0" branchCoverage="0" crapScore="2" isConstructor="false" isStatic="true" isGetter="true" isSetter="false">
              <Summary numSequencePoints="1" visitedSequencePoints="0" numBranchPoints="1" visitedBranchPoints="0" sequenceCoverage="0" branchCoverage="0" maxCyclomaticComplexity="1" minCyclomaticComplexity="1" maxCrapScore="2" minCrapScore="2" visitedClasses="0" numClasses="0" visitedMethods="0" numMethods="1" />
              <MetadataToken>100664335</MetadataToken>
              <Name>System.DateTime Humanizer.On/March::get_The25th()</Name>
              <FileRef uid="31" />
              <SequencePoints>
                <SequencePoint vc="0" uspid="557" ordinal="0" offset="0" sl="729" sc="23" el="729" ec="69" bec="0" bev="0" fileid="31" />
              </SequencePoints>
              <BranchPoints />
              <MethodPoint xsi:type="SequencePoint" vc="0" uspid="557" ordinal="0" offset="0" sl="729" sc="23" el="729" ec="69" bec="0" bev="0" fileid="31" />
            </Method>
            <Method visited="false" cyclomaticComplexity="1" nPathComplexity="0" sequenceCoverage="0" branchCoverage="0" crapScore="2" isConstructor="false" isStatic="true" isGetter="true" isSetter="false">
              <Summary numSequencePoints="1" visitedSequencePoints="0" numBranchPoints="1" visitedBranchPoints="0" sequenceCoverage="0" branchCoverage="0" maxCyclomaticComplexity="1" minCyclomaticComplexity="1" maxCrapScore="2" minCrapScore="2" visitedClasses="0" numClasses="0" visitedMethods="0" numMethods="1" />
              <MetadataToken>100664336</MetadataToken>
              <Name>System.DateTime Humanizer.On/March::get_The26th()</Name>
              <FileRef uid="31" />
              <SequencePoints>
                <SequencePoint vc="0" uspid="558" ordinal="0" offset="0" sl="737" sc="23" el="737" ec="69" bec="0" bev="0" fileid="31" />
              </SequencePoints>
              <BranchPoints />
              <MethodPoint xsi:type="SequencePoint" vc="0" uspid="558" ordinal="0" offset="0" sl="737" sc="23" el="737" ec="69" bec="0" bev="0" fileid="31" />
            </Method>
            <Method visited="false" cyclomaticComplexity="1" nPathComplexity="0" sequenceCoverage="0" branchCoverage="0" crapScore="2" isConstructor="false" isStatic="true" isGetter="true" isSetter="false">
              <Summary numSequencePoints="1" visitedSequencePoints="0" numBranchPoints="1" visitedBranchPoints="0" sequenceCoverage="0" branchCoverage="0" maxCyclomaticComplexity="1" minCyclomaticComplexity="1" maxCrapScore="2" minCrapScore="2" visitedClasses="0" numClasses="0" visitedMethods="0" numMethods="1" />
              <MetadataToken>100664337</MetadataToken>
              <Name>System.DateTime Humanizer.On/March::get_The27th()</Name>
              <FileRef uid="31" />
              <SequencePoints>
                <SequencePoint vc="0" uspid="559" ordinal="0" offset="0" sl="745" sc="23" el="745" ec="69" bec="0" bev="0" fileid="31" />
              </SequencePoints>
              <BranchPoints />
              <MethodPoint xsi:type="SequencePoint" vc="0" uspid="559" ordinal="0" offset="0" sl="745" sc="23" el="745" ec="69" bec="0" bev="0" fileid="31" />
            </Method>
            <Method visited="false" cyclomaticComplexity="1" nPathComplexity="0" sequenceCoverage="0" branchCoverage="0" crapScore="2" isConstructor="false" isStatic="true" isGetter="true" isSetter="false">
              <Summary numSequencePoints="1" visitedSequencePoints="0" numBranchPoints="1" visitedBranchPoints="0" sequenceCoverage="0" branchCoverage="0" maxCyclomaticComplexity="1" minCyclomaticComplexity="1" maxCrapScore="2" minCrapScore="2" visitedClasses="0" numClasses="0" visitedMethods="0" numMethods="1" />
              <MetadataToken>100664338</MetadataToken>
              <Name>System.DateTime Humanizer.On/March::get_The28th()</Name>
              <FileRef uid="31" />
              <SequencePoints>
                <SequencePoint vc="0" uspid="560" ordinal="0" offset="0" sl="753" sc="23" el="753" ec="69" bec="0" bev="0" fileid="31" />
              </SequencePoints>
              <BranchPoints />
              <MethodPoint xsi:type="SequencePoint" vc="0" uspid="560" ordinal="0" offset="0" sl="753" sc="23" el="753" ec="69" bec="0" bev="0" fileid="31" />
            </Method>
            <Method visited="false" cyclomaticComplexity="1" nPathComplexity="0" sequenceCoverage="0" branchCoverage="0" crapScore="2" isConstructor="false" isStatic="true" isGetter="true" isSetter="false">
              <Summary numSequencePoints="1" visitedSequencePoints="0" numBranchPoints="1" visitedBranchPoints="0" sequenceCoverage="0" branchCoverage="0" maxCyclomaticComplexity="1" minCyclomaticComplexity="1" maxCrapScore="2" minCrapScore="2" visitedClasses="0" numClasses="0" visitedMethods="0" numMethods="1" />
              <MetadataToken>100664339</MetadataToken>
              <Name>System.DateTime Humanizer.On/March::get_The29th()</Name>
              <FileRef uid="31" />
              <SequencePoints>
                <SequencePoint vc="0" uspid="561" ordinal="0" offset="0" sl="761" sc="23" el="761" ec="69" bec="0" bev="0" fileid="31" />
              </SequencePoints>
              <BranchPoints />
              <MethodPoint xsi:type="SequencePoint" vc="0" uspid="561" ordinal="0" offset="0" sl="761" sc="23" el="761" ec="69" bec="0" bev="0" fileid="31" />
            </Method>
            <Method visited="false" cyclomaticComplexity="1" nPathComplexity="0" sequenceCoverage="0" branchCoverage="0" crapScore="2" isConstructor="false" isStatic="true" isGetter="true" isSetter="false">
              <Summary numSequencePoints="1" visitedSequencePoints="0" numBranchPoints="1" visitedBranchPoints="0" sequenceCoverage="0" branchCoverage="0" maxCyclomaticComplexity="1" minCyclomaticComplexity="1" maxCrapScore="2" minCrapScore="2" visitedClasses="0" numClasses="0" visitedMethods="0" numMethods="1" />
              <MetadataToken>100664340</MetadataToken>
              <Name>System.DateTime Humanizer.On/March::get_The30th()</Name>
              <FileRef uid="31" />
              <SequencePoints>
                <SequencePoint vc="0" uspid="562" ordinal="0" offset="0" sl="769" sc="23" el="769" ec="69" bec="0" bev="0" fileid="31" />
              </SequencePoints>
              <BranchPoints />
              <MethodPoint xsi:type="SequencePoint" vc="0" uspid="562" ordinal="0" offset="0" sl="769" sc="23" el="769" ec="69" bec="0" bev="0" fileid="31" />
            </Method>
            <Method visited="false" cyclomaticComplexity="1" nPathComplexity="0" sequenceCoverage="0" branchCoverage="0" crapScore="2" isConstructor="false" isStatic="true" isGetter="true" isSetter="false">
              <Summary numSequencePoints="1" visitedSequencePoints="0" numBranchPoints="1" visitedBranchPoints="0" sequenceCoverage="0" branchCoverage="0" maxCyclomaticComplexity="1" minCyclomaticComplexity="1" maxCrapScore="2" minCrapScore="2" visitedClasses="0" numClasses="0" visitedMethods="0" numMethods="1" />
              <MetadataToken>100664341</MetadataToken>
              <Name>System.DateTime Humanizer.On/March::get_The31st()</Name>
              <FileRef uid="31" />
              <SequencePoints>
                <SequencePoint vc="0" uspid="563" ordinal="0" offset="0" sl="777" sc="23" el="777" ec="69" bec="0" bev="0" fileid="31" />
              </SequencePoints>
              <BranchPoints />
              <MethodPoint xsi:type="SequencePoint" vc="0" uspid="563" ordinal="0" offset="0" sl="777" sc="23" el="777" ec="69" bec="0" bev="0" fileid="31" />
            </Method>
            <Method visited="false" cyclomaticComplexity="1" nPathComplexity="0" sequenceCoverage="0" branchCoverage="0" crapScore="2" isConstructor="false" isStatic="true" isGetter="false" isSetter="false">
              <Summary numSequencePoints="1" visitedSequencePoints="0" numBranchPoints="1" visitedBranchPoints="0" sequenceCoverage="0" branchCoverage="0" maxCyclomaticComplexity="1" minCyclomaticComplexity="1" maxCrapScore="2" minCrapScore="2" visitedClasses="0" numClasses="0" visitedMethods="0" numMethods="1" />
              <MetadataToken>100664310</MetadataToken>
              <Name>System.DateTime Humanizer.On/March::The(System.Int32)</Name>
              <FileRef uid="31" />
              <SequencePoints>
                <SequencePoint vc="0" uspid="564" ordinal="0" offset="0" sl="529" sc="17" el="529" ec="70" bec="0" bev="0" fileid="31" />
              </SequencePoints>
              <BranchPoints />
              <MethodPoint xsi:type="SequencePoint" vc="0" uspid="564" ordinal="0" offset="0" sl="529" sc="17" el="529" ec="70" bec="0" bev="0" fileid="31" />
            </Method>
            <Method visited="false" cyclomaticComplexity="1" nPathComplexity="0" sequenceCoverage="0" branchCoverage="0" crapScore="2" isConstructor="true" isStatic="false" isGetter="false" isSetter="false">
              <Summary numSequencePoints="0" visitedSequencePoints="0" numBranchPoints="0" visitedBranchPoints="0" sequenceCoverage="0" branchCoverage="0" maxCyclomaticComplexity="1" minCyclomaticComplexity="1" maxCrapScore="2" minCrapScore="2" visitedClasses="0" numClasses="0" visitedMethods="0" numMethods="0" />
              <MetadataToken>100664342</MetadataToken>
              <Name>System.Void Humanizer.On/March::.ctor()</Name>
              <SequencePoints />
              <BranchPoints />
              <MethodPoint vc="0" uspid="565" ordinal="0" offset="0" />
            </Method>
          </Methods>
        </Class>
        <Class>
          <Summary numSequencePoints="31" visitedSequencePoints="0" numBranchPoints="31" visitedBranchPoints="0" sequenceCoverage="0" branchCoverage="0" maxCyclomaticComplexity="1" minCyclomaticComplexity="1" maxCrapScore="2" minCrapScore="2" visitedClasses="0" numClasses="1" visitedMethods="0" numMethods="31" />
          <FullName>Humanizer.On/April</FullName>
          <Methods>
            <Method visited="false" cyclomaticComplexity="1" nPathComplexity="0" sequenceCoverage="0" branchCoverage="0" crapScore="2" isConstructor="false" isStatic="true" isGetter="true" isSetter="false">
              <Summary numSequencePoints="1" visitedSequencePoints="0" numBranchPoints="1" visitedBranchPoints="0" sequenceCoverage="0" branchCoverage="0" maxCyclomaticComplexity="1" minCyclomaticComplexity="1" maxCrapScore="2" minCrapScore="2" visitedClasses="0" numClasses="0" visitedMethods="0" numMethods="1" />
              <MetadataToken>100664344</MetadataToken>
              <Name>System.DateTime Humanizer.On/April::get_The1st()</Name>
              <FileRef uid="31" />
              <SequencePoints>
                <SequencePoint vc="0" uspid="566" ordinal="0" offset="0" sl="799" sc="23" el="799" ec="68" bec="0" bev="0" fileid="31" />
              </SequencePoints>
              <BranchPoints />
              <MethodPoint xsi:type="SequencePoint" vc="0" uspid="566" ordinal="0" offset="0" sl="799" sc="23" el="799" ec="68" bec="0" bev="0" fileid="31" />
            </Method>
            <Method visited="false" cyclomaticComplexity="1" nPathComplexity="0" sequenceCoverage="0" branchCoverage="0" crapScore="2" isConstructor="false" isStatic="true" isGetter="true" isSetter="false">
              <Summary numSequencePoints="1" visitedSequencePoints="0" numBranchPoints="1" visitedBranchPoints="0" sequenceCoverage="0" branchCoverage="0" maxCyclomaticComplexity="1" minCyclomaticComplexity="1" maxCrapScore="2" minCrapScore="2" visitedClasses="0" numClasses="0" visitedMethods="0" numMethods="1" />
              <MetadataToken>100664345</MetadataToken>
              <Name>System.DateTime Humanizer.On/April::get_The2nd()</Name>
              <FileRef uid="31" />
              <SequencePoints>
                <SequencePoint vc="0" uspid="567" ordinal="0" offset="0" sl="807" sc="23" el="807" ec="68" bec="0" bev="0" fileid="31" />
              </SequencePoints>
              <BranchPoints />
              <MethodPoint xsi:type="SequencePoint" vc="0" uspid="567" ordinal="0" offset="0" sl="807" sc="23" el="807" ec="68" bec="0" bev="0" fileid="31" />
            </Method>
            <Method visited="false" cyclomaticComplexity="1" nPathComplexity="0" sequenceCoverage="0" branchCoverage="0" crapScore="2" isConstructor="false" isStatic="true" isGetter="true" isSetter="false">
              <Summary numSequencePoints="1" visitedSequencePoints="0" numBranchPoints="1" visitedBranchPoints="0" sequenceCoverage="0" branchCoverage="0" maxCyclomaticComplexity="1" minCyclomaticComplexity="1" maxCrapScore="2" minCrapScore="2" visitedClasses="0" numClasses="0" visitedMethods="0" numMethods="1" />
              <MetadataToken>100664346</MetadataToken>
              <Name>System.DateTime Humanizer.On/April::get_The3rd()</Name>
              <FileRef uid="31" />
              <SequencePoints>
                <SequencePoint vc="0" uspid="568" ordinal="0" offset="0" sl="815" sc="23" el="815" ec="68" bec="0" bev="0" fileid="31" />
              </SequencePoints>
              <BranchPoints />
              <MethodPoint xsi:type="SequencePoint" vc="0" uspid="568" ordinal="0" offset="0" sl="815" sc="23" el="815" ec="68" bec="0" bev="0" fileid="31" />
            </Method>
            <Method visited="false" cyclomaticComplexity="1" nPathComplexity="0" sequenceCoverage="0" branchCoverage="0" crapScore="2" isConstructor="false" isStatic="true" isGetter="true" isSetter="false">
              <Summary numSequencePoints="1" visitedSequencePoints="0" numBranchPoints="1" visitedBranchPoints="0" sequenceCoverage="0" branchCoverage="0" maxCyclomaticComplexity="1" minCyclomaticComplexity="1" maxCrapScore="2" minCrapScore="2" visitedClasses="0" numClasses="0" visitedMethods="0" numMethods="1" />
              <MetadataToken>100664347</MetadataToken>
              <Name>System.DateTime Humanizer.On/April::get_The4th()</Name>
              <FileRef uid="31" />
              <SequencePoints>
                <SequencePoint vc="0" uspid="569" ordinal="0" offset="0" sl="823" sc="23" el="823" ec="68" bec="0" bev="0" fileid="31" />
              </SequencePoints>
              <BranchPoints />
              <MethodPoint xsi:type="SequencePoint" vc="0" uspid="569" ordinal="0" offset="0" sl="823" sc="23" el="823" ec="68" bec="0" bev="0" fileid="31" />
            </Method>
            <Method visited="false" cyclomaticComplexity="1" nPathComplexity="0" sequenceCoverage="0" branchCoverage="0" crapScore="2" isConstructor="false" isStatic="true" isGetter="true" isSetter="false">
              <Summary numSequencePoints="1" visitedSequencePoints="0" numBranchPoints="1" visitedBranchPoints="0" sequenceCoverage="0" branchCoverage="0" maxCyclomaticComplexity="1" minCyclomaticComplexity="1" maxCrapScore="2" minCrapScore="2" visitedClasses="0" numClasses="0" visitedMethods="0" numMethods="1" />
              <MetadataToken>100664348</MetadataToken>
              <Name>System.DateTime Humanizer.On/April::get_The5th()</Name>
              <FileRef uid="31" />
              <SequencePoints>
                <SequencePoint vc="0" uspid="570" ordinal="0" offset="0" sl="831" sc="23" el="831" ec="68" bec="0" bev="0" fileid="31" />
              </SequencePoints>
              <BranchPoints />
              <MethodPoint xsi:type="SequencePoint" vc="0" uspid="570" ordinal="0" offset="0" sl="831" sc="23" el="831" ec="68" bec="0" bev="0" fileid="31" />
            </Method>
            <Method visited="false" cyclomaticComplexity="1" nPathComplexity="0" sequenceCoverage="0" branchCoverage="0" crapScore="2" isConstructor="false" isStatic="true" isGetter="true" isSetter="false">
              <Summary numSequencePoints="1" visitedSequencePoints="0" numBranchPoints="1" visitedBranchPoints="0" sequenceCoverage="0" branchCoverage="0" maxCyclomaticComplexity="1" minCyclomaticComplexity="1" maxCrapScore="2" minCrapScore="2" visitedClasses="0" numClasses="0" visitedMethods="0" numMethods="1" />
              <MetadataToken>100664349</MetadataToken>
              <Name>System.DateTime Humanizer.On/April::get_The6th()</Name>
              <FileRef uid="31" />
              <SequencePoints>
                <SequencePoint vc="0" uspid="571" ordinal="0" offset="0" sl="839" sc="23" el="839" ec="68" bec="0" bev="0" fileid="31" />
              </SequencePoints>
              <BranchPoints />
              <MethodPoint xsi:type="SequencePoint" vc="0" uspid="571" ordinal="0" offset="0" sl="839" sc="23" el="839" ec="68" bec="0" bev="0" fileid="31" />
            </Method>
            <Method visited="false" cyclomaticComplexity="1" nPathComplexity="0" sequenceCoverage="0" branchCoverage="0" crapScore="2" isConstructor="false" isStatic="true" isGetter="true" isSetter="false">
              <Summary numSequencePoints="1" visitedSequencePoints="0" numBranchPoints="1" visitedBranchPoints="0" sequenceCoverage="0" branchCoverage="0" maxCyclomaticComplexity="1" minCyclomaticComplexity="1" maxCrapScore="2" minCrapScore="2" visitedClasses="0" numClasses="0" visitedMethods="0" numMethods="1" />
              <MetadataToken>100664350</MetadataToken>
              <Name>System.DateTime Humanizer.On/April::get_The7th()</Name>
              <FileRef uid="31" />
              <SequencePoints>
                <SequencePoint vc="0" uspid="572" ordinal="0" offset="0" sl="847" sc="23" el="847" ec="68" bec="0" bev="0" fileid="31" />
              </SequencePoints>
              <BranchPoints />
              <MethodPoint xsi:type="SequencePoint" vc="0" uspid="572" ordinal="0" offset="0" sl="847" sc="23" el="847" ec="68" bec="0" bev="0" fileid="31" />
            </Method>
            <Method visited="false" cyclomaticComplexity="1" nPathComplexity="0" sequenceCoverage="0" branchCoverage="0" crapScore="2" isConstructor="false" isStatic="true" isGetter="true" isSetter="false">
              <Summary numSequencePoints="1" visitedSequencePoints="0" numBranchPoints="1" visitedBranchPoints="0" sequenceCoverage="0" branchCoverage="0" maxCyclomaticComplexity="1" minCyclomaticComplexity="1" maxCrapScore="2" minCrapScore="2" visitedClasses="0" numClasses="0" visitedMethods="0" numMethods="1" />
              <MetadataToken>100664351</MetadataToken>
              <Name>System.DateTime Humanizer.On/April::get_The8th()</Name>
              <FileRef uid="31" />
              <SequencePoints>
                <SequencePoint vc="0" uspid="573" ordinal="0" offset="0" sl="855" sc="23" el="855" ec="68" bec="0" bev="0" fileid="31" />
              </SequencePoints>
              <BranchPoints />
              <MethodPoint xsi:type="SequencePoint" vc="0" uspid="573" ordinal="0" offset="0" sl="855" sc="23" el="855" ec="68" bec="0" bev="0" fileid="31" />
            </Method>
            <Method visited="false" cyclomaticComplexity="1" nPathComplexity="0" sequenceCoverage="0" branchCoverage="0" crapScore="2" isConstructor="false" isStatic="true" isGetter="true" isSetter="false">
              <Summary numSequencePoints="1" visitedSequencePoints="0" numBranchPoints="1" visitedBranchPoints="0" sequenceCoverage="0" branchCoverage="0" maxCyclomaticComplexity="1" minCyclomaticComplexity="1" maxCrapScore="2" minCrapScore="2" visitedClasses="0" numClasses="0" visitedMethods="0" numMethods="1" />
              <MetadataToken>100664352</MetadataToken>
              <Name>System.DateTime Humanizer.On/April::get_The9th()</Name>
              <FileRef uid="31" />
              <SequencePoints>
                <SequencePoint vc="0" uspid="574" ordinal="0" offset="0" sl="863" sc="23" el="863" ec="68" bec="0" bev="0" fileid="31" />
              </SequencePoints>
              <BranchPoints />
              <MethodPoint xsi:type="SequencePoint" vc="0" uspid="574" ordinal="0" offset="0" sl="863" sc="23" el="863" ec="68" bec="0" bev="0" fileid="31" />
            </Method>
            <Method visited="false" cyclomaticComplexity="1" nPathComplexity="0" sequenceCoverage="0" branchCoverage="0" crapScore="2" isConstructor="false" isStatic="true" isGetter="true" isSetter="false">
              <Summary numSequencePoints="1" visitedSequencePoints="0" numBranchPoints="1" visitedBranchPoints="0" sequenceCoverage="0" branchCoverage="0" maxCyclomaticComplexity="1" minCyclomaticComplexity="1" maxCrapScore="2" minCrapScore="2" visitedClasses="0" numClasses="0" visitedMethods="0" numMethods="1" />
              <MetadataToken>100664353</MetadataToken>
              <Name>System.DateTime Humanizer.On/April::get_The10th()</Name>
              <FileRef uid="31" />
              <SequencePoints>
                <SequencePoint vc="0" uspid="575" ordinal="0" offset="0" sl="871" sc="23" el="871" ec="69" bec="0" bev="0" fileid="31" />
              </SequencePoints>
              <BranchPoints />
              <MethodPoint xsi:type="SequencePoint" vc="0" uspid="575" ordinal="0" offset="0" sl="871" sc="23" el="871" ec="69" bec="0" bev="0" fileid="31" />
            </Method>
            <Method visited="false" cyclomaticComplexity="1" nPathComplexity="0" sequenceCoverage="0" branchCoverage="0" crapScore="2" isConstructor="false" isStatic="true" isGetter="true" isSetter="false">
              <Summary numSequencePoints="1" visitedSequencePoints="0" numBranchPoints="1" visitedBranchPoints="0" sequenceCoverage="0" branchCoverage="0" maxCyclomaticComplexity="1" minCyclomaticComplexity="1" maxCrapScore="2" minCrapScore="2" visitedClasses="0" numClasses="0" visitedMethods="0" numMethods="1" />
              <MetadataToken>100664354</MetadataToken>
              <Name>System.DateTime Humanizer.On/April::get_The11th()</Name>
              <FileRef uid="31" />
              <SequencePoints>
                <SequencePoint vc="0" uspid="576" ordinal="0" offset="0" sl="879" sc="23" el="879" ec="69" bec="0" bev="0" fileid="31" />
              </SequencePoints>
              <BranchPoints />
              <MethodPoint xsi:type="SequencePoint" vc="0" uspid="576" ordinal="0" offset="0" sl="879" sc="23" el="879" ec="69" bec="0" bev="0" fileid="31" />
            </Method>
            <Method visited="false" cyclomaticComplexity="1" nPathComplexity="0" sequenceCoverage="0" branchCoverage="0" crapScore="2" isConstructor="false" isStatic="true" isGetter="true" isSetter="false">
              <Summary numSequencePoints="1" visitedSequencePoints="0" numBranchPoints="1" visitedBranchPoints="0" sequenceCoverage="0" branchCoverage="0" maxCyclomaticComplexity="1" minCyclomaticComplexity="1" maxCrapScore="2" minCrapScore="2" visitedClasses="0" numClasses="0" visitedMethods="0" numMethods="1" />
              <MetadataToken>100664355</MetadataToken>
              <Name>System.DateTime Humanizer.On/April::get_The12th()</Name>
              <FileRef uid="31" />
              <SequencePoints>
                <SequencePoint vc="0" uspid="577" ordinal="0" offset="0" sl="887" sc="23" el="887" ec="69" bec="0" bev="0" fileid="31" />
              </SequencePoints>
              <BranchPoints />
              <MethodPoint xsi:type="SequencePoint" vc="0" uspid="577" ordinal="0" offset="0" sl="887" sc="23" el="887" ec="69" bec="0" bev="0" fileid="31" />
            </Method>
            <Method visited="false" cyclomaticComplexity="1" nPathComplexity="0" sequenceCoverage="0" branchCoverage="0" crapScore="2" isConstructor="false" isStatic="true" isGetter="true" isSetter="false">
              <Summary numSequencePoints="1" visitedSequencePoints="0" numBranchPoints="1" visitedBranchPoints="0" sequenceCoverage="0" branchCoverage="0" maxCyclomaticComplexity="1" minCyclomaticComplexity="1" maxCrapScore="2" minCrapScore="2" visitedClasses="0" numClasses="0" visitedMethods="0" numMethods="1" />
              <MetadataToken>100664356</MetadataToken>
              <Name>System.DateTime Humanizer.On/April::get_The13th()</Name>
              <FileRef uid="31" />
              <SequencePoints>
                <SequencePoint vc="0" uspid="578" ordinal="0" offset="0" sl="895" sc="23" el="895" ec="69" bec="0" bev="0" fileid="31" />
              </SequencePoints>
              <BranchPoints />
              <MethodPoint xsi:type="SequencePoint" vc="0" uspid="578" ordinal="0" offset="0" sl="895" sc="23" el="895" ec="69" bec="0" bev="0" fileid="31" />
            </Method>
            <Method visited="false" cyclomaticComplexity="1" nPathComplexity="0" sequenceCoverage="0" branchCoverage="0" crapScore="2" isConstructor="false" isStatic="true" isGetter="true" isSetter="false">
              <Summary numSequencePoints="1" visitedSequencePoints="0" numBranchPoints="1" visitedBranchPoints="0" sequenceCoverage="0" branchCoverage="0" maxCyclomaticComplexity="1" minCyclomaticComplexity="1" maxCrapScore="2" minCrapScore="2" visitedClasses="0" numClasses="0" visitedMethods="0" numMethods="1" />
              <MetadataToken>100664357</MetadataToken>
              <Name>System.DateTime Humanizer.On/April::get_The14th()</Name>
              <FileRef uid="31" />
              <SequencePoints>
                <SequencePoint vc="0" uspid="579" ordinal="0" offset="0" sl="903" sc="23" el="903" ec="69" bec="0" bev="0" fileid="31" />
              </SequencePoints>
              <BranchPoints />
              <MethodPoint xsi:type="SequencePoint" vc="0" uspid="579" ordinal="0" offset="0" sl="903" sc="23" el="903" ec="69" bec="0" bev="0" fileid="31" />
            </Method>
            <Method visited="false" cyclomaticComplexity="1" nPathComplexity="0" sequenceCoverage="0" branchCoverage="0" crapScore="2" isConstructor="false" isStatic="true" isGetter="true" isSetter="false">
              <Summary numSequencePoints="1" visitedSequencePoints="0" numBranchPoints="1" visitedBranchPoints="0" sequenceCoverage="0" branchCoverage="0" maxCyclomaticComplexity="1" minCyclomaticComplexity="1" maxCrapScore="2" minCrapScore="2" visitedClasses="0" numClasses="0" visitedMethods="0" numMethods="1" />
              <MetadataToken>100664358</MetadataToken>
              <Name>System.DateTime Humanizer.On/April::get_The15th()</Name>
              <FileRef uid="31" />
              <SequencePoints>
                <SequencePoint vc="0" uspid="580" ordinal="0" offset="0" sl="911" sc="23" el="911" ec="69" bec="0" bev="0" fileid="31" />
              </SequencePoints>
              <BranchPoints />
              <MethodPoint xsi:type="SequencePoint" vc="0" uspid="580" ordinal="0" offset="0" sl="911" sc="23" el="911" ec="69" bec="0" bev="0" fileid="31" />
            </Method>
            <Method visited="false" cyclomaticComplexity="1" nPathComplexity="0" sequenceCoverage="0" branchCoverage="0" crapScore="2" isConstructor="false" isStatic="true" isGetter="true" isSetter="false">
              <Summary numSequencePoints="1" visitedSequencePoints="0" numBranchPoints="1" visitedBranchPoints="0" sequenceCoverage="0" branchCoverage="0" maxCyclomaticComplexity="1" minCyclomaticComplexity="1" maxCrapScore="2" minCrapScore="2" visitedClasses="0" numClasses="0" visitedMethods="0" numMethods="1" />
              <MetadataToken>100664359</MetadataToken>
              <Name>System.DateTime Humanizer.On/April::get_The16th()</Name>
              <FileRef uid="31" />
              <SequencePoints>
                <SequencePoint vc="0" uspid="581" ordinal="0" offset="0" sl="919" sc="23" el="919" ec="69" bec="0" bev="0" fileid="31" />
              </SequencePoints>
              <BranchPoints />
              <MethodPoint xsi:type="SequencePoint" vc="0" uspid="581" ordinal="0" offset="0" sl="919" sc="23" el="919" ec="69" bec="0" bev="0" fileid="31" />
            </Method>
            <Method visited="false" cyclomaticComplexity="1" nPathComplexity="0" sequenceCoverage="0" branchCoverage="0" crapScore="2" isConstructor="false" isStatic="true" isGetter="true" isSetter="false">
              <Summary numSequencePoints="1" visitedSequencePoints="0" numBranchPoints="1" visitedBranchPoints="0" sequenceCoverage="0" branchCoverage="0" maxCyclomaticComplexity="1" minCyclomaticComplexity="1" maxCrapScore="2" minCrapScore="2" visitedClasses="0" numClasses="0" visitedMethods="0" numMethods="1" />
              <MetadataToken>100664360</MetadataToken>
              <Name>System.DateTime Humanizer.On/April::get_The17th()</Name>
              <FileRef uid="31" />
              <SequencePoints>
                <SequencePoint vc="0" uspid="582" ordinal="0" offset="0" sl="927" sc="23" el="927" ec="69" bec="0" bev="0" fileid="31" />
              </SequencePoints>
              <BranchPoints />
              <MethodPoint xsi:type="SequencePoint" vc="0" uspid="582" ordinal="0" offset="0" sl="927" sc="23" el="927" ec="69" bec="0" bev="0" fileid="31" />
            </Method>
            <Method visited="false" cyclomaticComplexity="1" nPathComplexity="0" sequenceCoverage="0" branchCoverage="0" crapScore="2" isConstructor="false" isStatic="true" isGetter="true" isSetter="false">
              <Summary numSequencePoints="1" visitedSequencePoints="0" numBranchPoints="1" visitedBranchPoints="0" sequenceCoverage="0" branchCoverage="0" maxCyclomaticComplexity="1" minCyclomaticComplexity="1" maxCrapScore="2" minCrapScore="2" visitedClasses="0" numClasses="0" visitedMethods="0" numMethods="1" />
              <MetadataToken>100664361</MetadataToken>
              <Name>System.DateTime Humanizer.On/April::get_The18th()</Name>
              <FileRef uid="31" />
              <SequencePoints>
                <SequencePoint vc="0" uspid="583" ordinal="0" offset="0" sl="935" sc="23" el="935" ec="69" bec="0" bev="0" fileid="31" />
              </SequencePoints>
              <BranchPoints />
              <MethodPoint xsi:type="SequencePoint" vc="0" uspid="583" ordinal="0" offset="0" sl="935" sc="23" el="935" ec="69" bec="0" bev="0" fileid="31" />
            </Method>
            <Method visited="false" cyclomaticComplexity="1" nPathComplexity="0" sequenceCoverage="0" branchCoverage="0" crapScore="2" isConstructor="false" isStatic="true" isGetter="true" isSetter="false">
              <Summary numSequencePoints="1" visitedSequencePoints="0" numBranchPoints="1" visitedBranchPoints="0" sequenceCoverage="0" branchCoverage="0" maxCyclomaticComplexity="1" minCyclomaticComplexity="1" maxCrapScore="2" minCrapScore="2" visitedClasses="0" numClasses="0" visitedMethods="0" numMethods="1" />
              <MetadataToken>100664362</MetadataToken>
              <Name>System.DateTime Humanizer.On/April::get_The19th()</Name>
              <FileRef uid="31" />
              <SequencePoints>
                <SequencePoint vc="0" uspid="584" ordinal="0" offset="0" sl="943" sc="23" el="943" ec="69" bec="0" bev="0" fileid="31" />
              </SequencePoints>
              <BranchPoints />
              <MethodPoint xsi:type="SequencePoint" vc="0" uspid="584" ordinal="0" offset="0" sl="943" sc="23" el="943" ec="69" bec="0" bev="0" fileid="31" />
            </Method>
            <Method visited="false" cyclomaticComplexity="1" nPathComplexity="0" sequenceCoverage="0" branchCoverage="0" crapScore="2" isConstructor="false" isStatic="true" isGetter="true" isSetter="false">
              <Summary numSequencePoints="1" visitedSequencePoints="0" numBranchPoints="1" visitedBranchPoints="0" sequenceCoverage="0" branchCoverage="0" maxCyclomaticComplexity="1" minCyclomaticComplexity="1" maxCrapScore="2" minCrapScore="2" visitedClasses="0" numClasses="0" visitedMethods="0" numMethods="1" />
              <MetadataToken>100664363</MetadataToken>
              <Name>System.DateTime Humanizer.On/April::get_The20th()</Name>
              <FileRef uid="31" />
              <SequencePoints>
                <SequencePoint vc="0" uspid="585" ordinal="0" offset="0" sl="951" sc="23" el="951" ec="69" bec="0" bev="0" fileid="31" />
              </SequencePoints>
              <BranchPoints />
              <MethodPoint xsi:type="SequencePoint" vc="0" uspid="585" ordinal="0" offset="0" sl="951" sc="23" el="951" ec="69" bec="0" bev="0" fileid="31" />
            </Method>
            <Method visited="false" cyclomaticComplexity="1" nPathComplexity="0" sequenceCoverage="0" branchCoverage="0" crapScore="2" isConstructor="false" isStatic="true" isGetter="true" isSetter="false">
              <Summary numSequencePoints="1" visitedSequencePoints="0" numBranchPoints="1" visitedBranchPoints="0" sequenceCoverage="0" branchCoverage="0" maxCyclomaticComplexity="1" minCyclomaticComplexity="1" maxCrapScore="2" minCrapScore="2" visitedClasses="0" numClasses="0" visitedMethods="0" numMethods="1" />
              <MetadataToken>100664364</MetadataToken>
              <Name>System.DateTime Humanizer.On/April::get_The21st()</Name>
              <FileRef uid="31" />
              <SequencePoints>
                <SequencePoint vc="0" uspid="586" ordinal="0" offset="0" sl="959" sc="23" el="959" ec="69" bec="0" bev="0" fileid="31" />
              </SequencePoints>
              <BranchPoints />
              <MethodPoint xsi:type="SequencePoint" vc="0" uspid="586" ordinal="0" offset="0" sl="959" sc="23" el="959" ec="69" bec="0" bev="0" fileid="31" />
            </Method>
            <Method visited="false" cyclomaticComplexity="1" nPathComplexity="0" sequenceCoverage="0" branchCoverage="0" crapScore="2" isConstructor="false" isStatic="true" isGetter="true" isSetter="false">
              <Summary numSequencePoints="1" visitedSequencePoints="0" numBranchPoints="1" visitedBranchPoints="0" sequenceCoverage="0" branchCoverage="0" maxCyclomaticComplexity="1" minCyclomaticComplexity="1" maxCrapScore="2" minCrapScore="2" visitedClasses="0" numClasses="0" visitedMethods="0" numMethods="1" />
              <MetadataToken>100664365</MetadataToken>
              <Name>System.DateTime Humanizer.On/April::get_The22nd()</Name>
              <FileRef uid="31" />
              <SequencePoints>
                <SequencePoint vc="0" uspid="587" ordinal="0" offset="0" sl="967" sc="23" el="967" ec="69" bec="0" bev="0" fileid="31" />
              </SequencePoints>
              <BranchPoints />
              <MethodPoint xsi:type="SequencePoint" vc="0" uspid="587" ordinal="0" offset="0" sl="967" sc="23" el="967" ec="69" bec="0" bev="0" fileid="31" />
            </Method>
            <Method visited="false" cyclomaticComplexity="1" nPathComplexity="0" sequenceCoverage="0" branchCoverage="0" crapScore="2" isConstructor="false" isStatic="true" isGetter="true" isSetter="false">
              <Summary numSequencePoints="1" visitedSequencePoints="0" numBranchPoints="1" visitedBranchPoints="0" sequenceCoverage="0" branchCoverage="0" maxCyclomaticComplexity="1" minCyclomaticComplexity="1" maxCrapScore="2" minCrapScore="2" visitedClasses="0" numClasses="0" visitedMethods="0" numMethods="1" />
              <MetadataToken>100664366</MetadataToken>
              <Name>System.DateTime Humanizer.On/April::get_The23rd()</Name>
              <FileRef uid="31" />
              <SequencePoints>
                <SequencePoint vc="0" uspid="588" ordinal="0" offset="0" sl="975" sc="23" el="975" ec="69" bec="0" bev="0" fileid="31" />
              </SequencePoints>
              <BranchPoints />
              <MethodPoint xsi:type="SequencePoint" vc="0" uspid="588" ordinal="0" offset="0" sl="975" sc="23" el="975" ec="69" bec="0" bev="0" fileid="31" />
            </Method>
            <Method visited="false" cyclomaticComplexity="1" nPathComplexity="0" sequenceCoverage="0" branchCoverage="0" crapScore="2" isConstructor="false" isStatic="true" isGetter="true" isSetter="false">
              <Summary numSequencePoints="1" visitedSequencePoints="0" numBranchPoints="1" visitedBranchPoints="0" sequenceCoverage="0" branchCoverage="0" maxCyclomaticComplexity="1" minCyclomaticComplexity="1" maxCrapScore="2" minCrapScore="2" visitedClasses="0" numClasses="0" visitedMethods="0" numMethods="1" />
              <MetadataToken>100664367</MetadataToken>
              <Name>System.DateTime Humanizer.On/April::get_The24th()</Name>
              <FileRef uid="31" />
              <SequencePoints>
                <SequencePoint vc="0" uspid="589" ordinal="0" offset="0" sl="983" sc="23" el="983" ec="69" bec="0" bev="0" fileid="31" />
              </SequencePoints>
              <BranchPoints />
              <MethodPoint xsi:type="SequencePoint" vc="0" uspid="589" ordinal="0" offset="0" sl="983" sc="23" el="983" ec="69" bec="0" bev="0" fileid="31" />
            </Method>
            <Method visited="false" cyclomaticComplexity="1" nPathComplexity="0" sequenceCoverage="0" branchCoverage="0" crapScore="2" isConstructor="false" isStatic="true" isGetter="true" isSetter="false">
              <Summary numSequencePoints="1" visitedSequencePoints="0" numBranchPoints="1" visitedBranchPoints="0" sequenceCoverage="0" branchCoverage="0" maxCyclomaticComplexity="1" minCyclomaticComplexity="1" maxCrapScore="2" minCrapScore="2" visitedClasses="0" numClasses="0" visitedMethods="0" numMethods="1" />
              <MetadataToken>100664368</MetadataToken>
              <Name>System.DateTime Humanizer.On/April::get_The25th()</Name>
              <FileRef uid="31" />
              <SequencePoints>
                <SequencePoint vc="0" uspid="590" ordinal="0" offset="0" sl="991" sc="23" el="991" ec="69" bec="0" bev="0" fileid="31" />
              </SequencePoints>
              <BranchPoints />
              <MethodPoint xsi:type="SequencePoint" vc="0" uspid="590" ordinal="0" offset="0" sl="991" sc="23" el="991" ec="69" bec="0" bev="0" fileid="31" />
            </Method>
            <Method visited="false" cyclomaticComplexity="1" nPathComplexity="0" sequenceCoverage="0" branchCoverage="0" crapScore="2" isConstructor="false" isStatic="true" isGetter="true" isSetter="false">
              <Summary numSequencePoints="1" visitedSequencePoints="0" numBranchPoints="1" visitedBranchPoints="0" sequenceCoverage="0" branchCoverage="0" maxCyclomaticComplexity="1" minCyclomaticComplexity="1" maxCrapScore="2" minCrapScore="2" visitedClasses="0" numClasses="0" visitedMethods="0" numMethods="1" />
              <MetadataToken>100664369</MetadataToken>
              <Name>System.DateTime Humanizer.On/April::get_The26th()</Name>
              <FileRef uid="31" />
              <SequencePoints>
                <SequencePoint vc="0" uspid="591" ordinal="0" offset="0" sl="999" sc="23" el="999" ec="69" bec="0" bev="0" fileid="31" />
              </SequencePoints>
              <BranchPoints />
              <MethodPoint xsi:type="SequencePoint" vc="0" uspid="591" ordinal="0" offset="0" sl="999" sc="23" el="999" ec="69" bec="0" bev="0" fileid="31" />
            </Method>
            <Method visited="false" cyclomaticComplexity="1" nPathComplexity="0" sequenceCoverage="0" branchCoverage="0" crapScore="2" isConstructor="false" isStatic="true" isGetter="true" isSetter="false">
              <Summary numSequencePoints="1" visitedSequencePoints="0" numBranchPoints="1" visitedBranchPoints="0" sequenceCoverage="0" branchCoverage="0" maxCyclomaticComplexity="1" minCyclomaticComplexity="1" maxCrapScore="2" minCrapScore="2" visitedClasses="0" numClasses="0" visitedMethods="0" numMethods="1" />
              <MetadataToken>100664370</MetadataToken>
              <Name>System.DateTime Humanizer.On/April::get_The27th()</Name>
              <FileRef uid="31" />
              <SequencePoints>
                <SequencePoint vc="0" uspid="592" ordinal="0" offset="0" sl="1007" sc="23" el="1007" ec="69" bec="0" bev="0" fileid="31" />
              </SequencePoints>
              <BranchPoints />
              <MethodPoint xsi:type="SequencePoint" vc="0" uspid="592" ordinal="0" offset="0" sl="1007" sc="23" el="1007" ec="69" bec="0" bev="0" fileid="31" />
            </Method>
            <Method visited="false" cyclomaticComplexity="1" nPathComplexity="0" sequenceCoverage="0" branchCoverage="0" crapScore="2" isConstructor="false" isStatic="true" isGetter="true" isSetter="false">
              <Summary numSequencePoints="1" visitedSequencePoints="0" numBranchPoints="1" visitedBranchPoints="0" sequenceCoverage="0" branchCoverage="0" maxCyclomaticComplexity="1" minCyclomaticComplexity="1" maxCrapScore="2" minCrapScore="2" visitedClasses="0" numClasses="0" visitedMethods="0" numMethods="1" />
              <MetadataToken>100664371</MetadataToken>
              <Name>System.DateTime Humanizer.On/April::get_The28th()</Name>
              <FileRef uid="31" />
              <SequencePoints>
                <SequencePoint vc="0" uspid="593" ordinal="0" offset="0" sl="1015" sc="23" el="1015" ec="69" bec="0" bev="0" fileid="31" />
              </SequencePoints>
              <BranchPoints />
              <MethodPoint xsi:type="SequencePoint" vc="0" uspid="593" ordinal="0" offset="0" sl="1015" sc="23" el="1015" ec="69" bec="0" bev="0" fileid="31" />
            </Method>
            <Method visited="false" cyclomaticComplexity="1" nPathComplexity="0" sequenceCoverage="0" branchCoverage="0" crapScore="2" isConstructor="false" isStatic="true" isGetter="true" isSetter="false">
              <Summary numSequencePoints="1" visitedSequencePoints="0" numBranchPoints="1" visitedBranchPoints="0" sequenceCoverage="0" branchCoverage="0" maxCyclomaticComplexity="1" minCyclomaticComplexity="1" maxCrapScore="2" minCrapScore="2" visitedClasses="0" numClasses="0" visitedMethods="0" numMethods="1" />
              <MetadataToken>100664372</MetadataToken>
              <Name>System.DateTime Humanizer.On/April::get_The29th()</Name>
              <FileRef uid="31" />
              <SequencePoints>
                <SequencePoint vc="0" uspid="594" ordinal="0" offset="0" sl="1023" sc="23" el="1023" ec="69" bec="0" bev="0" fileid="31" />
              </SequencePoints>
              <BranchPoints />
              <MethodPoint xsi:type="SequencePoint" vc="0" uspid="594" ordinal="0" offset="0" sl="1023" sc="23" el="1023" ec="69" bec="0" bev="0" fileid="31" />
            </Method>
            <Method visited="false" cyclomaticComplexity="1" nPathComplexity="0" sequenceCoverage="0" branchCoverage="0" crapScore="2" isConstructor="false" isStatic="true" isGetter="true" isSetter="false">
              <Summary numSequencePoints="1" visitedSequencePoints="0" numBranchPoints="1" visitedBranchPoints="0" sequenceCoverage="0" branchCoverage="0" maxCyclomaticComplexity="1" minCyclomaticComplexity="1" maxCrapScore="2" minCrapScore="2" visitedClasses="0" numClasses="0" visitedMethods="0" numMethods="1" />
              <MetadataToken>100664373</MetadataToken>
              <Name>System.DateTime Humanizer.On/April::get_The30th()</Name>
              <FileRef uid="31" />
              <SequencePoints>
                <SequencePoint vc="0" uspid="595" ordinal="0" offset="0" sl="1031" sc="23" el="1031" ec="69" bec="0" bev="0" fileid="31" />
              </SequencePoints>
              <BranchPoints />
              <MethodPoint xsi:type="SequencePoint" vc="0" uspid="595" ordinal="0" offset="0" sl="1031" sc="23" el="1031" ec="69" bec="0" bev="0" fileid="31" />
            </Method>
            <Method visited="false" cyclomaticComplexity="1" nPathComplexity="0" sequenceCoverage="0" branchCoverage="0" crapScore="2" isConstructor="false" isStatic="true" isGetter="false" isSetter="false">
              <Summary numSequencePoints="1" visitedSequencePoints="0" numBranchPoints="1" visitedBranchPoints="0" sequenceCoverage="0" branchCoverage="0" maxCyclomaticComplexity="1" minCyclomaticComplexity="1" maxCrapScore="2" minCrapScore="2" visitedClasses="0" numClasses="0" visitedMethods="0" numMethods="1" />
              <MetadataToken>100664343</MetadataToken>
              <Name>System.DateTime Humanizer.On/April::The(System.Int32)</Name>
              <FileRef uid="31" />
              <SequencePoints>
                <SequencePoint vc="0" uspid="596" ordinal="0" offset="0" sl="791" sc="17" el="791" ec="70" bec="0" bev="0" fileid="31" />
              </SequencePoints>
              <BranchPoints />
              <MethodPoint xsi:type="SequencePoint" vc="0" uspid="596" ordinal="0" offset="0" sl="791" sc="17" el="791" ec="70" bec="0" bev="0" fileid="31" />
            </Method>
            <Method visited="false" cyclomaticComplexity="1" nPathComplexity="0" sequenceCoverage="0" branchCoverage="0" crapScore="2" isConstructor="true" isStatic="false" isGetter="false" isSetter="false">
              <Summary numSequencePoints="0" visitedSequencePoints="0" numBranchPoints="0" visitedBranchPoints="0" sequenceCoverage="0" branchCoverage="0" maxCyclomaticComplexity="1" minCyclomaticComplexity="1" maxCrapScore="2" minCrapScore="2" visitedClasses="0" numClasses="0" visitedMethods="0" numMethods="0" />
              <MetadataToken>100664374</MetadataToken>
              <Name>System.Void Humanizer.On/April::.ctor()</Name>
              <SequencePoints />
              <BranchPoints />
              <MethodPoint vc="0" uspid="597" ordinal="0" offset="0" />
            </Method>
          </Methods>
        </Class>
        <Class>
          <Summary numSequencePoints="32" visitedSequencePoints="0" numBranchPoints="32" visitedBranchPoints="0" sequenceCoverage="0" branchCoverage="0" maxCyclomaticComplexity="1" minCyclomaticComplexity="1" maxCrapScore="2" minCrapScore="2" visitedClasses="0" numClasses="1" visitedMethods="0" numMethods="32" />
          <FullName>Humanizer.On/May</FullName>
          <Methods>
            <Method visited="false" cyclomaticComplexity="1" nPathComplexity="0" sequenceCoverage="0" branchCoverage="0" crapScore="2" isConstructor="false" isStatic="true" isGetter="true" isSetter="false">
              <Summary numSequencePoints="1" visitedSequencePoints="0" numBranchPoints="1" visitedBranchPoints="0" sequenceCoverage="0" branchCoverage="0" maxCyclomaticComplexity="1" minCyclomaticComplexity="1" maxCrapScore="2" minCrapScore="2" visitedClasses="0" numClasses="0" visitedMethods="0" numMethods="1" />
              <MetadataToken>100664376</MetadataToken>
              <Name>System.DateTime Humanizer.On/May::get_The1st()</Name>
              <FileRef uid="31" />
              <SequencePoints>
                <SequencePoint vc="0" uspid="598" ordinal="0" offset="0" sl="1053" sc="23" el="1053" ec="68" bec="0" bev="0" fileid="31" />
              </SequencePoints>
              <BranchPoints />
              <MethodPoint xsi:type="SequencePoint" vc="0" uspid="598" ordinal="0" offset="0" sl="1053" sc="23" el="1053" ec="68" bec="0" bev="0" fileid="31" />
            </Method>
            <Method visited="false" cyclomaticComplexity="1" nPathComplexity="0" sequenceCoverage="0" branchCoverage="0" crapScore="2" isConstructor="false" isStatic="true" isGetter="true" isSetter="false">
              <Summary numSequencePoints="1" visitedSequencePoints="0" numBranchPoints="1" visitedBranchPoints="0" sequenceCoverage="0" branchCoverage="0" maxCyclomaticComplexity="1" minCyclomaticComplexity="1" maxCrapScore="2" minCrapScore="2" visitedClasses="0" numClasses="0" visitedMethods="0" numMethods="1" />
              <MetadataToken>100664377</MetadataToken>
              <Name>System.DateTime Humanizer.On/May::get_The2nd()</Name>
              <FileRef uid="31" />
              <SequencePoints>
                <SequencePoint vc="0" uspid="599" ordinal="0" offset="0" sl="1061" sc="23" el="1061" ec="68" bec="0" bev="0" fileid="31" />
              </SequencePoints>
              <BranchPoints />
              <MethodPoint xsi:type="SequencePoint" vc="0" uspid="599" ordinal="0" offset="0" sl="1061" sc="23" el="1061" ec="68" bec="0" bev="0" fileid="31" />
            </Method>
            <Method visited="false" cyclomaticComplexity="1" nPathComplexity="0" sequenceCoverage="0" branchCoverage="0" crapScore="2" isConstructor="false" isStatic="true" isGetter="true" isSetter="false">
              <Summary numSequencePoints="1" visitedSequencePoints="0" numBranchPoints="1" visitedBranchPoints="0" sequenceCoverage="0" branchCoverage="0" maxCyclomaticComplexity="1" minCyclomaticComplexity="1" maxCrapScore="2" minCrapScore="2" visitedClasses="0" numClasses="0" visitedMethods="0" numMethods="1" />
              <MetadataToken>100664378</MetadataToken>
              <Name>System.DateTime Humanizer.On/May::get_The3rd()</Name>
              <FileRef uid="31" />
              <SequencePoints>
                <SequencePoint vc="0" uspid="600" ordinal="0" offset="0" sl="1069" sc="23" el="1069" ec="68" bec="0" bev="0" fileid="31" />
              </SequencePoints>
              <BranchPoints />
              <MethodPoint xsi:type="SequencePoint" vc="0" uspid="600" ordinal="0" offset="0" sl="1069" sc="23" el="1069" ec="68" bec="0" bev="0" fileid="31" />
            </Method>
            <Method visited="false" cyclomaticComplexity="1" nPathComplexity="0" sequenceCoverage="0" branchCoverage="0" crapScore="2" isConstructor="false" isStatic="true" isGetter="true" isSetter="false">
              <Summary numSequencePoints="1" visitedSequencePoints="0" numBranchPoints="1" visitedBranchPoints="0" sequenceCoverage="0" branchCoverage="0" maxCyclomaticComplexity="1" minCyclomaticComplexity="1" maxCrapScore="2" minCrapScore="2" visitedClasses="0" numClasses="0" visitedMethods="0" numMethods="1" />
              <MetadataToken>100664379</MetadataToken>
              <Name>System.DateTime Humanizer.On/May::get_The4th()</Name>
              <FileRef uid="31" />
              <SequencePoints>
                <SequencePoint vc="0" uspid="601" ordinal="0" offset="0" sl="1077" sc="23" el="1077" ec="68" bec="0" bev="0" fileid="31" />
              </SequencePoints>
              <BranchPoints />
              <MethodPoint xsi:type="SequencePoint" vc="0" uspid="601" ordinal="0" offset="0" sl="1077" sc="23" el="1077" ec="68" bec="0" bev="0" fileid="31" />
            </Method>
            <Method visited="false" cyclomaticComplexity="1" nPathComplexity="0" sequenceCoverage="0" branchCoverage="0" crapScore="2" isConstructor="false" isStatic="true" isGetter="true" isSetter="false">
              <Summary numSequencePoints="1" visitedSequencePoints="0" numBranchPoints="1" visitedBranchPoints="0" sequenceCoverage="0" branchCoverage="0" maxCyclomaticComplexity="1" minCyclomaticComplexity="1" maxCrapScore="2" minCrapScore="2" visitedClasses="0" numClasses="0" visitedMethods="0" numMethods="1" />
              <MetadataToken>100664380</MetadataToken>
              <Name>System.DateTime Humanizer.On/May::get_The5th()</Name>
              <FileRef uid="31" />
              <SequencePoints>
                <SequencePoint vc="0" uspid="602" ordinal="0" offset="0" sl="1085" sc="23" el="1085" ec="68" bec="0" bev="0" fileid="31" />
              </SequencePoints>
              <BranchPoints />
              <MethodPoint xsi:type="SequencePoint" vc="0" uspid="602" ordinal="0" offset="0" sl="1085" sc="23" el="1085" ec="68" bec="0" bev="0" fileid="31" />
            </Method>
            <Method visited="false" cyclomaticComplexity="1" nPathComplexity="0" sequenceCoverage="0" branchCoverage="0" crapScore="2" isConstructor="false" isStatic="true" isGetter="true" isSetter="false">
              <Summary numSequencePoints="1" visitedSequencePoints="0" numBranchPoints="1" visitedBranchPoints="0" sequenceCoverage="0" branchCoverage="0" maxCyclomaticComplexity="1" minCyclomaticComplexity="1" maxCrapScore="2" minCrapScore="2" visitedClasses="0" numClasses="0" visitedMethods="0" numMethods="1" />
              <MetadataToken>100664381</MetadataToken>
              <Name>System.DateTime Humanizer.On/May::get_The6th()</Name>
              <FileRef uid="31" />
              <SequencePoints>
                <SequencePoint vc="0" uspid="603" ordinal="0" offset="0" sl="1093" sc="23" el="1093" ec="68" bec="0" bev="0" fileid="31" />
              </SequencePoints>
              <BranchPoints />
              <MethodPoint xsi:type="SequencePoint" vc="0" uspid="603" ordinal="0" offset="0" sl="1093" sc="23" el="1093" ec="68" bec="0" bev="0" fileid="31" />
            </Method>
            <Method visited="false" cyclomaticComplexity="1" nPathComplexity="0" sequenceCoverage="0" branchCoverage="0" crapScore="2" isConstructor="false" isStatic="true" isGetter="true" isSetter="false">
              <Summary numSequencePoints="1" visitedSequencePoints="0" numBranchPoints="1" visitedBranchPoints="0" sequenceCoverage="0" branchCoverage="0" maxCyclomaticComplexity="1" minCyclomaticComplexity="1" maxCrapScore="2" minCrapScore="2" visitedClasses="0" numClasses="0" visitedMethods="0" numMethods="1" />
              <MetadataToken>100664382</MetadataToken>
              <Name>System.DateTime Humanizer.On/May::get_The7th()</Name>
              <FileRef uid="31" />
              <SequencePoints>
                <SequencePoint vc="0" uspid="604" ordinal="0" offset="0" sl="1101" sc="23" el="1101" ec="68" bec="0" bev="0" fileid="31" />
              </SequencePoints>
              <BranchPoints />
              <MethodPoint xsi:type="SequencePoint" vc="0" uspid="604" ordinal="0" offset="0" sl="1101" sc="23" el="1101" ec="68" bec="0" bev="0" fileid="31" />
            </Method>
            <Method visited="false" cyclomaticComplexity="1" nPathComplexity="0" sequenceCoverage="0" branchCoverage="0" crapScore="2" isConstructor="false" isStatic="true" isGetter="true" isSetter="false">
              <Summary numSequencePoints="1" visitedSequencePoints="0" numBranchPoints="1" visitedBranchPoints="0" sequenceCoverage="0" branchCoverage="0" maxCyclomaticComplexity="1" minCyclomaticComplexity="1" maxCrapScore="2" minCrapScore="2" visitedClasses="0" numClasses="0" visitedMethods="0" numMethods="1" />
              <MetadataToken>100664383</MetadataToken>
              <Name>System.DateTime Humanizer.On/May::get_The8th()</Name>
              <FileRef uid="31" />
              <SequencePoints>
                <SequencePoint vc="0" uspid="605" ordinal="0" offset="0" sl="1109" sc="23" el="1109" ec="68" bec="0" bev="0" fileid="31" />
              </SequencePoints>
              <BranchPoints />
              <MethodPoint xsi:type="SequencePoint" vc="0" uspid="605" ordinal="0" offset="0" sl="1109" sc="23" el="1109" ec="68" bec="0" bev="0" fileid="31" />
            </Method>
            <Method visited="false" cyclomaticComplexity="1" nPathComplexity="0" sequenceCoverage="0" branchCoverage="0" crapScore="2" isConstructor="false" isStatic="true" isGetter="true" isSetter="false">
              <Summary numSequencePoints="1" visitedSequencePoints="0" numBranchPoints="1" visitedBranchPoints="0" sequenceCoverage="0" branchCoverage="0" maxCyclomaticComplexity="1" minCyclomaticComplexity="1" maxCrapScore="2" minCrapScore="2" visitedClasses="0" numClasses="0" visitedMethods="0" numMethods="1" />
              <MetadataToken>100664384</MetadataToken>
              <Name>System.DateTime Humanizer.On/May::get_The9th()</Name>
              <FileRef uid="31" />
              <SequencePoints>
                <SequencePoint vc="0" uspid="606" ordinal="0" offset="0" sl="1117" sc="23" el="1117" ec="68" bec="0" bev="0" fileid="31" />
              </SequencePoints>
              <BranchPoints />
              <MethodPoint xsi:type="SequencePoint" vc="0" uspid="606" ordinal="0" offset="0" sl="1117" sc="23" el="1117" ec="68" bec="0" bev="0" fileid="31" />
            </Method>
            <Method visited="false" cyclomaticComplexity="1" nPathComplexity="0" sequenceCoverage="0" branchCoverage="0" crapScore="2" isConstructor="false" isStatic="true" isGetter="true" isSetter="false">
              <Summary numSequencePoints="1" visitedSequencePoints="0" numBranchPoints="1" visitedBranchPoints="0" sequenceCoverage="0" branchCoverage="0" maxCyclomaticComplexity="1" minCyclomaticComplexity="1" maxCrapScore="2" minCrapScore="2" visitedClasses="0" numClasses="0" visitedMethods="0" numMethods="1" />
              <MetadataToken>100664385</MetadataToken>
              <Name>System.DateTime Humanizer.On/May::get_The10th()</Name>
              <FileRef uid="31" />
              <SequencePoints>
                <SequencePoint vc="0" uspid="607" ordinal="0" offset="0" sl="1125" sc="23" el="1125" ec="69" bec="0" bev="0" fileid="31" />
              </SequencePoints>
              <BranchPoints />
              <MethodPoint xsi:type="SequencePoint" vc="0" uspid="607" ordinal="0" offset="0" sl="1125" sc="23" el="1125" ec="69" bec="0" bev="0" fileid="31" />
            </Method>
            <Method visited="false" cyclomaticComplexity="1" nPathComplexity="0" sequenceCoverage="0" branchCoverage="0" crapScore="2" isConstructor="false" isStatic="true" isGetter="true" isSetter="false">
              <Summary numSequencePoints="1" visitedSequencePoints="0" numBranchPoints="1" visitedBranchPoints="0" sequenceCoverage="0" branchCoverage="0" maxCyclomaticComplexity="1" minCyclomaticComplexity="1" maxCrapScore="2" minCrapScore="2" visitedClasses="0" numClasses="0" visitedMethods="0" numMethods="1" />
              <MetadataToken>100664386</MetadataToken>
              <Name>System.DateTime Humanizer.On/May::get_The11th()</Name>
              <FileRef uid="31" />
              <SequencePoints>
                <SequencePoint vc="0" uspid="608" ordinal="0" offset="0" sl="1133" sc="23" el="1133" ec="69" bec="0" bev="0" fileid="31" />
              </SequencePoints>
              <BranchPoints />
              <MethodPoint xsi:type="SequencePoint" vc="0" uspid="608" ordinal="0" offset="0" sl="1133" sc="23" el="1133" ec="69" bec="0" bev="0" fileid="31" />
            </Method>
            <Method visited="false" cyclomaticComplexity="1" nPathComplexity="0" sequenceCoverage="0" branchCoverage="0" crapScore="2" isConstructor="false" isStatic="true" isGetter="true" isSetter="false">
              <Summary numSequencePoints="1" visitedSequencePoints="0" numBranchPoints="1" visitedBranchPoints="0" sequenceCoverage="0" branchCoverage="0" maxCyclomaticComplexity="1" minCyclomaticComplexity="1" maxCrapScore="2" minCrapScore="2" visitedClasses="0" numClasses="0" visitedMethods="0" numMethods="1" />
              <MetadataToken>100664387</MetadataToken>
              <Name>System.DateTime Humanizer.On/May::get_The12th()</Name>
              <FileRef uid="31" />
              <SequencePoints>
                <SequencePoint vc="0" uspid="609" ordinal="0" offset="0" sl="1141" sc="23" el="1141" ec="69" bec="0" bev="0" fileid="31" />
              </SequencePoints>
              <BranchPoints />
              <MethodPoint xsi:type="SequencePoint" vc="0" uspid="609" ordinal="0" offset="0" sl="1141" sc="23" el="1141" ec="69" bec="0" bev="0" fileid="31" />
            </Method>
            <Method visited="false" cyclomaticComplexity="1" nPathComplexity="0" sequenceCoverage="0" branchCoverage="0" crapScore="2" isConstructor="false" isStatic="true" isGetter="true" isSetter="false">
              <Summary numSequencePoints="1" visitedSequencePoints="0" numBranchPoints="1" visitedBranchPoints="0" sequenceCoverage="0" branchCoverage="0" maxCyclomaticComplexity="1" minCyclomaticComplexity="1" maxCrapScore="2" minCrapScore="2" visitedClasses="0" numClasses="0" visitedMethods="0" numMethods="1" />
              <MetadataToken>100664388</MetadataToken>
              <Name>System.DateTime Humanizer.On/May::get_The13th()</Name>
              <FileRef uid="31" />
              <SequencePoints>
                <SequencePoint vc="0" uspid="610" ordinal="0" offset="0" sl="1149" sc="23" el="1149" ec="69" bec="0" bev="0" fileid="31" />
              </SequencePoints>
              <BranchPoints />
              <MethodPoint xsi:type="SequencePoint" vc="0" uspid="610" ordinal="0" offset="0" sl="1149" sc="23" el="1149" ec="69" bec="0" bev="0" fileid="31" />
            </Method>
            <Method visited="false" cyclomaticComplexity="1" nPathComplexity="0" sequenceCoverage="0" branchCoverage="0" crapScore="2" isConstructor="false" isStatic="true" isGetter="true" isSetter="false">
              <Summary numSequencePoints="1" visitedSequencePoints="0" numBranchPoints="1" visitedBranchPoints="0" sequenceCoverage="0" branchCoverage="0" maxCyclomaticComplexity="1" minCyclomaticComplexity="1" maxCrapScore="2" minCrapScore="2" visitedClasses="0" numClasses="0" visitedMethods="0" numMethods="1" />
              <MetadataToken>100664389</MetadataToken>
              <Name>System.DateTime Humanizer.On/May::get_The14th()</Name>
              <FileRef uid="31" />
              <SequencePoints>
                <SequencePoint vc="0" uspid="611" ordinal="0" offset="0" sl="1157" sc="23" el="1157" ec="69" bec="0" bev="0" fileid="31" />
              </SequencePoints>
              <BranchPoints />
              <MethodPoint xsi:type="SequencePoint" vc="0" uspid="611" ordinal="0" offset="0" sl="1157" sc="23" el="1157" ec="69" bec="0" bev="0" fileid="31" />
            </Method>
            <Method visited="false" cyclomaticComplexity="1" nPathComplexity="0" sequenceCoverage="0" branchCoverage="0" crapScore="2" isConstructor="false" isStatic="true" isGetter="true" isSetter="false">
              <Summary numSequencePoints="1" visitedSequencePoints="0" numBranchPoints="1" visitedBranchPoints="0" sequenceCoverage="0" branchCoverage="0" maxCyclomaticComplexity="1" minCyclomaticComplexity="1" maxCrapScore="2" minCrapScore="2" visitedClasses="0" numClasses="0" visitedMethods="0" numMethods="1" />
              <MetadataToken>100664390</MetadataToken>
              <Name>System.DateTime Humanizer.On/May::get_The15th()</Name>
              <FileRef uid="31" />
              <SequencePoints>
                <SequencePoint vc="0" uspid="612" ordinal="0" offset="0" sl="1165" sc="23" el="1165" ec="69" bec="0" bev="0" fileid="31" />
              </SequencePoints>
              <BranchPoints />
              <MethodPoint xsi:type="SequencePoint" vc="0" uspid="612" ordinal="0" offset="0" sl="1165" sc="23" el="1165" ec="69" bec="0" bev="0" fileid="31" />
            </Method>
            <Method visited="false" cyclomaticComplexity="1" nPathComplexity="0" sequenceCoverage="0" branchCoverage="0" crapScore="2" isConstructor="false" isStatic="true" isGetter="true" isSetter="false">
              <Summary numSequencePoints="1" visitedSequencePoints="0" numBranchPoints="1" visitedBranchPoints="0" sequenceCoverage="0" branchCoverage="0" maxCyclomaticComplexity="1" minCyclomaticComplexity="1" maxCrapScore="2" minCrapScore="2" visitedClasses="0" numClasses="0" visitedMethods="0" numMethods="1" />
              <MetadataToken>100664391</MetadataToken>
              <Name>System.DateTime Humanizer.On/May::get_The16th()</Name>
              <FileRef uid="31" />
              <SequencePoints>
                <SequencePoint vc="0" uspid="613" ordinal="0" offset="0" sl="1173" sc="23" el="1173" ec="69" bec="0" bev="0" fileid="31" />
              </SequencePoints>
              <BranchPoints />
              <MethodPoint xsi:type="SequencePoint" vc="0" uspid="613" ordinal="0" offset="0" sl="1173" sc="23" el="1173" ec="69" bec="0" bev="0" fileid="31" />
            </Method>
            <Method visited="false" cyclomaticComplexity="1" nPathComplexity="0" sequenceCoverage="0" branchCoverage="0" crapScore="2" isConstructor="false" isStatic="true" isGetter="true" isSetter="false">
              <Summary numSequencePoints="1" visitedSequencePoints="0" numBranchPoints="1" visitedBranchPoints="0" sequenceCoverage="0" branchCoverage="0" maxCyclomaticComplexity="1" minCyclomaticComplexity="1" maxCrapScore="2" minCrapScore="2" visitedClasses="0" numClasses="0" visitedMethods="0" numMethods="1" />
              <MetadataToken>100664392</MetadataToken>
              <Name>System.DateTime Humanizer.On/May::get_The17th()</Name>
              <FileRef uid="31" />
              <SequencePoints>
                <SequencePoint vc="0" uspid="614" ordinal="0" offset="0" sl="1181" sc="23" el="1181" ec="69" bec="0" bev="0" fileid="31" />
              </SequencePoints>
              <BranchPoints />
              <MethodPoint xsi:type="SequencePoint" vc="0" uspid="614" ordinal="0" offset="0" sl="1181" sc="23" el="1181" ec="69" bec="0" bev="0" fileid="31" />
            </Method>
            <Method visited="false" cyclomaticComplexity="1" nPathComplexity="0" sequenceCoverage="0" branchCoverage="0" crapScore="2" isConstructor="false" isStatic="true" isGetter="true" isSetter="false">
              <Summary numSequencePoints="1" visitedSequencePoints="0" numBranchPoints="1" visitedBranchPoints="0" sequenceCoverage="0" branchCoverage="0" maxCyclomaticComplexity="1" minCyclomaticComplexity="1" maxCrapScore="2" minCrapScore="2" visitedClasses="0" numClasses="0" visitedMethods="0" numMethods="1" />
              <MetadataToken>100664393</MetadataToken>
              <Name>System.DateTime Humanizer.On/May::get_The18th()</Name>
              <FileRef uid="31" />
              <SequencePoints>
                <SequencePoint vc="0" uspid="615" ordinal="0" offset="0" sl="1189" sc="23" el="1189" ec="69" bec="0" bev="0" fileid="31" />
              </SequencePoints>
              <BranchPoints />
              <MethodPoint xsi:type="SequencePoint" vc="0" uspid="615" ordinal="0" offset="0" sl="1189" sc="23" el="1189" ec="69" bec="0" bev="0" fileid="31" />
            </Method>
            <Method visited="false" cyclomaticComplexity="1" nPathComplexity="0" sequenceCoverage="0" branchCoverage="0" crapScore="2" isConstructor="false" isStatic="true" isGetter="true" isSetter="false">
              <Summary numSequencePoints="1" visitedSequencePoints="0" numBranchPoints="1" visitedBranchPoints="0" sequenceCoverage="0" branchCoverage="0" maxCyclomaticComplexity="1" minCyclomaticComplexity="1" maxCrapScore="2" minCrapScore="2" visitedClasses="0" numClasses="0" visitedMethods="0" numMethods="1" />
              <MetadataToken>100664394</MetadataToken>
              <Name>System.DateTime Humanizer.On/May::get_The19th()</Name>
              <FileRef uid="31" />
              <SequencePoints>
                <SequencePoint vc="0" uspid="616" ordinal="0" offset="0" sl="1197" sc="23" el="1197" ec="69" bec="0" bev="0" fileid="31" />
              </SequencePoints>
              <BranchPoints />
              <MethodPoint xsi:type="SequencePoint" vc="0" uspid="616" ordinal="0" offset="0" sl="1197" sc="23" el="1197" ec="69" bec="0" bev="0" fileid="31" />
            </Method>
            <Method visited="false" cyclomaticComplexity="1" nPathComplexity="0" sequenceCoverage="0" branchCoverage="0" crapScore="2" isConstructor="false" isStatic="true" isGetter="true" isSetter="false">
              <Summary numSequencePoints="1" visitedSequencePoints="0" numBranchPoints="1" visitedBranchPoints="0" sequenceCoverage="0" branchCoverage="0" maxCyclomaticComplexity="1" minCyclomaticComplexity="1" maxCrapScore="2" minCrapScore="2" visitedClasses="0" numClasses="0" visitedMethods="0" numMethods="1" />
              <MetadataToken>100664395</MetadataToken>
              <Name>System.DateTime Humanizer.On/May::get_The20th()</Name>
              <FileRef uid="31" />
              <SequencePoints>
                <SequencePoint vc="0" uspid="617" ordinal="0" offset="0" sl="1205" sc="23" el="1205" ec="69" bec="0" bev="0" fileid="31" />
              </SequencePoints>
              <BranchPoints />
              <MethodPoint xsi:type="SequencePoint" vc="0" uspid="617" ordinal="0" offset="0" sl="1205" sc="23" el="1205" ec="69" bec="0" bev="0" fileid="31" />
            </Method>
            <Method visited="false" cyclomaticComplexity="1" nPathComplexity="0" sequenceCoverage="0" branchCoverage="0" crapScore="2" isConstructor="false" isStatic="true" isGetter="true" isSetter="false">
              <Summary numSequencePoints="1" visitedSequencePoints="0" numBranchPoints="1" visitedBranchPoints="0" sequenceCoverage="0" branchCoverage="0" maxCyclomaticComplexity="1" minCyclomaticComplexity="1" maxCrapScore="2" minCrapScore="2" visitedClasses="0" numClasses="0" visitedMethods="0" numMethods="1" />
              <MetadataToken>100664396</MetadataToken>
              <Name>System.DateTime Humanizer.On/May::get_The21st()</Name>
              <FileRef uid="31" />
              <SequencePoints>
                <SequencePoint vc="0" uspid="618" ordinal="0" offset="0" sl="1213" sc="23" el="1213" ec="69" bec="0" bev="0" fileid="31" />
              </SequencePoints>
              <BranchPoints />
              <MethodPoint xsi:type="SequencePoint" vc="0" uspid="618" ordinal="0" offset="0" sl="1213" sc="23" el="1213" ec="69" bec="0" bev="0" fileid="31" />
            </Method>
            <Method visited="false" cyclomaticComplexity="1" nPathComplexity="0" sequenceCoverage="0" branchCoverage="0" crapScore="2" isConstructor="false" isStatic="true" isGetter="true" isSetter="false">
              <Summary numSequencePoints="1" visitedSequencePoints="0" numBranchPoints="1" visitedBranchPoints="0" sequenceCoverage="0" branchCoverage="0" maxCyclomaticComplexity="1" minCyclomaticComplexity="1" maxCrapScore="2" minCrapScore="2" visitedClasses="0" numClasses="0" visitedMethods="0" numMethods="1" />
              <MetadataToken>100664397</MetadataToken>
              <Name>System.DateTime Humanizer.On/May::get_The22nd()</Name>
              <FileRef uid="31" />
              <SequencePoints>
                <SequencePoint vc="0" uspid="619" ordinal="0" offset="0" sl="1221" sc="23" el="1221" ec="69" bec="0" bev="0" fileid="31" />
              </SequencePoints>
              <BranchPoints />
              <MethodPoint xsi:type="SequencePoint" vc="0" uspid="619" ordinal="0" offset="0" sl="1221" sc="23" el="1221" ec="69" bec="0" bev="0" fileid="31" />
            </Method>
            <Method visited="false" cyclomaticComplexity="1" nPathComplexity="0" sequenceCoverage="0" branchCoverage="0" crapScore="2" isConstructor="false" isStatic="true" isGetter="true" isSetter="false">
              <Summary numSequencePoints="1" visitedSequencePoints="0" numBranchPoints="1" visitedBranchPoints="0" sequenceCoverage="0" branchCoverage="0" maxCyclomaticComplexity="1" minCyclomaticComplexity="1" maxCrapScore="2" minCrapScore="2" visitedClasses="0" numClasses="0" visitedMethods="0" numMethods="1" />
              <MetadataToken>100664398</MetadataToken>
              <Name>System.DateTime Humanizer.On/May::get_The23rd()</Name>
              <FileRef uid="31" />
              <SequencePoints>
                <SequencePoint vc="0" uspid="620" ordinal="0" offset="0" sl="1229" sc="23" el="1229" ec="69" bec="0" bev="0" fileid="31" />
              </SequencePoints>
              <BranchPoints />
              <MethodPoint xsi:type="SequencePoint" vc="0" uspid="620" ordinal="0" offset="0" sl="1229" sc="23" el="1229" ec="69" bec="0" bev="0" fileid="31" />
            </Method>
            <Method visited="false" cyclomaticComplexity="1" nPathComplexity="0" sequenceCoverage="0" branchCoverage="0" crapScore="2" isConstructor="false" isStatic="true" isGetter="true" isSetter="false">
              <Summary numSequencePoints="1" visitedSequencePoints="0" numBranchPoints="1" visitedBranchPoints="0" sequenceCoverage="0" branchCoverage="0" maxCyclomaticComplexity="1" minCyclomaticComplexity="1" maxCrapScore="2" minCrapScore="2" visitedClasses="0" numClasses="0" visitedMethods="0" numMethods="1" />
              <MetadataToken>100664399</MetadataToken>
              <Name>System.DateTime Humanizer.On/May::get_The24th()</Name>
              <FileRef uid="31" />
              <SequencePoints>
                <SequencePoint vc="0" uspid="621" ordinal="0" offset="0" sl="1237" sc="23" el="1237" ec="69" bec="0" bev="0" fileid="31" />
              </SequencePoints>
              <BranchPoints />
              <MethodPoint xsi:type="SequencePoint" vc="0" uspid="621" ordinal="0" offset="0" sl="1237" sc="23" el="1237" ec="69" bec="0" bev="0" fileid="31" />
            </Method>
            <Method visited="false" cyclomaticComplexity="1" nPathComplexity="0" sequenceCoverage="0" branchCoverage="0" crapScore="2" isConstructor="false" isStatic="true" isGetter="true" isSetter="false">
              <Summary numSequencePoints="1" visitedSequencePoints="0" numBranchPoints="1" visitedBranchPoints="0" sequenceCoverage="0" branchCoverage="0" maxCyclomaticComplexity="1" minCyclomaticComplexity="1" maxCrapScore="2" minCrapScore="2" visitedClasses="0" numClasses="0" visitedMethods="0" numMethods="1" />
              <MetadataToken>100664400</MetadataToken>
              <Name>System.DateTime Humanizer.On/May::get_The25th()</Name>
              <FileRef uid="31" />
              <SequencePoints>
                <SequencePoint vc="0" uspid="622" ordinal="0" offset="0" sl="1245" sc="23" el="1245" ec="69" bec="0" bev="0" fileid="31" />
              </SequencePoints>
              <BranchPoints />
              <MethodPoint xsi:type="SequencePoint" vc="0" uspid="622" ordinal="0" offset="0" sl="1245" sc="23" el="1245" ec="69" bec="0" bev="0" fileid="31" />
            </Method>
            <Method visited="false" cyclomaticComplexity="1" nPathComplexity="0" sequenceCoverage="0" branchCoverage="0" crapScore="2" isConstructor="false" isStatic="true" isGetter="true" isSetter="false">
              <Summary numSequencePoints="1" visitedSequencePoints="0" numBranchPoints="1" visitedBranchPoints="0" sequenceCoverage="0" branchCoverage="0" maxCyclomaticComplexity="1" minCyclomaticComplexity="1" maxCrapScore="2" minCrapScore="2" visitedClasses="0" numClasses="0" visitedMethods="0" numMethods="1" />
              <MetadataToken>100664401</MetadataToken>
              <Name>System.DateTime Humanizer.On/May::get_The26th()</Name>
              <FileRef uid="31" />
              <SequencePoints>
                <SequencePoint vc="0" uspid="623" ordinal="0" offset="0" sl="1253" sc="23" el="1253" ec="69" bec="0" bev="0" fileid="31" />
              </SequencePoints>
              <BranchPoints />
              <MethodPoint xsi:type="SequencePoint" vc="0" uspid="623" ordinal="0" offset="0" sl="1253" sc="23" el="1253" ec="69" bec="0" bev="0" fileid="31" />
            </Method>
            <Method visited="false" cyclomaticComplexity="1" nPathComplexity="0" sequenceCoverage="0" branchCoverage="0" crapScore="2" isConstructor="false" isStatic="true" isGetter="true" isSetter="false">
              <Summary numSequencePoints="1" visitedSequencePoints="0" numBranchPoints="1" visitedBranchPoints="0" sequenceCoverage="0" branchCoverage="0" maxCyclomaticComplexity="1" minCyclomaticComplexity="1" maxCrapScore="2" minCrapScore="2" visitedClasses="0" numClasses="0" visitedMethods="0" numMethods="1" />
              <MetadataToken>100664402</MetadataToken>
              <Name>System.DateTime Humanizer.On/May::get_The27th()</Name>
              <FileRef uid="31" />
              <SequencePoints>
                <SequencePoint vc="0" uspid="624" ordinal="0" offset="0" sl="1261" sc="23" el="1261" ec="69" bec="0" bev="0" fileid="31" />
              </SequencePoints>
              <BranchPoints />
              <MethodPoint xsi:type="SequencePoint" vc="0" uspid="624" ordinal="0" offset="0" sl="1261" sc="23" el="1261" ec="69" bec="0" bev="0" fileid="31" />
            </Method>
            <Method visited="false" cyclomaticComplexity="1" nPathComplexity="0" sequenceCoverage="0" branchCoverage="0" crapScore="2" isConstructor="false" isStatic="true" isGetter="true" isSetter="false">
              <Summary numSequencePoints="1" visitedSequencePoints="0" numBranchPoints="1" visitedBranchPoints="0" sequenceCoverage="0" branchCoverage="0" maxCyclomaticComplexity="1" minCyclomaticComplexity="1" maxCrapScore="2" minCrapScore="2" visitedClasses="0" numClasses="0" visitedMethods="0" numMethods="1" />
              <MetadataToken>100664403</MetadataToken>
              <Name>System.DateTime Humanizer.On/May::get_The28th()</Name>
              <FileRef uid="31" />
              <SequencePoints>
                <SequencePoint vc="0" uspid="625" ordinal="0" offset="0" sl="1269" sc="23" el="1269" ec="69" bec="0" bev="0" fileid="31" />
              </SequencePoints>
              <BranchPoints />
              <MethodPoint xsi:type="SequencePoint" vc="0" uspid="625" ordinal="0" offset="0" sl="1269" sc="23" el="1269" ec="69" bec="0" bev="0" fileid="31" />
            </Method>
            <Method visited="false" cyclomaticComplexity="1" nPathComplexity="0" sequenceCoverage="0" branchCoverage="0" crapScore="2" isConstructor="false" isStatic="true" isGetter="true" isSetter="false">
              <Summary numSequencePoints="1" visitedSequencePoints="0" numBranchPoints="1" visitedBranchPoints="0" sequenceCoverage="0" branchCoverage="0" maxCyclomaticComplexity="1" minCyclomaticComplexity="1" maxCrapScore="2" minCrapScore="2" visitedClasses="0" numClasses="0" visitedMethods="0" numMethods="1" />
              <MetadataToken>100664404</MetadataToken>
              <Name>System.DateTime Humanizer.On/May::get_The29th()</Name>
              <FileRef uid="31" />
              <SequencePoints>
                <SequencePoint vc="0" uspid="626" ordinal="0" offset="0" sl="1277" sc="23" el="1277" ec="69" bec="0" bev="0" fileid="31" />
              </SequencePoints>
              <BranchPoints />
              <MethodPoint xsi:type="SequencePoint" vc="0" uspid="626" ordinal="0" offset="0" sl="1277" sc="23" el="1277" ec="69" bec="0" bev="0" fileid="31" />
            </Method>
            <Method visited="false" cyclomaticComplexity="1" nPathComplexity="0" sequenceCoverage="0" branchCoverage="0" crapScore="2" isConstructor="false" isStatic="true" isGetter="true" isSetter="false">
              <Summary numSequencePoints="1" visitedSequencePoints="0" numBranchPoints="1" visitedBranchPoints="0" sequenceCoverage="0" branchCoverage="0" maxCyclomaticComplexity="1" minCyclomaticComplexity="1" maxCrapScore="2" minCrapScore="2" visitedClasses="0" numClasses="0" visitedMethods="0" numMethods="1" />
              <MetadataToken>100664405</MetadataToken>
              <Name>System.DateTime Humanizer.On/May::get_The30th()</Name>
              <FileRef uid="31" />
              <SequencePoints>
                <SequencePoint vc="0" uspid="627" ordinal="0" offset="0" sl="1285" sc="23" el="1285" ec="69" bec="0" bev="0" fileid="31" />
              </SequencePoints>
              <BranchPoints />
              <MethodPoint xsi:type="SequencePoint" vc="0" uspid="627" ordinal="0" offset="0" sl="1285" sc="23" el="1285" ec="69" bec="0" bev="0" fileid="31" />
            </Method>
            <Method visited="false" cyclomaticComplexity="1" nPathComplexity="0" sequenceCoverage="0" branchCoverage="0" crapScore="2" isConstructor="false" isStatic="true" isGetter="true" isSetter="false">
              <Summary numSequencePoints="1" visitedSequencePoints="0" numBranchPoints="1" visitedBranchPoints="0" sequenceCoverage="0" branchCoverage="0" maxCyclomaticComplexity="1" minCyclomaticComplexity="1" maxCrapScore="2" minCrapScore="2" visitedClasses="0" numClasses="0" visitedMethods="0" numMethods="1" />
              <MetadataToken>100664406</MetadataToken>
              <Name>System.DateTime Humanizer.On/May::get_The31st()</Name>
              <FileRef uid="31" />
              <SequencePoints>
                <SequencePoint vc="0" uspid="628" ordinal="0" offset="0" sl="1293" sc="23" el="1293" ec="69" bec="0" bev="0" fileid="31" />
              </SequencePoints>
              <BranchPoints />
              <MethodPoint xsi:type="SequencePoint" vc="0" uspid="628" ordinal="0" offset="0" sl="1293" sc="23" el="1293" ec="69" bec="0" bev="0" fileid="31" />
            </Method>
            <Method visited="false" cyclomaticComplexity="1" nPathComplexity="0" sequenceCoverage="0" branchCoverage="0" crapScore="2" isConstructor="false" isStatic="true" isGetter="false" isSetter="false">
              <Summary numSequencePoints="1" visitedSequencePoints="0" numBranchPoints="1" visitedBranchPoints="0" sequenceCoverage="0" branchCoverage="0" maxCyclomaticComplexity="1" minCyclomaticComplexity="1" maxCrapScore="2" minCrapScore="2" visitedClasses="0" numClasses="0" visitedMethods="0" numMethods="1" />
              <MetadataToken>100664375</MetadataToken>
              <Name>System.DateTime Humanizer.On/May::The(System.Int32)</Name>
              <FileRef uid="31" />
              <SequencePoints>
                <SequencePoint vc="0" uspid="629" ordinal="0" offset="0" sl="1045" sc="17" el="1045" ec="70" bec="0" bev="0" fileid="31" />
              </SequencePoints>
              <BranchPoints />
              <MethodPoint xsi:type="SequencePoint" vc="0" uspid="629" ordinal="0" offset="0" sl="1045" sc="17" el="1045" ec="70" bec="0" bev="0" fileid="31" />
            </Method>
            <Method visited="false" cyclomaticComplexity="1" nPathComplexity="0" sequenceCoverage="0" branchCoverage="0" crapScore="2" isConstructor="true" isStatic="false" isGetter="false" isSetter="false">
              <Summary numSequencePoints="0" visitedSequencePoints="0" numBranchPoints="0" visitedBranchPoints="0" sequenceCoverage="0" branchCoverage="0" maxCyclomaticComplexity="1" minCyclomaticComplexity="1" maxCrapScore="2" minCrapScore="2" visitedClasses="0" numClasses="0" visitedMethods="0" numMethods="0" />
              <MetadataToken>100664407</MetadataToken>
              <Name>System.Void Humanizer.On/May::.ctor()</Name>
              <SequencePoints />
              <BranchPoints />
              <MethodPoint vc="0" uspid="630" ordinal="0" offset="0" />
            </Method>
          </Methods>
        </Class>
        <Class>
          <Summary numSequencePoints="31" visitedSequencePoints="0" numBranchPoints="31" visitedBranchPoints="0" sequenceCoverage="0" branchCoverage="0" maxCyclomaticComplexity="1" minCyclomaticComplexity="1" maxCrapScore="2" minCrapScore="2" visitedClasses="0" numClasses="1" visitedMethods="0" numMethods="31" />
          <FullName>Humanizer.On/June</FullName>
          <Methods>
            <Method visited="false" cyclomaticComplexity="1" nPathComplexity="0" sequenceCoverage="0" branchCoverage="0" crapScore="2" isConstructor="false" isStatic="true" isGetter="true" isSetter="false">
              <Summary numSequencePoints="1" visitedSequencePoints="0" numBranchPoints="1" visitedBranchPoints="0" sequenceCoverage="0" branchCoverage="0" maxCyclomaticComplexity="1" minCyclomaticComplexity="1" maxCrapScore="2" minCrapScore="2" visitedClasses="0" numClasses="0" visitedMethods="0" numMethods="1" />
              <MetadataToken>100664409</MetadataToken>
              <Name>System.DateTime Humanizer.On/June::get_The1st()</Name>
              <FileRef uid="31" />
              <SequencePoints>
                <SequencePoint vc="0" uspid="631" ordinal="0" offset="0" sl="1315" sc="23" el="1315" ec="68" bec="0" bev="0" fileid="31" />
              </SequencePoints>
              <BranchPoints />
              <MethodPoint xsi:type="SequencePoint" vc="0" uspid="631" ordinal="0" offset="0" sl="1315" sc="23" el="1315" ec="68" bec="0" bev="0" fileid="31" />
            </Method>
            <Method visited="false" cyclomaticComplexity="1" nPathComplexity="0" sequenceCoverage="0" branchCoverage="0" crapScore="2" isConstructor="false" isStatic="true" isGetter="true" isSetter="false">
              <Summary numSequencePoints="1" visitedSequencePoints="0" numBranchPoints="1" visitedBranchPoints="0" sequenceCoverage="0" branchCoverage="0" maxCyclomaticComplexity="1" minCyclomaticComplexity="1" maxCrapScore="2" minCrapScore="2" visitedClasses="0" numClasses="0" visitedMethods="0" numMethods="1" />
              <MetadataToken>100664410</MetadataToken>
              <Name>System.DateTime Humanizer.On/June::get_The2nd()</Name>
              <FileRef uid="31" />
              <SequencePoints>
                <SequencePoint vc="0" uspid="632" ordinal="0" offset="0" sl="1323" sc="23" el="1323" ec="68" bec="0" bev="0" fileid="31" />
              </SequencePoints>
              <BranchPoints />
              <MethodPoint xsi:type="SequencePoint" vc="0" uspid="632" ordinal="0" offset="0" sl="1323" sc="23" el="1323" ec="68" bec="0" bev="0" fileid="31" />
            </Method>
            <Method visited="false" cyclomaticComplexity="1" nPathComplexity="0" sequenceCoverage="0" branchCoverage="0" crapScore="2" isConstructor="false" isStatic="true" isGetter="true" isSetter="false">
              <Summary numSequencePoints="1" visitedSequencePoints="0" numBranchPoints="1" visitedBranchPoints="0" sequenceCoverage="0" branchCoverage="0" maxCyclomaticComplexity="1" minCyclomaticComplexity="1" maxCrapScore="2" minCrapScore="2" visitedClasses="0" numClasses="0" visitedMethods="0" numMethods="1" />
              <MetadataToken>100664411</MetadataToken>
              <Name>System.DateTime Humanizer.On/June::get_The3rd()</Name>
              <FileRef uid="31" />
              <SequencePoints>
                <SequencePoint vc="0" uspid="633" ordinal="0" offset="0" sl="1331" sc="23" el="1331" ec="68" bec="0" bev="0" fileid="31" />
              </SequencePoints>
              <BranchPoints />
              <MethodPoint xsi:type="SequencePoint" vc="0" uspid="633" ordinal="0" offset="0" sl="1331" sc="23" el="1331" ec="68" bec="0" bev="0" fileid="31" />
            </Method>
            <Method visited="false" cyclomaticComplexity="1" nPathComplexity="0" sequenceCoverage="0" branchCoverage="0" crapScore="2" isConstructor="false" isStatic="true" isGetter="true" isSetter="false">
              <Summary numSequencePoints="1" visitedSequencePoints="0" numBranchPoints="1" visitedBranchPoints="0" sequenceCoverage="0" branchCoverage="0" maxCyclomaticComplexity="1" minCyclomaticComplexity="1" maxCrapScore="2" minCrapScore="2" visitedClasses="0" numClasses="0" visitedMethods="0" numMethods="1" />
              <MetadataToken>100664412</MetadataToken>
              <Name>System.DateTime Humanizer.On/June::get_The4th()</Name>
              <FileRef uid="31" />
              <SequencePoints>
                <SequencePoint vc="0" uspid="634" ordinal="0" offset="0" sl="1339" sc="23" el="1339" ec="68" bec="0" bev="0" fileid="31" />
              </SequencePoints>
              <BranchPoints />
              <MethodPoint xsi:type="SequencePoint" vc="0" uspid="634" ordinal="0" offset="0" sl="1339" sc="23" el="1339" ec="68" bec="0" bev="0" fileid="31" />
            </Method>
            <Method visited="false" cyclomaticComplexity="1" nPathComplexity="0" sequenceCoverage="0" branchCoverage="0" crapScore="2" isConstructor="false" isStatic="true" isGetter="true" isSetter="false">
              <Summary numSequencePoints="1" visitedSequencePoints="0" numBranchPoints="1" visitedBranchPoints="0" sequenceCoverage="0" branchCoverage="0" maxCyclomaticComplexity="1" minCyclomaticComplexity="1" maxCrapScore="2" minCrapScore="2" visitedClasses="0" numClasses="0" visitedMethods="0" numMethods="1" />
              <MetadataToken>100664413</MetadataToken>
              <Name>System.DateTime Humanizer.On/June::get_The5th()</Name>
              <FileRef uid="31" />
              <SequencePoints>
                <SequencePoint vc="0" uspid="635" ordinal="0" offset="0" sl="1347" sc="23" el="1347" ec="68" bec="0" bev="0" fileid="31" />
              </SequencePoints>
              <BranchPoints />
              <MethodPoint xsi:type="SequencePoint" vc="0" uspid="635" ordinal="0" offset="0" sl="1347" sc="23" el="1347" ec="68" bec="0" bev="0" fileid="31" />
            </Method>
            <Method visited="false" cyclomaticComplexity="1" nPathComplexity="0" sequenceCoverage="0" branchCoverage="0" crapScore="2" isConstructor="false" isStatic="true" isGetter="true" isSetter="false">
              <Summary numSequencePoints="1" visitedSequencePoints="0" numBranchPoints="1" visitedBranchPoints="0" sequenceCoverage="0" branchCoverage="0" maxCyclomaticComplexity="1" minCyclomaticComplexity="1" maxCrapScore="2" minCrapScore="2" visitedClasses="0" numClasses="0" visitedMethods="0" numMethods="1" />
              <MetadataToken>100664414</MetadataToken>
              <Name>System.DateTime Humanizer.On/June::get_The6th()</Name>
              <FileRef uid="31" />
              <SequencePoints>
                <SequencePoint vc="0" uspid="636" ordinal="0" offset="0" sl="1355" sc="23" el="1355" ec="68" bec="0" bev="0" fileid="31" />
              </SequencePoints>
              <BranchPoints />
              <MethodPoint xsi:type="SequencePoint" vc="0" uspid="636" ordinal="0" offset="0" sl="1355" sc="23" el="1355" ec="68" bec="0" bev="0" fileid="31" />
            </Method>
            <Method visited="false" cyclomaticComplexity="1" nPathComplexity="0" sequenceCoverage="0" branchCoverage="0" crapScore="2" isConstructor="false" isStatic="true" isGetter="true" isSetter="false">
              <Summary numSequencePoints="1" visitedSequencePoints="0" numBranchPoints="1" visitedBranchPoints="0" sequenceCoverage="0" branchCoverage="0" maxCyclomaticComplexity="1" minCyclomaticComplexity="1" maxCrapScore="2" minCrapScore="2" visitedClasses="0" numClasses="0" visitedMethods="0" numMethods="1" />
              <MetadataToken>100664415</MetadataToken>
              <Name>System.DateTime Humanizer.On/June::get_The7th()</Name>
              <FileRef uid="31" />
              <SequencePoints>
                <SequencePoint vc="0" uspid="637" ordinal="0" offset="0" sl="1363" sc="23" el="1363" ec="68" bec="0" bev="0" fileid="31" />
              </SequencePoints>
              <BranchPoints />
              <MethodPoint xsi:type="SequencePoint" vc="0" uspid="637" ordinal="0" offset="0" sl="1363" sc="23" el="1363" ec="68" bec="0" bev="0" fileid="31" />
            </Method>
            <Method visited="false" cyclomaticComplexity="1" nPathComplexity="0" sequenceCoverage="0" branchCoverage="0" crapScore="2" isConstructor="false" isStatic="true" isGetter="true" isSetter="false">
              <Summary numSequencePoints="1" visitedSequencePoints="0" numBranchPoints="1" visitedBranchPoints="0" sequenceCoverage="0" branchCoverage="0" maxCyclomaticComplexity="1" minCyclomaticComplexity="1" maxCrapScore="2" minCrapScore="2" visitedClasses="0" numClasses="0" visitedMethods="0" numMethods="1" />
              <MetadataToken>100664416</MetadataToken>
              <Name>System.DateTime Humanizer.On/June::get_The8th()</Name>
              <FileRef uid="31" />
              <SequencePoints>
                <SequencePoint vc="0" uspid="638" ordinal="0" offset="0" sl="1371" sc="23" el="1371" ec="68" bec="0" bev="0" fileid="31" />
              </SequencePoints>
              <BranchPoints />
              <MethodPoint xsi:type="SequencePoint" vc="0" uspid="638" ordinal="0" offset="0" sl="1371" sc="23" el="1371" ec="68" bec="0" bev="0" fileid="31" />
            </Method>
            <Method visited="false" cyclomaticComplexity="1" nPathComplexity="0" sequenceCoverage="0" branchCoverage="0" crapScore="2" isConstructor="false" isStatic="true" isGetter="true" isSetter="false">
              <Summary numSequencePoints="1" visitedSequencePoints="0" numBranchPoints="1" visitedBranchPoints="0" sequenceCoverage="0" branchCoverage="0" maxCyclomaticComplexity="1" minCyclomaticComplexity="1" maxCrapScore="2" minCrapScore="2" visitedClasses="0" numClasses="0" visitedMethods="0" numMethods="1" />
              <MetadataToken>100664417</MetadataToken>
              <Name>System.DateTime Humanizer.On/June::get_The9th()</Name>
              <FileRef uid="31" />
              <SequencePoints>
                <SequencePoint vc="0" uspid="639" ordinal="0" offset="0" sl="1379" sc="23" el="1379" ec="68" bec="0" bev="0" fileid="31" />
              </SequencePoints>
              <BranchPoints />
              <MethodPoint xsi:type="SequencePoint" vc="0" uspid="639" ordinal="0" offset="0" sl="1379" sc="23" el="1379" ec="68" bec="0" bev="0" fileid="31" />
            </Method>
            <Method visited="false" cyclomaticComplexity="1" nPathComplexity="0" sequenceCoverage="0" branchCoverage="0" crapScore="2" isConstructor="false" isStatic="true" isGetter="true" isSetter="false">
              <Summary numSequencePoints="1" visitedSequencePoints="0" numBranchPoints="1" visitedBranchPoints="0" sequenceCoverage="0" branchCoverage="0" maxCyclomaticComplexity="1" minCyclomaticComplexity="1" maxCrapScore="2" minCrapScore="2" visitedClasses="0" numClasses="0" visitedMethods="0" numMethods="1" />
              <MetadataToken>100664418</MetadataToken>
              <Name>System.DateTime Humanizer.On/June::get_The10th()</Name>
              <FileRef uid="31" />
              <SequencePoints>
                <SequencePoint vc="0" uspid="640" ordinal="0" offset="0" sl="1387" sc="23" el="1387" ec="69" bec="0" bev="0" fileid="31" />
              </SequencePoints>
              <BranchPoints />
              <MethodPoint xsi:type="SequencePoint" vc="0" uspid="640" ordinal="0" offset="0" sl="1387" sc="23" el="1387" ec="69" bec="0" bev="0" fileid="31" />
            </Method>
            <Method visited="false" cyclomaticComplexity="1" nPathComplexity="0" sequenceCoverage="0" branchCoverage="0" crapScore="2" isConstructor="false" isStatic="true" isGetter="true" isSetter="false">
              <Summary numSequencePoints="1" visitedSequencePoints="0" numBranchPoints="1" visitedBranchPoints="0" sequenceCoverage="0" branchCoverage="0" maxCyclomaticComplexity="1" minCyclomaticComplexity="1" maxCrapScore="2" minCrapScore="2" visitedClasses="0" numClasses="0" visitedMethods="0" numMethods="1" />
              <MetadataToken>100664419</MetadataToken>
              <Name>System.DateTime Humanizer.On/June::get_The11th()</Name>
              <FileRef uid="31" />
              <SequencePoints>
                <SequencePoint vc="0" uspid="641" ordinal="0" offset="0" sl="1395" sc="23" el="1395" ec="69" bec="0" bev="0" fileid="31" />
              </SequencePoints>
              <BranchPoints />
              <MethodPoint xsi:type="SequencePoint" vc="0" uspid="641" ordinal="0" offset="0" sl="1395" sc="23" el="1395" ec="69" bec="0" bev="0" fileid="31" />
            </Method>
            <Method visited="false" cyclomaticComplexity="1" nPathComplexity="0" sequenceCoverage="0" branchCoverage="0" crapScore="2" isConstructor="false" isStatic="true" isGetter="true" isSetter="false">
              <Summary numSequencePoints="1" visitedSequencePoints="0" numBranchPoints="1" visitedBranchPoints="0" sequenceCoverage="0" branchCoverage="0" maxCyclomaticComplexity="1" minCyclomaticComplexity="1" maxCrapScore="2" minCrapScore="2" visitedClasses="0" numClasses="0" visitedMethods="0" numMethods="1" />
              <MetadataToken>100664420</MetadataToken>
              <Name>System.DateTime Humanizer.On/June::get_The12th()</Name>
              <FileRef uid="31" />
              <SequencePoints>
                <SequencePoint vc="0" uspid="642" ordinal="0" offset="0" sl="1403" sc="23" el="1403" ec="69" bec="0" bev="0" fileid="31" />
              </SequencePoints>
              <BranchPoints />
              <MethodPoint xsi:type="SequencePoint" vc="0" uspid="642" ordinal="0" offset="0" sl="1403" sc="23" el="1403" ec="69" bec="0" bev="0" fileid="31" />
            </Method>
            <Method visited="false" cyclomaticComplexity="1" nPathComplexity="0" sequenceCoverage="0" branchCoverage="0" crapScore="2" isConstructor="false" isStatic="true" isGetter="true" isSetter="false">
              <Summary numSequencePoints="1" visitedSequencePoints="0" numBranchPoints="1" visitedBranchPoints="0" sequenceCoverage="0" branchCoverage="0" maxCyclomaticComplexity="1" minCyclomaticComplexity="1" maxCrapScore="2" minCrapScore="2" visitedClasses="0" numClasses="0" visitedMethods="0" numMethods="1" />
              <MetadataToken>100664421</MetadataToken>
              <Name>System.DateTime Humanizer.On/June::get_The13th()</Name>
              <FileRef uid="31" />
              <SequencePoints>
                <SequencePoint vc="0" uspid="643" ordinal="0" offset="0" sl="1411" sc="23" el="1411" ec="69" bec="0" bev="0" fileid="31" />
              </SequencePoints>
              <BranchPoints />
              <MethodPoint xsi:type="SequencePoint" vc="0" uspid="643" ordinal="0" offset="0" sl="1411" sc="23" el="1411" ec="69" bec="0" bev="0" fileid="31" />
            </Method>
            <Method visited="false" cyclomaticComplexity="1" nPathComplexity="0" sequenceCoverage="0" branchCoverage="0" crapScore="2" isConstructor="false" isStatic="true" isGetter="true" isSetter="false">
              <Summary numSequencePoints="1" visitedSequencePoints="0" numBranchPoints="1" visitedBranchPoints="0" sequenceCoverage="0" branchCoverage="0" maxCyclomaticComplexity="1" minCyclomaticComplexity="1" maxCrapScore="2" minCrapScore="2" visitedClasses="0" numClasses="0" visitedMethods="0" numMethods="1" />
              <MetadataToken>100664422</MetadataToken>
              <Name>System.DateTime Humanizer.On/June::get_The14th()</Name>
              <FileRef uid="31" />
              <SequencePoints>
                <SequencePoint vc="0" uspid="644" ordinal="0" offset="0" sl="1419" sc="23" el="1419" ec="69" bec="0" bev="0" fileid="31" />
              </SequencePoints>
              <BranchPoints />
              <MethodPoint xsi:type="SequencePoint" vc="0" uspid="644" ordinal="0" offset="0" sl="1419" sc="23" el="1419" ec="69" bec="0" bev="0" fileid="31" />
            </Method>
            <Method visited="false" cyclomaticComplexity="1" nPathComplexity="0" sequenceCoverage="0" branchCoverage="0" crapScore="2" isConstructor="false" isStatic="true" isGetter="true" isSetter="false">
              <Summary numSequencePoints="1" visitedSequencePoints="0" numBranchPoints="1" visitedBranchPoints="0" sequenceCoverage="0" branchCoverage="0" maxCyclomaticComplexity="1" minCyclomaticComplexity="1" maxCrapScore="2" minCrapScore="2" visitedClasses="0" numClasses="0" visitedMethods="0" numMethods="1" />
              <MetadataToken>100664423</MetadataToken>
              <Name>System.DateTime Humanizer.On/June::get_The15th()</Name>
              <FileRef uid="31" />
              <SequencePoints>
                <SequencePoint vc="0" uspid="645" ordinal="0" offset="0" sl="1427" sc="23" el="1427" ec="69" bec="0" bev="0" fileid="31" />
              </SequencePoints>
              <BranchPoints />
              <MethodPoint xsi:type="SequencePoint" vc="0" uspid="645" ordinal="0" offset="0" sl="1427" sc="23" el="1427" ec="69" bec="0" bev="0" fileid="31" />
            </Method>
            <Method visited="false" cyclomaticComplexity="1" nPathComplexity="0" sequenceCoverage="0" branchCoverage="0" crapScore="2" isConstructor="false" isStatic="true" isGetter="true" isSetter="false">
              <Summary numSequencePoints="1" visitedSequencePoints="0" numBranchPoints="1" visitedBranchPoints="0" sequenceCoverage="0" branchCoverage="0" maxCyclomaticComplexity="1" minCyclomaticComplexity="1" maxCrapScore="2" minCrapScore="2" visitedClasses="0" numClasses="0" visitedMethods="0" numMethods="1" />
              <MetadataToken>100664424</MetadataToken>
              <Name>System.DateTime Humanizer.On/June::get_The16th()</Name>
              <FileRef uid="31" />
              <SequencePoints>
                <SequencePoint vc="0" uspid="646" ordinal="0" offset="0" sl="1435" sc="23" el="1435" ec="69" bec="0" bev="0" fileid="31" />
              </SequencePoints>
              <BranchPoints />
              <MethodPoint xsi:type="SequencePoint" vc="0" uspid="646" ordinal="0" offset="0" sl="1435" sc="23" el="1435" ec="69" bec="0" bev="0" fileid="31" />
            </Method>
            <Method visited="false" cyclomaticComplexity="1" nPathComplexity="0" sequenceCoverage="0" branchCoverage="0" crapScore="2" isConstructor="false" isStatic="true" isGetter="true" isSetter="false">
              <Summary numSequencePoints="1" visitedSequencePoints="0" numBranchPoints="1" visitedBranchPoints="0" sequenceCoverage="0" branchCoverage="0" maxCyclomaticComplexity="1" minCyclomaticComplexity="1" maxCrapScore="2" minCrapScore="2" visitedClasses="0" numClasses="0" visitedMethods="0" numMethods="1" />
              <MetadataToken>100664425</MetadataToken>
              <Name>System.DateTime Humanizer.On/June::get_The17th()</Name>
              <FileRef uid="31" />
              <SequencePoints>
                <SequencePoint vc="0" uspid="647" ordinal="0" offset="0" sl="1443" sc="23" el="1443" ec="69" bec="0" bev="0" fileid="31" />
              </SequencePoints>
              <BranchPoints />
              <MethodPoint xsi:type="SequencePoint" vc="0" uspid="647" ordinal="0" offset="0" sl="1443" sc="23" el="1443" ec="69" bec="0" bev="0" fileid="31" />
            </Method>
            <Method visited="false" cyclomaticComplexity="1" nPathComplexity="0" sequenceCoverage="0" branchCoverage="0" crapScore="2" isConstructor="false" isStatic="true" isGetter="true" isSetter="false">
              <Summary numSequencePoints="1" visitedSequencePoints="0" numBranchPoints="1" visitedBranchPoints="0" sequenceCoverage="0" branchCoverage="0" maxCyclomaticComplexity="1" minCyclomaticComplexity="1" maxCrapScore="2" minCrapScore="2" visitedClasses="0" numClasses="0" visitedMethods="0" numMethods="1" />
              <MetadataToken>100664426</MetadataToken>
              <Name>System.DateTime Humanizer.On/June::get_The18th()</Name>
              <FileRef uid="31" />
              <SequencePoints>
                <SequencePoint vc="0" uspid="648" ordinal="0" offset="0" sl="1451" sc="23" el="1451" ec="69" bec="0" bev="0" fileid="31" />
              </SequencePoints>
              <BranchPoints />
              <MethodPoint xsi:type="SequencePoint" vc="0" uspid="648" ordinal="0" offset="0" sl="1451" sc="23" el="1451" ec="69" bec="0" bev="0" fileid="31" />
            </Method>
            <Method visited="false" cyclomaticComplexity="1" nPathComplexity="0" sequenceCoverage="0" branchCoverage="0" crapScore="2" isConstructor="false" isStatic="true" isGetter="true" isSetter="false">
              <Summary numSequencePoints="1" visitedSequencePoints="0" numBranchPoints="1" visitedBranchPoints="0" sequenceCoverage="0" branchCoverage="0" maxCyclomaticComplexity="1" minCyclomaticComplexity="1" maxCrapScore="2" minCrapScore="2" visitedClasses="0" numClasses="0" visitedMethods="0" numMethods="1" />
              <MetadataToken>100664427</MetadataToken>
              <Name>System.DateTime Humanizer.On/June::get_The19th()</Name>
              <FileRef uid="31" />
              <SequencePoints>
                <SequencePoint vc="0" uspid="649" ordinal="0" offset="0" sl="1459" sc="23" el="1459" ec="69" bec="0" bev="0" fileid="31" />
              </SequencePoints>
              <BranchPoints />
              <MethodPoint xsi:type="SequencePoint" vc="0" uspid="649" ordinal="0" offset="0" sl="1459" sc="23" el="1459" ec="69" bec="0" bev="0" fileid="31" />
            </Method>
            <Method visited="false" cyclomaticComplexity="1" nPathComplexity="0" sequenceCoverage="0" branchCoverage="0" crapScore="2" isConstructor="false" isStatic="true" isGetter="true" isSetter="false">
              <Summary numSequencePoints="1" visitedSequencePoints="0" numBranchPoints="1" visitedBranchPoints="0" sequenceCoverage="0" branchCoverage="0" maxCyclomaticComplexity="1" minCyclomaticComplexity="1" maxCrapScore="2" minCrapScore="2" visitedClasses="0" numClasses="0" visitedMethods="0" numMethods="1" />
              <MetadataToken>100664428</MetadataToken>
              <Name>System.DateTime Humanizer.On/June::get_The20th()</Name>
              <FileRef uid="31" />
              <SequencePoints>
                <SequencePoint vc="0" uspid="650" ordinal="0" offset="0" sl="1467" sc="23" el="1467" ec="69" bec="0" bev="0" fileid="31" />
              </SequencePoints>
              <BranchPoints />
              <MethodPoint xsi:type="SequencePoint" vc="0" uspid="650" ordinal="0" offset="0" sl="1467" sc="23" el="1467" ec="69" bec="0" bev="0" fileid="31" />
            </Method>
            <Method visited="false" cyclomaticComplexity="1" nPathComplexity="0" sequenceCoverage="0" branchCoverage="0" crapScore="2" isConstructor="false" isStatic="true" isGetter="true" isSetter="false">
              <Summary numSequencePoints="1" visitedSequencePoints="0" numBranchPoints="1" visitedBranchPoints="0" sequenceCoverage="0" branchCoverage="0" maxCyclomaticComplexity="1" minCyclomaticComplexity="1" maxCrapScore="2" minCrapScore="2" visitedClasses="0" numClasses="0" visitedMethods="0" numMethods="1" />
              <MetadataToken>100664429</MetadataToken>
              <Name>System.DateTime Humanizer.On/June::get_The21st()</Name>
              <FileRef uid="31" />
              <SequencePoints>
                <SequencePoint vc="0" uspid="651" ordinal="0" offset="0" sl="1475" sc="23" el="1475" ec="69" bec="0" bev="0" fileid="31" />
              </SequencePoints>
              <BranchPoints />
              <MethodPoint xsi:type="SequencePoint" vc="0" uspid="651" ordinal="0" offset="0" sl="1475" sc="23" el="1475" ec="69" bec="0" bev="0" fileid="31" />
            </Method>
            <Method visited="false" cyclomaticComplexity="1" nPathComplexity="0" sequenceCoverage="0" branchCoverage="0" crapScore="2" isConstructor="false" isStatic="true" isGetter="true" isSetter="false">
              <Summary numSequencePoints="1" visitedSequencePoints="0" numBranchPoints="1" visitedBranchPoints="0" sequenceCoverage="0" branchCoverage="0" maxCyclomaticComplexity="1" minCyclomaticComplexity="1" maxCrapScore="2" minCrapScore="2" visitedClasses="0" numClasses="0" visitedMethods="0" numMethods="1" />
              <MetadataToken>100664430</MetadataToken>
              <Name>System.DateTime Humanizer.On/June::get_The22nd()</Name>
              <FileRef uid="31" />
              <SequencePoints>
                <SequencePoint vc="0" uspid="652" ordinal="0" offset="0" sl="1483" sc="23" el="1483" ec="69" bec="0" bev="0" fileid="31" />
              </SequencePoints>
              <BranchPoints />
              <MethodPoint xsi:type="SequencePoint" vc="0" uspid="652" ordinal="0" offset="0" sl="1483" sc="23" el="1483" ec="69" bec="0" bev="0" fileid="31" />
            </Method>
            <Method visited="false" cyclomaticComplexity="1" nPathComplexity="0" sequenceCoverage="0" branchCoverage="0" crapScore="2" isConstructor="false" isStatic="true" isGetter="true" isSetter="false">
              <Summary numSequencePoints="1" visitedSequencePoints="0" numBranchPoints="1" visitedBranchPoints="0" sequenceCoverage="0" branchCoverage="0" maxCyclomaticComplexity="1" minCyclomaticComplexity="1" maxCrapScore="2" minCrapScore="2" visitedClasses="0" numClasses="0" visitedMethods="0" numMethods="1" />
              <MetadataToken>100664431</MetadataToken>
              <Name>System.DateTime Humanizer.On/June::get_The23rd()</Name>
              <FileRef uid="31" />
              <SequencePoints>
                <SequencePoint vc="0" uspid="653" ordinal="0" offset="0" sl="1491" sc="23" el="1491" ec="69" bec="0" bev="0" fileid="31" />
              </SequencePoints>
              <BranchPoints />
              <MethodPoint xsi:type="SequencePoint" vc="0" uspid="653" ordinal="0" offset="0" sl="1491" sc="23" el="1491" ec="69" bec="0" bev="0" fileid="31" />
            </Method>
            <Method visited="false" cyclomaticComplexity="1" nPathComplexity="0" sequenceCoverage="0" branchCoverage="0" crapScore="2" isConstructor="false" isStatic="true" isGetter="true" isSetter="false">
              <Summary numSequencePoints="1" visitedSequencePoints="0" numBranchPoints="1" visitedBranchPoints="0" sequenceCoverage="0" branchCoverage="0" maxCyclomaticComplexity="1" minCyclomaticComplexity="1" maxCrapScore="2" minCrapScore="2" visitedClasses="0" numClasses="0" visitedMethods="0" numMethods="1" />
              <MetadataToken>100664432</MetadataToken>
              <Name>System.DateTime Humanizer.On/June::get_The24th()</Name>
              <FileRef uid="31" />
              <SequencePoints>
                <SequencePoint vc="0" uspid="654" ordinal="0" offset="0" sl="1499" sc="23" el="1499" ec="69" bec="0" bev="0" fileid="31" />
              </SequencePoints>
              <BranchPoints />
              <MethodPoint xsi:type="SequencePoint" vc="0" uspid="654" ordinal="0" offset="0" sl="1499" sc="23" el="1499" ec="69" bec="0" bev="0" fileid="31" />
            </Method>
            <Method visited="false" cyclomaticComplexity="1" nPathComplexity="0" sequenceCoverage="0" branchCoverage="0" crapScore="2" isConstructor="false" isStatic="true" isGetter="true" isSetter="false">
              <Summary numSequencePoints="1" visitedSequencePoints="0" numBranchPoints="1" visitedBranchPoints="0" sequenceCoverage="0" branchCoverage="0" maxCyclomaticComplexity="1" minCyclomaticComplexity="1" maxCrapScore="2" minCrapScore="2" visitedClasses="0" numClasses="0" visitedMethods="0" numMethods="1" />
              <MetadataToken>100664433</MetadataToken>
              <Name>System.DateTime Humanizer.On/June::get_The25th()</Name>
              <FileRef uid="31" />
              <SequencePoints>
                <SequencePoint vc="0" uspid="655" ordinal="0" offset="0" sl="1507" sc="23" el="1507" ec="69" bec="0" bev="0" fileid="31" />
              </SequencePoints>
              <BranchPoints />
              <MethodPoint xsi:type="SequencePoint" vc="0" uspid="655" ordinal="0" offset="0" sl="1507" sc="23" el="1507" ec="69" bec="0" bev="0" fileid="31" />
            </Method>
            <Method visited="false" cyclomaticComplexity="1" nPathComplexity="0" sequenceCoverage="0" branchCoverage="0" crapScore="2" isConstructor="false" isStatic="true" isGetter="true" isSetter="false">
              <Summary numSequencePoints="1" visitedSequencePoints="0" numBranchPoints="1" visitedBranchPoints="0" sequenceCoverage="0" branchCoverage="0" maxCyclomaticComplexity="1" minCyclomaticComplexity="1" maxCrapScore="2" minCrapScore="2" visitedClasses="0" numClasses="0" visitedMethods="0" numMethods="1" />
              <MetadataToken>100664434</MetadataToken>
              <Name>System.DateTime Humanizer.On/June::get_The26th()</Name>
              <FileRef uid="31" />
              <SequencePoints>
                <SequencePoint vc="0" uspid="656" ordinal="0" offset="0" sl="1515" sc="23" el="1515" ec="69" bec="0" bev="0" fileid="31" />
              </SequencePoints>
              <BranchPoints />
              <MethodPoint xsi:type="SequencePoint" vc="0" uspid="656" ordinal="0" offset="0" sl="1515" sc="23" el="1515" ec="69" bec="0" bev="0" fileid="31" />
            </Method>
            <Method visited="false" cyclomaticComplexity="1" nPathComplexity="0" sequenceCoverage="0" branchCoverage="0" crapScore="2" isConstructor="false" isStatic="true" isGetter="true" isSetter="false">
              <Summary numSequencePoints="1" visitedSequencePoints="0" numBranchPoints="1" visitedBranchPoints="0" sequenceCoverage="0" branchCoverage="0" maxCyclomaticComplexity="1" minCyclomaticComplexity="1" maxCrapScore="2" minCrapScore="2" visitedClasses="0" numClasses="0" visitedMethods="0" numMethods="1" />
              <MetadataToken>100664435</MetadataToken>
              <Name>System.DateTime Humanizer.On/June::get_The27th()</Name>
              <FileRef uid="31" />
              <SequencePoints>
                <SequencePoint vc="0" uspid="657" ordinal="0" offset="0" sl="1523" sc="23" el="1523" ec="69" bec="0" bev="0" fileid="31" />
              </SequencePoints>
              <BranchPoints />
              <MethodPoint xsi:type="SequencePoint" vc="0" uspid="657" ordinal="0" offset="0" sl="1523" sc="23" el="1523" ec="69" bec="0" bev="0" fileid="31" />
            </Method>
            <Method visited="false" cyclomaticComplexity="1" nPathComplexity="0" sequenceCoverage="0" branchCoverage="0" crapScore="2" isConstructor="false" isStatic="true" isGetter="true" isSetter="false">
              <Summary numSequencePoints="1" visitedSequencePoints="0" numBranchPoints="1" visitedBranchPoints="0" sequenceCoverage="0" branchCoverage="0" maxCyclomaticComplexity="1" minCyclomaticComplexity="1" maxCrapScore="2" minCrapScore="2" visitedClasses="0" numClasses="0" visitedMethods="0" numMethods="1" />
              <MetadataToken>100664436</MetadataToken>
              <Name>System.DateTime Humanizer.On/June::get_The28th()</Name>
              <FileRef uid="31" />
              <SequencePoints>
                <SequencePoint vc="0" uspid="658" ordinal="0" offset="0" sl="1531" sc="23" el="1531" ec="69" bec="0" bev="0" fileid="31" />
              </SequencePoints>
              <BranchPoints />
              <MethodPoint xsi:type="SequencePoint" vc="0" uspid="658" ordinal="0" offset="0" sl="1531" sc="23" el="1531" ec="69" bec="0" bev="0" fileid="31" />
            </Method>
            <Method visited="false" cyclomaticComplexity="1" nPathComplexity="0" sequenceCoverage="0" branchCoverage="0" crapScore="2" isConstructor="false" isStatic="true" isGetter="true" isSetter="false">
              <Summary numSequencePoints="1" visitedSequencePoints="0" numBranchPoints="1" visitedBranchPoints="0" sequenceCoverage="0" branchCoverage="0" maxCyclomaticComplexity="1" minCyclomaticComplexity="1" maxCrapScore="2" minCrapScore="2" visitedClasses="0" numClasses="0" visitedMethods="0" numMethods="1" />
              <MetadataToken>100664437</MetadataToken>
              <Name>System.DateTime Humanizer.On/June::get_The29th()</Name>
              <FileRef uid="31" />
              <SequencePoints>
                <SequencePoint vc="0" uspid="659" ordinal="0" offset="0" sl="1539" sc="23" el="1539" ec="69" bec="0" bev="0" fileid="31" />
              </SequencePoints>
              <BranchPoints />
              <MethodPoint xsi:type="SequencePoint" vc="0" uspid="659" ordinal="0" offset="0" sl="1539" sc="23" el="1539" ec="69" bec="0" bev="0" fileid="31" />
            </Method>
            <Method visited="false" cyclomaticComplexity="1" nPathComplexity="0" sequenceCoverage="0" branchCoverage="0" crapScore="2" isConstructor="false" isStatic="true" isGetter="true" isSetter="false">
              <Summary numSequencePoints="1" visitedSequencePoints="0" numBranchPoints="1" visitedBranchPoints="0" sequenceCoverage="0" branchCoverage="0" maxCyclomaticComplexity="1" minCyclomaticComplexity="1" maxCrapScore="2" minCrapScore="2" visitedClasses="0" numClasses="0" visitedMethods="0" numMethods="1" />
              <MetadataToken>100664438</MetadataToken>
              <Name>System.DateTime Humanizer.On/June::get_The30th()</Name>
              <FileRef uid="31" />
              <SequencePoints>
                <SequencePoint vc="0" uspid="660" ordinal="0" offset="0" sl="1547" sc="23" el="1547" ec="69" bec="0" bev="0" fileid="31" />
              </SequencePoints>
              <BranchPoints />
              <MethodPoint xsi:type="SequencePoint" vc="0" uspid="660" ordinal="0" offset="0" sl="1547" sc="23" el="1547" ec="69" bec="0" bev="0" fileid="31" />
            </Method>
            <Method visited="false" cyclomaticComplexity="1" nPathComplexity="0" sequenceCoverage="0" branchCoverage="0" crapScore="2" isConstructor="false" isStatic="true" isGetter="false" isSetter="false">
              <Summary numSequencePoints="1" visitedSequencePoints="0" numBranchPoints="1" visitedBranchPoints="0" sequenceCoverage="0" branchCoverage="0" maxCyclomaticComplexity="1" minCyclomaticComplexity="1" maxCrapScore="2" minCrapScore="2" visitedClasses="0" numClasses="0" visitedMethods="0" numMethods="1" />
              <MetadataToken>100664408</MetadataToken>
              <Name>System.DateTime Humanizer.On/June::The(System.Int32)</Name>
              <FileRef uid="31" />
              <SequencePoints>
                <SequencePoint vc="0" uspid="661" ordinal="0" offset="0" sl="1307" sc="17" el="1307" ec="70" bec="0" bev="0" fileid="31" />
              </SequencePoints>
              <BranchPoints />
              <MethodPoint xsi:type="SequencePoint" vc="0" uspid="661" ordinal="0" offset="0" sl="1307" sc="17" el="1307" ec="70" bec="0" bev="0" fileid="31" />
            </Method>
            <Method visited="false" cyclomaticComplexity="1" nPathComplexity="0" sequenceCoverage="0" branchCoverage="0" crapScore="2" isConstructor="true" isStatic="false" isGetter="false" isSetter="false">
              <Summary numSequencePoints="0" visitedSequencePoints="0" numBranchPoints="0" visitedBranchPoints="0" sequenceCoverage="0" branchCoverage="0" maxCyclomaticComplexity="1" minCyclomaticComplexity="1" maxCrapScore="2" minCrapScore="2" visitedClasses="0" numClasses="0" visitedMethods="0" numMethods="0" />
              <MetadataToken>100664439</MetadataToken>
              <Name>System.Void Humanizer.On/June::.ctor()</Name>
              <SequencePoints />
              <BranchPoints />
              <MethodPoint vc="0" uspid="662" ordinal="0" offset="0" />
            </Method>
          </Methods>
        </Class>
        <Class>
          <Summary numSequencePoints="32" visitedSequencePoints="0" numBranchPoints="32" visitedBranchPoints="0" sequenceCoverage="0" branchCoverage="0" maxCyclomaticComplexity="1" minCyclomaticComplexity="1" maxCrapScore="2" minCrapScore="2" visitedClasses="0" numClasses="1" visitedMethods="0" numMethods="32" />
          <FullName>Humanizer.On/July</FullName>
          <Methods>
            <Method visited="false" cyclomaticComplexity="1" nPathComplexity="0" sequenceCoverage="0" branchCoverage="0" crapScore="2" isConstructor="false" isStatic="true" isGetter="true" isSetter="false">
              <Summary numSequencePoints="1" visitedSequencePoints="0" numBranchPoints="1" visitedBranchPoints="0" sequenceCoverage="0" branchCoverage="0" maxCyclomaticComplexity="1" minCyclomaticComplexity="1" maxCrapScore="2" minCrapScore="2" visitedClasses="0" numClasses="0" visitedMethods="0" numMethods="1" />
              <MetadataToken>100664441</MetadataToken>
              <Name>System.DateTime Humanizer.On/July::get_The1st()</Name>
              <FileRef uid="31" />
              <SequencePoints>
                <SequencePoint vc="0" uspid="663" ordinal="0" offset="0" sl="1569" sc="23" el="1569" ec="68" bec="0" bev="0" fileid="31" />
              </SequencePoints>
              <BranchPoints />
              <MethodPoint xsi:type="SequencePoint" vc="0" uspid="663" ordinal="0" offset="0" sl="1569" sc="23" el="1569" ec="68" bec="0" bev="0" fileid="31" />
            </Method>
            <Method visited="false" cyclomaticComplexity="1" nPathComplexity="0" sequenceCoverage="0" branchCoverage="0" crapScore="2" isConstructor="false" isStatic="true" isGetter="true" isSetter="false">
              <Summary numSequencePoints="1" visitedSequencePoints="0" numBranchPoints="1" visitedBranchPoints="0" sequenceCoverage="0" branchCoverage="0" maxCyclomaticComplexity="1" minCyclomaticComplexity="1" maxCrapScore="2" minCrapScore="2" visitedClasses="0" numClasses="0" visitedMethods="0" numMethods="1" />
              <MetadataToken>100664442</MetadataToken>
              <Name>System.DateTime Humanizer.On/July::get_The2nd()</Name>
              <FileRef uid="31" />
              <SequencePoints>
                <SequencePoint vc="0" uspid="664" ordinal="0" offset="0" sl="1577" sc="23" el="1577" ec="68" bec="0" bev="0" fileid="31" />
              </SequencePoints>
              <BranchPoints />
              <MethodPoint xsi:type="SequencePoint" vc="0" uspid="664" ordinal="0" offset="0" sl="1577" sc="23" el="1577" ec="68" bec="0" bev="0" fileid="31" />
            </Method>
            <Method visited="false" cyclomaticComplexity="1" nPathComplexity="0" sequenceCoverage="0" branchCoverage="0" crapScore="2" isConstructor="false" isStatic="true" isGetter="true" isSetter="false">
              <Summary numSequencePoints="1" visitedSequencePoints="0" numBranchPoints="1" visitedBranchPoints="0" sequenceCoverage="0" branchCoverage="0" maxCyclomaticComplexity="1" minCyclomaticComplexity="1" maxCrapScore="2" minCrapScore="2" visitedClasses="0" numClasses="0" visitedMethods="0" numMethods="1" />
              <MetadataToken>100664443</MetadataToken>
              <Name>System.DateTime Humanizer.On/July::get_The3rd()</Name>
              <FileRef uid="31" />
              <SequencePoints>
                <SequencePoint vc="0" uspid="665" ordinal="0" offset="0" sl="1585" sc="23" el="1585" ec="68" bec="0" bev="0" fileid="31" />
              </SequencePoints>
              <BranchPoints />
              <MethodPoint xsi:type="SequencePoint" vc="0" uspid="665" ordinal="0" offset="0" sl="1585" sc="23" el="1585" ec="68" bec="0" bev="0" fileid="31" />
            </Method>
            <Method visited="false" cyclomaticComplexity="1" nPathComplexity="0" sequenceCoverage="0" branchCoverage="0" crapScore="2" isConstructor="false" isStatic="true" isGetter="true" isSetter="false">
              <Summary numSequencePoints="1" visitedSequencePoints="0" numBranchPoints="1" visitedBranchPoints="0" sequenceCoverage="0" branchCoverage="0" maxCyclomaticComplexity="1" minCyclomaticComplexity="1" maxCrapScore="2" minCrapScore="2" visitedClasses="0" numClasses="0" visitedMethods="0" numMethods="1" />
              <MetadataToken>100664444</MetadataToken>
              <Name>System.DateTime Humanizer.On/July::get_The4th()</Name>
              <FileRef uid="31" />
              <SequencePoints>
                <SequencePoint vc="0" uspid="666" ordinal="0" offset="0" sl="1593" sc="23" el="1593" ec="68" bec="0" bev="0" fileid="31" />
              </SequencePoints>
              <BranchPoints />
              <MethodPoint xsi:type="SequencePoint" vc="0" uspid="666" ordinal="0" offset="0" sl="1593" sc="23" el="1593" ec="68" bec="0" bev="0" fileid="31" />
            </Method>
            <Method visited="false" cyclomaticComplexity="1" nPathComplexity="0" sequenceCoverage="0" branchCoverage="0" crapScore="2" isConstructor="false" isStatic="true" isGetter="true" isSetter="false">
              <Summary numSequencePoints="1" visitedSequencePoints="0" numBranchPoints="1" visitedBranchPoints="0" sequenceCoverage="0" branchCoverage="0" maxCyclomaticComplexity="1" minCyclomaticComplexity="1" maxCrapScore="2" minCrapScore="2" visitedClasses="0" numClasses="0" visitedMethods="0" numMethods="1" />
              <MetadataToken>100664445</MetadataToken>
              <Name>System.DateTime Humanizer.On/July::get_The5th()</Name>
              <FileRef uid="31" />
              <SequencePoints>
                <SequencePoint vc="0" uspid="667" ordinal="0" offset="0" sl="1601" sc="23" el="1601" ec="68" bec="0" bev="0" fileid="31" />
              </SequencePoints>
              <BranchPoints />
              <MethodPoint xsi:type="SequencePoint" vc="0" uspid="667" ordinal="0" offset="0" sl="1601" sc="23" el="1601" ec="68" bec="0" bev="0" fileid="31" />
            </Method>
            <Method visited="false" cyclomaticComplexity="1" nPathComplexity="0" sequenceCoverage="0" branchCoverage="0" crapScore="2" isConstructor="false" isStatic="true" isGetter="true" isSetter="false">
              <Summary numSequencePoints="1" visitedSequencePoints="0" numBranchPoints="1" visitedBranchPoints="0" sequenceCoverage="0" branchCoverage="0" maxCyclomaticComplexity="1" minCyclomaticComplexity="1" maxCrapScore="2" minCrapScore="2" visitedClasses="0" numClasses="0" visitedMethods="0" numMethods="1" />
              <MetadataToken>100664446</MetadataToken>
              <Name>System.DateTime Humanizer.On/July::get_The6th()</Name>
              <FileRef uid="31" />
              <SequencePoints>
                <SequencePoint vc="0" uspid="668" ordinal="0" offset="0" sl="1609" sc="23" el="1609" ec="68" bec="0" bev="0" fileid="31" />
              </SequencePoints>
              <BranchPoints />
              <MethodPoint xsi:type="SequencePoint" vc="0" uspid="668" ordinal="0" offset="0" sl="1609" sc="23" el="1609" ec="68" bec="0" bev="0" fileid="31" />
            </Method>
            <Method visited="false" cyclomaticComplexity="1" nPathComplexity="0" sequenceCoverage="0" branchCoverage="0" crapScore="2" isConstructor="false" isStatic="true" isGetter="true" isSetter="false">
              <Summary numSequencePoints="1" visitedSequencePoints="0" numBranchPoints="1" visitedBranchPoints="0" sequenceCoverage="0" branchCoverage="0" maxCyclomaticComplexity="1" minCyclomaticComplexity="1" maxCrapScore="2" minCrapScore="2" visitedClasses="0" numClasses="0" visitedMethods="0" numMethods="1" />
              <MetadataToken>100664447</MetadataToken>
              <Name>System.DateTime Humanizer.On/July::get_The7th()</Name>
              <FileRef uid="31" />
              <SequencePoints>
                <SequencePoint vc="0" uspid="669" ordinal="0" offset="0" sl="1617" sc="23" el="1617" ec="68" bec="0" bev="0" fileid="31" />
              </SequencePoints>
              <BranchPoints />
              <MethodPoint xsi:type="SequencePoint" vc="0" uspid="669" ordinal="0" offset="0" sl="1617" sc="23" el="1617" ec="68" bec="0" bev="0" fileid="31" />
            </Method>
            <Method visited="false" cyclomaticComplexity="1" nPathComplexity="0" sequenceCoverage="0" branchCoverage="0" crapScore="2" isConstructor="false" isStatic="true" isGetter="true" isSetter="false">
              <Summary numSequencePoints="1" visitedSequencePoints="0" numBranchPoints="1" visitedBranchPoints="0" sequenceCoverage="0" branchCoverage="0" maxCyclomaticComplexity="1" minCyclomaticComplexity="1" maxCrapScore="2" minCrapScore="2" visitedClasses="0" numClasses="0" visitedMethods="0" numMethods="1" />
              <MetadataToken>100664448</MetadataToken>
              <Name>System.DateTime Humanizer.On/July::get_The8th()</Name>
              <FileRef uid="31" />
              <SequencePoints>
                <SequencePoint vc="0" uspid="670" ordinal="0" offset="0" sl="1625" sc="23" el="1625" ec="68" bec="0" bev="0" fileid="31" />
              </SequencePoints>
              <BranchPoints />
              <MethodPoint xsi:type="SequencePoint" vc="0" uspid="670" ordinal="0" offset="0" sl="1625" sc="23" el="1625" ec="68" bec="0" bev="0" fileid="31" />
            </Method>
            <Method visited="false" cyclomaticComplexity="1" nPathComplexity="0" sequenceCoverage="0" branchCoverage="0" crapScore="2" isConstructor="false" isStatic="true" isGetter="true" isSetter="false">
              <Summary numSequencePoints="1" visitedSequencePoints="0" numBranchPoints="1" visitedBranchPoints="0" sequenceCoverage="0" branchCoverage="0" maxCyclomaticComplexity="1" minCyclomaticComplexity="1" maxCrapScore="2" minCrapScore="2" visitedClasses="0" numClasses="0" visitedMethods="0" numMethods="1" />
              <MetadataToken>100664449</MetadataToken>
              <Name>System.DateTime Humanizer.On/July::get_The9th()</Name>
              <FileRef uid="31" />
              <SequencePoints>
                <SequencePoint vc="0" uspid="671" ordinal="0" offset="0" sl="1633" sc="23" el="1633" ec="68" bec="0" bev="0" fileid="31" />
              </SequencePoints>
              <BranchPoints />
              <MethodPoint xsi:type="SequencePoint" vc="0" uspid="671" ordinal="0" offset="0" sl="1633" sc="23" el="1633" ec="68" bec="0" bev="0" fileid="31" />
            </Method>
            <Method visited="false" cyclomaticComplexity="1" nPathComplexity="0" sequenceCoverage="0" branchCoverage="0" crapScore="2" isConstructor="false" isStatic="true" isGetter="true" isSetter="false">
              <Summary numSequencePoints="1" visitedSequencePoints="0" numBranchPoints="1" visitedBranchPoints="0" sequenceCoverage="0" branchCoverage="0" maxCyclomaticComplexity="1" minCyclomaticComplexity="1" maxCrapScore="2" minCrapScore="2" visitedClasses="0" numClasses="0" visitedMethods="0" numMethods="1" />
              <MetadataToken>100664450</MetadataToken>
              <Name>System.DateTime Humanizer.On/July::get_The10th()</Name>
              <FileRef uid="31" />
              <SequencePoints>
                <SequencePoint vc="0" uspid="672" ordinal="0" offset="0" sl="1641" sc="23" el="1641" ec="69" bec="0" bev="0" fileid="31" />
              </SequencePoints>
              <BranchPoints />
              <MethodPoint xsi:type="SequencePoint" vc="0" uspid="672" ordinal="0" offset="0" sl="1641" sc="23" el="1641" ec="69" bec="0" bev="0" fileid="31" />
            </Method>
            <Method visited="false" cyclomaticComplexity="1" nPathComplexity="0" sequenceCoverage="0" branchCoverage="0" crapScore="2" isConstructor="false" isStatic="true" isGetter="true" isSetter="false">
              <Summary numSequencePoints="1" visitedSequencePoints="0" numBranchPoints="1" visitedBranchPoints="0" sequenceCoverage="0" branchCoverage="0" maxCyclomaticComplexity="1" minCyclomaticComplexity="1" maxCrapScore="2" minCrapScore="2" visitedClasses="0" numClasses="0" visitedMethods="0" numMethods="1" />
              <MetadataToken>100664451</MetadataToken>
              <Name>System.DateTime Humanizer.On/July::get_The11th()</Name>
              <FileRef uid="31" />
              <SequencePoints>
                <SequencePoint vc="0" uspid="673" ordinal="0" offset="0" sl="1649" sc="23" el="1649" ec="69" bec="0" bev="0" fileid="31" />
              </SequencePoints>
              <BranchPoints />
              <MethodPoint xsi:type="SequencePoint" vc="0" uspid="673" ordinal="0" offset="0" sl="1649" sc="23" el="1649" ec="69" bec="0" bev="0" fileid="31" />
            </Method>
            <Method visited="false" cyclomaticComplexity="1" nPathComplexity="0" sequenceCoverage="0" branchCoverage="0" crapScore="2" isConstructor="false" isStatic="true" isGetter="true" isSetter="false">
              <Summary numSequencePoints="1" visitedSequencePoints="0" numBranchPoints="1" visitedBranchPoints="0" sequenceCoverage="0" branchCoverage="0" maxCyclomaticComplexity="1" minCyclomaticComplexity="1" maxCrapScore="2" minCrapScore="2" visitedClasses="0" numClasses="0" visitedMethods="0" numMethods="1" />
              <MetadataToken>100664452</MetadataToken>
              <Name>System.DateTime Humanizer.On/July::get_The12th()</Name>
              <FileRef uid="31" />
              <SequencePoints>
                <SequencePoint vc="0" uspid="674" ordinal="0" offset="0" sl="1657" sc="23" el="1657" ec="69" bec="0" bev="0" fileid="31" />
              </SequencePoints>
              <BranchPoints />
              <MethodPoint xsi:type="SequencePoint" vc="0" uspid="674" ordinal="0" offset="0" sl="1657" sc="23" el="1657" ec="69" bec="0" bev="0" fileid="31" />
            </Method>
            <Method visited="false" cyclomaticComplexity="1" nPathComplexity="0" sequenceCoverage="0" branchCoverage="0" crapScore="2" isConstructor="false" isStatic="true" isGetter="true" isSetter="false">
              <Summary numSequencePoints="1" visitedSequencePoints="0" numBranchPoints="1" visitedBranchPoints="0" sequenceCoverage="0" branchCoverage="0" maxCyclomaticComplexity="1" minCyclomaticComplexity="1" maxCrapScore="2" minCrapScore="2" visitedClasses="0" numClasses="0" visitedMethods="0" numMethods="1" />
              <MetadataToken>100664453</MetadataToken>
              <Name>System.DateTime Humanizer.On/July::get_The13th()</Name>
              <FileRef uid="31" />
              <SequencePoints>
                <SequencePoint vc="0" uspid="675" ordinal="0" offset="0" sl="1665" sc="23" el="1665" ec="69" bec="0" bev="0" fileid="31" />
              </SequencePoints>
              <BranchPoints />
              <MethodPoint xsi:type="SequencePoint" vc="0" uspid="675" ordinal="0" offset="0" sl="1665" sc="23" el="1665" ec="69" bec="0" bev="0" fileid="31" />
            </Method>
            <Method visited="false" cyclomaticComplexity="1" nPathComplexity="0" sequenceCoverage="0" branchCoverage="0" crapScore="2" isConstructor="false" isStatic="true" isGetter="true" isSetter="false">
              <Summary numSequencePoints="1" visitedSequencePoints="0" numBranchPoints="1" visitedBranchPoints="0" sequenceCoverage="0" branchCoverage="0" maxCyclomaticComplexity="1" minCyclomaticComplexity="1" maxCrapScore="2" minCrapScore="2" visitedClasses="0" numClasses="0" visitedMethods="0" numMethods="1" />
              <MetadataToken>100664454</MetadataToken>
              <Name>System.DateTime Humanizer.On/July::get_The14th()</Name>
              <FileRef uid="31" />
              <SequencePoints>
                <SequencePoint vc="0" uspid="676" ordinal="0" offset="0" sl="1673" sc="23" el="1673" ec="69" bec="0" bev="0" fileid="31" />
              </SequencePoints>
              <BranchPoints />
              <MethodPoint xsi:type="SequencePoint" vc="0" uspid="676" ordinal="0" offset="0" sl="1673" sc="23" el="1673" ec="69" bec="0" bev="0" fileid="31" />
            </Method>
            <Method visited="false" cyclomaticComplexity="1" nPathComplexity="0" sequenceCoverage="0" branchCoverage="0" crapScore="2" isConstructor="false" isStatic="true" isGetter="true" isSetter="false">
              <Summary numSequencePoints="1" visitedSequencePoints="0" numBranchPoints="1" visitedBranchPoints="0" sequenceCoverage="0" branchCoverage="0" maxCyclomaticComplexity="1" minCyclomaticComplexity="1" maxCrapScore="2" minCrapScore="2" visitedClasses="0" numClasses="0" visitedMethods="0" numMethods="1" />
              <MetadataToken>100664455</MetadataToken>
              <Name>System.DateTime Humanizer.On/July::get_The15th()</Name>
              <FileRef uid="31" />
              <SequencePoints>
                <SequencePoint vc="0" uspid="677" ordinal="0" offset="0" sl="1681" sc="23" el="1681" ec="69" bec="0" bev="0" fileid="31" />
              </SequencePoints>
              <BranchPoints />
              <MethodPoint xsi:type="SequencePoint" vc="0" uspid="677" ordinal="0" offset="0" sl="1681" sc="23" el="1681" ec="69" bec="0" bev="0" fileid="31" />
            </Method>
            <Method visited="false" cyclomaticComplexity="1" nPathComplexity="0" sequenceCoverage="0" branchCoverage="0" crapScore="2" isConstructor="false" isStatic="true" isGetter="true" isSetter="false">
              <Summary numSequencePoints="1" visitedSequencePoints="0" numBranchPoints="1" visitedBranchPoints="0" sequenceCoverage="0" branchCoverage="0" maxCyclomaticComplexity="1" minCyclomaticComplexity="1" maxCrapScore="2" minCrapScore="2" visitedClasses="0" numClasses="0" visitedMethods="0" numMethods="1" />
              <MetadataToken>100664456</MetadataToken>
              <Name>System.DateTime Humanizer.On/July::get_The16th()</Name>
              <FileRef uid="31" />
              <SequencePoints>
                <SequencePoint vc="0" uspid="678" ordinal="0" offset="0" sl="1689" sc="23" el="1689" ec="69" bec="0" bev="0" fileid="31" />
              </SequencePoints>
              <BranchPoints />
              <MethodPoint xsi:type="SequencePoint" vc="0" uspid="678" ordinal="0" offset="0" sl="1689" sc="23" el="1689" ec="69" bec="0" bev="0" fileid="31" />
            </Method>
            <Method visited="false" cyclomaticComplexity="1" nPathComplexity="0" sequenceCoverage="0" branchCoverage="0" crapScore="2" isConstructor="false" isStatic="true" isGetter="true" isSetter="false">
              <Summary numSequencePoints="1" visitedSequencePoints="0" numBranchPoints="1" visitedBranchPoints="0" sequenceCoverage="0" branchCoverage="0" maxCyclomaticComplexity="1" minCyclomaticComplexity="1" maxCrapScore="2" minCrapScore="2" visitedClasses="0" numClasses="0" visitedMethods="0" numMethods="1" />
              <MetadataToken>100664457</MetadataToken>
              <Name>System.DateTime Humanizer.On/July::get_The17th()</Name>
              <FileRef uid="31" />
              <SequencePoints>
                <SequencePoint vc="0" uspid="679" ordinal="0" offset="0" sl="1697" sc="23" el="1697" ec="69" bec="0" bev="0" fileid="31" />
              </SequencePoints>
              <BranchPoints />
              <MethodPoint xsi:type="SequencePoint" vc="0" uspid="679" ordinal="0" offset="0" sl="1697" sc="23" el="1697" ec="69" bec="0" bev="0" fileid="31" />
            </Method>
            <Method visited="false" cyclomaticComplexity="1" nPathComplexity="0" sequenceCoverage="0" branchCoverage="0" crapScore="2" isConstructor="false" isStatic="true" isGetter="true" isSetter="false">
              <Summary numSequencePoints="1" visitedSequencePoints="0" numBranchPoints="1" visitedBranchPoints="0" sequenceCoverage="0" branchCoverage="0" maxCyclomaticComplexity="1" minCyclomaticComplexity="1" maxCrapScore="2" minCrapScore="2" visitedClasses="0" numClasses="0" visitedMethods="0" numMethods="1" />
              <MetadataToken>100664458</MetadataToken>
              <Name>System.DateTime Humanizer.On/July::get_The18th()</Name>
              <FileRef uid="31" />
              <SequencePoints>
                <SequencePoint vc="0" uspid="680" ordinal="0" offset="0" sl="1705" sc="23" el="1705" ec="69" bec="0" bev="0" fileid="31" />
              </SequencePoints>
              <BranchPoints />
              <MethodPoint xsi:type="SequencePoint" vc="0" uspid="680" ordinal="0" offset="0" sl="1705" sc="23" el="1705" ec="69" bec="0" bev="0" fileid="31" />
            </Method>
            <Method visited="false" cyclomaticComplexity="1" nPathComplexity="0" sequenceCoverage="0" branchCoverage="0" crapScore="2" isConstructor="false" isStatic="true" isGetter="true" isSetter="false">
              <Summary numSequencePoints="1" visitedSequencePoints="0" numBranchPoints="1" visitedBranchPoints="0" sequenceCoverage="0" branchCoverage="0" maxCyclomaticComplexity="1" minCyclomaticComplexity="1" maxCrapScore="2" minCrapScore="2" visitedClasses="0" numClasses="0" visitedMethods="0" numMethods="1" />
              <MetadataToken>100664459</MetadataToken>
              <Name>System.DateTime Humanizer.On/July::get_The19th()</Name>
              <FileRef uid="31" />
              <SequencePoints>
                <SequencePoint vc="0" uspid="681" ordinal="0" offset="0" sl="1713" sc="23" el="1713" ec="69" bec="0" bev="0" fileid="31" />
              </SequencePoints>
              <BranchPoints />
              <MethodPoint xsi:type="SequencePoint" vc="0" uspid="681" ordinal="0" offset="0" sl="1713" sc="23" el="1713" ec="69" bec="0" bev="0" fileid="31" />
            </Method>
            <Method visited="false" cyclomaticComplexity="1" nPathComplexity="0" sequenceCoverage="0" branchCoverage="0" crapScore="2" isConstructor="false" isStatic="true" isGetter="true" isSetter="false">
              <Summary numSequencePoints="1" visitedSequencePoints="0" numBranchPoints="1" visitedBranchPoints="0" sequenceCoverage="0" branchCoverage="0" maxCyclomaticComplexity="1" minCyclomaticComplexity="1" maxCrapScore="2" minCrapScore="2" visitedClasses="0" numClasses="0" visitedMethods="0" numMethods="1" />
              <MetadataToken>100664460</MetadataToken>
              <Name>System.DateTime Humanizer.On/July::get_The20th()</Name>
              <FileRef uid="31" />
              <SequencePoints>
                <SequencePoint vc="0" uspid="682" ordinal="0" offset="0" sl="1721" sc="23" el="1721" ec="69" bec="0" bev="0" fileid="31" />
              </SequencePoints>
              <BranchPoints />
              <MethodPoint xsi:type="SequencePoint" vc="0" uspid="682" ordinal="0" offset="0" sl="1721" sc="23" el="1721" ec="69" bec="0" bev="0" fileid="31" />
            </Method>
            <Method visited="false" cyclomaticComplexity="1" nPathComplexity="0" sequenceCoverage="0" branchCoverage="0" crapScore="2" isConstructor="false" isStatic="true" isGetter="true" isSetter="false">
              <Summary numSequencePoints="1" visitedSequencePoints="0" numBranchPoints="1" visitedBranchPoints="0" sequenceCoverage="0" branchCoverage="0" maxCyclomaticComplexity="1" minCyclomaticComplexity="1" maxCrapScore="2" minCrapScore="2" visitedClasses="0" numClasses="0" visitedMethods="0" numMethods="1" />
              <MetadataToken>100664461</MetadataToken>
              <Name>System.DateTime Humanizer.On/July::get_The21st()</Name>
              <FileRef uid="31" />
              <SequencePoints>
                <SequencePoint vc="0" uspid="683" ordinal="0" offset="0" sl="1729" sc="23" el="1729" ec="69" bec="0" bev="0" fileid="31" />
              </SequencePoints>
              <BranchPoints />
              <MethodPoint xsi:type="SequencePoint" vc="0" uspid="683" ordinal="0" offset="0" sl="1729" sc="23" el="1729" ec="69" bec="0" bev="0" fileid="31" />
            </Method>
            <Method visited="false" cyclomaticComplexity="1" nPathComplexity="0" sequenceCoverage="0" branchCoverage="0" crapScore="2" isConstructor="false" isStatic="true" isGetter="true" isSetter="false">
              <Summary numSequencePoints="1" visitedSequencePoints="0" numBranchPoints="1" visitedBranchPoints="0" sequenceCoverage="0" branchCoverage="0" maxCyclomaticComplexity="1" minCyclomaticComplexity="1" maxCrapScore="2" minCrapScore="2" visitedClasses="0" numClasses="0" visitedMethods="0" numMethods="1" />
              <MetadataToken>100664462</MetadataToken>
              <Name>System.DateTime Humanizer.On/July::get_The22nd()</Name>
              <FileRef uid="31" />
              <SequencePoints>
                <SequencePoint vc="0" uspid="684" ordinal="0" offset="0" sl="1737" sc="23" el="1737" ec="69" bec="0" bev="0" fileid="31" />
              </SequencePoints>
              <BranchPoints />
              <MethodPoint xsi:type="SequencePoint" vc="0" uspid="684" ordinal="0" offset="0" sl="1737" sc="23" el="1737" ec="69" bec="0" bev="0" fileid="31" />
            </Method>
            <Method visited="false" cyclomaticComplexity="1" nPathComplexity="0" sequenceCoverage="0" branchCoverage="0" crapScore="2" isConstructor="false" isStatic="true" isGetter="true" isSetter="false">
              <Summary numSequencePoints="1" visitedSequencePoints="0" numBranchPoints="1" visitedBranchPoints="0" sequenceCoverage="0" branchCoverage="0" maxCyclomaticComplexity="1" minCyclomaticComplexity="1" maxCrapScore="2" minCrapScore="2" visitedClasses="0" numClasses="0" visitedMethods="0" numMethods="1" />
              <MetadataToken>100664463</MetadataToken>
              <Name>System.DateTime Humanizer.On/July::get_The23rd()</Name>
              <FileRef uid="31" />
              <SequencePoints>
                <SequencePoint vc="0" uspid="685" ordinal="0" offset="0" sl="1745" sc="23" el="1745" ec="69" bec="0" bev="0" fileid="31" />
              </SequencePoints>
              <BranchPoints />
              <MethodPoint xsi:type="SequencePoint" vc="0" uspid="685" ordinal="0" offset="0" sl="1745" sc="23" el="1745" ec="69" bec="0" bev="0" fileid="31" />
            </Method>
            <Method visited="false" cyclomaticComplexity="1" nPathComplexity="0" sequenceCoverage="0" branchCoverage="0" crapScore="2" isConstructor="false" isStatic="true" isGetter="true" isSetter="false">
              <Summary numSequencePoints="1" visitedSequencePoints="0" numBranchPoints="1" visitedBranchPoints="0" sequenceCoverage="0" branchCoverage="0" maxCyclomaticComplexity="1" minCyclomaticComplexity="1" maxCrapScore="2" minCrapScore="2" visitedClasses="0" numClasses="0" visitedMethods="0" numMethods="1" />
              <MetadataToken>100664464</MetadataToken>
              <Name>System.DateTime Humanizer.On/July::get_The24th()</Name>
              <FileRef uid="31" />
              <SequencePoints>
                <SequencePoint vc="0" uspid="686" ordinal="0" offset="0" sl="1753" sc="23" el="1753" ec="69" bec="0" bev="0" fileid="31" />
              </SequencePoints>
              <BranchPoints />
              <MethodPoint xsi:type="SequencePoint" vc="0" uspid="686" ordinal="0" offset="0" sl="1753" sc="23" el="1753" ec="69" bec="0" bev="0" fileid="31" />
            </Method>
            <Method visited="false" cyclomaticComplexity="1" nPathComplexity="0" sequenceCoverage="0" branchCoverage="0" crapScore="2" isConstructor="false" isStatic="true" isGetter="true" isSetter="false">
              <Summary numSequencePoints="1" visitedSequencePoints="0" numBranchPoints="1" visitedBranchPoints="0" sequenceCoverage="0" branchCoverage="0" maxCyclomaticComplexity="1" minCyclomaticComplexity="1" maxCrapScore="2" minCrapScore="2" visitedClasses="0" numClasses="0" visitedMethods="0" numMethods="1" />
              <MetadataToken>100664465</MetadataToken>
              <Name>System.DateTime Humanizer.On/July::get_The25th()</Name>
              <FileRef uid="31" />
              <SequencePoints>
                <SequencePoint vc="0" uspid="687" ordinal="0" offset="0" sl="1761" sc="23" el="1761" ec="69" bec="0" bev="0" fileid="31" />
              </SequencePoints>
              <BranchPoints />
              <MethodPoint xsi:type="SequencePoint" vc="0" uspid="687" ordinal="0" offset="0" sl="1761" sc="23" el="1761" ec="69" bec="0" bev="0" fileid="31" />
            </Method>
            <Method visited="false" cyclomaticComplexity="1" nPathComplexity="0" sequenceCoverage="0" branchCoverage="0" crapScore="2" isConstructor="false" isStatic="true" isGetter="true" isSetter="false">
              <Summary numSequencePoints="1" visitedSequencePoints="0" numBranchPoints="1" visitedBranchPoints="0" sequenceCoverage="0" branchCoverage="0" maxCyclomaticComplexity="1" minCyclomaticComplexity="1" maxCrapScore="2" minCrapScore="2" visitedClasses="0" numClasses="0" visitedMethods="0" numMethods="1" />
              <MetadataToken>100664466</MetadataToken>
              <Name>System.DateTime Humanizer.On/July::get_The26th()</Name>
              <FileRef uid="31" />
              <SequencePoints>
                <SequencePoint vc="0" uspid="688" ordinal="0" offset="0" sl="1769" sc="23" el="1769" ec="69" bec="0" bev="0" fileid="31" />
              </SequencePoints>
              <BranchPoints />
              <MethodPoint xsi:type="SequencePoint" vc="0" uspid="688" ordinal="0" offset="0" sl="1769" sc="23" el="1769" ec="69" bec="0" bev="0" fileid="31" />
            </Method>
            <Method visited="false" cyclomaticComplexity="1" nPathComplexity="0" sequenceCoverage="0" branchCoverage="0" crapScore="2" isConstructor="false" isStatic="true" isGetter="true" isSetter="false">
              <Summary numSequencePoints="1" visitedSequencePoints="0" numBranchPoints="1" visitedBranchPoints="0" sequenceCoverage="0" branchCoverage="0" maxCyclomaticComplexity="1" minCyclomaticComplexity="1" maxCrapScore="2" minCrapScore="2" visitedClasses="0" numClasses="0" visitedMethods="0" numMethods="1" />
              <MetadataToken>100664467</MetadataToken>
              <Name>System.DateTime Humanizer.On/July::get_The27th()</Name>
              <FileRef uid="31" />
              <SequencePoints>
                <SequencePoint vc="0" uspid="689" ordinal="0" offset="0" sl="1777" sc="23" el="1777" ec="69" bec="0" bev="0" fileid="31" />
              </SequencePoints>
              <BranchPoints />
              <MethodPoint xsi:type="SequencePoint" vc="0" uspid="689" ordinal="0" offset="0" sl="1777" sc="23" el="1777" ec="69" bec="0" bev="0" fileid="31" />
            </Method>
            <Method visited="false" cyclomaticComplexity="1" nPathComplexity="0" sequenceCoverage="0" branchCoverage="0" crapScore="2" isConstructor="false" isStatic="true" isGetter="true" isSetter="false">
              <Summary numSequencePoints="1" visitedSequencePoints="0" numBranchPoints="1" visitedBranchPoints="0" sequenceCoverage="0" branchCoverage="0" maxCyclomaticComplexity="1" minCyclomaticComplexity="1" maxCrapScore="2" minCrapScore="2" visitedClasses="0" numClasses="0" visitedMethods="0" numMethods="1" />
              <MetadataToken>100664468</MetadataToken>
              <Name>System.DateTime Humanizer.On/July::get_The28th()</Name>
              <FileRef uid="31" />
              <SequencePoints>
                <SequencePoint vc="0" uspid="690" ordinal="0" offset="0" sl="1785" sc="23" el="1785" ec="69" bec="0" bev="0" fileid="31" />
              </SequencePoints>
              <BranchPoints />
              <MethodPoint xsi:type="SequencePoint" vc="0" uspid="690" ordinal="0" offset="0" sl="1785" sc="23" el="1785" ec="69" bec="0" bev="0" fileid="31" />
            </Method>
            <Method visited="false" cyclomaticComplexity="1" nPathComplexity="0" sequenceCoverage="0" branchCoverage="0" crapScore="2" isConstructor="false" isStatic="true" isGetter="true" isSetter="false">
              <Summary numSequencePoints="1" visitedSequencePoints="0" numBranchPoints="1" visitedBranchPoints="0" sequenceCoverage="0" branchCoverage="0" maxCyclomaticComplexity="1" minCyclomaticComplexity="1" maxCrapScore="2" minCrapScore="2" visitedClasses="0" numClasses="0" visitedMethods="0" numMethods="1" />
              <MetadataToken>100664469</MetadataToken>
              <Name>System.DateTime Humanizer.On/July::get_The29th()</Name>
              <FileRef uid="31" />
              <SequencePoints>
                <SequencePoint vc="0" uspid="691" ordinal="0" offset="0" sl="1793" sc="23" el="1793" ec="69" bec="0" bev="0" fileid="31" />
              </SequencePoints>
              <BranchPoints />
              <MethodPoint xsi:type="SequencePoint" vc="0" uspid="691" ordinal="0" offset="0" sl="1793" sc="23" el="1793" ec="69" bec="0" bev="0" fileid="31" />
            </Method>
            <Method visited="false" cyclomaticComplexity="1" nPathComplexity="0" sequenceCoverage="0" branchCoverage="0" crapScore="2" isConstructor="false" isStatic="true" isGetter="true" isSetter="false">
              <Summary numSequencePoints="1" visitedSequencePoints="0" numBranchPoints="1" visitedBranchPoints="0" sequenceCoverage="0" branchCoverage="0" maxCyclomaticComplexity="1" minCyclomaticComplexity="1" maxCrapScore="2" minCrapScore="2" visitedClasses="0" numClasses="0" visitedMethods="0" numMethods="1" />
              <MetadataToken>100664470</MetadataToken>
              <Name>System.DateTime Humanizer.On/July::get_The30th()</Name>
              <FileRef uid="31" />
              <SequencePoints>
                <SequencePoint vc="0" uspid="692" ordinal="0" offset="0" sl="1801" sc="23" el="1801" ec="69" bec="0" bev="0" fileid="31" />
              </SequencePoints>
              <BranchPoints />
              <MethodPoint xsi:type="SequencePoint" vc="0" uspid="692" ordinal="0" offset="0" sl="1801" sc="23" el="1801" ec="69" bec="0" bev="0" fileid="31" />
            </Method>
            <Method visited="false" cyclomaticComplexity="1" nPathComplexity="0" sequenceCoverage="0" branchCoverage="0" crapScore="2" isConstructor="false" isStatic="true" isGetter="true" isSetter="false">
              <Summary numSequencePoints="1" visitedSequencePoints="0" numBranchPoints="1" visitedBranchPoints="0" sequenceCoverage="0" branchCoverage="0" maxCyclomaticComplexity="1" minCyclomaticComplexity="1" maxCrapScore="2" minCrapScore="2" visitedClasses="0" numClasses="0" visitedMethods="0" numMethods="1" />
              <MetadataToken>100664471</MetadataToken>
              <Name>System.DateTime Humanizer.On/July::get_The31st()</Name>
              <FileRef uid="31" />
              <SequencePoints>
                <SequencePoint vc="0" uspid="693" ordinal="0" offset="0" sl="1809" sc="23" el="1809" ec="69" bec="0" bev="0" fileid="31" />
              </SequencePoints>
              <BranchPoints />
              <MethodPoint xsi:type="SequencePoint" vc="0" uspid="693" ordinal="0" offset="0" sl="1809" sc="23" el="1809" ec="69" bec="0" bev="0" fileid="31" />
            </Method>
            <Method visited="false" cyclomaticComplexity="1" nPathComplexity="0" sequenceCoverage="0" branchCoverage="0" crapScore="2" isConstructor="false" isStatic="true" isGetter="false" isSetter="false">
              <Summary numSequencePoints="1" visitedSequencePoints="0" numBranchPoints="1" visitedBranchPoints="0" sequenceCoverage="0" branchCoverage="0" maxCyclomaticComplexity="1" minCyclomaticComplexity="1" maxCrapScore="2" minCrapScore="2" visitedClasses="0" numClasses="0" visitedMethods="0" numMethods="1" />
              <MetadataToken>100664440</MetadataToken>
              <Name>System.DateTime Humanizer.On/July::The(System.Int32)</Name>
              <FileRef uid="31" />
              <SequencePoints>
                <SequencePoint vc="0" uspid="694" ordinal="0" offset="0" sl="1561" sc="17" el="1561" ec="70" bec="0" bev="0" fileid="31" />
              </SequencePoints>
              <BranchPoints />
              <MethodPoint xsi:type="SequencePoint" vc="0" uspid="694" ordinal="0" offset="0" sl="1561" sc="17" el="1561" ec="70" bec="0" bev="0" fileid="31" />
            </Method>
            <Method visited="false" cyclomaticComplexity="1" nPathComplexity="0" sequenceCoverage="0" branchCoverage="0" crapScore="2" isConstructor="true" isStatic="false" isGetter="false" isSetter="false">
              <Summary numSequencePoints="0" visitedSequencePoints="0" numBranchPoints="0" visitedBranchPoints="0" sequenceCoverage="0" branchCoverage="0" maxCyclomaticComplexity="1" minCyclomaticComplexity="1" maxCrapScore="2" minCrapScore="2" visitedClasses="0" numClasses="0" visitedMethods="0" numMethods="0" />
              <MetadataToken>100664472</MetadataToken>
              <Name>System.Void Humanizer.On/July::.ctor()</Name>
              <SequencePoints />
              <BranchPoints />
              <MethodPoint vc="0" uspid="695" ordinal="0" offset="0" />
            </Method>
          </Methods>
        </Class>
        <Class>
          <Summary numSequencePoints="32" visitedSequencePoints="0" numBranchPoints="32" visitedBranchPoints="0" sequenceCoverage="0" branchCoverage="0" maxCyclomaticComplexity="1" minCyclomaticComplexity="1" maxCrapScore="2" minCrapScore="2" visitedClasses="0" numClasses="1" visitedMethods="0" numMethods="32" />
          <FullName>Humanizer.On/August</FullName>
          <Methods>
            <Method visited="false" cyclomaticComplexity="1" nPathComplexity="0" sequenceCoverage="0" branchCoverage="0" crapScore="2" isConstructor="false" isStatic="true" isGetter="true" isSetter="false">
              <Summary numSequencePoints="1" visitedSequencePoints="0" numBranchPoints="1" visitedBranchPoints="0" sequenceCoverage="0" branchCoverage="0" maxCyclomaticComplexity="1" minCyclomaticComplexity="1" maxCrapScore="2" minCrapScore="2" visitedClasses="0" numClasses="0" visitedMethods="0" numMethods="1" />
              <MetadataToken>100664474</MetadataToken>
              <Name>System.DateTime Humanizer.On/August::get_The1st()</Name>
              <FileRef uid="31" />
              <SequencePoints>
                <SequencePoint vc="0" uspid="696" ordinal="0" offset="0" sl="1831" sc="23" el="1831" ec="68" bec="0" bev="0" fileid="31" />
              </SequencePoints>
              <BranchPoints />
              <MethodPoint xsi:type="SequencePoint" vc="0" uspid="696" ordinal="0" offset="0" sl="1831" sc="23" el="1831" ec="68" bec="0" bev="0" fileid="31" />
            </Method>
            <Method visited="false" cyclomaticComplexity="1" nPathComplexity="0" sequenceCoverage="0" branchCoverage="0" crapScore="2" isConstructor="false" isStatic="true" isGetter="true" isSetter="false">
              <Summary numSequencePoints="1" visitedSequencePoints="0" numBranchPoints="1" visitedBranchPoints="0" sequenceCoverage="0" branchCoverage="0" maxCyclomaticComplexity="1" minCyclomaticComplexity="1" maxCrapScore="2" minCrapScore="2" visitedClasses="0" numClasses="0" visitedMethods="0" numMethods="1" />
              <MetadataToken>100664475</MetadataToken>
              <Name>System.DateTime Humanizer.On/August::get_The2nd()</Name>
              <FileRef uid="31" />
              <SequencePoints>
                <SequencePoint vc="0" uspid="697" ordinal="0" offset="0" sl="1839" sc="23" el="1839" ec="68" bec="0" bev="0" fileid="31" />
              </SequencePoints>
              <BranchPoints />
              <MethodPoint xsi:type="SequencePoint" vc="0" uspid="697" ordinal="0" offset="0" sl="1839" sc="23" el="1839" ec="68" bec="0" bev="0" fileid="31" />
            </Method>
            <Method visited="false" cyclomaticComplexity="1" nPathComplexity="0" sequenceCoverage="0" branchCoverage="0" crapScore="2" isConstructor="false" isStatic="true" isGetter="true" isSetter="false">
              <Summary numSequencePoints="1" visitedSequencePoints="0" numBranchPoints="1" visitedBranchPoints="0" sequenceCoverage="0" branchCoverage="0" maxCyclomaticComplexity="1" minCyclomaticComplexity="1" maxCrapScore="2" minCrapScore="2" visitedClasses="0" numClasses="0" visitedMethods="0" numMethods="1" />
              <MetadataToken>100664476</MetadataToken>
              <Name>System.DateTime Humanizer.On/August::get_The3rd()</Name>
              <FileRef uid="31" />
              <SequencePoints>
                <SequencePoint vc="0" uspid="698" ordinal="0" offset="0" sl="1847" sc="23" el="1847" ec="68" bec="0" bev="0" fileid="31" />
              </SequencePoints>
              <BranchPoints />
              <MethodPoint xsi:type="SequencePoint" vc="0" uspid="698" ordinal="0" offset="0" sl="1847" sc="23" el="1847" ec="68" bec="0" bev="0" fileid="31" />
            </Method>
            <Method visited="false" cyclomaticComplexity="1" nPathComplexity="0" sequenceCoverage="0" branchCoverage="0" crapScore="2" isConstructor="false" isStatic="true" isGetter="true" isSetter="false">
              <Summary numSequencePoints="1" visitedSequencePoints="0" numBranchPoints="1" visitedBranchPoints="0" sequenceCoverage="0" branchCoverage="0" maxCyclomaticComplexity="1" minCyclomaticComplexity="1" maxCrapScore="2" minCrapScore="2" visitedClasses="0" numClasses="0" visitedMethods="0" numMethods="1" />
              <MetadataToken>100664477</MetadataToken>
              <Name>System.DateTime Humanizer.On/August::get_The4th()</Name>
              <FileRef uid="31" />
              <SequencePoints>
                <SequencePoint vc="0" uspid="699" ordinal="0" offset="0" sl="1855" sc="23" el="1855" ec="68" bec="0" bev="0" fileid="31" />
              </SequencePoints>
              <BranchPoints />
              <MethodPoint xsi:type="SequencePoint" vc="0" uspid="699" ordinal="0" offset="0" sl="1855" sc="23" el="1855" ec="68" bec="0" bev="0" fileid="31" />
            </Method>
            <Method visited="false" cyclomaticComplexity="1" nPathComplexity="0" sequenceCoverage="0" branchCoverage="0" crapScore="2" isConstructor="false" isStatic="true" isGetter="true" isSetter="false">
              <Summary numSequencePoints="1" visitedSequencePoints="0" numBranchPoints="1" visitedBranchPoints="0" sequenceCoverage="0" branchCoverage="0" maxCyclomaticComplexity="1" minCyclomaticComplexity="1" maxCrapScore="2" minCrapScore="2" visitedClasses="0" numClasses="0" visitedMethods="0" numMethods="1" />
              <MetadataToken>100664478</MetadataToken>
              <Name>System.DateTime Humanizer.On/August::get_The5th()</Name>
              <FileRef uid="31" />
              <SequencePoints>
                <SequencePoint vc="0" uspid="700" ordinal="0" offset="0" sl="1863" sc="23" el="1863" ec="68" bec="0" bev="0" fileid="31" />
              </SequencePoints>
              <BranchPoints />
              <MethodPoint xsi:type="SequencePoint" vc="0" uspid="700" ordinal="0" offset="0" sl="1863" sc="23" el="1863" ec="68" bec="0" bev="0" fileid="31" />
            </Method>
            <Method visited="false" cyclomaticComplexity="1" nPathComplexity="0" sequenceCoverage="0" branchCoverage="0" crapScore="2" isConstructor="false" isStatic="true" isGetter="true" isSetter="false">
              <Summary numSequencePoints="1" visitedSequencePoints="0" numBranchPoints="1" visitedBranchPoints="0" sequenceCoverage="0" branchCoverage="0" maxCyclomaticComplexity="1" minCyclomaticComplexity="1" maxCrapScore="2" minCrapScore="2" visitedClasses="0" numClasses="0" visitedMethods="0" numMethods="1" />
              <MetadataToken>100664479</MetadataToken>
              <Name>System.DateTime Humanizer.On/August::get_The6th()</Name>
              <FileRef uid="31" />
              <SequencePoints>
                <SequencePoint vc="0" uspid="701" ordinal="0" offset="0" sl="1871" sc="23" el="1871" ec="68" bec="0" bev="0" fileid="31" />
              </SequencePoints>
              <BranchPoints />
              <MethodPoint xsi:type="SequencePoint" vc="0" uspid="701" ordinal="0" offset="0" sl="1871" sc="23" el="1871" ec="68" bec="0" bev="0" fileid="31" />
            </Method>
            <Method visited="false" cyclomaticComplexity="1" nPathComplexity="0" sequenceCoverage="0" branchCoverage="0" crapScore="2" isConstructor="false" isStatic="true" isGetter="true" isSetter="false">
              <Summary numSequencePoints="1" visitedSequencePoints="0" numBranchPoints="1" visitedBranchPoints="0" sequenceCoverage="0" branchCoverage="0" maxCyclomaticComplexity="1" minCyclomaticComplexity="1" maxCrapScore="2" minCrapScore="2" visitedClasses="0" numClasses="0" visitedMethods="0" numMethods="1" />
              <MetadataToken>100664480</MetadataToken>
              <Name>System.DateTime Humanizer.On/August::get_The7th()</Name>
              <FileRef uid="31" />
              <SequencePoints>
                <SequencePoint vc="0" uspid="702" ordinal="0" offset="0" sl="1879" sc="23" el="1879" ec="68" bec="0" bev="0" fileid="31" />
              </SequencePoints>
              <BranchPoints />
              <MethodPoint xsi:type="SequencePoint" vc="0" uspid="702" ordinal="0" offset="0" sl="1879" sc="23" el="1879" ec="68" bec="0" bev="0" fileid="31" />
            </Method>
            <Method visited="false" cyclomaticComplexity="1" nPathComplexity="0" sequenceCoverage="0" branchCoverage="0" crapScore="2" isConstructor="false" isStatic="true" isGetter="true" isSetter="false">
              <Summary numSequencePoints="1" visitedSequencePoints="0" numBranchPoints="1" visitedBranchPoints="0" sequenceCoverage="0" branchCoverage="0" maxCyclomaticComplexity="1" minCyclomaticComplexity="1" maxCrapScore="2" minCrapScore="2" visitedClasses="0" numClasses="0" visitedMethods="0" numMethods="1" />
              <MetadataToken>100664481</MetadataToken>
              <Name>System.DateTime Humanizer.On/August::get_The8th()</Name>
              <FileRef uid="31" />
              <SequencePoints>
                <SequencePoint vc="0" uspid="703" ordinal="0" offset="0" sl="1887" sc="23" el="1887" ec="68" bec="0" bev="0" fileid="31" />
              </SequencePoints>
              <BranchPoints />
              <MethodPoint xsi:type="SequencePoint" vc="0" uspid="703" ordinal="0" offset="0" sl="1887" sc="23" el="1887" ec="68" bec="0" bev="0" fileid="31" />
            </Method>
            <Method visited="false" cyclomaticComplexity="1" nPathComplexity="0" sequenceCoverage="0" branchCoverage="0" crapScore="2" isConstructor="false" isStatic="true" isGetter="true" isSetter="false">
              <Summary numSequencePoints="1" visitedSequencePoints="0" numBranchPoints="1" visitedBranchPoints="0" sequenceCoverage="0" branchCoverage="0" maxCyclomaticComplexity="1" minCyclomaticComplexity="1" maxCrapScore="2" minCrapScore="2" visitedClasses="0" numClasses="0" visitedMethods="0" numMethods="1" />
              <MetadataToken>100664482</MetadataToken>
              <Name>System.DateTime Humanizer.On/August::get_The9th()</Name>
              <FileRef uid="31" />
              <SequencePoints>
                <SequencePoint vc="0" uspid="704" ordinal="0" offset="0" sl="1895" sc="23" el="1895" ec="68" bec="0" bev="0" fileid="31" />
              </SequencePoints>
              <BranchPoints />
              <MethodPoint xsi:type="SequencePoint" vc="0" uspid="704" ordinal="0" offset="0" sl="1895" sc="23" el="1895" ec="68" bec="0" bev="0" fileid="31" />
            </Method>
            <Method visited="false" cyclomaticComplexity="1" nPathComplexity="0" sequenceCoverage="0" branchCoverage="0" crapScore="2" isConstructor="false" isStatic="true" isGetter="true" isSetter="false">
              <Summary numSequencePoints="1" visitedSequencePoints="0" numBranchPoints="1" visitedBranchPoints="0" sequenceCoverage="0" branchCoverage="0" maxCyclomaticComplexity="1" minCyclomaticComplexity="1" maxCrapScore="2" minCrapScore="2" visitedClasses="0" numClasses="0" visitedMethods="0" numMethods="1" />
              <MetadataToken>100664483</MetadataToken>
              <Name>System.DateTime Humanizer.On/August::get_The10th()</Name>
              <FileRef uid="31" />
              <SequencePoints>
                <SequencePoint vc="0" uspid="705" ordinal="0" offset="0" sl="1903" sc="23" el="1903" ec="69" bec="0" bev="0" fileid="31" />
              </SequencePoints>
              <BranchPoints />
              <MethodPoint xsi:type="SequencePoint" vc="0" uspid="705" ordinal="0" offset="0" sl="1903" sc="23" el="1903" ec="69" bec="0" bev="0" fileid="31" />
            </Method>
            <Method visited="false" cyclomaticComplexity="1" nPathComplexity="0" sequenceCoverage="0" branchCoverage="0" crapScore="2" isConstructor="false" isStatic="true" isGetter="true" isSetter="false">
              <Summary numSequencePoints="1" visitedSequencePoints="0" numBranchPoints="1" visitedBranchPoints="0" sequenceCoverage="0" branchCoverage="0" maxCyclomaticComplexity="1" minCyclomaticComplexity="1" maxCrapScore="2" minCrapScore="2" visitedClasses="0" numClasses="0" visitedMethods="0" numMethods="1" />
              <MetadataToken>100664484</MetadataToken>
              <Name>System.DateTime Humanizer.On/August::get_The11th()</Name>
              <FileRef uid="31" />
              <SequencePoints>
                <SequencePoint vc="0" uspid="706" ordinal="0" offset="0" sl="1911" sc="23" el="1911" ec="69" bec="0" bev="0" fileid="31" />
              </SequencePoints>
              <BranchPoints />
              <MethodPoint xsi:type="SequencePoint" vc="0" uspid="706" ordinal="0" offset="0" sl="1911" sc="23" el="1911" ec="69" bec="0" bev="0" fileid="31" />
            </Method>
            <Method visited="false" cyclomaticComplexity="1" nPathComplexity="0" sequenceCoverage="0" branchCoverage="0" crapScore="2" isConstructor="false" isStatic="true" isGetter="true" isSetter="false">
              <Summary numSequencePoints="1" visitedSequencePoints="0" numBranchPoints="1" visitedBranchPoints="0" sequenceCoverage="0" branchCoverage="0" maxCyclomaticComplexity="1" minCyclomaticComplexity="1" maxCrapScore="2" minCrapScore="2" visitedClasses="0" numClasses="0" visitedMethods="0" numMethods="1" />
              <MetadataToken>100664485</MetadataToken>
              <Name>System.DateTime Humanizer.On/August::get_The12th()</Name>
              <FileRef uid="31" />
              <SequencePoints>
                <SequencePoint vc="0" uspid="707" ordinal="0" offset="0" sl="1919" sc="23" el="1919" ec="69" bec="0" bev="0" fileid="31" />
              </SequencePoints>
              <BranchPoints />
              <MethodPoint xsi:type="SequencePoint" vc="0" uspid="707" ordinal="0" offset="0" sl="1919" sc="23" el="1919" ec="69" bec="0" bev="0" fileid="31" />
            </Method>
            <Method visited="false" cyclomaticComplexity="1" nPathComplexity="0" sequenceCoverage="0" branchCoverage="0" crapScore="2" isConstructor="false" isStatic="true" isGetter="true" isSetter="false">
              <Summary numSequencePoints="1" visitedSequencePoints="0" numBranchPoints="1" visitedBranchPoints="0" sequenceCoverage="0" branchCoverage="0" maxCyclomaticComplexity="1" minCyclomaticComplexity="1" maxCrapScore="2" minCrapScore="2" visitedClasses="0" numClasses="0" visitedMethods="0" numMethods="1" />
              <MetadataToken>100664486</MetadataToken>
              <Name>System.DateTime Humanizer.On/August::get_The13th()</Name>
              <FileRef uid="31" />
              <SequencePoints>
                <SequencePoint vc="0" uspid="708" ordinal="0" offset="0" sl="1927" sc="23" el="1927" ec="69" bec="0" bev="0" fileid="31" />
              </SequencePoints>
              <BranchPoints />
              <MethodPoint xsi:type="SequencePoint" vc="0" uspid="708" ordinal="0" offset="0" sl="1927" sc="23" el="1927" ec="69" bec="0" bev="0" fileid="31" />
            </Method>
            <Method visited="false" cyclomaticComplexity="1" nPathComplexity="0" sequenceCoverage="0" branchCoverage="0" crapScore="2" isConstructor="false" isStatic="true" isGetter="true" isSetter="false">
              <Summary numSequencePoints="1" visitedSequencePoints="0" numBranchPoints="1" visitedBranchPoints="0" sequenceCoverage="0" branchCoverage="0" maxCyclomaticComplexity="1" minCyclomaticComplexity="1" maxCrapScore="2" minCrapScore="2" visitedClasses="0" numClasses="0" visitedMethods="0" numMethods="1" />
              <MetadataToken>100664487</MetadataToken>
              <Name>System.DateTime Humanizer.On/August::get_The14th()</Name>
              <FileRef uid="31" />
              <SequencePoints>
                <SequencePoint vc="0" uspid="709" ordinal="0" offset="0" sl="1935" sc="23" el="1935" ec="69" bec="0" bev="0" fileid="31" />
              </SequencePoints>
              <BranchPoints />
              <MethodPoint xsi:type="SequencePoint" vc="0" uspid="709" ordinal="0" offset="0" sl="1935" sc="23" el="1935" ec="69" bec="0" bev="0" fileid="31" />
            </Method>
            <Method visited="false" cyclomaticComplexity="1" nPathComplexity="0" sequenceCoverage="0" branchCoverage="0" crapScore="2" isConstructor="false" isStatic="true" isGetter="true" isSetter="false">
              <Summary numSequencePoints="1" visitedSequencePoints="0" numBranchPoints="1" visitedBranchPoints="0" sequenceCoverage="0" branchCoverage="0" maxCyclomaticComplexity="1" minCyclomaticComplexity="1" maxCrapScore="2" minCrapScore="2" visitedClasses="0" numClasses="0" visitedMethods="0" numMethods="1" />
              <MetadataToken>100664488</MetadataToken>
              <Name>System.DateTime Humanizer.On/August::get_The15th()</Name>
              <FileRef uid="31" />
              <SequencePoints>
                <SequencePoint vc="0" uspid="710" ordinal="0" offset="0" sl="1943" sc="23" el="1943" ec="69" bec="0" bev="0" fileid="31" />
              </SequencePoints>
              <BranchPoints />
              <MethodPoint xsi:type="SequencePoint" vc="0" uspid="710" ordinal="0" offset="0" sl="1943" sc="23" el="1943" ec="69" bec="0" bev="0" fileid="31" />
            </Method>
            <Method visited="false" cyclomaticComplexity="1" nPathComplexity="0" sequenceCoverage="0" branchCoverage="0" crapScore="2" isConstructor="false" isStatic="true" isGetter="true" isSetter="false">
              <Summary numSequencePoints="1" visitedSequencePoints="0" numBranchPoints="1" visitedBranchPoints="0" sequenceCoverage="0" branchCoverage="0" maxCyclomaticComplexity="1" minCyclomaticComplexity="1" maxCrapScore="2" minCrapScore="2" visitedClasses="0" numClasses="0" visitedMethods="0" numMethods="1" />
              <MetadataToken>100664489</MetadataToken>
              <Name>System.DateTime Humanizer.On/August::get_The16th()</Name>
              <FileRef uid="31" />
              <SequencePoints>
                <SequencePoint vc="0" uspid="711" ordinal="0" offset="0" sl="1951" sc="23" el="1951" ec="69" bec="0" bev="0" fileid="31" />
              </SequencePoints>
              <BranchPoints />
              <MethodPoint xsi:type="SequencePoint" vc="0" uspid="711" ordinal="0" offset="0" sl="1951" sc="23" el="1951" ec="69" bec="0" bev="0" fileid="31" />
            </Method>
            <Method visited="false" cyclomaticComplexity="1" nPathComplexity="0" sequenceCoverage="0" branchCoverage="0" crapScore="2" isConstructor="false" isStatic="true" isGetter="true" isSetter="false">
              <Summary numSequencePoints="1" visitedSequencePoints="0" numBranchPoints="1" visitedBranchPoints="0" sequenceCoverage="0" branchCoverage="0" maxCyclomaticComplexity="1" minCyclomaticComplexity="1" maxCrapScore="2" minCrapScore="2" visitedClasses="0" numClasses="0" visitedMethods="0" numMethods="1" />
              <MetadataToken>100664490</MetadataToken>
              <Name>System.DateTime Humanizer.On/August::get_The17th()</Name>
              <FileRef uid="31" />
              <SequencePoints>
                <SequencePoint vc="0" uspid="712" ordinal="0" offset="0" sl="1959" sc="23" el="1959" ec="69" bec="0" bev="0" fileid="31" />
              </SequencePoints>
              <BranchPoints />
              <MethodPoint xsi:type="SequencePoint" vc="0" uspid="712" ordinal="0" offset="0" sl="1959" sc="23" el="1959" ec="69" bec="0" bev="0" fileid="31" />
            </Method>
            <Method visited="false" cyclomaticComplexity="1" nPathComplexity="0" sequenceCoverage="0" branchCoverage="0" crapScore="2" isConstructor="false" isStatic="true" isGetter="true" isSetter="false">
              <Summary numSequencePoints="1" visitedSequencePoints="0" numBranchPoints="1" visitedBranchPoints="0" sequenceCoverage="0" branchCoverage="0" maxCyclomaticComplexity="1" minCyclomaticComplexity="1" maxCrapScore="2" minCrapScore="2" visitedClasses="0" numClasses="0" visitedMethods="0" numMethods="1" />
              <MetadataToken>100664491</MetadataToken>
              <Name>System.DateTime Humanizer.On/August::get_The18th()</Name>
              <FileRef uid="31" />
              <SequencePoints>
                <SequencePoint vc="0" uspid="713" ordinal="0" offset="0" sl="1967" sc="23" el="1967" ec="69" bec="0" bev="0" fileid="31" />
              </SequencePoints>
              <BranchPoints />
              <MethodPoint xsi:type="SequencePoint" vc="0" uspid="713" ordinal="0" offset="0" sl="1967" sc="23" el="1967" ec="69" bec="0" bev="0" fileid="31" />
            </Method>
            <Method visited="false" cyclomaticComplexity="1" nPathComplexity="0" sequenceCoverage="0" branchCoverage="0" crapScore="2" isConstructor="false" isStatic="true" isGetter="true" isSetter="false">
              <Summary numSequencePoints="1" visitedSequencePoints="0" numBranchPoints="1" visitedBranchPoints="0" sequenceCoverage="0" branchCoverage="0" maxCyclomaticComplexity="1" minCyclomaticComplexity="1" maxCrapScore="2" minCrapScore="2" visitedClasses="0" numClasses="0" visitedMethods="0" numMethods="1" />
              <MetadataToken>100664492</MetadataToken>
              <Name>System.DateTime Humanizer.On/August::get_The19th()</Name>
              <FileRef uid="31" />
              <SequencePoints>
                <SequencePoint vc="0" uspid="714" ordinal="0" offset="0" sl="1975" sc="23" el="1975" ec="69" bec="0" bev="0" fileid="31" />
              </SequencePoints>
              <BranchPoints />
              <MethodPoint xsi:type="SequencePoint" vc="0" uspid="714" ordinal="0" offset="0" sl="1975" sc="23" el="1975" ec="69" bec="0" bev="0" fileid="31" />
            </Method>
            <Method visited="false" cyclomaticComplexity="1" nPathComplexity="0" sequenceCoverage="0" branchCoverage="0" crapScore="2" isConstructor="false" isStatic="true" isGetter="true" isSetter="false">
              <Summary numSequencePoints="1" visitedSequencePoints="0" numBranchPoints="1" visitedBranchPoints="0" sequenceCoverage="0" branchCoverage="0" maxCyclomaticComplexity="1" minCyclomaticComplexity="1" maxCrapScore="2" minCrapScore="2" visitedClasses="0" numClasses="0" visitedMethods="0" numMethods="1" />
              <MetadataToken>100664493</MetadataToken>
              <Name>System.DateTime Humanizer.On/August::get_The20th()</Name>
              <FileRef uid="31" />
              <SequencePoints>
                <SequencePoint vc="0" uspid="715" ordinal="0" offset="0" sl="1983" sc="23" el="1983" ec="69" bec="0" bev="0" fileid="31" />
              </SequencePoints>
              <BranchPoints />
              <MethodPoint xsi:type="SequencePoint" vc="0" uspid="715" ordinal="0" offset="0" sl="1983" sc="23" el="1983" ec="69" bec="0" bev="0" fileid="31" />
            </Method>
            <Method visited="false" cyclomaticComplexity="1" nPathComplexity="0" sequenceCoverage="0" branchCoverage="0" crapScore="2" isConstructor="false" isStatic="true" isGetter="true" isSetter="false">
              <Summary numSequencePoints="1" visitedSequencePoints="0" numBranchPoints="1" visitedBranchPoints="0" sequenceCoverage="0" branchCoverage="0" maxCyclomaticComplexity="1" minCyclomaticComplexity="1" maxCrapScore="2" minCrapScore="2" visitedClasses="0" numClasses="0" visitedMethods="0" numMethods="1" />
              <MetadataToken>100664494</MetadataToken>
              <Name>System.DateTime Humanizer.On/August::get_The21st()</Name>
              <FileRef uid="31" />
              <SequencePoints>
                <SequencePoint vc="0" uspid="716" ordinal="0" offset="0" sl="1991" sc="23" el="1991" ec="69" bec="0" bev="0" fileid="31" />
              </SequencePoints>
              <BranchPoints />
              <MethodPoint xsi:type="SequencePoint" vc="0" uspid="716" ordinal="0" offset="0" sl="1991" sc="23" el="1991" ec="69" bec="0" bev="0" fileid="31" />
            </Method>
            <Method visited="false" cyclomaticComplexity="1" nPathComplexity="0" sequenceCoverage="0" branchCoverage="0" crapScore="2" isConstructor="false" isStatic="true" isGetter="true" isSetter="false">
              <Summary numSequencePoints="1" visitedSequencePoints="0" numBranchPoints="1" visitedBranchPoints="0" sequenceCoverage="0" branchCoverage="0" maxCyclomaticComplexity="1" minCyclomaticComplexity="1" maxCrapScore="2" minCrapScore="2" visitedClasses="0" numClasses="0" visitedMethods="0" numMethods="1" />
              <MetadataToken>100664495</MetadataToken>
              <Name>System.DateTime Humanizer.On/August::get_The22nd()</Name>
              <FileRef uid="31" />
              <SequencePoints>
                <SequencePoint vc="0" uspid="717" ordinal="0" offset="0" sl="1999" sc="23" el="1999" ec="69" bec="0" bev="0" fileid="31" />
              </SequencePoints>
              <BranchPoints />
              <MethodPoint xsi:type="SequencePoint" vc="0" uspid="717" ordinal="0" offset="0" sl="1999" sc="23" el="1999" ec="69" bec="0" bev="0" fileid="31" />
            </Method>
            <Method visited="false" cyclomaticComplexity="1" nPathComplexity="0" sequenceCoverage="0" branchCoverage="0" crapScore="2" isConstructor="false" isStatic="true" isGetter="true" isSetter="false">
              <Summary numSequencePoints="1" visitedSequencePoints="0" numBranchPoints="1" visitedBranchPoints="0" sequenceCoverage="0" branchCoverage="0" maxCyclomaticComplexity="1" minCyclomaticComplexity="1" maxCrapScore="2" minCrapScore="2" visitedClasses="0" numClasses="0" visitedMethods="0" numMethods="1" />
              <MetadataToken>100664496</MetadataToken>
              <Name>System.DateTime Humanizer.On/August::get_The23rd()</Name>
              <FileRef uid="31" />
              <SequencePoints>
                <SequencePoint vc="0" uspid="718" ordinal="0" offset="0" sl="2007" sc="23" el="2007" ec="69" bec="0" bev="0" fileid="31" />
              </SequencePoints>
              <BranchPoints />
              <MethodPoint xsi:type="SequencePoint" vc="0" uspid="718" ordinal="0" offset="0" sl="2007" sc="23" el="2007" ec="69" bec="0" bev="0" fileid="31" />
            </Method>
            <Method visited="false" cyclomaticComplexity="1" nPathComplexity="0" sequenceCoverage="0" branchCoverage="0" crapScore="2" isConstructor="false" isStatic="true" isGetter="true" isSetter="false">
              <Summary numSequencePoints="1" visitedSequencePoints="0" numBranchPoints="1" visitedBranchPoints="0" sequenceCoverage="0" branchCoverage="0" maxCyclomaticComplexity="1" minCyclomaticComplexity="1" maxCrapScore="2" minCrapScore="2" visitedClasses="0" numClasses="0" visitedMethods="0" numMethods="1" />
              <MetadataToken>100664497</MetadataToken>
              <Name>System.DateTime Humanizer.On/August::get_The24th()</Name>
              <FileRef uid="31" />
              <SequencePoints>
                <SequencePoint vc="0" uspid="719" ordinal="0" offset="0" sl="2015" sc="23" el="2015" ec="69" bec="0" bev="0" fileid="31" />
              </SequencePoints>
              <BranchPoints />
              <MethodPoint xsi:type="SequencePoint" vc="0" uspid="719" ordinal="0" offset="0" sl="2015" sc="23" el="2015" ec="69" bec="0" bev="0" fileid="31" />
            </Method>
            <Method visited="false" cyclomaticComplexity="1" nPathComplexity="0" sequenceCoverage="0" branchCoverage="0" crapScore="2" isConstructor="false" isStatic="true" isGetter="true" isSetter="false">
              <Summary numSequencePoints="1" visitedSequencePoints="0" numBranchPoints="1" visitedBranchPoints="0" sequenceCoverage="0" branchCoverage="0" maxCyclomaticComplexity="1" minCyclomaticComplexity="1" maxCrapScore="2" minCrapScore="2" visitedClasses="0" numClasses="0" visitedMethods="0" numMethods="1" />
              <MetadataToken>100664498</MetadataToken>
              <Name>System.DateTime Humanizer.On/August::get_The25th()</Name>
              <FileRef uid="31" />
              <SequencePoints>
                <SequencePoint vc="0" uspid="720" ordinal="0" offset="0" sl="2023" sc="23" el="2023" ec="69" bec="0" bev="0" fileid="31" />
              </SequencePoints>
              <BranchPoints />
              <MethodPoint xsi:type="SequencePoint" vc="0" uspid="720" ordinal="0" offset="0" sl="2023" sc="23" el="2023" ec="69" bec="0" bev="0" fileid="31" />
            </Method>
            <Method visited="false" cyclomaticComplexity="1" nPathComplexity="0" sequenceCoverage="0" branchCoverage="0" crapScore="2" isConstructor="false" isStatic="true" isGetter="true" isSetter="false">
              <Summary numSequencePoints="1" visitedSequencePoints="0" numBranchPoints="1" visitedBranchPoints="0" sequenceCoverage="0" branchCoverage="0" maxCyclomaticComplexity="1" minCyclomaticComplexity="1" maxCrapScore="2" minCrapScore="2" visitedClasses="0" numClasses="0" visitedMethods="0" numMethods="1" />
              <MetadataToken>100664499</MetadataToken>
              <Name>System.DateTime Humanizer.On/August::get_The26th()</Name>
              <FileRef uid="31" />
              <SequencePoints>
                <SequencePoint vc="0" uspid="721" ordinal="0" offset="0" sl="2031" sc="23" el="2031" ec="69" bec="0" bev="0" fileid="31" />
              </SequencePoints>
              <BranchPoints />
              <MethodPoint xsi:type="SequencePoint" vc="0" uspid="721" ordinal="0" offset="0" sl="2031" sc="23" el="2031" ec="69" bec="0" bev="0" fileid="31" />
            </Method>
            <Method visited="false" cyclomaticComplexity="1" nPathComplexity="0" sequenceCoverage="0" branchCoverage="0" crapScore="2" isConstructor="false" isStatic="true" isGetter="true" isSetter="false">
              <Summary numSequencePoints="1" visitedSequencePoints="0" numBranchPoints="1" visitedBranchPoints="0" sequenceCoverage="0" branchCoverage="0" maxCyclomaticComplexity="1" minCyclomaticComplexity="1" maxCrapScore="2" minCrapScore="2" visitedClasses="0" numClasses="0" visitedMethods="0" numMethods="1" />
              <MetadataToken>100664500</MetadataToken>
              <Name>System.DateTime Humanizer.On/August::get_The27th()</Name>
              <FileRef uid="31" />
              <SequencePoints>
                <SequencePoint vc="0" uspid="722" ordinal="0" offset="0" sl="2039" sc="23" el="2039" ec="69" bec="0" bev="0" fileid="31" />
              </SequencePoints>
              <BranchPoints />
              <MethodPoint xsi:type="SequencePoint" vc="0" uspid="722" ordinal="0" offset="0" sl="2039" sc="23" el="2039" ec="69" bec="0" bev="0" fileid="31" />
            </Method>
            <Method visited="false" cyclomaticComplexity="1" nPathComplexity="0" sequenceCoverage="0" branchCoverage="0" crapScore="2" isConstructor="false" isStatic="true" isGetter="true" isSetter="false">
              <Summary numSequencePoints="1" visitedSequencePoints="0" numBranchPoints="1" visitedBranchPoints="0" sequenceCoverage="0" branchCoverage="0" maxCyclomaticComplexity="1" minCyclomaticComplexity="1" maxCrapScore="2" minCrapScore="2" visitedClasses="0" numClasses="0" visitedMethods="0" numMethods="1" />
              <MetadataToken>100664501</MetadataToken>
              <Name>System.DateTime Humanizer.On/August::get_The28th()</Name>
              <FileRef uid="31" />
              <SequencePoints>
                <SequencePoint vc="0" uspid="723" ordinal="0" offset="0" sl="2047" sc="23" el="2047" ec="69" bec="0" bev="0" fileid="31" />
              </SequencePoints>
              <BranchPoints />
              <MethodPoint xsi:type="SequencePoint" vc="0" uspid="723" ordinal="0" offset="0" sl="2047" sc="23" el="2047" ec="69" bec="0" bev="0" fileid="31" />
            </Method>
            <Method visited="false" cyclomaticComplexity="1" nPathComplexity="0" sequenceCoverage="0" branchCoverage="0" crapScore="2" isConstructor="false" isStatic="true" isGetter="true" isSetter="false">
              <Summary numSequencePoints="1" visitedSequencePoints="0" numBranchPoints="1" visitedBranchPoints="0" sequenceCoverage="0" branchCoverage="0" maxCyclomaticComplexity="1" minCyclomaticComplexity="1" maxCrapScore="2" minCrapScore="2" visitedClasses="0" numClasses="0" visitedMethods="0" numMethods="1" />
              <MetadataToken>100664502</MetadataToken>
              <Name>System.DateTime Humanizer.On/August::get_The29th()</Name>
              <FileRef uid="31" />
              <SequencePoints>
                <SequencePoint vc="0" uspid="724" ordinal="0" offset="0" sl="2055" sc="23" el="2055" ec="69" bec="0" bev="0" fileid="31" />
              </SequencePoints>
              <BranchPoints />
              <MethodPoint xsi:type="SequencePoint" vc="0" uspid="724" ordinal="0" offset="0" sl="2055" sc="23" el="2055" ec="69" bec="0" bev="0" fileid="31" />
            </Method>
            <Method visited="false" cyclomaticComplexity="1" nPathComplexity="0" sequenceCoverage="0" branchCoverage="0" crapScore="2" isConstructor="false" isStatic="true" isGetter="true" isSetter="false">
              <Summary numSequencePoints="1" visitedSequencePoints="0" numBranchPoints="1" visitedBranchPoints="0" sequenceCoverage="0" branchCoverage="0" maxCyclomaticComplexity="1" minCyclomaticComplexity="1" maxCrapScore="2" minCrapScore="2" visitedClasses="0" numClasses="0" visitedMethods="0" numMethods="1" />
              <MetadataToken>100664503</MetadataToken>
              <Name>System.DateTime Humanizer.On/August::get_The30th()</Name>
              <FileRef uid="31" />
              <SequencePoints>
                <SequencePoint vc="0" uspid="725" ordinal="0" offset="0" sl="2063" sc="23" el="2063" ec="69" bec="0" bev="0" fileid="31" />
              </SequencePoints>
              <BranchPoints />
              <MethodPoint xsi:type="SequencePoint" vc="0" uspid="725" ordinal="0" offset="0" sl="2063" sc="23" el="2063" ec="69" bec="0" bev="0" fileid="31" />
            </Method>
            <Method visited="false" cyclomaticComplexity="1" nPathComplexity="0" sequenceCoverage="0" branchCoverage="0" crapScore="2" isConstructor="false" isStatic="true" isGetter="true" isSetter="false">
              <Summary numSequencePoints="1" visitedSequencePoints="0" numBranchPoints="1" visitedBranchPoints="0" sequenceCoverage="0" branchCoverage="0" maxCyclomaticComplexity="1" minCyclomaticComplexity="1" maxCrapScore="2" minCrapScore="2" visitedClasses="0" numClasses="0" visitedMethods="0" numMethods="1" />
              <MetadataToken>100664504</MetadataToken>
              <Name>System.DateTime Humanizer.On/August::get_The31st()</Name>
              <FileRef uid="31" />
              <SequencePoints>
                <SequencePoint vc="0" uspid="726" ordinal="0" offset="0" sl="2071" sc="23" el="2071" ec="69" bec="0" bev="0" fileid="31" />
              </SequencePoints>
              <BranchPoints />
              <MethodPoint xsi:type="SequencePoint" vc="0" uspid="726" ordinal="0" offset="0" sl="2071" sc="23" el="2071" ec="69" bec="0" bev="0" fileid="31" />
            </Method>
            <Method visited="false" cyclomaticComplexity="1" nPathComplexity="0" sequenceCoverage="0" branchCoverage="0" crapScore="2" isConstructor="false" isStatic="true" isGetter="false" isSetter="false">
              <Summary numSequencePoints="1" visitedSequencePoints="0" numBranchPoints="1" visitedBranchPoints="0" sequenceCoverage="0" branchCoverage="0" maxCyclomaticComplexity="1" minCyclomaticComplexity="1" maxCrapScore="2" minCrapScore="2" visitedClasses="0" numClasses="0" visitedMethods="0" numMethods="1" />
              <MetadataToken>100664473</MetadataToken>
              <Name>System.DateTime Humanizer.On/August::The(System.Int32)</Name>
              <FileRef uid="31" />
              <SequencePoints>
                <SequencePoint vc="0" uspid="727" ordinal="0" offset="0" sl="1823" sc="17" el="1823" ec="70" bec="0" bev="0" fileid="31" />
              </SequencePoints>
              <BranchPoints />
              <MethodPoint xsi:type="SequencePoint" vc="0" uspid="727" ordinal="0" offset="0" sl="1823" sc="17" el="1823" ec="70" bec="0" bev="0" fileid="31" />
            </Method>
            <Method visited="false" cyclomaticComplexity="1" nPathComplexity="0" sequenceCoverage="0" branchCoverage="0" crapScore="2" isConstructor="true" isStatic="false" isGetter="false" isSetter="false">
              <Summary numSequencePoints="0" visitedSequencePoints="0" numBranchPoints="0" visitedBranchPoints="0" sequenceCoverage="0" branchCoverage="0" maxCyclomaticComplexity="1" minCyclomaticComplexity="1" maxCrapScore="2" minCrapScore="2" visitedClasses="0" numClasses="0" visitedMethods="0" numMethods="0" />
              <MetadataToken>100664505</MetadataToken>
              <Name>System.Void Humanizer.On/August::.ctor()</Name>
              <SequencePoints />
              <BranchPoints />
              <MethodPoint vc="0" uspid="728" ordinal="0" offset="0" />
            </Method>
          </Methods>
        </Class>
        <Class>
          <Summary numSequencePoints="31" visitedSequencePoints="0" numBranchPoints="31" visitedBranchPoints="0" sequenceCoverage="0" branchCoverage="0" maxCyclomaticComplexity="1" minCyclomaticComplexity="1" maxCrapScore="2" minCrapScore="2" visitedClasses="0" numClasses="1" visitedMethods="0" numMethods="31" />
          <FullName>Humanizer.On/September</FullName>
          <Methods>
            <Method visited="false" cyclomaticComplexity="1" nPathComplexity="0" sequenceCoverage="0" branchCoverage="0" crapScore="2" isConstructor="false" isStatic="true" isGetter="true" isSetter="false">
              <Summary numSequencePoints="1" visitedSequencePoints="0" numBranchPoints="1" visitedBranchPoints="0" sequenceCoverage="0" branchCoverage="0" maxCyclomaticComplexity="1" minCyclomaticComplexity="1" maxCrapScore="2" minCrapScore="2" visitedClasses="0" numClasses="0" visitedMethods="0" numMethods="1" />
              <MetadataToken>100664507</MetadataToken>
              <Name>System.DateTime Humanizer.On/September::get_The1st()</Name>
              <FileRef uid="31" />
              <SequencePoints>
                <SequencePoint vc="0" uspid="729" ordinal="0" offset="0" sl="2093" sc="23" el="2093" ec="68" bec="0" bev="0" fileid="31" />
              </SequencePoints>
              <BranchPoints />
              <MethodPoint xsi:type="SequencePoint" vc="0" uspid="729" ordinal="0" offset="0" sl="2093" sc="23" el="2093" ec="68" bec="0" bev="0" fileid="31" />
            </Method>
            <Method visited="false" cyclomaticComplexity="1" nPathComplexity="0" sequenceCoverage="0" branchCoverage="0" crapScore="2" isConstructor="false" isStatic="true" isGetter="true" isSetter="false">
              <Summary numSequencePoints="1" visitedSequencePoints="0" numBranchPoints="1" visitedBranchPoints="0" sequenceCoverage="0" branchCoverage="0" maxCyclomaticComplexity="1" minCyclomaticComplexity="1" maxCrapScore="2" minCrapScore="2" visitedClasses="0" numClasses="0" visitedMethods="0" numMethods="1" />
              <MetadataToken>100664508</MetadataToken>
              <Name>System.DateTime Humanizer.On/September::get_The2nd()</Name>
              <FileRef uid="31" />
              <SequencePoints>
                <SequencePoint vc="0" uspid="730" ordinal="0" offset="0" sl="2101" sc="23" el="2101" ec="68" bec="0" bev="0" fileid="31" />
              </SequencePoints>
              <BranchPoints />
              <MethodPoint xsi:type="SequencePoint" vc="0" uspid="730" ordinal="0" offset="0" sl="2101" sc="23" el="2101" ec="68" bec="0" bev="0" fileid="31" />
            </Method>
            <Method visited="false" cyclomaticComplexity="1" nPathComplexity="0" sequenceCoverage="0" branchCoverage="0" crapScore="2" isConstructor="false" isStatic="true" isGetter="true" isSetter="false">
              <Summary numSequencePoints="1" visitedSequencePoints="0" numBranchPoints="1" visitedBranchPoints="0" sequenceCoverage="0" branchCoverage="0" maxCyclomaticComplexity="1" minCyclomaticComplexity="1" maxCrapScore="2" minCrapScore="2" visitedClasses="0" numClasses="0" visitedMethods="0" numMethods="1" />
              <MetadataToken>100664509</MetadataToken>
              <Name>System.DateTime Humanizer.On/September::get_The3rd()</Name>
              <FileRef uid="31" />
              <SequencePoints>
                <SequencePoint vc="0" uspid="731" ordinal="0" offset="0" sl="2109" sc="23" el="2109" ec="68" bec="0" bev="0" fileid="31" />
              </SequencePoints>
              <BranchPoints />
              <MethodPoint xsi:type="SequencePoint" vc="0" uspid="731" ordinal="0" offset="0" sl="2109" sc="23" el="2109" ec="68" bec="0" bev="0" fileid="31" />
            </Method>
            <Method visited="false" cyclomaticComplexity="1" nPathComplexity="0" sequenceCoverage="0" branchCoverage="0" crapScore="2" isConstructor="false" isStatic="true" isGetter="true" isSetter="false">
              <Summary numSequencePoints="1" visitedSequencePoints="0" numBranchPoints="1" visitedBranchPoints="0" sequenceCoverage="0" branchCoverage="0" maxCyclomaticComplexity="1" minCyclomaticComplexity="1" maxCrapScore="2" minCrapScore="2" visitedClasses="0" numClasses="0" visitedMethods="0" numMethods="1" />
              <MetadataToken>100664510</MetadataToken>
              <Name>System.DateTime Humanizer.On/September::get_The4th()</Name>
              <FileRef uid="31" />
              <SequencePoints>
                <SequencePoint vc="0" uspid="732" ordinal="0" offset="0" sl="2117" sc="23" el="2117" ec="68" bec="0" bev="0" fileid="31" />
              </SequencePoints>
              <BranchPoints />
              <MethodPoint xsi:type="SequencePoint" vc="0" uspid="732" ordinal="0" offset="0" sl="2117" sc="23" el="2117" ec="68" bec="0" bev="0" fileid="31" />
            </Method>
            <Method visited="false" cyclomaticComplexity="1" nPathComplexity="0" sequenceCoverage="0" branchCoverage="0" crapScore="2" isConstructor="false" isStatic="true" isGetter="true" isSetter="false">
              <Summary numSequencePoints="1" visitedSequencePoints="0" numBranchPoints="1" visitedBranchPoints="0" sequenceCoverage="0" branchCoverage="0" maxCyclomaticComplexity="1" minCyclomaticComplexity="1" maxCrapScore="2" minCrapScore="2" visitedClasses="0" numClasses="0" visitedMethods="0" numMethods="1" />
              <MetadataToken>100664511</MetadataToken>
              <Name>System.DateTime Humanizer.On/September::get_The5th()</Name>
              <FileRef uid="31" />
              <SequencePoints>
                <SequencePoint vc="0" uspid="733" ordinal="0" offset="0" sl="2125" sc="23" el="2125" ec="68" bec="0" bev="0" fileid="31" />
              </SequencePoints>
              <BranchPoints />
              <MethodPoint xsi:type="SequencePoint" vc="0" uspid="733" ordinal="0" offset="0" sl="2125" sc="23" el="2125" ec="68" bec="0" bev="0" fileid="31" />
            </Method>
            <Method visited="false" cyclomaticComplexity="1" nPathComplexity="0" sequenceCoverage="0" branchCoverage="0" crapScore="2" isConstructor="false" isStatic="true" isGetter="true" isSetter="false">
              <Summary numSequencePoints="1" visitedSequencePoints="0" numBranchPoints="1" visitedBranchPoints="0" sequenceCoverage="0" branchCoverage="0" maxCyclomaticComplexity="1" minCyclomaticComplexity="1" maxCrapScore="2" minCrapScore="2" visitedClasses="0" numClasses="0" visitedMethods="0" numMethods="1" />
              <MetadataToken>100664512</MetadataToken>
              <Name>System.DateTime Humanizer.On/September::get_The6th()</Name>
              <FileRef uid="31" />
              <SequencePoints>
                <SequencePoint vc="0" uspid="734" ordinal="0" offset="0" sl="2133" sc="23" el="2133" ec="68" bec="0" bev="0" fileid="31" />
              </SequencePoints>
              <BranchPoints />
              <MethodPoint xsi:type="SequencePoint" vc="0" uspid="734" ordinal="0" offset="0" sl="2133" sc="23" el="2133" ec="68" bec="0" bev="0" fileid="31" />
            </Method>
            <Method visited="false" cyclomaticComplexity="1" nPathComplexity="0" sequenceCoverage="0" branchCoverage="0" crapScore="2" isConstructor="false" isStatic="true" isGetter="true" isSetter="false">
              <Summary numSequencePoints="1" visitedSequencePoints="0" numBranchPoints="1" visitedBranchPoints="0" sequenceCoverage="0" branchCoverage="0" maxCyclomaticComplexity="1" minCyclomaticComplexity="1" maxCrapScore="2" minCrapScore="2" visitedClasses="0" numClasses="0" visitedMethods="0" numMethods="1" />
              <MetadataToken>100664513</MetadataToken>
              <Name>System.DateTime Humanizer.On/September::get_The7th()</Name>
              <FileRef uid="31" />
              <SequencePoints>
                <SequencePoint vc="0" uspid="735" ordinal="0" offset="0" sl="2141" sc="23" el="2141" ec="68" bec="0" bev="0" fileid="31" />
              </SequencePoints>
              <BranchPoints />
              <MethodPoint xsi:type="SequencePoint" vc="0" uspid="735" ordinal="0" offset="0" sl="2141" sc="23" el="2141" ec="68" bec="0" bev="0" fileid="31" />
            </Method>
            <Method visited="false" cyclomaticComplexity="1" nPathComplexity="0" sequenceCoverage="0" branchCoverage="0" crapScore="2" isConstructor="false" isStatic="true" isGetter="true" isSetter="false">
              <Summary numSequencePoints="1" visitedSequencePoints="0" numBranchPoints="1" visitedBranchPoints="0" sequenceCoverage="0" branchCoverage="0" maxCyclomaticComplexity="1" minCyclomaticComplexity="1" maxCrapScore="2" minCrapScore="2" visitedClasses="0" numClasses="0" visitedMethods="0" numMethods="1" />
              <MetadataToken>100664514</MetadataToken>
              <Name>System.DateTime Humanizer.On/September::get_The8th()</Name>
              <FileRef uid="31" />
              <SequencePoints>
                <SequencePoint vc="0" uspid="736" ordinal="0" offset="0" sl="2149" sc="23" el="2149" ec="68" bec="0" bev="0" fileid="31" />
              </SequencePoints>
              <BranchPoints />
              <MethodPoint xsi:type="SequencePoint" vc="0" uspid="736" ordinal="0" offset="0" sl="2149" sc="23" el="2149" ec="68" bec="0" bev="0" fileid="31" />
            </Method>
            <Method visited="false" cyclomaticComplexity="1" nPathComplexity="0" sequenceCoverage="0" branchCoverage="0" crapScore="2" isConstructor="false" isStatic="true" isGetter="true" isSetter="false">
              <Summary numSequencePoints="1" visitedSequencePoints="0" numBranchPoints="1" visitedBranchPoints="0" sequenceCoverage="0" branchCoverage="0" maxCyclomaticComplexity="1" minCyclomaticComplexity="1" maxCrapScore="2" minCrapScore="2" visitedClasses="0" numClasses="0" visitedMethods="0" numMethods="1" />
              <MetadataToken>100664515</MetadataToken>
              <Name>System.DateTime Humanizer.On/September::get_The9th()</Name>
              <FileRef uid="31" />
              <SequencePoints>
                <SequencePoint vc="0" uspid="737" ordinal="0" offset="0" sl="2157" sc="23" el="2157" ec="68" bec="0" bev="0" fileid="31" />
              </SequencePoints>
              <BranchPoints />
              <MethodPoint xsi:type="SequencePoint" vc="0" uspid="737" ordinal="0" offset="0" sl="2157" sc="23" el="2157" ec="68" bec="0" bev="0" fileid="31" />
            </Method>
            <Method visited="false" cyclomaticComplexity="1" nPathComplexity="0" sequenceCoverage="0" branchCoverage="0" crapScore="2" isConstructor="false" isStatic="true" isGetter="true" isSetter="false">
              <Summary numSequencePoints="1" visitedSequencePoints="0" numBranchPoints="1" visitedBranchPoints="0" sequenceCoverage="0" branchCoverage="0" maxCyclomaticComplexity="1" minCyclomaticComplexity="1" maxCrapScore="2" minCrapScore="2" visitedClasses="0" numClasses="0" visitedMethods="0" numMethods="1" />
              <MetadataToken>100664516</MetadataToken>
              <Name>System.DateTime Humanizer.On/September::get_The10th()</Name>
              <FileRef uid="31" />
              <SequencePoints>
                <SequencePoint vc="0" uspid="738" ordinal="0" offset="0" sl="2165" sc="23" el="2165" ec="69" bec="0" bev="0" fileid="31" />
              </SequencePoints>
              <BranchPoints />
              <MethodPoint xsi:type="SequencePoint" vc="0" uspid="738" ordinal="0" offset="0" sl="2165" sc="23" el="2165" ec="69" bec="0" bev="0" fileid="31" />
            </Method>
            <Method visited="false" cyclomaticComplexity="1" nPathComplexity="0" sequenceCoverage="0" branchCoverage="0" crapScore="2" isConstructor="false" isStatic="true" isGetter="true" isSetter="false">
              <Summary numSequencePoints="1" visitedSequencePoints="0" numBranchPoints="1" visitedBranchPoints="0" sequenceCoverage="0" branchCoverage="0" maxCyclomaticComplexity="1" minCyclomaticComplexity="1" maxCrapScore="2" minCrapScore="2" visitedClasses="0" numClasses="0" visitedMethods="0" numMethods="1" />
              <MetadataToken>100664517</MetadataToken>
              <Name>System.DateTime Humanizer.On/September::get_The11th()</Name>
              <FileRef uid="31" />
              <SequencePoints>
                <SequencePoint vc="0" uspid="739" ordinal="0" offset="0" sl="2173" sc="23" el="2173" ec="69" bec="0" bev="0" fileid="31" />
              </SequencePoints>
              <BranchPoints />
              <MethodPoint xsi:type="SequencePoint" vc="0" uspid="739" ordinal="0" offset="0" sl="2173" sc="23" el="2173" ec="69" bec="0" bev="0" fileid="31" />
            </Method>
            <Method visited="false" cyclomaticComplexity="1" nPathComplexity="0" sequenceCoverage="0" branchCoverage="0" crapScore="2" isConstructor="false" isStatic="true" isGetter="true" isSetter="false">
              <Summary numSequencePoints="1" visitedSequencePoints="0" numBranchPoints="1" visitedBranchPoints="0" sequenceCoverage="0" branchCoverage="0" maxCyclomaticComplexity="1" minCyclomaticComplexity="1" maxCrapScore="2" minCrapScore="2" visitedClasses="0" numClasses="0" visitedMethods="0" numMethods="1" />
              <MetadataToken>100664518</MetadataToken>
              <Name>System.DateTime Humanizer.On/September::get_The12th()</Name>
              <FileRef uid="31" />
              <SequencePoints>
                <SequencePoint vc="0" uspid="740" ordinal="0" offset="0" sl="2181" sc="23" el="2181" ec="69" bec="0" bev="0" fileid="31" />
              </SequencePoints>
              <BranchPoints />
              <MethodPoint xsi:type="SequencePoint" vc="0" uspid="740" ordinal="0" offset="0" sl="2181" sc="23" el="2181" ec="69" bec="0" bev="0" fileid="31" />
            </Method>
            <Method visited="false" cyclomaticComplexity="1" nPathComplexity="0" sequenceCoverage="0" branchCoverage="0" crapScore="2" isConstructor="false" isStatic="true" isGetter="true" isSetter="false">
              <Summary numSequencePoints="1" visitedSequencePoints="0" numBranchPoints="1" visitedBranchPoints="0" sequenceCoverage="0" branchCoverage="0" maxCyclomaticComplexity="1" minCyclomaticComplexity="1" maxCrapScore="2" minCrapScore="2" visitedClasses="0" numClasses="0" visitedMethods="0" numMethods="1" />
              <MetadataToken>100664519</MetadataToken>
              <Name>System.DateTime Humanizer.On/September::get_The13th()</Name>
              <FileRef uid="31" />
              <SequencePoints>
                <SequencePoint vc="0" uspid="741" ordinal="0" offset="0" sl="2189" sc="23" el="2189" ec="69" bec="0" bev="0" fileid="31" />
              </SequencePoints>
              <BranchPoints />
              <MethodPoint xsi:type="SequencePoint" vc="0" uspid="741" ordinal="0" offset="0" sl="2189" sc="23" el="2189" ec="69" bec="0" bev="0" fileid="31" />
            </Method>
            <Method visited="false" cyclomaticComplexity="1" nPathComplexity="0" sequenceCoverage="0" branchCoverage="0" crapScore="2" isConstructor="false" isStatic="true" isGetter="true" isSetter="false">
              <Summary numSequencePoints="1" visitedSequencePoints="0" numBranchPoints="1" visitedBranchPoints="0" sequenceCoverage="0" branchCoverage="0" maxCyclomaticComplexity="1" minCyclomaticComplexity="1" maxCrapScore="2" minCrapScore="2" visitedClasses="0" numClasses="0" visitedMethods="0" numMethods="1" />
              <MetadataToken>100664520</MetadataToken>
              <Name>System.DateTime Humanizer.On/September::get_The14th()</Name>
              <FileRef uid="31" />
              <SequencePoints>
                <SequencePoint vc="0" uspid="742" ordinal="0" offset="0" sl="2197" sc="23" el="2197" ec="69" bec="0" bev="0" fileid="31" />
              </SequencePoints>
              <BranchPoints />
              <MethodPoint xsi:type="SequencePoint" vc="0" uspid="742" ordinal="0" offset="0" sl="2197" sc="23" el="2197" ec="69" bec="0" bev="0" fileid="31" />
            </Method>
            <Method visited="false" cyclomaticComplexity="1" nPathComplexity="0" sequenceCoverage="0" branchCoverage="0" crapScore="2" isConstructor="false" isStatic="true" isGetter="true" isSetter="false">
              <Summary numSequencePoints="1" visitedSequencePoints="0" numBranchPoints="1" visitedBranchPoints="0" sequenceCoverage="0" branchCoverage="0" maxCyclomaticComplexity="1" minCyclomaticComplexity="1" maxCrapScore="2" minCrapScore="2" visitedClasses="0" numClasses="0" visitedMethods="0" numMethods="1" />
              <MetadataToken>100664521</MetadataToken>
              <Name>System.DateTime Humanizer.On/September::get_The15th()</Name>
              <FileRef uid="31" />
              <SequencePoints>
                <SequencePoint vc="0" uspid="743" ordinal="0" offset="0" sl="2205" sc="23" el="2205" ec="69" bec="0" bev="0" fileid="31" />
              </SequencePoints>
              <BranchPoints />
              <MethodPoint xsi:type="SequencePoint" vc="0" uspid="743" ordinal="0" offset="0" sl="2205" sc="23" el="2205" ec="69" bec="0" bev="0" fileid="31" />
            </Method>
            <Method visited="false" cyclomaticComplexity="1" nPathComplexity="0" sequenceCoverage="0" branchCoverage="0" crapScore="2" isConstructor="false" isStatic="true" isGetter="true" isSetter="false">
              <Summary numSequencePoints="1" visitedSequencePoints="0" numBranchPoints="1" visitedBranchPoints="0" sequenceCoverage="0" branchCoverage="0" maxCyclomaticComplexity="1" minCyclomaticComplexity="1" maxCrapScore="2" minCrapScore="2" visitedClasses="0" numClasses="0" visitedMethods="0" numMethods="1" />
              <MetadataToken>100664522</MetadataToken>
              <Name>System.DateTime Humanizer.On/September::get_The16th()</Name>
              <FileRef uid="31" />
              <SequencePoints>
                <SequencePoint vc="0" uspid="744" ordinal="0" offset="0" sl="2213" sc="23" el="2213" ec="69" bec="0" bev="0" fileid="31" />
              </SequencePoints>
              <BranchPoints />
              <MethodPoint xsi:type="SequencePoint" vc="0" uspid="744" ordinal="0" offset="0" sl="2213" sc="23" el="2213" ec="69" bec="0" bev="0" fileid="31" />
            </Method>
            <Method visited="false" cyclomaticComplexity="1" nPathComplexity="0" sequenceCoverage="0" branchCoverage="0" crapScore="2" isConstructor="false" isStatic="true" isGetter="true" isSetter="false">
              <Summary numSequencePoints="1" visitedSequencePoints="0" numBranchPoints="1" visitedBranchPoints="0" sequenceCoverage="0" branchCoverage="0" maxCyclomaticComplexity="1" minCyclomaticComplexity="1" maxCrapScore="2" minCrapScore="2" visitedClasses="0" numClasses="0" visitedMethods="0" numMethods="1" />
              <MetadataToken>100664523</MetadataToken>
              <Name>System.DateTime Humanizer.On/September::get_The17th()</Name>
              <FileRef uid="31" />
              <SequencePoints>
                <SequencePoint vc="0" uspid="745" ordinal="0" offset="0" sl="2221" sc="23" el="2221" ec="69" bec="0" bev="0" fileid="31" />
              </SequencePoints>
              <BranchPoints />
              <MethodPoint xsi:type="SequencePoint" vc="0" uspid="745" ordinal="0" offset="0" sl="2221" sc="23" el="2221" ec="69" bec="0" bev="0" fileid="31" />
            </Method>
            <Method visited="false" cyclomaticComplexity="1" nPathComplexity="0" sequenceCoverage="0" branchCoverage="0" crapScore="2" isConstructor="false" isStatic="true" isGetter="true" isSetter="false">
              <Summary numSequencePoints="1" visitedSequencePoints="0" numBranchPoints="1" visitedBranchPoints="0" sequenceCoverage="0" branchCoverage="0" maxCyclomaticComplexity="1" minCyclomaticComplexity="1" maxCrapScore="2" minCrapScore="2" visitedClasses="0" numClasses="0" visitedMethods="0" numMethods="1" />
              <MetadataToken>100664524</MetadataToken>
              <Name>System.DateTime Humanizer.On/September::get_The18th()</Name>
              <FileRef uid="31" />
              <SequencePoints>
                <SequencePoint vc="0" uspid="746" ordinal="0" offset="0" sl="2229" sc="23" el="2229" ec="69" bec="0" bev="0" fileid="31" />
              </SequencePoints>
              <BranchPoints />
              <MethodPoint xsi:type="SequencePoint" vc="0" uspid="746" ordinal="0" offset="0" sl="2229" sc="23" el="2229" ec="69" bec="0" bev="0" fileid="31" />
            </Method>
            <Method visited="false" cyclomaticComplexity="1" nPathComplexity="0" sequenceCoverage="0" branchCoverage="0" crapScore="2" isConstructor="false" isStatic="true" isGetter="true" isSetter="false">
              <Summary numSequencePoints="1" visitedSequencePoints="0" numBranchPoints="1" visitedBranchPoints="0" sequenceCoverage="0" branchCoverage="0" maxCyclomaticComplexity="1" minCyclomaticComplexity="1" maxCrapScore="2" minCrapScore="2" visitedClasses="0" numClasses="0" visitedMethods="0" numMethods="1" />
              <MetadataToken>100664525</MetadataToken>
              <Name>System.DateTime Humanizer.On/September::get_The19th()</Name>
              <FileRef uid="31" />
              <SequencePoints>
                <SequencePoint vc="0" uspid="747" ordinal="0" offset="0" sl="2237" sc="23" el="2237" ec="69" bec="0" bev="0" fileid="31" />
              </SequencePoints>
              <BranchPoints />
              <MethodPoint xsi:type="SequencePoint" vc="0" uspid="747" ordinal="0" offset="0" sl="2237" sc="23" el="2237" ec="69" bec="0" bev="0" fileid="31" />
            </Method>
            <Method visited="false" cyclomaticComplexity="1" nPathComplexity="0" sequenceCoverage="0" branchCoverage="0" crapScore="2" isConstructor="false" isStatic="true" isGetter="true" isSetter="false">
              <Summary numSequencePoints="1" visitedSequencePoints="0" numBranchPoints="1" visitedBranchPoints="0" sequenceCoverage="0" branchCoverage="0" maxCyclomaticComplexity="1" minCyclomaticComplexity="1" maxCrapScore="2" minCrapScore="2" visitedClasses="0" numClasses="0" visitedMethods="0" numMethods="1" />
              <MetadataToken>100664526</MetadataToken>
              <Name>System.DateTime Humanizer.On/September::get_The20th()</Name>
              <FileRef uid="31" />
              <SequencePoints>
                <SequencePoint vc="0" uspid="748" ordinal="0" offset="0" sl="2245" sc="23" el="2245" ec="69" bec="0" bev="0" fileid="31" />
              </SequencePoints>
              <BranchPoints />
              <MethodPoint xsi:type="SequencePoint" vc="0" uspid="748" ordinal="0" offset="0" sl="2245" sc="23" el="2245" ec="69" bec="0" bev="0" fileid="31" />
            </Method>
            <Method visited="false" cyclomaticComplexity="1" nPathComplexity="0" sequenceCoverage="0" branchCoverage="0" crapScore="2" isConstructor="false" isStatic="true" isGetter="true" isSetter="false">
              <Summary numSequencePoints="1" visitedSequencePoints="0" numBranchPoints="1" visitedBranchPoints="0" sequenceCoverage="0" branchCoverage="0" maxCyclomaticComplexity="1" minCyclomaticComplexity="1" maxCrapScore="2" minCrapScore="2" visitedClasses="0" numClasses="0" visitedMethods="0" numMethods="1" />
              <MetadataToken>100664527</MetadataToken>
              <Name>System.DateTime Humanizer.On/September::get_The21st()</Name>
              <FileRef uid="31" />
              <SequencePoints>
                <SequencePoint vc="0" uspid="749" ordinal="0" offset="0" sl="2253" sc="23" el="2253" ec="69" bec="0" bev="0" fileid="31" />
              </SequencePoints>
              <BranchPoints />
              <MethodPoint xsi:type="SequencePoint" vc="0" uspid="749" ordinal="0" offset="0" sl="2253" sc="23" el="2253" ec="69" bec="0" bev="0" fileid="31" />
            </Method>
            <Method visited="false" cyclomaticComplexity="1" nPathComplexity="0" sequenceCoverage="0" branchCoverage="0" crapScore="2" isConstructor="false" isStatic="true" isGetter="true" isSetter="false">
              <Summary numSequencePoints="1" visitedSequencePoints="0" numBranchPoints="1" visitedBranchPoints="0" sequenceCoverage="0" branchCoverage="0" maxCyclomaticComplexity="1" minCyclomaticComplexity="1" maxCrapScore="2" minCrapScore="2" visitedClasses="0" numClasses="0" visitedMethods="0" numMethods="1" />
              <MetadataToken>100664528</MetadataToken>
              <Name>System.DateTime Humanizer.On/September::get_The22nd()</Name>
              <FileRef uid="31" />
              <SequencePoints>
                <SequencePoint vc="0" uspid="750" ordinal="0" offset="0" sl="2261" sc="23" el="2261" ec="69" bec="0" bev="0" fileid="31" />
              </SequencePoints>
              <BranchPoints />
              <MethodPoint xsi:type="SequencePoint" vc="0" uspid="750" ordinal="0" offset="0" sl="2261" sc="23" el="2261" ec="69" bec="0" bev="0" fileid="31" />
            </Method>
            <Method visited="false" cyclomaticComplexity="1" nPathComplexity="0" sequenceCoverage="0" branchCoverage="0" crapScore="2" isConstructor="false" isStatic="true" isGetter="true" isSetter="false">
              <Summary numSequencePoints="1" visitedSequencePoints="0" numBranchPoints="1" visitedBranchPoints="0" sequenceCoverage="0" branchCoverage="0" maxCyclomaticComplexity="1" minCyclomaticComplexity="1" maxCrapScore="2" minCrapScore="2" visitedClasses="0" numClasses="0" visitedMethods="0" numMethods="1" />
              <MetadataToken>100664529</MetadataToken>
              <Name>System.DateTime Humanizer.On/September::get_The23rd()</Name>
              <FileRef uid="31" />
              <SequencePoints>
                <SequencePoint vc="0" uspid="751" ordinal="0" offset="0" sl="2269" sc="23" el="2269" ec="69" bec="0" bev="0" fileid="31" />
              </SequencePoints>
              <BranchPoints />
              <MethodPoint xsi:type="SequencePoint" vc="0" uspid="751" ordinal="0" offset="0" sl="2269" sc="23" el="2269" ec="69" bec="0" bev="0" fileid="31" />
            </Method>
            <Method visited="false" cyclomaticComplexity="1" nPathComplexity="0" sequenceCoverage="0" branchCoverage="0" crapScore="2" isConstructor="false" isStatic="true" isGetter="true" isSetter="false">
              <Summary numSequencePoints="1" visitedSequencePoints="0" numBranchPoints="1" visitedBranchPoints="0" sequenceCoverage="0" branchCoverage="0" maxCyclomaticComplexity="1" minCyclomaticComplexity="1" maxCrapScore="2" minCrapScore="2" visitedClasses="0" numClasses="0" visitedMethods="0" numMethods="1" />
              <MetadataToken>100664530</MetadataToken>
              <Name>System.DateTime Humanizer.On/September::get_The24th()</Name>
              <FileRef uid="31" />
              <SequencePoints>
                <SequencePoint vc="0" uspid="752" ordinal="0" offset="0" sl="2277" sc="23" el="2277" ec="69" bec="0" bev="0" fileid="31" />
              </SequencePoints>
              <BranchPoints />
              <MethodPoint xsi:type="SequencePoint" vc="0" uspid="752" ordinal="0" offset="0" sl="2277" sc="23" el="2277" ec="69" bec="0" bev="0" fileid="31" />
            </Method>
            <Method visited="false" cyclomaticComplexity="1" nPathComplexity="0" sequenceCoverage="0" branchCoverage="0" crapScore="2" isConstructor="false" isStatic="true" isGetter="true" isSetter="false">
              <Summary numSequencePoints="1" visitedSequencePoints="0" numBranchPoints="1" visitedBranchPoints="0" sequenceCoverage="0" branchCoverage="0" maxCyclomaticComplexity="1" minCyclomaticComplexity="1" maxCrapScore="2" minCrapScore="2" visitedClasses="0" numClasses="0" visitedMethods="0" numMethods="1" />
              <MetadataToken>100664531</MetadataToken>
              <Name>System.DateTime Humanizer.On/September::get_The25th()</Name>
              <FileRef uid="31" />
              <SequencePoints>
                <SequencePoint vc="0" uspid="753" ordinal="0" offset="0" sl="2285" sc="23" el="2285" ec="69" bec="0" bev="0" fileid="31" />
              </SequencePoints>
              <BranchPoints />
              <MethodPoint xsi:type="SequencePoint" vc="0" uspid="753" ordinal="0" offset="0" sl="2285" sc="23" el="2285" ec="69" bec="0" bev="0" fileid="31" />
            </Method>
            <Method visited="false" cyclomaticComplexity="1" nPathComplexity="0" sequenceCoverage="0" branchCoverage="0" crapScore="2" isConstructor="false" isStatic="true" isGetter="true" isSetter="false">
              <Summary numSequencePoints="1" visitedSequencePoints="0" numBranchPoints="1" visitedBranchPoints="0" sequenceCoverage="0" branchCoverage="0" maxCyclomaticComplexity="1" minCyclomaticComplexity="1" maxCrapScore="2" minCrapScore="2" visitedClasses="0" numClasses="0" visitedMethods="0" numMethods="1" />
              <MetadataToken>100664532</MetadataToken>
              <Name>System.DateTime Humanizer.On/September::get_The26th()</Name>
              <FileRef uid="31" />
              <SequencePoints>
                <SequencePoint vc="0" uspid="754" ordinal="0" offset="0" sl="2293" sc="23" el="2293" ec="69" bec="0" bev="0" fileid="31" />
              </SequencePoints>
              <BranchPoints />
              <MethodPoint xsi:type="SequencePoint" vc="0" uspid="754" ordinal="0" offset="0" sl="2293" sc="23" el="2293" ec="69" bec="0" bev="0" fileid="31" />
            </Method>
            <Method visited="false" cyclomaticComplexity="1" nPathComplexity="0" sequenceCoverage="0" branchCoverage="0" crapScore="2" isConstructor="false" isStatic="true" isGetter="true" isSetter="false">
              <Summary numSequencePoints="1" visitedSequencePoints="0" numBranchPoints="1" visitedBranchPoints="0" sequenceCoverage="0" branchCoverage="0" maxCyclomaticComplexity="1" minCyclomaticComplexity="1" maxCrapScore="2" minCrapScore="2" visitedClasses="0" numClasses="0" visitedMethods="0" numMethods="1" />
              <MetadataToken>100664533</MetadataToken>
              <Name>System.DateTime Humanizer.On/September::get_The27th()</Name>
              <FileRef uid="31" />
              <SequencePoints>
                <SequencePoint vc="0" uspid="755" ordinal="0" offset="0" sl="2301" sc="23" el="2301" ec="69" bec="0" bev="0" fileid="31" />
              </SequencePoints>
              <BranchPoints />
              <MethodPoint xsi:type="SequencePoint" vc="0" uspid="755" ordinal="0" offset="0" sl="2301" sc="23" el="2301" ec="69" bec="0" bev="0" fileid="31" />
            </Method>
            <Method visited="false" cyclomaticComplexity="1" nPathComplexity="0" sequenceCoverage="0" branchCoverage="0" crapScore="2" isConstructor="false" isStatic="true" isGetter="true" isSetter="false">
              <Summary numSequencePoints="1" visitedSequencePoints="0" numBranchPoints="1" visitedBranchPoints="0" sequenceCoverage="0" branchCoverage="0" maxCyclomaticComplexity="1" minCyclomaticComplexity="1" maxCrapScore="2" minCrapScore="2" visitedClasses="0" numClasses="0" visitedMethods="0" numMethods="1" />
              <MetadataToken>100664534</MetadataToken>
              <Name>System.DateTime Humanizer.On/September::get_The28th()</Name>
              <FileRef uid="31" />
              <SequencePoints>
                <SequencePoint vc="0" uspid="756" ordinal="0" offset="0" sl="2309" sc="23" el="2309" ec="69" bec="0" bev="0" fileid="31" />
              </SequencePoints>
              <BranchPoints />
              <MethodPoint xsi:type="SequencePoint" vc="0" uspid="756" ordinal="0" offset="0" sl="2309" sc="23" el="2309" ec="69" bec="0" bev="0" fileid="31" />
            </Method>
            <Method visited="false" cyclomaticComplexity="1" nPathComplexity="0" sequenceCoverage="0" branchCoverage="0" crapScore="2" isConstructor="false" isStatic="true" isGetter="true" isSetter="false">
              <Summary numSequencePoints="1" visitedSequencePoints="0" numBranchPoints="1" visitedBranchPoints="0" sequenceCoverage="0" branchCoverage="0" maxCyclomaticComplexity="1" minCyclomaticComplexity="1" maxCrapScore="2" minCrapScore="2" visitedClasses="0" numClasses="0" visitedMethods="0" numMethods="1" />
              <MetadataToken>100664535</MetadataToken>
              <Name>System.DateTime Humanizer.On/September::get_The29th()</Name>
              <FileRef uid="31" />
              <SequencePoints>
                <SequencePoint vc="0" uspid="757" ordinal="0" offset="0" sl="2317" sc="23" el="2317" ec="69" bec="0" bev="0" fileid="31" />
              </SequencePoints>
              <BranchPoints />
              <MethodPoint xsi:type="SequencePoint" vc="0" uspid="757" ordinal="0" offset="0" sl="2317" sc="23" el="2317" ec="69" bec="0" bev="0" fileid="31" />
            </Method>
            <Method visited="false" cyclomaticComplexity="1" nPathComplexity="0" sequenceCoverage="0" branchCoverage="0" crapScore="2" isConstructor="false" isStatic="true" isGetter="true" isSetter="false">
              <Summary numSequencePoints="1" visitedSequencePoints="0" numBranchPoints="1" visitedBranchPoints="0" sequenceCoverage="0" branchCoverage="0" maxCyclomaticComplexity="1" minCyclomaticComplexity="1" maxCrapScore="2" minCrapScore="2" visitedClasses="0" numClasses="0" visitedMethods="0" numMethods="1" />
              <MetadataToken>100664536</MetadataToken>
              <Name>System.DateTime Humanizer.On/September::get_The30th()</Name>
              <FileRef uid="31" />
              <SequencePoints>
                <SequencePoint vc="0" uspid="758" ordinal="0" offset="0" sl="2325" sc="23" el="2325" ec="69" bec="0" bev="0" fileid="31" />
              </SequencePoints>
              <BranchPoints />
              <MethodPoint xsi:type="SequencePoint" vc="0" uspid="758" ordinal="0" offset="0" sl="2325" sc="23" el="2325" ec="69" bec="0" bev="0" fileid="31" />
            </Method>
            <Method visited="false" cyclomaticComplexity="1" nPathComplexity="0" sequenceCoverage="0" branchCoverage="0" crapScore="2" isConstructor="false" isStatic="true" isGetter="false" isSetter="false">
              <Summary numSequencePoints="1" visitedSequencePoints="0" numBranchPoints="1" visitedBranchPoints="0" sequenceCoverage="0" branchCoverage="0" maxCyclomaticComplexity="1" minCyclomaticComplexity="1" maxCrapScore="2" minCrapScore="2" visitedClasses="0" numClasses="0" visitedMethods="0" numMethods="1" />
              <MetadataToken>100664506</MetadataToken>
              <Name>System.DateTime Humanizer.On/September::The(System.Int32)</Name>
              <FileRef uid="31" />
              <SequencePoints>
                <SequencePoint vc="0" uspid="759" ordinal="0" offset="0" sl="2085" sc="17" el="2085" ec="70" bec="0" bev="0" fileid="31" />
              </SequencePoints>
              <BranchPoints />
              <MethodPoint xsi:type="SequencePoint" vc="0" uspid="759" ordinal="0" offset="0" sl="2085" sc="17" el="2085" ec="70" bec="0" bev="0" fileid="31" />
            </Method>
            <Method visited="false" cyclomaticComplexity="1" nPathComplexity="0" sequenceCoverage="0" branchCoverage="0" crapScore="2" isConstructor="true" isStatic="false" isGetter="false" isSetter="false">
              <Summary numSequencePoints="0" visitedSequencePoints="0" numBranchPoints="0" visitedBranchPoints="0" sequenceCoverage="0" branchCoverage="0" maxCyclomaticComplexity="1" minCyclomaticComplexity="1" maxCrapScore="2" minCrapScore="2" visitedClasses="0" numClasses="0" visitedMethods="0" numMethods="0" />
              <MetadataToken>100664537</MetadataToken>
              <Name>System.Void Humanizer.On/September::.ctor()</Name>
              <SequencePoints />
              <BranchPoints />
              <MethodPoint vc="0" uspid="760" ordinal="0" offset="0" />
            </Method>
          </Methods>
        </Class>
        <Class>
          <Summary numSequencePoints="32" visitedSequencePoints="0" numBranchPoints="32" visitedBranchPoints="0" sequenceCoverage="0" branchCoverage="0" maxCyclomaticComplexity="1" minCyclomaticComplexity="1" maxCrapScore="2" minCrapScore="2" visitedClasses="0" numClasses="1" visitedMethods="0" numMethods="32" />
          <FullName>Humanizer.On/October</FullName>
          <Methods>
            <Method visited="false" cyclomaticComplexity="1" nPathComplexity="0" sequenceCoverage="0" branchCoverage="0" crapScore="2" isConstructor="false" isStatic="true" isGetter="true" isSetter="false">
              <Summary numSequencePoints="1" visitedSequencePoints="0" numBranchPoints="1" visitedBranchPoints="0" sequenceCoverage="0" branchCoverage="0" maxCyclomaticComplexity="1" minCyclomaticComplexity="1" maxCrapScore="2" minCrapScore="2" visitedClasses="0" numClasses="0" visitedMethods="0" numMethods="1" />
              <MetadataToken>100664539</MetadataToken>
              <Name>System.DateTime Humanizer.On/October::get_The1st()</Name>
              <FileRef uid="31" />
              <SequencePoints>
                <SequencePoint vc="0" uspid="761" ordinal="0" offset="0" sl="2347" sc="23" el="2347" ec="69" bec="0" bev="0" fileid="31" />
              </SequencePoints>
              <BranchPoints />
              <MethodPoint xsi:type="SequencePoint" vc="0" uspid="761" ordinal="0" offset="0" sl="2347" sc="23" el="2347" ec="69" bec="0" bev="0" fileid="31" />
            </Method>
            <Method visited="false" cyclomaticComplexity="1" nPathComplexity="0" sequenceCoverage="0" branchCoverage="0" crapScore="2" isConstructor="false" isStatic="true" isGetter="true" isSetter="false">
              <Summary numSequencePoints="1" visitedSequencePoints="0" numBranchPoints="1" visitedBranchPoints="0" sequenceCoverage="0" branchCoverage="0" maxCyclomaticComplexity="1" minCyclomaticComplexity="1" maxCrapScore="2" minCrapScore="2" visitedClasses="0" numClasses="0" visitedMethods="0" numMethods="1" />
              <MetadataToken>100664540</MetadataToken>
              <Name>System.DateTime Humanizer.On/October::get_The2nd()</Name>
              <FileRef uid="31" />
              <SequencePoints>
                <SequencePoint vc="0" uspid="762" ordinal="0" offset="0" sl="2355" sc="23" el="2355" ec="69" bec="0" bev="0" fileid="31" />
              </SequencePoints>
              <BranchPoints />
              <MethodPoint xsi:type="SequencePoint" vc="0" uspid="762" ordinal="0" offset="0" sl="2355" sc="23" el="2355" ec="69" bec="0" bev="0" fileid="31" />
            </Method>
            <Method visited="false" cyclomaticComplexity="1" nPathComplexity="0" sequenceCoverage="0" branchCoverage="0" crapScore="2" isConstructor="false" isStatic="true" isGetter="true" isSetter="false">
              <Summary numSequencePoints="1" visitedSequencePoints="0" numBranchPoints="1" visitedBranchPoints="0" sequenceCoverage="0" branchCoverage="0" maxCyclomaticComplexity="1" minCyclomaticComplexity="1" maxCrapScore="2" minCrapScore="2" visitedClasses="0" numClasses="0" visitedMethods="0" numMethods="1" />
              <MetadataToken>100664541</MetadataToken>
              <Name>System.DateTime Humanizer.On/October::get_The3rd()</Name>
              <FileRef uid="31" />
              <SequencePoints>
                <SequencePoint vc="0" uspid="763" ordinal="0" offset="0" sl="2363" sc="23" el="2363" ec="69" bec="0" bev="0" fileid="31" />
              </SequencePoints>
              <BranchPoints />
              <MethodPoint xsi:type="SequencePoint" vc="0" uspid="763" ordinal="0" offset="0" sl="2363" sc="23" el="2363" ec="69" bec="0" bev="0" fileid="31" />
            </Method>
            <Method visited="false" cyclomaticComplexity="1" nPathComplexity="0" sequenceCoverage="0" branchCoverage="0" crapScore="2" isConstructor="false" isStatic="true" isGetter="true" isSetter="false">
              <Summary numSequencePoints="1" visitedSequencePoints="0" numBranchPoints="1" visitedBranchPoints="0" sequenceCoverage="0" branchCoverage="0" maxCyclomaticComplexity="1" minCyclomaticComplexity="1" maxCrapScore="2" minCrapScore="2" visitedClasses="0" numClasses="0" visitedMethods="0" numMethods="1" />
              <MetadataToken>100664542</MetadataToken>
              <Name>System.DateTime Humanizer.On/October::get_The4th()</Name>
              <FileRef uid="31" />
              <SequencePoints>
                <SequencePoint vc="0" uspid="764" ordinal="0" offset="0" sl="2371" sc="23" el="2371" ec="69" bec="0" bev="0" fileid="31" />
              </SequencePoints>
              <BranchPoints />
              <MethodPoint xsi:type="SequencePoint" vc="0" uspid="764" ordinal="0" offset="0" sl="2371" sc="23" el="2371" ec="69" bec="0" bev="0" fileid="31" />
            </Method>
            <Method visited="false" cyclomaticComplexity="1" nPathComplexity="0" sequenceCoverage="0" branchCoverage="0" crapScore="2" isConstructor="false" isStatic="true" isGetter="true" isSetter="false">
              <Summary numSequencePoints="1" visitedSequencePoints="0" numBranchPoints="1" visitedBranchPoints="0" sequenceCoverage="0" branchCoverage="0" maxCyclomaticComplexity="1" minCyclomaticComplexity="1" maxCrapScore="2" minCrapScore="2" visitedClasses="0" numClasses="0" visitedMethods="0" numMethods="1" />
              <MetadataToken>100664543</MetadataToken>
              <Name>System.DateTime Humanizer.On/October::get_The5th()</Name>
              <FileRef uid="31" />
              <SequencePoints>
                <SequencePoint vc="0" uspid="765" ordinal="0" offset="0" sl="2379" sc="23" el="2379" ec="69" bec="0" bev="0" fileid="31" />
              </SequencePoints>
              <BranchPoints />
              <MethodPoint xsi:type="SequencePoint" vc="0" uspid="765" ordinal="0" offset="0" sl="2379" sc="23" el="2379" ec="69" bec="0" bev="0" fileid="31" />
            </Method>
            <Method visited="false" cyclomaticComplexity="1" nPathComplexity="0" sequenceCoverage="0" branchCoverage="0" crapScore="2" isConstructor="false" isStatic="true" isGetter="true" isSetter="false">
              <Summary numSequencePoints="1" visitedSequencePoints="0" numBranchPoints="1" visitedBranchPoints="0" sequenceCoverage="0" branchCoverage="0" maxCyclomaticComplexity="1" minCyclomaticComplexity="1" maxCrapScore="2" minCrapScore="2" visitedClasses="0" numClasses="0" visitedMethods="0" numMethods="1" />
              <MetadataToken>100664544</MetadataToken>
              <Name>System.DateTime Humanizer.On/October::get_The6th()</Name>
              <FileRef uid="31" />
              <SequencePoints>
                <SequencePoint vc="0" uspid="766" ordinal="0" offset="0" sl="2387" sc="23" el="2387" ec="69" bec="0" bev="0" fileid="31" />
              </SequencePoints>
              <BranchPoints />
              <MethodPoint xsi:type="SequencePoint" vc="0" uspid="766" ordinal="0" offset="0" sl="2387" sc="23" el="2387" ec="69" bec="0" bev="0" fileid="31" />
            </Method>
            <Method visited="false" cyclomaticComplexity="1" nPathComplexity="0" sequenceCoverage="0" branchCoverage="0" crapScore="2" isConstructor="false" isStatic="true" isGetter="true" isSetter="false">
              <Summary numSequencePoints="1" visitedSequencePoints="0" numBranchPoints="1" visitedBranchPoints="0" sequenceCoverage="0" branchCoverage="0" maxCyclomaticComplexity="1" minCyclomaticComplexity="1" maxCrapScore="2" minCrapScore="2" visitedClasses="0" numClasses="0" visitedMethods="0" numMethods="1" />
              <MetadataToken>100664545</MetadataToken>
              <Name>System.DateTime Humanizer.On/October::get_The7th()</Name>
              <FileRef uid="31" />
              <SequencePoints>
                <SequencePoint vc="0" uspid="767" ordinal="0" offset="0" sl="2395" sc="23" el="2395" ec="69" bec="0" bev="0" fileid="31" />
              </SequencePoints>
              <BranchPoints />
              <MethodPoint xsi:type="SequencePoint" vc="0" uspid="767" ordinal="0" offset="0" sl="2395" sc="23" el="2395" ec="69" bec="0" bev="0" fileid="31" />
            </Method>
            <Method visited="false" cyclomaticComplexity="1" nPathComplexity="0" sequenceCoverage="0" branchCoverage="0" crapScore="2" isConstructor="false" isStatic="true" isGetter="true" isSetter="false">
              <Summary numSequencePoints="1" visitedSequencePoints="0" numBranchPoints="1" visitedBranchPoints="0" sequenceCoverage="0" branchCoverage="0" maxCyclomaticComplexity="1" minCyclomaticComplexity="1" maxCrapScore="2" minCrapScore="2" visitedClasses="0" numClasses="0" visitedMethods="0" numMethods="1" />
              <MetadataToken>100664546</MetadataToken>
              <Name>System.DateTime Humanizer.On/October::get_The8th()</Name>
              <FileRef uid="31" />
              <SequencePoints>
                <SequencePoint vc="0" uspid="768" ordinal="0" offset="0" sl="2403" sc="23" el="2403" ec="69" bec="0" bev="0" fileid="31" />
              </SequencePoints>
              <BranchPoints />
              <MethodPoint xsi:type="SequencePoint" vc="0" uspid="768" ordinal="0" offset="0" sl="2403" sc="23" el="2403" ec="69" bec="0" bev="0" fileid="31" />
            </Method>
            <Method visited="false" cyclomaticComplexity="1" nPathComplexity="0" sequenceCoverage="0" branchCoverage="0" crapScore="2" isConstructor="false" isStatic="true" isGetter="true" isSetter="false">
              <Summary numSequencePoints="1" visitedSequencePoints="0" numBranchPoints="1" visitedBranchPoints="0" sequenceCoverage="0" branchCoverage="0" maxCyclomaticComplexity="1" minCyclomaticComplexity="1" maxCrapScore="2" minCrapScore="2" visitedClasses="0" numClasses="0" visitedMethods="0" numMethods="1" />
              <MetadataToken>100664547</MetadataToken>
              <Name>System.DateTime Humanizer.On/October::get_The9th()</Name>
              <FileRef uid="31" />
              <SequencePoints>
                <SequencePoint vc="0" uspid="769" ordinal="0" offset="0" sl="2411" sc="23" el="2411" ec="69" bec="0" bev="0" fileid="31" />
              </SequencePoints>
              <BranchPoints />
              <MethodPoint xsi:type="SequencePoint" vc="0" uspid="769" ordinal="0" offset="0" sl="2411" sc="23" el="2411" ec="69" bec="0" bev="0" fileid="31" />
            </Method>
            <Method visited="false" cyclomaticComplexity="1" nPathComplexity="0" sequenceCoverage="0" branchCoverage="0" crapScore="2" isConstructor="false" isStatic="true" isGetter="true" isSetter="false">
              <Summary numSequencePoints="1" visitedSequencePoints="0" numBranchPoints="1" visitedBranchPoints="0" sequenceCoverage="0" branchCoverage="0" maxCyclomaticComplexity="1" minCyclomaticComplexity="1" maxCrapScore="2" minCrapScore="2" visitedClasses="0" numClasses="0" visitedMethods="0" numMethods="1" />
              <MetadataToken>100664548</MetadataToken>
              <Name>System.DateTime Humanizer.On/October::get_The10th()</Name>
              <FileRef uid="31" />
              <SequencePoints>
                <SequencePoint vc="0" uspid="770" ordinal="0" offset="0" sl="2419" sc="23" el="2419" ec="70" bec="0" bev="0" fileid="31" />
              </SequencePoints>
              <BranchPoints />
              <MethodPoint xsi:type="SequencePoint" vc="0" uspid="770" ordinal="0" offset="0" sl="2419" sc="23" el="2419" ec="70" bec="0" bev="0" fileid="31" />
            </Method>
            <Method visited="false" cyclomaticComplexity="1" nPathComplexity="0" sequenceCoverage="0" branchCoverage="0" crapScore="2" isConstructor="false" isStatic="true" isGetter="true" isSetter="false">
              <Summary numSequencePoints="1" visitedSequencePoints="0" numBranchPoints="1" visitedBranchPoints="0" sequenceCoverage="0" branchCoverage="0" maxCyclomaticComplexity="1" minCyclomaticComplexity="1" maxCrapScore="2" minCrapScore="2" visitedClasses="0" numClasses="0" visitedMethods="0" numMethods="1" />
              <MetadataToken>100664549</MetadataToken>
              <Name>System.DateTime Humanizer.On/October::get_The11th()</Name>
              <FileRef uid="31" />
              <SequencePoints>
                <SequencePoint vc="0" uspid="771" ordinal="0" offset="0" sl="2427" sc="23" el="2427" ec="70" bec="0" bev="0" fileid="31" />
              </SequencePoints>
              <BranchPoints />
              <MethodPoint xsi:type="SequencePoint" vc="0" uspid="771" ordinal="0" offset="0" sl="2427" sc="23" el="2427" ec="70" bec="0" bev="0" fileid="31" />
            </Method>
            <Method visited="false" cyclomaticComplexity="1" nPathComplexity="0" sequenceCoverage="0" branchCoverage="0" crapScore="2" isConstructor="false" isStatic="true" isGetter="true" isSetter="false">
              <Summary numSequencePoints="1" visitedSequencePoints="0" numBranchPoints="1" visitedBranchPoints="0" sequenceCoverage="0" branchCoverage="0" maxCyclomaticComplexity="1" minCyclomaticComplexity="1" maxCrapScore="2" minCrapScore="2" visitedClasses="0" numClasses="0" visitedMethods="0" numMethods="1" />
              <MetadataToken>100664550</MetadataToken>
              <Name>System.DateTime Humanizer.On/October::get_The12th()</Name>
              <FileRef uid="31" />
              <SequencePoints>
                <SequencePoint vc="0" uspid="772" ordinal="0" offset="0" sl="2435" sc="23" el="2435" ec="70" bec="0" bev="0" fileid="31" />
              </SequencePoints>
              <BranchPoints />
              <MethodPoint xsi:type="SequencePoint" vc="0" uspid="772" ordinal="0" offset="0" sl="2435" sc="23" el="2435" ec="70" bec="0" bev="0" fileid="31" />
            </Method>
            <Method visited="false" cyclomaticComplexity="1" nPathComplexity="0" sequenceCoverage="0" branchCoverage="0" crapScore="2" isConstructor="false" isStatic="true" isGetter="true" isSetter="false">
              <Summary numSequencePoints="1" visitedSequencePoints="0" numBranchPoints="1" visitedBranchPoints="0" sequenceCoverage="0" branchCoverage="0" maxCyclomaticComplexity="1" minCyclomaticComplexity="1" maxCrapScore="2" minCrapScore="2" visitedClasses="0" numClasses="0" visitedMethods="0" numMethods="1" />
              <MetadataToken>100664551</MetadataToken>
              <Name>System.DateTime Humanizer.On/October::get_The13th()</Name>
              <FileRef uid="31" />
              <SequencePoints>
                <SequencePoint vc="0" uspid="773" ordinal="0" offset="0" sl="2443" sc="23" el="2443" ec="70" bec="0" bev="0" fileid="31" />
              </SequencePoints>
              <BranchPoints />
              <MethodPoint xsi:type="SequencePoint" vc="0" uspid="773" ordinal="0" offset="0" sl="2443" sc="23" el="2443" ec="70" bec="0" bev="0" fileid="31" />
            </Method>
            <Method visited="false" cyclomaticComplexity="1" nPathComplexity="0" sequenceCoverage="0" branchCoverage="0" crapScore="2" isConstructor="false" isStatic="true" isGetter="true" isSetter="false">
              <Summary numSequencePoints="1" visitedSequencePoints="0" numBranchPoints="1" visitedBranchPoints="0" sequenceCoverage="0" branchCoverage="0" maxCyclomaticComplexity="1" minCyclomaticComplexity="1" maxCrapScore="2" minCrapScore="2" visitedClasses="0" numClasses="0" visitedMethods="0" numMethods="1" />
              <MetadataToken>100664552</MetadataToken>
              <Name>System.DateTime Humanizer.On/October::get_The14th()</Name>
              <FileRef uid="31" />
              <SequencePoints>
                <SequencePoint vc="0" uspid="774" ordinal="0" offset="0" sl="2451" sc="23" el="2451" ec="70" bec="0" bev="0" fileid="31" />
              </SequencePoints>
              <BranchPoints />
              <MethodPoint xsi:type="SequencePoint" vc="0" uspid="774" ordinal="0" offset="0" sl="2451" sc="23" el="2451" ec="70" bec="0" bev="0" fileid="31" />
            </Method>
            <Method visited="false" cyclomaticComplexity="1" nPathComplexity="0" sequenceCoverage="0" branchCoverage="0" crapScore="2" isConstructor="false" isStatic="true" isGetter="true" isSetter="false">
              <Summary numSequencePoints="1" visitedSequencePoints="0" numBranchPoints="1" visitedBranchPoints="0" sequenceCoverage="0" branchCoverage="0" maxCyclomaticComplexity="1" minCyclomaticComplexity="1" maxCrapScore="2" minCrapScore="2" visitedClasses="0" numClasses="0" visitedMethods="0" numMethods="1" />
              <MetadataToken>100664553</MetadataToken>
              <Name>System.DateTime Humanizer.On/October::get_The15th()</Name>
              <FileRef uid="31" />
              <SequencePoints>
                <SequencePoint vc="0" uspid="775" ordinal="0" offset="0" sl="2459" sc="23" el="2459" ec="70" bec="0" bev="0" fileid="31" />
              </SequencePoints>
              <BranchPoints />
              <MethodPoint xsi:type="SequencePoint" vc="0" uspid="775" ordinal="0" offset="0" sl="2459" sc="23" el="2459" ec="70" bec="0" bev="0" fileid="31" />
            </Method>
            <Method visited="false" cyclomaticComplexity="1" nPathComplexity="0" sequenceCoverage="0" branchCoverage="0" crapScore="2" isConstructor="false" isStatic="true" isGetter="true" isSetter="false">
              <Summary numSequencePoints="1" visitedSequencePoints="0" numBranchPoints="1" visitedBranchPoints="0" sequenceCoverage="0" branchCoverage="0" maxCyclomaticComplexity="1" minCyclomaticComplexity="1" maxCrapScore="2" minCrapScore="2" visitedClasses="0" numClasses="0" visitedMethods="0" numMethods="1" />
              <MetadataToken>100664554</MetadataToken>
              <Name>System.DateTime Humanizer.On/October::get_The16th()</Name>
              <FileRef uid="31" />
              <SequencePoints>
                <SequencePoint vc="0" uspid="776" ordinal="0" offset="0" sl="2467" sc="23" el="2467" ec="70" bec="0" bev="0" fileid="31" />
              </SequencePoints>
              <BranchPoints />
              <MethodPoint xsi:type="SequencePoint" vc="0" uspid="776" ordinal="0" offset="0" sl="2467" sc="23" el="2467" ec="70" bec="0" bev="0" fileid="31" />
            </Method>
            <Method visited="false" cyclomaticComplexity="1" nPathComplexity="0" sequenceCoverage="0" branchCoverage="0" crapScore="2" isConstructor="false" isStatic="true" isGetter="true" isSetter="false">
              <Summary numSequencePoints="1" visitedSequencePoints="0" numBranchPoints="1" visitedBranchPoints="0" sequenceCoverage="0" branchCoverage="0" maxCyclomaticComplexity="1" minCyclomaticComplexity="1" maxCrapScore="2" minCrapScore="2" visitedClasses="0" numClasses="0" visitedMethods="0" numMethods="1" />
              <MetadataToken>100664555</MetadataToken>
              <Name>System.DateTime Humanizer.On/October::get_The17th()</Name>
              <FileRef uid="31" />
              <SequencePoints>
                <SequencePoint vc="0" uspid="777" ordinal="0" offset="0" sl="2475" sc="23" el="2475" ec="70" bec="0" bev="0" fileid="31" />
              </SequencePoints>
              <BranchPoints />
              <MethodPoint xsi:type="SequencePoint" vc="0" uspid="777" ordinal="0" offset="0" sl="2475" sc="23" el="2475" ec="70" bec="0" bev="0" fileid="31" />
            </Method>
            <Method visited="false" cyclomaticComplexity="1" nPathComplexity="0" sequenceCoverage="0" branchCoverage="0" crapScore="2" isConstructor="false" isStatic="true" isGetter="true" isSetter="false">
              <Summary numSequencePoints="1" visitedSequencePoints="0" numBranchPoints="1" visitedBranchPoints="0" sequenceCoverage="0" branchCoverage="0" maxCyclomaticComplexity="1" minCyclomaticComplexity="1" maxCrapScore="2" minCrapScore="2" visitedClasses="0" numClasses="0" visitedMethods="0" numMethods="1" />
              <MetadataToken>100664556</MetadataToken>
              <Name>System.DateTime Humanizer.On/October::get_The18th()</Name>
              <FileRef uid="31" />
              <SequencePoints>
                <SequencePoint vc="0" uspid="778" ordinal="0" offset="0" sl="2483" sc="23" el="2483" ec="70" bec="0" bev="0" fileid="31" />
              </SequencePoints>
              <BranchPoints />
              <MethodPoint xsi:type="SequencePoint" vc="0" uspid="778" ordinal="0" offset="0" sl="2483" sc="23" el="2483" ec="70" bec="0" bev="0" fileid="31" />
            </Method>
            <Method visited="false" cyclomaticComplexity="1" nPathComplexity="0" sequenceCoverage="0" branchCoverage="0" crapScore="2" isConstructor="false" isStatic="true" isGetter="true" isSetter="false">
              <Summary numSequencePoints="1" visitedSequencePoints="0" numBranchPoints="1" visitedBranchPoints="0" sequenceCoverage="0" branchCoverage="0" maxCyclomaticComplexity="1" minCyclomaticComplexity="1" maxCrapScore="2" minCrapScore="2" visitedClasses="0" numClasses="0" visitedMethods="0" numMethods="1" />
              <MetadataToken>100664557</MetadataToken>
              <Name>System.DateTime Humanizer.On/October::get_The19th()</Name>
              <FileRef uid="31" />
              <SequencePoints>
                <SequencePoint vc="0" uspid="779" ordinal="0" offset="0" sl="2491" sc="23" el="2491" ec="70" bec="0" bev="0" fileid="31" />
              </SequencePoints>
              <BranchPoints />
              <MethodPoint xsi:type="SequencePoint" vc="0" uspid="779" ordinal="0" offset="0" sl="2491" sc="23" el="2491" ec="70" bec="0" bev="0" fileid="31" />
            </Method>
            <Method visited="false" cyclomaticComplexity="1" nPathComplexity="0" sequenceCoverage="0" branchCoverage="0" crapScore="2" isConstructor="false" isStatic="true" isGetter="true" isSetter="false">
              <Summary numSequencePoints="1" visitedSequencePoints="0" numBranchPoints="1" visitedBranchPoints="0" sequenceCoverage="0" branchCoverage="0" maxCyclomaticComplexity="1" minCyclomaticComplexity="1" maxCrapScore="2" minCrapScore="2" visitedClasses="0" numClasses="0" visitedMethods="0" numMethods="1" />
              <MetadataToken>100664558</MetadataToken>
              <Name>System.DateTime Humanizer.On/October::get_The20th()</Name>
              <FileRef uid="31" />
              <SequencePoints>
                <SequencePoint vc="0" uspid="780" ordinal="0" offset="0" sl="2499" sc="23" el="2499" ec="70" bec="0" bev="0" fileid="31" />
              </SequencePoints>
              <BranchPoints />
              <MethodPoint xsi:type="SequencePoint" vc="0" uspid="780" ordinal="0" offset="0" sl="2499" sc="23" el="2499" ec="70" bec="0" bev="0" fileid="31" />
            </Method>
            <Method visited="false" cyclomaticComplexity="1" nPathComplexity="0" sequenceCoverage="0" branchCoverage="0" crapScore="2" isConstructor="false" isStatic="true" isGetter="true" isSetter="false">
              <Summary numSequencePoints="1" visitedSequencePoints="0" numBranchPoints="1" visitedBranchPoints="0" sequenceCoverage="0" branchCoverage="0" maxCyclomaticComplexity="1" minCyclomaticComplexity="1" maxCrapScore="2" minCrapScore="2" visitedClasses="0" numClasses="0" visitedMethods="0" numMethods="1" />
              <MetadataToken>100664559</MetadataToken>
              <Name>System.DateTime Humanizer.On/October::get_The21st()</Name>
              <FileRef uid="31" />
              <SequencePoints>
                <SequencePoint vc="0" uspid="781" ordinal="0" offset="0" sl="2507" sc="23" el="2507" ec="70" bec="0" bev="0" fileid="31" />
              </SequencePoints>
              <BranchPoints />
              <MethodPoint xsi:type="SequencePoint" vc="0" uspid="781" ordinal="0" offset="0" sl="2507" sc="23" el="2507" ec="70" bec="0" bev="0" fileid="31" />
            </Method>
            <Method visited="false" cyclomaticComplexity="1" nPathComplexity="0" sequenceCoverage="0" branchCoverage="0" crapScore="2" isConstructor="false" isStatic="true" isGetter="true" isSetter="false">
              <Summary numSequencePoints="1" visitedSequencePoints="0" numBranchPoints="1" visitedBranchPoints="0" sequenceCoverage="0" branchCoverage="0" maxCyclomaticComplexity="1" minCyclomaticComplexity="1" maxCrapScore="2" minCrapScore="2" visitedClasses="0" numClasses="0" visitedMethods="0" numMethods="1" />
              <MetadataToken>100664560</MetadataToken>
              <Name>System.DateTime Humanizer.On/October::get_The22nd()</Name>
              <FileRef uid="31" />
              <SequencePoints>
                <SequencePoint vc="0" uspid="782" ordinal="0" offset="0" sl="2515" sc="23" el="2515" ec="70" bec="0" bev="0" fileid="31" />
              </SequencePoints>
              <BranchPoints />
              <MethodPoint xsi:type="SequencePoint" vc="0" uspid="782" ordinal="0" offset="0" sl="2515" sc="23" el="2515" ec="70" bec="0" bev="0" fileid="31" />
            </Method>
            <Method visited="false" cyclomaticComplexity="1" nPathComplexity="0" sequenceCoverage="0" branchCoverage="0" crapScore="2" isConstructor="false" isStatic="true" isGetter="true" isSetter="false">
              <Summary numSequencePoints="1" visitedSequencePoints="0" numBranchPoints="1" visitedBranchPoints="0" sequenceCoverage="0" branchCoverage="0" maxCyclomaticComplexity="1" minCyclomaticComplexity="1" maxCrapScore="2" minCrapScore="2" visitedClasses="0" numClasses="0" visitedMethods="0" numMethods="1" />
              <MetadataToken>100664561</MetadataToken>
              <Name>System.DateTime Humanizer.On/October::get_The23rd()</Name>
              <FileRef uid="31" />
              <SequencePoints>
                <SequencePoint vc="0" uspid="783" ordinal="0" offset="0" sl="2523" sc="23" el="2523" ec="70" bec="0" bev="0" fileid="31" />
              </SequencePoints>
              <BranchPoints />
              <MethodPoint xsi:type="SequencePoint" vc="0" uspid="783" ordinal="0" offset="0" sl="2523" sc="23" el="2523" ec="70" bec="0" bev="0" fileid="31" />
            </Method>
            <Method visited="false" cyclomaticComplexity="1" nPathComplexity="0" sequenceCoverage="0" branchCoverage="0" crapScore="2" isConstructor="false" isStatic="true" isGetter="true" isSetter="false">
              <Summary numSequencePoints="1" visitedSequencePoints="0" numBranchPoints="1" visitedBranchPoints="0" sequenceCoverage="0" branchCoverage="0" maxCyclomaticComplexity="1" minCyclomaticComplexity="1" maxCrapScore="2" minCrapScore="2" visitedClasses="0" numClasses="0" visitedMethods="0" numMethods="1" />
              <MetadataToken>100664562</MetadataToken>
              <Name>System.DateTime Humanizer.On/October::get_The24th()</Name>
              <FileRef uid="31" />
              <SequencePoints>
                <SequencePoint vc="0" uspid="784" ordinal="0" offset="0" sl="2531" sc="23" el="2531" ec="70" bec="0" bev="0" fileid="31" />
              </SequencePoints>
              <BranchPoints />
              <MethodPoint xsi:type="SequencePoint" vc="0" uspid="784" ordinal="0" offset="0" sl="2531" sc="23" el="2531" ec="70" bec="0" bev="0" fileid="31" />
            </Method>
            <Method visited="false" cyclomaticComplexity="1" nPathComplexity="0" sequenceCoverage="0" branchCoverage="0" crapScore="2" isConstructor="false" isStatic="true" isGetter="true" isSetter="false">
              <Summary numSequencePoints="1" visitedSequencePoints="0" numBranchPoints="1" visitedBranchPoints="0" sequenceCoverage="0" branchCoverage="0" maxCyclomaticComplexity="1" minCyclomaticComplexity="1" maxCrapScore="2" minCrapScore="2" visitedClasses="0" numClasses="0" visitedMethods="0" numMethods="1" />
              <MetadataToken>100664563</MetadataToken>
              <Name>System.DateTime Humanizer.On/October::get_The25th()</Name>
              <FileRef uid="31" />
              <SequencePoints>
                <SequencePoint vc="0" uspid="785" ordinal="0" offset="0" sl="2539" sc="23" el="2539" ec="70" bec="0" bev="0" fileid="31" />
              </SequencePoints>
              <BranchPoints />
              <MethodPoint xsi:type="SequencePoint" vc="0" uspid="785" ordinal="0" offset="0" sl="2539" sc="23" el="2539" ec="70" bec="0" bev="0" fileid="31" />
            </Method>
            <Method visited="false" cyclomaticComplexity="1" nPathComplexity="0" sequenceCoverage="0" branchCoverage="0" crapScore="2" isConstructor="false" isStatic="true" isGetter="true" isSetter="false">
              <Summary numSequencePoints="1" visitedSequencePoints="0" numBranchPoints="1" visitedBranchPoints="0" sequenceCoverage="0" branchCoverage="0" maxCyclomaticComplexity="1" minCyclomaticComplexity="1" maxCrapScore="2" minCrapScore="2" visitedClasses="0" numClasses="0" visitedMethods="0" numMethods="1" />
              <MetadataToken>100664564</MetadataToken>
              <Name>System.DateTime Humanizer.On/October::get_The26th()</Name>
              <FileRef uid="31" />
              <SequencePoints>
                <SequencePoint vc="0" uspid="786" ordinal="0" offset="0" sl="2547" sc="23" el="2547" ec="70" bec="0" bev="0" fileid="31" />
              </SequencePoints>
              <BranchPoints />
              <MethodPoint xsi:type="SequencePoint" vc="0" uspid="786" ordinal="0" offset="0" sl="2547" sc="23" el="2547" ec="70" bec="0" bev="0" fileid="31" />
            </Method>
            <Method visited="false" cyclomaticComplexity="1" nPathComplexity="0" sequenceCoverage="0" branchCoverage="0" crapScore="2" isConstructor="false" isStatic="true" isGetter="true" isSetter="false">
              <Summary numSequencePoints="1" visitedSequencePoints="0" numBranchPoints="1" visitedBranchPoints="0" sequenceCoverage="0" branchCoverage="0" maxCyclomaticComplexity="1" minCyclomaticComplexity="1" maxCrapScore="2" minCrapScore="2" visitedClasses="0" numClasses="0" visitedMethods="0" numMethods="1" />
              <MetadataToken>100664565</MetadataToken>
              <Name>System.DateTime Humanizer.On/October::get_The27th()</Name>
              <FileRef uid="31" />
              <SequencePoints>
                <SequencePoint vc="0" uspid="787" ordinal="0" offset="0" sl="2555" sc="23" el="2555" ec="70" bec="0" bev="0" fileid="31" />
              </SequencePoints>
              <BranchPoints />
              <MethodPoint xsi:type="SequencePoint" vc="0" uspid="787" ordinal="0" offset="0" sl="2555" sc="23" el="2555" ec="70" bec="0" bev="0" fileid="31" />
            </Method>
            <Method visited="false" cyclomaticComplexity="1" nPathComplexity="0" sequenceCoverage="0" branchCoverage="0" crapScore="2" isConstructor="false" isStatic="true" isGetter="true" isSetter="false">
              <Summary numSequencePoints="1" visitedSequencePoints="0" numBranchPoints="1" visitedBranchPoints="0" sequenceCoverage="0" branchCoverage="0" maxCyclomaticComplexity="1" minCyclomaticComplexity="1" maxCrapScore="2" minCrapScore="2" visitedClasses="0" numClasses="0" visitedMethods="0" numMethods="1" />
              <MetadataToken>100664566</MetadataToken>
              <Name>System.DateTime Humanizer.On/October::get_The28th()</Name>
              <FileRef uid="31" />
              <SequencePoints>
                <SequencePoint vc="0" uspid="788" ordinal="0" offset="0" sl="2563" sc="23" el="2563" ec="70" bec="0" bev="0" fileid="31" />
              </SequencePoints>
              <BranchPoints />
              <MethodPoint xsi:type="SequencePoint" vc="0" uspid="788" ordinal="0" offset="0" sl="2563" sc="23" el="2563" ec="70" bec="0" bev="0" fileid="31" />
            </Method>
            <Method visited="false" cyclomaticComplexity="1" nPathComplexity="0" sequenceCoverage="0" branchCoverage="0" crapScore="2" isConstructor="false" isStatic="true" isGetter="true" isSetter="false">
              <Summary numSequencePoints="1" visitedSequencePoints="0" numBranchPoints="1" visitedBranchPoints="0" sequenceCoverage="0" branchCoverage="0" maxCyclomaticComplexity="1" minCyclomaticComplexity="1" maxCrapScore="2" minCrapScore="2" visitedClasses="0" numClasses="0" visitedMethods="0" numMethods="1" />
              <MetadataToken>100664567</MetadataToken>
              <Name>System.DateTime Humanizer.On/October::get_The29th()</Name>
              <FileRef uid="31" />
              <SequencePoints>
                <SequencePoint vc="0" uspid="789" ordinal="0" offset="0" sl="2571" sc="23" el="2571" ec="70" bec="0" bev="0" fileid="31" />
              </SequencePoints>
              <BranchPoints />
              <MethodPoint xsi:type="SequencePoint" vc="0" uspid="789" ordinal="0" offset="0" sl="2571" sc="23" el="2571" ec="70" bec="0" bev="0" fileid="31" />
            </Method>
            <Method visited="false" cyclomaticComplexity="1" nPathComplexity="0" sequenceCoverage="0" branchCoverage="0" crapScore="2" isConstructor="false" isStatic="true" isGetter="true" isSetter="false">
              <Summary numSequencePoints="1" visitedSequencePoints="0" numBranchPoints="1" visitedBranchPoints="0" sequenceCoverage="0" branchCoverage="0" maxCyclomaticComplexity="1" minCyclomaticComplexity="1" maxCrapScore="2" minCrapScore="2" visitedClasses="0" numClasses="0" visitedMethods="0" numMethods="1" />
              <MetadataToken>100664568</MetadataToken>
              <Name>System.DateTime Humanizer.On/October::get_The30th()</Name>
              <FileRef uid="31" />
              <SequencePoints>
                <SequencePoint vc="0" uspid="790" ordinal="0" offset="0" sl="2579" sc="23" el="2579" ec="70" bec="0" bev="0" fileid="31" />
              </SequencePoints>
              <BranchPoints />
              <MethodPoint xsi:type="SequencePoint" vc="0" uspid="790" ordinal="0" offset="0" sl="2579" sc="23" el="2579" ec="70" bec="0" bev="0" fileid="31" />
            </Method>
            <Method visited="false" cyclomaticComplexity="1" nPathComplexity="0" sequenceCoverage="0" branchCoverage="0" crapScore="2" isConstructor="false" isStatic="true" isGetter="true" isSetter="false">
              <Summary numSequencePoints="1" visitedSequencePoints="0" numBranchPoints="1" visitedBranchPoints="0" sequenceCoverage="0" branchCoverage="0" maxCyclomaticComplexity="1" minCyclomaticComplexity="1" maxCrapScore="2" minCrapScore="2" visitedClasses="0" numClasses="0" visitedMethods="0" numMethods="1" />
              <MetadataToken>100664569</MetadataToken>
              <Name>System.DateTime Humanizer.On/October::get_The31st()</Name>
              <FileRef uid="31" />
              <SequencePoints>
                <SequencePoint vc="0" uspid="791" ordinal="0" offset="0" sl="2587" sc="23" el="2587" ec="70" bec="0" bev="0" fileid="31" />
              </SequencePoints>
              <BranchPoints />
              <MethodPoint xsi:type="SequencePoint" vc="0" uspid="791" ordinal="0" offset="0" sl="2587" sc="23" el="2587" ec="70" bec="0" bev="0" fileid="31" />
            </Method>
            <Method visited="false" cyclomaticComplexity="1" nPathComplexity="0" sequenceCoverage="0" branchCoverage="0" crapScore="2" isConstructor="false" isStatic="true" isGetter="false" isSetter="false">
              <Summary numSequencePoints="1" visitedSequencePoints="0" numBranchPoints="1" visitedBranchPoints="0" sequenceCoverage="0" branchCoverage="0" maxCyclomaticComplexity="1" minCyclomaticComplexity="1" maxCrapScore="2" minCrapScore="2" visitedClasses="0" numClasses="0" visitedMethods="0" numMethods="1" />
              <MetadataToken>100664538</MetadataToken>
              <Name>System.DateTime Humanizer.On/October::The(System.Int32)</Name>
              <FileRef uid="31" />
              <SequencePoints>
                <SequencePoint vc="0" uspid="792" ordinal="0" offset="0" sl="2339" sc="17" el="2339" ec="71" bec="0" bev="0" fileid="31" />
              </SequencePoints>
              <BranchPoints />
              <MethodPoint xsi:type="SequencePoint" vc="0" uspid="792" ordinal="0" offset="0" sl="2339" sc="17" el="2339" ec="71" bec="0" bev="0" fileid="31" />
            </Method>
            <Method visited="false" cyclomaticComplexity="1" nPathComplexity="0" sequenceCoverage="0" branchCoverage="0" crapScore="2" isConstructor="true" isStatic="false" isGetter="false" isSetter="false">
              <Summary numSequencePoints="0" visitedSequencePoints="0" numBranchPoints="0" visitedBranchPoints="0" sequenceCoverage="0" branchCoverage="0" maxCyclomaticComplexity="1" minCyclomaticComplexity="1" maxCrapScore="2" minCrapScore="2" visitedClasses="0" numClasses="0" visitedMethods="0" numMethods="0" />
              <MetadataToken>100664570</MetadataToken>
              <Name>System.Void Humanizer.On/October::.ctor()</Name>
              <SequencePoints />
              <BranchPoints />
              <MethodPoint vc="0" uspid="793" ordinal="0" offset="0" />
            </Method>
          </Methods>
        </Class>
        <Class>
          <Summary numSequencePoints="31" visitedSequencePoints="0" numBranchPoints="31" visitedBranchPoints="0" sequenceCoverage="0" branchCoverage="0" maxCyclomaticComplexity="1" minCyclomaticComplexity="1" maxCrapScore="2" minCrapScore="2" visitedClasses="0" numClasses="1" visitedMethods="0" numMethods="31" />
          <FullName>Humanizer.On/November</FullName>
          <Methods>
            <Method visited="false" cyclomaticComplexity="1" nPathComplexity="0" sequenceCoverage="0" branchCoverage="0" crapScore="2" isConstructor="false" isStatic="true" isGetter="true" isSetter="false">
              <Summary numSequencePoints="1" visitedSequencePoints="0" numBranchPoints="1" visitedBranchPoints="0" sequenceCoverage="0" branchCoverage="0" maxCyclomaticComplexity="1" minCyclomaticComplexity="1" maxCrapScore="2" minCrapScore="2" visitedClasses="0" numClasses="0" visitedMethods="0" numMethods="1" />
              <MetadataToken>100664572</MetadataToken>
              <Name>System.DateTime Humanizer.On/November::get_The1st()</Name>
              <FileRef uid="31" />
              <SequencePoints>
                <SequencePoint vc="0" uspid="794" ordinal="0" offset="0" sl="2609" sc="23" el="2609" ec="69" bec="0" bev="0" fileid="31" />
              </SequencePoints>
              <BranchPoints />
              <MethodPoint xsi:type="SequencePoint" vc="0" uspid="794" ordinal="0" offset="0" sl="2609" sc="23" el="2609" ec="69" bec="0" bev="0" fileid="31" />
            </Method>
            <Method visited="false" cyclomaticComplexity="1" nPathComplexity="0" sequenceCoverage="0" branchCoverage="0" crapScore="2" isConstructor="false" isStatic="true" isGetter="true" isSetter="false">
              <Summary numSequencePoints="1" visitedSequencePoints="0" numBranchPoints="1" visitedBranchPoints="0" sequenceCoverage="0" branchCoverage="0" maxCyclomaticComplexity="1" minCyclomaticComplexity="1" maxCrapScore="2" minCrapScore="2" visitedClasses="0" numClasses="0" visitedMethods="0" numMethods="1" />
              <MetadataToken>100664573</MetadataToken>
              <Name>System.DateTime Humanizer.On/November::get_The2nd()</Name>
              <FileRef uid="31" />
              <SequencePoints>
                <SequencePoint vc="0" uspid="795" ordinal="0" offset="0" sl="2617" sc="23" el="2617" ec="69" bec="0" bev="0" fileid="31" />
              </SequencePoints>
              <BranchPoints />
              <MethodPoint xsi:type="SequencePoint" vc="0" uspid="795" ordinal="0" offset="0" sl="2617" sc="23" el="2617" ec="69" bec="0" bev="0" fileid="31" />
            </Method>
            <Method visited="false" cyclomaticComplexity="1" nPathComplexity="0" sequenceCoverage="0" branchCoverage="0" crapScore="2" isConstructor="false" isStatic="true" isGetter="true" isSetter="false">
              <Summary numSequencePoints="1" visitedSequencePoints="0" numBranchPoints="1" visitedBranchPoints="0" sequenceCoverage="0" branchCoverage="0" maxCyclomaticComplexity="1" minCyclomaticComplexity="1" maxCrapScore="2" minCrapScore="2" visitedClasses="0" numClasses="0" visitedMethods="0" numMethods="1" />
              <MetadataToken>100664574</MetadataToken>
              <Name>System.DateTime Humanizer.On/November::get_The3rd()</Name>
              <FileRef uid="31" />
              <SequencePoints>
                <SequencePoint vc="0" uspid="796" ordinal="0" offset="0" sl="2625" sc="23" el="2625" ec="69" bec="0" bev="0" fileid="31" />
              </SequencePoints>
              <BranchPoints />
              <MethodPoint xsi:type="SequencePoint" vc="0" uspid="796" ordinal="0" offset="0" sl="2625" sc="23" el="2625" ec="69" bec="0" bev="0" fileid="31" />
            </Method>
            <Method visited="false" cyclomaticComplexity="1" nPathComplexity="0" sequenceCoverage="0" branchCoverage="0" crapScore="2" isConstructor="false" isStatic="true" isGetter="true" isSetter="false">
              <Summary numSequencePoints="1" visitedSequencePoints="0" numBranchPoints="1" visitedBranchPoints="0" sequenceCoverage="0" branchCoverage="0" maxCyclomaticComplexity="1" minCyclomaticComplexity="1" maxCrapScore="2" minCrapScore="2" visitedClasses="0" numClasses="0" visitedMethods="0" numMethods="1" />
              <MetadataToken>100664575</MetadataToken>
              <Name>System.DateTime Humanizer.On/November::get_The4th()</Name>
              <FileRef uid="31" />
              <SequencePoints>
                <SequencePoint vc="0" uspid="797" ordinal="0" offset="0" sl="2633" sc="23" el="2633" ec="69" bec="0" bev="0" fileid="31" />
              </SequencePoints>
              <BranchPoints />
              <MethodPoint xsi:type="SequencePoint" vc="0" uspid="797" ordinal="0" offset="0" sl="2633" sc="23" el="2633" ec="69" bec="0" bev="0" fileid="31" />
            </Method>
            <Method visited="false" cyclomaticComplexity="1" nPathComplexity="0" sequenceCoverage="0" branchCoverage="0" crapScore="2" isConstructor="false" isStatic="true" isGetter="true" isSetter="false">
              <Summary numSequencePoints="1" visitedSequencePoints="0" numBranchPoints="1" visitedBranchPoints="0" sequenceCoverage="0" branchCoverage="0" maxCyclomaticComplexity="1" minCyclomaticComplexity="1" maxCrapScore="2" minCrapScore="2" visitedClasses="0" numClasses="0" visitedMethods="0" numMethods="1" />
              <MetadataToken>100664576</MetadataToken>
              <Name>System.DateTime Humanizer.On/November::get_The5th()</Name>
              <FileRef uid="31" />
              <SequencePoints>
                <SequencePoint vc="0" uspid="798" ordinal="0" offset="0" sl="2641" sc="23" el="2641" ec="69" bec="0" bev="0" fileid="31" />
              </SequencePoints>
              <BranchPoints />
              <MethodPoint xsi:type="SequencePoint" vc="0" uspid="798" ordinal="0" offset="0" sl="2641" sc="23" el="2641" ec="69" bec="0" bev="0" fileid="31" />
            </Method>
            <Method visited="false" cyclomaticComplexity="1" nPathComplexity="0" sequenceCoverage="0" branchCoverage="0" crapScore="2" isConstructor="false" isStatic="true" isGetter="true" isSetter="false">
              <Summary numSequencePoints="1" visitedSequencePoints="0" numBranchPoints="1" visitedBranchPoints="0" sequenceCoverage="0" branchCoverage="0" maxCyclomaticComplexity="1" minCyclomaticComplexity="1" maxCrapScore="2" minCrapScore="2" visitedClasses="0" numClasses="0" visitedMethods="0" numMethods="1" />
              <MetadataToken>100664577</MetadataToken>
              <Name>System.DateTime Humanizer.On/November::get_The6th()</Name>
              <FileRef uid="31" />
              <SequencePoints>
                <SequencePoint vc="0" uspid="799" ordinal="0" offset="0" sl="2649" sc="23" el="2649" ec="69" bec="0" bev="0" fileid="31" />
              </SequencePoints>
              <BranchPoints />
              <MethodPoint xsi:type="SequencePoint" vc="0" uspid="799" ordinal="0" offset="0" sl="2649" sc="23" el="2649" ec="69" bec="0" bev="0" fileid="31" />
            </Method>
            <Method visited="false" cyclomaticComplexity="1" nPathComplexity="0" sequenceCoverage="0" branchCoverage="0" crapScore="2" isConstructor="false" isStatic="true" isGetter="true" isSetter="false">
              <Summary numSequencePoints="1" visitedSequencePoints="0" numBranchPoints="1" visitedBranchPoints="0" sequenceCoverage="0" branchCoverage="0" maxCyclomaticComplexity="1" minCyclomaticComplexity="1" maxCrapScore="2" minCrapScore="2" visitedClasses="0" numClasses="0" visitedMethods="0" numMethods="1" />
              <MetadataToken>100664578</MetadataToken>
              <Name>System.DateTime Humanizer.On/November::get_The7th()</Name>
              <FileRef uid="31" />
              <SequencePoints>
                <SequencePoint vc="0" uspid="800" ordinal="0" offset="0" sl="2657" sc="23" el="2657" ec="69" bec="0" bev="0" fileid="31" />
              </SequencePoints>
              <BranchPoints />
              <MethodPoint xsi:type="SequencePoint" vc="0" uspid="800" ordinal="0" offset="0" sl="2657" sc="23" el="2657" ec="69" bec="0" bev="0" fileid="31" />
            </Method>
            <Method visited="false" cyclomaticComplexity="1" nPathComplexity="0" sequenceCoverage="0" branchCoverage="0" crapScore="2" isConstructor="false" isStatic="true" isGetter="true" isSetter="false">
              <Summary numSequencePoints="1" visitedSequencePoints="0" numBranchPoints="1" visitedBranchPoints="0" sequenceCoverage="0" branchCoverage="0" maxCyclomaticComplexity="1" minCyclomaticComplexity="1" maxCrapScore="2" minCrapScore="2" visitedClasses="0" numClasses="0" visitedMethods="0" numMethods="1" />
              <MetadataToken>100664579</MetadataToken>
              <Name>System.DateTime Humanizer.On/November::get_The8th()</Name>
              <FileRef uid="31" />
              <SequencePoints>
                <SequencePoint vc="0" uspid="801" ordinal="0" offset="0" sl="2665" sc="23" el="2665" ec="69" bec="0" bev="0" fileid="31" />
              </SequencePoints>
              <BranchPoints />
              <MethodPoint xsi:type="SequencePoint" vc="0" uspid="801" ordinal="0" offset="0" sl="2665" sc="23" el="2665" ec="69" bec="0" bev="0" fileid="31" />
            </Method>
            <Method visited="false" cyclomaticComplexity="1" nPathComplexity="0" sequenceCoverage="0" branchCoverage="0" crapScore="2" isConstructor="false" isStatic="true" isGetter="true" isSetter="false">
              <Summary numSequencePoints="1" visitedSequencePoints="0" numBranchPoints="1" visitedBranchPoints="0" sequenceCoverage="0" branchCoverage="0" maxCyclomaticComplexity="1" minCyclomaticComplexity="1" maxCrapScore="2" minCrapScore="2" visitedClasses="0" numClasses="0" visitedMethods="0" numMethods="1" />
              <MetadataToken>100664580</MetadataToken>
              <Name>System.DateTime Humanizer.On/November::get_The9th()</Name>
              <FileRef uid="31" />
              <SequencePoints>
                <SequencePoint vc="0" uspid="802" ordinal="0" offset="0" sl="2673" sc="23" el="2673" ec="69" bec="0" bev="0" fileid="31" />
              </SequencePoints>
              <BranchPoints />
              <MethodPoint xsi:type="SequencePoint" vc="0" uspid="802" ordinal="0" offset="0" sl="2673" sc="23" el="2673" ec="69" bec="0" bev="0" fileid="31" />
            </Method>
            <Method visited="false" cyclomaticComplexity="1" nPathComplexity="0" sequenceCoverage="0" branchCoverage="0" crapScore="2" isConstructor="false" isStatic="true" isGetter="true" isSetter="false">
              <Summary numSequencePoints="1" visitedSequencePoints="0" numBranchPoints="1" visitedBranchPoints="0" sequenceCoverage="0" branchCoverage="0" maxCyclomaticComplexity="1" minCyclomaticComplexity="1" maxCrapScore="2" minCrapScore="2" visitedClasses="0" numClasses="0" visitedMethods="0" numMethods="1" />
              <MetadataToken>100664581</MetadataToken>
              <Name>System.DateTime Humanizer.On/November::get_The10th()</Name>
              <FileRef uid="31" />
              <SequencePoints>
                <SequencePoint vc="0" uspid="803" ordinal="0" offset="0" sl="2681" sc="23" el="2681" ec="70" bec="0" bev="0" fileid="31" />
              </SequencePoints>
              <BranchPoints />
              <MethodPoint xsi:type="SequencePoint" vc="0" uspid="803" ordinal="0" offset="0" sl="2681" sc="23" el="2681" ec="70" bec="0" bev="0" fileid="31" />
            </Method>
            <Method visited="false" cyclomaticComplexity="1" nPathComplexity="0" sequenceCoverage="0" branchCoverage="0" crapScore="2" isConstructor="false" isStatic="true" isGetter="true" isSetter="false">
              <Summary numSequencePoints="1" visitedSequencePoints="0" numBranchPoints="1" visitedBranchPoints="0" sequenceCoverage="0" branchCoverage="0" maxCyclomaticComplexity="1" minCyclomaticComplexity="1" maxCrapScore="2" minCrapScore="2" visitedClasses="0" numClasses="0" visitedMethods="0" numMethods="1" />
              <MetadataToken>100664582</MetadataToken>
              <Name>System.DateTime Humanizer.On/November::get_The11th()</Name>
              <FileRef uid="31" />
              <SequencePoints>
                <SequencePoint vc="0" uspid="804" ordinal="0" offset="0" sl="2689" sc="23" el="2689" ec="70" bec="0" bev="0" fileid="31" />
              </SequencePoints>
              <BranchPoints />
              <MethodPoint xsi:type="SequencePoint" vc="0" uspid="804" ordinal="0" offset="0" sl="2689" sc="23" el="2689" ec="70" bec="0" bev="0" fileid="31" />
            </Method>
            <Method visited="false" cyclomaticComplexity="1" nPathComplexity="0" sequenceCoverage="0" branchCoverage="0" crapScore="2" isConstructor="false" isStatic="true" isGetter="true" isSetter="false">
              <Summary numSequencePoints="1" visitedSequencePoints="0" numBranchPoints="1" visitedBranchPoints="0" sequenceCoverage="0" branchCoverage="0" maxCyclomaticComplexity="1" minCyclomaticComplexity="1" maxCrapScore="2" minCrapScore="2" visitedClasses="0" numClasses="0" visitedMethods="0" numMethods="1" />
              <MetadataToken>100664583</MetadataToken>
              <Name>System.DateTime Humanizer.On/November::get_The12th()</Name>
              <FileRef uid="31" />
              <SequencePoints>
                <SequencePoint vc="0" uspid="805" ordinal="0" offset="0" sl="2697" sc="23" el="2697" ec="70" bec="0" bev="0" fileid="31" />
              </SequencePoints>
              <BranchPoints />
              <MethodPoint xsi:type="SequencePoint" vc="0" uspid="805" ordinal="0" offset="0" sl="2697" sc="23" el="2697" ec="70" bec="0" bev="0" fileid="31" />
            </Method>
            <Method visited="false" cyclomaticComplexity="1" nPathComplexity="0" sequenceCoverage="0" branchCoverage="0" crapScore="2" isConstructor="false" isStatic="true" isGetter="true" isSetter="false">
              <Summary numSequencePoints="1" visitedSequencePoints="0" numBranchPoints="1" visitedBranchPoints="0" sequenceCoverage="0" branchCoverage="0" maxCyclomaticComplexity="1" minCyclomaticComplexity="1" maxCrapScore="2" minCrapScore="2" visitedClasses="0" numClasses="0" visitedMethods="0" numMethods="1" />
              <MetadataToken>100664584</MetadataToken>
              <Name>System.DateTime Humanizer.On/November::get_The13th()</Name>
              <FileRef uid="31" />
              <SequencePoints>
                <SequencePoint vc="0" uspid="806" ordinal="0" offset="0" sl="2705" sc="23" el="2705" ec="70" bec="0" bev="0" fileid="31" />
              </SequencePoints>
              <BranchPoints />
              <MethodPoint xsi:type="SequencePoint" vc="0" uspid="806" ordinal="0" offset="0" sl="2705" sc="23" el="2705" ec="70" bec="0" bev="0" fileid="31" />
            </Method>
            <Method visited="false" cyclomaticComplexity="1" nPathComplexity="0" sequenceCoverage="0" branchCoverage="0" crapScore="2" isConstructor="false" isStatic="true" isGetter="true" isSetter="false">
              <Summary numSequencePoints="1" visitedSequencePoints="0" numBranchPoints="1" visitedBranchPoints="0" sequenceCoverage="0" branchCoverage="0" maxCyclomaticComplexity="1" minCyclomaticComplexity="1" maxCrapScore="2" minCrapScore="2" visitedClasses="0" numClasses="0" visitedMethods="0" numMethods="1" />
              <MetadataToken>100664585</MetadataToken>
              <Name>System.DateTime Humanizer.On/November::get_The14th()</Name>
              <FileRef uid="31" />
              <SequencePoints>
                <SequencePoint vc="0" uspid="807" ordinal="0" offset="0" sl="2713" sc="23" el="2713" ec="70" bec="0" bev="0" fileid="31" />
              </SequencePoints>
              <BranchPoints />
              <MethodPoint xsi:type="SequencePoint" vc="0" uspid="807" ordinal="0" offset="0" sl="2713" sc="23" el="2713" ec="70" bec="0" bev="0" fileid="31" />
            </Method>
            <Method visited="false" cyclomaticComplexity="1" nPathComplexity="0" sequenceCoverage="0" branchCoverage="0" crapScore="2" isConstructor="false" isStatic="true" isGetter="true" isSetter="false">
              <Summary numSequencePoints="1" visitedSequencePoints="0" numBranchPoints="1" visitedBranchPoints="0" sequenceCoverage="0" branchCoverage="0" maxCyclomaticComplexity="1" minCyclomaticComplexity="1" maxCrapScore="2" minCrapScore="2" visitedClasses="0" numClasses="0" visitedMethods="0" numMethods="1" />
              <MetadataToken>100664586</MetadataToken>
              <Name>System.DateTime Humanizer.On/November::get_The15th()</Name>
              <FileRef uid="31" />
              <SequencePoints>
                <SequencePoint vc="0" uspid="808" ordinal="0" offset="0" sl="2721" sc="23" el="2721" ec="70" bec="0" bev="0" fileid="31" />
              </SequencePoints>
              <BranchPoints />
              <MethodPoint xsi:type="SequencePoint" vc="0" uspid="808" ordinal="0" offset="0" sl="2721" sc="23" el="2721" ec="70" bec="0" bev="0" fileid="31" />
            </Method>
            <Method visited="false" cyclomaticComplexity="1" nPathComplexity="0" sequenceCoverage="0" branchCoverage="0" crapScore="2" isConstructor="false" isStatic="true" isGetter="true" isSetter="false">
              <Summary numSequencePoints="1" visitedSequencePoints="0" numBranchPoints="1" visitedBranchPoints="0" sequenceCoverage="0" branchCoverage="0" maxCyclomaticComplexity="1" minCyclomaticComplexity="1" maxCrapScore="2" minCrapScore="2" visitedClasses="0" numClasses="0" visitedMethods="0" numMethods="1" />
              <MetadataToken>100664587</MetadataToken>
              <Name>System.DateTime Humanizer.On/November::get_The16th()</Name>
              <FileRef uid="31" />
              <SequencePoints>
                <SequencePoint vc="0" uspid="809" ordinal="0" offset="0" sl="2729" sc="23" el="2729" ec="70" bec="0" bev="0" fileid="31" />
              </SequencePoints>
              <BranchPoints />
              <MethodPoint xsi:type="SequencePoint" vc="0" uspid="809" ordinal="0" offset="0" sl="2729" sc="23" el="2729" ec="70" bec="0" bev="0" fileid="31" />
            </Method>
            <Method visited="false" cyclomaticComplexity="1" nPathComplexity="0" sequenceCoverage="0" branchCoverage="0" crapScore="2" isConstructor="false" isStatic="true" isGetter="true" isSetter="false">
              <Summary numSequencePoints="1" visitedSequencePoints="0" numBranchPoints="1" visitedBranchPoints="0" sequenceCoverage="0" branchCoverage="0" maxCyclomaticComplexity="1" minCyclomaticComplexity="1" maxCrapScore="2" minCrapScore="2" visitedClasses="0" numClasses="0" visitedMethods="0" numMethods="1" />
              <MetadataToken>100664588</MetadataToken>
              <Name>System.DateTime Humanizer.On/November::get_The17th()</Name>
              <FileRef uid="31" />
              <SequencePoints>
                <SequencePoint vc="0" uspid="810" ordinal="0" offset="0" sl="2737" sc="23" el="2737" ec="70" bec="0" bev="0" fileid="31" />
              </SequencePoints>
              <BranchPoints />
              <MethodPoint xsi:type="SequencePoint" vc="0" uspid="810" ordinal="0" offset="0" sl="2737" sc="23" el="2737" ec="70" bec="0" bev="0" fileid="31" />
            </Method>
            <Method visited="false" cyclomaticComplexity="1" nPathComplexity="0" sequenceCoverage="0" branchCoverage="0" crapScore="2" isConstructor="false" isStatic="true" isGetter="true" isSetter="false">
              <Summary numSequencePoints="1" visitedSequencePoints="0" numBranchPoints="1" visitedBranchPoints="0" sequenceCoverage="0" branchCoverage="0" maxCyclomaticComplexity="1" minCyclomaticComplexity="1" maxCrapScore="2" minCrapScore="2" visitedClasses="0" numClasses="0" visitedMethods="0" numMethods="1" />
              <MetadataToken>100664589</MetadataToken>
              <Name>System.DateTime Humanizer.On/November::get_The18th()</Name>
              <FileRef uid="31" />
              <SequencePoints>
                <SequencePoint vc="0" uspid="811" ordinal="0" offset="0" sl="2745" sc="23" el="2745" ec="70" bec="0" bev="0" fileid="31" />
              </SequencePoints>
              <BranchPoints />
              <MethodPoint xsi:type="SequencePoint" vc="0" uspid="811" ordinal="0" offset="0" sl="2745" sc="23" el="2745" ec="70" bec="0" bev="0" fileid="31" />
            </Method>
            <Method visited="false" cyclomaticComplexity="1" nPathComplexity="0" sequenceCoverage="0" branchCoverage="0" crapScore="2" isConstructor="false" isStatic="true" isGetter="true" isSetter="false">
              <Summary numSequencePoints="1" visitedSequencePoints="0" numBranchPoints="1" visitedBranchPoints="0" sequenceCoverage="0" branchCoverage="0" maxCyclomaticComplexity="1" minCyclomaticComplexity="1" maxCrapScore="2" minCrapScore="2" visitedClasses="0" numClasses="0" visitedMethods="0" numMethods="1" />
              <MetadataToken>100664590</MetadataToken>
              <Name>System.DateTime Humanizer.On/November::get_The19th()</Name>
              <FileRef uid="31" />
              <SequencePoints>
                <SequencePoint vc="0" uspid="812" ordinal="0" offset="0" sl="2753" sc="23" el="2753" ec="70" bec="0" bev="0" fileid="31" />
              </SequencePoints>
              <BranchPoints />
              <MethodPoint xsi:type="SequencePoint" vc="0" uspid="812" ordinal="0" offset="0" sl="2753" sc="23" el="2753" ec="70" bec="0" bev="0" fileid="31" />
            </Method>
            <Method visited="false" cyclomaticComplexity="1" nPathComplexity="0" sequenceCoverage="0" branchCoverage="0" crapScore="2" isConstructor="false" isStatic="true" isGetter="true" isSetter="false">
              <Summary numSequencePoints="1" visitedSequencePoints="0" numBranchPoints="1" visitedBranchPoints="0" sequenceCoverage="0" branchCoverage="0" maxCyclomaticComplexity="1" minCyclomaticComplexity="1" maxCrapScore="2" minCrapScore="2" visitedClasses="0" numClasses="0" visitedMethods="0" numMethods="1" />
              <MetadataToken>100664591</MetadataToken>
              <Name>System.DateTime Humanizer.On/November::get_The20th()</Name>
              <FileRef uid="31" />
              <SequencePoints>
                <SequencePoint vc="0" uspid="813" ordinal="0" offset="0" sl="2761" sc="23" el="2761" ec="70" bec="0" bev="0" fileid="31" />
              </SequencePoints>
              <BranchPoints />
              <MethodPoint xsi:type="SequencePoint" vc="0" uspid="813" ordinal="0" offset="0" sl="2761" sc="23" el="2761" ec="70" bec="0" bev="0" fileid="31" />
            </Method>
            <Method visited="false" cyclomaticComplexity="1" nPathComplexity="0" sequenceCoverage="0" branchCoverage="0" crapScore="2" isConstructor="false" isStatic="true" isGetter="true" isSetter="false">
              <Summary numSequencePoints="1" visitedSequencePoints="0" numBranchPoints="1" visitedBranchPoints="0" sequenceCoverage="0" branchCoverage="0" maxCyclomaticComplexity="1" minCyclomaticComplexity="1" maxCrapScore="2" minCrapScore="2" visitedClasses="0" numClasses="0" visitedMethods="0" numMethods="1" />
              <MetadataToken>100664592</MetadataToken>
              <Name>System.DateTime Humanizer.On/November::get_The21st()</Name>
              <FileRef uid="31" />
              <SequencePoints>
                <SequencePoint vc="0" uspid="814" ordinal="0" offset="0" sl="2769" sc="23" el="2769" ec="70" bec="0" bev="0" fileid="31" />
              </SequencePoints>
              <BranchPoints />
              <MethodPoint xsi:type="SequencePoint" vc="0" uspid="814" ordinal="0" offset="0" sl="2769" sc="23" el="2769" ec="70" bec="0" bev="0" fileid="31" />
            </Method>
            <Method visited="false" cyclomaticComplexity="1" nPathComplexity="0" sequenceCoverage="0" branchCoverage="0" crapScore="2" isConstructor="false" isStatic="true" isGetter="true" isSetter="false">
              <Summary numSequencePoints="1" visitedSequencePoints="0" numBranchPoints="1" visitedBranchPoints="0" sequenceCoverage="0" branchCoverage="0" maxCyclomaticComplexity="1" minCyclomaticComplexity="1" maxCrapScore="2" minCrapScore="2" visitedClasses="0" numClasses="0" visitedMethods="0" numMethods="1" />
              <MetadataToken>100664593</MetadataToken>
              <Name>System.DateTime Humanizer.On/November::get_The22nd()</Name>
              <FileRef uid="31" />
              <SequencePoints>
                <SequencePoint vc="0" uspid="815" ordinal="0" offset="0" sl="2777" sc="23" el="2777" ec="70" bec="0" bev="0" fileid="31" />
              </SequencePoints>
              <BranchPoints />
              <MethodPoint xsi:type="SequencePoint" vc="0" uspid="815" ordinal="0" offset="0" sl="2777" sc="23" el="2777" ec="70" bec="0" bev="0" fileid="31" />
            </Method>
            <Method visited="false" cyclomaticComplexity="1" nPathComplexity="0" sequenceCoverage="0" branchCoverage="0" crapScore="2" isConstructor="false" isStatic="true" isGetter="true" isSetter="false">
              <Summary numSequencePoints="1" visitedSequencePoints="0" numBranchPoints="1" visitedBranchPoints="0" sequenceCoverage="0" branchCoverage="0" maxCyclomaticComplexity="1" minCyclomaticComplexity="1" maxCrapScore="2" minCrapScore="2" visitedClasses="0" numClasses="0" visitedMethods="0" numMethods="1" />
              <MetadataToken>100664594</MetadataToken>
              <Name>System.DateTime Humanizer.On/November::get_The23rd()</Name>
              <FileRef uid="31" />
              <SequencePoints>
                <SequencePoint vc="0" uspid="816" ordinal="0" offset="0" sl="2785" sc="23" el="2785" ec="70" bec="0" bev="0" fileid="31" />
              </SequencePoints>
              <BranchPoints />
              <MethodPoint xsi:type="SequencePoint" vc="0" uspid="816" ordinal="0" offset="0" sl="2785" sc="23" el="2785" ec="70" bec="0" bev="0" fileid="31" />
            </Method>
            <Method visited="false" cyclomaticComplexity="1" nPathComplexity="0" sequenceCoverage="0" branchCoverage="0" crapScore="2" isConstructor="false" isStatic="true" isGetter="true" isSetter="false">
              <Summary numSequencePoints="1" visitedSequencePoints="0" numBranchPoints="1" visitedBranchPoints="0" sequenceCoverage="0" branchCoverage="0" maxCyclomaticComplexity="1" minCyclomaticComplexity="1" maxCrapScore="2" minCrapScore="2" visitedClasses="0" numClasses="0" visitedMethods="0" numMethods="1" />
              <MetadataToken>100664595</MetadataToken>
              <Name>System.DateTime Humanizer.On/November::get_The24th()</Name>
              <FileRef uid="31" />
              <SequencePoints>
                <SequencePoint vc="0" uspid="817" ordinal="0" offset="0" sl="2793" sc="23" el="2793" ec="70" bec="0" bev="0" fileid="31" />
              </SequencePoints>
              <BranchPoints />
              <MethodPoint xsi:type="SequencePoint" vc="0" uspid="817" ordinal="0" offset="0" sl="2793" sc="23" el="2793" ec="70" bec="0" bev="0" fileid="31" />
            </Method>
            <Method visited="false" cyclomaticComplexity="1" nPathComplexity="0" sequenceCoverage="0" branchCoverage="0" crapScore="2" isConstructor="false" isStatic="true" isGetter="true" isSetter="false">
              <Summary numSequencePoints="1" visitedSequencePoints="0" numBranchPoints="1" visitedBranchPoints="0" sequenceCoverage="0" branchCoverage="0" maxCyclomaticComplexity="1" minCyclomaticComplexity="1" maxCrapScore="2" minCrapScore="2" visitedClasses="0" numClasses="0" visitedMethods="0" numMethods="1" />
              <MetadataToken>100664596</MetadataToken>
              <Name>System.DateTime Humanizer.On/November::get_The25th()</Name>
              <FileRef uid="31" />
              <SequencePoints>
                <SequencePoint vc="0" uspid="818" ordinal="0" offset="0" sl="2801" sc="23" el="2801" ec="70" bec="0" bev="0" fileid="31" />
              </SequencePoints>
              <BranchPoints />
              <MethodPoint xsi:type="SequencePoint" vc="0" uspid="818" ordinal="0" offset="0" sl="2801" sc="23" el="2801" ec="70" bec="0" bev="0" fileid="31" />
            </Method>
            <Method visited="false" cyclomaticComplexity="1" nPathComplexity="0" sequenceCoverage="0" branchCoverage="0" crapScore="2" isConstructor="false" isStatic="true" isGetter="true" isSetter="false">
              <Summary numSequencePoints="1" visitedSequencePoints="0" numBranchPoints="1" visitedBranchPoints="0" sequenceCoverage="0" branchCoverage="0" maxCyclomaticComplexity="1" minCyclomaticComplexity="1" maxCrapScore="2" minCrapScore="2" visitedClasses="0" numClasses="0" visitedMethods="0" numMethods="1" />
              <MetadataToken>100664597</MetadataToken>
              <Name>System.DateTime Humanizer.On/November::get_The26th()</Name>
              <FileRef uid="31" />
              <SequencePoints>
                <SequencePoint vc="0" uspid="819" ordinal="0" offset="0" sl="2809" sc="23" el="2809" ec="70" bec="0" bev="0" fileid="31" />
              </SequencePoints>
              <BranchPoints />
              <MethodPoint xsi:type="SequencePoint" vc="0" uspid="819" ordinal="0" offset="0" sl="2809" sc="23" el="2809" ec="70" bec="0" bev="0" fileid="31" />
            </Method>
            <Method visited="false" cyclomaticComplexity="1" nPathComplexity="0" sequenceCoverage="0" branchCoverage="0" crapScore="2" isConstructor="false" isStatic="true" isGetter="true" isSetter="false">
              <Summary numSequencePoints="1" visitedSequencePoints="0" numBranchPoints="1" visitedBranchPoints="0" sequenceCoverage="0" branchCoverage="0" maxCyclomaticComplexity="1" minCyclomaticComplexity="1" maxCrapScore="2" minCrapScore="2" visitedClasses="0" numClasses="0" visitedMethods="0" numMethods="1" />
              <MetadataToken>100664598</MetadataToken>
              <Name>System.DateTime Humanizer.On/November::get_The27th()</Name>
              <FileRef uid="31" />
              <SequencePoints>
                <SequencePoint vc="0" uspid="820" ordinal="0" offset="0" sl="2817" sc="23" el="2817" ec="70" bec="0" bev="0" fileid="31" />
              </SequencePoints>
              <BranchPoints />
              <MethodPoint xsi:type="SequencePoint" vc="0" uspid="820" ordinal="0" offset="0" sl="2817" sc="23" el="2817" ec="70" bec="0" bev="0" fileid="31" />
            </Method>
            <Method visited="false" cyclomaticComplexity="1" nPathComplexity="0" sequenceCoverage="0" branchCoverage="0" crapScore="2" isConstructor="false" isStatic="true" isGetter="true" isSetter="false">
              <Summary numSequencePoints="1" visitedSequencePoints="0" numBranchPoints="1" visitedBranchPoints="0" sequenceCoverage="0" branchCoverage="0" maxCyclomaticComplexity="1" minCyclomaticComplexity="1" maxCrapScore="2" minCrapScore="2" visitedClasses="0" numClasses="0" visitedMethods="0" numMethods="1" />
              <MetadataToken>100664599</MetadataToken>
              <Name>System.DateTime Humanizer.On/November::get_The28th()</Name>
              <FileRef uid="31" />
              <SequencePoints>
                <SequencePoint vc="0" uspid="821" ordinal="0" offset="0" sl="2825" sc="23" el="2825" ec="70" bec="0" bev="0" fileid="31" />
              </SequencePoints>
              <BranchPoints />
              <MethodPoint xsi:type="SequencePoint" vc="0" uspid="821" ordinal="0" offset="0" sl="2825" sc="23" el="2825" ec="70" bec="0" bev="0" fileid="31" />
            </Method>
            <Method visited="false" cyclomaticComplexity="1" nPathComplexity="0" sequenceCoverage="0" branchCoverage="0" crapScore="2" isConstructor="false" isStatic="true" isGetter="true" isSetter="false">
              <Summary numSequencePoints="1" visitedSequencePoints="0" numBranchPoints="1" visitedBranchPoints="0" sequenceCoverage="0" branchCoverage="0" maxCyclomaticComplexity="1" minCyclomaticComplexity="1" maxCrapScore="2" minCrapScore="2" visitedClasses="0" numClasses="0" visitedMethods="0" numMethods="1" />
              <MetadataToken>100664600</MetadataToken>
              <Name>System.DateTime Humanizer.On/November::get_The29th()</Name>
              <FileRef uid="31" />
              <SequencePoints>
                <SequencePoint vc="0" uspid="822" ordinal="0" offset="0" sl="2833" sc="23" el="2833" ec="70" bec="0" bev="0" fileid="31" />
              </SequencePoints>
              <BranchPoints />
              <MethodPoint xsi:type="SequencePoint" vc="0" uspid="822" ordinal="0" offset="0" sl="2833" sc="23" el="2833" ec="70" bec="0" bev="0" fileid="31" />
            </Method>
            <Method visited="false" cyclomaticComplexity="1" nPathComplexity="0" sequenceCoverage="0" branchCoverage="0" crapScore="2" isConstructor="false" isStatic="true" isGetter="true" isSetter="false">
              <Summary numSequencePoints="1" visitedSequencePoints="0" numBranchPoints="1" visitedBranchPoints="0" sequenceCoverage="0" branchCoverage="0" maxCyclomaticComplexity="1" minCyclomaticComplexity="1" maxCrapScore="2" minCrapScore="2" visitedClasses="0" numClasses="0" visitedMethods="0" numMethods="1" />
              <MetadataToken>100664601</MetadataToken>
              <Name>System.DateTime Humanizer.On/November::get_The30th()</Name>
              <FileRef uid="31" />
              <SequencePoints>
                <SequencePoint vc="0" uspid="823" ordinal="0" offset="0" sl="2841" sc="23" el="2841" ec="70" bec="0" bev="0" fileid="31" />
              </SequencePoints>
              <BranchPoints />
              <MethodPoint xsi:type="SequencePoint" vc="0" uspid="823" ordinal="0" offset="0" sl="2841" sc="23" el="2841" ec="70" bec="0" bev="0" fileid="31" />
            </Method>
            <Method visited="false" cyclomaticComplexity="1" nPathComplexity="0" sequenceCoverage="0" branchCoverage="0" crapScore="2" isConstructor="false" isStatic="true" isGetter="false" isSetter="false">
              <Summary numSequencePoints="1" visitedSequencePoints="0" numBranchPoints="1" visitedBranchPoints="0" sequenceCoverage="0" branchCoverage="0" maxCyclomaticComplexity="1" minCyclomaticComplexity="1" maxCrapScore="2" minCrapScore="2" visitedClasses="0" numClasses="0" visitedMethods="0" numMethods="1" />
              <MetadataToken>100664571</MetadataToken>
              <Name>System.DateTime Humanizer.On/November::The(System.Int32)</Name>
              <FileRef uid="31" />
              <SequencePoints>
                <SequencePoint vc="0" uspid="824" ordinal="0" offset="0" sl="2601" sc="17" el="2601" ec="71" bec="0" bev="0" fileid="31" />
              </SequencePoints>
              <BranchPoints />
              <MethodPoint xsi:type="SequencePoint" vc="0" uspid="824" ordinal="0" offset="0" sl="2601" sc="17" el="2601" ec="71" bec="0" bev="0" fileid="31" />
            </Method>
            <Method visited="false" cyclomaticComplexity="1" nPathComplexity="0" sequenceCoverage="0" branchCoverage="0" crapScore="2" isConstructor="true" isStatic="false" isGetter="false" isSetter="false">
              <Summary numSequencePoints="0" visitedSequencePoints="0" numBranchPoints="0" visitedBranchPoints="0" sequenceCoverage="0" branchCoverage="0" maxCyclomaticComplexity="1" minCyclomaticComplexity="1" maxCrapScore="2" minCrapScore="2" visitedClasses="0" numClasses="0" visitedMethods="0" numMethods="0" />
              <MetadataToken>100664602</MetadataToken>
              <Name>System.Void Humanizer.On/November::.ctor()</Name>
              <SequencePoints />
              <BranchPoints />
              <MethodPoint vc="0" uspid="825" ordinal="0" offset="0" />
            </Method>
          </Methods>
        </Class>
        <Class>
          <Summary numSequencePoints="32" visitedSequencePoints="0" numBranchPoints="32" visitedBranchPoints="0" sequenceCoverage="0" branchCoverage="0" maxCyclomaticComplexity="1" minCyclomaticComplexity="1" maxCrapScore="2" minCrapScore="2" visitedClasses="0" numClasses="1" visitedMethods="0" numMethods="32" />
          <FullName>Humanizer.On/December</FullName>
          <Methods>
            <Method visited="false" cyclomaticComplexity="1" nPathComplexity="0" sequenceCoverage="0" branchCoverage="0" crapScore="2" isConstructor="false" isStatic="true" isGetter="true" isSetter="false">
              <Summary numSequencePoints="1" visitedSequencePoints="0" numBranchPoints="1" visitedBranchPoints="0" sequenceCoverage="0" branchCoverage="0" maxCyclomaticComplexity="1" minCyclomaticComplexity="1" maxCrapScore="2" minCrapScore="2" visitedClasses="0" numClasses="0" visitedMethods="0" numMethods="1" />
              <MetadataToken>100664604</MetadataToken>
              <Name>System.DateTime Humanizer.On/December::get_The1st()</Name>
              <FileRef uid="31" />
              <SequencePoints>
                <SequencePoint vc="0" uspid="826" ordinal="0" offset="0" sl="2863" sc="23" el="2863" ec="69" bec="0" bev="0" fileid="31" />
              </SequencePoints>
              <BranchPoints />
              <MethodPoint xsi:type="SequencePoint" vc="0" uspid="826" ordinal="0" offset="0" sl="2863" sc="23" el="2863" ec="69" bec="0" bev="0" fileid="31" />
            </Method>
            <Method visited="false" cyclomaticComplexity="1" nPathComplexity="0" sequenceCoverage="0" branchCoverage="0" crapScore="2" isConstructor="false" isStatic="true" isGetter="true" isSetter="false">
              <Summary numSequencePoints="1" visitedSequencePoints="0" numBranchPoints="1" visitedBranchPoints="0" sequenceCoverage="0" branchCoverage="0" maxCyclomaticComplexity="1" minCyclomaticComplexity="1" maxCrapScore="2" minCrapScore="2" visitedClasses="0" numClasses="0" visitedMethods="0" numMethods="1" />
              <MetadataToken>100664605</MetadataToken>
              <Name>System.DateTime Humanizer.On/December::get_The2nd()</Name>
              <FileRef uid="31" />
              <SequencePoints>
                <SequencePoint vc="0" uspid="827" ordinal="0" offset="0" sl="2871" sc="23" el="2871" ec="69" bec="0" bev="0" fileid="31" />
              </SequencePoints>
              <BranchPoints />
              <MethodPoint xsi:type="SequencePoint" vc="0" uspid="827" ordinal="0" offset="0" sl="2871" sc="23" el="2871" ec="69" bec="0" bev="0" fileid="31" />
            </Method>
            <Method visited="false" cyclomaticComplexity="1" nPathComplexity="0" sequenceCoverage="0" branchCoverage="0" crapScore="2" isConstructor="false" isStatic="true" isGetter="true" isSetter="false">
              <Summary numSequencePoints="1" visitedSequencePoints="0" numBranchPoints="1" visitedBranchPoints="0" sequenceCoverage="0" branchCoverage="0" maxCyclomaticComplexity="1" minCyclomaticComplexity="1" maxCrapScore="2" minCrapScore="2" visitedClasses="0" numClasses="0" visitedMethods="0" numMethods="1" />
              <MetadataToken>100664606</MetadataToken>
              <Name>System.DateTime Humanizer.On/December::get_The3rd()</Name>
              <FileRef uid="31" />
              <SequencePoints>
                <SequencePoint vc="0" uspid="828" ordinal="0" offset="0" sl="2879" sc="23" el="2879" ec="69" bec="0" bev="0" fileid="31" />
              </SequencePoints>
              <BranchPoints />
              <MethodPoint xsi:type="SequencePoint" vc="0" uspid="828" ordinal="0" offset="0" sl="2879" sc="23" el="2879" ec="69" bec="0" bev="0" fileid="31" />
            </Method>
            <Method visited="false" cyclomaticComplexity="1" nPathComplexity="0" sequenceCoverage="0" branchCoverage="0" crapScore="2" isConstructor="false" isStatic="true" isGetter="true" isSetter="false">
              <Summary numSequencePoints="1" visitedSequencePoints="0" numBranchPoints="1" visitedBranchPoints="0" sequenceCoverage="0" branchCoverage="0" maxCyclomaticComplexity="1" minCyclomaticComplexity="1" maxCrapScore="2" minCrapScore="2" visitedClasses="0" numClasses="0" visitedMethods="0" numMethods="1" />
              <MetadataToken>100664607</MetadataToken>
              <Name>System.DateTime Humanizer.On/December::get_The4th()</Name>
              <FileRef uid="31" />
              <SequencePoints>
                <SequencePoint vc="0" uspid="829" ordinal="0" offset="0" sl="2887" sc="23" el="2887" ec="69" bec="0" bev="0" fileid="31" />
              </SequencePoints>
              <BranchPoints />
              <MethodPoint xsi:type="SequencePoint" vc="0" uspid="829" ordinal="0" offset="0" sl="2887" sc="23" el="2887" ec="69" bec="0" bev="0" fileid="31" />
            </Method>
            <Method visited="false" cyclomaticComplexity="1" nPathComplexity="0" sequenceCoverage="0" branchCoverage="0" crapScore="2" isConstructor="false" isStatic="true" isGetter="true" isSetter="false">
              <Summary numSequencePoints="1" visitedSequencePoints="0" numBranchPoints="1" visitedBranchPoints="0" sequenceCoverage="0" branchCoverage="0" maxCyclomaticComplexity="1" minCyclomaticComplexity="1" maxCrapScore="2" minCrapScore="2" visitedClasses="0" numClasses="0" visitedMethods="0" numMethods="1" />
              <MetadataToken>100664608</MetadataToken>
              <Name>System.DateTime Humanizer.On/December::get_The5th()</Name>
              <FileRef uid="31" />
              <SequencePoints>
                <SequencePoint vc="0" uspid="830" ordinal="0" offset="0" sl="2895" sc="23" el="2895" ec="69" bec="0" bev="0" fileid="31" />
              </SequencePoints>
              <BranchPoints />
              <MethodPoint xsi:type="SequencePoint" vc="0" uspid="830" ordinal="0" offset="0" sl="2895" sc="23" el="2895" ec="69" bec="0" bev="0" fileid="31" />
            </Method>
            <Method visited="false" cyclomaticComplexity="1" nPathComplexity="0" sequenceCoverage="0" branchCoverage="0" crapScore="2" isConstructor="false" isStatic="true" isGetter="true" isSetter="false">
              <Summary numSequencePoints="1" visitedSequencePoints="0" numBranchPoints="1" visitedBranchPoints="0" sequenceCoverage="0" branchCoverage="0" maxCyclomaticComplexity="1" minCyclomaticComplexity="1" maxCrapScore="2" minCrapScore="2" visitedClasses="0" numClasses="0" visitedMethods="0" numMethods="1" />
              <MetadataToken>100664609</MetadataToken>
              <Name>System.DateTime Humanizer.On/December::get_The6th()</Name>
              <FileRef uid="31" />
              <SequencePoints>
                <SequencePoint vc="0" uspid="831" ordinal="0" offset="0" sl="2903" sc="23" el="2903" ec="69" bec="0" bev="0" fileid="31" />
              </SequencePoints>
              <BranchPoints />
              <MethodPoint xsi:type="SequencePoint" vc="0" uspid="831" ordinal="0" offset="0" sl="2903" sc="23" el="2903" ec="69" bec="0" bev="0" fileid="31" />
            </Method>
            <Method visited="false" cyclomaticComplexity="1" nPathComplexity="0" sequenceCoverage="0" branchCoverage="0" crapScore="2" isConstructor="false" isStatic="true" isGetter="true" isSetter="false">
              <Summary numSequencePoints="1" visitedSequencePoints="0" numBranchPoints="1" visitedBranchPoints="0" sequenceCoverage="0" branchCoverage="0" maxCyclomaticComplexity="1" minCyclomaticComplexity="1" maxCrapScore="2" minCrapScore="2" visitedClasses="0" numClasses="0" visitedMethods="0" numMethods="1" />
              <MetadataToken>100664610</MetadataToken>
              <Name>System.DateTime Humanizer.On/December::get_The7th()</Name>
              <FileRef uid="31" />
              <SequencePoints>
                <SequencePoint vc="0" uspid="832" ordinal="0" offset="0" sl="2911" sc="23" el="2911" ec="69" bec="0" bev="0" fileid="31" />
              </SequencePoints>
              <BranchPoints />
              <MethodPoint xsi:type="SequencePoint" vc="0" uspid="832" ordinal="0" offset="0" sl="2911" sc="23" el="2911" ec="69" bec="0" bev="0" fileid="31" />
            </Method>
            <Method visited="false" cyclomaticComplexity="1" nPathComplexity="0" sequenceCoverage="0" branchCoverage="0" crapScore="2" isConstructor="false" isStatic="true" isGetter="true" isSetter="false">
              <Summary numSequencePoints="1" visitedSequencePoints="0" numBranchPoints="1" visitedBranchPoints="0" sequenceCoverage="0" branchCoverage="0" maxCyclomaticComplexity="1" minCyclomaticComplexity="1" maxCrapScore="2" minCrapScore="2" visitedClasses="0" numClasses="0" visitedMethods="0" numMethods="1" />
              <MetadataToken>100664611</MetadataToken>
              <Name>System.DateTime Humanizer.On/December::get_The8th()</Name>
              <FileRef uid="31" />
              <SequencePoints>
                <SequencePoint vc="0" uspid="833" ordinal="0" offset="0" sl="2919" sc="23" el="2919" ec="69" bec="0" bev="0" fileid="31" />
              </SequencePoints>
              <BranchPoints />
              <MethodPoint xsi:type="SequencePoint" vc="0" uspid="833" ordinal="0" offset="0" sl="2919" sc="23" el="2919" ec="69" bec="0" bev="0" fileid="31" />
            </Method>
            <Method visited="false" cyclomaticComplexity="1" nPathComplexity="0" sequenceCoverage="0" branchCoverage="0" crapScore="2" isConstructor="false" isStatic="true" isGetter="true" isSetter="false">
              <Summary numSequencePoints="1" visitedSequencePoints="0" numBranchPoints="1" visitedBranchPoints="0" sequenceCoverage="0" branchCoverage="0" maxCyclomaticComplexity="1" minCyclomaticComplexity="1" maxCrapScore="2" minCrapScore="2" visitedClasses="0" numClasses="0" visitedMethods="0" numMethods="1" />
              <MetadataToken>100664612</MetadataToken>
              <Name>System.DateTime Humanizer.On/December::get_The9th()</Name>
              <FileRef uid="31" />
              <SequencePoints>
                <SequencePoint vc="0" uspid="834" ordinal="0" offset="0" sl="2927" sc="23" el="2927" ec="69" bec="0" bev="0" fileid="31" />
              </SequencePoints>
              <BranchPoints />
              <MethodPoint xsi:type="SequencePoint" vc="0" uspid="834" ordinal="0" offset="0" sl="2927" sc="23" el="2927" ec="69" bec="0" bev="0" fileid="31" />
            </Method>
            <Method visited="false" cyclomaticComplexity="1" nPathComplexity="0" sequenceCoverage="0" branchCoverage="0" crapScore="2" isConstructor="false" isStatic="true" isGetter="true" isSetter="false">
              <Summary numSequencePoints="1" visitedSequencePoints="0" numBranchPoints="1" visitedBranchPoints="0" sequenceCoverage="0" branchCoverage="0" maxCyclomaticComplexity="1" minCyclomaticComplexity="1" maxCrapScore="2" minCrapScore="2" visitedClasses="0" numClasses="0" visitedMethods="0" numMethods="1" />
              <MetadataToken>100664613</MetadataToken>
              <Name>System.DateTime Humanizer.On/December::get_The10th()</Name>
              <FileRef uid="31" />
              <SequencePoints>
                <SequencePoint vc="0" uspid="835" ordinal="0" offset="0" sl="2935" sc="23" el="2935" ec="70" bec="0" bev="0" fileid="31" />
              </SequencePoints>
              <BranchPoints />
              <MethodPoint xsi:type="SequencePoint" vc="0" uspid="835" ordinal="0" offset="0" sl="2935" sc="23" el="2935" ec="70" bec="0" bev="0" fileid="31" />
            </Method>
            <Method visited="false" cyclomaticComplexity="1" nPathComplexity="0" sequenceCoverage="0" branchCoverage="0" crapScore="2" isConstructor="false" isStatic="true" isGetter="true" isSetter="false">
              <Summary numSequencePoints="1" visitedSequencePoints="0" numBranchPoints="1" visitedBranchPoints="0" sequenceCoverage="0" branchCoverage="0" maxCyclomaticComplexity="1" minCyclomaticComplexity="1" maxCrapScore="2" minCrapScore="2" visitedClasses="0" numClasses="0" visitedMethods="0" numMethods="1" />
              <MetadataToken>100664614</MetadataToken>
              <Name>System.DateTime Humanizer.On/December::get_The11th()</Name>
              <FileRef uid="31" />
              <SequencePoints>
                <SequencePoint vc="0" uspid="836" ordinal="0" offset="0" sl="2943" sc="23" el="2943" ec="70" bec="0" bev="0" fileid="31" />
              </SequencePoints>
              <BranchPoints />
              <MethodPoint xsi:type="SequencePoint" vc="0" uspid="836" ordinal="0" offset="0" sl="2943" sc="23" el="2943" ec="70" bec="0" bev="0" fileid="31" />
            </Method>
            <Method visited="false" cyclomaticComplexity="1" nPathComplexity="0" sequenceCoverage="0" branchCoverage="0" crapScore="2" isConstructor="false" isStatic="true" isGetter="true" isSetter="false">
              <Summary numSequencePoints="1" visitedSequencePoints="0" numBranchPoints="1" visitedBranchPoints="0" sequenceCoverage="0" branchCoverage="0" maxCyclomaticComplexity="1" minCyclomaticComplexity="1" maxCrapScore="2" minCrapScore="2" visitedClasses="0" numClasses="0" visitedMethods="0" numMethods="1" />
              <MetadataToken>100664615</MetadataToken>
              <Name>System.DateTime Humanizer.On/December::get_The12th()</Name>
              <FileRef uid="31" />
              <SequencePoints>
                <SequencePoint vc="0" uspid="837" ordinal="0" offset="0" sl="2951" sc="23" el="2951" ec="70" bec="0" bev="0" fileid="31" />
              </SequencePoints>
              <BranchPoints />
              <MethodPoint xsi:type="SequencePoint" vc="0" uspid="837" ordinal="0" offset="0" sl="2951" sc="23" el="2951" ec="70" bec="0" bev="0" fileid="31" />
            </Method>
            <Method visited="false" cyclomaticComplexity="1" nPathComplexity="0" sequenceCoverage="0" branchCoverage="0" crapScore="2" isConstructor="false" isStatic="true" isGetter="true" isSetter="false">
              <Summary numSequencePoints="1" visitedSequencePoints="0" numBranchPoints="1" visitedBranchPoints="0" sequenceCoverage="0" branchCoverage="0" maxCyclomaticComplexity="1" minCyclomaticComplexity="1" maxCrapScore="2" minCrapScore="2" visitedClasses="0" numClasses="0" visitedMethods="0" numMethods="1" />
              <MetadataToken>100664616</MetadataToken>
              <Name>System.DateTime Humanizer.On/December::get_The13th()</Name>
              <FileRef uid="31" />
              <SequencePoints>
                <SequencePoint vc="0" uspid="838" ordinal="0" offset="0" sl="2959" sc="23" el="2959" ec="70" bec="0" bev="0" fileid="31" />
              </SequencePoints>
              <BranchPoints />
              <MethodPoint xsi:type="SequencePoint" vc="0" uspid="838" ordinal="0" offset="0" sl="2959" sc="23" el="2959" ec="70" bec="0" bev="0" fileid="31" />
            </Method>
            <Method visited="false" cyclomaticComplexity="1" nPathComplexity="0" sequenceCoverage="0" branchCoverage="0" crapScore="2" isConstructor="false" isStatic="true" isGetter="true" isSetter="false">
              <Summary numSequencePoints="1" visitedSequencePoints="0" numBranchPoints="1" visitedBranchPoints="0" sequenceCoverage="0" branchCoverage="0" maxCyclomaticComplexity="1" minCyclomaticComplexity="1" maxCrapScore="2" minCrapScore="2" visitedClasses="0" numClasses="0" visitedMethods="0" numMethods="1" />
              <MetadataToken>100664617</MetadataToken>
              <Name>System.DateTime Humanizer.On/December::get_The14th()</Name>
              <FileRef uid="31" />
              <SequencePoints>
                <SequencePoint vc="0" uspid="839" ordinal="0" offset="0" sl="2967" sc="23" el="2967" ec="70" bec="0" bev="0" fileid="31" />
              </SequencePoints>
              <BranchPoints />
              <MethodPoint xsi:type="SequencePoint" vc="0" uspid="839" ordinal="0" offset="0" sl="2967" sc="23" el="2967" ec="70" bec="0" bev="0" fileid="31" />
            </Method>
            <Method visited="false" cyclomaticComplexity="1" nPathComplexity="0" sequenceCoverage="0" branchCoverage="0" crapScore="2" isConstructor="false" isStatic="true" isGetter="true" isSetter="false">
              <Summary numSequencePoints="1" visitedSequencePoints="0" numBranchPoints="1" visitedBranchPoints="0" sequenceCoverage="0" branchCoverage="0" maxCyclomaticComplexity="1" minCyclomaticComplexity="1" maxCrapScore="2" minCrapScore="2" visitedClasses="0" numClasses="0" visitedMethods="0" numMethods="1" />
              <MetadataToken>100664618</MetadataToken>
              <Name>System.DateTime Humanizer.On/December::get_The15th()</Name>
              <FileRef uid="31" />
              <SequencePoints>
                <SequencePoint vc="0" uspid="840" ordinal="0" offset="0" sl="2975" sc="23" el="2975" ec="70" bec="0" bev="0" fileid="31" />
              </SequencePoints>
              <BranchPoints />
              <MethodPoint xsi:type="SequencePoint" vc="0" uspid="840" ordinal="0" offset="0" sl="2975" sc="23" el="2975" ec="70" bec="0" bev="0" fileid="31" />
            </Method>
            <Method visited="false" cyclomaticComplexity="1" nPathComplexity="0" sequenceCoverage="0" branchCoverage="0" crapScore="2" isConstructor="false" isStatic="true" isGetter="true" isSetter="false">
              <Summary numSequencePoints="1" visitedSequencePoints="0" numBranchPoints="1" visitedBranchPoints="0" sequenceCoverage="0" branchCoverage="0" maxCyclomaticComplexity="1" minCyclomaticComplexity="1" maxCrapScore="2" minCrapScore="2" visitedClasses="0" numClasses="0" visitedMethods="0" numMethods="1" />
              <MetadataToken>100664619</MetadataToken>
              <Name>System.DateTime Humanizer.On/December::get_The16th()</Name>
              <FileRef uid="31" />
              <SequencePoints>
                <SequencePoint vc="0" uspid="841" ordinal="0" offset="0" sl="2983" sc="23" el="2983" ec="70" bec="0" bev="0" fileid="31" />
              </SequencePoints>
              <BranchPoints />
              <MethodPoint xsi:type="SequencePoint" vc="0" uspid="841" ordinal="0" offset="0" sl="2983" sc="23" el="2983" ec="70" bec="0" bev="0" fileid="31" />
            </Method>
            <Method visited="false" cyclomaticComplexity="1" nPathComplexity="0" sequenceCoverage="0" branchCoverage="0" crapScore="2" isConstructor="false" isStatic="true" isGetter="true" isSetter="false">
              <Summary numSequencePoints="1" visitedSequencePoints="0" numBranchPoints="1" visitedBranchPoints="0" sequenceCoverage="0" branchCoverage="0" maxCyclomaticComplexity="1" minCyclomaticComplexity="1" maxCrapScore="2" minCrapScore="2" visitedClasses="0" numClasses="0" visitedMethods="0" numMethods="1" />
              <MetadataToken>100664620</MetadataToken>
              <Name>System.DateTime Humanizer.On/December::get_The17th()</Name>
              <FileRef uid="31" />
              <SequencePoints>
                <SequencePoint vc="0" uspid="842" ordinal="0" offset="0" sl="2991" sc="23" el="2991" ec="70" bec="0" bev="0" fileid="31" />
              </SequencePoints>
              <BranchPoints />
              <MethodPoint xsi:type="SequencePoint" vc="0" uspid="842" ordinal="0" offset="0" sl="2991" sc="23" el="2991" ec="70" bec="0" bev="0" fileid="31" />
            </Method>
            <Method visited="false" cyclomaticComplexity="1" nPathComplexity="0" sequenceCoverage="0" branchCoverage="0" crapScore="2" isConstructor="false" isStatic="true" isGetter="true" isSetter="false">
              <Summary numSequencePoints="1" visitedSequencePoints="0" numBranchPoints="1" visitedBranchPoints="0" sequenceCoverage="0" branchCoverage="0" maxCyclomaticComplexity="1" minCyclomaticComplexity="1" maxCrapScore="2" minCrapScore="2" visitedClasses="0" numClasses="0" visitedMethods="0" numMethods="1" />
              <MetadataToken>100664621</MetadataToken>
              <Name>System.DateTime Humanizer.On/December::get_The18th()</Name>
              <FileRef uid="31" />
              <SequencePoints>
                <SequencePoint vc="0" uspid="843" ordinal="0" offset="0" sl="2999" sc="23" el="2999" ec="70" bec="0" bev="0" fileid="31" />
              </SequencePoints>
              <BranchPoints />
              <MethodPoint xsi:type="SequencePoint" vc="0" uspid="843" ordinal="0" offset="0" sl="2999" sc="23" el="2999" ec="70" bec="0" bev="0" fileid="31" />
            </Method>
            <Method visited="false" cyclomaticComplexity="1" nPathComplexity="0" sequenceCoverage="0" branchCoverage="0" crapScore="2" isConstructor="false" isStatic="true" isGetter="true" isSetter="false">
              <Summary numSequencePoints="1" visitedSequencePoints="0" numBranchPoints="1" visitedBranchPoints="0" sequenceCoverage="0" branchCoverage="0" maxCyclomaticComplexity="1" minCyclomaticComplexity="1" maxCrapScore="2" minCrapScore="2" visitedClasses="0" numClasses="0" visitedMethods="0" numMethods="1" />
              <MetadataToken>100664622</MetadataToken>
              <Name>System.DateTime Humanizer.On/December::get_The19th()</Name>
              <FileRef uid="31" />
              <SequencePoints>
                <SequencePoint vc="0" uspid="844" ordinal="0" offset="0" sl="3007" sc="23" el="3007" ec="70" bec="0" bev="0" fileid="31" />
              </SequencePoints>
              <BranchPoints />
              <MethodPoint xsi:type="SequencePoint" vc="0" uspid="844" ordinal="0" offset="0" sl="3007" sc="23" el="3007" ec="70" bec="0" bev="0" fileid="31" />
            </Method>
            <Method visited="false" cyclomaticComplexity="1" nPathComplexity="0" sequenceCoverage="0" branchCoverage="0" crapScore="2" isConstructor="false" isStatic="true" isGetter="true" isSetter="false">
              <Summary numSequencePoints="1" visitedSequencePoints="0" numBranchPoints="1" visitedBranchPoints="0" sequenceCoverage="0" branchCoverage="0" maxCyclomaticComplexity="1" minCyclomaticComplexity="1" maxCrapScore="2" minCrapScore="2" visitedClasses="0" numClasses="0" visitedMethods="0" numMethods="1" />
              <MetadataToken>100664623</MetadataToken>
              <Name>System.DateTime Humanizer.On/December::get_The20th()</Name>
              <FileRef uid="31" />
              <SequencePoints>
                <SequencePoint vc="0" uspid="845" ordinal="0" offset="0" sl="3015" sc="23" el="3015" ec="70" bec="0" bev="0" fileid="31" />
              </SequencePoints>
              <BranchPoints />
              <MethodPoint xsi:type="SequencePoint" vc="0" uspid="845" ordinal="0" offset="0" sl="3015" sc="23" el="3015" ec="70" bec="0" bev="0" fileid="31" />
            </Method>
            <Method visited="false" cyclomaticComplexity="1" nPathComplexity="0" sequenceCoverage="0" branchCoverage="0" crapScore="2" isConstructor="false" isStatic="true" isGetter="true" isSetter="false">
              <Summary numSequencePoints="1" visitedSequencePoints="0" numBranchPoints="1" visitedBranchPoints="0" sequenceCoverage="0" branchCoverage="0" maxCyclomaticComplexity="1" minCyclomaticComplexity="1" maxCrapScore="2" minCrapScore="2" visitedClasses="0" numClasses="0" visitedMethods="0" numMethods="1" />
              <MetadataToken>100664624</MetadataToken>
              <Name>System.DateTime Humanizer.On/December::get_The21st()</Name>
              <FileRef uid="31" />
              <SequencePoints>
                <SequencePoint vc="0" uspid="846" ordinal="0" offset="0" sl="3023" sc="23" el="3023" ec="70" bec="0" bev="0" fileid="31" />
              </SequencePoints>
              <BranchPoints />
              <MethodPoint xsi:type="SequencePoint" vc="0" uspid="846" ordinal="0" offset="0" sl="3023" sc="23" el="3023" ec="70" bec="0" bev="0" fileid="31" />
            </Method>
            <Method visited="false" cyclomaticComplexity="1" nPathComplexity="0" sequenceCoverage="0" branchCoverage="0" crapScore="2" isConstructor="false" isStatic="true" isGetter="true" isSetter="false">
              <Summary numSequencePoints="1" visitedSequencePoints="0" numBranchPoints="1" visitedBranchPoints="0" sequenceCoverage="0" branchCoverage="0" maxCyclomaticComplexity="1" minCyclomaticComplexity="1" maxCrapScore="2" minCrapScore="2" visitedClasses="0" numClasses="0" visitedMethods="0" numMethods="1" />
              <MetadataToken>100664625</MetadataToken>
              <Name>System.DateTime Humanizer.On/December::get_The22nd()</Name>
              <FileRef uid="31" />
              <SequencePoints>
                <SequencePoint vc="0" uspid="847" ordinal="0" offset="0" sl="3031" sc="23" el="3031" ec="70" bec="0" bev="0" fileid="31" />
              </SequencePoints>
              <BranchPoints />
              <MethodPoint xsi:type="SequencePoint" vc="0" uspid="847" ordinal="0" offset="0" sl="3031" sc="23" el="3031" ec="70" bec="0" bev="0" fileid="31" />
            </Method>
            <Method visited="false" cyclomaticComplexity="1" nPathComplexity="0" sequenceCoverage="0" branchCoverage="0" crapScore="2" isConstructor="false" isStatic="true" isGetter="true" isSetter="false">
              <Summary numSequencePoints="1" visitedSequencePoints="0" numBranchPoints="1" visitedBranchPoints="0" sequenceCoverage="0" branchCoverage="0" maxCyclomaticComplexity="1" minCyclomaticComplexity="1" maxCrapScore="2" minCrapScore="2" visitedClasses="0" numClasses="0" visitedMethods="0" numMethods="1" />
              <MetadataToken>100664626</MetadataToken>
              <Name>System.DateTime Humanizer.On/December::get_The23rd()</Name>
              <FileRef uid="31" />
              <SequencePoints>
                <SequencePoint vc="0" uspid="848" ordinal="0" offset="0" sl="3039" sc="23" el="3039" ec="70" bec="0" bev="0" fileid="31" />
              </SequencePoints>
              <BranchPoints />
              <MethodPoint xsi:type="SequencePoint" vc="0" uspid="848" ordinal="0" offset="0" sl="3039" sc="23" el="3039" ec="70" bec="0" bev="0" fileid="31" />
            </Method>
            <Method visited="false" cyclomaticComplexity="1" nPathComplexity="0" sequenceCoverage="0" branchCoverage="0" crapScore="2" isConstructor="false" isStatic="true" isGetter="true" isSetter="false">
              <Summary numSequencePoints="1" visitedSequencePoints="0" numBranchPoints="1" visitedBranchPoints="0" sequenceCoverage="0" branchCoverage="0" maxCyclomaticComplexity="1" minCyclomaticComplexity="1" maxCrapScore="2" minCrapScore="2" visitedClasses="0" numClasses="0" visitedMethods="0" numMethods="1" />
              <MetadataToken>100664627</MetadataToken>
              <Name>System.DateTime Humanizer.On/December::get_The24th()</Name>
              <FileRef uid="31" />
              <SequencePoints>
                <SequencePoint vc="0" uspid="849" ordinal="0" offset="0" sl="3047" sc="23" el="3047" ec="70" bec="0" bev="0" fileid="31" />
              </SequencePoints>
              <BranchPoints />
              <MethodPoint xsi:type="SequencePoint" vc="0" uspid="849" ordinal="0" offset="0" sl="3047" sc="23" el="3047" ec="70" bec="0" bev="0" fileid="31" />
            </Method>
            <Method visited="false" cyclomaticComplexity="1" nPathComplexity="0" sequenceCoverage="0" branchCoverage="0" crapScore="2" isConstructor="false" isStatic="true" isGetter="true" isSetter="false">
              <Summary numSequencePoints="1" visitedSequencePoints="0" numBranchPoints="1" visitedBranchPoints="0" sequenceCoverage="0" branchCoverage="0" maxCyclomaticComplexity="1" minCyclomaticComplexity="1" maxCrapScore="2" minCrapScore="2" visitedClasses="0" numClasses="0" visitedMethods="0" numMethods="1" />
              <MetadataToken>100664628</MetadataToken>
              <Name>System.DateTime Humanizer.On/December::get_The25th()</Name>
              <FileRef uid="31" />
              <SequencePoints>
                <SequencePoint vc="0" uspid="850" ordinal="0" offset="0" sl="3055" sc="23" el="3055" ec="70" bec="0" bev="0" fileid="31" />
              </SequencePoints>
              <BranchPoints />
              <MethodPoint xsi:type="SequencePoint" vc="0" uspid="850" ordinal="0" offset="0" sl="3055" sc="23" el="3055" ec="70" bec="0" bev="0" fileid="31" />
            </Method>
            <Method visited="false" cyclomaticComplexity="1" nPathComplexity="0" sequenceCoverage="0" branchCoverage="0" crapScore="2" isConstructor="false" isStatic="true" isGetter="true" isSetter="false">
              <Summary numSequencePoints="1" visitedSequencePoints="0" numBranchPoints="1" visitedBranchPoints="0" sequenceCoverage="0" branchCoverage="0" maxCyclomaticComplexity="1" minCyclomaticComplexity="1" maxCrapScore="2" minCrapScore="2" visitedClasses="0" numClasses="0" visitedMethods="0" numMethods="1" />
              <MetadataToken>100664629</MetadataToken>
              <Name>System.DateTime Humanizer.On/December::get_The26th()</Name>
              <FileRef uid="31" />
              <SequencePoints>
                <SequencePoint vc="0" uspid="851" ordinal="0" offset="0" sl="3063" sc="23" el="3063" ec="70" bec="0" bev="0" fileid="31" />
              </SequencePoints>
              <BranchPoints />
              <MethodPoint xsi:type="SequencePoint" vc="0" uspid="851" ordinal="0" offset="0" sl="3063" sc="23" el="3063" ec="70" bec="0" bev="0" fileid="31" />
            </Method>
            <Method visited="false" cyclomaticComplexity="1" nPathComplexity="0" sequenceCoverage="0" branchCoverage="0" crapScore="2" isConstructor="false" isStatic="true" isGetter="true" isSetter="false">
              <Summary numSequencePoints="1" visitedSequencePoints="0" numBranchPoints="1" visitedBranchPoints="0" sequenceCoverage="0" branchCoverage="0" maxCyclomaticComplexity="1" minCyclomaticComplexity="1" maxCrapScore="2" minCrapScore="2" visitedClasses="0" numClasses="0" visitedMethods="0" numMethods="1" />
              <MetadataToken>100664630</MetadataToken>
              <Name>System.DateTime Humanizer.On/December::get_The27th()</Name>
              <FileRef uid="31" />
              <SequencePoints>
                <SequencePoint vc="0" uspid="852" ordinal="0" offset="0" sl="3071" sc="23" el="3071" ec="70" bec="0" bev="0" fileid="31" />
              </SequencePoints>
              <BranchPoints />
              <MethodPoint xsi:type="SequencePoint" vc="0" uspid="852" ordinal="0" offset="0" sl="3071" sc="23" el="3071" ec="70" bec="0" bev="0" fileid="31" />
            </Method>
            <Method visited="false" cyclomaticComplexity="1" nPathComplexity="0" sequenceCoverage="0" branchCoverage="0" crapScore="2" isConstructor="false" isStatic="true" isGetter="true" isSetter="false">
              <Summary numSequencePoints="1" visitedSequencePoints="0" numBranchPoints="1" visitedBranchPoints="0" sequenceCoverage="0" branchCoverage="0" maxCyclomaticComplexity="1" minCyclomaticComplexity="1" maxCrapScore="2" minCrapScore="2" visitedClasses="0" numClasses="0" visitedMethods="0" numMethods="1" />
              <MetadataToken>100664631</MetadataToken>
              <Name>System.DateTime Humanizer.On/December::get_The28th()</Name>
              <FileRef uid="31" />
              <SequencePoints>
                <SequencePoint vc="0" uspid="853" ordinal="0" offset="0" sl="3079" sc="23" el="3079" ec="70" bec="0" bev="0" fileid="31" />
              </SequencePoints>
              <BranchPoints />
              <MethodPoint xsi:type="SequencePoint" vc="0" uspid="853" ordinal="0" offset="0" sl="3079" sc="23" el="3079" ec="70" bec="0" bev="0" fileid="31" />
            </Method>
            <Method visited="false" cyclomaticComplexity="1" nPathComplexity="0" sequenceCoverage="0" branchCoverage="0" crapScore="2" isConstructor="false" isStatic="true" isGetter="true" isSetter="false">
              <Summary numSequencePoints="1" visitedSequencePoints="0" numBranchPoints="1" visitedBranchPoints="0" sequenceCoverage="0" branchCoverage="0" maxCyclomaticComplexity="1" minCyclomaticComplexity="1" maxCrapScore="2" minCrapScore="2" visitedClasses="0" numClasses="0" visitedMethods="0" numMethods="1" />
              <MetadataToken>100664632</MetadataToken>
              <Name>System.DateTime Humanizer.On/December::get_The29th()</Name>
              <FileRef uid="31" />
              <SequencePoints>
                <SequencePoint vc="0" uspid="854" ordinal="0" offset="0" sl="3087" sc="23" el="3087" ec="70" bec="0" bev="0" fileid="31" />
              </SequencePoints>
              <BranchPoints />
              <MethodPoint xsi:type="SequencePoint" vc="0" uspid="854" ordinal="0" offset="0" sl="3087" sc="23" el="3087" ec="70" bec="0" bev="0" fileid="31" />
            </Method>
            <Method visited="false" cyclomaticComplexity="1" nPathComplexity="0" sequenceCoverage="0" branchCoverage="0" crapScore="2" isConstructor="false" isStatic="true" isGetter="true" isSetter="false">
              <Summary numSequencePoints="1" visitedSequencePoints="0" numBranchPoints="1" visitedBranchPoints="0" sequenceCoverage="0" branchCoverage="0" maxCyclomaticComplexity="1" minCyclomaticComplexity="1" maxCrapScore="2" minCrapScore="2" visitedClasses="0" numClasses="0" visitedMethods="0" numMethods="1" />
              <MetadataToken>100664633</MetadataToken>
              <Name>System.DateTime Humanizer.On/December::get_The30th()</Name>
              <FileRef uid="31" />
              <SequencePoints>
                <SequencePoint vc="0" uspid="855" ordinal="0" offset="0" sl="3095" sc="23" el="3095" ec="70" bec="0" bev="0" fileid="31" />
              </SequencePoints>
              <BranchPoints />
              <MethodPoint xsi:type="SequencePoint" vc="0" uspid="855" ordinal="0" offset="0" sl="3095" sc="23" el="3095" ec="70" bec="0" bev="0" fileid="31" />
            </Method>
            <Method visited="false" cyclomaticComplexity="1" nPathComplexity="0" sequenceCoverage="0" branchCoverage="0" crapScore="2" isConstructor="false" isStatic="true" isGetter="true" isSetter="false">
              <Summary numSequencePoints="1" visitedSequencePoints="0" numBranchPoints="1" visitedBranchPoints="0" sequenceCoverage="0" branchCoverage="0" maxCyclomaticComplexity="1" minCyclomaticComplexity="1" maxCrapScore="2" minCrapScore="2" visitedClasses="0" numClasses="0" visitedMethods="0" numMethods="1" />
              <MetadataToken>100664634</MetadataToken>
              <Name>System.DateTime Humanizer.On/December::get_The31st()</Name>
              <FileRef uid="31" />
              <SequencePoints>
                <SequencePoint vc="0" uspid="856" ordinal="0" offset="0" sl="3103" sc="23" el="3103" ec="70" bec="0" bev="0" fileid="31" />
              </SequencePoints>
              <BranchPoints />
              <MethodPoint xsi:type="SequencePoint" vc="0" uspid="856" ordinal="0" offset="0" sl="3103" sc="23" el="3103" ec="70" bec="0" bev="0" fileid="31" />
            </Method>
            <Method visited="false" cyclomaticComplexity="1" nPathComplexity="0" sequenceCoverage="0" branchCoverage="0" crapScore="2" isConstructor="false" isStatic="true" isGetter="false" isSetter="false">
              <Summary numSequencePoints="1" visitedSequencePoints="0" numBranchPoints="1" visitedBranchPoints="0" sequenceCoverage="0" branchCoverage="0" maxCyclomaticComplexity="1" minCyclomaticComplexity="1" maxCrapScore="2" minCrapScore="2" visitedClasses="0" numClasses="0" visitedMethods="0" numMethods="1" />
              <MetadataToken>100664603</MetadataToken>
              <Name>System.DateTime Humanizer.On/December::The(System.Int32)</Name>
              <FileRef uid="31" />
              <SequencePoints>
                <SequencePoint vc="0" uspid="857" ordinal="0" offset="0" sl="2855" sc="17" el="2855" ec="71" bec="0" bev="0" fileid="31" />
              </SequencePoints>
              <BranchPoints />
              <MethodPoint xsi:type="SequencePoint" vc="0" uspid="857" ordinal="0" offset="0" sl="2855" sc="17" el="2855" ec="71" bec="0" bev="0" fileid="31" />
            </Method>
            <Method visited="false" cyclomaticComplexity="1" nPathComplexity="0" sequenceCoverage="0" branchCoverage="0" crapScore="2" isConstructor="true" isStatic="false" isGetter="false" isSetter="false">
              <Summary numSequencePoints="0" visitedSequencePoints="0" numBranchPoints="0" visitedBranchPoints="0" sequenceCoverage="0" branchCoverage="0" maxCyclomaticComplexity="1" minCyclomaticComplexity="1" maxCrapScore="2" minCrapScore="2" visitedClasses="0" numClasses="0" visitedMethods="0" numMethods="0" />
              <MetadataToken>100664635</MetadataToken>
              <Name>System.Void Humanizer.On/December::.ctor()</Name>
              <SequencePoints />
              <BranchPoints />
              <MethodPoint vc="0" uspid="858" ordinal="0" offset="0" />
            </Method>
          </Methods>
        </Class>
        <Class>
          <Summary numSequencePoints="4" visitedSequencePoints="0" numBranchPoints="4" visitedBranchPoints="0" sequenceCoverage="0" branchCoverage="0" maxCyclomaticComplexity="1" minCyclomaticComplexity="1" maxCrapScore="2" minCrapScore="2" visitedClasses="0" numClasses="1" visitedMethods="0" numMethods="4" />
          <FullName>Humanizer.PrepositionsExtensions</FullName>
          <Methods>
            <Method visited="false" cyclomaticComplexity="1" nPathComplexity="0" sequenceCoverage="0" branchCoverage="0" crapScore="2" isConstructor="false" isStatic="true" isGetter="false" isSetter="false">
              <Summary numSequencePoints="1" visitedSequencePoints="0" numBranchPoints="1" visitedBranchPoints="0" sequenceCoverage="0" branchCoverage="0" maxCyclomaticComplexity="1" minCyclomaticComplexity="1" maxCrapScore="2" minCrapScore="2" visitedClasses="0" numClasses="0" visitedMethods="0" numMethods="1" />
              <MetadataToken>100663402</MetadataToken>
              <Name>System.DateTime Humanizer.PrepositionsExtensions::At(System.DateTime,System.Int32,System.Int32,System.Int32,System.Int32)</Name>
              <FileRef uid="43" />
              <SequencePoints>
                <SequencePoint vc="0" uspid="859" ordinal="0" offset="0" sl="15" sc="13" el="15" ec="98" bec="0" bev="0" fileid="43" />
              </SequencePoints>
              <BranchPoints />
              <MethodPoint xsi:type="SequencePoint" vc="0" uspid="859" ordinal="0" offset="0" sl="15" sc="13" el="15" ec="98" bec="0" bev="0" fileid="43" />
            </Method>
            <Method visited="false" cyclomaticComplexity="1" nPathComplexity="0" sequenceCoverage="0" branchCoverage="0" crapScore="2" isConstructor="false" isStatic="true" isGetter="false" isSetter="false">
              <Summary numSequencePoints="1" visitedSequencePoints="0" numBranchPoints="1" visitedBranchPoints="0" sequenceCoverage="0" branchCoverage="0" maxCyclomaticComplexity="1" minCyclomaticComplexity="1" maxCrapScore="2" minCrapScore="2" visitedClasses="0" numClasses="0" visitedMethods="0" numMethods="1" />
              <MetadataToken>100663403</MetadataToken>
              <Name>System.DateTime Humanizer.PrepositionsExtensions::AtMidnight(System.DateTime)</Name>
              <FileRef uid="43" />
              <SequencePoints>
                <SequencePoint vc="0" uspid="860" ordinal="0" offset="0" sl="25" sc="13" el="25" ec="31" bec="0" bev="0" fileid="43" />
              </SequencePoints>
              <BranchPoints />
              <MethodPoint xsi:type="SequencePoint" vc="0" uspid="860" ordinal="0" offset="0" sl="25" sc="13" el="25" ec="31" bec="0" bev="0" fileid="43" />
            </Method>
            <Method visited="false" cyclomaticComplexity="1" nPathComplexity="0" sequenceCoverage="0" branchCoverage="0" crapScore="2" isConstructor="false" isStatic="true" isGetter="false" isSetter="false">
              <Summary numSequencePoints="1" visitedSequencePoints="0" numBranchPoints="1" visitedBranchPoints="0" sequenceCoverage="0" branchCoverage="0" maxCyclomaticComplexity="1" minCyclomaticComplexity="1" maxCrapScore="2" minCrapScore="2" visitedClasses="0" numClasses="0" visitedMethods="0" numMethods="1" />
              <MetadataToken>100663404</MetadataToken>
              <Name>System.DateTime Humanizer.PrepositionsExtensions::AtNoon(System.DateTime)</Name>
              <FileRef uid="43" />
              <SequencePoints>
                <SequencePoint vc="0" uspid="861" ordinal="0" offset="0" sl="35" sc="13" el="35" ec="32" bec="0" bev="0" fileid="43" />
              </SequencePoints>
              <BranchPoints />
              <MethodPoint xsi:type="SequencePoint" vc="0" uspid="861" ordinal="0" offset="0" sl="35" sc="13" el="35" ec="32" bec="0" bev="0" fileid="43" />
            </Method>
            <Method visited="false" cyclomaticComplexity="1" nPathComplexity="0" sequenceCoverage="0" branchCoverage="0" crapScore="2" isConstructor="false" isStatic="true" isGetter="false" isSetter="false">
              <Summary numSequencePoints="1" visitedSequencePoints="0" numBranchPoints="1" visitedBranchPoints="0" sequenceCoverage="0" branchCoverage="0" maxCyclomaticComplexity="1" minCyclomaticComplexity="1" maxCrapScore="2" minCrapScore="2" visitedClasses="0" numClasses="0" visitedMethods="0" numMethods="1" />
              <MetadataToken>100663405</MetadataToken>
              <Name>System.DateTime Humanizer.PrepositionsExtensions::In(System.DateTime,System.Int32)</Name>
              <FileRef uid="43" />
              <SequencePoints>
                <SequencePoint vc="0" uspid="862" ordinal="0" offset="0" sl="46" sc="13" el="46" ec="116" bec="0" bev="0" fileid="43" />
              </SequencePoints>
              <BranchPoints />
              <MethodPoint xsi:type="SequencePoint" vc="0" uspid="862" ordinal="0" offset="0" sl="46" sc="13" el="46" ec="116" bec="0" bev="0" fileid="43" />
            </Method>
          </Methods>
        </Class>
        <Class>
          <Summary numSequencePoints="14" visitedSequencePoints="0" numBranchPoints="8" visitedBranchPoints="0" sequenceCoverage="0" branchCoverage="0" maxCyclomaticComplexity="2" minCyclomaticComplexity="1" maxCrapScore="6" minCrapScore="2" visitedClasses="0" numClasses="1" visitedMethods="0" numMethods="4" />
          <FullName>Humanizer.HeadingExtensions</FullName>
          <Methods>
            <Method visited="false" cyclomaticComplexity="2" nPathComplexity="2" sequenceCoverage="0" branchCoverage="0" crapScore="6" isConstructor="false" isStatic="true" isGetter="false" isSetter="false">
              <Summary numSequencePoints="6" visitedSequencePoints="0" numBranchPoints="3" visitedBranchPoints="0" sequenceCoverage="0" branchCoverage="0" maxCyclomaticComplexity="2" minCyclomaticComplexity="2" maxCrapScore="6" minCrapScore="6" visitedClasses="0" numClasses="0" visitedMethods="0" numMethods="1" />
              <MetadataToken>100663406</MetadataToken>
              <Name>System.String Humanizer.HeadingExtensions::ToHeading(System.Double,Humanizer.HeadingStyle,System.Globalization.CultureInfo)</Name>
              <FileRef uid="44" />
              <SequencePoints>
                <SequencePoint vc="0" uspid="863" ordinal="0" offset="0" sl="44" sc="13" el="44" ec="52" bec="0" bev="0" fileid="44" />
                <SequencePoint vc="0" uspid="864" ordinal="1" offset="23" sl="46" sc="13" el="46" ec="45" bec="0" bev="0" fileid="44" />
                <SequencePoint vc="0" uspid="865" ordinal="2" offset="34" sl="48" sc="13" el="48" ec="51" bec="2" bev="0" fileid="44" />
                <SequencePoint vc="0" uspid="866" ordinal="3" offset="37" sl="50" sc="17" el="50" ec="74" bec="0" bev="0" fileid="44" />
                <SequencePoint vc="0" uspid="867" ordinal="4" offset="55" sl="53" sc="13" el="53" ec="61" bec="0" bev="0" fileid="44" />
                <SequencePoint vc="0" uspid="868" ordinal="5" offset="63" sl="54" sc="13" el="54" ec="27" bec="0" bev="0" fileid="44" />
              </SequencePoints>
              <BranchPoints>
                <BranchPoint vc="0" uspid="869" ordinal="0" offset="35" sl="48" path="0" offsetend="37" fileid="44" />
                <BranchPoint vc="0" uspid="870" ordinal="1" offset="35" sl="48" path="1" offsetend="55" fileid="44" />
              </BranchPoints>
              <MethodPoint xsi:type="SequencePoint" vc="0" uspid="863" ordinal="0" offset="0" sl="44" sc="13" el="44" ec="52" bec="0" bev="0" fileid="44" />
            </Method>
            <Method visited="false" cyclomaticComplexity="1" nPathComplexity="0" sequenceCoverage="0" branchCoverage="0" crapScore="2" isConstructor="false" isStatic="true" isGetter="false" isSetter="false">
              <Summary numSequencePoints="2" visitedSequencePoints="0" numBranchPoints="1" visitedBranchPoints="0" sequenceCoverage="0" branchCoverage="0" maxCyclomaticComplexity="1" minCyclomaticComplexity="1" maxCrapScore="2" minCrapScore="2" visitedClasses="0" numClasses="0" visitedMethods="0" numMethods="1" />
              <MetadataToken>100663407</MetadataToken>
              <Name>System.Char Humanizer.HeadingExtensions::ToHeadingArrow(System.Double)</Name>
              <FileRef uid="44" />
              <SequencePoints>
                <SequencePoint vc="0" uspid="871" ordinal="0" offset="0" sl="65" sc="13" el="65" ec="50" bec="0" bev="0" fileid="44" />
                <SequencePoint vc="0" uspid="872" ordinal="1" offset="23" sl="67" sc="13" el="67" ec="43" bec="0" bev="0" fileid="44" />
              </SequencePoints>
              <BranchPoints />
              <MethodPoint xsi:type="SequencePoint" vc="0" uspid="871" ordinal="0" offset="0" sl="65" sc="13" el="65" ec="50" bec="0" bev="0" fileid="44" />
            </Method>
            <Method visited="false" cyclomaticComplexity="2" nPathComplexity="2" sequenceCoverage="0" branchCoverage="0" crapScore="6" isConstructor="false" isStatic="true" isGetter="false" isSetter="false">
              <Summary numSequencePoints="4" visitedSequencePoints="0" numBranchPoints="3" visitedBranchPoints="0" sequenceCoverage="0" branchCoverage="0" maxCyclomaticComplexity="2" minCyclomaticComplexity="2" maxCrapScore="6" minCrapScore="6" visitedClasses="0" numClasses="0" visitedMethods="0" numMethods="1" />
              <MetadataToken>100663408</MetadataToken>
              <Name>System.Double Humanizer.HeadingExtensions::FromAbbreviatedHeading(System.String)</Name>
              <FileRef uid="44" />
              <SequencePoints>
                <SequencePoint vc="0" uspid="873" ordinal="0" offset="0" sl="76" sc="13" el="76" ec="77" bec="0" bev="0" fileid="44" />
                <SequencePoint vc="0" uspid="874" ordinal="1" offset="17" sl="78" sc="13" el="78" ec="29" bec="2" bev="0" fileid="44" />
                <SequencePoint vc="0" uspid="875" ordinal="2" offset="21" sl="80" sc="17" el="80" ec="27" bec="0" bev="0" fileid="44" />
                <SequencePoint vc="0" uspid="876" ordinal="3" offset="31" sl="83" sc="13" el="83" ec="35" bec="0" bev="0" fileid="44" />
              </SequencePoints>
              <BranchPoints>
                <BranchPoint vc="0" uspid="877" ordinal="0" offset="19" sl="78" path="0" offsetend="21" fileid="44" />
                <BranchPoint vc="0" uspid="878" ordinal="1" offset="19" sl="78" path="1" offsetend="31" fileid="44" />
              </BranchPoints>
              <MethodPoint xsi:type="SequencePoint" vc="0" uspid="873" ordinal="0" offset="0" sl="76" sc="13" el="76" ec="77" bec="0" bev="0" fileid="44" />
            </Method>
            <Method visited="false" cyclomaticComplexity="1" nPathComplexity="0" sequenceCoverage="0" branchCoverage="0" crapScore="2" isConstructor="true" isStatic="true" isGetter="false" isSetter="false">
              <Summary numSequencePoints="2" visitedSequencePoints="0" numBranchPoints="1" visitedBranchPoints="0" sequenceCoverage="0" branchCoverage="0" maxCyclomaticComplexity="1" minCyclomaticComplexity="1" maxCrapScore="2" minCrapScore="2" visitedClasses="0" numClasses="0" visitedMethods="0" numMethods="1" />
              <MetadataToken>100663409</MetadataToken>
              <Name>System.Void Humanizer.HeadingExtensions::.cctor()</Name>
              <FileRef uid="44" />
              <SequencePoints>
                <SequencePoint vc="0" uspid="879" ordinal="0" offset="0" sl="29" sc="9" el="29" ec="157" bec="0" bev="0" fileid="44" />
                <SequencePoint vc="0" uspid="880" ordinal="1" offset="147" sl="30" sc="9" el="30" ec="100" bec="0" bev="0" fileid="44" />
              </SequencePoints>
              <BranchPoints />
              <MethodPoint xsi:type="SequencePoint" vc="0" uspid="879" ordinal="0" offset="0" sl="29" sc="9" el="29" ec="157" bec="0" bev="0" fileid="44" />
            </Method>
          </Methods>
        </Class>
        <Class>
          <Summary numSequencePoints="10" visitedSequencePoints="0" numBranchPoints="13" visitedBranchPoints="0" sequenceCoverage="0" branchCoverage="0" maxCyclomaticComplexity="2" minCyclomaticComplexity="1" maxCrapScore="6" minCrapScore="2" visitedClasses="0" numClasses="1" visitedMethods="0" numMethods="9" />
          <FullName>Humanizer.InflectorExtensions</FullName>
          <Methods>
            <Method visited="false" cyclomaticComplexity="1" nPathComplexity="0" sequenceCoverage="0" branchCoverage="0" crapScore="2" isConstructor="false" isStatic="true" isGetter="false" isSetter="false">
              <Summary numSequencePoints="1" visitedSequencePoints="0" numBranchPoints="1" visitedBranchPoints="0" sequenceCoverage="0" branchCoverage="0" maxCyclomaticComplexity="1" minCyclomaticComplexity="1" maxCrapScore="2" minCrapScore="2" visitedClasses="0" numClasses="0" visitedMethods="0" numMethods="1" />
              <MetadataToken>100663410</MetadataToken>
              <Name>System.String Humanizer.InflectorExtensions::Pluralize(System.String,System.Boolean)</Name>
              <FileRef uid="45" />
              <SequencePoints>
                <SequencePoint vc="0" uspid="881" ordinal="0" offset="0" sl="42" sc="13" el="42" ec="83" bec="0" bev="0" fileid="45" />
              </SequencePoints>
              <BranchPoints />
              <MethodPoint xsi:type="SequencePoint" vc="0" uspid="881" ordinal="0" offset="0" sl="42" sc="13" el="42" ec="83" bec="0" bev="0" fileid="45" />
            </Method>
            <Method visited="false" cyclomaticComplexity="1" nPathComplexity="0" sequenceCoverage="0" branchCoverage="0" crapScore="2" isConstructor="false" isStatic="true" isGetter="false" isSetter="false">
              <Summary numSequencePoints="1" visitedSequencePoints="0" numBranchPoints="1" visitedBranchPoints="0" sequenceCoverage="0" branchCoverage="0" maxCyclomaticComplexity="1" minCyclomaticComplexity="1" maxCrapScore="2" minCrapScore="2" visitedClasses="0" numClasses="0" visitedMethods="0" numMethods="1" />
              <MetadataToken>100663411</MetadataToken>
              <Name>System.String Humanizer.InflectorExtensions::Singularize(System.String,System.Boolean,System.Boolean)</Name>
              <FileRef uid="45" />
              <SequencePoints>
                <SequencePoint vc="0" uspid="882" ordinal="0" offset="0" sl="54" sc="13" el="54" ec="100" bec="0" bev="0" fileid="45" />
              </SequencePoints>
              <BranchPoints />
              <MethodPoint xsi:type="SequencePoint" vc="0" uspid="882" ordinal="0" offset="0" sl="54" sc="13" el="54" ec="100" bec="0" bev="0" fileid="45" />
            </Method>
            <Method visited="false" cyclomaticComplexity="1" nPathComplexity="0" sequenceCoverage="0" branchCoverage="0" crapScore="2" isConstructor="false" isStatic="true" isGetter="false" isSetter="false">
              <Summary numSequencePoints="1" visitedSequencePoints="0" numBranchPoints="1" visitedBranchPoints="0" sequenceCoverage="0" branchCoverage="0" maxCyclomaticComplexity="1" minCyclomaticComplexity="1" maxCrapScore="2" minCrapScore="2" visitedClasses="0" numClasses="0" visitedMethods="0" numMethods="1" />
              <MetadataToken>100663412</MetadataToken>
              <Name>System.String Humanizer.InflectorExtensions::Titleize(System.String)</Name>
              <FileRef uid="45" />
              <SequencePoints>
                <SequencePoint vc="0" uspid="883" ordinal="0" offset="0" sl="64" sc="13" el="64" ec="55" bec="0" bev="0" fileid="45" />
              </SequencePoints>
              <BranchPoints />
              <MethodPoint xsi:type="SequencePoint" vc="0" uspid="883" ordinal="0" offset="0" sl="64" sc="13" el="64" ec="55" bec="0" bev="0" fileid="45" />
            </Method>
            <Method visited="false" cyclomaticComplexity="2" nPathComplexity="2" sequenceCoverage="0" branchCoverage="0" crapScore="6" isConstructor="false" isStatic="true" isGetter="false" isSetter="false">
              <Summary numSequencePoints="1" visitedSequencePoints="0" numBranchPoints="3" visitedBranchPoints="0" sequenceCoverage="0" branchCoverage="0" maxCyclomaticComplexity="2" minCyclomaticComplexity="2" maxCrapScore="6" minCrapScore="6" visitedClasses="0" numClasses="0" visitedMethods="0" numMethods="1" />
              <MetadataToken>100663413</MetadataToken>
              <Name>System.String Humanizer.InflectorExtensions::Pascalize(System.String)</Name>
              <FileRef uid="45" />
              <SequencePoints>
                <SequencePoint vc="0" uspid="884" ordinal="0" offset="0" sl="74" sc="13" el="74" ec="100" bec="2" bev="0" fileid="45" />
              </SequencePoints>
              <BranchPoints>
                <BranchPoint vc="0" uspid="885" ordinal="0" offset="12" sl="74" path="0" offsetend="14" fileid="45" />
                <BranchPoint vc="0" uspid="886" ordinal="1" offset="12" sl="74" path="1" offsetend="37" fileid="45" />
              </BranchPoints>
              <MethodPoint xsi:type="SequencePoint" vc="0" uspid="884" ordinal="0" offset="0" sl="74" sc="13" el="74" ec="100" bec="2" bev="0" fileid="45" />
            </Method>
            <Method visited="false" cyclomaticComplexity="2" nPathComplexity="2" sequenceCoverage="0" branchCoverage="0" crapScore="6" isConstructor="false" isStatic="true" isGetter="false" isSetter="false">
              <Summary numSequencePoints="2" visitedSequencePoints="0" numBranchPoints="3" visitedBranchPoints="0" sequenceCoverage="0" branchCoverage="0" maxCyclomaticComplexity="2" minCyclomaticComplexity="2" maxCrapScore="6" minCrapScore="6" visitedClasses="0" numClasses="0" visitedMethods="0" numMethods="1" />
              <MetadataToken>100663414</MetadataToken>
              <Name>System.String Humanizer.InflectorExtensions::Camelize(System.String)</Name>
              <FileRef uid="45" />
              <SequencePoints>
                <SequencePoint vc="0" uspid="887" ordinal="0" offset="0" sl="84" sc="13" el="84" ec="42" bec="0" bev="0" fileid="45" />
                <SequencePoint vc="0" uspid="888" ordinal="1" offset="7" sl="85" sc="13" el="85" ec="96" bec="2" bev="0" fileid="45" />
              </SequencePoints>
              <BranchPoints>
                <BranchPoint vc="0" uspid="889" ordinal="0" offset="14" sl="85" path="0" offsetend="16" fileid="45" />
                <BranchPoint vc="0" uspid="890" ordinal="1" offset="14" sl="85" path="1" offsetend="18" fileid="45" />
              </BranchPoints>
              <MethodPoint xsi:type="SequencePoint" vc="0" uspid="887" ordinal="0" offset="0" sl="84" sc="13" el="84" ec="42" bec="0" bev="0" fileid="45" />
            </Method>
            <Method visited="false" cyclomaticComplexity="1" nPathComplexity="0" sequenceCoverage="0" branchCoverage="0" crapScore="2" isConstructor="false" isStatic="true" isGetter="false" isSetter="false">
              <Summary numSequencePoints="1" visitedSequencePoints="0" numBranchPoints="1" visitedBranchPoints="0" sequenceCoverage="0" branchCoverage="0" maxCyclomaticComplexity="1" minCyclomaticComplexity="1" maxCrapScore="2" minCrapScore="2" visitedClasses="0" numClasses="0" visitedMethods="0" numMethods="1" />
              <MetadataToken>100663415</MetadataToken>
              <Name>System.String Humanizer.InflectorExtensions::Underscore(System.String)</Name>
              <FileRef uid="45" />
              <SequencePoints>
                <SequencePoint vc="0" uspid="891" ordinal="0" offset="0" sl="95" sc="13" el="97" ec="148" bec="0" bev="0" fileid="45" />
              </SequencePoints>
              <BranchPoints />
              <MethodPoint xsi:type="SequencePoint" vc="0" uspid="891" ordinal="0" offset="0" sl="95" sc="13" el="97" ec="148" bec="0" bev="0" fileid="45" />
            </Method>
            <Method visited="false" cyclomaticComplexity="1" nPathComplexity="0" sequenceCoverage="0" branchCoverage="0" crapScore="2" isConstructor="false" isStatic="true" isGetter="false" isSetter="false">
              <Summary numSequencePoints="1" visitedSequencePoints="0" numBranchPoints="1" visitedBranchPoints="0" sequenceCoverage="0" branchCoverage="0" maxCyclomaticComplexity="1" minCyclomaticComplexity="1" maxCrapScore="2" minCrapScore="2" visitedClasses="0" numClasses="0" visitedMethods="0" numMethods="1" />
              <MetadataToken>100663416</MetadataToken>
              <Name>System.String Humanizer.InflectorExtensions::Dasherize(System.String)</Name>
              <FileRef uid="45" />
              <SequencePoints>
                <SequencePoint vc="0" uspid="892" ordinal="0" offset="0" sl="107" sc="13" el="107" ec="54" bec="0" bev="0" fileid="45" />
              </SequencePoints>
              <BranchPoints />
              <MethodPoint xsi:type="SequencePoint" vc="0" uspid="892" ordinal="0" offset="0" sl="107" sc="13" el="107" ec="54" bec="0" bev="0" fileid="45" />
            </Method>
            <Method visited="false" cyclomaticComplexity="1" nPathComplexity="0" sequenceCoverage="0" branchCoverage="0" crapScore="2" isConstructor="false" isStatic="true" isGetter="false" isSetter="false">
              <Summary numSequencePoints="1" visitedSequencePoints="0" numBranchPoints="1" visitedBranchPoints="0" sequenceCoverage="0" branchCoverage="0" maxCyclomaticComplexity="1" minCyclomaticComplexity="1" maxCrapScore="2" minCrapScore="2" visitedClasses="0" numClasses="0" visitedMethods="0" numMethods="1" />
              <MetadataToken>100663417</MetadataToken>
              <Name>System.String Humanizer.InflectorExtensions::Hyphenate(System.String)</Name>
              <FileRef uid="45" />
              <SequencePoints>
                <SequencePoint vc="0" uspid="893" ordinal="0" offset="0" sl="117" sc="13" el="117" ec="47" bec="0" bev="0" fileid="45" />
              </SequencePoints>
              <BranchPoints />
              <MethodPoint xsi:type="SequencePoint" vc="0" uspid="893" ordinal="0" offset="0" sl="117" sc="13" el="117" ec="47" bec="0" bev="0" fileid="45" />
            </Method>
            <Method visited="false" cyclomaticComplexity="1" nPathComplexity="0" sequenceCoverage="0" branchCoverage="0" crapScore="2" isConstructor="false" isStatic="true" isGetter="false" isSetter="false">
              <Summary numSequencePoints="1" visitedSequencePoints="0" numBranchPoints="1" visitedBranchPoints="0" sequenceCoverage="0" branchCoverage="0" maxCyclomaticComplexity="1" minCyclomaticComplexity="1" maxCrapScore="2" minCrapScore="2" visitedClasses="0" numClasses="0" visitedMethods="0" numMethods="1" />
              <MetadataToken>100663418</MetadataToken>
              <Name>System.String Humanizer.InflectorExtensions::Kebaberize(System.String)</Name>
              <FileRef uid="45" />
              <SequencePoints>
                <SequencePoint vc="0" uspid="894" ordinal="0" offset="0" sl="127" sc="13" el="127" ec="50" bec="0" bev="0" fileid="45" />
              </SequencePoints>
              <BranchPoints />
              <MethodPoint xsi:type="SequencePoint" vc="0" uspid="894" ordinal="0" offset="0" sl="127" sc="13" el="127" ec="50" bec="0" bev="0" fileid="45" />
            </Method>
          </Methods>
        </Class>
        <Class>
          <Summary numSequencePoints="1" visitedSequencePoints="0" numBranchPoints="1" visitedBranchPoints="0" sequenceCoverage="0" branchCoverage="0" maxCyclomaticComplexity="1" minCyclomaticComplexity="1" maxCrapScore="2" minCrapScore="2" visitedClasses="0" numClasses="1" visitedMethods="0" numMethods="1" />
          <FullName>Humanizer.InflectorExtensions/&lt;&gt;c</FullName>
          <Methods>
            <Method visited="false" cyclomaticComplexity="1" nPathComplexity="0" sequenceCoverage="0" branchCoverage="0" crapScore="2" isConstructor="true" isStatic="true" isGetter="false" isSetter="false">
              <Summary numSequencePoints="0" visitedSequencePoints="0" numBranchPoints="0" visitedBranchPoints="0" sequenceCoverage="0" branchCoverage="0" maxCyclomaticComplexity="1" minCyclomaticComplexity="1" maxCrapScore="2" minCrapScore="2" visitedClasses="0" numClasses="0" visitedMethods="0" numMethods="0" />
              <MetadataToken>100664636</MetadataToken>
              <Name>System.Void Humanizer.InflectorExtensions/&lt;&gt;c::.cctor()</Name>
              <SequencePoints />
              <BranchPoints />
              <MethodPoint vc="0" uspid="895" ordinal="0" offset="0" />
            </Method>
            <Method visited="false" cyclomaticComplexity="1" nPathComplexity="0" sequenceCoverage="0" branchCoverage="0" crapScore="2" isConstructor="true" isStatic="false" isGetter="false" isSetter="false">
              <Summary numSequencePoints="0" visitedSequencePoints="0" numBranchPoints="0" visitedBranchPoints="0" sequenceCoverage="0" branchCoverage="0" maxCyclomaticComplexity="1" minCyclomaticComplexity="1" maxCrapScore="2" minCrapScore="2" visitedClasses="0" numClasses="0" visitedMethods="0" numMethods="0" />
              <MetadataToken>100664637</MetadataToken>
              <Name>System.Void Humanizer.InflectorExtensions/&lt;&gt;c::.ctor()</Name>
              <SequencePoints />
              <BranchPoints />
              <MethodPoint vc="0" uspid="896" ordinal="0" offset="0" />
            </Method>
            <Method visited="false" cyclomaticComplexity="1" nPathComplexity="0" sequenceCoverage="0" branchCoverage="0" crapScore="2" isConstructor="false" isStatic="false" isGetter="false" isSetter="false">
              <Summary numSequencePoints="1" visitedSequencePoints="0" numBranchPoints="1" visitedBranchPoints="0" sequenceCoverage="0" branchCoverage="0" maxCyclomaticComplexity="1" minCyclomaticComplexity="1" maxCrapScore="2" minCrapScore="2" visitedClasses="0" numClasses="0" visitedMethods="0" numMethods="1" />
              <MetadataToken>100664638</MetadataToken>
              <Name>System.String Humanizer.InflectorExtensions/&lt;&gt;c::&lt;Pascalize&gt;b__3_0(System.Text.RegularExpressions.Match)</Name>
              <FileRef uid="45" />
              <SequencePoints>
                <SequencePoint vc="0" uspid="897" ordinal="0" offset="0" sl="74" sc="67" el="74" ec="98" bec="0" bev="0" fileid="45" />
              </SequencePoints>
              <BranchPoints />
              <MethodPoint xsi:type="SequencePoint" vc="0" uspid="897" ordinal="0" offset="0" sl="74" sc="67" el="74" ec="98" bec="0" bev="0" fileid="45" />
            </Method>
          </Methods>
        </Class>
        <Class>
          <Summary numSequencePoints="45" visitedSequencePoints="0" numBranchPoints="57" visitedBranchPoints="0" sequenceCoverage="0" branchCoverage="0" maxCyclomaticComplexity="5" minCyclomaticComplexity="1" maxCrapScore="30" minCrapScore="2" visitedClasses="0" numClasses="1" visitedMethods="0" numMethods="15" />
          <FullName>Humanizer.MetricNumeralExtensions</FullName>
          <Methods>
            <Method visited="false" cyclomaticComplexity="1" nPathComplexity="0" sequenceCoverage="0" branchCoverage="0" crapScore="2" isConstructor="true" isStatic="true" isGetter="false" isSetter="false">
              <Summary numSequencePoints="5" visitedSequencePoints="0" numBranchPoints="1" visitedBranchPoints="0" sequenceCoverage="0" branchCoverage="0" maxCyclomaticComplexity="1" minCyclomaticComplexity="1" maxCrapScore="2" minCrapScore="2" visitedClasses="0" numClasses="0" visitedMethods="0" numMethods="1" />
              <MetadataToken>100663419</MetadataToken>
              <Name>System.Void Humanizer.MetricNumeralExtensions::.cctor()</Name>
              <FileRef uid="47" />
              <SequencePoints>
                <SequencePoint vc="0" uspid="898" ordinal="0" offset="0" sl="49" sc="9" el="53" ec="19" bec="0" bev="0" fileid="47" />
                <SequencePoint vc="0" uspid="899" ordinal="1" offset="158" sl="65" sc="9" el="69" ec="19" bec="0" bev="0" fileid="47" />
                <SequencePoint vc="0" uspid="900" ordinal="2" offset="379" sl="42" sc="13" el="42" ec="44" bec="0" bev="0" fileid="47" />
                <SequencePoint vc="0" uspid="901" ordinal="3" offset="407" sl="43" sc="13" el="43" ec="47" bec="0" bev="0" fileid="47" />
                <SequencePoint vc="0" uspid="902" ordinal="4" offset="435" sl="44" sc="9" el="44" ec="10" bec="0" bev="0" fileid="47" />
              </SequencePoints>
              <BranchPoints />
              <MethodPoint xsi:type="SequencePoint" vc="0" uspid="898" ordinal="0" offset="0" sl="49" sc="9" el="53" ec="19" bec="0" bev="0" fileid="47" />
            </Method>
            <Method visited="false" cyclomaticComplexity="1" nPathComplexity="0" sequenceCoverage="0" branchCoverage="0" crapScore="2" isConstructor="false" isStatic="true" isGetter="false" isSetter="false">
              <Summary numSequencePoints="2" visitedSequencePoints="0" numBranchPoints="1" visitedBranchPoints="0" sequenceCoverage="0" branchCoverage="0" maxCyclomaticComplexity="1" minCyclomaticComplexity="1" maxCrapScore="2" minCrapScore="2" visitedClasses="0" numClasses="0" visitedMethods="0" numMethods="1" />
              <MetadataToken>100663420</MetadataToken>
              <Name>System.Double Humanizer.MetricNumeralExtensions::FromMetric(System.String)</Name>
              <FileRef uid="47" />
              <SequencePoints>
                <SequencePoint vc="0" uspid="903" ordinal="0" offset="0" sl="89" sc="13" el="89" ec="48" bec="0" bev="0" fileid="47" />
                <SequencePoint vc="0" uspid="904" ordinal="1" offset="8" sl="90" sc="13" el="90" ec="64" bec="0" bev="0" fileid="47" />
              </SequencePoints>
              <BranchPoints />
              <MethodPoint xsi:type="SequencePoint" vc="0" uspid="903" ordinal="0" offset="0" sl="89" sc="13" el="89" ec="48" bec="0" bev="0" fileid="47" />
            </Method>
            <Method visited="false" cyclomaticComplexity="1" nPathComplexity="0" sequenceCoverage="0" branchCoverage="0" crapScore="2" isConstructor="false" isStatic="true" isGetter="false" isSetter="false">
              <Summary numSequencePoints="1" visitedSequencePoints="0" numBranchPoints="1" visitedBranchPoints="0" sequenceCoverage="0" branchCoverage="0" maxCyclomaticComplexity="1" minCyclomaticComplexity="1" maxCrapScore="2" minCrapScore="2" visitedClasses="0" numClasses="0" visitedMethods="0" numMethods="1" />
              <MetadataToken>100663421</MetadataToken>
              <Name>System.String Humanizer.MetricNumeralExtensions::ToMetric(System.Int32,System.Boolean,System.Boolean,System.Nullable`1&lt;System.Int32&gt;)</Name>
              <FileRef uid="47" />
              <SequencePoints>
                <SequencePoint vc="0" uspid="905" ordinal="0" offset="0" sl="114" sc="13" el="114" ec="76" bec="0" bev="0" fileid="47" />
              </SequencePoints>
              <BranchPoints />
              <MethodPoint xsi:type="SequencePoint" vc="0" uspid="905" ordinal="0" offset="0" sl="114" sc="13" el="114" ec="76" bec="0" bev="0" fileid="47" />
            </Method>
            <Method visited="false" cyclomaticComplexity="3" nPathComplexity="4" sequenceCoverage="0" branchCoverage="0" crapScore="12" isConstructor="false" isStatic="true" isGetter="false" isSetter="false">
              <Summary numSequencePoints="5" visitedSequencePoints="0" numBranchPoints="5" visitedBranchPoints="0" sequenceCoverage="0" branchCoverage="0" maxCyclomaticComplexity="3" minCyclomaticComplexity="3" maxCrapScore="12" minCrapScore="12" visitedClasses="0" numClasses="0" visitedMethods="0" numMethods="1" />
              <MetadataToken>100663422</MetadataToken>
              <Name>System.String Humanizer.MetricNumeralExtensions::ToMetric(System.Double,System.Boolean,System.Boolean,System.Nullable`1&lt;System.Int32&gt;)</Name>
              <FileRef uid="47" />
              <SequencePoints>
                <SequencePoint vc="0" uspid="906" ordinal="0" offset="0" sl="138" sc="13" el="138" ec="33" bec="2" bev="0" fileid="47" />
                <SequencePoint vc="0" uspid="907" ordinal="1" offset="18" sl="140" sc="17" el="140" ec="41" bec="0" bev="0" fileid="47" />
                <SequencePoint vc="0" uspid="908" ordinal="2" offset="26" sl="143" sc="13" el="143" ec="38" bec="2" bev="0" fileid="47" />
                <SequencePoint vc="0" uspid="909" ordinal="3" offset="34" sl="145" sc="17" el="145" ec="70" bec="0" bev="0" fileid="47" />
                <SequencePoint vc="0" uspid="910" ordinal="4" offset="45" sl="148" sc="13" el="148" ec="78" bec="0" bev="0" fileid="47" />
              </SequencePoints>
              <BranchPoints>
                <BranchPoint vc="0" uspid="911" ordinal="0" offset="16" sl="138" path="0" offsetend="18" fileid="47" />
                <BranchPoint vc="0" uspid="912" ordinal="1" offset="16" sl="138" path="1" offsetend="26" fileid="47" />
                <BranchPoint vc="0" uspid="913" ordinal="2" offset="32" sl="143" path="0" offsetend="34" fileid="47" />
                <BranchPoint vc="0" uspid="914" ordinal="3" offset="32" sl="143" path="1" offsetend="45" fileid="47" />
              </BranchPoints>
              <MethodPoint xsi:type="SequencePoint" vc="0" uspid="906" ordinal="0" offset="0" sl="138" sc="13" el="138" ec="33" bec="2" bev="0" fileid="47" />
            </Method>
            <Method visited="false" cyclomaticComplexity="4" nPathComplexity="8" sequenceCoverage="0" branchCoverage="0" crapScore="20" isConstructor="false" isStatic="true" isGetter="false" isSetter="false">
              <Summary numSequencePoints="7" visitedSequencePoints="0" numBranchPoints="7" visitedBranchPoints="0" sequenceCoverage="0" branchCoverage="0" maxCyclomaticComplexity="4" minCyclomaticComplexity="4" maxCrapScore="20" minCrapScore="20" visitedClasses="0" numClasses="0" visitedMethods="0" numMethods="1" />
              <MetadataToken>100663423</MetadataToken>
              <Name>System.String Humanizer.MetricNumeralExtensions::CleanRepresentation(System.String)</Name>
              <FileRef uid="47" />
              <SequencePoints>
                <SequencePoint vc="0" uspid="915" ordinal="0" offset="0" sl="158" sc="13" el="158" ec="31" bec="2" bev="0" fileid="47" />
                <SequencePoint vc="0" uspid="916" ordinal="1" offset="3" sl="160" sc="17" el="160" ec="64" bec="0" bev="0" fileid="47" />
                <SequencePoint vc="0" uspid="917" ordinal="2" offset="14" sl="163" sc="13" el="163" ec="34" bec="0" bev="0" fileid="47" />
                <SequencePoint vc="0" uspid="918" ordinal="3" offset="22" sl="164" sc="13" el="164" ec="48" bec="0" bev="0" fileid="47" />
                <SequencePoint vc="0" uspid="919" ordinal="4" offset="30" sl="165" sc="13" el="165" ec="69" bec="3" bev="0" fileid="47" />
                <SequencePoint vc="0" uspid="920" ordinal="5" offset="46" sl="167" sc="17" el="167" ec="95" bec="0" bev="0" fileid="47" />
                <SequencePoint vc="0" uspid="921" ordinal="6" offset="62" sl="170" sc="13" el="170" ec="53" bec="0" bev="0" fileid="47" />
              </SequencePoints>
              <BranchPoints>
                <BranchPoint vc="0" uspid="922" ordinal="0" offset="1" sl="158" path="0" offsetend="3" fileid="47" />
                <BranchPoint vc="0" uspid="923" ordinal="1" offset="1" sl="158" path="1" offsetend="14" fileid="47" />
                <BranchPoint vc="0" uspid="924" ordinal="2" offset="36" sl="165" path="0" offsetend="38" fileid="47" />
                <BranchPoint vc="0" uspid="925" ordinal="3" offset="36" sl="165" path="1" offsetend="46" fileid="47" />
                <BranchPoint vc="0" uspid="926" ordinal="4" offset="44" sl="165" path="0" offsetend="46" fileid="47" />
                <BranchPoint vc="0" uspid="927" ordinal="5" offset="44" sl="165" path="1" offsetend="62" fileid="47" />
              </BranchPoints>
              <MethodPoint xsi:type="SequencePoint" vc="0" uspid="915" ordinal="0" offset="0" sl="158" sc="13" el="158" ec="31" bec="2" bev="0" fileid="47" />
            </Method>
            <Method visited="false" cyclomaticComplexity="2" nPathComplexity="2" sequenceCoverage="0" branchCoverage="0" crapScore="6" isConstructor="false" isStatic="true" isGetter="false" isSetter="false">
              <Summary numSequencePoints="1" visitedSequencePoints="0" numBranchPoints="3" visitedBranchPoints="0" sequenceCoverage="0" branchCoverage="0" maxCyclomaticComplexity="2" minCyclomaticComplexity="2" maxCrapScore="6" minCrapScore="6" visitedClasses="0" numClasses="0" visitedMethods="0" numMethods="1" />
              <MetadataToken>100663424</MetadataToken>
              <Name>System.Double Humanizer.MetricNumeralExtensions::BuildNumber(System.String,System.Char)</Name>
              <FileRef uid="47" />
              <SequencePoints>
                <SequencePoint vc="0" uspid="928" ordinal="0" offset="0" sl="181" sc="13" el="183" ec="39" bec="2" bev="0" fileid="47" />
              </SequencePoints>
              <BranchPoints>
                <BranchPoint vc="0" uspid="929" ordinal="0" offset="6" sl="181" path="0" offsetend="8" fileid="47" />
                <BranchPoint vc="0" uspid="930" ordinal="1" offset="6" sl="181" path="1" offsetend="15" fileid="47" />
              </BranchPoints>
              <MethodPoint xsi:type="SequencePoint" vc="0" uspid="928" ordinal="0" offset="0" sl="181" sc="13" el="183" ec="39" bec="2" bev="0" fileid="47" />
            </Method>
            <Method visited="false" cyclomaticComplexity="2" nPathComplexity="2" sequenceCoverage="0" branchCoverage="0" crapScore="6" isConstructor="false" isStatic="true" isGetter="false" isSetter="false">
              <Summary numSequencePoints="3" visitedSequencePoints="0" numBranchPoints="3" visitedBranchPoints="0" sequenceCoverage="0" branchCoverage="0" maxCyclomaticComplexity="2" minCyclomaticComplexity="2" maxCrapScore="6" minCrapScore="6" visitedClasses="0" numClasses="0" visitedMethods="0" numMethods="1" />
              <MetadataToken>100663425</MetadataToken>
              <Name>System.Double Humanizer.MetricNumeralExtensions::BuildMetricNumber(System.String,System.Char)</Name>
              <FileRef uid="47" />
              <SequencePoints>
                <SequencePoint vc="0" uspid="931" ordinal="0" offset="8" sl="195" sc="13" el="195" ec="71" bec="0" bev="0" fileid="47" />
                <SequencePoint vc="0" uspid="932" ordinal="1" offset="27" sl="196" sc="13" el="198" ec="45" bec="2" bev="0" fileid="47" />
                <SequencePoint vc="0" uspid="933" ordinal="2" offset="93" sl="199" sc="13" el="199" ec="38" bec="0" bev="0" fileid="47" />
              </SequencePoints>
              <BranchPoints>
                <BranchPoint vc="0" uspid="934" ordinal="0" offset="54" sl="196" path="0" offsetend="56" fileid="47" />
                <BranchPoint vc="0" uspid="935" ordinal="1" offset="54" sl="196" path="1" offsetend="73" fileid="47" />
              </BranchPoints>
              <MethodPoint vc="0" uspid="936" ordinal="0" offset="0" />
            </Method>
            <Method visited="false" cyclomaticComplexity="2" nPathComplexity="2" sequenceCoverage="0" branchCoverage="0" crapScore="6" isConstructor="false" isStatic="true" isGetter="false" isSetter="false">
              <Summary numSequencePoints="1" visitedSequencePoints="0" numBranchPoints="3" visitedBranchPoints="0" sequenceCoverage="0" branchCoverage="0" maxCyclomaticComplexity="2" minCyclomaticComplexity="2" maxCrapScore="6" minCrapScore="6" visitedClasses="0" numClasses="0" visitedMethods="0" numMethods="1" />
              <MetadataToken>100663426</MetadataToken>
              <Name>System.String Humanizer.MetricNumeralExtensions::ReplaceNameBySymbol(System.String)</Name>
              <FileRef uid="47" />
              <SequencePoints>
                <SequencePoint vc="0" uspid="937" ordinal="0" offset="0" sl="209" sc="13" el="210" ec="67" bec="2" bev="0" fileid="47" />
              </SequencePoints>
              <BranchPoints>
                <BranchPoint vc="0" uspid="938" ordinal="0" offset="12" sl="209" path="0" offsetend="14" fileid="47" />
                <BranchPoint vc="0" uspid="939" ordinal="1" offset="12" sl="209" path="1" offsetend="37" fileid="47" />
              </BranchPoints>
              <MethodPoint xsi:type="SequencePoint" vc="0" uspid="937" ordinal="0" offset="0" sl="209" sc="13" el="210" ec="67" bec="2" bev="0" fileid="47" />
            </Method>
            <Method visited="false" cyclomaticComplexity="4" nPathComplexity="8" sequenceCoverage="0" branchCoverage="0" crapScore="20" isConstructor="false" isStatic="true" isGetter="false" isSetter="false">
              <Summary numSequencePoints="7" visitedSequencePoints="0" numBranchPoints="7" visitedBranchPoints="0" sequenceCoverage="0" branchCoverage="0" maxCyclomaticComplexity="4" minCyclomaticComplexity="4" maxCrapScore="20" minCrapScore="20" visitedClasses="0" numClasses="0" visitedMethods="0" numMethods="1" />
              <MetadataToken>100663427</MetadataToken>
              <Name>System.String Humanizer.MetricNumeralExtensions::BuildRepresentation(System.Double,System.Boolean,System.Boolean,System.Nullable`1&lt;System.Int32&gt;)</Name>
              <FileRef uid="47" />
              <SequencePoints>
                <SequencePoint vc="0" uspid="940" ordinal="0" offset="0" sl="223" sc="13" el="223" ec="77" bec="0" bev="0" fileid="47" />
                <SequencePoint vc="0" uspid="941" ordinal="1" offset="28" sl="225" sc="13" el="225" ec="37" bec="2" bev="0" fileid="47" />
                <SequencePoint vc="0" uspid="942" ordinal="2" offset="38" sl="225" sc="38" el="225" ec="119" bec="0" bev="0" fileid="47" />
                <SequencePoint vc="0" uspid="943" ordinal="3" offset="49" sl="226" sc="13" el="226" ec="118" bec="2" bev="0" fileid="47" />
                <SequencePoint vc="0" uspid="944" ordinal="4" offset="89" sl="227" sc="13" el="227" ec="26" bec="2" bev="0" fileid="47" />
                <SequencePoint vc="0" uspid="945" ordinal="5" offset="92" sl="229" sc="17" el="229" ec="39" bec="0" bev="0" fileid="47" />
                <SequencePoint vc="0" uspid="946" ordinal="6" offset="104" sl="231" sc="13" el="231" ec="35" bec="0" bev="0" fileid="47" />
              </SequencePoints>
              <BranchPoints>
                <BranchPoint vc="0" uspid="947" ordinal="0" offset="36" sl="225" path="0" offsetend="38" fileid="47" />
                <BranchPoint vc="0" uspid="948" ordinal="1" offset="36" sl="225" path="1" offsetend="49" fileid="47" />
                <BranchPoint vc="0" uspid="949" ordinal="2" offset="56" sl="226" path="0" offsetend="58" fileid="47" />
                <BranchPoint vc="0" uspid="950" ordinal="3" offset="56" sl="226" path="1" offsetend="67" fileid="47" />
                <BranchPoint vc="0" uspid="951" ordinal="4" offset="90" sl="227" path="0" offsetend="92" fileid="47" />
                <BranchPoint vc="0" uspid="952" ordinal="5" offset="90" sl="227" path="1" offsetend="104" fileid="47" />
              </BranchPoints>
              <MethodPoint xsi:type="SequencePoint" vc="0" uspid="940" ordinal="0" offset="0" sl="223" sc="13" el="223" ec="77" bec="0" bev="0" fileid="47" />
            </Method>
            <Method visited="false" cyclomaticComplexity="5" nPathComplexity="8" sequenceCoverage="0" branchCoverage="0" crapScore="30" isConstructor="false" isStatic="true" isGetter="false" isSetter="false">
              <Summary numSequencePoints="5" visitedSequencePoints="0" numBranchPoints="7" visitedBranchPoints="0" sequenceCoverage="0" branchCoverage="0" maxCyclomaticComplexity="5" minCyclomaticComplexity="5" maxCrapScore="30" minCrapScore="30" visitedClasses="0" numClasses="0" visitedMethods="0" numMethods="1" />
              <MetadataToken>100663428</MetadataToken>
              <Name>System.String Humanizer.MetricNumeralExtensions::BuildMetricRepresentation(System.Double,System.Int32,System.Boolean,System.Boolean,System.Nullable`1&lt;System.Int32&gt;)</Name>
              <FileRef uid="47" />
              <SequencePoints>
                <SequencePoint vc="0" uspid="953" ordinal="0" offset="0" sl="245" sc="13" el="245" ec="60" bec="0" bev="0" fileid="47" />
                <SequencePoint vc="0" uspid="954" ordinal="1" offset="20" sl="246" sc="13" el="246" ec="35" bec="2" bev="0" fileid="47" />
                <SequencePoint vc="0" uspid="955" ordinal="2" offset="29" sl="248" sc="17" el="248" ec="61" bec="0" bev="0" fileid="47" />
                <SequencePoint vc="0" uspid="956" ordinal="3" offset="43" sl="251" sc="13" el="253" ec="45" bec="2" bev="0" fileid="47" />
                <SequencePoint vc="0" uspid="957" ordinal="4" offset="86" sl="254" sc="13" el="256" ec="46" bec="2" bev="0" fileid="47" />
              </SequencePoints>
              <BranchPoints>
                <BranchPoint vc="0" uspid="958" ordinal="0" offset="27" sl="246" path="0" offsetend="29" fileid="47" />
                <BranchPoint vc="0" uspid="959" ordinal="1" offset="27" sl="246" path="1" offsetend="43" fileid="47" />
                <BranchPoint vc="0" uspid="960" ordinal="2" offset="50" sl="251" path="0" offsetend="52" fileid="47" />
                <BranchPoint vc="0" uspid="961" ordinal="3" offset="50" sl="251" path="1" offsetend="70" fileid="47" />
                <BranchPoint vc="0" uspid="962" ordinal="4" offset="94" sl="254" path="0" offsetend="96" fileid="47" />
                <BranchPoint vc="0" uspid="963" ordinal="5" offset="94" sl="254" path="1" offsetend="103" fileid="47" />
              </BranchPoints>
              <MethodPoint xsi:type="SequencePoint" vc="0" uspid="953" ordinal="0" offset="0" sl="245" sc="13" el="245" ec="60" bec="0" bev="0" fileid="47" />
            </Method>
            <Method visited="false" cyclomaticComplexity="2" nPathComplexity="2" sequenceCoverage="0" branchCoverage="0" crapScore="6" isConstructor="false" isStatic="true" isGetter="false" isSetter="false">
              <Summary numSequencePoints="1" visitedSequencePoints="0" numBranchPoints="3" visitedBranchPoints="0" sequenceCoverage="0" branchCoverage="0" maxCyclomaticComplexity="2" minCyclomaticComplexity="2" maxCrapScore="6" minCrapScore="6" visitedClasses="0" numClasses="0" visitedMethods="0" numMethods="1" />
              <MetadataToken>100663429</MetadataToken>
              <Name>System.String Humanizer.MetricNumeralExtensions::GetUnit(System.Char,System.Boolean)</Name>
              <FileRef uid="47" />
              <SequencePoints>
                <SequencePoint vc="0" uspid="964" ordinal="0" offset="0" sl="267" sc="13" el="267" ec="66" bec="2" bev="0" fileid="47" />
              </SequencePoints>
              <BranchPoints>
                <BranchPoint vc="0" uspid="965" ordinal="0" offset="1" sl="267" path="0" offsetend="3" fileid="47" />
                <BranchPoint vc="0" uspid="966" ordinal="1" offset="1" sl="267" path="1" offsetend="15" fileid="47" />
              </BranchPoints>
              <MethodPoint xsi:type="SequencePoint" vc="0" uspid="964" ordinal="0" offset="0" sl="267" sc="13" el="267" ec="66" bec="2" bev="0" fileid="47" />
            </Method>
            <Method visited="false" cyclomaticComplexity="4" nPathComplexity="8" sequenceCoverage="0" branchCoverage="0" crapScore="20" isConstructor="false" isStatic="true" isGetter="false" isSetter="false">
              <Summary numSequencePoints="1" visitedSequencePoints="0" numBranchPoints="7" visitedBranchPoints="0" sequenceCoverage="0" branchCoverage="0" maxCyclomaticComplexity="4" minCyclomaticComplexity="4" maxCrapScore="20" minCrapScore="20" visitedClasses="0" numClasses="0" visitedMethods="0" numMethods="1" />
              <MetadataToken>100663430</MetadataToken>
              <Name>System.Boolean Humanizer.MetricNumeralExtensions::IsOutOfRange(System.Double)</Name>
              <FileRef uid="47" />
              <SequencePoints>
                <SequencePoint vc="0" uspid="967" ordinal="0" offset="8" sl="279" sc="13" el="280" ec="83" bec="5" bev="0" fileid="47" />
              </SequencePoints>
              <BranchPoints>
                <BranchPoint vc="0" uspid="968" ordinal="0" offset="20" sl="279" path="0" offsetend="22" fileid="47" />
                <BranchPoint vc="0" uspid="969" ordinal="1" offset="20" sl="279" path="1" offsetend="41" fileid="47" />
                <BranchPoint vc="0" uspid="970" ordinal="2" offset="39" sl="279" path="0" offsetend="41" fileid="47" />
                <BranchPoint vc="0" uspid="971" ordinal="3" offset="39" sl="279" path="1" offsetend="77" fileid="47" />
                <BranchPoint vc="0" uspid="972" ordinal="4" offset="53" sl="279" path="0" offsetend="55" fileid="47" />
                <BranchPoint vc="0" uspid="973" ordinal="5" offset="53" sl="279" path="1" offsetend="75" fileid="47" />
              </BranchPoints>
              <MethodPoint vc="0" uspid="974" ordinal="0" offset="0" />
            </Method>
            <Method visited="false" cyclomaticComplexity="4" nPathComplexity="4" sequenceCoverage="0" branchCoverage="0" crapScore="20" isConstructor="false" isStatic="true" isGetter="false" isSetter="false">
              <Summary numSequencePoints="4" visitedSequencePoints="0" numBranchPoints="5" visitedBranchPoints="0" sequenceCoverage="0" branchCoverage="0" maxCyclomaticComplexity="4" minCyclomaticComplexity="4" maxCrapScore="20" minCrapScore="20" visitedClasses="0" numClasses="0" visitedMethods="0" numMethods="1" />
              <MetadataToken>100663431</MetadataToken>
              <Name>System.Boolean Humanizer.MetricNumeralExtensions::IsInvalidMetricNumeral(System.String)</Name>
              <FileRef uid="47" />
              <SequencePoints>
                <SequencePoint vc="0" uspid="975" ordinal="0" offset="0" sl="295" sc="13" el="295" ec="42" bec="0" bev="0" fileid="47" />
                <SequencePoint vc="0" uspid="976" ordinal="1" offset="9" sl="296" sc="13" el="296" ec="37" bec="0" bev="0" fileid="47" />
                <SequencePoint vc="0" uspid="977" ordinal="2" offset="17" sl="297" sc="13" el="297" ec="83" bec="2" bev="0" fileid="47" />
                <SequencePoint vc="0" uspid="978" ordinal="3" offset="48" sl="298" sc="13" el="298" ec="93" bec="2" bev="0" fileid="47" />
              </SequencePoints>
              <BranchPoints>
                <BranchPoint vc="0" uspid="979" ordinal="0" offset="30" sl="297" path="0" offsetend="32" fileid="47" />
                <BranchPoint vc="0" uspid="980" ordinal="1" offset="30" sl="297" path="1" offsetend="47" fileid="47" />
                <BranchPoint vc="0" uspid="981" ordinal="2" offset="48" sl="298" path="0" offsetend="50" fileid="47" />
                <BranchPoint vc="0" uspid="982" ordinal="3" offset="48" sl="298" path="1" offsetend="53" fileid="47" />
              </BranchPoints>
              <MethodPoint xsi:type="SequencePoint" vc="0" uspid="975" ordinal="0" offset="0" sl="295" sc="13" el="295" ec="42" bec="0" bev="0" fileid="47" />
            </Method>
            <Method visited="false" cyclomaticComplexity="1" nPathComplexity="0" sequenceCoverage="0" branchCoverage="0" crapScore="2" isConstructor="false" isStatic="true" isGetter="false" isSetter="false">
              <Summary numSequencePoints="1" visitedSequencePoints="0" numBranchPoints="1" visitedBranchPoints="0" sequenceCoverage="0" branchCoverage="0" maxCyclomaticComplexity="1" minCyclomaticComplexity="1" maxCrapScore="2" minCrapScore="2" visitedClasses="0" numClasses="0" visitedMethods="0" numMethods="1" />
              <MetadataToken>100663432</MetadataToken>
              <Name>System.Double Humanizer.MetricNumeralExtensions::&lt;BuildMetricNumber&gt;g__getExponent|10_0(System.Collections.Generic.List`1&lt;System.Char&gt;,Humanizer.MetricNumeralExtensions/&lt;&gt;c__DisplayClass10_0&amp;)</Name>
              <FileRef uid="47" />
              <SequencePoints>
                <SequencePoint vc="0" uspid="983" ordinal="0" offset="0" sl="194" sc="55" el="194" ec="86" bec="0" bev="0" fileid="47" />
              </SequencePoints>
              <BranchPoints />
              <MethodPoint xsi:type="SequencePoint" vc="0" uspid="983" ordinal="0" offset="0" sl="194" sc="55" el="194" ec="86" bec="0" bev="0" fileid="47" />
            </Method>
            <Method visited="false" cyclomaticComplexity="2" nPathComplexity="2" sequenceCoverage="0" branchCoverage="0" crapScore="6" isConstructor="false" isStatic="true" isGetter="false" isSetter="false">
              <Summary numSequencePoints="1" visitedSequencePoints="0" numBranchPoints="3" visitedBranchPoints="0" sequenceCoverage="0" branchCoverage="0" maxCyclomaticComplexity="2" minCyclomaticComplexity="2" maxCrapScore="6" minCrapScore="6" visitedClasses="0" numClasses="0" visitedMethods="0" numMethods="1" />
              <MetadataToken>100663433</MetadataToken>
              <Name>System.Boolean Humanizer.MetricNumeralExtensions::&lt;IsOutOfRange&gt;g__outside|15_0(System.Double,System.Double,Humanizer.MetricNumeralExtensions/&lt;&gt;c__DisplayClass15_0&amp;)</Name>
              <FileRef uid="47" />
              <SequencePoints>
                <SequencePoint vc="0" uspid="984" ordinal="0" offset="0" sl="277" sc="53" el="277" ec="82" bec="2" bev="0" fileid="47" />
              </SequencePoints>
              <BranchPoints>
                <BranchPoint vc="0" uspid="985" ordinal="0" offset="7" sl="277" path="0" offsetend="9" fileid="47" />
                <BranchPoint vc="0" uspid="986" ordinal="1" offset="7" sl="277" path="1" offsetend="22" fileid="47" />
              </BranchPoints>
              <MethodPoint xsi:type="SequencePoint" vc="0" uspid="984" ordinal="0" offset="0" sl="277" sc="53" el="277" ec="82" bec="2" bev="0" fileid="47" />
            </Method>
          </Methods>
        </Class>
        <Class>
          <Summary numSequencePoints="1" visitedSequencePoints="0" numBranchPoints="1" visitedBranchPoints="0" sequenceCoverage="0" branchCoverage="0" maxCyclomaticComplexity="1" minCyclomaticComplexity="1" maxCrapScore="2" minCrapScore="2" visitedClasses="0" numClasses="1" visitedMethods="0" numMethods="1" />
          <FullName>Humanizer.MetricNumeralExtensions/&lt;&gt;c</FullName>
          <Methods>
            <Method visited="false" cyclomaticComplexity="1" nPathComplexity="0" sequenceCoverage="0" branchCoverage="0" crapScore="2" isConstructor="true" isStatic="true" isGetter="false" isSetter="false">
              <Summary numSequencePoints="0" visitedSequencePoints="0" numBranchPoints="0" visitedBranchPoints="0" sequenceCoverage="0" branchCoverage="0" maxCyclomaticComplexity="1" minCyclomaticComplexity="1" maxCrapScore="2" minCrapScore="2" visitedClasses="0" numClasses="0" visitedMethods="0" numMethods="0" />
              <MetadataToken>100664639</MetadataToken>
              <Name>System.Void Humanizer.MetricNumeralExtensions/&lt;&gt;c::.cctor()</Name>
              <SequencePoints />
              <BranchPoints />
              <MethodPoint vc="0" uspid="987" ordinal="0" offset="0" />
            </Method>
            <Method visited="false" cyclomaticComplexity="1" nPathComplexity="0" sequenceCoverage="0" branchCoverage="0" crapScore="2" isConstructor="true" isStatic="false" isGetter="false" isSetter="false">
              <Summary numSequencePoints="0" visitedSequencePoints="0" numBranchPoints="0" visitedBranchPoints="0" sequenceCoverage="0" branchCoverage="0" maxCyclomaticComplexity="1" minCyclomaticComplexity="1" maxCrapScore="2" minCrapScore="2" visitedClasses="0" numClasses="0" visitedMethods="0" numMethods="0" />
              <MetadataToken>100664640</MetadataToken>
              <Name>System.Void Humanizer.MetricNumeralExtensions/&lt;&gt;c::.ctor()</Name>
              <SequencePoints />
              <BranchPoints />
              <MethodPoint vc="0" uspid="988" ordinal="0" offset="0" />
            </Method>
            <Method visited="false" cyclomaticComplexity="1" nPathComplexity="0" sequenceCoverage="0" branchCoverage="0" crapScore="2" isConstructor="false" isStatic="false" isGetter="false" isSetter="false">
              <Summary numSequencePoints="1" visitedSequencePoints="0" numBranchPoints="1" visitedBranchPoints="0" sequenceCoverage="0" branchCoverage="0" maxCyclomaticComplexity="1" minCyclomaticComplexity="1" maxCrapScore="2" minCrapScore="2" visitedClasses="0" numClasses="0" visitedMethods="0" numMethods="1" />
              <MetadataToken>100664641</MetadataToken>
              <Name>System.String Humanizer.MetricNumeralExtensions/&lt;&gt;c::&lt;ReplaceNameBySymbol&gt;b__11_0(System.String,System.Collections.Generic.KeyValuePair`2&lt;System.Char,System.String&gt;)</Name>
              <FileRef uid="47" />
              <SequencePoints>
                <SequencePoint vc="0" uspid="989" ordinal="0" offset="0" sl="210" sc="17" el="210" ec="65" bec="0" bev="0" fileid="47" />
              </SequencePoints>
              <BranchPoints />
              <MethodPoint xsi:type="SequencePoint" vc="0" uspid="989" ordinal="0" offset="0" sl="210" sc="17" el="210" ec="65" bec="0" bev="0" fileid="47" />
            </Method>
          </Methods>
        </Class>
        <Class>
          <Summary numSequencePoints="6" visitedSequencePoints="0" numBranchPoints="3" visitedBranchPoints="0" sequenceCoverage="0" branchCoverage="0" maxCyclomaticComplexity="1" minCyclomaticComplexity="1" maxCrapScore="2" minCrapScore="2" visitedClasses="0" numClasses="1" visitedMethods="0" numMethods="3" />
          <FullName>Humanizer.NoMatchFoundException</FullName>
          <Methods>
            <Method visited="false" cyclomaticComplexity="1" nPathComplexity="0" sequenceCoverage="0" branchCoverage="0" crapScore="2" isConstructor="true" isStatic="false" isGetter="false" isSetter="false">
              <Summary numSequencePoints="2" visitedSequencePoints="0" numBranchPoints="1" visitedBranchPoints="0" sequenceCoverage="0" branchCoverage="0" maxCyclomaticComplexity="1" minCyclomaticComplexity="1" maxCrapScore="2" minCrapScore="2" visitedClasses="0" numClasses="0" visitedMethods="0" numMethods="1" />
              <MetadataToken>100663434</MetadataToken>
              <Name>System.Void Humanizer.NoMatchFoundException::.ctor()</Name>
              <FileRef uid="49" />
              <SequencePoints>
                <SequencePoint vc="0" uspid="990" ordinal="0" offset="0" sl="11" sc="9" el="11" ec="39" bec="0" bev="0" fileid="49" />
                <SequencePoint vc="0" uspid="991" ordinal="1" offset="6" sl="13" sc="9" el="13" ec="10" bec="0" bev="0" fileid="49" />
              </SequencePoints>
              <BranchPoints />
              <MethodPoint xsi:type="SequencePoint" vc="0" uspid="990" ordinal="0" offset="0" sl="11" sc="9" el="11" ec="39" bec="0" bev="0" fileid="49" />
            </Method>
            <Method visited="false" cyclomaticComplexity="1" nPathComplexity="0" sequenceCoverage="0" branchCoverage="0" crapScore="2" isConstructor="true" isStatic="false" isGetter="false" isSetter="false">
              <Summary numSequencePoints="2" visitedSequencePoints="0" numBranchPoints="1" visitedBranchPoints="0" sequenceCoverage="0" branchCoverage="0" maxCyclomaticComplexity="1" minCyclomaticComplexity="1" maxCrapScore="2" minCrapScore="2" visitedClasses="0" numClasses="0" visitedMethods="0" numMethods="1" />
              <MetadataToken>100663435</MetadataToken>
              <Name>System.Void Humanizer.NoMatchFoundException::.ctor(System.String)</Name>
              <FileRef uid="49" />
              <SequencePoints>
                <SequencePoint vc="0" uspid="992" ordinal="0" offset="0" sl="16" sc="15" el="16" ec="28" bec="0" bev="0" fileid="49" />
                <SequencePoint vc="0" uspid="993" ordinal="1" offset="7" sl="18" sc="9" el="18" ec="10" bec="0" bev="0" fileid="49" />
              </SequencePoints>
              <BranchPoints />
              <MethodPoint xsi:type="SequencePoint" vc="0" uspid="992" ordinal="0" offset="0" sl="16" sc="15" el="16" ec="28" bec="0" bev="0" fileid="49" />
            </Method>
            <Method visited="false" cyclomaticComplexity="1" nPathComplexity="0" sequenceCoverage="0" branchCoverage="0" crapScore="2" isConstructor="true" isStatic="false" isGetter="false" isSetter="false">
              <Summary numSequencePoints="2" visitedSequencePoints="0" numBranchPoints="1" visitedBranchPoints="0" sequenceCoverage="0" branchCoverage="0" maxCyclomaticComplexity="1" minCyclomaticComplexity="1" maxCrapScore="2" minCrapScore="2" visitedClasses="0" numClasses="0" visitedMethods="0" numMethods="1" />
              <MetadataToken>100663436</MetadataToken>
              <Name>System.Void Humanizer.NoMatchFoundException::.ctor(System.String,System.Exception)</Name>
              <FileRef uid="49" />
              <SequencePoints>
                <SequencePoint vc="0" uspid="994" ordinal="0" offset="0" sl="21" sc="15" el="21" ec="35" bec="0" bev="0" fileid="49" />
                <SequencePoint vc="0" uspid="995" ordinal="1" offset="8" sl="23" sc="9" el="23" ec="10" bec="0" bev="0" fileid="49" />
              </SequencePoints>
              <BranchPoints />
              <MethodPoint xsi:type="SequencePoint" vc="0" uspid="994" ordinal="0" offset="0" sl="21" sc="15" el="21" ec="35" bec="0" bev="0" fileid="49" />
            </Method>
          </Methods>
        </Class>
        <Class>
          <Summary numSequencePoints="25" visitedSequencePoints="0" numBranchPoints="25" visitedBranchPoints="0" sequenceCoverage="0" branchCoverage="0" maxCyclomaticComplexity="1" minCyclomaticComplexity="1" maxCrapScore="2" minCrapScore="2" visitedClasses="0" numClasses="1" visitedMethods="0" numMethods="25" />
          <FullName>Humanizer.NumberToNumberExtensions</FullName>
          <Methods>
            <Method visited="false" cyclomaticComplexity="1" nPathComplexity="0" sequenceCoverage="0" branchCoverage="0" crapScore="2" isConstructor="false" isStatic="true" isGetter="false" isSetter="false">
              <Summary numSequencePoints="1" visitedSequencePoints="0" numBranchPoints="1" visitedBranchPoints="0" sequenceCoverage="0" branchCoverage="0" maxCyclomaticComplexity="1" minCyclomaticComplexity="1" maxCrapScore="2" minCrapScore="2" visitedClasses="0" numClasses="0" visitedMethods="0" numMethods="1" />
              <MetadataToken>100663437</MetadataToken>
              <Name>System.Int32 Humanizer.NumberToNumberExtensions::Tens(System.Int32)</Name>
              <FileRef uid="50" />
              <SequencePoints>
                <SequencePoint vc="0" uspid="996" ordinal="0" offset="0" sl="16" sc="13" el="16" ec="31" bec="0" bev="0" fileid="50" />
              </SequencePoints>
              <BranchPoints />
              <MethodPoint xsi:type="SequencePoint" vc="0" uspid="996" ordinal="0" offset="0" sl="16" sc="13" el="16" ec="31" bec="0" bev="0" fileid="50" />
            </Method>
            <Method visited="false" cyclomaticComplexity="1" nPathComplexity="0" sequenceCoverage="0" branchCoverage="0" crapScore="2" isConstructor="false" isStatic="true" isGetter="false" isSetter="false">
              <Summary numSequencePoints="1" visitedSequencePoints="0" numBranchPoints="1" visitedBranchPoints="0" sequenceCoverage="0" branchCoverage="0" maxCyclomaticComplexity="1" minCyclomaticComplexity="1" maxCrapScore="2" minCrapScore="2" visitedClasses="0" numClasses="0" visitedMethods="0" numMethods="1" />
              <MetadataToken>100663438</MetadataToken>
              <Name>System.UInt32 Humanizer.NumberToNumberExtensions::Tens(System.UInt32)</Name>
              <FileRef uid="50" />
              <SequencePoints>
                <SequencePoint vc="0" uspid="997" ordinal="0" offset="0" sl="25" sc="13" el="25" ec="31" bec="0" bev="0" fileid="50" />
              </SequencePoints>
              <BranchPoints />
              <MethodPoint xsi:type="SequencePoint" vc="0" uspid="997" ordinal="0" offset="0" sl="25" sc="13" el="25" ec="31" bec="0" bev="0" fileid="50" />
            </Method>
            <Method visited="false" cyclomaticComplexity="1" nPathComplexity="0" sequenceCoverage="0" branchCoverage="0" crapScore="2" isConstructor="false" isStatic="true" isGetter="false" isSetter="false">
              <Summary numSequencePoints="1" visitedSequencePoints="0" numBranchPoints="1" visitedBranchPoints="0" sequenceCoverage="0" branchCoverage="0" maxCyclomaticComplexity="1" minCyclomaticComplexity="1" maxCrapScore="2" minCrapScore="2" visitedClasses="0" numClasses="0" visitedMethods="0" numMethods="1" />
              <MetadataToken>100663439</MetadataToken>
              <Name>System.Int64 Humanizer.NumberToNumberExtensions::Tens(System.Int64)</Name>
              <FileRef uid="50" />
              <SequencePoints>
                <SequencePoint vc="0" uspid="998" ordinal="0" offset="0" sl="34" sc="13" el="34" ec="31" bec="0" bev="0" fileid="50" />
              </SequencePoints>
              <BranchPoints />
              <MethodPoint xsi:type="SequencePoint" vc="0" uspid="998" ordinal="0" offset="0" sl="34" sc="13" el="34" ec="31" bec="0" bev="0" fileid="50" />
            </Method>
            <Method visited="false" cyclomaticComplexity="1" nPathComplexity="0" sequenceCoverage="0" branchCoverage="0" crapScore="2" isConstructor="false" isStatic="true" isGetter="false" isSetter="false">
              <Summary numSequencePoints="1" visitedSequencePoints="0" numBranchPoints="1" visitedBranchPoints="0" sequenceCoverage="0" branchCoverage="0" maxCyclomaticComplexity="1" minCyclomaticComplexity="1" maxCrapScore="2" minCrapScore="2" visitedClasses="0" numClasses="0" visitedMethods="0" numMethods="1" />
              <MetadataToken>100663440</MetadataToken>
              <Name>System.UInt64 Humanizer.NumberToNumberExtensions::Tens(System.UInt64)</Name>
              <FileRef uid="50" />
              <SequencePoints>
                <SequencePoint vc="0" uspid="999" ordinal="0" offset="0" sl="43" sc="13" el="43" ec="31" bec="0" bev="0" fileid="50" />
              </SequencePoints>
              <BranchPoints />
              <MethodPoint xsi:type="SequencePoint" vc="0" uspid="999" ordinal="0" offset="0" sl="43" sc="13" el="43" ec="31" bec="0" bev="0" fileid="50" />
            </Method>
            <Method visited="false" cyclomaticComplexity="1" nPathComplexity="0" sequenceCoverage="0" branchCoverage="0" crapScore="2" isConstructor="false" isStatic="true" isGetter="false" isSetter="false">
              <Summary numSequencePoints="1" visitedSequencePoints="0" numBranchPoints="1" visitedBranchPoints="0" sequenceCoverage="0" branchCoverage="0" maxCyclomaticComplexity="1" minCyclomaticComplexity="1" maxCrapScore="2" minCrapScore="2" visitedClasses="0" numClasses="0" visitedMethods="0" numMethods="1" />
              <MetadataToken>100663441</MetadataToken>
              <Name>System.Double Humanizer.NumberToNumberExtensions::Tens(System.Double)</Name>
              <FileRef uid="50" />
              <SequencePoints>
                <SequencePoint vc="0" uspid="1000" ordinal="0" offset="0" sl="52" sc="13" el="52" ec="31" bec="0" bev="0" fileid="50" />
              </SequencePoints>
              <BranchPoints />
              <MethodPoint xsi:type="SequencePoint" vc="0" uspid="1000" ordinal="0" offset="0" sl="52" sc="13" el="52" ec="31" bec="0" bev="0" fileid="50" />
            </Method>
            <Method visited="false" cyclomaticComplexity="1" nPathComplexity="0" sequenceCoverage="0" branchCoverage="0" crapScore="2" isConstructor="false" isStatic="true" isGetter="false" isSetter="false">
              <Summary numSequencePoints="1" visitedSequencePoints="0" numBranchPoints="1" visitedBranchPoints="0" sequenceCoverage="0" branchCoverage="0" maxCyclomaticComplexity="1" minCyclomaticComplexity="1" maxCrapScore="2" minCrapScore="2" visitedClasses="0" numClasses="0" visitedMethods="0" numMethods="1" />
              <MetadataToken>100663442</MetadataToken>
              <Name>System.Int32 Humanizer.NumberToNumberExtensions::Hundreds(System.Int32)</Name>
              <FileRef uid="50" />
              <SequencePoints>
                <SequencePoint vc="0" uspid="1001" ordinal="0" offset="0" sl="61" sc="13" el="61" ec="32" bec="0" bev="0" fileid="50" />
              </SequencePoints>
              <BranchPoints />
              <MethodPoint xsi:type="SequencePoint" vc="0" uspid="1001" ordinal="0" offset="0" sl="61" sc="13" el="61" ec="32" bec="0" bev="0" fileid="50" />
            </Method>
            <Method visited="false" cyclomaticComplexity="1" nPathComplexity="0" sequenceCoverage="0" branchCoverage="0" crapScore="2" isConstructor="false" isStatic="true" isGetter="false" isSetter="false">
              <Summary numSequencePoints="1" visitedSequencePoints="0" numBranchPoints="1" visitedBranchPoints="0" sequenceCoverage="0" branchCoverage="0" maxCyclomaticComplexity="1" minCyclomaticComplexity="1" maxCrapScore="2" minCrapScore="2" visitedClasses="0" numClasses="0" visitedMethods="0" numMethods="1" />
              <MetadataToken>100663443</MetadataToken>
              <Name>System.UInt32 Humanizer.NumberToNumberExtensions::Hundreds(System.UInt32)</Name>
              <FileRef uid="50" />
              <SequencePoints>
                <SequencePoint vc="0" uspid="1002" ordinal="0" offset="0" sl="70" sc="13" el="70" ec="32" bec="0" bev="0" fileid="50" />
              </SequencePoints>
              <BranchPoints />
              <MethodPoint xsi:type="SequencePoint" vc="0" uspid="1002" ordinal="0" offset="0" sl="70" sc="13" el="70" ec="32" bec="0" bev="0" fileid="50" />
            </Method>
            <Method visited="false" cyclomaticComplexity="1" nPathComplexity="0" sequenceCoverage="0" branchCoverage="0" crapScore="2" isConstructor="false" isStatic="true" isGetter="false" isSetter="false">
              <Summary numSequencePoints="1" visitedSequencePoints="0" numBranchPoints="1" visitedBranchPoints="0" sequenceCoverage="0" branchCoverage="0" maxCyclomaticComplexity="1" minCyclomaticComplexity="1" maxCrapScore="2" minCrapScore="2" visitedClasses="0" numClasses="0" visitedMethods="0" numMethods="1" />
              <MetadataToken>100663444</MetadataToken>
              <Name>System.Int64 Humanizer.NumberToNumberExtensions::Hundreds(System.Int64)</Name>
              <FileRef uid="50" />
              <SequencePoints>
                <SequencePoint vc="0" uspid="1003" ordinal="0" offset="0" sl="79" sc="13" el="79" ec="32" bec="0" bev="0" fileid="50" />
              </SequencePoints>
              <BranchPoints />
              <MethodPoint xsi:type="SequencePoint" vc="0" uspid="1003" ordinal="0" offset="0" sl="79" sc="13" el="79" ec="32" bec="0" bev="0" fileid="50" />
            </Method>
            <Method visited="false" cyclomaticComplexity="1" nPathComplexity="0" sequenceCoverage="0" branchCoverage="0" crapScore="2" isConstructor="false" isStatic="true" isGetter="false" isSetter="false">
              <Summary numSequencePoints="1" visitedSequencePoints="0" numBranchPoints="1" visitedBranchPoints="0" sequenceCoverage="0" branchCoverage="0" maxCyclomaticComplexity="1" minCyclomaticComplexity="1" maxCrapScore="2" minCrapScore="2" visitedClasses="0" numClasses="0" visitedMethods="0" numMethods="1" />
              <MetadataToken>100663445</MetadataToken>
              <Name>System.UInt64 Humanizer.NumberToNumberExtensions::Hundreds(System.UInt64)</Name>
              <FileRef uid="50" />
              <SequencePoints>
                <SequencePoint vc="0" uspid="1004" ordinal="0" offset="0" sl="88" sc="13" el="88" ec="32" bec="0" bev="0" fileid="50" />
              </SequencePoints>
              <BranchPoints />
              <MethodPoint xsi:type="SequencePoint" vc="0" uspid="1004" ordinal="0" offset="0" sl="88" sc="13" el="88" ec="32" bec="0" bev="0" fileid="50" />
            </Method>
            <Method visited="false" cyclomaticComplexity="1" nPathComplexity="0" sequenceCoverage="0" branchCoverage="0" crapScore="2" isConstructor="false" isStatic="true" isGetter="false" isSetter="false">
              <Summary numSequencePoints="1" visitedSequencePoints="0" numBranchPoints="1" visitedBranchPoints="0" sequenceCoverage="0" branchCoverage="0" maxCyclomaticComplexity="1" minCyclomaticComplexity="1" maxCrapScore="2" minCrapScore="2" visitedClasses="0" numClasses="0" visitedMethods="0" numMethods="1" />
              <MetadataToken>100663446</MetadataToken>
              <Name>System.Double Humanizer.NumberToNumberExtensions::Hundreds(System.Double)</Name>
              <FileRef uid="50" />
              <SequencePoints>
                <SequencePoint vc="0" uspid="1005" ordinal="0" offset="0" sl="97" sc="13" el="97" ec="32" bec="0" bev="0" fileid="50" />
              </SequencePoints>
              <BranchPoints />
              <MethodPoint xsi:type="SequencePoint" vc="0" uspid="1005" ordinal="0" offset="0" sl="97" sc="13" el="97" ec="32" bec="0" bev="0" fileid="50" />
            </Method>
            <Method visited="false" cyclomaticComplexity="1" nPathComplexity="0" sequenceCoverage="0" branchCoverage="0" crapScore="2" isConstructor="false" isStatic="true" isGetter="false" isSetter="false">
              <Summary numSequencePoints="1" visitedSequencePoints="0" numBranchPoints="1" visitedBranchPoints="0" sequenceCoverage="0" branchCoverage="0" maxCyclomaticComplexity="1" minCyclomaticComplexity="1" maxCrapScore="2" minCrapScore="2" visitedClasses="0" numClasses="0" visitedMethods="0" numMethods="1" />
              <MetadataToken>100663447</MetadataToken>
              <Name>System.Int32 Humanizer.NumberToNumberExtensions::Thousands(System.Int32)</Name>
              <FileRef uid="50" />
              <SequencePoints>
                <SequencePoint vc="0" uspid="1006" ordinal="0" offset="0" sl="106" sc="13" el="106" ec="33" bec="0" bev="0" fileid="50" />
              </SequencePoints>
              <BranchPoints />
              <MethodPoint xsi:type="SequencePoint" vc="0" uspid="1006" ordinal="0" offset="0" sl="106" sc="13" el="106" ec="33" bec="0" bev="0" fileid="50" />
            </Method>
            <Method visited="false" cyclomaticComplexity="1" nPathComplexity="0" sequenceCoverage="0" branchCoverage="0" crapScore="2" isConstructor="false" isStatic="true" isGetter="false" isSetter="false">
              <Summary numSequencePoints="1" visitedSequencePoints="0" numBranchPoints="1" visitedBranchPoints="0" sequenceCoverage="0" branchCoverage="0" maxCyclomaticComplexity="1" minCyclomaticComplexity="1" maxCrapScore="2" minCrapScore="2" visitedClasses="0" numClasses="0" visitedMethods="0" numMethods="1" />
              <MetadataToken>100663448</MetadataToken>
              <Name>System.UInt32 Humanizer.NumberToNumberExtensions::Thousands(System.UInt32)</Name>
              <FileRef uid="50" />
              <SequencePoints>
                <SequencePoint vc="0" uspid="1007" ordinal="0" offset="0" sl="115" sc="13" el="115" ec="33" bec="0" bev="0" fileid="50" />
              </SequencePoints>
              <BranchPoints />
              <MethodPoint xsi:type="SequencePoint" vc="0" uspid="1007" ordinal="0" offset="0" sl="115" sc="13" el="115" ec="33" bec="0" bev="0" fileid="50" />
            </Method>
            <Method visited="false" cyclomaticComplexity="1" nPathComplexity="0" sequenceCoverage="0" branchCoverage="0" crapScore="2" isConstructor="false" isStatic="true" isGetter="false" isSetter="false">
              <Summary numSequencePoints="1" visitedSequencePoints="0" numBranchPoints="1" visitedBranchPoints="0" sequenceCoverage="0" branchCoverage="0" maxCyclomaticComplexity="1" minCyclomaticComplexity="1" maxCrapScore="2" minCrapScore="2" visitedClasses="0" numClasses="0" visitedMethods="0" numMethods="1" />
              <MetadataToken>100663449</MetadataToken>
              <Name>System.Int64 Humanizer.NumberToNumberExtensions::Thousands(System.Int64)</Name>
              <FileRef uid="50" />
              <SequencePoints>
                <SequencePoint vc="0" uspid="1008" ordinal="0" offset="0" sl="124" sc="13" el="124" ec="33" bec="0" bev="0" fileid="50" />
              </SequencePoints>
              <BranchPoints />
              <MethodPoint xsi:type="SequencePoint" vc="0" uspid="1008" ordinal="0" offset="0" sl="124" sc="13" el="124" ec="33" bec="0" bev="0" fileid="50" />
            </Method>
            <Method visited="false" cyclomaticComplexity="1" nPathComplexity="0" sequenceCoverage="0" branchCoverage="0" crapScore="2" isConstructor="false" isStatic="true" isGetter="false" isSetter="false">
              <Summary numSequencePoints="1" visitedSequencePoints="0" numBranchPoints="1" visitedBranchPoints="0" sequenceCoverage="0" branchCoverage="0" maxCyclomaticComplexity="1" minCyclomaticComplexity="1" maxCrapScore="2" minCrapScore="2" visitedClasses="0" numClasses="0" visitedMethods="0" numMethods="1" />
              <MetadataToken>100663450</MetadataToken>
              <Name>System.UInt64 Humanizer.NumberToNumberExtensions::Thousands(System.UInt64)</Name>
              <FileRef uid="50" />
              <SequencePoints>
                <SequencePoint vc="0" uspid="1009" ordinal="0" offset="0" sl="133" sc="13" el="133" ec="33" bec="0" bev="0" fileid="50" />
              </SequencePoints>
              <BranchPoints />
              <MethodPoint xsi:type="SequencePoint" vc="0" uspid="1009" ordinal="0" offset="0" sl="133" sc="13" el="133" ec="33" bec="0" bev="0" fileid="50" />
            </Method>
            <Method visited="false" cyclomaticComplexity="1" nPathComplexity="0" sequenceCoverage="0" branchCoverage="0" crapScore="2" isConstructor="false" isStatic="true" isGetter="false" isSetter="false">
              <Summary numSequencePoints="1" visitedSequencePoints="0" numBranchPoints="1" visitedBranchPoints="0" sequenceCoverage="0" branchCoverage="0" maxCyclomaticComplexity="1" minCyclomaticComplexity="1" maxCrapScore="2" minCrapScore="2" visitedClasses="0" numClasses="0" visitedMethods="0" numMethods="1" />
              <MetadataToken>100663451</MetadataToken>
              <Name>System.Double Humanizer.NumberToNumberExtensions::Thousands(System.Double)</Name>
              <FileRef uid="50" />
              <SequencePoints>
                <SequencePoint vc="0" uspid="1010" ordinal="0" offset="0" sl="142" sc="13" el="142" ec="33" bec="0" bev="0" fileid="50" />
              </SequencePoints>
              <BranchPoints />
              <MethodPoint xsi:type="SequencePoint" vc="0" uspid="1010" ordinal="0" offset="0" sl="142" sc="13" el="142" ec="33" bec="0" bev="0" fileid="50" />
            </Method>
            <Method visited="false" cyclomaticComplexity="1" nPathComplexity="0" sequenceCoverage="0" branchCoverage="0" crapScore="2" isConstructor="false" isStatic="true" isGetter="false" isSetter="false">
              <Summary numSequencePoints="1" visitedSequencePoints="0" numBranchPoints="1" visitedBranchPoints="0" sequenceCoverage="0" branchCoverage="0" maxCyclomaticComplexity="1" minCyclomaticComplexity="1" maxCrapScore="2" minCrapScore="2" visitedClasses="0" numClasses="0" visitedMethods="0" numMethods="1" />
              <MetadataToken>100663452</MetadataToken>
              <Name>System.Int32 Humanizer.NumberToNumberExtensions::Millions(System.Int32)</Name>
              <FileRef uid="50" />
              <SequencePoints>
                <SequencePoint vc="0" uspid="1011" ordinal="0" offset="0" sl="151" sc="13" el="151" ec="36" bec="0" bev="0" fileid="50" />
              </SequencePoints>
              <BranchPoints />
              <MethodPoint xsi:type="SequencePoint" vc="0" uspid="1011" ordinal="0" offset="0" sl="151" sc="13" el="151" ec="36" bec="0" bev="0" fileid="50" />
            </Method>
            <Method visited="false" cyclomaticComplexity="1" nPathComplexity="0" sequenceCoverage="0" branchCoverage="0" crapScore="2" isConstructor="false" isStatic="true" isGetter="false" isSetter="false">
              <Summary numSequencePoints="1" visitedSequencePoints="0" numBranchPoints="1" visitedBranchPoints="0" sequenceCoverage="0" branchCoverage="0" maxCyclomaticComplexity="1" minCyclomaticComplexity="1" maxCrapScore="2" minCrapScore="2" visitedClasses="0" numClasses="0" visitedMethods="0" numMethods="1" />
              <MetadataToken>100663453</MetadataToken>
              <Name>System.UInt32 Humanizer.NumberToNumberExtensions::Millions(System.UInt32)</Name>
              <FileRef uid="50" />
              <SequencePoints>
                <SequencePoint vc="0" uspid="1012" ordinal="0" offset="0" sl="160" sc="13" el="160" ec="36" bec="0" bev="0" fileid="50" />
              </SequencePoints>
              <BranchPoints />
              <MethodPoint xsi:type="SequencePoint" vc="0" uspid="1012" ordinal="0" offset="0" sl="160" sc="13" el="160" ec="36" bec="0" bev="0" fileid="50" />
            </Method>
            <Method visited="false" cyclomaticComplexity="1" nPathComplexity="0" sequenceCoverage="0" branchCoverage="0" crapScore="2" isConstructor="false" isStatic="true" isGetter="false" isSetter="false">
              <Summary numSequencePoints="1" visitedSequencePoints="0" numBranchPoints="1" visitedBranchPoints="0" sequenceCoverage="0" branchCoverage="0" maxCyclomaticComplexity="1" minCyclomaticComplexity="1" maxCrapScore="2" minCrapScore="2" visitedClasses="0" numClasses="0" visitedMethods="0" numMethods="1" />
              <MetadataToken>100663454</MetadataToken>
              <Name>System.Int64 Humanizer.NumberToNumberExtensions::Millions(System.Int64)</Name>
              <FileRef uid="50" />
              <SequencePoints>
                <SequencePoint vc="0" uspid="1013" ordinal="0" offset="0" sl="169" sc="13" el="169" ec="36" bec="0" bev="0" fileid="50" />
              </SequencePoints>
              <BranchPoints />
              <MethodPoint xsi:type="SequencePoint" vc="0" uspid="1013" ordinal="0" offset="0" sl="169" sc="13" el="169" ec="36" bec="0" bev="0" fileid="50" />
            </Method>
            <Method visited="false" cyclomaticComplexity="1" nPathComplexity="0" sequenceCoverage="0" branchCoverage="0" crapScore="2" isConstructor="false" isStatic="true" isGetter="false" isSetter="false">
              <Summary numSequencePoints="1" visitedSequencePoints="0" numBranchPoints="1" visitedBranchPoints="0" sequenceCoverage="0" branchCoverage="0" maxCyclomaticComplexity="1" minCyclomaticComplexity="1" maxCrapScore="2" minCrapScore="2" visitedClasses="0" numClasses="0" visitedMethods="0" numMethods="1" />
              <MetadataToken>100663455</MetadataToken>
              <Name>System.UInt64 Humanizer.NumberToNumberExtensions::Millions(System.UInt64)</Name>
              <FileRef uid="50" />
              <SequencePoints>
                <SequencePoint vc="0" uspid="1014" ordinal="0" offset="0" sl="178" sc="13" el="178" ec="36" bec="0" bev="0" fileid="50" />
              </SequencePoints>
              <BranchPoints />
              <MethodPoint xsi:type="SequencePoint" vc="0" uspid="1014" ordinal="0" offset="0" sl="178" sc="13" el="178" ec="36" bec="0" bev="0" fileid="50" />
            </Method>
            <Method visited="false" cyclomaticComplexity="1" nPathComplexity="0" sequenceCoverage="0" branchCoverage="0" crapScore="2" isConstructor="false" isStatic="true" isGetter="false" isSetter="false">
              <Summary numSequencePoints="1" visitedSequencePoints="0" numBranchPoints="1" visitedBranchPoints="0" sequenceCoverage="0" branchCoverage="0" maxCyclomaticComplexity="1" minCyclomaticComplexity="1" maxCrapScore="2" minCrapScore="2" visitedClasses="0" numClasses="0" visitedMethods="0" numMethods="1" />
              <MetadataToken>100663456</MetadataToken>
              <Name>System.Double Humanizer.NumberToNumberExtensions::Millions(System.Double)</Name>
              <FileRef uid="50" />
              <SequencePoints>
                <SequencePoint vc="0" uspid="1015" ordinal="0" offset="0" sl="187" sc="13" el="187" ec="36" bec="0" bev="0" fileid="50" />
              </SequencePoints>
              <BranchPoints />
              <MethodPoint xsi:type="SequencePoint" vc="0" uspid="1015" ordinal="0" offset="0" sl="187" sc="13" el="187" ec="36" bec="0" bev="0" fileid="50" />
            </Method>
            <Method visited="false" cyclomaticComplexity="1" nPathComplexity="0" sequenceCoverage="0" branchCoverage="0" crapScore="2" isConstructor="false" isStatic="true" isGetter="false" isSetter="false">
              <Summary numSequencePoints="1" visitedSequencePoints="0" numBranchPoints="1" visitedBranchPoints="0" sequenceCoverage="0" branchCoverage="0" maxCyclomaticComplexity="1" minCyclomaticComplexity="1" maxCrapScore="2" minCrapScore="2" visitedClasses="0" numClasses="0" visitedMethods="0" numMethods="1" />
              <MetadataToken>100663457</MetadataToken>
              <Name>System.Int32 Humanizer.NumberToNumberExtensions::Billions(System.Int32)</Name>
              <FileRef uid="50" />
              <SequencePoints>
                <SequencePoint vc="0" uspid="1016" ordinal="0" offset="0" sl="196" sc="13" el="196" ec="39" bec="0" bev="0" fileid="50" />
              </SequencePoints>
              <BranchPoints />
              <MethodPoint xsi:type="SequencePoint" vc="0" uspid="1016" ordinal="0" offset="0" sl="196" sc="13" el="196" ec="39" bec="0" bev="0" fileid="50" />
            </Method>
            <Method visited="false" cyclomaticComplexity="1" nPathComplexity="0" sequenceCoverage="0" branchCoverage="0" crapScore="2" isConstructor="false" isStatic="true" isGetter="false" isSetter="false">
              <Summary numSequencePoints="1" visitedSequencePoints="0" numBranchPoints="1" visitedBranchPoints="0" sequenceCoverage="0" branchCoverage="0" maxCyclomaticComplexity="1" minCyclomaticComplexity="1" maxCrapScore="2" minCrapScore="2" visitedClasses="0" numClasses="0" visitedMethods="0" numMethods="1" />
              <MetadataToken>100663458</MetadataToken>
              <Name>System.UInt32 Humanizer.NumberToNumberExtensions::Billions(System.UInt32)</Name>
              <FileRef uid="50" />
              <SequencePoints>
                <SequencePoint vc="0" uspid="1017" ordinal="0" offset="0" sl="205" sc="13" el="205" ec="39" bec="0" bev="0" fileid="50" />
              </SequencePoints>
              <BranchPoints />
              <MethodPoint xsi:type="SequencePoint" vc="0" uspid="1017" ordinal="0" offset="0" sl="205" sc="13" el="205" ec="39" bec="0" bev="0" fileid="50" />
            </Method>
            <Method visited="false" cyclomaticComplexity="1" nPathComplexity="0" sequenceCoverage="0" branchCoverage="0" crapScore="2" isConstructor="false" isStatic="true" isGetter="false" isSetter="false">
              <Summary numSequencePoints="1" visitedSequencePoints="0" numBranchPoints="1" visitedBranchPoints="0" sequenceCoverage="0" branchCoverage="0" maxCyclomaticComplexity="1" minCyclomaticComplexity="1" maxCrapScore="2" minCrapScore="2" visitedClasses="0" numClasses="0" visitedMethods="0" numMethods="1" />
              <MetadataToken>100663459</MetadataToken>
              <Name>System.Int64 Humanizer.NumberToNumberExtensions::Billions(System.Int64)</Name>
              <FileRef uid="50" />
              <SequencePoints>
                <SequencePoint vc="0" uspid="1018" ordinal="0" offset="0" sl="214" sc="13" el="214" ec="39" bec="0" bev="0" fileid="50" />
              </SequencePoints>
              <BranchPoints />
              <MethodPoint xsi:type="SequencePoint" vc="0" uspid="1018" ordinal="0" offset="0" sl="214" sc="13" el="214" ec="39" bec="0" bev="0" fileid="50" />
            </Method>
            <Method visited="false" cyclomaticComplexity="1" nPathComplexity="0" sequenceCoverage="0" branchCoverage="0" crapScore="2" isConstructor="false" isStatic="true" isGetter="false" isSetter="false">
              <Summary numSequencePoints="1" visitedSequencePoints="0" numBranchPoints="1" visitedBranchPoints="0" sequenceCoverage="0" branchCoverage="0" maxCyclomaticComplexity="1" minCyclomaticComplexity="1" maxCrapScore="2" minCrapScore="2" visitedClasses="0" numClasses="0" visitedMethods="0" numMethods="1" />
              <MetadataToken>100663460</MetadataToken>
              <Name>System.UInt64 Humanizer.NumberToNumberExtensions::Billions(System.UInt64)</Name>
              <FileRef uid="50" />
              <SequencePoints>
                <SequencePoint vc="0" uspid="1019" ordinal="0" offset="0" sl="223" sc="13" el="223" ec="39" bec="0" bev="0" fileid="50" />
              </SequencePoints>
              <BranchPoints />
              <MethodPoint xsi:type="SequencePoint" vc="0" uspid="1019" ordinal="0" offset="0" sl="223" sc="13" el="223" ec="39" bec="0" bev="0" fileid="50" />
            </Method>
            <Method visited="false" cyclomaticComplexity="1" nPathComplexity="0" sequenceCoverage="0" branchCoverage="0" crapScore="2" isConstructor="false" isStatic="true" isGetter="false" isSetter="false">
              <Summary numSequencePoints="1" visitedSequencePoints="0" numBranchPoints="1" visitedBranchPoints="0" sequenceCoverage="0" branchCoverage="0" maxCyclomaticComplexity="1" minCyclomaticComplexity="1" maxCrapScore="2" minCrapScore="2" visitedClasses="0" numClasses="0" visitedMethods="0" numMethods="1" />
              <MetadataToken>100663461</MetadataToken>
              <Name>System.Double Humanizer.NumberToNumberExtensions::Billions(System.Double)</Name>
              <FileRef uid="50" />
              <SequencePoints>
                <SequencePoint vc="0" uspid="1020" ordinal="0" offset="0" sl="232" sc="13" el="232" ec="39" bec="0" bev="0" fileid="50" />
              </SequencePoints>
              <BranchPoints />
              <MethodPoint xsi:type="SequencePoint" vc="0" uspid="1020" ordinal="0" offset="0" sl="232" sc="13" el="232" ec="39" bec="0" bev="0" fileid="50" />
            </Method>
          </Methods>
        </Class>
        <Class>
          <Summary numSequencePoints="54" visitedSequencePoints="0" numBranchPoints="54" visitedBranchPoints="0" sequenceCoverage="0" branchCoverage="0" maxCyclomaticComplexity="1" minCyclomaticComplexity="1" maxCrapScore="2" minCrapScore="2" visitedClasses="0" numClasses="1" visitedMethods="0" numMethods="54" />
          <FullName>Humanizer.NumberToTimeSpanExtensions</FullName>
          <Methods>
            <Method visited="false" cyclomaticComplexity="1" nPathComplexity="0" sequenceCoverage="0" branchCoverage="0" crapScore="2" isConstructor="false" isStatic="true" isGetter="false" isSetter="false">
              <Summary numSequencePoints="1" visitedSequencePoints="0" numBranchPoints="1" visitedBranchPoints="0" sequenceCoverage="0" branchCoverage="0" maxCyclomaticComplexity="1" minCyclomaticComplexity="1" maxCrapScore="2" minCrapScore="2" visitedClasses="0" numClasses="0" visitedMethods="0" numMethods="1" />
              <MetadataToken>100663462</MetadataToken>
              <Name>System.TimeSpan Humanizer.NumberToTimeSpanExtensions::Milliseconds(System.Byte)</Name>
              <FileRef uid="51" />
              <SequencePoints>
                <SequencePoint vc="0" uspid="1021" ordinal="0" offset="0" sl="17" sc="13" el="17" ec="45" bec="0" bev="0" fileid="51" />
              </SequencePoints>
              <BranchPoints />
              <MethodPoint xsi:type="SequencePoint" vc="0" uspid="1021" ordinal="0" offset="0" sl="17" sc="13" el="17" ec="45" bec="0" bev="0" fileid="51" />
            </Method>
            <Method visited="false" cyclomaticComplexity="1" nPathComplexity="0" sequenceCoverage="0" branchCoverage="0" crapScore="2" isConstructor="false" isStatic="true" isGetter="false" isSetter="false">
              <Summary numSequencePoints="1" visitedSequencePoints="0" numBranchPoints="1" visitedBranchPoints="0" sequenceCoverage="0" branchCoverage="0" maxCyclomaticComplexity="1" minCyclomaticComplexity="1" maxCrapScore="2" minCrapScore="2" visitedClasses="0" numClasses="0" visitedMethods="0" numMethods="1" />
              <MetadataToken>100663463</MetadataToken>
              <Name>System.TimeSpan Humanizer.NumberToTimeSpanExtensions::Milliseconds(System.SByte)</Name>
              <FileRef uid="51" />
              <SequencePoints>
                <SequencePoint vc="0" uspid="1022" ordinal="0" offset="0" sl="27" sc="13" el="27" ec="45" bec="0" bev="0" fileid="51" />
              </SequencePoints>
              <BranchPoints />
              <MethodPoint xsi:type="SequencePoint" vc="0" uspid="1022" ordinal="0" offset="0" sl="27" sc="13" el="27" ec="45" bec="0" bev="0" fileid="51" />
            </Method>
            <Method visited="false" cyclomaticComplexity="1" nPathComplexity="0" sequenceCoverage="0" branchCoverage="0" crapScore="2" isConstructor="false" isStatic="true" isGetter="false" isSetter="false">
              <Summary numSequencePoints="1" visitedSequencePoints="0" numBranchPoints="1" visitedBranchPoints="0" sequenceCoverage="0" branchCoverage="0" maxCyclomaticComplexity="1" minCyclomaticComplexity="1" maxCrapScore="2" minCrapScore="2" visitedClasses="0" numClasses="0" visitedMethods="0" numMethods="1" />
              <MetadataToken>100663464</MetadataToken>
              <Name>System.TimeSpan Humanizer.NumberToTimeSpanExtensions::Milliseconds(System.Int16)</Name>
              <FileRef uid="51" />
              <SequencePoints>
                <SequencePoint vc="0" uspid="1023" ordinal="0" offset="0" sl="37" sc="13" el="37" ec="45" bec="0" bev="0" fileid="51" />
              </SequencePoints>
              <BranchPoints />
              <MethodPoint xsi:type="SequencePoint" vc="0" uspid="1023" ordinal="0" offset="0" sl="37" sc="13" el="37" ec="45" bec="0" bev="0" fileid="51" />
            </Method>
            <Method visited="false" cyclomaticComplexity="1" nPathComplexity="0" sequenceCoverage="0" branchCoverage="0" crapScore="2" isConstructor="false" isStatic="true" isGetter="false" isSetter="false">
              <Summary numSequencePoints="1" visitedSequencePoints="0" numBranchPoints="1" visitedBranchPoints="0" sequenceCoverage="0" branchCoverage="0" maxCyclomaticComplexity="1" minCyclomaticComplexity="1" maxCrapScore="2" minCrapScore="2" visitedClasses="0" numClasses="0" visitedMethods="0" numMethods="1" />
              <MetadataToken>100663465</MetadataToken>
              <Name>System.TimeSpan Humanizer.NumberToTimeSpanExtensions::Milliseconds(System.UInt16)</Name>
              <FileRef uid="51" />
              <SequencePoints>
                <SequencePoint vc="0" uspid="1024" ordinal="0" offset="0" sl="47" sc="13" el="47" ec="45" bec="0" bev="0" fileid="51" />
              </SequencePoints>
              <BranchPoints />
              <MethodPoint xsi:type="SequencePoint" vc="0" uspid="1024" ordinal="0" offset="0" sl="47" sc="13" el="47" ec="45" bec="0" bev="0" fileid="51" />
            </Method>
            <Method visited="false" cyclomaticComplexity="1" nPathComplexity="0" sequenceCoverage="0" branchCoverage="0" crapScore="2" isConstructor="false" isStatic="true" isGetter="false" isSetter="false">
              <Summary numSequencePoints="1" visitedSequencePoints="0" numBranchPoints="1" visitedBranchPoints="0" sequenceCoverage="0" branchCoverage="0" maxCyclomaticComplexity="1" minCyclomaticComplexity="1" maxCrapScore="2" minCrapScore="2" visitedClasses="0" numClasses="0" visitedMethods="0" numMethods="1" />
              <MetadataToken>100663466</MetadataToken>
              <Name>System.TimeSpan Humanizer.NumberToTimeSpanExtensions::Milliseconds(System.Int32)</Name>
              <FileRef uid="51" />
              <SequencePoints>
                <SequencePoint vc="0" uspid="1025" ordinal="0" offset="0" sl="57" sc="13" el="57" ec="45" bec="0" bev="0" fileid="51" />
              </SequencePoints>
              <BranchPoints />
              <MethodPoint xsi:type="SequencePoint" vc="0" uspid="1025" ordinal="0" offset="0" sl="57" sc="13" el="57" ec="45" bec="0" bev="0" fileid="51" />
            </Method>
            <Method visited="false" cyclomaticComplexity="1" nPathComplexity="0" sequenceCoverage="0" branchCoverage="0" crapScore="2" isConstructor="false" isStatic="true" isGetter="false" isSetter="false">
              <Summary numSequencePoints="1" visitedSequencePoints="0" numBranchPoints="1" visitedBranchPoints="0" sequenceCoverage="0" branchCoverage="0" maxCyclomaticComplexity="1" minCyclomaticComplexity="1" maxCrapScore="2" minCrapScore="2" visitedClasses="0" numClasses="0" visitedMethods="0" numMethods="1" />
              <MetadataToken>100663467</MetadataToken>
              <Name>System.TimeSpan Humanizer.NumberToTimeSpanExtensions::Milliseconds(System.UInt32)</Name>
              <FileRef uid="51" />
              <SequencePoints>
                <SequencePoint vc="0" uspid="1026" ordinal="0" offset="0" sl="67" sc="13" el="67" ec="45" bec="0" bev="0" fileid="51" />
              </SequencePoints>
              <BranchPoints />
              <MethodPoint xsi:type="SequencePoint" vc="0" uspid="1026" ordinal="0" offset="0" sl="67" sc="13" el="67" ec="45" bec="0" bev="0" fileid="51" />
            </Method>
            <Method visited="false" cyclomaticComplexity="1" nPathComplexity="0" sequenceCoverage="0" branchCoverage="0" crapScore="2" isConstructor="false" isStatic="true" isGetter="false" isSetter="false">
              <Summary numSequencePoints="1" visitedSequencePoints="0" numBranchPoints="1" visitedBranchPoints="0" sequenceCoverage="0" branchCoverage="0" maxCyclomaticComplexity="1" minCyclomaticComplexity="1" maxCrapScore="2" minCrapScore="2" visitedClasses="0" numClasses="0" visitedMethods="0" numMethods="1" />
              <MetadataToken>100663468</MetadataToken>
              <Name>System.TimeSpan Humanizer.NumberToTimeSpanExtensions::Milliseconds(System.Int64)</Name>
              <FileRef uid="51" />
              <SequencePoints>
                <SequencePoint vc="0" uspid="1027" ordinal="0" offset="0" sl="77" sc="13" el="77" ec="45" bec="0" bev="0" fileid="51" />
              </SequencePoints>
              <BranchPoints />
              <MethodPoint xsi:type="SequencePoint" vc="0" uspid="1027" ordinal="0" offset="0" sl="77" sc="13" el="77" ec="45" bec="0" bev="0" fileid="51" />
            </Method>
            <Method visited="false" cyclomaticComplexity="1" nPathComplexity="0" sequenceCoverage="0" branchCoverage="0" crapScore="2" isConstructor="false" isStatic="true" isGetter="false" isSetter="false">
              <Summary numSequencePoints="1" visitedSequencePoints="0" numBranchPoints="1" visitedBranchPoints="0" sequenceCoverage="0" branchCoverage="0" maxCyclomaticComplexity="1" minCyclomaticComplexity="1" maxCrapScore="2" minCrapScore="2" visitedClasses="0" numClasses="0" visitedMethods="0" numMethods="1" />
              <MetadataToken>100663469</MetadataToken>
              <Name>System.TimeSpan Humanizer.NumberToTimeSpanExtensions::Milliseconds(System.UInt64)</Name>
              <FileRef uid="51" />
              <SequencePoints>
                <SequencePoint vc="0" uspid="1028" ordinal="0" offset="0" sl="87" sc="13" el="87" ec="45" bec="0" bev="0" fileid="51" />
              </SequencePoints>
              <BranchPoints />
              <MethodPoint xsi:type="SequencePoint" vc="0" uspid="1028" ordinal="0" offset="0" sl="87" sc="13" el="87" ec="45" bec="0" bev="0" fileid="51" />
            </Method>
            <Method visited="false" cyclomaticComplexity="1" nPathComplexity="0" sequenceCoverage="0" branchCoverage="0" crapScore="2" isConstructor="false" isStatic="true" isGetter="false" isSetter="false">
              <Summary numSequencePoints="1" visitedSequencePoints="0" numBranchPoints="1" visitedBranchPoints="0" sequenceCoverage="0" branchCoverage="0" maxCyclomaticComplexity="1" minCyclomaticComplexity="1" maxCrapScore="2" minCrapScore="2" visitedClasses="0" numClasses="0" visitedMethods="0" numMethods="1" />
              <MetadataToken>100663470</MetadataToken>
              <Name>System.TimeSpan Humanizer.NumberToTimeSpanExtensions::Milliseconds(System.Double)</Name>
              <FileRef uid="51" />
              <SequencePoints>
                <SequencePoint vc="0" uspid="1029" ordinal="0" offset="0" sl="97" sc="13" el="97" ec="50" bec="0" bev="0" fileid="51" />
              </SequencePoints>
              <BranchPoints />
              <MethodPoint xsi:type="SequencePoint" vc="0" uspid="1029" ordinal="0" offset="0" sl="97" sc="13" el="97" ec="50" bec="0" bev="0" fileid="51" />
            </Method>
            <Method visited="false" cyclomaticComplexity="1" nPathComplexity="0" sequenceCoverage="0" branchCoverage="0" crapScore="2" isConstructor="false" isStatic="true" isGetter="false" isSetter="false">
              <Summary numSequencePoints="1" visitedSequencePoints="0" numBranchPoints="1" visitedBranchPoints="0" sequenceCoverage="0" branchCoverage="0" maxCyclomaticComplexity="1" minCyclomaticComplexity="1" maxCrapScore="2" minCrapScore="2" visitedClasses="0" numClasses="0" visitedMethods="0" numMethods="1" />
              <MetadataToken>100663471</MetadataToken>
              <Name>System.TimeSpan Humanizer.NumberToTimeSpanExtensions::Seconds(System.Byte)</Name>
              <FileRef uid="51" />
              <SequencePoints>
                <SequencePoint vc="0" uspid="1030" ordinal="0" offset="0" sl="107" sc="13" el="107" ec="45" bec="0" bev="0" fileid="51" />
              </SequencePoints>
              <BranchPoints />
              <MethodPoint xsi:type="SequencePoint" vc="0" uspid="1030" ordinal="0" offset="0" sl="107" sc="13" el="107" ec="45" bec="0" bev="0" fileid="51" />
            </Method>
            <Method visited="false" cyclomaticComplexity="1" nPathComplexity="0" sequenceCoverage="0" branchCoverage="0" crapScore="2" isConstructor="false" isStatic="true" isGetter="false" isSetter="false">
              <Summary numSequencePoints="1" visitedSequencePoints="0" numBranchPoints="1" visitedBranchPoints="0" sequenceCoverage="0" branchCoverage="0" maxCyclomaticComplexity="1" minCyclomaticComplexity="1" maxCrapScore="2" minCrapScore="2" visitedClasses="0" numClasses="0" visitedMethods="0" numMethods="1" />
              <MetadataToken>100663472</MetadataToken>
              <Name>System.TimeSpan Humanizer.NumberToTimeSpanExtensions::Seconds(System.SByte)</Name>
              <FileRef uid="51" />
              <SequencePoints>
                <SequencePoint vc="0" uspid="1031" ordinal="0" offset="0" sl="117" sc="13" el="117" ec="45" bec="0" bev="0" fileid="51" />
              </SequencePoints>
              <BranchPoints />
              <MethodPoint xsi:type="SequencePoint" vc="0" uspid="1031" ordinal="0" offset="0" sl="117" sc="13" el="117" ec="45" bec="0" bev="0" fileid="51" />
            </Method>
            <Method visited="false" cyclomaticComplexity="1" nPathComplexity="0" sequenceCoverage="0" branchCoverage="0" crapScore="2" isConstructor="false" isStatic="true" isGetter="false" isSetter="false">
              <Summary numSequencePoints="1" visitedSequencePoints="0" numBranchPoints="1" visitedBranchPoints="0" sequenceCoverage="0" branchCoverage="0" maxCyclomaticComplexity="1" minCyclomaticComplexity="1" maxCrapScore="2" minCrapScore="2" visitedClasses="0" numClasses="0" visitedMethods="0" numMethods="1" />
              <MetadataToken>100663473</MetadataToken>
              <Name>System.TimeSpan Humanizer.NumberToTimeSpanExtensions::Seconds(System.Int16)</Name>
              <FileRef uid="51" />
              <SequencePoints>
                <SequencePoint vc="0" uspid="1032" ordinal="0" offset="0" sl="127" sc="13" el="127" ec="45" bec="0" bev="0" fileid="51" />
              </SequencePoints>
              <BranchPoints />
              <MethodPoint xsi:type="SequencePoint" vc="0" uspid="1032" ordinal="0" offset="0" sl="127" sc="13" el="127" ec="45" bec="0" bev="0" fileid="51" />
            </Method>
            <Method visited="false" cyclomaticComplexity="1" nPathComplexity="0" sequenceCoverage="0" branchCoverage="0" crapScore="2" isConstructor="false" isStatic="true" isGetter="false" isSetter="false">
              <Summary numSequencePoints="1" visitedSequencePoints="0" numBranchPoints="1" visitedBranchPoints="0" sequenceCoverage="0" branchCoverage="0" maxCyclomaticComplexity="1" minCyclomaticComplexity="1" maxCrapScore="2" minCrapScore="2" visitedClasses="0" numClasses="0" visitedMethods="0" numMethods="1" />
              <MetadataToken>100663474</MetadataToken>
              <Name>System.TimeSpan Humanizer.NumberToTimeSpanExtensions::Seconds(System.UInt16)</Name>
              <FileRef uid="51" />
              <SequencePoints>
                <SequencePoint vc="0" uspid="1033" ordinal="0" offset="0" sl="137" sc="13" el="137" ec="45" bec="0" bev="0" fileid="51" />
              </SequencePoints>
              <BranchPoints />
              <MethodPoint xsi:type="SequencePoint" vc="0" uspid="1033" ordinal="0" offset="0" sl="137" sc="13" el="137" ec="45" bec="0" bev="0" fileid="51" />
            </Method>
            <Method visited="false" cyclomaticComplexity="1" nPathComplexity="0" sequenceCoverage="0" branchCoverage="0" crapScore="2" isConstructor="false" isStatic="true" isGetter="false" isSetter="false">
              <Summary numSequencePoints="1" visitedSequencePoints="0" numBranchPoints="1" visitedBranchPoints="0" sequenceCoverage="0" branchCoverage="0" maxCyclomaticComplexity="1" minCyclomaticComplexity="1" maxCrapScore="2" minCrapScore="2" visitedClasses="0" numClasses="0" visitedMethods="0" numMethods="1" />
              <MetadataToken>100663475</MetadataToken>
              <Name>System.TimeSpan Humanizer.NumberToTimeSpanExtensions::Seconds(System.Int32)</Name>
              <FileRef uid="51" />
              <SequencePoints>
                <SequencePoint vc="0" uspid="1034" ordinal="0" offset="0" sl="147" sc="13" el="147" ec="45" bec="0" bev="0" fileid="51" />
              </SequencePoints>
              <BranchPoints />
              <MethodPoint xsi:type="SequencePoint" vc="0" uspid="1034" ordinal="0" offset="0" sl="147" sc="13" el="147" ec="45" bec="0" bev="0" fileid="51" />
            </Method>
            <Method visited="false" cyclomaticComplexity="1" nPathComplexity="0" sequenceCoverage="0" branchCoverage="0" crapScore="2" isConstructor="false" isStatic="true" isGetter="false" isSetter="false">
              <Summary numSequencePoints="1" visitedSequencePoints="0" numBranchPoints="1" visitedBranchPoints="0" sequenceCoverage="0" branchCoverage="0" maxCyclomaticComplexity="1" minCyclomaticComplexity="1" maxCrapScore="2" minCrapScore="2" visitedClasses="0" numClasses="0" visitedMethods="0" numMethods="1" />
              <MetadataToken>100663476</MetadataToken>
              <Name>System.TimeSpan Humanizer.NumberToTimeSpanExtensions::Seconds(System.UInt32)</Name>
              <FileRef uid="51" />
              <SequencePoints>
                <SequencePoint vc="0" uspid="1035" ordinal="0" offset="0" sl="157" sc="13" el="157" ec="45" bec="0" bev="0" fileid="51" />
              </SequencePoints>
              <BranchPoints />
              <MethodPoint xsi:type="SequencePoint" vc="0" uspid="1035" ordinal="0" offset="0" sl="157" sc="13" el="157" ec="45" bec="0" bev="0" fileid="51" />
            </Method>
            <Method visited="false" cyclomaticComplexity="1" nPathComplexity="0" sequenceCoverage="0" branchCoverage="0" crapScore="2" isConstructor="false" isStatic="true" isGetter="false" isSetter="false">
              <Summary numSequencePoints="1" visitedSequencePoints="0" numBranchPoints="1" visitedBranchPoints="0" sequenceCoverage="0" branchCoverage="0" maxCyclomaticComplexity="1" minCyclomaticComplexity="1" maxCrapScore="2" minCrapScore="2" visitedClasses="0" numClasses="0" visitedMethods="0" numMethods="1" />
              <MetadataToken>100663477</MetadataToken>
              <Name>System.TimeSpan Humanizer.NumberToTimeSpanExtensions::Seconds(System.Int64)</Name>
              <FileRef uid="51" />
              <SequencePoints>
                <SequencePoint vc="0" uspid="1036" ordinal="0" offset="0" sl="167" sc="13" el="167" ec="45" bec="0" bev="0" fileid="51" />
              </SequencePoints>
              <BranchPoints />
              <MethodPoint xsi:type="SequencePoint" vc="0" uspid="1036" ordinal="0" offset="0" sl="167" sc="13" el="167" ec="45" bec="0" bev="0" fileid="51" />
            </Method>
            <Method visited="false" cyclomaticComplexity="1" nPathComplexity="0" sequenceCoverage="0" branchCoverage="0" crapScore="2" isConstructor="false" isStatic="true" isGetter="false" isSetter="false">
              <Summary numSequencePoints="1" visitedSequencePoints="0" numBranchPoints="1" visitedBranchPoints="0" sequenceCoverage="0" branchCoverage="0" maxCyclomaticComplexity="1" minCyclomaticComplexity="1" maxCrapScore="2" minCrapScore="2" visitedClasses="0" numClasses="0" visitedMethods="0" numMethods="1" />
              <MetadataToken>100663478</MetadataToken>
              <Name>System.TimeSpan Humanizer.NumberToTimeSpanExtensions::Seconds(System.UInt64)</Name>
              <FileRef uid="51" />
              <SequencePoints>
                <SequencePoint vc="0" uspid="1037" ordinal="0" offset="0" sl="177" sc="13" el="177" ec="45" bec="0" bev="0" fileid="51" />
              </SequencePoints>
              <BranchPoints />
              <MethodPoint xsi:type="SequencePoint" vc="0" uspid="1037" ordinal="0" offset="0" sl="177" sc="13" el="177" ec="45" bec="0" bev="0" fileid="51" />
            </Method>
            <Method visited="false" cyclomaticComplexity="1" nPathComplexity="0" sequenceCoverage="0" branchCoverage="0" crapScore="2" isConstructor="false" isStatic="true" isGetter="false" isSetter="false">
              <Summary numSequencePoints="1" visitedSequencePoints="0" numBranchPoints="1" visitedBranchPoints="0" sequenceCoverage="0" branchCoverage="0" maxCyclomaticComplexity="1" minCyclomaticComplexity="1" maxCrapScore="2" minCrapScore="2" visitedClasses="0" numClasses="0" visitedMethods="0" numMethods="1" />
              <MetadataToken>100663479</MetadataToken>
              <Name>System.TimeSpan Humanizer.NumberToTimeSpanExtensions::Seconds(System.Double)</Name>
              <FileRef uid="51" />
              <SequencePoints>
                <SequencePoint vc="0" uspid="1038" ordinal="0" offset="0" sl="187" sc="13" el="187" ec="50" bec="0" bev="0" fileid="51" />
              </SequencePoints>
              <BranchPoints />
              <MethodPoint xsi:type="SequencePoint" vc="0" uspid="1038" ordinal="0" offset="0" sl="187" sc="13" el="187" ec="50" bec="0" bev="0" fileid="51" />
            </Method>
            <Method visited="false" cyclomaticComplexity="1" nPathComplexity="0" sequenceCoverage="0" branchCoverage="0" crapScore="2" isConstructor="false" isStatic="true" isGetter="false" isSetter="false">
              <Summary numSequencePoints="1" visitedSequencePoints="0" numBranchPoints="1" visitedBranchPoints="0" sequenceCoverage="0" branchCoverage="0" maxCyclomaticComplexity="1" minCyclomaticComplexity="1" maxCrapScore="2" minCrapScore="2" visitedClasses="0" numClasses="0" visitedMethods="0" numMethods="1" />
              <MetadataToken>100663480</MetadataToken>
              <Name>System.TimeSpan Humanizer.NumberToTimeSpanExtensions::Minutes(System.Byte)</Name>
              <FileRef uid="51" />
              <SequencePoints>
                <SequencePoint vc="0" uspid="1039" ordinal="0" offset="0" sl="197" sc="13" el="197" ec="45" bec="0" bev="0" fileid="51" />
              </SequencePoints>
              <BranchPoints />
              <MethodPoint xsi:type="SequencePoint" vc="0" uspid="1039" ordinal="0" offset="0" sl="197" sc="13" el="197" ec="45" bec="0" bev="0" fileid="51" />
            </Method>
            <Method visited="false" cyclomaticComplexity="1" nPathComplexity="0" sequenceCoverage="0" branchCoverage="0" crapScore="2" isConstructor="false" isStatic="true" isGetter="false" isSetter="false">
              <Summary numSequencePoints="1" visitedSequencePoints="0" numBranchPoints="1" visitedBranchPoints="0" sequenceCoverage="0" branchCoverage="0" maxCyclomaticComplexity="1" minCyclomaticComplexity="1" maxCrapScore="2" minCrapScore="2" visitedClasses="0" numClasses="0" visitedMethods="0" numMethods="1" />
              <MetadataToken>100663481</MetadataToken>
              <Name>System.TimeSpan Humanizer.NumberToTimeSpanExtensions::Minutes(System.SByte)</Name>
              <FileRef uid="51" />
              <SequencePoints>
                <SequencePoint vc="0" uspid="1040" ordinal="0" offset="0" sl="207" sc="13" el="207" ec="45" bec="0" bev="0" fileid="51" />
              </SequencePoints>
              <BranchPoints />
              <MethodPoint xsi:type="SequencePoint" vc="0" uspid="1040" ordinal="0" offset="0" sl="207" sc="13" el="207" ec="45" bec="0" bev="0" fileid="51" />
            </Method>
            <Method visited="false" cyclomaticComplexity="1" nPathComplexity="0" sequenceCoverage="0" branchCoverage="0" crapScore="2" isConstructor="false" isStatic="true" isGetter="false" isSetter="false">
              <Summary numSequencePoints="1" visitedSequencePoints="0" numBranchPoints="1" visitedBranchPoints="0" sequenceCoverage="0" branchCoverage="0" maxCyclomaticComplexity="1" minCyclomaticComplexity="1" maxCrapScore="2" minCrapScore="2" visitedClasses="0" numClasses="0" visitedMethods="0" numMethods="1" />
              <MetadataToken>100663482</MetadataToken>
              <Name>System.TimeSpan Humanizer.NumberToTimeSpanExtensions::Minutes(System.Int16)</Name>
              <FileRef uid="51" />
              <SequencePoints>
                <SequencePoint vc="0" uspid="1041" ordinal="0" offset="0" sl="217" sc="13" el="217" ec="45" bec="0" bev="0" fileid="51" />
              </SequencePoints>
              <BranchPoints />
              <MethodPoint xsi:type="SequencePoint" vc="0" uspid="1041" ordinal="0" offset="0" sl="217" sc="13" el="217" ec="45" bec="0" bev="0" fileid="51" />
            </Method>
            <Method visited="false" cyclomaticComplexity="1" nPathComplexity="0" sequenceCoverage="0" branchCoverage="0" crapScore="2" isConstructor="false" isStatic="true" isGetter="false" isSetter="false">
              <Summary numSequencePoints="1" visitedSequencePoints="0" numBranchPoints="1" visitedBranchPoints="0" sequenceCoverage="0" branchCoverage="0" maxCyclomaticComplexity="1" minCyclomaticComplexity="1" maxCrapScore="2" minCrapScore="2" visitedClasses="0" numClasses="0" visitedMethods="0" numMethods="1" />
              <MetadataToken>100663483</MetadataToken>
              <Name>System.TimeSpan Humanizer.NumberToTimeSpanExtensions::Minutes(System.UInt16)</Name>
              <FileRef uid="51" />
              <SequencePoints>
                <SequencePoint vc="0" uspid="1042" ordinal="0" offset="0" sl="227" sc="13" el="227" ec="45" bec="0" bev="0" fileid="51" />
              </SequencePoints>
              <BranchPoints />
              <MethodPoint xsi:type="SequencePoint" vc="0" uspid="1042" ordinal="0" offset="0" sl="227" sc="13" el="227" ec="45" bec="0" bev="0" fileid="51" />
            </Method>
            <Method visited="false" cyclomaticComplexity="1" nPathComplexity="0" sequenceCoverage="0" branchCoverage="0" crapScore="2" isConstructor="false" isStatic="true" isGetter="false" isSetter="false">
              <Summary numSequencePoints="1" visitedSequencePoints="0" numBranchPoints="1" visitedBranchPoints="0" sequenceCoverage="0" branchCoverage="0" maxCyclomaticComplexity="1" minCyclomaticComplexity="1" maxCrapScore="2" minCrapScore="2" visitedClasses="0" numClasses="0" visitedMethods="0" numMethods="1" />
              <MetadataToken>100663484</MetadataToken>
              <Name>System.TimeSpan Humanizer.NumberToTimeSpanExtensions::Minutes(System.Int32)</Name>
              <FileRef uid="51" />
              <SequencePoints>
                <SequencePoint vc="0" uspid="1043" ordinal="0" offset="0" sl="237" sc="13" el="237" ec="45" bec="0" bev="0" fileid="51" />
              </SequencePoints>
              <BranchPoints />
              <MethodPoint xsi:type="SequencePoint" vc="0" uspid="1043" ordinal="0" offset="0" sl="237" sc="13" el="237" ec="45" bec="0" bev="0" fileid="51" />
            </Method>
            <Method visited="false" cyclomaticComplexity="1" nPathComplexity="0" sequenceCoverage="0" branchCoverage="0" crapScore="2" isConstructor="false" isStatic="true" isGetter="false" isSetter="false">
              <Summary numSequencePoints="1" visitedSequencePoints="0" numBranchPoints="1" visitedBranchPoints="0" sequenceCoverage="0" branchCoverage="0" maxCyclomaticComplexity="1" minCyclomaticComplexity="1" maxCrapScore="2" minCrapScore="2" visitedClasses="0" numClasses="0" visitedMethods="0" numMethods="1" />
              <MetadataToken>100663485</MetadataToken>
              <Name>System.TimeSpan Humanizer.NumberToTimeSpanExtensions::Minutes(System.UInt32)</Name>
              <FileRef uid="51" />
              <SequencePoints>
                <SequencePoint vc="0" uspid="1044" ordinal="0" offset="0" sl="247" sc="13" el="247" ec="45" bec="0" bev="0" fileid="51" />
              </SequencePoints>
              <BranchPoints />
              <MethodPoint xsi:type="SequencePoint" vc="0" uspid="1044" ordinal="0" offset="0" sl="247" sc="13" el="247" ec="45" bec="0" bev="0" fileid="51" />
            </Method>
            <Method visited="false" cyclomaticComplexity="1" nPathComplexity="0" sequenceCoverage="0" branchCoverage="0" crapScore="2" isConstructor="false" isStatic="true" isGetter="false" isSetter="false">
              <Summary numSequencePoints="1" visitedSequencePoints="0" numBranchPoints="1" visitedBranchPoints="0" sequenceCoverage="0" branchCoverage="0" maxCyclomaticComplexity="1" minCyclomaticComplexity="1" maxCrapScore="2" minCrapScore="2" visitedClasses="0" numClasses="0" visitedMethods="0" numMethods="1" />
              <MetadataToken>100663486</MetadataToken>
              <Name>System.TimeSpan Humanizer.NumberToTimeSpanExtensions::Minutes(System.Int64)</Name>
              <FileRef uid="51" />
              <SequencePoints>
                <SequencePoint vc="0" uspid="1045" ordinal="0" offset="0" sl="257" sc="13" el="257" ec="45" bec="0" bev="0" fileid="51" />
              </SequencePoints>
              <BranchPoints />
              <MethodPoint xsi:type="SequencePoint" vc="0" uspid="1045" ordinal="0" offset="0" sl="257" sc="13" el="257" ec="45" bec="0" bev="0" fileid="51" />
            </Method>
            <Method visited="false" cyclomaticComplexity="1" nPathComplexity="0" sequenceCoverage="0" branchCoverage="0" crapScore="2" isConstructor="false" isStatic="true" isGetter="false" isSetter="false">
              <Summary numSequencePoints="1" visitedSequencePoints="0" numBranchPoints="1" visitedBranchPoints="0" sequenceCoverage="0" branchCoverage="0" maxCyclomaticComplexity="1" minCyclomaticComplexity="1" maxCrapScore="2" minCrapScore="2" visitedClasses="0" numClasses="0" visitedMethods="0" numMethods="1" />
              <MetadataToken>100663487</MetadataToken>
              <Name>System.TimeSpan Humanizer.NumberToTimeSpanExtensions::Minutes(System.UInt64)</Name>
              <FileRef uid="51" />
              <SequencePoints>
                <SequencePoint vc="0" uspid="1046" ordinal="0" offset="0" sl="267" sc="13" el="267" ec="45" bec="0" bev="0" fileid="51" />
              </SequencePoints>
              <BranchPoints />
              <MethodPoint xsi:type="SequencePoint" vc="0" uspid="1046" ordinal="0" offset="0" sl="267" sc="13" el="267" ec="45" bec="0" bev="0" fileid="51" />
            </Method>
            <Method visited="false" cyclomaticComplexity="1" nPathComplexity="0" sequenceCoverage="0" branchCoverage="0" crapScore="2" isConstructor="false" isStatic="true" isGetter="false" isSetter="false">
              <Summary numSequencePoints="1" visitedSequencePoints="0" numBranchPoints="1" visitedBranchPoints="0" sequenceCoverage="0" branchCoverage="0" maxCyclomaticComplexity="1" minCyclomaticComplexity="1" maxCrapScore="2" minCrapScore="2" visitedClasses="0" numClasses="0" visitedMethods="0" numMethods="1" />
              <MetadataToken>100663488</MetadataToken>
              <Name>System.TimeSpan Humanizer.NumberToTimeSpanExtensions::Minutes(System.Double)</Name>
              <FileRef uid="51" />
              <SequencePoints>
                <SequencePoint vc="0" uspid="1047" ordinal="0" offset="0" sl="277" sc="13" el="277" ec="50" bec="0" bev="0" fileid="51" />
              </SequencePoints>
              <BranchPoints />
              <MethodPoint xsi:type="SequencePoint" vc="0" uspid="1047" ordinal="0" offset="0" sl="277" sc="13" el="277" ec="50" bec="0" bev="0" fileid="51" />
            </Method>
            <Method visited="false" cyclomaticComplexity="1" nPathComplexity="0" sequenceCoverage="0" branchCoverage="0" crapScore="2" isConstructor="false" isStatic="true" isGetter="false" isSetter="false">
              <Summary numSequencePoints="1" visitedSequencePoints="0" numBranchPoints="1" visitedBranchPoints="0" sequenceCoverage="0" branchCoverage="0" maxCyclomaticComplexity="1" minCyclomaticComplexity="1" maxCrapScore="2" minCrapScore="2" visitedClasses="0" numClasses="0" visitedMethods="0" numMethods="1" />
              <MetadataToken>100663489</MetadataToken>
              <Name>System.TimeSpan Humanizer.NumberToTimeSpanExtensions::Hours(System.Byte)</Name>
              <FileRef uid="51" />
              <SequencePoints>
                <SequencePoint vc="0" uspid="1048" ordinal="0" offset="0" sl="287" sc="13" el="287" ec="41" bec="0" bev="0" fileid="51" />
              </SequencePoints>
              <BranchPoints />
              <MethodPoint xsi:type="SequencePoint" vc="0" uspid="1048" ordinal="0" offset="0" sl="287" sc="13" el="287" ec="41" bec="0" bev="0" fileid="51" />
            </Method>
            <Method visited="false" cyclomaticComplexity="1" nPathComplexity="0" sequenceCoverage="0" branchCoverage="0" crapScore="2" isConstructor="false" isStatic="true" isGetter="false" isSetter="false">
              <Summary numSequencePoints="1" visitedSequencePoints="0" numBranchPoints="1" visitedBranchPoints="0" sequenceCoverage="0" branchCoverage="0" maxCyclomaticComplexity="1" minCyclomaticComplexity="1" maxCrapScore="2" minCrapScore="2" visitedClasses="0" numClasses="0" visitedMethods="0" numMethods="1" />
              <MetadataToken>100663490</MetadataToken>
              <Name>System.TimeSpan Humanizer.NumberToTimeSpanExtensions::Hours(System.SByte)</Name>
              <FileRef uid="51" />
              <SequencePoints>
                <SequencePoint vc="0" uspid="1049" ordinal="0" offset="0" sl="297" sc="13" el="297" ec="41" bec="0" bev="0" fileid="51" />
              </SequencePoints>
              <BranchPoints />
              <MethodPoint xsi:type="SequencePoint" vc="0" uspid="1049" ordinal="0" offset="0" sl="297" sc="13" el="297" ec="41" bec="0" bev="0" fileid="51" />
            </Method>
            <Method visited="false" cyclomaticComplexity="1" nPathComplexity="0" sequenceCoverage="0" branchCoverage="0" crapScore="2" isConstructor="false" isStatic="true" isGetter="false" isSetter="false">
              <Summary numSequencePoints="1" visitedSequencePoints="0" numBranchPoints="1" visitedBranchPoints="0" sequenceCoverage="0" branchCoverage="0" maxCyclomaticComplexity="1" minCyclomaticComplexity="1" maxCrapScore="2" minCrapScore="2" visitedClasses="0" numClasses="0" visitedMethods="0" numMethods="1" />
              <MetadataToken>100663491</MetadataToken>
              <Name>System.TimeSpan Humanizer.NumberToTimeSpanExtensions::Hours(System.Int16)</Name>
              <FileRef uid="51" />
              <SequencePoints>
                <SequencePoint vc="0" uspid="1050" ordinal="0" offset="0" sl="307" sc="13" el="307" ec="41" bec="0" bev="0" fileid="51" />
              </SequencePoints>
              <BranchPoints />
              <MethodPoint xsi:type="SequencePoint" vc="0" uspid="1050" ordinal="0" offset="0" sl="307" sc="13" el="307" ec="41" bec="0" bev="0" fileid="51" />
            </Method>
            <Method visited="false" cyclomaticComplexity="1" nPathComplexity="0" sequenceCoverage="0" branchCoverage="0" crapScore="2" isConstructor="false" isStatic="true" isGetter="false" isSetter="false">
              <Summary numSequencePoints="1" visitedSequencePoints="0" numBranchPoints="1" visitedBranchPoints="0" sequenceCoverage="0" branchCoverage="0" maxCyclomaticComplexity="1" minCyclomaticComplexity="1" maxCrapScore="2" minCrapScore="2" visitedClasses="0" numClasses="0" visitedMethods="0" numMethods="1" />
              <MetadataToken>100663492</MetadataToken>
              <Name>System.TimeSpan Humanizer.NumberToTimeSpanExtensions::Hours(System.UInt16)</Name>
              <FileRef uid="51" />
              <SequencePoints>
                <SequencePoint vc="0" uspid="1051" ordinal="0" offset="0" sl="317" sc="13" el="317" ec="41" bec="0" bev="0" fileid="51" />
              </SequencePoints>
              <BranchPoints />
              <MethodPoint xsi:type="SequencePoint" vc="0" uspid="1051" ordinal="0" offset="0" sl="317" sc="13" el="317" ec="41" bec="0" bev="0" fileid="51" />
            </Method>
            <Method visited="false" cyclomaticComplexity="1" nPathComplexity="0" sequenceCoverage="0" branchCoverage="0" crapScore="2" isConstructor="false" isStatic="true" isGetter="false" isSetter="false">
              <Summary numSequencePoints="1" visitedSequencePoints="0" numBranchPoints="1" visitedBranchPoints="0" sequenceCoverage="0" branchCoverage="0" maxCyclomaticComplexity="1" minCyclomaticComplexity="1" maxCrapScore="2" minCrapScore="2" visitedClasses="0" numClasses="0" visitedMethods="0" numMethods="1" />
              <MetadataToken>100663493</MetadataToken>
              <Name>System.TimeSpan Humanizer.NumberToTimeSpanExtensions::Hours(System.Int32)</Name>
              <FileRef uid="51" />
              <SequencePoints>
                <SequencePoint vc="0" uspid="1052" ordinal="0" offset="0" sl="327" sc="13" el="327" ec="41" bec="0" bev="0" fileid="51" />
              </SequencePoints>
              <BranchPoints />
              <MethodPoint xsi:type="SequencePoint" vc="0" uspid="1052" ordinal="0" offset="0" sl="327" sc="13" el="327" ec="41" bec="0" bev="0" fileid="51" />
            </Method>
            <Method visited="false" cyclomaticComplexity="1" nPathComplexity="0" sequenceCoverage="0" branchCoverage="0" crapScore="2" isConstructor="false" isStatic="true" isGetter="false" isSetter="false">
              <Summary numSequencePoints="1" visitedSequencePoints="0" numBranchPoints="1" visitedBranchPoints="0" sequenceCoverage="0" branchCoverage="0" maxCyclomaticComplexity="1" minCyclomaticComplexity="1" maxCrapScore="2" minCrapScore="2" visitedClasses="0" numClasses="0" visitedMethods="0" numMethods="1" />
              <MetadataToken>100663494</MetadataToken>
              <Name>System.TimeSpan Humanizer.NumberToTimeSpanExtensions::Hours(System.UInt32)</Name>
              <FileRef uid="51" />
              <SequencePoints>
                <SequencePoint vc="0" uspid="1053" ordinal="0" offset="0" sl="337" sc="13" el="337" ec="41" bec="0" bev="0" fileid="51" />
              </SequencePoints>
              <BranchPoints />
              <MethodPoint xsi:type="SequencePoint" vc="0" uspid="1053" ordinal="0" offset="0" sl="337" sc="13" el="337" ec="41" bec="0" bev="0" fileid="51" />
            </Method>
            <Method visited="false" cyclomaticComplexity="1" nPathComplexity="0" sequenceCoverage="0" branchCoverage="0" crapScore="2" isConstructor="false" isStatic="true" isGetter="false" isSetter="false">
              <Summary numSequencePoints="1" visitedSequencePoints="0" numBranchPoints="1" visitedBranchPoints="0" sequenceCoverage="0" branchCoverage="0" maxCyclomaticComplexity="1" minCyclomaticComplexity="1" maxCrapScore="2" minCrapScore="2" visitedClasses="0" numClasses="0" visitedMethods="0" numMethods="1" />
              <MetadataToken>100663495</MetadataToken>
              <Name>System.TimeSpan Humanizer.NumberToTimeSpanExtensions::Hours(System.Int64)</Name>
              <FileRef uid="51" />
              <SequencePoints>
                <SequencePoint vc="0" uspid="1054" ordinal="0" offset="0" sl="347" sc="13" el="347" ec="41" bec="0" bev="0" fileid="51" />
              </SequencePoints>
              <BranchPoints />
              <MethodPoint xsi:type="SequencePoint" vc="0" uspid="1054" ordinal="0" offset="0" sl="347" sc="13" el="347" ec="41" bec="0" bev="0" fileid="51" />
            </Method>
            <Method visited="false" cyclomaticComplexity="1" nPathComplexity="0" sequenceCoverage="0" branchCoverage="0" crapScore="2" isConstructor="false" isStatic="true" isGetter="false" isSetter="false">
              <Summary numSequencePoints="1" visitedSequencePoints="0" numBranchPoints="1" visitedBranchPoints="0" sequenceCoverage="0" branchCoverage="0" maxCyclomaticComplexity="1" minCyclomaticComplexity="1" maxCrapScore="2" minCrapScore="2" visitedClasses="0" numClasses="0" visitedMethods="0" numMethods="1" />
              <MetadataToken>100663496</MetadataToken>
              <Name>System.TimeSpan Humanizer.NumberToTimeSpanExtensions::Hours(System.UInt64)</Name>
              <FileRef uid="51" />
              <SequencePoints>
                <SequencePoint vc="0" uspid="1055" ordinal="0" offset="0" sl="357" sc="13" el="357" ec="41" bec="0" bev="0" fileid="51" />
              </SequencePoints>
              <BranchPoints />
              <MethodPoint xsi:type="SequencePoint" vc="0" uspid="1055" ordinal="0" offset="0" sl="357" sc="13" el="357" ec="41" bec="0" bev="0" fileid="51" />
            </Method>
            <Method visited="false" cyclomaticComplexity="1" nPathComplexity="0" sequenceCoverage="0" branchCoverage="0" crapScore="2" isConstructor="false" isStatic="true" isGetter="false" isSetter="false">
              <Summary numSequencePoints="1" visitedSequencePoints="0" numBranchPoints="1" visitedBranchPoints="0" sequenceCoverage="0" branchCoverage="0" maxCyclomaticComplexity="1" minCyclomaticComplexity="1" maxCrapScore="2" minCrapScore="2" visitedClasses="0" numClasses="0" visitedMethods="0" numMethods="1" />
              <MetadataToken>100663497</MetadataToken>
              <Name>System.TimeSpan Humanizer.NumberToTimeSpanExtensions::Hours(System.Double)</Name>
              <FileRef uid="51" />
              <SequencePoints>
                <SequencePoint vc="0" uspid="1056" ordinal="0" offset="0" sl="367" sc="13" el="367" ec="46" bec="0" bev="0" fileid="51" />
              </SequencePoints>
              <BranchPoints />
              <MethodPoint xsi:type="SequencePoint" vc="0" uspid="1056" ordinal="0" offset="0" sl="367" sc="13" el="367" ec="46" bec="0" bev="0" fileid="51" />
            </Method>
            <Method visited="false" cyclomaticComplexity="1" nPathComplexity="0" sequenceCoverage="0" branchCoverage="0" crapScore="2" isConstructor="false" isStatic="true" isGetter="false" isSetter="false">
              <Summary numSequencePoints="1" visitedSequencePoints="0" numBranchPoints="1" visitedBranchPoints="0" sequenceCoverage="0" branchCoverage="0" maxCyclomaticComplexity="1" minCyclomaticComplexity="1" maxCrapScore="2" minCrapScore="2" visitedClasses="0" numClasses="0" visitedMethods="0" numMethods="1" />
              <MetadataToken>100663498</MetadataToken>
              <Name>System.TimeSpan Humanizer.NumberToTimeSpanExtensions::Days(System.Byte)</Name>
              <FileRef uid="51" />
              <SequencePoints>
                <SequencePoint vc="0" uspid="1057" ordinal="0" offset="0" sl="377" sc="13" el="377" ec="39" bec="0" bev="0" fileid="51" />
              </SequencePoints>
              <BranchPoints />
              <MethodPoint xsi:type="SequencePoint" vc="0" uspid="1057" ordinal="0" offset="0" sl="377" sc="13" el="377" ec="39" bec="0" bev="0" fileid="51" />
            </Method>
            <Method visited="false" cyclomaticComplexity="1" nPathComplexity="0" sequenceCoverage="0" branchCoverage="0" crapScore="2" isConstructor="false" isStatic="true" isGetter="false" isSetter="false">
              <Summary numSequencePoints="1" visitedSequencePoints="0" numBranchPoints="1" visitedBranchPoints="0" sequenceCoverage="0" branchCoverage="0" maxCyclomaticComplexity="1" minCyclomaticComplexity="1" maxCrapScore="2" minCrapScore="2" visitedClasses="0" numClasses="0" visitedMethods="0" numMethods="1" />
              <MetadataToken>100663499</MetadataToken>
              <Name>System.TimeSpan Humanizer.NumberToTimeSpanExtensions::Days(System.SByte)</Name>
              <FileRef uid="51" />
              <SequencePoints>
                <SequencePoint vc="0" uspid="1058" ordinal="0" offset="0" sl="387" sc="13" el="387" ec="39" bec="0" bev="0" fileid="51" />
              </SequencePoints>
              <BranchPoints />
              <MethodPoint xsi:type="SequencePoint" vc="0" uspid="1058" ordinal="0" offset="0" sl="387" sc="13" el="387" ec="39" bec="0" bev="0" fileid="51" />
            </Method>
            <Method visited="false" cyclomaticComplexity="1" nPathComplexity="0" sequenceCoverage="0" branchCoverage="0" crapScore="2" isConstructor="false" isStatic="true" isGetter="false" isSetter="false">
              <Summary numSequencePoints="1" visitedSequencePoints="0" numBranchPoints="1" visitedBranchPoints="0" sequenceCoverage="0" branchCoverage="0" maxCyclomaticComplexity="1" minCyclomaticComplexity="1" maxCrapScore="2" minCrapScore="2" visitedClasses="0" numClasses="0" visitedMethods="0" numMethods="1" />
              <MetadataToken>100663500</MetadataToken>
              <Name>System.TimeSpan Humanizer.NumberToTimeSpanExtensions::Days(System.Int16)</Name>
              <FileRef uid="51" />
              <SequencePoints>
                <SequencePoint vc="0" uspid="1059" ordinal="0" offset="0" sl="397" sc="13" el="397" ec="39" bec="0" bev="0" fileid="51" />
              </SequencePoints>
              <BranchPoints />
              <MethodPoint xsi:type="SequencePoint" vc="0" uspid="1059" ordinal="0" offset="0" sl="397" sc="13" el="397" ec="39" bec="0" bev="0" fileid="51" />
            </Method>
            <Method visited="false" cyclomaticComplexity="1" nPathComplexity="0" sequenceCoverage="0" branchCoverage="0" crapScore="2" isConstructor="false" isStatic="true" isGetter="false" isSetter="false">
              <Summary numSequencePoints="1" visitedSequencePoints="0" numBranchPoints="1" visitedBranchPoints="0" sequenceCoverage="0" branchCoverage="0" maxCyclomaticComplexity="1" minCyclomaticComplexity="1" maxCrapScore="2" minCrapScore="2" visitedClasses="0" numClasses="0" visitedMethods="0" numMethods="1" />
              <MetadataToken>100663501</MetadataToken>
              <Name>System.TimeSpan Humanizer.NumberToTimeSpanExtensions::Days(System.UInt16)</Name>
              <FileRef uid="51" />
              <SequencePoints>
                <SequencePoint vc="0" uspid="1060" ordinal="0" offset="0" sl="407" sc="13" el="407" ec="39" bec="0" bev="0" fileid="51" />
              </SequencePoints>
              <BranchPoints />
              <MethodPoint xsi:type="SequencePoint" vc="0" uspid="1060" ordinal="0" offset="0" sl="407" sc="13" el="407" ec="39" bec="0" bev="0" fileid="51" />
            </Method>
            <Method visited="false" cyclomaticComplexity="1" nPathComplexity="0" sequenceCoverage="0" branchCoverage="0" crapScore="2" isConstructor="false" isStatic="true" isGetter="false" isSetter="false">
              <Summary numSequencePoints="1" visitedSequencePoints="0" numBranchPoints="1" visitedBranchPoints="0" sequenceCoverage="0" branchCoverage="0" maxCyclomaticComplexity="1" minCyclomaticComplexity="1" maxCrapScore="2" minCrapScore="2" visitedClasses="0" numClasses="0" visitedMethods="0" numMethods="1" />
              <MetadataToken>100663502</MetadataToken>
              <Name>System.TimeSpan Humanizer.NumberToTimeSpanExtensions::Days(System.Int32)</Name>
              <FileRef uid="51" />
              <SequencePoints>
                <SequencePoint vc="0" uspid="1061" ordinal="0" offset="0" sl="417" sc="13" el="417" ec="39" bec="0" bev="0" fileid="51" />
              </SequencePoints>
              <BranchPoints />
              <MethodPoint xsi:type="SequencePoint" vc="0" uspid="1061" ordinal="0" offset="0" sl="417" sc="13" el="417" ec="39" bec="0" bev="0" fileid="51" />
            </Method>
            <Method visited="false" cyclomaticComplexity="1" nPathComplexity="0" sequenceCoverage="0" branchCoverage="0" crapScore="2" isConstructor="false" isStatic="true" isGetter="false" isSetter="false">
              <Summary numSequencePoints="1" visitedSequencePoints="0" numBranchPoints="1" visitedBranchPoints="0" sequenceCoverage="0" branchCoverage="0" maxCyclomaticComplexity="1" minCyclomaticComplexity="1" maxCrapScore="2" minCrapScore="2" visitedClasses="0" numClasses="0" visitedMethods="0" numMethods="1" />
              <MetadataToken>100663503</MetadataToken>
              <Name>System.TimeSpan Humanizer.NumberToTimeSpanExtensions::Days(System.UInt32)</Name>
              <FileRef uid="51" />
              <SequencePoints>
                <SequencePoint vc="0" uspid="1062" ordinal="0" offset="0" sl="427" sc="13" el="427" ec="39" bec="0" bev="0" fileid="51" />
              </SequencePoints>
              <BranchPoints />
              <MethodPoint xsi:type="SequencePoint" vc="0" uspid="1062" ordinal="0" offset="0" sl="427" sc="13" el="427" ec="39" bec="0" bev="0" fileid="51" />
            </Method>
            <Method visited="false" cyclomaticComplexity="1" nPathComplexity="0" sequenceCoverage="0" branchCoverage="0" crapScore="2" isConstructor="false" isStatic="true" isGetter="false" isSetter="false">
              <Summary numSequencePoints="1" visitedSequencePoints="0" numBranchPoints="1" visitedBranchPoints="0" sequenceCoverage="0" branchCoverage="0" maxCyclomaticComplexity="1" minCyclomaticComplexity="1" maxCrapScore="2" minCrapScore="2" visitedClasses="0" numClasses="0" visitedMethods="0" numMethods="1" />
              <MetadataToken>100663504</MetadataToken>
              <Name>System.TimeSpan Humanizer.NumberToTimeSpanExtensions::Days(System.Int64)</Name>
              <FileRef uid="51" />
              <SequencePoints>
                <SequencePoint vc="0" uspid="1063" ordinal="0" offset="0" sl="437" sc="13" el="437" ec="39" bec="0" bev="0" fileid="51" />
              </SequencePoints>
              <BranchPoints />
              <MethodPoint xsi:type="SequencePoint" vc="0" uspid="1063" ordinal="0" offset="0" sl="437" sc="13" el="437" ec="39" bec="0" bev="0" fileid="51" />
            </Method>
            <Method visited="false" cyclomaticComplexity="1" nPathComplexity="0" sequenceCoverage="0" branchCoverage="0" crapScore="2" isConstructor="false" isStatic="true" isGetter="false" isSetter="false">
              <Summary numSequencePoints="1" visitedSequencePoints="0" numBranchPoints="1" visitedBranchPoints="0" sequenceCoverage="0" branchCoverage="0" maxCyclomaticComplexity="1" minCyclomaticComplexity="1" maxCrapScore="2" minCrapScore="2" visitedClasses="0" numClasses="0" visitedMethods="0" numMethods="1" />
              <MetadataToken>100663505</MetadataToken>
              <Name>System.TimeSpan Humanizer.NumberToTimeSpanExtensions::Days(System.UInt64)</Name>
              <FileRef uid="51" />
              <SequencePoints>
                <SequencePoint vc="0" uspid="1064" ordinal="0" offset="0" sl="447" sc="13" el="447" ec="39" bec="0" bev="0" fileid="51" />
              </SequencePoints>
              <BranchPoints />
              <MethodPoint xsi:type="SequencePoint" vc="0" uspid="1064" ordinal="0" offset="0" sl="447" sc="13" el="447" ec="39" bec="0" bev="0" fileid="51" />
            </Method>
            <Method visited="false" cyclomaticComplexity="1" nPathComplexity="0" sequenceCoverage="0" branchCoverage="0" crapScore="2" isConstructor="false" isStatic="true" isGetter="false" isSetter="false">
              <Summary numSequencePoints="1" visitedSequencePoints="0" numBranchPoints="1" visitedBranchPoints="0" sequenceCoverage="0" branchCoverage="0" maxCyclomaticComplexity="1" minCyclomaticComplexity="1" maxCrapScore="2" minCrapScore="2" visitedClasses="0" numClasses="0" visitedMethods="0" numMethods="1" />
              <MetadataToken>100663506</MetadataToken>
              <Name>System.TimeSpan Humanizer.NumberToTimeSpanExtensions::Days(System.Double)</Name>
              <FileRef uid="51" />
              <SequencePoints>
                <SequencePoint vc="0" uspid="1065" ordinal="0" offset="0" sl="457" sc="13" el="457" ec="44" bec="0" bev="0" fileid="51" />
              </SequencePoints>
              <BranchPoints />
              <MethodPoint xsi:type="SequencePoint" vc="0" uspid="1065" ordinal="0" offset="0" sl="457" sc="13" el="457" ec="44" bec="0" bev="0" fileid="51" />
            </Method>
            <Method visited="false" cyclomaticComplexity="1" nPathComplexity="0" sequenceCoverage="0" branchCoverage="0" crapScore="2" isConstructor="false" isStatic="true" isGetter="false" isSetter="false">
              <Summary numSequencePoints="1" visitedSequencePoints="0" numBranchPoints="1" visitedBranchPoints="0" sequenceCoverage="0" branchCoverage="0" maxCyclomaticComplexity="1" minCyclomaticComplexity="1" maxCrapScore="2" minCrapScore="2" visitedClasses="0" numClasses="0" visitedMethods="0" numMethods="1" />
              <MetadataToken>100663507</MetadataToken>
              <Name>System.TimeSpan Humanizer.NumberToTimeSpanExtensions::Weeks(System.Byte)</Name>
              <FileRef uid="51" />
              <SequencePoints>
                <SequencePoint vc="0" uspid="1066" ordinal="0" offset="0" sl="467" sc="13" el="467" ec="41" bec="0" bev="0" fileid="51" />
              </SequencePoints>
              <BranchPoints />
              <MethodPoint xsi:type="SequencePoint" vc="0" uspid="1066" ordinal="0" offset="0" sl="467" sc="13" el="467" ec="41" bec="0" bev="0" fileid="51" />
            </Method>
            <Method visited="false" cyclomaticComplexity="1" nPathComplexity="0" sequenceCoverage="0" branchCoverage="0" crapScore="2" isConstructor="false" isStatic="true" isGetter="false" isSetter="false">
              <Summary numSequencePoints="1" visitedSequencePoints="0" numBranchPoints="1" visitedBranchPoints="0" sequenceCoverage="0" branchCoverage="0" maxCyclomaticComplexity="1" minCyclomaticComplexity="1" maxCrapScore="2" minCrapScore="2" visitedClasses="0" numClasses="0" visitedMethods="0" numMethods="1" />
              <MetadataToken>100663508</MetadataToken>
              <Name>System.TimeSpan Humanizer.NumberToTimeSpanExtensions::Weeks(System.SByte)</Name>
              <FileRef uid="51" />
              <SequencePoints>
                <SequencePoint vc="0" uspid="1067" ordinal="0" offset="0" sl="477" sc="13" el="477" ec="41" bec="0" bev="0" fileid="51" />
              </SequencePoints>
              <BranchPoints />
              <MethodPoint xsi:type="SequencePoint" vc="0" uspid="1067" ordinal="0" offset="0" sl="477" sc="13" el="477" ec="41" bec="0" bev="0" fileid="51" />
            </Method>
            <Method visited="false" cyclomaticComplexity="1" nPathComplexity="0" sequenceCoverage="0" branchCoverage="0" crapScore="2" isConstructor="false" isStatic="true" isGetter="false" isSetter="false">
              <Summary numSequencePoints="1" visitedSequencePoints="0" numBranchPoints="1" visitedBranchPoints="0" sequenceCoverage="0" branchCoverage="0" maxCyclomaticComplexity="1" minCyclomaticComplexity="1" maxCrapScore="2" minCrapScore="2" visitedClasses="0" numClasses="0" visitedMethods="0" numMethods="1" />
              <MetadataToken>100663509</MetadataToken>
              <Name>System.TimeSpan Humanizer.NumberToTimeSpanExtensions::Weeks(System.Int16)</Name>
              <FileRef uid="51" />
              <SequencePoints>
                <SequencePoint vc="0" uspid="1068" ordinal="0" offset="0" sl="487" sc="13" el="487" ec="41" bec="0" bev="0" fileid="51" />
              </SequencePoints>
              <BranchPoints />
              <MethodPoint xsi:type="SequencePoint" vc="0" uspid="1068" ordinal="0" offset="0" sl="487" sc="13" el="487" ec="41" bec="0" bev="0" fileid="51" />
            </Method>
            <Method visited="false" cyclomaticComplexity="1" nPathComplexity="0" sequenceCoverage="0" branchCoverage="0" crapScore="2" isConstructor="false" isStatic="true" isGetter="false" isSetter="false">
              <Summary numSequencePoints="1" visitedSequencePoints="0" numBranchPoints="1" visitedBranchPoints="0" sequenceCoverage="0" branchCoverage="0" maxCyclomaticComplexity="1" minCyclomaticComplexity="1" maxCrapScore="2" minCrapScore="2" visitedClasses="0" numClasses="0" visitedMethods="0" numMethods="1" />
              <MetadataToken>100663510</MetadataToken>
              <Name>System.TimeSpan Humanizer.NumberToTimeSpanExtensions::Weeks(System.UInt16)</Name>
              <FileRef uid="51" />
              <SequencePoints>
                <SequencePoint vc="0" uspid="1069" ordinal="0" offset="0" sl="497" sc="13" el="497" ec="41" bec="0" bev="0" fileid="51" />
              </SequencePoints>
              <BranchPoints />
              <MethodPoint xsi:type="SequencePoint" vc="0" uspid="1069" ordinal="0" offset="0" sl="497" sc="13" el="497" ec="41" bec="0" bev="0" fileid="51" />
            </Method>
            <Method visited="false" cyclomaticComplexity="1" nPathComplexity="0" sequenceCoverage="0" branchCoverage="0" crapScore="2" isConstructor="false" isStatic="true" isGetter="false" isSetter="false">
              <Summary numSequencePoints="1" visitedSequencePoints="0" numBranchPoints="1" visitedBranchPoints="0" sequenceCoverage="0" branchCoverage="0" maxCyclomaticComplexity="1" minCyclomaticComplexity="1" maxCrapScore="2" minCrapScore="2" visitedClasses="0" numClasses="0" visitedMethods="0" numMethods="1" />
              <MetadataToken>100663511</MetadataToken>
              <Name>System.TimeSpan Humanizer.NumberToTimeSpanExtensions::Weeks(System.Int32)</Name>
              <FileRef uid="51" />
              <SequencePoints>
                <SequencePoint vc="0" uspid="1070" ordinal="0" offset="0" sl="507" sc="13" el="507" ec="41" bec="0" bev="0" fileid="51" />
              </SequencePoints>
              <BranchPoints />
              <MethodPoint xsi:type="SequencePoint" vc="0" uspid="1070" ordinal="0" offset="0" sl="507" sc="13" el="507" ec="41" bec="0" bev="0" fileid="51" />
            </Method>
            <Method visited="false" cyclomaticComplexity="1" nPathComplexity="0" sequenceCoverage="0" branchCoverage="0" crapScore="2" isConstructor="false" isStatic="true" isGetter="false" isSetter="false">
              <Summary numSequencePoints="1" visitedSequencePoints="0" numBranchPoints="1" visitedBranchPoints="0" sequenceCoverage="0" branchCoverage="0" maxCyclomaticComplexity="1" minCyclomaticComplexity="1" maxCrapScore="2" minCrapScore="2" visitedClasses="0" numClasses="0" visitedMethods="0" numMethods="1" />
              <MetadataToken>100663512</MetadataToken>
              <Name>System.TimeSpan Humanizer.NumberToTimeSpanExtensions::Weeks(System.UInt32)</Name>
              <FileRef uid="51" />
              <SequencePoints>
                <SequencePoint vc="0" uspid="1071" ordinal="0" offset="0" sl="517" sc="13" el="517" ec="41" bec="0" bev="0" fileid="51" />
              </SequencePoints>
              <BranchPoints />
              <MethodPoint xsi:type="SequencePoint" vc="0" uspid="1071" ordinal="0" offset="0" sl="517" sc="13" el="517" ec="41" bec="0" bev="0" fileid="51" />
            </Method>
            <Method visited="false" cyclomaticComplexity="1" nPathComplexity="0" sequenceCoverage="0" branchCoverage="0" crapScore="2" isConstructor="false" isStatic="true" isGetter="false" isSetter="false">
              <Summary numSequencePoints="1" visitedSequencePoints="0" numBranchPoints="1" visitedBranchPoints="0" sequenceCoverage="0" branchCoverage="0" maxCyclomaticComplexity="1" minCyclomaticComplexity="1" maxCrapScore="2" minCrapScore="2" visitedClasses="0" numClasses="0" visitedMethods="0" numMethods="1" />
              <MetadataToken>100663513</MetadataToken>
              <Name>System.TimeSpan Humanizer.NumberToTimeSpanExtensions::Weeks(System.Int64)</Name>
              <FileRef uid="51" />
              <SequencePoints>
                <SequencePoint vc="0" uspid="1072" ordinal="0" offset="0" sl="527" sc="13" el="527" ec="41" bec="0" bev="0" fileid="51" />
              </SequencePoints>
              <BranchPoints />
              <MethodPoint xsi:type="SequencePoint" vc="0" uspid="1072" ordinal="0" offset="0" sl="527" sc="13" el="527" ec="41" bec="0" bev="0" fileid="51" />
            </Method>
            <Method visited="false" cyclomaticComplexity="1" nPathComplexity="0" sequenceCoverage="0" branchCoverage="0" crapScore="2" isConstructor="false" isStatic="true" isGetter="false" isSetter="false">
              <Summary numSequencePoints="1" visitedSequencePoints="0" numBranchPoints="1" visitedBranchPoints="0" sequenceCoverage="0" branchCoverage="0" maxCyclomaticComplexity="1" minCyclomaticComplexity="1" maxCrapScore="2" minCrapScore="2" visitedClasses="0" numClasses="0" visitedMethods="0" numMethods="1" />
              <MetadataToken>100663514</MetadataToken>
              <Name>System.TimeSpan Humanizer.NumberToTimeSpanExtensions::Weeks(System.UInt64)</Name>
              <FileRef uid="51" />
              <SequencePoints>
                <SequencePoint vc="0" uspid="1073" ordinal="0" offset="0" sl="537" sc="13" el="537" ec="41" bec="0" bev="0" fileid="51" />
              </SequencePoints>
              <BranchPoints />
              <MethodPoint xsi:type="SequencePoint" vc="0" uspid="1073" ordinal="0" offset="0" sl="537" sc="13" el="537" ec="41" bec="0" bev="0" fileid="51" />
            </Method>
            <Method visited="false" cyclomaticComplexity="1" nPathComplexity="0" sequenceCoverage="0" branchCoverage="0" crapScore="2" isConstructor="false" isStatic="true" isGetter="false" isSetter="false">
              <Summary numSequencePoints="1" visitedSequencePoints="0" numBranchPoints="1" visitedBranchPoints="0" sequenceCoverage="0" branchCoverage="0" maxCyclomaticComplexity="1" minCyclomaticComplexity="1" maxCrapScore="2" minCrapScore="2" visitedClasses="0" numClasses="0" visitedMethods="0" numMethods="1" />
              <MetadataToken>100663515</MetadataToken>
              <Name>System.TimeSpan Humanizer.NumberToTimeSpanExtensions::Weeks(System.Double)</Name>
              <FileRef uid="51" />
              <SequencePoints>
                <SequencePoint vc="0" uspid="1074" ordinal="0" offset="0" sl="547" sc="13" el="547" ec="36" bec="0" bev="0" fileid="51" />
              </SequencePoints>
              <BranchPoints />
              <MethodPoint xsi:type="SequencePoint" vc="0" uspid="1074" ordinal="0" offset="0" sl="547" sc="13" el="547" ec="36" bec="0" bev="0" fileid="51" />
            </Method>
          </Methods>
        </Class>
        <Class>
          <Summary numSequencePoints="6" visitedSequencePoints="2" numBranchPoints="6" visitedBranchPoints="2" sequenceCoverage="33.33" branchCoverage="33.33" maxCyclomaticComplexity="1" minCyclomaticComplexity="1" maxCrapScore="2" minCrapScore="1" visitedClasses="1" numClasses="1" visitedMethods="2" numMethods="6" />
          <FullName>Humanizer.NumberToWordsExtension</FullName>
          <Methods>
            <Method visited="true" cyclomaticComplexity="1" nPathComplexity="0" sequenceCoverage="100" branchCoverage="100" crapScore="1" isConstructor="false" isStatic="true" isGetter="false" isSetter="false">
              <Summary numSequencePoints="1" visitedSequencePoints="1" numBranchPoints="1" visitedBranchPoints="1" sequenceCoverage="100" branchCoverage="100" maxCyclomaticComplexity="1" minCyclomaticComplexity="1" maxCrapScore="1" minCrapScore="1" visitedClasses="0" numClasses="0" visitedMethods="1" numMethods="1" />
              <MetadataToken>100663516</MetadataToken>
              <Name>System.String Humanizer.NumberToWordsExtension::ToWords(System.Int32,System.Globalization.CultureInfo)</Name>
              <FileRef uid="52" />
              <SequencePoints>
                <SequencePoint vc="1" uspid="1075" ordinal="0" offset="0" sl="19" sc="13" el="19" ec="52" bec="0" bev="0" fileid="52" />
              </SequencePoints>
              <BranchPoints />
              <MethodPoint xsi:type="SequencePoint" vc="1" uspid="1075" ordinal="0" offset="0" sl="19" sc="13" el="19" ec="52" bec="0" bev="0" fileid="52" />
            </Method>
            <Method visited="false" cyclomaticComplexity="1" nPathComplexity="0" sequenceCoverage="0" branchCoverage="0" crapScore="2" isConstructor="false" isStatic="true" isGetter="false" isSetter="false">
              <Summary numSequencePoints="1" visitedSequencePoints="0" numBranchPoints="1" visitedBranchPoints="0" sequenceCoverage="0" branchCoverage="0" maxCyclomaticComplexity="1" minCyclomaticComplexity="1" maxCrapScore="2" minCrapScore="2" visitedClasses="0" numClasses="0" visitedMethods="0" numMethods="1" />
              <MetadataToken>100663517</MetadataToken>
              <Name>System.String Humanizer.NumberToWordsExtension::ToWords(System.Int32,Humanizer.GrammaticalGender,System.Globalization.CultureInfo)</Name>
              <FileRef uid="52" />
              <SequencePoints>
                <SequencePoint vc="0" uspid="1076" ordinal="0" offset="0" sl="44" sc="13" el="44" ec="60" bec="0" bev="0" fileid="52" />
              </SequencePoints>
              <BranchPoints />
              <MethodPoint xsi:type="SequencePoint" vc="0" uspid="1076" ordinal="0" offset="0" sl="44" sc="13" el="44" ec="60" bec="0" bev="0" fileid="52" />
            </Method>
            <Method visited="true" cyclomaticComplexity="1" nPathComplexity="0" sequenceCoverage="100" branchCoverage="100" crapScore="1" isConstructor="false" isStatic="true" isGetter="false" isSetter="false">
              <Summary numSequencePoints="1" visitedSequencePoints="1" numBranchPoints="1" visitedBranchPoints="1" sequenceCoverage="100" branchCoverage="100" maxCyclomaticComplexity="1" minCyclomaticComplexity="1" maxCrapScore="1" minCrapScore="1" visitedClasses="0" numClasses="0" visitedMethods="1" numMethods="1" />
              <MetadataToken>100663518</MetadataToken>
              <Name>System.String Humanizer.NumberToWordsExtension::ToWords(System.Int64,System.Globalization.CultureInfo)</Name>
              <FileRef uid="52" />
              <SequencePoints>
                <SequencePoint vc="1" uspid="1077" ordinal="0" offset="0" sl="55" sc="13" el="55" ec="84" bec="0" bev="0" fileid="52" />
              </SequencePoints>
              <BranchPoints />
              <MethodPoint xsi:type="SequencePoint" vc="1" uspid="1077" ordinal="0" offset="0" sl="55" sc="13" el="55" ec="84" bec="0" bev="0" fileid="52" />
            </Method>
            <Method visited="false" cyclomaticComplexity="1" nPathComplexity="0" sequenceCoverage="0" branchCoverage="0" crapScore="2" isConstructor="false" isStatic="true" isGetter="false" isSetter="false">
              <Summary numSequencePoints="1" visitedSequencePoints="0" numBranchPoints="1" visitedBranchPoints="0" sequenceCoverage="0" branchCoverage="0" maxCyclomaticComplexity="1" minCyclomaticComplexity="1" maxCrapScore="2" minCrapScore="2" visitedClasses="0" numClasses="0" visitedMethods="0" numMethods="1" />
              <MetadataToken>100663519</MetadataToken>
              <Name>System.String Humanizer.NumberToWordsExtension::ToWords(System.Int64,Humanizer.GrammaticalGender,System.Globalization.CultureInfo)</Name>
              <FileRef uid="52" />
              <SequencePoints>
                <SequencePoint vc="0" uspid="1078" ordinal="0" offset="0" sl="80" sc="13" el="80" ec="92" bec="0" bev="0" fileid="52" />
              </SequencePoints>
              <BranchPoints />
              <MethodPoint xsi:type="SequencePoint" vc="0" uspid="1078" ordinal="0" offset="0" sl="80" sc="13" el="80" ec="92" bec="0" bev="0" fileid="52" />
            </Method>
            <Method visited="false" cyclomaticComplexity="1" nPathComplexity="0" sequenceCoverage="0" branchCoverage="0" crapScore="2" isConstructor="false" isStatic="true" isGetter="false" isSetter="false">
              <Summary numSequencePoints="1" visitedSequencePoints="0" numBranchPoints="1" visitedBranchPoints="0" sequenceCoverage="0" branchCoverage="0" maxCyclomaticComplexity="1" minCyclomaticComplexity="1" maxCrapScore="2" minCrapScore="2" visitedClasses="0" numClasses="0" visitedMethods="0" numMethods="1" />
              <MetadataToken>100663520</MetadataToken>
              <Name>System.String Humanizer.NumberToWordsExtension::ToOrdinalWords(System.Int32,System.Globalization.CultureInfo)</Name>
              <FileRef uid="52" />
              <SequencePoints>
                <SequencePoint vc="0" uspid="1079" ordinal="0" offset="0" sl="91" sc="13" el="91" ec="93" bec="0" bev="0" fileid="52" />
              </SequencePoints>
              <BranchPoints />
              <MethodPoint xsi:type="SequencePoint" vc="0" uspid="1079" ordinal="0" offset="0" sl="91" sc="13" el="91" ec="93" bec="0" bev="0" fileid="52" />
            </Method>
            <Method visited="false" cyclomaticComplexity="1" nPathComplexity="0" sequenceCoverage="0" branchCoverage="0" crapScore="2" isConstructor="false" isStatic="true" isGetter="false" isSetter="false">
              <Summary numSequencePoints="1" visitedSequencePoints="0" numBranchPoints="1" visitedBranchPoints="0" sequenceCoverage="0" branchCoverage="0" maxCyclomaticComplexity="1" minCyclomaticComplexity="1" maxCrapScore="2" minCrapScore="2" visitedClasses="0" numClasses="0" visitedMethods="0" numMethods="1" />
              <MetadataToken>100663521</MetadataToken>
              <Name>System.String Humanizer.NumberToWordsExtension::ToOrdinalWords(System.Int32,Humanizer.GrammaticalGender,System.Globalization.CultureInfo)</Name>
              <FileRef uid="52" />
              <SequencePoints>
                <SequencePoint vc="0" uspid="1080" ordinal="0" offset="0" sl="105" sc="13" el="105" ec="101" bec="0" bev="0" fileid="52" />
              </SequencePoints>
              <BranchPoints />
              <MethodPoint xsi:type="SequencePoint" vc="0" uspid="1080" ordinal="0" offset="0" sl="105" sc="13" el="105" ec="101" bec="0" bev="0" fileid="52" />
            </Method>
          </Methods>
        </Class>
        <Class>
          <Summary numSequencePoints="8" visitedSequencePoints="0" numBranchPoints="8" visitedBranchPoints="0" sequenceCoverage="0" branchCoverage="0" maxCyclomaticComplexity="1" minCyclomaticComplexity="1" maxCrapScore="2" minCrapScore="2" visitedClasses="0" numClasses="1" visitedMethods="0" numMethods="8" />
          <FullName>Humanizer.OrdinalizeExtensions</FullName>
          <Methods>
            <Method visited="false" cyclomaticComplexity="1" nPathComplexity="0" sequenceCoverage="0" branchCoverage="0" crapScore="2" isConstructor="false" isStatic="true" isGetter="false" isSetter="false">
              <Summary numSequencePoints="1" visitedSequencePoints="0" numBranchPoints="1" visitedBranchPoints="0" sequenceCoverage="0" branchCoverage="0" maxCyclomaticComplexity="1" minCyclomaticComplexity="1" maxCrapScore="2" minCrapScore="2" visitedClasses="0" numClasses="0" visitedMethods="0" numMethods="1" />
              <MetadataToken>100663522</MetadataToken>
              <Name>System.String Humanizer.OrdinalizeExtensions::Ordinalize(System.String)</Name>
              <FileRef uid="53" />
              <SequencePoints>
                <SequencePoint vc="0" uspid="1081" ordinal="0" offset="0" sl="18" sc="13" el="18" ec="92" bec="0" bev="0" fileid="53" />
              </SequencePoints>
              <BranchPoints />
              <MethodPoint xsi:type="SequencePoint" vc="0" uspid="1081" ordinal="0" offset="0" sl="18" sc="13" el="18" ec="92" bec="0" bev="0" fileid="53" />
            </Method>
            <Method visited="false" cyclomaticComplexity="1" nPathComplexity="0" sequenceCoverage="0" branchCoverage="0" crapScore="2" isConstructor="false" isStatic="true" isGetter="false" isSetter="false">
              <Summary numSequencePoints="1" visitedSequencePoints="0" numBranchPoints="1" visitedBranchPoints="0" sequenceCoverage="0" branchCoverage="0" maxCyclomaticComplexity="1" minCyclomaticComplexity="1" maxCrapScore="2" minCrapScore="2" visitedClasses="0" numClasses="0" visitedMethods="0" numMethods="1" />
              <MetadataToken>100663523</MetadataToken>
              <Name>System.String Humanizer.OrdinalizeExtensions::Ordinalize(System.String,System.Globalization.CultureInfo)</Name>
              <FileRef uid="53" />
              <SequencePoints>
                <SequencePoint vc="0" uspid="1082" ordinal="0" offset="0" sl="29" sc="13" el="29" ec="129" bec="0" bev="0" fileid="53" />
              </SequencePoints>
              <BranchPoints />
              <MethodPoint xsi:type="SequencePoint" vc="0" uspid="1082" ordinal="0" offset="0" sl="29" sc="13" el="29" ec="129" bec="0" bev="0" fileid="53" />
            </Method>
            <Method visited="false" cyclomaticComplexity="1" nPathComplexity="0" sequenceCoverage="0" branchCoverage="0" crapScore="2" isConstructor="false" isStatic="true" isGetter="false" isSetter="false">
              <Summary numSequencePoints="1" visitedSequencePoints="0" numBranchPoints="1" visitedBranchPoints="0" sequenceCoverage="0" branchCoverage="0" maxCyclomaticComplexity="1" minCyclomaticComplexity="1" maxCrapScore="2" minCrapScore="2" visitedClasses="0" numClasses="0" visitedMethods="0" numMethods="1" />
              <MetadataToken>100663524</MetadataToken>
              <Name>System.String Humanizer.OrdinalizeExtensions::Ordinalize(System.String,Humanizer.GrammaticalGender)</Name>
              <FileRef uid="53" />
              <SequencePoints>
                <SequencePoint vc="0" uspid="1083" ordinal="0" offset="0" sl="43" sc="13" el="43" ec="100" bec="0" bev="0" fileid="53" />
              </SequencePoints>
              <BranchPoints />
              <MethodPoint xsi:type="SequencePoint" vc="0" uspid="1083" ordinal="0" offset="0" sl="43" sc="13" el="43" ec="100" bec="0" bev="0" fileid="53" />
            </Method>
            <Method visited="false" cyclomaticComplexity="1" nPathComplexity="0" sequenceCoverage="0" branchCoverage="0" crapScore="2" isConstructor="false" isStatic="true" isGetter="false" isSetter="false">
              <Summary numSequencePoints="1" visitedSequencePoints="0" numBranchPoints="1" visitedBranchPoints="0" sequenceCoverage="0" branchCoverage="0" maxCyclomaticComplexity="1" minCyclomaticComplexity="1" maxCrapScore="2" minCrapScore="2" visitedClasses="0" numClasses="0" visitedMethods="0" numMethods="1" />
              <MetadataToken>100663525</MetadataToken>
              <Name>System.String Humanizer.OrdinalizeExtensions::Ordinalize(System.String,Humanizer.GrammaticalGender,System.Globalization.CultureInfo)</Name>
              <FileRef uid="53" />
              <SequencePoints>
                <SequencePoint vc="0" uspid="1084" ordinal="0" offset="0" sl="58" sc="13" el="58" ec="137" bec="0" bev="0" fileid="53" />
              </SequencePoints>
              <BranchPoints />
              <MethodPoint xsi:type="SequencePoint" vc="0" uspid="1084" ordinal="0" offset="0" sl="58" sc="13" el="58" ec="137" bec="0" bev="0" fileid="53" />
            </Method>
            <Method visited="false" cyclomaticComplexity="1" nPathComplexity="0" sequenceCoverage="0" branchCoverage="0" crapScore="2" isConstructor="false" isStatic="true" isGetter="false" isSetter="false">
              <Summary numSequencePoints="1" visitedSequencePoints="0" numBranchPoints="1" visitedBranchPoints="0" sequenceCoverage="0" branchCoverage="0" maxCyclomaticComplexity="1" minCyclomaticComplexity="1" maxCrapScore="2" minCrapScore="2" visitedClasses="0" numClasses="0" visitedMethods="0" numMethods="1" />
              <MetadataToken>100663526</MetadataToken>
              <Name>System.String Humanizer.OrdinalizeExtensions::Ordinalize(System.Int32)</Name>
              <FileRef uid="53" />
              <SequencePoints>
                <SequencePoint vc="0" uspid="1085" ordinal="0" offset="0" sl="68" sc="13" el="68" ec="108" bec="0" bev="0" fileid="53" />
              </SequencePoints>
              <BranchPoints />
              <MethodPoint xsi:type="SequencePoint" vc="0" uspid="1085" ordinal="0" offset="0" sl="68" sc="13" el="68" ec="108" bec="0" bev="0" fileid="53" />
            </Method>
            <Method visited="false" cyclomaticComplexity="1" nPathComplexity="0" sequenceCoverage="0" branchCoverage="0" crapScore="2" isConstructor="false" isStatic="true" isGetter="false" isSetter="false">
              <Summary numSequencePoints="1" visitedSequencePoints="0" numBranchPoints="1" visitedBranchPoints="0" sequenceCoverage="0" branchCoverage="0" maxCyclomaticComplexity="1" minCyclomaticComplexity="1" maxCrapScore="2" minCrapScore="2" visitedClasses="0" numClasses="0" visitedMethods="0" numMethods="1" />
              <MetadataToken>100663527</MetadataToken>
              <Name>System.String Humanizer.OrdinalizeExtensions::Ordinalize(System.Int32,System.Globalization.CultureInfo)</Name>
              <FileRef uid="53" />
              <SequencePoints>
                <SequencePoint vc="0" uspid="1086" ordinal="0" offset="0" sl="79" sc="13" el="79" ec="115" bec="0" bev="0" fileid="53" />
              </SequencePoints>
              <BranchPoints />
              <MethodPoint xsi:type="SequencePoint" vc="0" uspid="1086" ordinal="0" offset="0" sl="79" sc="13" el="79" ec="115" bec="0" bev="0" fileid="53" />
            </Method>
            <Method visited="false" cyclomaticComplexity="1" nPathComplexity="0" sequenceCoverage="0" branchCoverage="0" crapScore="2" isConstructor="false" isStatic="true" isGetter="false" isSetter="false">
              <Summary numSequencePoints="1" visitedSequencePoints="0" numBranchPoints="1" visitedBranchPoints="0" sequenceCoverage="0" branchCoverage="0" maxCyclomaticComplexity="1" minCyclomaticComplexity="1" maxCrapScore="2" minCrapScore="2" visitedClasses="0" numClasses="0" visitedMethods="0" numMethods="1" />
              <MetadataToken>100663528</MetadataToken>
              <Name>System.String Humanizer.OrdinalizeExtensions::Ordinalize(System.Int32,Humanizer.GrammaticalGender)</Name>
              <FileRef uid="53" />
              <SequencePoints>
                <SequencePoint vc="0" uspid="1087" ordinal="0" offset="0" sl="93" sc="13" el="93" ec="116" bec="0" bev="0" fileid="53" />
              </SequencePoints>
              <BranchPoints />
              <MethodPoint xsi:type="SequencePoint" vc="0" uspid="1087" ordinal="0" offset="0" sl="93" sc="13" el="93" ec="116" bec="0" bev="0" fileid="53" />
            </Method>
            <Method visited="false" cyclomaticComplexity="1" nPathComplexity="0" sequenceCoverage="0" branchCoverage="0" crapScore="2" isConstructor="false" isStatic="true" isGetter="false" isSetter="false">
              <Summary numSequencePoints="1" visitedSequencePoints="0" numBranchPoints="1" visitedBranchPoints="0" sequenceCoverage="0" branchCoverage="0" maxCyclomaticComplexity="1" minCyclomaticComplexity="1" maxCrapScore="2" minCrapScore="2" visitedClasses="0" numClasses="0" visitedMethods="0" numMethods="1" />
              <MetadataToken>100663529</MetadataToken>
              <Name>System.String Humanizer.OrdinalizeExtensions::Ordinalize(System.Int32,Humanizer.GrammaticalGender,System.Globalization.CultureInfo)</Name>
              <FileRef uid="53" />
              <SequencePoints>
                <SequencePoint vc="0" uspid="1088" ordinal="0" offset="0" sl="108" sc="13" el="108" ec="123" bec="0" bev="0" fileid="53" />
              </SequencePoints>
              <BranchPoints />
              <MethodPoint xsi:type="SequencePoint" vc="0" uspid="1088" ordinal="0" offset="0" sl="108" sc="13" el="108" ec="123" bec="0" bev="0" fileid="53" />
            </Method>
          </Methods>
        </Class>
        <Class>
          <Summary numSequencePoints="3" visitedSequencePoints="0" numBranchPoints="4" visitedBranchPoints="0" sequenceCoverage="0" branchCoverage="0" maxCyclomaticComplexity="3" minCyclomaticComplexity="1" maxCrapScore="12" minCrapScore="2" visitedClasses="0" numClasses="1" visitedMethods="0" numMethods="2" />
          <FullName>Humanizer.RegexOptionsUtil</FullName>
          <Methods>
            <Method visited="false" cyclomaticComplexity="1" nPathComplexity="0" sequenceCoverage="0" branchCoverage="0" crapScore="2" isConstructor="false" isStatic="true" isGetter="true" isSetter="false">
              <Summary numSequencePoints="1" visitedSequencePoints="0" numBranchPoints="1" visitedBranchPoints="0" sequenceCoverage="0" branchCoverage="0" maxCyclomaticComplexity="1" minCyclomaticComplexity="1" maxCrapScore="2" minCrapScore="2" visitedClasses="0" numClasses="0" visitedMethods="0" numMethods="1" />
              <MetadataToken>100663531</MetadataToken>
              <Name>System.Text.RegularExpressions.RegexOptions Humanizer.RegexOptionsUtil::get_Compiled()</Name>
              <FileRef uid="54" />
              <SequencePoints>
                <SequencePoint vc="0" uspid="1089" ordinal="0" offset="0" sl="13" sc="47" el="13" ec="51" bec="0" bev="0" fileid="54" />
              </SequencePoints>
              <BranchPoints />
              <MethodPoint xsi:type="SequencePoint" vc="0" uspid="1089" ordinal="0" offset="0" sl="13" sc="47" el="13" ec="51" bec="0" bev="0" fileid="54" />
            </Method>
            <Method visited="false" cyclomaticComplexity="3" nPathComplexity="2" sequenceCoverage="0" branchCoverage="0" crapScore="12" isConstructor="true" isStatic="true" isGetter="false" isSetter="false">
              <Summary numSequencePoints="2" visitedSequencePoints="0" numBranchPoints="3" visitedBranchPoints="0" sequenceCoverage="0" branchCoverage="0" maxCyclomaticComplexity="3" minCyclomaticComplexity="3" maxCrapScore="12" minCrapScore="12" visitedClasses="0" numClasses="0" visitedMethods="0" numMethods="1" />
              <MetadataToken>100663530</MetadataToken>
              <Name>System.Void Humanizer.RegexOptionsUtil::.cctor()</Name>
              <FileRef uid="54" />
              <SequencePoints>
                <SequencePoint vc="0" uspid="1090" ordinal="0" offset="0" sl="10" sc="13" el="10" ec="108" bec="2" bev="0" fileid="54" />
                <SequencePoint vc="0" uspid="1091" ordinal="1" offset="23" sl="11" sc="9" el="11" ec="10" bec="0" bev="0" fileid="54" />
              </SequencePoints>
              <BranchPoints>
                <BranchPoint vc="0" uspid="1092" ordinal="0" offset="12" sl="10" path="0" offsetend="14" fileid="54" />
                <BranchPoint vc="0" uspid="1093" ordinal="1" offset="12" sl="10" path="1" offsetend="17" fileid="54" />
              </BranchPoints>
              <MethodPoint xsi:type="SequencePoint" vc="0" uspid="1090" ordinal="0" offset="0" sl="10" sc="13" el="10" ec="108" bec="2" bev="0" fileid="54" />
            </Method>
          </Methods>
        </Class>
        <Class>
          <Summary numSequencePoints="30" visitedSequencePoints="0" numBranchPoints="22" visitedBranchPoints="0" sequenceCoverage="0" branchCoverage="0" maxCyclomaticComplexity="7" minCyclomaticComplexity="1" maxCrapScore="56" minCrapScore="2" visitedClasses="0" numClasses="1" visitedMethods="0" numMethods="4" />
          <FullName>Humanizer.RomanNumeralExtensions</FullName>
          <Methods>
            <Method visited="false" cyclomaticComplexity="7" nPathComplexity="64" sequenceCoverage="0" branchCoverage="0" crapScore="56" isConstructor="false" isStatic="true" isGetter="false" isSetter="false">
              <Summary numSequencePoints="17" visitedSequencePoints="0" numBranchPoints="13" visitedBranchPoints="0" sequenceCoverage="0" branchCoverage="0" maxCyclomaticComplexity="7" minCyclomaticComplexity="7" maxCrapScore="56" minCrapScore="56" visitedClasses="0" numClasses="0" visitedMethods="0" numMethods="1" />
              <MetadataToken>100663532</MetadataToken>
              <Name>System.Int32 Humanizer.RomanNumeralExtensions::FromRoman(System.String)</Name>
              <FileRef uid="55" />
              <SequencePoints>
                <SequencePoint vc="0" uspid="1094" ordinal="0" offset="0" sl="46" sc="13" el="46" ec="31" bec="2" bev="0" fileid="55" />
                <SequencePoint vc="0" uspid="1095" ordinal="1" offset="3" sl="48" sc="17" el="48" ec="64" bec="0" bev="0" fileid="55" />
                <SequencePoint vc="0" uspid="1096" ordinal="2" offset="14" sl="51" sc="13" el="51" ec="53" bec="0" bev="0" fileid="55" />
                <SequencePoint vc="0" uspid="1097" ordinal="3" offset="27" sl="53" sc="13" el="53" ec="39" bec="0" bev="0" fileid="55" />
                <SequencePoint vc="0" uspid="1098" ordinal="4" offset="33" sl="55" sc="13" el="55" ec="63" bec="3" bev="0" fileid="55" />
                <SequencePoint vc="0" uspid="1099" ordinal="5" offset="44" sl="57" sc="17" el="57" ec="102" bec="0" bev="0" fileid="55" />
                <SequencePoint vc="0" uspid="1100" ordinal="6" offset="60" sl="60" sc="13" el="60" ec="27" bec="0" bev="0" fileid="55" />
                <SequencePoint vc="0" uspid="1101" ordinal="7" offset="62" sl="61" sc="13" el="61" ec="28" bec="0" bev="0" fileid="55" />
                <SequencePoint vc="0" uspid="1102" ordinal="8" offset="65" sl="65" sc="17" el="65" ec="66" bec="0" bev="0" fileid="55" />
                <SequencePoint vc="0" uspid="1103" ordinal="9" offset="95" sl="67" sc="17" el="67" ec="27" bec="2" bev="0" fileid="55" />
                <SequencePoint vc="0" uspid="1104" ordinal="10" offset="99" sl="69" sc="21" el="69" ec="80" bec="0" bev="0" fileid="55" />
                <SequencePoint vc="0" uspid="1105" ordinal="11" offset="128" sl="71" sc="21" el="71" ec="47" bec="2" bev="0" fileid="55" />
                <SequencePoint vc="0" uspid="1106" ordinal="12" offset="133" sl="73" sc="25" el="73" ec="48" bec="0" bev="0" fileid="55" />
                <SequencePoint vc="0" uspid="1107" ordinal="13" offset="138" sl="74" sc="25" el="74" ec="29" bec="0" bev="0" fileid="55" />
                <SequencePoint vc="0" uspid="1108" ordinal="14" offset="142" sl="78" sc="17" el="78" ec="32" bec="0" bev="0" fileid="55" />
                <SequencePoint vc="0" uspid="1109" ordinal="15" offset="146" sl="63" sc="13" el="63" ec="26" bec="2" bev="0" fileid="55" />
                <SequencePoint vc="0" uspid="1110" ordinal="16" offset="150" sl="81" sc="13" el="81" ec="26" bec="0" bev="0" fileid="55" />
              </SequencePoints>
              <BranchPoints>
                <BranchPoint vc="0" uspid="1111" ordinal="0" offset="1" sl="46" path="0" offsetend="3" fileid="55" />
                <BranchPoint vc="0" uspid="1112" ordinal="1" offset="1" sl="46" path="1" offsetend="14" fileid="55" />
                <BranchPoint vc="0" uspid="1113" ordinal="2" offset="34" sl="55" path="0" offsetend="36" fileid="55" />
                <BranchPoint vc="0" uspid="1114" ordinal="3" offset="34" sl="55" path="1" offsetend="44" fileid="55" />
                <BranchPoint vc="0" uspid="1115" ordinal="4" offset="42" sl="55" path="0" offsetend="44" fileid="55" />
                <BranchPoint vc="0" uspid="1116" ordinal="5" offset="42" sl="55" path="1" offsetend="60" fileid="55" />
                <BranchPoint vc="0" uspid="1117" ordinal="6" offset="97" sl="67" path="0" offsetend="99" fileid="55" />
                <BranchPoint vc="0" uspid="1118" ordinal="7" offset="97" sl="67" path="1" offsetend="142" fileid="55" />
                <BranchPoint vc="0" uspid="1119" ordinal="8" offset="131" sl="71" path="0" offsetend="133" fileid="55" />
                <BranchPoint vc="0" uspid="1120" ordinal="9" offset="131" sl="71" path="1" offsetend="142" fileid="55" />
                <BranchPoint vc="0" uspid="1121" ordinal="10" offset="148" sl="63" path="0" offsetend="150" fileid="55" />
                <BranchPoint vc="0" uspid="1122" ordinal="11" offset="148" sl="63" path="1" offsetend="65" fileid="55" />
              </BranchPoints>
              <MethodPoint xsi:type="SequencePoint" vc="0" uspid="1094" ordinal="0" offset="0" sl="46" sc="13" el="46" ec="31" bec="2" bev="0" fileid="55" />
            </Method>
            <Method visited="false" cyclomaticComplexity="6" nPathComplexity="8" sequenceCoverage="0" branchCoverage="0" crapScore="42" isConstructor="false" isStatic="true" isGetter="false" isSetter="false">
              <Summary numSequencePoints="10" visitedSequencePoints="0" numBranchPoints="7" visitedBranchPoints="0" sequenceCoverage="0" branchCoverage="0" maxCyclomaticComplexity="6" minCyclomaticComplexity="6" maxCrapScore="42" minCrapScore="42" visitedClasses="0" numClasses="0" visitedMethods="0" numMethods="1" />
              <MetadataToken>100663533</MetadataToken>
              <Name>System.String Humanizer.RomanNumeralExtensions::ToRoman(System.Int32)</Name>
              <FileRef uid="55" />
              <SequencePoints>
                <SequencePoint vc="0" uspid="1123" ordinal="0" offset="0" sl="96" sc="13" el="96" ec="58" bec="3" bev="0" fileid="55" />
                <SequencePoint vc="0" uspid="1124" ordinal="1" offset="12" sl="98" sc="17" el="98" ec="57" bec="0" bev="0" fileid="55" />
                <SequencePoint vc="0" uspid="1125" ordinal="2" offset="18" sl="101" sc="13" el="101" ec="63" bec="0" bev="0" fileid="55" />
                <SequencePoint vc="0" uspid="1126" ordinal="3" offset="26" sl="103" sc="34" el="103" ec="47" bec="0" bev="0" fileid="55" />
                <SequencePoint vc="0" uspid="1127" ordinal="4" offset="39" sl="103" sc="22" el="103" ec="30" bec="0" bev="0" fileid="55" />
                <SequencePoint vc="0" uspid="1128" ordinal="5" offset="48" sl="107" sc="21" el="107" ec="41" bec="0" bev="0" fileid="55" />
                <SequencePoint vc="0" uspid="1129" ordinal="6" offset="62" sl="108" sc="21" el="108" ec="41" bec="0" bev="0" fileid="55" />
                <SequencePoint vc="0" uspid="1130" ordinal="7" offset="73" sl="105" sc="17" el="105" ec="47" bec="2" bev="0" fileid="55" />
                <SequencePoint vc="0" uspid="1131" ordinal="8" offset="85" sl="103" sc="31" el="103" ec="33" bec="0" bev="0" fileid="55" />
                <SequencePoint vc="0" uspid="1132" ordinal="9" offset="105" sl="112" sc="13" el="112" ec="34" bec="0" bev="0" fileid="55" />
              </SequencePoints>
              <BranchPoints>
                <BranchPoint vc="0" uspid="1133" ordinal="0" offset="2" sl="96" path="0" offsetend="4" fileid="55" />
                <BranchPoint vc="0" uspid="1134" ordinal="1" offset="2" sl="96" path="1" offsetend="12" fileid="55" />
                <BranchPoint vc="0" uspid="1135" ordinal="2" offset="10" sl="96" path="0" offsetend="12" fileid="55" />
                <BranchPoint vc="0" uspid="1136" ordinal="3" offset="10" sl="96" path="1" offsetend="18" fileid="55" />
                <BranchPoint vc="0" uspid="1137" ordinal="4" offset="83" sl="105" path="0" offsetend="85" fileid="55" />
                <BranchPoint vc="0" uspid="1138" ordinal="5" offset="83" sl="105" path="1" offsetend="48" fileid="55" />
              </BranchPoints>
              <MethodPoint xsi:type="SequencePoint" vc="0" uspid="1123" ordinal="0" offset="0" sl="96" sc="13" el="96" ec="58" bec="3" bev="0" fileid="55" />
            </Method>
            <Method visited="false" cyclomaticComplexity="1" nPathComplexity="0" sequenceCoverage="0" branchCoverage="0" crapScore="2" isConstructor="false" isStatic="true" isGetter="false" isSetter="false">
              <Summary numSequencePoints="1" visitedSequencePoints="0" numBranchPoints="1" visitedBranchPoints="0" sequenceCoverage="0" branchCoverage="0" maxCyclomaticComplexity="1" minCyclomaticComplexity="1" maxCrapScore="2" minCrapScore="2" visitedClasses="0" numClasses="0" visitedMethods="0" numMethods="1" />
              <MetadataToken>100663534</MetadataToken>
              <Name>System.Boolean Humanizer.RomanNumeralExtensions::IsInvalidRomanNumeral(System.String)</Name>
              <FileRef uid="55" />
              <SequencePoints>
                <SequencePoint vc="0" uspid="1141" ordinal="0" offset="0" sl="117" sc="13" el="117" ec="54" bec="0" bev="0" fileid="55" />
              </SequencePoints>
              <BranchPoints />
              <MethodPoint xsi:type="SequencePoint" vc="0" uspid="1141" ordinal="0" offset="0" sl="117" sc="13" el="117" ec="54" bec="0" bev="0" fileid="55" />
            </Method>
            <Method visited="false" cyclomaticComplexity="1" nPathComplexity="0" sequenceCoverage="0" branchCoverage="0" crapScore="2" isConstructor="true" isStatic="true" isGetter="false" isSetter="false">
              <Summary numSequencePoints="2" visitedSequencePoints="0" numBranchPoints="1" visitedBranchPoints="0" sequenceCoverage="0" branchCoverage="0" maxCyclomaticComplexity="1" minCyclomaticComplexity="1" maxCrapScore="2" minCrapScore="2" visitedClasses="0" numClasses="0" visitedMethods="0" numMethods="1" />
              <MetadataToken>100663535</MetadataToken>
              <Name>System.Void Humanizer.RomanNumeralExtensions::.cctor()</Name>
              <FileRef uid="55" />
              <SequencePoints>
                <SequencePoint vc="0" uspid="1142" ordinal="0" offset="0" sl="16" sc="9" el="32" ec="15" bec="0" bev="0" fileid="55" />
                <SequencePoint vc="0" uspid="1143" ordinal="1" offset="190" sl="34" sc="9" el="37" ec="44" bec="0" bev="0" fileid="55" />
              </SequencePoints>
              <BranchPoints />
              <MethodPoint xsi:type="SequencePoint" vc="0" uspid="1142" ordinal="0" offset="0" sl="16" sc="9" el="32" ec="15" bec="0" bev="0" fileid="55" />
            </Method>
          </Methods>
        </Class>
        <Class>
          <Summary numSequencePoints="2" visitedSequencePoints="0" numBranchPoints="3" visitedBranchPoints="0" sequenceCoverage="0" branchCoverage="0" maxCyclomaticComplexity="2" minCyclomaticComplexity="2" maxCrapScore="6" minCrapScore="6" visitedClasses="0" numClasses="1" visitedMethods="0" numMethods="1" />
          <FullName>Humanizer.StringDehumanizeExtensions</FullName>
          <Methods>
            <Method visited="false" cyclomaticComplexity="2" nPathComplexity="2" sequenceCoverage="0" branchCoverage="0" crapScore="6" isConstructor="false" isStatic="true" isGetter="false" isSetter="false">
              <Summary numSequencePoints="2" visitedSequencePoints="0" numBranchPoints="3" visitedBranchPoints="0" sequenceCoverage="0" branchCoverage="0" maxCyclomaticComplexity="2" minCyclomaticComplexity="2" maxCrapScore="6" minCrapScore="6" visitedClasses="0" numClasses="0" visitedMethods="0" numMethods="1" />
              <MetadataToken>100663536</MetadataToken>
              <Name>System.String Humanizer.StringDehumanizeExtensions::Dehumanize(System.String)</Name>
              <FileRef uid="56" />
              <SequencePoints>
                <SequencePoint vc="0" uspid="1144" ordinal="0" offset="0" sl="17" sc="13" el="17" ec="100" bec="2" bev="0" fileid="56" />
                <SequencePoint vc="0" uspid="1145" ordinal="1" offset="54" sl="18" sc="13" el="18" ec="68" bec="0" bev="0" fileid="56" />
              </SequencePoints>
              <BranchPoints>
                <BranchPoint vc="0" uspid="1146" ordinal="0" offset="23" sl="17" path="0" offsetend="25" fileid="56" />
                <BranchPoint vc="0" uspid="1147" ordinal="1" offset="23" sl="17" path="1" offsetend="48" fileid="56" />
              </BranchPoints>
              <MethodPoint xsi:type="SequencePoint" vc="0" uspid="1144" ordinal="0" offset="0" sl="17" sc="13" el="17" ec="100" bec="2" bev="0" fileid="56" />
            </Method>
          </Methods>
        </Class>
        <Class>
          <Summary numSequencePoints="1" visitedSequencePoints="0" numBranchPoints="1" visitedBranchPoints="0" sequenceCoverage="0" branchCoverage="0" maxCyclomaticComplexity="1" minCyclomaticComplexity="1" maxCrapScore="2" minCrapScore="2" visitedClasses="0" numClasses="1" visitedMethods="0" numMethods="1" />
          <FullName>Humanizer.StringDehumanizeExtensions/&lt;&gt;c</FullName>
          <Methods>
            <Method visited="false" cyclomaticComplexity="1" nPathComplexity="0" sequenceCoverage="0" branchCoverage="0" crapScore="2" isConstructor="true" isStatic="true" isGetter="false" isSetter="false">
              <Summary numSequencePoints="0" visitedSequencePoints="0" numBranchPoints="0" visitedBranchPoints="0" sequenceCoverage="0" branchCoverage="0" maxCyclomaticComplexity="1" minCyclomaticComplexity="1" maxCrapScore="2" minCrapScore="2" visitedClasses="0" numClasses="0" visitedMethods="0" numMethods="0" />
              <MetadataToken>100664642</MetadataToken>
              <Name>System.Void Humanizer.StringDehumanizeExtensions/&lt;&gt;c::.cctor()</Name>
              <SequencePoints />
              <BranchPoints />
              <MethodPoint vc="0" uspid="1148" ordinal="0" offset="0" />
            </Method>
            <Method visited="false" cyclomaticComplexity="1" nPathComplexity="0" sequenceCoverage="0" branchCoverage="0" crapScore="2" isConstructor="true" isStatic="false" isGetter="false" isSetter="false">
              <Summary numSequencePoints="0" visitedSequencePoints="0" numBranchPoints="0" visitedBranchPoints="0" sequenceCoverage="0" branchCoverage="0" maxCyclomaticComplexity="1" minCyclomaticComplexity="1" maxCrapScore="2" minCrapScore="2" visitedClasses="0" numClasses="0" visitedMethods="0" numMethods="0" />
              <MetadataToken>100664643</MetadataToken>
              <Name>System.Void Humanizer.StringDehumanizeExtensions/&lt;&gt;c::.ctor()</Name>
              <SequencePoints />
              <BranchPoints />
              <MethodPoint vc="0" uspid="1149" ordinal="0" offset="0" />
            </Method>
            <Method visited="false" cyclomaticComplexity="1" nPathComplexity="0" sequenceCoverage="0" branchCoverage="0" crapScore="2" isConstructor="false" isStatic="false" isGetter="false" isSetter="false">
              <Summary numSequencePoints="1" visitedSequencePoints="0" numBranchPoints="1" visitedBranchPoints="0" sequenceCoverage="0" branchCoverage="0" maxCyclomaticComplexity="1" minCyclomaticComplexity="1" maxCrapScore="2" minCrapScore="2" visitedClasses="0" numClasses="0" visitedMethods="0" numMethods="1" />
              <MetadataToken>100664644</MetadataToken>
              <Name>System.String Humanizer.StringDehumanizeExtensions/&lt;&gt;c::&lt;Dehumanize&gt;b__0_0(System.String)</Name>
              <FileRef uid="56" />
              <SequencePoints>
                <SequencePoint vc="0" uspid="1150" ordinal="0" offset="0" sl="17" sc="65" el="17" ec="98" bec="0" bev="0" fileid="56" />
              </SequencePoints>
              <BranchPoints />
              <MethodPoint xsi:type="SequencePoint" vc="0" uspid="1150" ordinal="0" offset="0" sl="17" sc="65" el="17" ec="98" bec="0" bev="0" fileid="56" />
            </Method>
          </Methods>
        </Class>
        <Class>
          <Summary numSequencePoints="2" visitedSequencePoints="0" numBranchPoints="2" visitedBranchPoints="0" sequenceCoverage="0" branchCoverage="0" maxCyclomaticComplexity="1" minCyclomaticComplexity="1" maxCrapScore="2" minCrapScore="2" visitedClasses="0" numClasses="1" visitedMethods="0" numMethods="2" />
          <FullName>Humanizer.StringExtensions</FullName>
          <Methods>
            <Method visited="false" cyclomaticComplexity="1" nPathComplexity="0" sequenceCoverage="0" branchCoverage="0" crapScore="2" isConstructor="false" isStatic="true" isGetter="false" isSetter="false">
              <Summary numSequencePoints="1" visitedSequencePoints="0" numBranchPoints="1" visitedBranchPoints="0" sequenceCoverage="0" branchCoverage="0" maxCyclomaticComplexity="1" minCyclomaticComplexity="1" maxCrapScore="2" minCrapScore="2" visitedClasses="0" numClasses="0" visitedMethods="0" numMethods="1" />
              <MetadataToken>100663537</MetadataToken>
              <Name>System.String Humanizer.StringExtensions::FormatWith(System.String,System.Object[])</Name>
              <FileRef uid="58" />
              <SequencePoints>
                <SequencePoint vc="0" uspid="1151" ordinal="0" offset="0" sl="18" sc="13" el="18" ec="48" bec="0" bev="0" fileid="58" />
              </SequencePoints>
              <BranchPoints />
              <MethodPoint xsi:type="SequencePoint" vc="0" uspid="1151" ordinal="0" offset="0" sl="18" sc="13" el="18" ec="48" bec="0" bev="0" fileid="58" />
            </Method>
            <Method visited="false" cyclomaticComplexity="1" nPathComplexity="0" sequenceCoverage="0" branchCoverage="0" crapScore="2" isConstructor="false" isStatic="true" isGetter="false" isSetter="false">
              <Summary numSequencePoints="1" visitedSequencePoints="0" numBranchPoints="1" visitedBranchPoints="0" sequenceCoverage="0" branchCoverage="0" maxCyclomaticComplexity="1" minCyclomaticComplexity="1" maxCrapScore="2" minCrapScore="2" visitedClasses="0" numClasses="0" visitedMethods="0" numMethods="1" />
              <MetadataToken>100663538</MetadataToken>
              <Name>System.String Humanizer.StringExtensions::FormatWith(System.String,System.IFormatProvider,System.Object[])</Name>
              <FileRef uid="58" />
              <SequencePoints>
                <SequencePoint vc="0" uspid="1152" ordinal="0" offset="0" sl="30" sc="13" el="30" ec="58" bec="0" bev="0" fileid="58" />
              </SequencePoints>
              <BranchPoints />
              <MethodPoint xsi:type="SequencePoint" vc="0" uspid="1152" ordinal="0" offset="0" sl="30" sc="13" el="30" ec="58" bec="0" bev="0" fileid="58" />
            </Method>
          </Methods>
        </Class>
        <Class>
          <Summary numSequencePoints="14" visitedSequencePoints="0" numBranchPoints="15" visitedBranchPoints="0" sequenceCoverage="0" branchCoverage="0" maxCyclomaticComplexity="5" minCyclomaticComplexity="1" maxCrapScore="30" minCrapScore="2" visitedClasses="0" numClasses="1" visitedMethods="0" numMethods="5" />
          <FullName>Humanizer.StringHumanizeExtensions</FullName>
          <Methods>
            <Method visited="false" cyclomaticComplexity="1" nPathComplexity="0" sequenceCoverage="0" branchCoverage="0" crapScore="2" isConstructor="true" isStatic="true" isGetter="false" isSetter="false">
              <Summary numSequencePoints="3" visitedSequencePoints="0" numBranchPoints="1" visitedBranchPoints="0" sequenceCoverage="0" branchCoverage="0" maxCyclomaticComplexity="1" minCyclomaticComplexity="1" maxCrapScore="2" minCrapScore="2" visitedClasses="0" numClasses="0" visitedMethods="0" numMethods="1" />
              <MetadataToken>100663539</MetadataToken>
              <Name>System.Void Humanizer.StringHumanizeExtensions::.cctor()</Name>
              <FileRef uid="59" />
              <SequencePoints>
                <SequencePoint vc="0" uspid="1153" ordinal="0" offset="0" sl="16" sc="13" el="17" ec="114" bec="0" bev="0" fileid="59" />
                <SequencePoint vc="0" uspid="1154" ordinal="1" offset="23" sl="18" sc="13" el="18" ec="99" bec="0" bev="0" fileid="59" />
                <SequencePoint vc="0" uspid="1155" ordinal="2" offset="43" sl="19" sc="9" el="19" ec="10" bec="0" bev="0" fileid="59" />
              </SequencePoints>
              <BranchPoints />
              <MethodPoint xsi:type="SequencePoint" vc="0" uspid="1153" ordinal="0" offset="0" sl="16" sc="13" el="17" ec="114" bec="0" bev="0" fileid="59" />
            </Method>
            <Method visited="false" cyclomaticComplexity="1" nPathComplexity="0" sequenceCoverage="0" branchCoverage="0" crapScore="2" isConstructor="false" isStatic="true" isGetter="false" isSetter="false">
              <Summary numSequencePoints="1" visitedSequencePoints="0" numBranchPoints="1" visitedBranchPoints="0" sequenceCoverage="0" branchCoverage="0" maxCyclomaticComplexity="1" minCyclomaticComplexity="1" maxCrapScore="2" minCrapScore="2" visitedClasses="0" numClasses="0" visitedMethods="0" numMethods="1" />
              <MetadataToken>100663540</MetadataToken>
              <Name>System.String Humanizer.StringHumanizeExtensions::FromUnderscoreDashSeparatedWords(System.String)</Name>
              <FileRef uid="59" />
              <SequencePoints>
                <SequencePoint vc="0" uspid="1156" ordinal="0" offset="0" sl="23" sc="13" el="23" ec="70" bec="0" bev="0" fileid="59" />
              </SequencePoints>
              <BranchPoints />
              <MethodPoint xsi:type="SequencePoint" vc="0" uspid="1156" ordinal="0" offset="0" sl="23" sc="13" el="23" ec="70" bec="0" bev="0" fileid="59" />
            </Method>
            <Method visited="false" cyclomaticComplexity="2" nPathComplexity="2" sequenceCoverage="0" branchCoverage="0" crapScore="6" isConstructor="false" isStatic="true" isGetter="false" isSetter="false">
              <Summary numSequencePoints="2" visitedSequencePoints="0" numBranchPoints="3" visitedBranchPoints="0" sequenceCoverage="0" branchCoverage="0" maxCyclomaticComplexity="2" minCyclomaticComplexity="2" maxCrapScore="6" minCrapScore="6" visitedClasses="0" numClasses="0" visitedMethods="0" numMethods="1" />
              <MetadataToken>100663541</MetadataToken>
              <Name>System.String Humanizer.StringHumanizeExtensions::FromPascalCase(System.String)</Name>
              <FileRef uid="59" />
              <SequencePoints>
                <SequencePoint vc="0" uspid="1157" ordinal="0" offset="13" sl="28" sc="13" el="33" ec="47" bec="0" bev="0" fileid="59" />
                <SequencePoint vc="0" uspid="1158" ordinal="1" offset="62" sl="35" sc="13" el="36" ec="65" bec="2" bev="0" fileid="59" />
              </SequencePoints>
              <BranchPoints>
                <BranchPoint vc="0" uspid="1159" ordinal="0" offset="69" sl="35" path="0" offsetend="71" fileid="59" />
                <BranchPoint vc="0" uspid="1160" ordinal="1" offset="69" sl="35" path="1" offsetend="73" fileid="59" />
              </BranchPoints>
              <MethodPoint vc="0" uspid="1161" ordinal="0" offset="0" />
            </Method>
            <Method visited="false" cyclomaticComplexity="5" nPathComplexity="16" sequenceCoverage="0" branchCoverage="0" crapScore="30" isConstructor="false" isStatic="true" isGetter="false" isSetter="false">
              <Summary numSequencePoints="7" visitedSequencePoints="0" numBranchPoints="9" visitedBranchPoints="0" sequenceCoverage="0" branchCoverage="0" maxCyclomaticComplexity="5" minCyclomaticComplexity="5" maxCrapScore="30" minCrapScore="30" visitedClasses="0" numClasses="0" visitedMethods="0" numMethods="1" />
              <MetadataToken>100663542</MetadataToken>
              <Name>System.String Humanizer.StringHumanizeExtensions::Humanize(System.String)</Name>
              <FileRef uid="59" />
              <SequencePoints>
                <SequencePoint vc="0" uspid="1162" ordinal="0" offset="0" sl="47" sc="13" el="47" ec="55" bec="2" bev="0" fileid="59" />
                <SequencePoint vc="0" uspid="1163" ordinal="1" offset="25" sl="49" sc="17" el="49" ec="30" bec="0" bev="0" fileid="59" />
                <SequencePoint vc="0" uspid="1164" ordinal="2" offset="27" sl="54" sc="13" el="54" ec="61" bec="2" bev="0" fileid="59" />
                <SequencePoint vc="0" uspid="1165" ordinal="3" offset="40" sl="56" sc="17" el="56" ec="80" bec="0" bev="0" fileid="59" />
                <SequencePoint vc="0" uspid="1166" ordinal="4" offset="52" sl="59" sc="13" el="59" ec="60" bec="3" bev="0" fileid="59" />
                <SequencePoint vc="0" uspid="1167" ordinal="5" offset="78" sl="61" sc="17" el="61" ec="64" bec="0" bev="0" fileid="59" />
                <SequencePoint vc="0" uspid="1168" ordinal="6" offset="85" sl="64" sc="13" el="64" ec="42" bec="0" bev="0" fileid="59" />
              </SequencePoints>
              <BranchPoints>
                <BranchPoint vc="0" uspid="1169" ordinal="0" offset="23" sl="47" path="0" offsetend="25" fileid="59" />
                <BranchPoint vc="0" uspid="1170" ordinal="1" offset="23" sl="47" path="1" offsetend="27" fileid="59" />
                <BranchPoint vc="0" uspid="1171" ordinal="2" offset="38" sl="54" path="0" offsetend="40" fileid="59" />
                <BranchPoint vc="0" uspid="1172" ordinal="3" offset="38" sl="54" path="1" offsetend="52" fileid="59" />
                <BranchPoint vc="0" uspid="1173" ordinal="4" offset="63" sl="59" path="0" offsetend="65" fileid="59" />
                <BranchPoint vc="0" uspid="1174" ordinal="5" offset="63" sl="59" path="1" offsetend="78" fileid="59" />
                <BranchPoint vc="0" uspid="1175" ordinal="6" offset="76" sl="59" path="0" offsetend="78" fileid="59" />
                <BranchPoint vc="0" uspid="1176" ordinal="7" offset="76" sl="59" path="1" offsetend="85" fileid="59" />
              </BranchPoints>
              <MethodPoint xsi:type="SequencePoint" vc="0" uspid="1162" ordinal="0" offset="0" sl="47" sc="13" el="47" ec="55" bec="2" bev="0" fileid="59" />
            </Method>
            <Method visited="false" cyclomaticComplexity="1" nPathComplexity="0" sequenceCoverage="0" branchCoverage="0" crapScore="2" isConstructor="false" isStatic="true" isGetter="false" isSetter="false">
              <Summary numSequencePoints="1" visitedSequencePoints="0" numBranchPoints="1" visitedBranchPoints="0" sequenceCoverage="0" branchCoverage="0" maxCyclomaticComplexity="1" minCyclomaticComplexity="1" maxCrapScore="2" minCrapScore="2" visitedClasses="0" numClasses="0" visitedMethods="0" numMethods="1" />
              <MetadataToken>100663543</MetadataToken>
              <Name>System.String Humanizer.StringHumanizeExtensions::Humanize(System.String,Humanizer.LetterCasing)</Name>
              <FileRef uid="59" />
              <SequencePoints>
                <SequencePoint vc="0" uspid="1177" ordinal="0" offset="0" sl="75" sc="13" el="75" ec="55" bec="0" bev="0" fileid="59" />
              </SequencePoints>
              <BranchPoints />
              <MethodPoint xsi:type="SequencePoint" vc="0" uspid="1177" ordinal="0" offset="0" sl="75" sc="13" el="75" ec="55" bec="0" bev="0" fileid="59" />
            </Method>
          </Methods>
        </Class>
        <Class>
          <Summary numSequencePoints="1" visitedSequencePoints="0" numBranchPoints="11" visitedBranchPoints="0" sequenceCoverage="0" branchCoverage="0" maxCyclomaticComplexity="6" minCyclomaticComplexity="1" maxCrapScore="42" minCrapScore="2" visitedClasses="0" numClasses="1" visitedMethods="0" numMethods="1" />
          <FullName>Humanizer.StringHumanizeExtensions/&lt;&gt;c__DisplayClass4_0</FullName>
          <Methods>
            <Method visited="false" cyclomaticComplexity="1" nPathComplexity="0" sequenceCoverage="0" branchCoverage="0" crapScore="2" isConstructor="true" isStatic="false" isGetter="false" isSetter="false">
              <Summary numSequencePoints="0" visitedSequencePoints="0" numBranchPoints="0" visitedBranchPoints="0" sequenceCoverage="0" branchCoverage="0" maxCyclomaticComplexity="1" minCyclomaticComplexity="1" maxCrapScore="2" minCrapScore="2" visitedClasses="0" numClasses="0" visitedMethods="0" numMethods="0" />
              <MetadataToken>100664645</MetadataToken>
              <Name>System.Void Humanizer.StringHumanizeExtensions/&lt;&gt;c__DisplayClass4_0::.ctor()</Name>
              <SequencePoints />
              <BranchPoints />
              <MethodPoint vc="0" uspid="1178" ordinal="0" offset="0" />
            </Method>
            <Method visited="false" cyclomaticComplexity="6" nPathComplexity="32" sequenceCoverage="0" branchCoverage="0" crapScore="42" isConstructor="false" isStatic="false" isGetter="false" isSetter="false">
              <Summary numSequencePoints="1" visitedSequencePoints="0" numBranchPoints="11" visitedBranchPoints="0" sequenceCoverage="0" branchCoverage="0" maxCyclomaticComplexity="6" minCyclomaticComplexity="6" maxCrapScore="42" minCrapScore="42" visitedClasses="0" numClasses="0" visitedMethods="0" numMethods="1" />
              <MetadataToken>100664646</MetadataToken>
              <Name>System.String Humanizer.StringHumanizeExtensions/&lt;&gt;c__DisplayClass4_0::&lt;FromPascalCase&gt;b__0(System.Text.RegularExpressions.Match)</Name>
              <FileRef uid="59" />
              <SequencePoints>
                <SequencePoint vc="0" uspid="1179" ordinal="0" offset="0" sl="30" sc="34" el="33" ec="44" bec="6" bev="0" fileid="59" />
              </SequencePoints>
              <BranchPoints>
                <BranchPoint vc="0" uspid="1180" ordinal="0" offset="28" sl="30" path="0" offsetend="30" fileid="59" />
                <BranchPoint vc="0" uspid="1181" ordinal="1" offset="28" sl="30" path="1" offsetend="94" fileid="59" />
                <BranchPoint vc="0" uspid="1182" ordinal="2" offset="42" sl="30" path="0" offsetend="44" fileid="59" />
                <BranchPoint vc="0" uspid="1183" ordinal="3" offset="42" sl="30" path="1" offsetend="106" fileid="59" />
                <BranchPoint vc="0" uspid="1184" ordinal="4" offset="51" sl="30" path="0" offsetend="53" fileid="59" />
                <BranchPoint vc="0" uspid="1185" ordinal="5" offset="51" sl="30" path="1" offsetend="76" fileid="59" />
                <BranchPoint vc="0" uspid="1186" ordinal="6" offset="74" sl="30" path="0" offsetend="76" fileid="59" />
                <BranchPoint vc="0" uspid="1187" ordinal="7" offset="74" sl="30" path="1" offsetend="106" fileid="59" />
                <BranchPoint vc="0" uspid="1188" ordinal="8" offset="92" sl="30" path="0" offsetend="94" fileid="59" />
                <BranchPoint vc="0" uspid="1189" ordinal="9" offset="92" sl="30" path="1" offsetend="106" fileid="59" />
              </BranchPoints>
              <MethodPoint xsi:type="SequencePoint" vc="0" uspid="1179" ordinal="0" offset="0" sl="30" sc="34" el="33" ec="44" bec="6" bev="0" fileid="59" />
            </Method>
          </Methods>
        </Class>
        <Class>
          <Summary numSequencePoints="67" visitedSequencePoints="0" numBranchPoints="52" visitedBranchPoints="0" sequenceCoverage="0" branchCoverage="0" maxCyclomaticComplexity="10" minCyclomaticComplexity="1" maxCrapScore="110" minCrapScore="2" visitedClasses="0" numClasses="1" visitedMethods="0" numMethods="16" />
          <FullName>Humanizer.TimeSpanHumanizeExtensions</FullName>
          <Methods>
            <Method visited="false" cyclomaticComplexity="1" nPathComplexity="0" sequenceCoverage="0" branchCoverage="0" crapScore="2" isConstructor="false" isStatic="true" isGetter="false" isSetter="false">
              <Summary numSequencePoints="1" visitedSequencePoints="0" numBranchPoints="1" visitedBranchPoints="0" sequenceCoverage="0" branchCoverage="0" maxCyclomaticComplexity="1" minCyclomaticComplexity="1" maxCrapScore="2" minCrapScore="2" visitedClasses="0" numClasses="0" visitedMethods="0" numMethods="1" />
              <MetadataToken>100663544</MetadataToken>
              <Name>System.String Humanizer.TimeSpanHumanizeExtensions::Humanize(System.TimeSpan,System.Int32,System.Globalization.CultureInfo,Humanizer.Localisation.TimeUnit,Humanizer.Localisation.TimeUnit,System.String,System.Boolean)</Name>
              <FileRef uid="61" />
              <SequencePoints>
                <SequencePoint vc="0" uspid="1190" ordinal="0" offset="0" sl="33" sc="13" el="33" ec="114" bec="0" bev="0" fileid="61" />
              </SequencePoints>
              <BranchPoints />
              <MethodPoint xsi:type="SequencePoint" vc="0" uspid="1190" ordinal="0" offset="0" sl="33" sc="13" el="33" ec="114" bec="0" bev="0" fileid="61" />
            </Method>
            <Method visited="false" cyclomaticComplexity="1" nPathComplexity="0" sequenceCoverage="0" branchCoverage="0" crapScore="2" isConstructor="false" isStatic="true" isGetter="false" isSetter="false">
              <Summary numSequencePoints="3" visitedSequencePoints="0" numBranchPoints="1" visitedBranchPoints="0" sequenceCoverage="0" branchCoverage="0" maxCyclomaticComplexity="1" minCyclomaticComplexity="1" maxCrapScore="2" minCrapScore="2" visitedClasses="0" numClasses="0" visitedMethods="0" numMethods="1" />
              <MetadataToken>100663545</MetadataToken>
              <Name>System.String Humanizer.TimeSpanHumanizeExtensions::Humanize(System.TimeSpan,System.Int32,System.Boolean,System.Globalization.CultureInfo,Humanizer.Localisation.TimeUnit,Humanizer.Localisation.TimeUnit,System.String,System.Boolean)</Name>
              <FileRef uid="61" />
              <SequencePoints>
                <SequencePoint vc="0" uspid="1191" ordinal="0" offset="0" sl="50" sc="13" el="50" ec="117" bec="0" bev="0" fileid="61" />
                <SequencePoint vc="0" uspid="1192" ordinal="1" offset="13" sl="51" sc="13" el="51" ec="87" bec="0" bev="0" fileid="61" />
                <SequencePoint vc="0" uspid="1193" ordinal="2" offset="20" sl="53" sc="13" el="53" ec="86" bec="0" bev="0" fileid="61" />
              </SequencePoints>
              <BranchPoints />
              <MethodPoint xsi:type="SequencePoint" vc="0" uspid="1191" ordinal="0" offset="0" sl="50" sc="13" el="50" ec="117" bec="0" bev="0" fileid="61" />
            </Method>
            <Method visited="false" cyclomaticComplexity="6" nPathComplexity="8" sequenceCoverage="0" branchCoverage="0" crapScore="42" isConstructor="false" isStatic="true" isGetter="false" isSetter="false">
              <Summary numSequencePoints="15" visitedSequencePoints="0" numBranchPoints="7" visitedBranchPoints="0" sequenceCoverage="0" branchCoverage="0" maxCyclomaticComplexity="6" minCyclomaticComplexity="6" maxCrapScore="42" minCrapScore="42" visitedClasses="0" numClasses="0" visitedMethods="0" numMethods="1" />
              <MetadataToken>100663546</MetadataToken>
              <Name>System.Collections.Generic.IEnumerable`1&lt;System.String&gt; Humanizer.TimeSpanHumanizeExtensions::CreateTheTimePartsWithUpperAndLowerLimits(System.TimeSpan,System.Globalization.CultureInfo,Humanizer.Localisation.TimeUnit,Humanizer.Localisation.TimeUnit,System.Boolean)</Name>
              <FileRef uid="61" />
              <SequencePoints>
                <SequencePoint vc="0" uspid="1194" ordinal="0" offset="0" sl="58" sc="13" el="58" ec="71" bec="0" bev="0" fileid="61" />
                <SequencePoint vc="0" uspid="1195" ordinal="1" offset="7" sl="59" sc="13" el="59" ec="41" bec="0" bev="0" fileid="61" />
                <SequencePoint vc="0" uspid="1196" ordinal="2" offset="9" sl="60" sc="13" el="60" ec="64" bec="0" bev="0" fileid="61" />
                <SequencePoint vc="0" uspid="1197" ordinal="3" offset="14" sl="61" sc="13" el="61" ec="48" bec="0" bev="0" fileid="61" />
                <SequencePoint vc="0" uspid="1198" ordinal="4" offset="20" sl="63" sc="42" el="63" ec="60" bec="0" bev="0" fileid="61" />
                <SequencePoint vc="0" uspid="1199" ordinal="5" offset="28" sl="63" sc="22" el="63" ec="38" bec="0" bev="0" fileid="61" />
                <SequencePoint vc="0" uspid="1200" ordinal="6" offset="34" sl="65" sc="17" el="65" ec="126" bec="0" bev="0" fileid="61" />
                <SequencePoint vc="0" uspid="1201" ordinal="7" offset="48" sl="67" sc="17" el="67" ec="57" bec="2" bev="0" fileid="61" />
                <SequencePoint vc="0" uspid="1202" ordinal="8" offset="57" sl="69" sc="21" el="69" ec="44" bec="0" bev="0" fileid="61" />
                <SequencePoint vc="0" uspid="1203" ordinal="9" offset="59" sl="70" sc="21" el="70" ec="45" bec="0" bev="0" fileid="61" />
                <SequencePoint vc="0" uspid="1204" ordinal="10" offset="67" sl="63" sc="39" el="63" ec="41" bec="0" bev="0" fileid="61" />
                <SequencePoint vc="0" uspid="1205" ordinal="11" offset="87" sl="73" sc="13" el="73" ec="54" bec="2" bev="0" fileid="61" />
                <SequencePoint vc="0" uspid="1206" ordinal="12" offset="95" sl="75" sc="17" el="76" ec="78" bec="2" bev="0" fileid="61" />
                <SequencePoint vc="0" uspid="1207" ordinal="13" offset="117" sl="77" sc="17" el="77" ec="89" bec="0" bev="0" fileid="61" />
                <SequencePoint vc="0" uspid="1208" ordinal="14" offset="123" sl="79" sc="13" el="79" ec="30" bec="0" bev="0" fileid="61" />
              </SequencePoints>
              <BranchPoints>
                <BranchPoint vc="0" uspid="1209" ordinal="0" offset="55" sl="67" path="0" offsetend="57" fileid="61" />
                <BranchPoint vc="0" uspid="1210" ordinal="1" offset="55" sl="67" path="1" offsetend="67" fileid="61" />
                <BranchPoint vc="0" uspid="1213" ordinal="4" offset="93" sl="73" path="0" offsetend="95" fileid="61" />
                <BranchPoint vc="0" uspid="1214" ordinal="5" offset="93" sl="73" path="1" offsetend="123" fileid="61" />
                <BranchPoint vc="0" uspid="1215" ordinal="6" offset="97" sl="75" path="0" offsetend="99" fileid="61" />
                <BranchPoint vc="0" uspid="1216" ordinal="7" offset="97" sl="75" path="1" offsetend="111" fileid="61" />
              </BranchPoints>
              <MethodPoint xsi:type="SequencePoint" vc="0" uspid="1194" ordinal="0" offset="0" sl="58" sc="13" el="58" ec="71" bec="0" bev="0" fileid="61" />
            </Method>
            <Method visited="false" cyclomaticComplexity="1" nPathComplexity="0" sequenceCoverage="0" branchCoverage="0" crapScore="2" isConstructor="false" isStatic="true" isGetter="false" isSetter="false">
              <Summary numSequencePoints="2" visitedSequencePoints="0" numBranchPoints="1" visitedBranchPoints="0" sequenceCoverage="0" branchCoverage="0" maxCyclomaticComplexity="1" minCyclomaticComplexity="1" maxCrapScore="2" minCrapScore="2" visitedClasses="0" numClasses="0" visitedMethods="0" numMethods="1" />
              <MetadataToken>100663547</MetadataToken>
              <Name>System.Collections.Generic.IEnumerable`1&lt;Humanizer.Localisation.TimeUnit&gt; Humanizer.TimeSpanHumanizeExtensions::GetEnumTypesForTimeUnit()</Name>
              <FileRef uid="61" />
              <SequencePoints>
                <SequencePoint vc="0" uspid="1217" ordinal="0" offset="0" sl="84" sc="13" el="84" ec="94" bec="0" bev="0" fileid="61" />
                <SequencePoint vc="0" uspid="1218" ordinal="1" offset="20" sl="85" sc="13" el="85" ec="49" bec="0" bev="0" fileid="61" />
              </SequencePoints>
              <BranchPoints />
              <MethodPoint xsi:type="SequencePoint" vc="0" uspid="1217" ordinal="0" offset="0" sl="84" sc="13" el="84" ec="94" bec="0" bev="0" fileid="61" />
            </Method>
            <Method visited="false" cyclomaticComplexity="3" nPathComplexity="4" sequenceCoverage="0" branchCoverage="0" crapScore="12" isConstructor="false" isStatic="true" isGetter="false" isSetter="false">
              <Summary numSequencePoints="5" visitedSequencePoints="0" numBranchPoints="5" visitedBranchPoints="0" sequenceCoverage="0" branchCoverage="0" maxCyclomaticComplexity="3" minCyclomaticComplexity="3" maxCrapScore="12" minCrapScore="12" visitedClasses="0" numClasses="0" visitedMethods="0" numMethods="1" />
              <MetadataToken>100663548</MetadataToken>
              <Name>System.String Humanizer.TimeSpanHumanizeExtensions::GetTimeUnitPart(Humanizer.Localisation.TimeUnit,System.TimeSpan,System.Globalization.CultureInfo,Humanizer.Localisation.TimeUnit,Humanizer.Localisation.TimeUnit,Humanizer.Localisation.Formatters.IFormatter,System.Boolean)</Name>
              <FileRef uid="61" />
              <SequencePoints>
                <SequencePoint vc="0" uspid="1219" ordinal="0" offset="0" sl="90" sc="13" el="90" ec="86" bec="3" bev="0" fileid="61" />
                <SequencePoint vc="0" uspid="1220" ordinal="1" offset="9" sl="92" sc="17" el="92" ec="92" bec="0" bev="0" fileid="61" />
                <SequencePoint vc="0" uspid="1221" ordinal="2" offset="14" sl="93" sc="17" el="93" ec="127" bec="0" bev="0" fileid="61" />
                <SequencePoint vc="0" uspid="1222" ordinal="3" offset="23" sl="94" sc="17" el="94" ec="105" bec="0" bev="0" fileid="61" />
                <SequencePoint vc="0" uspid="1223" ordinal="4" offset="35" sl="96" sc="13" el="96" ec="25" bec="0" bev="0" fileid="61" />
              </SequencePoints>
              <BranchPoints>
                <BranchPoint vc="0" uspid="1224" ordinal="0" offset="2" sl="90" path="0" offsetend="4" fileid="61" />
                <BranchPoint vc="0" uspid="1225" ordinal="1" offset="2" sl="90" path="1" offsetend="35" fileid="61" />
                <BranchPoint vc="0" uspid="1226" ordinal="2" offset="7" sl="90" path="0" offsetend="9" fileid="61" />
                <BranchPoint vc="0" uspid="1227" ordinal="3" offset="7" sl="90" path="1" offsetend="35" fileid="61" />
              </BranchPoints>
              <MethodPoint xsi:type="SequencePoint" vc="0" uspid="1219" ordinal="0" offset="0" sl="90" sc="13" el="90" ec="86" bec="3" bev="0" fileid="61" />
            </Method>
            <Method visited="false" cyclomaticComplexity="10" nPathComplexity="0" sequenceCoverage="0" branchCoverage="0" crapScore="110" isConstructor="false" isStatic="true" isGetter="false" isSetter="false">
              <Summary numSequencePoints="9" visitedSequencePoints="0" numBranchPoints="1" visitedBranchPoints="0" sequenceCoverage="0" branchCoverage="0" maxCyclomaticComplexity="10" minCyclomaticComplexity="10" maxCrapScore="110" minCrapScore="110" visitedClasses="0" numClasses="0" visitedMethods="0" numMethods="1" />
              <MetadataToken>100663549</MetadataToken>
              <Name>System.Int32 Humanizer.TimeSpanHumanizeExtensions::GetTimeUnitNumericalValue(Humanizer.Localisation.TimeUnit,System.TimeSpan,System.Boolean)</Name>
              <FileRef uid="61" />
              <SequencePoints>
                <SequencePoint vc="0" uspid="1228" ordinal="0" offset="40" sl="104" sc="21" el="104" ec="141" bec="0" bev="0" fileid="61" />
                <SequencePoint vc="0" uspid="1229" ordinal="1" offset="61" sl="106" sc="21" el="106" ec="131" bec="0" bev="0" fileid="61" />
                <SequencePoint vc="0" uspid="1230" ordinal="2" offset="82" sl="108" sc="21" el="108" ec="131" bec="0" bev="0" fileid="61" />
                <SequencePoint vc="0" uspid="1231" ordinal="3" offset="103" sl="110" sc="21" el="110" ec="127" bec="0" bev="0" fileid="61" />
                <SequencePoint vc="0" uspid="1232" ordinal="4" offset="124" sl="112" sc="21" el="112" ec="101" bec="0" bev="0" fileid="61" />
                <SequencePoint vc="0" uspid="1233" ordinal="5" offset="132" sl="114" sc="21" el="114" ec="102" bec="0" bev="0" fileid="61" />
                <SequencePoint vc="0" uspid="1234" ordinal="6" offset="140" sl="116" sc="21" el="116" ec="102" bec="0" bev="0" fileid="61" />
                <SequencePoint vc="0" uspid="1235" ordinal="7" offset="148" sl="118" sc="21" el="118" ec="66" bec="0" bev="0" fileid="61" />
                <SequencePoint vc="0" uspid="1236" ordinal="8" offset="155" sl="120" sc="21" el="120" ec="30" bec="0" bev="0" fileid="61" />
              </SequencePoints>
              <BranchPoints />
              <MethodPoint vc="0" uspid="1246" ordinal="0" offset="0" />
            </Method>
            <Method visited="false" cyclomaticComplexity="2" nPathComplexity="2" sequenceCoverage="0" branchCoverage="0" crapScore="6" isConstructor="false" isStatic="true" isGetter="false" isSetter="false">
              <Summary numSequencePoints="4" visitedSequencePoints="0" numBranchPoints="3" visitedBranchPoints="0" sequenceCoverage="0" branchCoverage="0" maxCyclomaticComplexity="2" minCyclomaticComplexity="2" maxCrapScore="6" minCrapScore="6" visitedClasses="0" numClasses="0" visitedMethods="0" numMethods="1" />
              <MetadataToken>100663550</MetadataToken>
              <Name>System.Int32 Humanizer.TimeSpanHumanizeExtensions::GetSpecialCaseMonthAsInteger(System.TimeSpan,System.Boolean)</Name>
              <FileRef uid="61" />
              <SequencePoints>
                <SequencePoint vc="0" uspid="1247" ordinal="0" offset="0" sl="126" sc="13" el="126" ec="51" bec="2" bev="0" fileid="61" />
                <SequencePoint vc="0" uspid="1248" ordinal="1" offset="3" sl="128" sc="17" el="128" ec="61" bec="0" bev="0" fileid="61" />
                <SequencePoint vc="0" uspid="1249" ordinal="2" offset="23" sl="132" sc="17" el="132" ec="66" bec="0" bev="0" fileid="61" />
                <SequencePoint vc="0" uspid="1250" ordinal="3" offset="41" sl="133" sc="17" el="133" ec="61" bec="0" bev="0" fileid="61" />
              </SequencePoints>
              <BranchPoints>
                <BranchPoint vc="0" uspid="1251" ordinal="0" offset="1" sl="126" path="0" offsetend="3" fileid="61" />
                <BranchPoint vc="0" uspid="1252" ordinal="1" offset="1" sl="126" path="1" offsetend="23" fileid="61" />
              </BranchPoints>
              <MethodPoint xsi:type="SequencePoint" vc="0" uspid="1247" ordinal="0" offset="0" sl="126" sc="13" el="126" ec="51" bec="2" bev="0" fileid="61" />
            </Method>
            <Method visited="false" cyclomaticComplexity="1" nPathComplexity="0" sequenceCoverage="0" branchCoverage="0" crapScore="2" isConstructor="false" isStatic="true" isGetter="false" isSetter="false">
              <Summary numSequencePoints="1" visitedSequencePoints="0" numBranchPoints="1" visitedBranchPoints="0" sequenceCoverage="0" branchCoverage="0" maxCyclomaticComplexity="1" minCyclomaticComplexity="1" maxCrapScore="2" minCrapScore="2" visitedClasses="0" numClasses="0" visitedMethods="0" numMethods="1" />
              <MetadataToken>100663551</MetadataToken>
              <Name>System.Int32 Humanizer.TimeSpanHumanizeExtensions::GetSpecialCaseYearAsInteger(System.TimeSpan)</Name>
              <FileRef uid="61" />
              <SequencePoints>
                <SequencePoint vc="0" uspid="1253" ordinal="0" offset="0" sl="139" sc="13" el="139" ec="56" bec="0" bev="0" fileid="61" />
              </SequencePoints>
              <BranchPoints />
              <MethodPoint xsi:type="SequencePoint" vc="0" uspid="1253" ordinal="0" offset="0" sl="139" sc="13" el="139" ec="56" bec="0" bev="0" fileid="61" />
            </Method>
            <Method visited="false" cyclomaticComplexity="3" nPathComplexity="4" sequenceCoverage="0" branchCoverage="0" crapScore="12" isConstructor="false" isStatic="true" isGetter="false" isSetter="false">
              <Summary numSequencePoints="3" visitedSequencePoints="0" numBranchPoints="5" visitedBranchPoints="0" sequenceCoverage="0" branchCoverage="0" maxCyclomaticComplexity="3" minCyclomaticComplexity="3" maxCrapScore="12" minCrapScore="12" visitedClasses="0" numClasses="0" visitedMethods="0" numMethods="1" />
              <MetadataToken>100663552</MetadataToken>
              <Name>System.Int32 Humanizer.TimeSpanHumanizeExtensions::GetSpecialCaseWeeksAsInteger(System.TimeSpan,System.Boolean)</Name>
              <FileRef uid="61" />
              <SequencePoints>
                <SequencePoint vc="0" uspid="1254" ordinal="0" offset="0" sl="144" sc="13" el="144" ec="84" bec="3" bev="0" fileid="61" />
                <SequencePoint vc="0" uspid="1255" ordinal="1" offset="22" sl="146" sc="17" el="146" ec="53" bec="0" bev="0" fileid="61" />
                <SequencePoint vc="0" uspid="1256" ordinal="2" offset="32" sl="148" sc="13" el="148" ec="22" bec="0" bev="0" fileid="61" />
              </SequencePoints>
              <BranchPoints>
                <BranchPoint vc="0" uspid="1257" ordinal="0" offset="1" sl="144" path="0" offsetend="3" fileid="61" />
                <BranchPoint vc="0" uspid="1258" ordinal="1" offset="1" sl="144" path="1" offsetend="22" fileid="61" />
                <BranchPoint vc="0" uspid="1259" ordinal="2" offset="20" sl="144" path="0" offsetend="22" fileid="61" />
                <BranchPoint vc="0" uspid="1260" ordinal="3" offset="20" sl="144" path="1" offsetend="32" fileid="61" />
              </BranchPoints>
              <MethodPoint xsi:type="SequencePoint" vc="0" uspid="1254" ordinal="0" offset="0" sl="144" sc="13" el="144" ec="84" bec="3" bev="0" fileid="61" />
            </Method>
            <Method visited="false" cyclomaticComplexity="3" nPathComplexity="4" sequenceCoverage="0" branchCoverage="0" crapScore="12" isConstructor="false" isStatic="true" isGetter="false" isSetter="false">
              <Summary numSequencePoints="6" visitedSequencePoints="0" numBranchPoints="5" visitedBranchPoints="0" sequenceCoverage="0" branchCoverage="0" maxCyclomaticComplexity="3" minCyclomaticComplexity="3" maxCrapScore="12" minCrapScore="12" visitedClasses="0" numClasses="0" visitedMethods="0" numMethods="1" />
              <MetadataToken>100663553</MetadataToken>
              <Name>System.Int32 Humanizer.TimeSpanHumanizeExtensions::GetSpecialCaseDaysAsInteger(System.TimeSpan,System.Boolean)</Name>
              <FileRef uid="61" />
              <SequencePoints>
                <SequencePoint vc="0" uspid="1261" ordinal="0" offset="0" sl="153" sc="13" el="153" ec="51" bec="2" bev="0" fileid="61" />
                <SequencePoint vc="0" uspid="1262" ordinal="1" offset="3" sl="155" sc="17" el="155" ec="38" bec="0" bev="0" fileid="61" />
                <SequencePoint vc="0" uspid="1263" ordinal="2" offset="11" sl="157" sc="13" el="157" ec="47" bec="2" bev="0" fileid="61" />
                <SequencePoint vc="0" uspid="1264" ordinal="3" offset="30" sl="159" sc="17" el="159" ec="66" bec="0" bev="0" fileid="61" />
                <SequencePoint vc="0" uspid="1265" ordinal="4" offset="39" sl="160" sc="17" el="160" ec="38" bec="0" bev="0" fileid="61" />
                <SequencePoint vc="0" uspid="1266" ordinal="5" offset="40" sl="162" sc="13" el="162" ec="57" bec="0" bev="0" fileid="61" />
              </SequencePoints>
              <BranchPoints>
                <BranchPoint vc="0" uspid="1267" ordinal="0" offset="1" sl="153" path="0" offsetend="3" fileid="61" />
                <BranchPoint vc="0" uspid="1268" ordinal="1" offset="1" sl="153" path="1" offsetend="11" fileid="61" />
                <BranchPoint vc="0" uspid="1269" ordinal="2" offset="28" sl="157" path="0" offsetend="30" fileid="61" />
                <BranchPoint vc="0" uspid="1270" ordinal="3" offset="28" sl="157" path="1" offsetend="40" fileid="61" />
              </BranchPoints>
              <MethodPoint xsi:type="SequencePoint" vc="0" uspid="1261" ordinal="0" offset="0" sl="153" sc="13" el="153" ec="51" bec="2" bev="0" fileid="61" />
            </Method>
            <Method visited="false" cyclomaticComplexity="2" nPathComplexity="2" sequenceCoverage="0" branchCoverage="0" crapScore="6" isConstructor="false" isStatic="true" isGetter="false" isSetter="false">
              <Summary numSequencePoints="6" visitedSequencePoints="0" numBranchPoints="3" visitedBranchPoints="0" sequenceCoverage="0" branchCoverage="0" maxCyclomaticComplexity="2" minCyclomaticComplexity="2" maxCrapScore="6" minCrapScore="6" visitedClasses="0" numClasses="0" visitedMethods="0" numMethods="1" />
              <MetadataToken>100663554</MetadataToken>
              <Name>System.Int32 Humanizer.TimeSpanHumanizeExtensions::GetNormalCaseTimeAsInteger(System.Int32,System.Double,System.Boolean)</Name>
              <FileRef uid="61" />
              <SequencePoints>
                <SequencePoint vc="0" uspid="1271" ordinal="0" offset="0" sl="167" sc="13" el="167" ec="51" bec="2" bev="0" fileid="61" />
                <SequencePoint vc="0" uspid="1272" ordinal="1" offset="3" sl="171" sc="21" el="171" ec="56" bec="0" bev="0" fileid="61" />
                <SequencePoint vc="0" uspid="1273" ordinal="2" offset="8" sl="173" sc="17" el="173" ec="22" bec="0" bev="0" fileid="61" />
                <SequencePoint vc="0" uspid="1274" ordinal="3" offset="9" sl="176" sc="21" el="176" ec="30" bec="0" bev="0" fileid="61" />
                <SequencePoint vc="0" uspid="1275" ordinal="4" offset="13" sl="179" sc="13" el="179" ec="38" bec="0" bev="0" fileid="61" />
                <SequencePoint vc="0" uspid="1276" ordinal="5" offset="15" sl="180" sc="9" el="180" ec="10" bec="0" bev="0" fileid="61" />
              </SequencePoints>
              <BranchPoints>
                <BranchPoint vc="0" uspid="1277" ordinal="0" offset="1" sl="167" path="0" offsetend="3" fileid="61" />
                <BranchPoint vc="0" uspid="1278" ordinal="1" offset="1" sl="167" path="1" offsetend="13" fileid="61" />
              </BranchPoints>
              <MethodPoint xsi:type="SequencePoint" vc="0" uspid="1271" ordinal="0" offset="0" sl="167" sc="13" el="167" ec="51" bec="2" bev="0" fileid="61" />
            </Method>
            <Method visited="false" cyclomaticComplexity="2" nPathComplexity="2" sequenceCoverage="0" branchCoverage="0" crapScore="6" isConstructor="false" isStatic="true" isGetter="false" isSetter="false">
              <Summary numSequencePoints="1" visitedSequencePoints="0" numBranchPoints="3" visitedBranchPoints="0" sequenceCoverage="0" branchCoverage="0" maxCyclomaticComplexity="2" minCyclomaticComplexity="2" maxCrapScore="6" minCrapScore="6" visitedClasses="0" numClasses="0" visitedMethods="0" numMethods="1" />
              <MetadataToken>100663555</MetadataToken>
              <Name>System.String Humanizer.TimeSpanHumanizeExtensions::BuildFormatTimePart(Humanizer.Localisation.Formatters.IFormatter,Humanizer.Localisation.TimeUnit,System.Int32,System.Boolean)</Name>
              <FileRef uid="61" />
              <SequencePoints>
                <SequencePoint vc="0" uspid="1279" ordinal="0" offset="0" sl="185" sc="13" el="187" ec="24" bec="2" bev="0" fileid="61" />
              </SequencePoints>
              <BranchPoints>
                <BranchPoint vc="0" uspid="1280" ordinal="0" offset="1" sl="185" path="0" offsetend="3" fileid="61" />
                <BranchPoint vc="0" uspid="1281" ordinal="1" offset="1" sl="185" path="1" offsetend="5" fileid="61" />
              </BranchPoints>
              <MethodPoint xsi:type="SequencePoint" vc="0" uspid="1279" ordinal="0" offset="0" sl="185" sc="13" el="187" ec="24" bec="2" bev="0" fileid="61" />
            </Method>
            <Method visited="false" cyclomaticComplexity="1" nPathComplexity="0" sequenceCoverage="0" branchCoverage="0" crapScore="2" isConstructor="false" isStatic="true" isGetter="false" isSetter="false">
              <Summary numSequencePoints="1" visitedSequencePoints="0" numBranchPoints="1" visitedBranchPoints="0" sequenceCoverage="0" branchCoverage="0" maxCyclomaticComplexity="1" minCyclomaticComplexity="1" maxCrapScore="2" minCrapScore="2" visitedClasses="0" numClasses="0" visitedMethods="0" numMethods="1" />
              <MetadataToken>100663556</MetadataToken>
              <Name>System.Collections.Generic.List`1&lt;System.String&gt; Humanizer.TimeSpanHumanizeExtensions::CreateTimePartsWithNoTimeValue(System.String)</Name>
              <FileRef uid="61" />
              <SequencePoints>
                <SequencePoint vc="0" uspid="1282" ordinal="0" offset="0" sl="192" sc="13" el="192" ec="55" bec="0" bev="0" fileid="61" />
              </SequencePoints>
              <BranchPoints />
              <MethodPoint xsi:type="SequencePoint" vc="0" uspid="1282" ordinal="0" offset="0" sl="192" sc="13" el="192" ec="55" bec="0" bev="0" fileid="61" />
            </Method>
            <Method visited="false" cyclomaticComplexity="2" nPathComplexity="2" sequenceCoverage="0" branchCoverage="0" crapScore="6" isConstructor="false" isStatic="true" isGetter="false" isSetter="false">
              <Summary numSequencePoints="1" visitedSequencePoints="0" numBranchPoints="3" visitedBranchPoints="0" sequenceCoverage="0" branchCoverage="0" maxCyclomaticComplexity="2" minCyclomaticComplexity="2" maxCrapScore="6" minCrapScore="6" visitedClasses="0" numClasses="0" visitedMethods="0" numMethods="1" />
              <MetadataToken>100663557</MetadataToken>
              <Name>System.Boolean Humanizer.TimeSpanHumanizeExtensions::IsContainingOnlyNullValue(System.Collections.Generic.IEnumerable`1&lt;System.String&gt;)</Name>
              <FileRef uid="61" />
              <SequencePoints>
                <SequencePoint vc="0" uspid="1283" ordinal="0" offset="0" sl="197" sc="13" el="197" ec="59" bec="2" bev="0" fileid="61" />
              </SequencePoints>
              <BranchPoints>
                <BranchPoint vc="0" uspid="1284" ordinal="0" offset="7" sl="197" path="0" offsetend="9" fileid="61" />
                <BranchPoint vc="0" uspid="1285" ordinal="1" offset="7" sl="197" path="1" offsetend="32" fileid="61" />
              </BranchPoints>
              <MethodPoint xsi:type="SequencePoint" vc="0" uspid="1283" ordinal="0" offset="0" sl="197" sc="13" el="197" ec="59" bec="2" bev="0" fileid="61" />
            </Method>
            <Method visited="false" cyclomaticComplexity="5" nPathComplexity="16" sequenceCoverage="0" branchCoverage="0" crapScore="30" isConstructor="false" isStatic="true" isGetter="false" isSetter="false">
              <Summary numSequencePoints="6" visitedSequencePoints="0" numBranchPoints="9" visitedBranchPoints="0" sequenceCoverage="0" branchCoverage="0" maxCyclomaticComplexity="5" minCyclomaticComplexity="5" maxCrapScore="30" minCrapScore="30" visitedClasses="0" numClasses="0" visitedMethods="0" numMethods="1" />
              <MetadataToken>100663558</MetadataToken>
              <Name>System.Collections.Generic.IEnumerable`1&lt;System.String&gt; Humanizer.TimeSpanHumanizeExtensions::SetPrecisionOfTimeSpan(System.Collections.Generic.IEnumerable`1&lt;System.String&gt;,System.Int32,System.Boolean)</Name>
              <FileRef uid="61" />
              <SequencePoints>
                <SequencePoint vc="0" uspid="1286" ordinal="0" offset="0" sl="202" sc="13" el="202" ec="34" bec="2" bev="0" fileid="61" />
                <SequencePoint vc="0" uspid="1287" ordinal="1" offset="3" sl="204" sc="17" el="204" ec="61" bec="2" bev="0" fileid="61" />
                <SequencePoint vc="0" uspid="1288" ordinal="2" offset="42" sl="207" sc="13" el="207" ec="51" bec="0" bev="0" fileid="61" />
                <SequencePoint vc="0" uspid="1289" ordinal="3" offset="51" sl="208" sc="13" el="208" ec="33" bec="2" bev="0" fileid="61" />
                <SequencePoint vc="0" uspid="1290" ordinal="4" offset="54" sl="210" sc="17" el="210" ec="61" bec="2" bev="0" fileid="61" />
                <SequencePoint vc="0" uspid="1291" ordinal="5" offset="93" sl="213" sc="13" el="213" ec="30" bec="0" bev="0" fileid="61" />
              </SequencePoints>
              <BranchPoints>
                <BranchPoint vc="0" uspid="1292" ordinal="0" offset="1" sl="202" path="0" offsetend="3" fileid="61" />
                <BranchPoint vc="0" uspid="1293" ordinal="1" offset="1" sl="202" path="1" offsetend="42" fileid="61" />
                <BranchPoint vc="0" uspid="1294" ordinal="2" offset="10" sl="204" path="0" offsetend="12" fileid="61" />
                <BranchPoint vc="0" uspid="1295" ordinal="3" offset="10" sl="204" path="1" offsetend="35" fileid="61" />
                <BranchPoint vc="0" uspid="1296" ordinal="4" offset="52" sl="208" path="0" offsetend="54" fileid="61" />
                <BranchPoint vc="0" uspid="1297" ordinal="5" offset="52" sl="208" path="1" offsetend="93" fileid="61" />
                <BranchPoint vc="0" uspid="1298" ordinal="6" offset="61" sl="210" path="0" offsetend="63" fileid="61" />
                <BranchPoint vc="0" uspid="1299" ordinal="7" offset="61" sl="210" path="1" offsetend="86" fileid="61" />
              </BranchPoints>
              <MethodPoint xsi:type="SequencePoint" vc="0" uspid="1286" ordinal="0" offset="0" sl="202" sc="13" el="202" ec="34" bec="2" bev="0" fileid="61" />
            </Method>
            <Method visited="false" cyclomaticComplexity="2" nPathComplexity="2" sequenceCoverage="0" branchCoverage="0" crapScore="6" isConstructor="false" isStatic="true" isGetter="false" isSetter="false">
              <Summary numSequencePoints="3" visitedSequencePoints="0" numBranchPoints="3" visitedBranchPoints="0" sequenceCoverage="0" branchCoverage="0" maxCyclomaticComplexity="2" minCyclomaticComplexity="2" maxCrapScore="6" minCrapScore="6" visitedClasses="0" numClasses="0" visitedMethods="0" numMethods="1" />
              <MetadataToken>100663559</MetadataToken>
              <Name>System.String Humanizer.TimeSpanHumanizeExtensions::ConcatenateTimeSpanParts(System.Collections.Generic.IEnumerable`1&lt;System.String&gt;,System.Globalization.CultureInfo,System.String)</Name>
              <FileRef uid="61" />
              <SequencePoints>
                <SequencePoint vc="0" uspid="1300" ordinal="0" offset="0" sl="218" sc="13" el="218" ec="45" bec="2" bev="0" fileid="61" />
                <SequencePoint vc="0" uspid="1301" ordinal="1" offset="3" sl="220" sc="17" el="220" ec="109" bec="0" bev="0" fileid="61" />
                <SequencePoint vc="0" uspid="1302" ordinal="2" offset="21" sl="223" sc="13" el="223" ec="68" bec="0" bev="0" fileid="61" />
              </SequencePoints>
              <BranchPoints>
                <BranchPoint vc="0" uspid="1303" ordinal="0" offset="1" sl="218" path="0" offsetend="3" fileid="61" />
                <BranchPoint vc="0" uspid="1304" ordinal="1" offset="1" sl="218" path="1" offsetend="21" fileid="61" />
              </BranchPoints>
              <MethodPoint xsi:type="SequencePoint" vc="0" uspid="1300" ordinal="0" offset="0" sl="218" sc="13" el="218" ec="45" bec="2" bev="0" fileid="61" />
            </Method>
          </Methods>
        </Class>
        <Class>
          <Summary numSequencePoints="3" visitedSequencePoints="0" numBranchPoints="3" visitedBranchPoints="0" sequenceCoverage="0" branchCoverage="0" maxCyclomaticComplexity="1" minCyclomaticComplexity="1" maxCrapScore="2" minCrapScore="2" visitedClasses="0" numClasses="1" visitedMethods="0" numMethods="3" />
          <FullName>Humanizer.TimeSpanHumanizeExtensions/&lt;&gt;c</FullName>
          <Methods>
            <Method visited="false" cyclomaticComplexity="1" nPathComplexity="0" sequenceCoverage="0" branchCoverage="0" crapScore="2" isConstructor="true" isStatic="true" isGetter="false" isSetter="false">
              <Summary numSequencePoints="0" visitedSequencePoints="0" numBranchPoints="0" visitedBranchPoints="0" sequenceCoverage="0" branchCoverage="0" maxCyclomaticComplexity="1" minCyclomaticComplexity="1" maxCrapScore="2" minCrapScore="2" visitedClasses="0" numClasses="0" visitedMethods="0" numMethods="0" />
              <MetadataToken>100664647</MetadataToken>
              <Name>System.Void Humanizer.TimeSpanHumanizeExtensions/&lt;&gt;c::.cctor()</Name>
              <SequencePoints />
              <BranchPoints />
              <MethodPoint vc="0" uspid="1305" ordinal="0" offset="0" />
            </Method>
            <Method visited="false" cyclomaticComplexity="1" nPathComplexity="0" sequenceCoverage="0" branchCoverage="0" crapScore="2" isConstructor="true" isStatic="false" isGetter="false" isSetter="false">
              <Summary numSequencePoints="0" visitedSequencePoints="0" numBranchPoints="0" visitedBranchPoints="0" sequenceCoverage="0" branchCoverage="0" maxCyclomaticComplexity="1" minCyclomaticComplexity="1" maxCrapScore="2" minCrapScore="2" visitedClasses="0" numClasses="0" visitedMethods="0" numMethods="0" />
              <MetadataToken>100664648</MetadataToken>
              <Name>System.Void Humanizer.TimeSpanHumanizeExtensions/&lt;&gt;c::.ctor()</Name>
              <SequencePoints />
              <BranchPoints />
              <MethodPoint vc="0" uspid="1306" ordinal="0" offset="0" />
            </Method>
            <Method visited="false" cyclomaticComplexity="1" nPathComplexity="0" sequenceCoverage="0" branchCoverage="0" crapScore="2" isConstructor="false" isStatic="false" isGetter="false" isSetter="false">
              <Summary numSequencePoints="1" visitedSequencePoints="0" numBranchPoints="1" visitedBranchPoints="0" sequenceCoverage="0" branchCoverage="0" maxCyclomaticComplexity="1" minCyclomaticComplexity="1" maxCrapScore="2" minCrapScore="2" visitedClasses="0" numClasses="0" visitedMethods="0" numMethods="1" />
              <MetadataToken>100664649</MetadataToken>
              <Name>System.Boolean Humanizer.TimeSpanHumanizeExtensions/&lt;&gt;c::&lt;IsContainingOnlyNullValue&gt;b__16_0(System.String)</Name>
              <FileRef uid="61" />
              <SequencePoints>
                <SequencePoint vc="0" uspid="1307" ordinal="0" offset="0" sl="197" sc="42" el="197" ec="51" bec="0" bev="0" fileid="61" />
              </SequencePoints>
              <BranchPoints />
              <MethodPoint xsi:type="SequencePoint" vc="0" uspid="1307" ordinal="0" offset="0" sl="197" sc="42" el="197" ec="51" bec="0" bev="0" fileid="61" />
            </Method>
            <Method visited="false" cyclomaticComplexity="1" nPathComplexity="0" sequenceCoverage="0" branchCoverage="0" crapScore="2" isConstructor="false" isStatic="false" isGetter="false" isSetter="false">
              <Summary numSequencePoints="1" visitedSequencePoints="0" numBranchPoints="1" visitedBranchPoints="0" sequenceCoverage="0" branchCoverage="0" maxCyclomaticComplexity="1" minCyclomaticComplexity="1" maxCrapScore="2" minCrapScore="2" visitedClasses="0" numClasses="0" visitedMethods="0" numMethods="1" />
              <MetadataToken>100664650</MetadataToken>
              <Name>System.Boolean Humanizer.TimeSpanHumanizeExtensions/&lt;&gt;c::&lt;SetPrecisionOfTimeSpan&gt;b__17_0(System.String)</Name>
              <FileRef uid="61" />
              <SequencePoints>
                <SequencePoint vc="0" uspid="1308" ordinal="0" offset="0" sl="204" sc="50" el="204" ec="59" bec="0" bev="0" fileid="61" />
              </SequencePoints>
              <BranchPoints />
              <MethodPoint xsi:type="SequencePoint" vc="0" uspid="1308" ordinal="0" offset="0" sl="204" sc="50" el="204" ec="59" bec="0" bev="0" fileid="61" />
            </Method>
            <Method visited="false" cyclomaticComplexity="1" nPathComplexity="0" sequenceCoverage="0" branchCoverage="0" crapScore="2" isConstructor="false" isStatic="false" isGetter="false" isSetter="false">
              <Summary numSequencePoints="1" visitedSequencePoints="0" numBranchPoints="1" visitedBranchPoints="0" sequenceCoverage="0" branchCoverage="0" maxCyclomaticComplexity="1" minCyclomaticComplexity="1" maxCrapScore="2" minCrapScore="2" visitedClasses="0" numClasses="0" visitedMethods="0" numMethods="1" />
              <MetadataToken>100664651</MetadataToken>
              <Name>System.Boolean Humanizer.TimeSpanHumanizeExtensions/&lt;&gt;c::&lt;SetPrecisionOfTimeSpan&gt;b__17_1(System.String)</Name>
              <FileRef uid="61" />
              <SequencePoints>
                <SequencePoint vc="0" uspid="1309" ordinal="0" offset="0" sl="210" sc="50" el="210" ec="59" bec="0" bev="0" fileid="61" />
              </SequencePoints>
              <BranchPoints />
              <MethodPoint xsi:type="SequencePoint" vc="0" uspid="1309" ordinal="0" offset="0" sl="210" sc="50" el="210" ec="59" bec="0" bev="0" fileid="61" />
            </Method>
          </Methods>
        </Class>
        <Class>
          <Summary numSequencePoints="13" visitedSequencePoints="0" numBranchPoints="15" visitedBranchPoints="0" sequenceCoverage="0" branchCoverage="0" maxCyclomaticComplexity="4" minCyclomaticComplexity="1" maxCrapScore="20" minCrapScore="2" visitedClasses="0" numClasses="1" visitedMethods="0" numMethods="7" />
          <FullName>Humanizer.ToQuantityExtensions</FullName>
          <Methods>
            <Method visited="false" cyclomaticComplexity="1" nPathComplexity="0" sequenceCoverage="0" branchCoverage="0" crapScore="2" isConstructor="false" isStatic="true" isGetter="false" isSetter="false">
              <Summary numSequencePoints="1" visitedSequencePoints="0" numBranchPoints="1" visitedBranchPoints="0" sequenceCoverage="0" branchCoverage="0" maxCyclomaticComplexity="1" minCyclomaticComplexity="1" maxCrapScore="2" minCrapScore="2" visitedClasses="0" numClasses="0" visitedMethods="0" numMethods="1" />
              <MetadataToken>100663560</MetadataToken>
              <Name>System.String Humanizer.ToQuantityExtensions::ToQuantity(System.String,System.Int32,Humanizer.ShowQuantityAs)</Name>
              <FileRef uid="63" />
              <SequencePoints>
                <SequencePoint vc="0" uspid="1310" ordinal="0" offset="0" sl="49" sc="13" el="49" ec="99" bec="0" bev="0" fileid="63" />
              </SequencePoints>
              <BranchPoints />
              <MethodPoint xsi:type="SequencePoint" vc="0" uspid="1310" ordinal="0" offset="0" sl="49" sc="13" el="49" ec="99" bec="0" bev="0" fileid="63" />
            </Method>
            <Method visited="false" cyclomaticComplexity="1" nPathComplexity="0" sequenceCoverage="0" branchCoverage="0" crapScore="2" isConstructor="false" isStatic="true" isGetter="false" isSetter="false">
              <Summary numSequencePoints="1" visitedSequencePoints="0" numBranchPoints="1" visitedBranchPoints="0" sequenceCoverage="0" branchCoverage="0" maxCyclomaticComplexity="1" minCyclomaticComplexity="1" maxCrapScore="2" minCrapScore="2" visitedClasses="0" numClasses="0" visitedMethods="0" numMethods="1" />
              <MetadataToken>100663561</MetadataToken>
              <Name>System.String Humanizer.ToQuantityExtensions::ToQuantity(System.String,System.Int32,System.String,System.IFormatProvider)</Name>
              <FileRef uid="63" />
              <SequencePoints>
                <SequencePoint vc="0" uspid="1311" ordinal="0" offset="0" sl="67" sc="13" el="67" ec="135" bec="0" bev="0" fileid="63" />
              </SequencePoints>
              <BranchPoints />
              <MethodPoint xsi:type="SequencePoint" vc="0" uspid="1311" ordinal="0" offset="0" sl="67" sc="13" el="67" ec="135" bec="0" bev="0" fileid="63" />
            </Method>
            <Method visited="false" cyclomaticComplexity="1" nPathComplexity="0" sequenceCoverage="0" branchCoverage="0" crapScore="2" isConstructor="false" isStatic="true" isGetter="false" isSetter="false">
              <Summary numSequencePoints="1" visitedSequencePoints="0" numBranchPoints="1" visitedBranchPoints="0" sequenceCoverage="0" branchCoverage="0" maxCyclomaticComplexity="1" minCyclomaticComplexity="1" maxCrapScore="2" minCrapScore="2" visitedClasses="0" numClasses="0" visitedMethods="0" numMethods="1" />
              <MetadataToken>100663562</MetadataToken>
              <Name>System.String Humanizer.ToQuantityExtensions::ToQuantity(System.String,System.Int64,Humanizer.ShowQuantityAs)</Name>
              <FileRef uid="63" />
              <SequencePoints>
                <SequencePoint vc="0" uspid="1312" ordinal="0" offset="0" sl="86" sc="13" el="86" ec="99" bec="0" bev="0" fileid="63" />
              </SequencePoints>
              <BranchPoints />
              <MethodPoint xsi:type="SequencePoint" vc="0" uspid="1312" ordinal="0" offset="0" sl="86" sc="13" el="86" ec="99" bec="0" bev="0" fileid="63" />
            </Method>
            <Method visited="false" cyclomaticComplexity="1" nPathComplexity="0" sequenceCoverage="0" branchCoverage="0" crapScore="2" isConstructor="false" isStatic="true" isGetter="false" isSetter="false">
              <Summary numSequencePoints="1" visitedSequencePoints="0" numBranchPoints="1" visitedBranchPoints="0" sequenceCoverage="0" branchCoverage="0" maxCyclomaticComplexity="1" minCyclomaticComplexity="1" maxCrapScore="2" minCrapScore="2" visitedClasses="0" numClasses="0" visitedMethods="0" numMethods="1" />
              <MetadataToken>100663563</MetadataToken>
              <Name>System.String Humanizer.ToQuantityExtensions::ToQuantity(System.String,System.Int64,System.String,System.IFormatProvider)</Name>
              <FileRef uid="63" />
              <SequencePoints>
                <SequencePoint vc="0" uspid="1313" ordinal="0" offset="0" sl="104" sc="13" el="104" ec="135" bec="0" bev="0" fileid="63" />
              </SequencePoints>
              <BranchPoints />
              <MethodPoint xsi:type="SequencePoint" vc="0" uspid="1313" ordinal="0" offset="0" sl="104" sc="13" el="104" ec="135" bec="0" bev="0" fileid="63" />
            </Method>
            <Method visited="false" cyclomaticComplexity="4" nPathComplexity="8" sequenceCoverage="0" branchCoverage="0" crapScore="20" isConstructor="false" isStatic="true" isGetter="false" isSetter="false">
              <Summary numSequencePoints="6" visitedSequencePoints="0" numBranchPoints="7" visitedBranchPoints="0" sequenceCoverage="0" branchCoverage="0" maxCyclomaticComplexity="4" minCyclomaticComplexity="4" maxCrapScore="20" minCrapScore="20" visitedClasses="0" numClasses="0" visitedMethods="0" numMethods="1" />
              <MetadataToken>100663564</MetadataToken>
              <Name>System.String Humanizer.ToQuantityExtensions::ToQuantity(System.String,System.Int64,Humanizer.ShowQuantityAs,System.String,System.IFormatProvider)</Name>
              <FileRef uid="63" />
              <SequencePoints>
                <SequencePoint vc="0" uspid="1314" ordinal="0" offset="0" sl="109" sc="13" el="111" ec="68" bec="2" bev="0" fileid="63" />
                <SequencePoint vc="0" uspid="1315" ordinal="1" offset="23" sl="113" sc="13" el="113" ec="55" bec="2" bev="0" fileid="63" />
                <SequencePoint vc="0" uspid="1316" ordinal="2" offset="26" sl="115" sc="17" el="115" ec="41" bec="0" bev="0" fileid="63" />
                <SequencePoint vc="0" uspid="1317" ordinal="3" offset="28" sl="118" sc="13" el="118" ec="58" bec="2" bev="0" fileid="63" />
                <SequencePoint vc="0" uspid="1318" ordinal="4" offset="32" sl="120" sc="17" el="120" ec="126" bec="0" bev="0" fileid="63" />
                <SequencePoint vc="0" uspid="1319" ordinal="5" offset="56" sl="123" sc="13" el="123" ec="83" bec="0" bev="0" fileid="63" />
              </SequencePoints>
              <BranchPoints>
                <BranchPoint vc="0" uspid="1320" ordinal="0" offset="3" sl="109" path="0" offsetend="5" fileid="63" />
                <BranchPoint vc="0" uspid="1321" ordinal="1" offset="3" sl="109" path="1" offsetend="14" fileid="63" />
                <BranchPoint vc="0" uspid="1322" ordinal="2" offset="24" sl="113" path="0" offsetend="26" fileid="63" />
                <BranchPoint vc="0" uspid="1323" ordinal="3" offset="24" sl="113" path="1" offsetend="28" fileid="63" />
                <BranchPoint vc="0" uspid="1324" ordinal="4" offset="30" sl="118" path="0" offsetend="32" fileid="63" />
                <BranchPoint vc="0" uspid="1325" ordinal="5" offset="30" sl="118" path="1" offsetend="56" fileid="63" />
              </BranchPoints>
              <MethodPoint xsi:type="SequencePoint" vc="0" uspid="1314" ordinal="0" offset="0" sl="109" sc="13" el="111" ec="68" bec="2" bev="0" fileid="63" />
            </Method>
            <Method visited="false" cyclomaticComplexity="2" nPathComplexity="2" sequenceCoverage="0" branchCoverage="0" crapScore="6" isConstructor="false" isStatic="true" isGetter="false" isSetter="false">
              <Summary numSequencePoints="2" visitedSequencePoints="0" numBranchPoints="3" visitedBranchPoints="0" sequenceCoverage="0" branchCoverage="0" maxCyclomaticComplexity="2" minCyclomaticComplexity="2" maxCrapScore="6" minCrapScore="6" visitedClasses="0" numClasses="0" visitedMethods="0" numMethods="1" />
              <MetadataToken>100663565</MetadataToken>
              <Name>System.String Humanizer.ToQuantityExtensions::ToQuantity(System.String,System.Double,System.String,System.IFormatProvider)</Name>
              <FileRef uid="63" />
              <SequencePoints>
                <SequencePoint vc="0" uspid="1326" ordinal="0" offset="0" sl="141" sc="13" el="143" ec="68" bec="2" bev="0" fileid="63" />
                <SequencePoint vc="0" uspid="1327" ordinal="1" offset="30" sl="145" sc="13" el="145" ec="122" bec="0" bev="0" fileid="63" />
              </SequencePoints>
              <BranchPoints>
                <BranchPoint vc="0" uspid="1328" ordinal="0" offset="10" sl="141" path="0" offsetend="12" fileid="63" />
                <BranchPoint vc="0" uspid="1329" ordinal="1" offset="10" sl="141" path="1" offsetend="21" fileid="63" />
              </BranchPoints>
              <MethodPoint xsi:type="SequencePoint" vc="0" uspid="1326" ordinal="0" offset="0" sl="141" sc="13" el="143" ec="68" bec="2" bev="0" fileid="63" />
            </Method>
            <Method visited="false" cyclomaticComplexity="1" nPathComplexity="0" sequenceCoverage="0" branchCoverage="0" crapScore="2" isConstructor="false" isStatic="true" isGetter="false" isSetter="false">
              <Summary numSequencePoints="1" visitedSequencePoints="0" numBranchPoints="1" visitedBranchPoints="0" sequenceCoverage="0" branchCoverage="0" maxCyclomaticComplexity="1" minCyclomaticComplexity="1" maxCrapScore="2" minCrapScore="2" visitedClasses="0" numClasses="0" visitedMethods="0" numMethods="1" />
              <MetadataToken>100663566</MetadataToken>
              <Name>System.String Humanizer.ToQuantityExtensions::ToQuantity(System.String,System.Double)</Name>
              <FileRef uid="63" />
              <SequencePoints>
                <SequencePoint vc="0" uspid="1330" ordinal="0" offset="0" sl="160" sc="13" el="160" ec="60" bec="0" bev="0" fileid="63" />
              </SequencePoints>
              <BranchPoints />
              <MethodPoint xsi:type="SequencePoint" vc="0" uspid="1330" ordinal="0" offset="0" sl="160" sc="13" el="160" ec="60" bec="0" bev="0" fileid="63" />
            </Method>
          </Methods>
        </Class>
        <Class>
          <Summary numSequencePoints="5" visitedSequencePoints="0" numBranchPoints="7" visitedBranchPoints="0" sequenceCoverage="0" branchCoverage="0" maxCyclomaticComplexity="2" minCyclomaticComplexity="1" maxCrapScore="6" minCrapScore="2" visitedClasses="0" numClasses="1" visitedMethods="0" numMethods="5" />
          <FullName>Humanizer.To</FullName>
          <Methods>
            <Method visited="false" cyclomaticComplexity="1" nPathComplexity="0" sequenceCoverage="0" branchCoverage="0" crapScore="2" isConstructor="false" isStatic="true" isGetter="true" isSetter="false">
              <Summary numSequencePoints="1" visitedSequencePoints="0" numBranchPoints="1" visitedBranchPoints="0" sequenceCoverage="0" branchCoverage="0" maxCyclomaticComplexity="1" minCyclomaticComplexity="1" maxCrapScore="2" minCrapScore="2" visitedClasses="0" numClasses="0" visitedMethods="0" numMethods="1" />
              <MetadataToken>100663569</MetadataToken>
              <Name>Humanizer.IStringTransformer Humanizer.To::get_TitleCase()</Name>
              <FileRef uid="64" />
              <SequencePoints>
                <SequencePoint vc="0" uspid="1331" ordinal="0" offset="0" sl="31" sc="17" el="31" ec="42" bec="0" bev="0" fileid="64" />
              </SequencePoints>
              <BranchPoints />
              <MethodPoint xsi:type="SequencePoint" vc="0" uspid="1331" ordinal="0" offset="0" sl="31" sc="17" el="31" ec="42" bec="0" bev="0" fileid="64" />
            </Method>
            <Method visited="false" cyclomaticComplexity="1" nPathComplexity="0" sequenceCoverage="0" branchCoverage="0" crapScore="2" isConstructor="false" isStatic="true" isGetter="true" isSetter="false">
              <Summary numSequencePoints="1" visitedSequencePoints="0" numBranchPoints="1" visitedBranchPoints="0" sequenceCoverage="0" branchCoverage="0" maxCyclomaticComplexity="1" minCyclomaticComplexity="1" maxCrapScore="2" minCrapScore="2" visitedClasses="0" numClasses="0" visitedMethods="0" numMethods="1" />
              <MetadataToken>100663570</MetadataToken>
              <Name>Humanizer.IStringTransformer Humanizer.To::get_LowerCase()</Name>
              <FileRef uid="64" />
              <SequencePoints>
                <SequencePoint vc="0" uspid="1332" ordinal="0" offset="0" sl="45" sc="17" el="45" ec="42" bec="0" bev="0" fileid="64" />
              </SequencePoints>
              <BranchPoints />
              <MethodPoint xsi:type="SequencePoint" vc="0" uspid="1332" ordinal="0" offset="0" sl="45" sc="17" el="45" ec="42" bec="0" bev="0" fileid="64" />
            </Method>
            <Method visited="false" cyclomaticComplexity="1" nPathComplexity="0" sequenceCoverage="0" branchCoverage="0" crapScore="2" isConstructor="false" isStatic="true" isGetter="true" isSetter="false">
              <Summary numSequencePoints="1" visitedSequencePoints="0" numBranchPoints="1" visitedBranchPoints="0" sequenceCoverage="0" branchCoverage="0" maxCyclomaticComplexity="1" minCyclomaticComplexity="1" maxCrapScore="2" minCrapScore="2" visitedClasses="0" numClasses="0" visitedMethods="0" numMethods="1" />
              <MetadataToken>100663571</MetadataToken>
              <Name>Humanizer.IStringTransformer Humanizer.To::get_UpperCase()</Name>
              <FileRef uid="64" />
              <SequencePoints>
                <SequencePoint vc="0" uspid="1333" ordinal="0" offset="0" sl="59" sc="17" el="59" ec="42" bec="0" bev="0" fileid="64" />
              </SequencePoints>
              <BranchPoints />
              <MethodPoint xsi:type="SequencePoint" vc="0" uspid="1333" ordinal="0" offset="0" sl="59" sc="17" el="59" ec="42" bec="0" bev="0" fileid="64" />
            </Method>
            <Method visited="false" cyclomaticComplexity="1" nPathComplexity="0" sequenceCoverage="0" branchCoverage="0" crapScore="2" isConstructor="false" isStatic="true" isGetter="true" isSetter="false">
              <Summary numSequencePoints="1" visitedSequencePoints="0" numBranchPoints="1" visitedBranchPoints="0" sequenceCoverage="0" branchCoverage="0" maxCyclomaticComplexity="1" minCyclomaticComplexity="1" maxCrapScore="2" minCrapScore="2" visitedClasses="0" numClasses="0" visitedMethods="0" numMethods="1" />
              <MetadataToken>100663572</MetadataToken>
              <Name>Humanizer.IStringTransformer Humanizer.To::get_SentenceCase()</Name>
              <FileRef uid="64" />
              <SequencePoints>
                <SequencePoint vc="0" uspid="1334" ordinal="0" offset="0" sl="73" sc="17" el="73" ec="45" bec="0" bev="0" fileid="64" />
              </SequencePoints>
              <BranchPoints />
              <MethodPoint xsi:type="SequencePoint" vc="0" uspid="1334" ordinal="0" offset="0" sl="73" sc="17" el="73" ec="45" bec="0" bev="0" fileid="64" />
            </Method>
            <Method visited="false" cyclomaticComplexity="2" nPathComplexity="2" sequenceCoverage="0" branchCoverage="0" crapScore="6" isConstructor="false" isStatic="true" isGetter="false" isSetter="false">
              <Summary numSequencePoints="1" visitedSequencePoints="0" numBranchPoints="3" visitedBranchPoints="0" sequenceCoverage="0" branchCoverage="0" maxCyclomaticComplexity="2" minCyclomaticComplexity="2" maxCrapScore="6" minCrapScore="6" visitedClasses="0" numClasses="0" visitedMethods="0" numMethods="1" />
              <MetadataToken>100663568</MetadataToken>
              <Name>System.String Humanizer.To::Transform(System.String,Humanizer.IStringTransformer[])</Name>
              <FileRef uid="64" />
              <SequencePoints>
                <SequencePoint vc="0" uspid="1335" ordinal="0" offset="0" sl="18" sc="13" el="18" ec="120" bec="2" bev="0" fileid="64" />
              </SequencePoints>
              <BranchPoints>
                <BranchPoint vc="0" uspid="1336" ordinal="0" offset="8" sl="18" path="0" offsetend="10" fileid="64" />
                <BranchPoint vc="0" uspid="1337" ordinal="1" offset="8" sl="18" path="1" offsetend="33" fileid="64" />
              </BranchPoints>
              <MethodPoint xsi:type="SequencePoint" vc="0" uspid="1335" ordinal="0" offset="0" sl="18" sc="13" el="18" ec="120" bec="2" bev="0" fileid="64" />
            </Method>
          </Methods>
        </Class>
        <Class>
          <Summary numSequencePoints="1" visitedSequencePoints="0" numBranchPoints="1" visitedBranchPoints="0" sequenceCoverage="0" branchCoverage="0" maxCyclomaticComplexity="1" minCyclomaticComplexity="1" maxCrapScore="2" minCrapScore="2" visitedClasses="0" numClasses="1" visitedMethods="0" numMethods="1" />
          <FullName>Humanizer.To/&lt;&gt;c</FullName>
          <Methods>
            <Method visited="false" cyclomaticComplexity="1" nPathComplexity="0" sequenceCoverage="0" branchCoverage="0" crapScore="2" isConstructor="true" isStatic="true" isGetter="false" isSetter="false">
              <Summary numSequencePoints="0" visitedSequencePoints="0" numBranchPoints="0" visitedBranchPoints="0" sequenceCoverage="0" branchCoverage="0" maxCyclomaticComplexity="1" minCyclomaticComplexity="1" maxCrapScore="2" minCrapScore="2" visitedClasses="0" numClasses="0" visitedMethods="0" numMethods="0" />
              <MetadataToken>100664652</MetadataToken>
              <Name>System.Void Humanizer.To/&lt;&gt;c::.cctor()</Name>
              <SequencePoints />
              <BranchPoints />
              <MethodPoint vc="0" uspid="1338" ordinal="0" offset="0" />
            </Method>
            <Method visited="false" cyclomaticComplexity="1" nPathComplexity="0" sequenceCoverage="0" branchCoverage="0" crapScore="2" isConstructor="true" isStatic="false" isGetter="false" isSetter="false">
              <Summary numSequencePoints="0" visitedSequencePoints="0" numBranchPoints="0" visitedBranchPoints="0" sequenceCoverage="0" branchCoverage="0" maxCyclomaticComplexity="1" minCyclomaticComplexity="1" maxCrapScore="2" minCrapScore="2" visitedClasses="0" numClasses="0" visitedMethods="0" numMethods="0" />
              <MetadataToken>100664653</MetadataToken>
              <Name>System.Void Humanizer.To/&lt;&gt;c::.ctor()</Name>
              <SequencePoints />
              <BranchPoints />
              <MethodPoint vc="0" uspid="1339" ordinal="0" offset="0" />
            </Method>
            <Method visited="false" cyclomaticComplexity="1" nPathComplexity="0" sequenceCoverage="0" branchCoverage="0" crapScore="2" isConstructor="false" isStatic="false" isGetter="false" isSetter="false">
              <Summary numSequencePoints="1" visitedSequencePoints="0" numBranchPoints="1" visitedBranchPoints="0" sequenceCoverage="0" branchCoverage="0" maxCyclomaticComplexity="1" minCyclomaticComplexity="1" maxCrapScore="2" minCrapScore="2" visitedClasses="0" numClasses="0" visitedMethods="0" numMethods="1" />
              <MetadataToken>100664654</MetadataToken>
              <Name>System.String Humanizer.To/&lt;&gt;c::&lt;Transform&gt;b__0_0(System.String,Humanizer.IStringTransformer)</Name>
              <FileRef uid="64" />
              <SequencePoints>
                <SequencePoint vc="0" uspid="1340" ordinal="0" offset="0" sl="18" sc="82" el="18" ec="118" bec="0" bev="0" fileid="64" />
              </SequencePoints>
              <BranchPoints />
              <MethodPoint xsi:type="SequencePoint" vc="0" uspid="1340" ordinal="0" offset="0" sl="18" sc="82" el="18" ec="118" bec="0" bev="0" fileid="64" />
            </Method>
          </Methods>
        </Class>
        <Class>
          <Summary numSequencePoints="1" visitedSequencePoints="0" numBranchPoints="1" visitedBranchPoints="0" sequenceCoverage="0" branchCoverage="0" maxCyclomaticComplexity="1" minCyclomaticComplexity="1" maxCrapScore="2" minCrapScore="2" visitedClasses="0" numClasses="1" visitedMethods="0" numMethods="1" />
          <FullName>Humanizer.ToLowerCase</FullName>
          <Methods>
            <Method visited="false" cyclomaticComplexity="1" nPathComplexity="0" sequenceCoverage="0" branchCoverage="0" crapScore="2" isConstructor="false" isStatic="false" isGetter="false" isSetter="false">
              <Summary numSequencePoints="1" visitedSequencePoints="0" numBranchPoints="1" visitedBranchPoints="0" sequenceCoverage="0" branchCoverage="0" maxCyclomaticComplexity="1" minCyclomaticComplexity="1" maxCrapScore="2" minCrapScore="2" visitedClasses="0" numClasses="0" visitedMethods="0" numMethods="1" />
              <MetadataToken>100663573</MetadataToken>
              <Name>System.String Humanizer.ToLowerCase::Transform(System.String)</Name>
              <FileRef uid="66" />
              <SequencePoints>
                <SequencePoint vc="0" uspid="1341" ordinal="0" offset="0" sl="9" sc="13" el="9" ec="71" bec="0" bev="0" fileid="66" />
              </SequencePoints>
              <BranchPoints />
              <MethodPoint xsi:type="SequencePoint" vc="0" uspid="1341" ordinal="0" offset="0" sl="9" sc="13" el="9" ec="71" bec="0" bev="0" fileid="66" />
            </Method>
            <Method visited="false" cyclomaticComplexity="1" nPathComplexity="0" sequenceCoverage="0" branchCoverage="0" crapScore="2" isConstructor="true" isStatic="false" isGetter="false" isSetter="false">
              <Summary numSequencePoints="0" visitedSequencePoints="0" numBranchPoints="0" visitedBranchPoints="0" sequenceCoverage="0" branchCoverage="0" maxCyclomaticComplexity="1" minCyclomaticComplexity="1" maxCrapScore="2" minCrapScore="2" visitedClasses="0" numClasses="0" visitedMethods="0" numMethods="0" />
              <MetadataToken>100663574</MetadataToken>
              <Name>System.Void Humanizer.ToLowerCase::.ctor()</Name>
              <SequencePoints />
              <BranchPoints />
              <MethodPoint vc="0" uspid="1342" ordinal="0" offset="0" />
            </Method>
          </Methods>
        </Class>
        <Class>
          <Summary numSequencePoints="3" visitedSequencePoints="0" numBranchPoints="3" visitedBranchPoints="0" sequenceCoverage="0" branchCoverage="0" maxCyclomaticComplexity="2" minCyclomaticComplexity="1" maxCrapScore="6" minCrapScore="2" visitedClasses="0" numClasses="1" visitedMethods="0" numMethods="1" />
          <FullName>Humanizer.ToSentenceCase</FullName>
          <Methods>
            <Method visited="false" cyclomaticComplexity="2" nPathComplexity="2" sequenceCoverage="0" branchCoverage="0" crapScore="6" isConstructor="false" isStatic="false" isGetter="false" isSetter="false">
              <Summary numSequencePoints="3" visitedSequencePoints="0" numBranchPoints="3" visitedBranchPoints="0" sequenceCoverage="0" branchCoverage="0" maxCyclomaticComplexity="2" minCyclomaticComplexity="2" maxCrapScore="6" minCrapScore="6" visitedClasses="0" numClasses="0" visitedMethods="0" numMethods="1" />
              <MetadataToken>100663575</MetadataToken>
              <Name>System.String Humanizer.ToSentenceCase::Transform(System.String)</Name>
              <FileRef uid="67" />
              <SequencePoints>
                <SequencePoint vc="0" uspid="1343" ordinal="0" offset="0" sl="7" sc="13" el="7" ec="35" bec="2" bev="0" fileid="67" />
                <SequencePoint vc="0" uspid="1344" ordinal="1" offset="9" sl="9" sc="17" el="9" ec="91" bec="0" bev="0" fileid="67" />
                <SequencePoint vc="0" uspid="1345" ordinal="2" offset="35" sl="12" sc="13" el="12" ec="36" bec="0" bev="0" fileid="67" />
              </SequencePoints>
              <BranchPoints>
                <BranchPoint vc="0" uspid="1346" ordinal="0" offset="7" sl="7" path="0" offsetend="9" fileid="67" />
                <BranchPoint vc="0" uspid="1347" ordinal="1" offset="7" sl="7" path="1" offsetend="35" fileid="67" />
              </BranchPoints>
              <MethodPoint xsi:type="SequencePoint" vc="0" uspid="1343" ordinal="0" offset="0" sl="7" sc="13" el="7" ec="35" bec="2" bev="0" fileid="67" />
            </Method>
            <Method visited="false" cyclomaticComplexity="1" nPathComplexity="0" sequenceCoverage="0" branchCoverage="0" crapScore="2" isConstructor="true" isStatic="false" isGetter="false" isSetter="false">
              <Summary numSequencePoints="0" visitedSequencePoints="0" numBranchPoints="0" visitedBranchPoints="0" sequenceCoverage="0" branchCoverage="0" maxCyclomaticComplexity="1" minCyclomaticComplexity="1" maxCrapScore="2" minCrapScore="2" visitedClasses="0" numClasses="0" visitedMethods="0" numMethods="0" />
              <MetadataToken>100663576</MetadataToken>
              <Name>System.Void Humanizer.ToSentenceCase::.ctor()</Name>
              <SequencePoints />
              <BranchPoints />
              <MethodPoint vc="0" uspid="1348" ordinal="0" offset="0" />
            </Method>
          </Methods>
        </Class>
        <Class>
          <Summary numSequencePoints="12" visitedSequencePoints="0" numBranchPoints="5" visitedBranchPoints="0" sequenceCoverage="0" branchCoverage="0" maxCyclomaticComplexity="4" minCyclomaticComplexity="1" maxCrapScore="20" minCrapScore="2" visitedClasses="0" numClasses="1" visitedMethods="0" numMethods="3" />
          <FullName>Humanizer.ToTitleCase</FullName>
          <Methods>
            <Method visited="false" cyclomaticComplexity="4" nPathComplexity="2" sequenceCoverage="0" branchCoverage="0" crapScore="20" isConstructor="false" isStatic="false" isGetter="false" isSetter="false">
              <Summary numSequencePoints="8" visitedSequencePoints="0" numBranchPoints="3" visitedBranchPoints="0" sequenceCoverage="0" branchCoverage="0" maxCyclomaticComplexity="4" minCyclomaticComplexity="4" maxCrapScore="20" minCrapScore="20" visitedClasses="0" numClasses="0" visitedMethods="0" numMethods="1" />
              <MetadataToken>100663577</MetadataToken>
              <Name>System.String Humanizer.ToTitleCase::Transform(System.String)</Name>
              <FileRef uid="68" />
              <SequencePoints>
                <SequencePoint vc="0" uspid="1349" ordinal="0" offset="0" sl="10" sc="13" el="10" ec="32" bec="0" bev="0" fileid="68" />
                <SequencePoint vc="0" uspid="1350" ordinal="1" offset="2" sl="11" sc="13" el="11" ec="80" bec="0" bev="0" fileid="68" />
                <SequencePoint vc="0" uspid="1351" ordinal="2" offset="13" sl="12" sc="36" el="12" ec="43" bec="0" bev="0" fileid="68" />
                <SequencePoint vc="0" uspid="1352" ordinal="3" offset="21" sl="12" sc="22" el="12" ec="32" bec="0" bev="0" fileid="68" />
                <SequencePoint vc="0" uspid="1353" ordinal="4" offset="33" sl="14" sc="17" el="14" ec="46" bec="2" bev="0" fileid="68" />
                <SequencePoint vc="0" uspid="1354" ordinal="5" offset="46" sl="16" sc="21" el="16" ec="65" bec="0" bev="0" fileid="68" />
                <SequencePoint vc="0" uspid="1355" ordinal="6" offset="54" sl="12" sc="33" el="12" ec="35" bec="0" bev="0" fileid="68" />
                <SequencePoint vc="0" uspid="1356" ordinal="7" offset="81" sl="20" sc="13" el="20" ec="27" bec="0" bev="0" fileid="68" />
              </SequencePoints>
              <BranchPoints>
                <BranchPoint vc="0" uspid="1357" ordinal="0" offset="44" sl="14" path="0" offsetend="46" fileid="68" />
                <BranchPoint vc="0" uspid="1358" ordinal="1" offset="44" sl="14" path="1" offsetend="54" fileid="68" />
              </BranchPoints>
              <MethodPoint xsi:type="SequencePoint" vc="0" uspid="1349" ordinal="0" offset="0" sl="10" sc="13" el="10" ec="32" bec="0" bev="0" fileid="68" />
            </Method>
            <Method visited="false" cyclomaticComplexity="1" nPathComplexity="0" sequenceCoverage="0" branchCoverage="0" crapScore="2" isConstructor="false" isStatic="true" isGetter="false" isSetter="false">
              <Summary numSequencePoints="1" visitedSequencePoints="0" numBranchPoints="1" visitedBranchPoints="0" sequenceCoverage="0" branchCoverage="0" maxCyclomaticComplexity="1" minCyclomaticComplexity="1" maxCrapScore="2" minCrapScore="2" visitedClasses="0" numClasses="0" visitedMethods="0" numMethods="1" />
              <MetadataToken>100663578</MetadataToken>
              <Name>System.Boolean Humanizer.ToTitleCase::AllCapitals(System.String)</Name>
              <FileRef uid="68" />
              <SequencePoints>
                <SequencePoint vc="0" uspid="1361" ordinal="0" offset="0" sl="25" sc="13" el="25" ec="58" bec="0" bev="0" fileid="68" />
              </SequencePoints>
              <BranchPoints />
              <MethodPoint xsi:type="SequencePoint" vc="0" uspid="1361" ordinal="0" offset="0" sl="25" sc="13" el="25" ec="58" bec="0" bev="0" fileid="68" />
            </Method>
            <Method visited="false" cyclomaticComplexity="1" nPathComplexity="0" sequenceCoverage="0" branchCoverage="0" crapScore="2" isConstructor="false" isStatic="true" isGetter="false" isSetter="false">
              <Summary numSequencePoints="3" visitedSequencePoints="0" numBranchPoints="1" visitedBranchPoints="0" sequenceCoverage="0" branchCoverage="0" maxCyclomaticComplexity="1" minCyclomaticComplexity="1" maxCrapScore="2" minCrapScore="2" visitedClasses="0" numClasses="0" visitedMethods="0" numMethods="1" />
              <MetadataToken>100663579</MetadataToken>
              <Name>System.String Humanizer.ToTitleCase::ReplaceWithTitleCase(System.Text.RegularExpressions.Match,System.String)</Name>
              <FileRef uid="68" />
              <SequencePoints>
                <SequencePoint vc="0" uspid="1362" ordinal="0" offset="0" sl="30" sc="13" el="30" ec="44" bec="0" bev="0" fileid="68" />
                <SequencePoint vc="0" uspid="1363" ordinal="1" offset="7" sl="31" sc="13" el="31" ec="101" bec="0" bev="0" fileid="68" />
                <SequencePoint vc="0" uspid="1364" ordinal="2" offset="46" sl="32" sc="13" el="32" ec="111" bec="0" bev="0" fileid="68" />
              </SequencePoints>
              <BranchPoints />
              <MethodPoint xsi:type="SequencePoint" vc="0" uspid="1362" ordinal="0" offset="0" sl="30" sc="13" el="30" ec="44" bec="0" bev="0" fileid="68" />
            </Method>
            <Method visited="false" cyclomaticComplexity="1" nPathComplexity="0" sequenceCoverage="0" branchCoverage="0" crapScore="2" isConstructor="true" isStatic="false" isGetter="false" isSetter="false">
              <Summary numSequencePoints="0" visitedSequencePoints="0" numBranchPoints="0" visitedBranchPoints="0" sequenceCoverage="0" branchCoverage="0" maxCyclomaticComplexity="1" minCyclomaticComplexity="1" maxCrapScore="2" minCrapScore="2" visitedClasses="0" numClasses="0" visitedMethods="0" numMethods="0" />
              <MetadataToken>100663580</MetadataToken>
              <Name>System.Void Humanizer.ToTitleCase::.ctor()</Name>
              <SequencePoints />
              <BranchPoints />
              <MethodPoint vc="0" uspid="1365" ordinal="0" offset="0" />
            </Method>
          </Methods>
        </Class>
        <Class>
          <Summary numSequencePoints="1" visitedSequencePoints="0" numBranchPoints="1" visitedBranchPoints="0" sequenceCoverage="0" branchCoverage="0" maxCyclomaticComplexity="1" minCyclomaticComplexity="1" maxCrapScore="2" minCrapScore="2" visitedClasses="0" numClasses="1" visitedMethods="0" numMethods="1" />
          <FullName>Humanizer.ToUpperCase</FullName>
          <Methods>
            <Method visited="false" cyclomaticComplexity="1" nPathComplexity="0" sequenceCoverage="0" branchCoverage="0" crapScore="2" isConstructor="false" isStatic="false" isGetter="false" isSetter="false">
              <Summary numSequencePoints="1" visitedSequencePoints="0" numBranchPoints="1" visitedBranchPoints="0" sequenceCoverage="0" branchCoverage="0" maxCyclomaticComplexity="1" minCyclomaticComplexity="1" maxCrapScore="2" minCrapScore="2" visitedClasses="0" numClasses="0" visitedMethods="0" numMethods="1" />
              <MetadataToken>100663581</MetadataToken>
              <Name>System.String Humanizer.ToUpperCase::Transform(System.String)</Name>
              <FileRef uid="69" />
              <SequencePoints>
                <SequencePoint vc="0" uspid="1366" ordinal="0" offset="0" sl="7" sc="13" el="7" ec="36" bec="0" bev="0" fileid="69" />
              </SequencePoints>
              <BranchPoints />
              <MethodPoint xsi:type="SequencePoint" vc="0" uspid="1366" ordinal="0" offset="0" sl="7" sc="13" el="7" ec="36" bec="0" bev="0" fileid="69" />
            </Method>
            <Method visited="false" cyclomaticComplexity="1" nPathComplexity="0" sequenceCoverage="0" branchCoverage="0" crapScore="2" isConstructor="true" isStatic="false" isGetter="false" isSetter="false">
              <Summary numSequencePoints="0" visitedSequencePoints="0" numBranchPoints="0" visitedBranchPoints="0" sequenceCoverage="0" branchCoverage="0" maxCyclomaticComplexity="1" minCyclomaticComplexity="1" maxCrapScore="2" minCrapScore="2" visitedClasses="0" numClasses="0" visitedMethods="0" numMethods="0" />
              <MetadataToken>100663582</MetadataToken>
              <Name>System.Void Humanizer.ToUpperCase::.ctor()</Name>
              <SequencePoints />
              <BranchPoints />
              <MethodPoint vc="0" uspid="1367" ordinal="0" offset="0" />
            </Method>
          </Methods>
        </Class>
        <Class>
          <Summary numSequencePoints="8" visitedSequencePoints="0" numBranchPoints="8" visitedBranchPoints="0" sequenceCoverage="0" branchCoverage="0" maxCyclomaticComplexity="3" minCyclomaticComplexity="1" maxCrapScore="12" minCrapScore="2" visitedClasses="0" numClasses="1" visitedMethods="0" numMethods="4" />
          <FullName>Humanizer.TruncateExtensions</FullName>
          <Methods>
            <Method visited="false" cyclomaticComplexity="1" nPathComplexity="0" sequenceCoverage="0" branchCoverage="0" crapScore="2" isConstructor="false" isStatic="true" isGetter="false" isSetter="false">
              <Summary numSequencePoints="1" visitedSequencePoints="0" numBranchPoints="1" visitedBranchPoints="0" sequenceCoverage="0" branchCoverage="0" maxCyclomaticComplexity="1" minCyclomaticComplexity="1" maxCrapScore="2" minCrapScore="2" visitedClasses="0" numClasses="0" visitedMethods="0" numMethods="1" />
              <MetadataToken>100663583</MetadataToken>
              <Name>System.String Humanizer.TruncateExtensions::Truncate(System.String,System.Int32)</Name>
              <FileRef uid="70" />
              <SequencePoints>
                <SequencePoint vc="0" uspid="1368" ordinal="0" offset="0" sl="18" sc="13" el="18" ec="71" bec="0" bev="0" fileid="70" />
              </SequencePoints>
              <BranchPoints />
              <MethodPoint xsi:type="SequencePoint" vc="0" uspid="1368" ordinal="0" offset="0" sl="18" sc="13" el="18" ec="71" bec="0" bev="0" fileid="70" />
            </Method>
            <Method visited="false" cyclomaticComplexity="1" nPathComplexity="0" sequenceCoverage="0" branchCoverage="0" crapScore="2" isConstructor="false" isStatic="true" isGetter="false" isSetter="false">
              <Summary numSequencePoints="1" visitedSequencePoints="0" numBranchPoints="1" visitedBranchPoints="0" sequenceCoverage="0" branchCoverage="0" maxCyclomaticComplexity="1" minCyclomaticComplexity="1" maxCrapScore="2" minCrapScore="2" visitedClasses="0" numClasses="0" visitedMethods="0" numMethods="1" />
              <MetadataToken>100663584</MetadataToken>
              <Name>System.String Humanizer.TruncateExtensions::Truncate(System.String,System.Int32,Humanizer.ITruncator,Humanizer.TruncateFrom)</Name>
              <FileRef uid="70" />
              <SequencePoints>
                <SequencePoint vc="0" uspid="1369" ordinal="0" offset="0" sl="31" sc="13" el="31" ec="65" bec="0" bev="0" fileid="70" />
              </SequencePoints>
              <BranchPoints />
              <MethodPoint xsi:type="SequencePoint" vc="0" uspid="1369" ordinal="0" offset="0" sl="31" sc="13" el="31" ec="65" bec="0" bev="0" fileid="70" />
            </Method>
            <Method visited="false" cyclomaticComplexity="1" nPathComplexity="0" sequenceCoverage="0" branchCoverage="0" crapScore="2" isConstructor="false" isStatic="true" isGetter="false" isSetter="false">
              <Summary numSequencePoints="1" visitedSequencePoints="0" numBranchPoints="1" visitedBranchPoints="0" sequenceCoverage="0" branchCoverage="0" maxCyclomaticComplexity="1" minCyclomaticComplexity="1" maxCrapScore="2" minCrapScore="2" visitedClasses="0" numClasses="0" visitedMethods="0" numMethods="1" />
              <MetadataToken>100663585</MetadataToken>
              <Name>System.String Humanizer.TruncateExtensions::Truncate(System.String,System.Int32,System.String,Humanizer.TruncateFrom)</Name>
              <FileRef uid="70" />
              <SequencePoints>
                <SequencePoint vc="0" uspid="1370" ordinal="0" offset="0" sl="44" sc="13" el="44" ec="90" bec="0" bev="0" fileid="70" />
              </SequencePoints>
              <BranchPoints />
              <MethodPoint xsi:type="SequencePoint" vc="0" uspid="1370" ordinal="0" offset="0" sl="44" sc="13" el="44" ec="90" bec="0" bev="0" fileid="70" />
            </Method>
            <Method visited="false" cyclomaticComplexity="3" nPathComplexity="4" sequenceCoverage="0" branchCoverage="0" crapScore="12" isConstructor="false" isStatic="true" isGetter="false" isSetter="false">
              <Summary numSequencePoints="5" visitedSequencePoints="0" numBranchPoints="5" visitedBranchPoints="0" sequenceCoverage="0" branchCoverage="0" maxCyclomaticComplexity="3" minCyclomaticComplexity="3" maxCrapScore="12" minCrapScore="12" visitedClasses="0" numClasses="0" visitedMethods="0" numMethods="1" />
              <MetadataToken>100663586</MetadataToken>
              <Name>System.String Humanizer.TruncateExtensions::Truncate(System.String,System.Int32,System.String,Humanizer.ITruncator,Humanizer.TruncateFrom)</Name>
              <FileRef uid="70" />
              <SequencePoints>
                <SequencePoint vc="0" uspid="1371" ordinal="0" offset="0" sl="58" sc="13" el="58" ec="35" bec="2" bev="0" fileid="70" />
                <SequencePoint vc="0" uspid="1372" ordinal="1" offset="3" sl="60" sc="17" el="60" ec="68" bec="0" bev="0" fileid="70" />
                <SequencePoint vc="0" uspid="1373" ordinal="2" offset="14" sl="63" sc="13" el="63" ec="31" bec="2" bev="0" fileid="70" />
                <SequencePoint vc="0" uspid="1374" ordinal="3" offset="17" sl="65" sc="17" el="65" ec="29" bec="0" bev="0" fileid="70" />
                <SequencePoint vc="0" uspid="1375" ordinal="4" offset="19" sl="68" sc="13" el="68" ec="78" bec="0" bev="0" fileid="70" />
              </SequencePoints>
              <BranchPoints>
                <BranchPoint vc="0" uspid="1376" ordinal="0" offset="1" sl="58" path="0" offsetend="3" fileid="70" />
                <BranchPoint vc="0" uspid="1377" ordinal="1" offset="1" sl="58" path="1" offsetend="14" fileid="70" />
                <BranchPoint vc="0" uspid="1378" ordinal="2" offset="15" sl="63" path="0" offsetend="17" fileid="70" />
                <BranchPoint vc="0" uspid="1379" ordinal="3" offset="15" sl="63" path="1" offsetend="19" fileid="70" />
              </BranchPoints>
              <MethodPoint xsi:type="SequencePoint" vc="0" uspid="1371" ordinal="0" offset="0" sl="58" sc="13" el="58" ec="35" bec="2" bev="0" fileid="70" />
            </Method>
          </Methods>
        </Class>
        <Class>
          <Summary numSequencePoints="9" visitedSequencePoints="0" numBranchPoints="17" visitedBranchPoints="0" sequenceCoverage="0" branchCoverage="0" maxCyclomaticComplexity="9" minCyclomaticComplexity="1" maxCrapScore="90" minCrapScore="2" visitedClasses="0" numClasses="1" visitedMethods="0" numMethods="1" />
          <FullName>Humanizer.FixedLengthTruncator</FullName>
          <Methods>
            <Method visited="false" cyclomaticComplexity="9" nPathComplexity="256" sequenceCoverage="0" branchCoverage="0" crapScore="90" isConstructor="false" isStatic="false" isGetter="false" isSetter="false">
              <Summary numSequencePoints="9" visitedSequencePoints="0" numBranchPoints="17" visitedBranchPoints="0" sequenceCoverage="0" branchCoverage="0" maxCyclomaticComplexity="9" minCyclomaticComplexity="9" maxCrapScore="90" minCrapScore="90" visitedClasses="0" numClasses="0" visitedMethods="0" numMethods="1" />
              <MetadataToken>100663587</MetadataToken>
              <Name>System.String Humanizer.FixedLengthTruncator::Truncate(System.String,System.Int32,System.String,Humanizer.TruncateFrom)</Name>
              <FileRef uid="71" />
              <SequencePoints>
                <SequencePoint vc="0" uspid="1380" ordinal="0" offset="0" sl="10" sc="13" el="10" ec="31" bec="2" bev="0" fileid="71" />
                <SequencePoint vc="0" uspid="1381" ordinal="1" offset="3" sl="12" sc="17" el="12" ec="29" bec="0" bev="0" fileid="71" />
                <SequencePoint vc="0" uspid="1382" ordinal="2" offset="5" sl="15" sc="13" el="15" ec="35" bec="2" bev="0" fileid="71" />
                <SequencePoint vc="0" uspid="1383" ordinal="3" offset="13" sl="17" sc="17" el="17" ec="30" bec="0" bev="0" fileid="71" />
                <SequencePoint vc="0" uspid="1384" ordinal="4" offset="15" sl="20" sc="13" el="20" ec="78" bec="3" bev="0" fileid="71" />
                <SequencePoint vc="0" uspid="1385" ordinal="5" offset="27" sl="22" sc="17" el="24" ec="62" bec="2" bev="0" fileid="71" />
                <SequencePoint vc="0" uspid="1386" ordinal="6" offset="56" sl="27" sc="13" el="27" ec="51" bec="2" bev="0" fileid="71" />
                <SequencePoint vc="0" uspid="1387" ordinal="7" offset="60" sl="29" sc="17" el="31" ec="29" bec="2" bev="0" fileid="71" />
                <SequencePoint vc="0" uspid="1388" ordinal="8" offset="99" sl="34" sc="13" el="36" ec="25" bec="2" bev="0" fileid="71" />
              </SequencePoints>
              <BranchPoints>
                <BranchPoint vc="0" uspid="1389" ordinal="0" offset="1" sl="10" path="0" offsetend="3" fileid="71" />
                <BranchPoint vc="0" uspid="1390" ordinal="1" offset="1" sl="10" path="1" offsetend="5" fileid="71" />
                <BranchPoint vc="0" uspid="1391" ordinal="2" offset="11" sl="15" path="0" offsetend="13" fileid="71" />
                <BranchPoint vc="0" uspid="1392" ordinal="3" offset="11" sl="15" path="1" offsetend="15" fileid="71" />
                <BranchPoint vc="0" uspid="1393" ordinal="4" offset="16" sl="20" path="0" offsetend="18" fileid="71" />
                <BranchPoint vc="0" uspid="1394" ordinal="5" offset="16" sl="20" path="1" offsetend="27" fileid="71" />
                <BranchPoint vc="0" uspid="1395" ordinal="6" offset="25" sl="20" path="0" offsetend="27" fileid="71" />
                <BranchPoint vc="0" uspid="1396" ordinal="7" offset="25" sl="20" path="1" offsetend="56" fileid="71" />
                <BranchPoint vc="0" uspid="1397" ordinal="8" offset="30" sl="22" path="0" offsetend="32" fileid="71" />
                <BranchPoint vc="0" uspid="1398" ordinal="9" offset="30" sl="22" path="1" offsetend="47" fileid="71" />
                <BranchPoint vc="0" uspid="1399" ordinal="10" offset="58" sl="27" path="0" offsetend="60" fileid="71" />
                <BranchPoint vc="0" uspid="1400" ordinal="11" offset="58" sl="27" path="1" offsetend="99" fileid="71" />
                <BranchPoint vc="0" uspid="1401" ordinal="12" offset="67" sl="29" path="0" offsetend="69" fileid="71" />
                <BranchPoint vc="0" uspid="1402" ordinal="13" offset="67" sl="29" path="1" offsetend="71" fileid="71" />
                <BranchPoint vc="0" uspid="1403" ordinal="14" offset="106" sl="34" path="0" offsetend="108" fileid="71" />
                <BranchPoint vc="0" uspid="1404" ordinal="15" offset="106" sl="34" path="1" offsetend="110" fileid="71" />
              </BranchPoints>
              <MethodPoint xsi:type="SequencePoint" vc="0" uspid="1380" ordinal="0" offset="0" sl="10" sc="13" el="10" ec="31" bec="2" bev="0" fileid="71" />
            </Method>
            <Method visited="false" cyclomaticComplexity="1" nPathComplexity="0" sequenceCoverage="0" branchCoverage="0" crapScore="2" isConstructor="true" isStatic="false" isGetter="false" isSetter="false">
              <Summary numSequencePoints="0" visitedSequencePoints="0" numBranchPoints="0" visitedBranchPoints="0" sequenceCoverage="0" branchCoverage="0" maxCyclomaticComplexity="1" minCyclomaticComplexity="1" maxCrapScore="2" minCrapScore="2" visitedClasses="0" numClasses="0" visitedMethods="0" numMethods="0" />
              <MetadataToken>100663588</MetadataToken>
              <Name>System.Void Humanizer.FixedLengthTruncator::.ctor()</Name>
              <SequencePoints />
              <BranchPoints />
              <MethodPoint vc="0" uspid="1405" ordinal="0" offset="0" />
            </Method>
          </Methods>
        </Class>
        <Class>
          <Summary numSequencePoints="27" visitedSequencePoints="0" numBranchPoints="27" visitedBranchPoints="0" sequenceCoverage="0" branchCoverage="0" maxCyclomaticComplexity="14" minCyclomaticComplexity="1" maxCrapScore="210" minCrapScore="2" visitedClasses="0" numClasses="1" visitedMethods="0" numMethods="1" />
          <FullName>Humanizer.FixedNumberOfCharactersTruncator</FullName>
          <Methods>
            <Method visited="false" cyclomaticComplexity="14" nPathComplexity="8192" sequenceCoverage="0" branchCoverage="0" crapScore="210" isConstructor="false" isStatic="false" isGetter="false" isSetter="false">
              <Summary numSequencePoints="27" visitedSequencePoints="0" numBranchPoints="27" visitedBranchPoints="0" sequenceCoverage="0" branchCoverage="0" maxCyclomaticComplexity="14" minCyclomaticComplexity="14" maxCrapScore="210" minCrapScore="210" visitedClasses="0" numClasses="0" visitedMethods="0" numMethods="1" />
              <MetadataToken>100663589</MetadataToken>
              <Name>System.String Humanizer.FixedNumberOfCharactersTruncator::Truncate(System.String,System.Int32,System.String,Humanizer.TruncateFrom)</Name>
              <FileRef uid="72" />
              <SequencePoints>
                <SequencePoint vc="0" uspid="1406" ordinal="0" offset="0" sl="12" sc="13" el="12" ec="31" bec="2" bev="0" fileid="72" />
                <SequencePoint vc="0" uspid="1407" ordinal="1" offset="3" sl="14" sc="17" el="14" ec="29" bec="0" bev="0" fileid="72" />
                <SequencePoint vc="0" uspid="1408" ordinal="2" offset="5" sl="17" sc="13" el="17" ec="35" bec="2" bev="0" fileid="72" />
                <SequencePoint vc="0" uspid="1409" ordinal="3" offset="13" sl="19" sc="17" el="19" ec="30" bec="0" bev="0" fileid="72" />
                <SequencePoint vc="0" uspid="1410" ordinal="4" offset="15" sl="22" sc="13" el="22" ec="42" bec="2" bev="0" fileid="72" />
                <SequencePoint vc="0" uspid="1411" ordinal="5" offset="18" sl="24" sc="17" el="24" ec="49" bec="0" bev="0" fileid="72" />
                <SequencePoint vc="0" uspid="1412" ordinal="6" offset="25" sl="27" sc="13" el="27" ec="50" bec="2" bev="0" fileid="72" />
                <SequencePoint vc="0" uspid="1413" ordinal="7" offset="34" sl="29" sc="17" el="29" ec="129" bec="2" bev="0" fileid="72" />
                <SequencePoint vc="0" uspid="1414" ordinal="8" offset="63" sl="32" sc="13" el="32" ec="55" bec="0" bev="0" fileid="72" />
                <SequencePoint vc="0" uspid="1415" ordinal="9" offset="65" sl="34" sc="13" el="34" ec="75" bec="2" bev="0" fileid="72" />
                <SequencePoint vc="0" uspid="1416" ordinal="10" offset="91" sl="36" sc="17" el="36" ec="30" bec="0" bev="0" fileid="72" />
                <SequencePoint vc="0" uspid="1417" ordinal="11" offset="93" sl="39" sc="13" el="39" ec="51" bec="2" bev="0" fileid="72" />
                <SequencePoint vc="0" uspid="1418" ordinal="12" offset="97" sl="41" sc="22" el="41" ec="46" bec="0" bev="0" fileid="72" />
                <SequencePoint vc="0" uspid="1419" ordinal="13" offset="108" sl="43" sc="21" el="43" ec="56" bec="2" bev="0" fileid="72" />
                <SequencePoint vc="0" uspid="1420" ordinal="14" offset="122" sl="45" sc="25" el="45" ec="61" bec="0" bev="0" fileid="72" />
                <SequencePoint vc="0" uspid="1421" ordinal="15" offset="126" sl="48" sc="21" el="48" ec="95" bec="2" bev="0" fileid="72" />
                <SequencePoint vc="0" uspid="1422" ordinal="16" offset="137" sl="50" sc="25" el="50" ec="70" bec="0" bev="0" fileid="72" />
                <SequencePoint vc="0" uspid="1423" ordinal="17" offset="151" sl="41" sc="55" el="41" ec="58" bec="0" bev="0" fileid="72" />
                <SequencePoint vc="0" uspid="1424" ordinal="18" offset="155" sl="41" sc="48" el="41" ec="53" bec="2" bev="0" fileid="72" />
                <SequencePoint vc="0" uspid="1425" ordinal="19" offset="159" sl="55" sc="18" el="55" ec="27" bec="0" bev="0" fileid="72" />
                <SequencePoint vc="0" uspid="1426" ordinal="20" offset="163" sl="57" sc="17" el="57" ec="52" bec="2" bev="0" fileid="72" />
                <SequencePoint vc="0" uspid="1427" ordinal="21" offset="177" sl="59" sc="21" el="59" ec="57" bec="0" bev="0" fileid="72" />
                <SequencePoint vc="0" uspid="1428" ordinal="22" offset="181" sl="62" sc="17" el="62" ec="91" bec="2" bev="0" fileid="72" />
                <SequencePoint vc="0" uspid="1429" ordinal="23" offset="192" sl="64" sc="21" el="64" ec="73" bec="0" bev="0" fileid="72" />
                <SequencePoint vc="0" uspid="1430" ordinal="24" offset="209" sl="55" sc="73" el="55" ec="76" bec="0" bev="0" fileid="72" />
                <SequencePoint vc="0" uspid="1431" ordinal="25" offset="213" sl="55" sc="29" el="55" ec="71" bec="2" bev="0" fileid="72" />
                <SequencePoint vc="0" uspid="1432" ordinal="26" offset="229" sl="68" sc="13" el="68" ec="26" bec="0" bev="0" fileid="72" />
              </SequencePoints>
              <BranchPoints>
                <BranchPoint vc="0" uspid="1433" ordinal="0" offset="1" sl="12" path="0" offsetend="3" fileid="72" />
                <BranchPoint vc="0" uspid="1434" ordinal="1" offset="1" sl="12" path="1" offsetend="5" fileid="72" />
                <BranchPoint vc="0" uspid="1435" ordinal="2" offset="11" sl="17" path="0" offsetend="13" fileid="72" />
                <BranchPoint vc="0" uspid="1436" ordinal="3" offset="11" sl="17" path="1" offsetend="15" fileid="72" />
                <BranchPoint vc="0" uspid="1437" ordinal="4" offset="16" sl="22" path="0" offsetend="18" fileid="72" />
                <BranchPoint vc="0" uspid="1438" ordinal="5" offset="16" sl="22" path="1" offsetend="25" fileid="72" />
                <BranchPoint vc="0" uspid="1439" ordinal="6" offset="32" sl="27" path="0" offsetend="34" fileid="72" />
                <BranchPoint vc="0" uspid="1440" ordinal="7" offset="32" sl="27" path="1" offsetend="63" fileid="72" />
                <BranchPoint vc="0" uspid="1441" ordinal="8" offset="37" sl="29" path="0" offsetend="39" fileid="72" />
                <BranchPoint vc="0" uspid="1442" ordinal="9" offset="37" sl="29" path="1" offsetend="54" fileid="72" />
                <BranchPoint vc="0" uspid="1443" ordinal="10" offset="89" sl="34" path="0" offsetend="91" fileid="72" />
                <BranchPoint vc="0" uspid="1444" ordinal="11" offset="89" sl="34" path="1" offsetend="93" fileid="72" />
                <BranchPoint vc="0" uspid="1445" ordinal="12" offset="95" sl="39" path="0" offsetend="97" fileid="72" />
                <BranchPoint vc="0" uspid="1446" ordinal="13" offset="95" sl="39" path="1" offsetend="159" fileid="72" />
                <BranchPoint vc="0" uspid="1447" ordinal="14" offset="120" sl="43" path="0" offsetend="122" fileid="72" />
                <BranchPoint vc="0" uspid="1448" ordinal="15" offset="120" sl="43" path="1" offsetend="126" fileid="72" />
                <BranchPoint vc="0" uspid="1449" ordinal="16" offset="135" sl="48" path="0" offsetend="137" fileid="72" />
                <BranchPoint vc="0" uspid="1450" ordinal="17" offset="135" sl="48" path="1" offsetend="151" fileid="72" />
                <BranchPoint vc="0" uspid="1451" ordinal="18" offset="157" sl="41" path="0" offsetend="159" fileid="72" />
                <BranchPoint vc="0" uspid="1452" ordinal="19" offset="157" sl="41" path="1" offsetend="108" fileid="72" />
                <BranchPoint vc="0" uspid="1453" ordinal="20" offset="175" sl="57" path="0" offsetend="177" fileid="72" />
                <BranchPoint vc="0" uspid="1454" ordinal="21" offset="175" sl="57" path="1" offsetend="181" fileid="72" />
                <BranchPoint vc="0" uspid="1455" ordinal="22" offset="190" sl="62" path="0" offsetend="192" fileid="72" />
                <BranchPoint vc="0" uspid="1456" ordinal="23" offset="190" sl="62" path="1" offsetend="209" fileid="72" />
                <BranchPoint vc="0" uspid="1457" ordinal="24" offset="227" sl="55" path="0" offsetend="229" fileid="72" />
                <BranchPoint vc="0" uspid="1458" ordinal="25" offset="227" sl="55" path="1" offsetend="163" fileid="72" />
              </BranchPoints>
              <MethodPoint xsi:type="SequencePoint" vc="0" uspid="1406" ordinal="0" offset="0" sl="12" sc="13" el="12" ec="31" bec="2" bev="0" fileid="72" />
            </Method>
            <Method visited="false" cyclomaticComplexity="1" nPathComplexity="0" sequenceCoverage="0" branchCoverage="0" crapScore="2" isConstructor="true" isStatic="false" isGetter="false" isSetter="false">
              <Summary numSequencePoints="0" visitedSequencePoints="0" numBranchPoints="0" visitedBranchPoints="0" sequenceCoverage="0" branchCoverage="0" maxCyclomaticComplexity="1" minCyclomaticComplexity="1" maxCrapScore="2" minCrapScore="2" visitedClasses="0" numClasses="0" visitedMethods="0" numMethods="0" />
              <MetadataToken>100663590</MetadataToken>
              <Name>System.Void Humanizer.FixedNumberOfCharactersTruncator::.ctor()</Name>
              <SequencePoints />
              <BranchPoints />
              <MethodPoint vc="0" uspid="1459" ordinal="0" offset="0" />
            </Method>
          </Methods>
        </Class>
        <Class>
          <Summary numSequencePoints="34" visitedSequencePoints="0" numBranchPoints="27" visitedBranchPoints="0" sequenceCoverage="0" branchCoverage="0" maxCyclomaticComplexity="5" minCyclomaticComplexity="1" maxCrapScore="30" minCrapScore="2" visitedClasses="0" numClasses="1" visitedMethods="0" numMethods="3" />
          <FullName>Humanizer.FixedNumberOfWordsTruncator</FullName>
          <Methods>
            <Method visited="false" cyclomaticComplexity="5" nPathComplexity="16" sequenceCoverage="0" branchCoverage="0" crapScore="30" isConstructor="false" isStatic="false" isGetter="false" isSetter="false">
              <Summary numSequencePoints="8" visitedSequencePoints="0" numBranchPoints="9" visitedBranchPoints="0" sequenceCoverage="0" branchCoverage="0" maxCyclomaticComplexity="5" minCyclomaticComplexity="5" maxCrapScore="30" minCrapScore="30" visitedClasses="0" numClasses="0" visitedMethods="0" numMethods="1" />
              <MetadataToken>100663591</MetadataToken>
              <Name>System.String Humanizer.FixedNumberOfWordsTruncator::Truncate(System.String,System.Int32,System.String,Humanizer.TruncateFrom)</Name>
              <FileRef uid="73" />
              <SequencePoints>
                <SequencePoint vc="0" uspid="1460" ordinal="0" offset="0" sl="13" sc="13" el="13" ec="31" bec="2" bev="0" fileid="73" />
                <SequencePoint vc="0" uspid="1461" ordinal="1" offset="3" sl="15" sc="17" el="15" ec="29" bec="0" bev="0" fileid="73" />
                <SequencePoint vc="0" uspid="1462" ordinal="2" offset="5" sl="18" sc="13" el="18" ec="35" bec="2" bev="0" fileid="73" />
                <SequencePoint vc="0" uspid="1463" ordinal="3" offset="13" sl="20" sc="17" el="20" ec="30" bec="0" bev="0" fileid="73" />
                <SequencePoint vc="0" uspid="1464" ordinal="4" offset="15" sl="23" sc="13" el="23" ec="106" bec="0" bev="0" fileid="73" />
                <SequencePoint vc="0" uspid="1465" ordinal="5" offset="28" sl="24" sc="13" el="24" ec="41" bec="2" bev="0" fileid="73" />
                <SequencePoint vc="0" uspid="1466" ordinal="6" offset="31" sl="26" sc="17" el="26" ec="30" bec="0" bev="0" fileid="73" />
                <SequencePoint vc="0" uspid="1467" ordinal="7" offset="33" sl="29" sc="13" el="31" ec="70" bec="2" bev="0" fileid="73" />
              </SequencePoints>
              <BranchPoints>
                <BranchPoint vc="0" uspid="1468" ordinal="0" offset="1" sl="13" path="0" offsetend="3" fileid="73" />
                <BranchPoint vc="0" uspid="1469" ordinal="1" offset="1" sl="13" path="1" offsetend="5" fileid="73" />
                <BranchPoint vc="0" uspid="1470" ordinal="2" offset="11" sl="18" path="0" offsetend="13" fileid="73" />
                <BranchPoint vc="0" uspid="1471" ordinal="3" offset="11" sl="18" path="1" offsetend="15" fileid="73" />
                <BranchPoint vc="0" uspid="1472" ordinal="4" offset="29" sl="24" path="0" offsetend="31" fileid="73" />
                <BranchPoint vc="0" uspid="1473" ordinal="5" offset="29" sl="24" path="1" offsetend="33" fileid="73" />
                <BranchPoint vc="0" uspid="1474" ordinal="6" offset="35" sl="29" path="0" offsetend="37" fileid="73" />
                <BranchPoint vc="0" uspid="1475" ordinal="7" offset="35" sl="29" path="1" offsetend="46" fileid="73" />
              </BranchPoints>
              <MethodPoint xsi:type="SequencePoint" vc="0" uspid="1460" ordinal="0" offset="0" sl="13" sc="13" el="13" ec="31" bec="2" bev="0" fileid="73" />
            </Method>
            <Method visited="false" cyclomaticComplexity="5" nPathComplexity="16" sequenceCoverage="0" branchCoverage="0" crapScore="30" isConstructor="false" isStatic="true" isGetter="false" isSetter="false">
              <Summary numSequencePoints="13" visitedSequencePoints="0" numBranchPoints="9" visitedBranchPoints="0" sequenceCoverage="0" branchCoverage="0" maxCyclomaticComplexity="5" minCyclomaticComplexity="5" maxCrapScore="30" minCrapScore="30" visitedClasses="0" numClasses="0" visitedMethods="0" numMethods="1" />
              <MetadataToken>100663592</MetadataToken>
              <Name>System.String Humanizer.FixedNumberOfWordsTruncator::TruncateFromRight(System.String,System.Int32,System.String)</Name>
              <FileRef uid="73" />
              <SequencePoints>
                <SequencePoint vc="0" uspid="1476" ordinal="0" offset="0" sl="36" sc="13" el="36" ec="52" bec="0" bev="0" fileid="73" />
                <SequencePoint vc="0" uspid="1477" ordinal="1" offset="2" sl="37" sc="13" el="37" ec="44" bec="0" bev="0" fileid="73" />
                <SequencePoint vc="0" uspid="1478" ordinal="2" offset="4" sl="38" sc="18" el="38" ec="27" bec="0" bev="0" fileid="73" />
                <SequencePoint vc="0" uspid="1479" ordinal="3" offset="8" sl="40" sc="17" el="40" ec="49" bec="2" bev="0" fileid="73" />
                <SequencePoint vc="0" uspid="1480" ordinal="4" offset="22" sl="42" sc="21" el="42" ec="54" bec="2" bev="0" fileid="73" />
                <SequencePoint vc="0" uspid="1481" ordinal="5" offset="25" sl="44" sc="25" el="44" ec="50" bec="0" bev="0" fileid="73" />
                <SequencePoint vc="0" uspid="1482" ordinal="6" offset="29" sl="47" sc="21" el="47" ec="56" bec="0" bev="0" fileid="73" />
                <SequencePoint vc="0" uspid="1483" ordinal="7" offset="31" sl="49" sc="21" el="49" ec="58" bec="2" bev="0" fileid="73" />
                <SequencePoint vc="0" uspid="1484" ordinal="8" offset="35" sl="51" sc="25" el="51" ec="73" bec="0" bev="0" fileid="73" />
                <SequencePoint vc="0" uspid="1485" ordinal="9" offset="50" sl="56" sc="21" el="56" ec="57" bec="0" bev="0" fileid="73" />
                <SequencePoint vc="0" uspid="1486" ordinal="10" offset="52" sl="38" sc="47" el="38" ec="50" bec="0" bev="0" fileid="73" />
                <SequencePoint vc="0" uspid="1487" ordinal="11" offset="56" sl="38" sc="29" el="38" ec="45" bec="2" bev="0" fileid="73" />
                <SequencePoint vc="0" uspid="1488" ordinal="12" offset="65" sl="59" sc="13" el="59" ec="45" bec="0" bev="0" fileid="73" />
              </SequencePoints>
              <BranchPoints>
                <BranchPoint vc="0" uspid="1489" ordinal="0" offset="20" sl="40" path="0" offsetend="22" fileid="73" />
                <BranchPoint vc="0" uspid="1490" ordinal="1" offset="20" sl="40" path="1" offsetend="50" fileid="73" />
                <BranchPoint vc="0" uspid="1491" ordinal="2" offset="23" sl="42" path="0" offsetend="25" fileid="73" />
                <BranchPoint vc="0" uspid="1492" ordinal="3" offset="23" sl="42" path="1" offsetend="29" fileid="73" />
                <BranchPoint vc="0" uspid="1493" ordinal="4" offset="33" sl="49" path="0" offsetend="35" fileid="73" />
                <BranchPoint vc="0" uspid="1494" ordinal="5" offset="33" sl="49" path="1" offsetend="52" fileid="73" />
                <BranchPoint vc="0" uspid="1495" ordinal="6" offset="63" sl="38" path="0" offsetend="65" fileid="73" />
                <BranchPoint vc="0" uspid="1496" ordinal="7" offset="63" sl="38" path="1" offsetend="8" fileid="73" />
              </BranchPoints>
              <MethodPoint xsi:type="SequencePoint" vc="0" uspid="1476" ordinal="0" offset="0" sl="36" sc="13" el="36" ec="52" bec="0" bev="0" fileid="73" />
            </Method>
            <Method visited="false" cyclomaticComplexity="5" nPathComplexity="16" sequenceCoverage="0" branchCoverage="0" crapScore="30" isConstructor="false" isStatic="true" isGetter="false" isSetter="false">
              <Summary numSequencePoints="13" visitedSequencePoints="0" numBranchPoints="9" visitedBranchPoints="0" sequenceCoverage="0" branchCoverage="0" maxCyclomaticComplexity="5" minCyclomaticComplexity="5" maxCrapScore="30" minCrapScore="30" visitedClasses="0" numClasses="0" visitedMethods="0" numMethods="1" />
              <MetadataToken>100663593</MetadataToken>
              <Name>System.String Humanizer.FixedNumberOfWordsTruncator::TruncateFromLeft(System.String,System.Int32,System.String)</Name>
              <FileRef uid="73" />
              <SequencePoints>
                <SequencePoint vc="0" uspid="1497" ordinal="0" offset="0" sl="64" sc="13" el="64" ec="52" bec="0" bev="0" fileid="73" />
                <SequencePoint vc="0" uspid="1498" ordinal="1" offset="2" sl="65" sc="13" el="65" ec="44" bec="0" bev="0" fileid="73" />
                <SequencePoint vc="0" uspid="1499" ordinal="2" offset="4" sl="66" sc="18" el="66" ec="42" bec="0" bev="0" fileid="73" />
                <SequencePoint vc="0" uspid="1500" ordinal="3" offset="15" sl="68" sc="17" el="68" ec="49" bec="2" bev="0" fileid="73" />
                <SequencePoint vc="0" uspid="1501" ordinal="4" offset="29" sl="70" sc="21" el="70" ec="54" bec="2" bev="0" fileid="73" />
                <SequencePoint vc="0" uspid="1502" ordinal="5" offset="32" sl="72" sc="25" el="72" ec="50" bec="0" bev="0" fileid="73" />
                <SequencePoint vc="0" uspid="1503" ordinal="6" offset="36" sl="75" sc="21" el="75" ec="56" bec="0" bev="0" fileid="73" />
                <SequencePoint vc="0" uspid="1504" ordinal="7" offset="38" sl="77" sc="21" el="77" ec="58" bec="2" bev="0" fileid="73" />
                <SequencePoint vc="0" uspid="1505" ordinal="8" offset="42" sl="79" sc="25" el="79" ec="84" bec="0" bev="0" fileid="73" />
                <SequencePoint vc="0" uspid="1506" ordinal="9" offset="68" sl="84" sc="21" el="84" ec="57" bec="0" bev="0" fileid="73" />
                <SequencePoint vc="0" uspid="1507" ordinal="10" offset="70" sl="66" sc="51" el="66" ec="54" bec="0" bev="0" fileid="73" />
                <SequencePoint vc="0" uspid="1508" ordinal="11" offset="74" sl="66" sc="44" el="66" ec="49" bec="2" bev="0" fileid="73" />
                <SequencePoint vc="0" uspid="1509" ordinal="12" offset="78" sl="87" sc="13" el="87" ec="45" bec="0" bev="0" fileid="73" />
              </SequencePoints>
              <BranchPoints>
                <BranchPoint vc="0" uspid="1510" ordinal="0" offset="27" sl="68" path="0" offsetend="29" fileid="73" />
                <BranchPoint vc="0" uspid="1511" ordinal="1" offset="27" sl="68" path="1" offsetend="68" fileid="73" />
                <BranchPoint vc="0" uspid="1512" ordinal="2" offset="30" sl="70" path="0" offsetend="32" fileid="73" />
                <BranchPoint vc="0" uspid="1513" ordinal="3" offset="30" sl="70" path="1" offsetend="36" fileid="73" />
                <BranchPoint vc="0" uspid="1514" ordinal="4" offset="40" sl="77" path="0" offsetend="42" fileid="73" />
                <BranchPoint vc="0" uspid="1515" ordinal="5" offset="40" sl="77" path="1" offsetend="70" fileid="73" />
                <BranchPoint vc="0" uspid="1516" ordinal="6" offset="76" sl="66" path="0" offsetend="78" fileid="73" />
                <BranchPoint vc="0" uspid="1517" ordinal="7" offset="76" sl="66" path="1" offsetend="15" fileid="73" />
              </BranchPoints>
              <MethodPoint xsi:type="SequencePoint" vc="0" uspid="1497" ordinal="0" offset="0" sl="64" sc="13" el="64" ec="52" bec="0" bev="0" fileid="73" />
            </Method>
            <Method visited="false" cyclomaticComplexity="1" nPathComplexity="0" sequenceCoverage="0" branchCoverage="0" crapScore="2" isConstructor="true" isStatic="false" isGetter="false" isSetter="false">
              <Summary numSequencePoints="0" visitedSequencePoints="0" numBranchPoints="0" visitedBranchPoints="0" sequenceCoverage="0" branchCoverage="0" maxCyclomaticComplexity="1" minCyclomaticComplexity="1" maxCrapScore="2" minCrapScore="2" visitedClasses="0" numClasses="0" visitedMethods="0" numMethods="0" />
              <MetadataToken>100663594</MetadataToken>
              <Name>System.Void Humanizer.FixedNumberOfWordsTruncator::.ctor()</Name>
              <SequencePoints />
              <BranchPoints />
              <MethodPoint vc="0" uspid="1518" ordinal="0" offset="0" />
            </Method>
          </Methods>
        </Class>
        <Class>
          <Summary numSequencePoints="3" visitedSequencePoints="0" numBranchPoints="3" visitedBranchPoints="0" sequenceCoverage="0" branchCoverage="0" maxCyclomaticComplexity="1" minCyclomaticComplexity="1" maxCrapScore="2" minCrapScore="2" visitedClasses="0" numClasses="1" visitedMethods="0" numMethods="3" />
          <FullName>Humanizer.Truncator</FullName>
          <Methods>
            <Method visited="false" cyclomaticComplexity="1" nPathComplexity="0" sequenceCoverage="0" branchCoverage="0" crapScore="2" isConstructor="false" isStatic="true" isGetter="true" isSetter="false">
              <Summary numSequencePoints="1" visitedSequencePoints="0" numBranchPoints="1" visitedBranchPoints="0" sequenceCoverage="0" branchCoverage="0" maxCyclomaticComplexity="1" minCyclomaticComplexity="1" maxCrapScore="2" minCrapScore="2" visitedClasses="0" numClasses="0" visitedMethods="0" numMethods="1" />
              <MetadataToken>100663596</MetadataToken>
              <Name>Humanizer.ITruncator Humanizer.Truncator::get_FixedLength()</Name>
              <FileRef uid="74" />
              <SequencePoints>
                <SequencePoint vc="0" uspid="1519" ordinal="0" offset="0" sl="15" sc="17" el="15" ec="51" bec="0" bev="0" fileid="74" />
              </SequencePoints>
              <BranchPoints />
              <MethodPoint xsi:type="SequencePoint" vc="0" uspid="1519" ordinal="0" offset="0" sl="15" sc="17" el="15" ec="51" bec="0" bev="0" fileid="74" />
            </Method>
            <Method visited="false" cyclomaticComplexity="1" nPathComplexity="0" sequenceCoverage="0" branchCoverage="0" crapScore="2" isConstructor="false" isStatic="true" isGetter="true" isSetter="false">
              <Summary numSequencePoints="1" visitedSequencePoints="0" numBranchPoints="1" visitedBranchPoints="0" sequenceCoverage="0" branchCoverage="0" maxCyclomaticComplexity="1" minCyclomaticComplexity="1" maxCrapScore="2" minCrapScore="2" visitedClasses="0" numClasses="0" visitedMethods="0" numMethods="1" />
              <MetadataToken>100663597</MetadataToken>
              <Name>Humanizer.ITruncator Humanizer.Truncator::get_FixedNumberOfCharacters()</Name>
              <FileRef uid="74" />
              <SequencePoints>
                <SequencePoint vc="0" uspid="1520" ordinal="0" offset="0" sl="26" sc="17" el="26" ec="63" bec="0" bev="0" fileid="74" />
              </SequencePoints>
              <BranchPoints />
              <MethodPoint xsi:type="SequencePoint" vc="0" uspid="1520" ordinal="0" offset="0" sl="26" sc="17" el="26" ec="63" bec="0" bev="0" fileid="74" />
            </Method>
            <Method visited="false" cyclomaticComplexity="1" nPathComplexity="0" sequenceCoverage="0" branchCoverage="0" crapScore="2" isConstructor="false" isStatic="true" isGetter="true" isSetter="false">
              <Summary numSequencePoints="1" visitedSequencePoints="0" numBranchPoints="1" visitedBranchPoints="0" sequenceCoverage="0" branchCoverage="0" maxCyclomaticComplexity="1" minCyclomaticComplexity="1" maxCrapScore="2" minCrapScore="2" visitedClasses="0" numClasses="0" visitedMethods="0" numMethods="1" />
              <MetadataToken>100663598</MetadataToken>
              <Name>Humanizer.ITruncator Humanizer.Truncator::get_FixedNumberOfWords()</Name>
              <FileRef uid="74" />
              <SequencePoints>
                <SequencePoint vc="0" uspid="1521" ordinal="0" offset="0" sl="37" sc="17" el="37" ec="58" bec="0" bev="0" fileid="74" />
              </SequencePoints>
              <BranchPoints />
              <MethodPoint xsi:type="SequencePoint" vc="0" uspid="1521" ordinal="0" offset="0" sl="37" sc="17" el="37" ec="58" bec="0" bev="0" fileid="74" />
            </Method>
          </Methods>
        </Class>
        <Class>
          <Summary numSequencePoints="13" visitedSequencePoints="0" numBranchPoints="1" visitedBranchPoints="0" sequenceCoverage="0" branchCoverage="0" maxCyclomaticComplexity="13" minCyclomaticComplexity="13" maxCrapScore="182" minCrapScore="182" visitedClasses="0" numClasses="1" visitedMethods="0" numMethods="1" />
          <FullName>Humanizer.TupleizeExtensions</FullName>
          <Methods>
            <Method visited="false" cyclomaticComplexity="13" nPathComplexity="0" sequenceCoverage="0" branchCoverage="0" crapScore="182" isConstructor="false" isStatic="true" isGetter="false" isSetter="false">
              <Summary numSequencePoints="13" visitedSequencePoints="0" numBranchPoints="1" visitedBranchPoints="0" sequenceCoverage="0" branchCoverage="0" maxCyclomaticComplexity="13" minCyclomaticComplexity="13" maxCrapScore="182" minCrapScore="182" visitedClasses="0" numClasses="0" visitedMethods="0" numMethods="1" />
              <MetadataToken>100663599</MetadataToken>
              <Name>System.String Humanizer.TupleizeExtensions::Tupleize(System.Int32)</Name>
              <FileRef uid="75" />
              <SequencePoints>
                <SequencePoint vc="0" uspid="1522" ordinal="0" offset="63" sl="21" sc="21" el="21" ec="37" bec="0" bev="0" fileid="75" />
                <SequencePoint vc="0" uspid="1523" ordinal="1" offset="69" sl="23" sc="21" el="23" ec="37" bec="0" bev="0" fileid="75" />
                <SequencePoint vc="0" uspid="1524" ordinal="2" offset="75" sl="25" sc="21" el="25" ec="37" bec="0" bev="0" fileid="75" />
                <SequencePoint vc="0" uspid="1525" ordinal="3" offset="81" sl="27" sc="21" el="27" ec="40" bec="0" bev="0" fileid="75" />
                <SequencePoint vc="0" uspid="1526" ordinal="4" offset="87" sl="29" sc="21" el="29" ec="40" bec="0" bev="0" fileid="75" />
                <SequencePoint vc="0" uspid="1527" ordinal="5" offset="93" sl="31" sc="21" el="31" ec="39" bec="0" bev="0" fileid="75" />
                <SequencePoint vc="0" uspid="1528" ordinal="6" offset="99" sl="33" sc="21" el="33" ec="39" bec="0" bev="0" fileid="75" />
                <SequencePoint vc="0" uspid="1529" ordinal="7" offset="105" sl="35" sc="21" el="35" ec="38" bec="0" bev="0" fileid="75" />
                <SequencePoint vc="0" uspid="1530" ordinal="8" offset="111" sl="37" sc="21" el="37" ec="38" bec="0" bev="0" fileid="75" />
                <SequencePoint vc="0" uspid="1531" ordinal="9" offset="117" sl="39" sc="21" el="39" ec="38" bec="0" bev="0" fileid="75" />
                <SequencePoint vc="0" uspid="1532" ordinal="10" offset="123" sl="41" sc="21" el="41" ec="39" bec="0" bev="0" fileid="75" />
                <SequencePoint vc="0" uspid="1533" ordinal="11" offset="129" sl="43" sc="21" el="43" ec="39" bec="0" bev="0" fileid="75" />
                <SequencePoint vc="0" uspid="1534" ordinal="12" offset="135" sl="45" sc="21" el="45" ec="45" bec="0" bev="0" fileid="75" />
              </SequencePoints>
              <BranchPoints />
              <MethodPoint vc="0" uspid="1550" ordinal="0" offset="0" />
            </Method>
          </Methods>
        </Class>
        <Class>
          <Summary numSequencePoints="3" visitedSequencePoints="0" numBranchPoints="3" visitedBranchPoints="0" sequenceCoverage="0" branchCoverage="0" maxCyclomaticComplexity="2" minCyclomaticComplexity="1" maxCrapScore="6" minCrapScore="2" visitedClasses="0" numClasses="1" visitedMethods="0" numMethods="1" />
          <FullName>Humanizer.Localisation.ResourceKeys</FullName>
          <Methods>
            <Method visited="false" cyclomaticComplexity="2" nPathComplexity="2" sequenceCoverage="0" branchCoverage="0" crapScore="6" isConstructor="false" isStatic="true" isGetter="false" isSetter="false">
              <Summary numSequencePoints="3" visitedSequencePoints="0" numBranchPoints="3" visitedBranchPoints="0" sequenceCoverage="0" branchCoverage="0" maxCyclomaticComplexity="2" minCyclomaticComplexity="2" maxCrapScore="6" minCrapScore="6" visitedClasses="0" numClasses="0" visitedMethods="0" numMethods="1" />
              <MetadataToken>100663600</MetadataToken>
              <Name>System.Void Humanizer.Localisation.ResourceKeys::ValidateRange(System.Int32)</Name>
              <FileRef uid="76" />
              <SequencePoints>
                <SequencePoint vc="0" uspid="1551" ordinal="0" offset="0" sl="15" sc="13" el="15" ec="27" bec="2" bev="0" fileid="76" />
                <SequencePoint vc="0" uspid="1552" ordinal="1" offset="4" sl="17" sc="17" el="17" ec="70" bec="0" bev="0" fileid="76" />
                <SequencePoint vc="0" uspid="1553" ordinal="2" offset="15" sl="19" sc="9" el="19" ec="10" bec="0" bev="0" fileid="76" />
              </SequencePoints>
              <BranchPoints>
                <BranchPoint vc="0" uspid="1554" ordinal="0" offset="2" sl="15" path="0" offsetend="4" fileid="76" />
                <BranchPoint vc="0" uspid="1555" ordinal="1" offset="2" sl="15" path="1" offsetend="15" fileid="76" />
              </BranchPoints>
              <MethodPoint xsi:type="SequencePoint" vc="0" uspid="1551" ordinal="0" offset="0" sl="15" sc="13" el="15" ec="27" bec="2" bev="0" fileid="76" />
            </Method>
            <Method visited="false" cyclomaticComplexity="1" nPathComplexity="0" sequenceCoverage="0" branchCoverage="0" crapScore="2" isConstructor="true" isStatic="false" isGetter="false" isSetter="false">
              <Summary numSequencePoints="0" visitedSequencePoints="0" numBranchPoints="0" visitedBranchPoints="0" sequenceCoverage="0" branchCoverage="0" maxCyclomaticComplexity="1" minCyclomaticComplexity="1" maxCrapScore="2" minCrapScore="2" visitedClasses="0" numClasses="0" visitedMethods="0" numMethods="0" />
              <MetadataToken>100663601</MetadataToken>
              <Name>System.Void Humanizer.Localisation.ResourceKeys::.ctor()</Name>
              <SequencePoints />
              <BranchPoints />
              <MethodPoint vc="0" uspid="1556" ordinal="0" offset="0" />
            </Method>
          </Methods>
        </Class>
        <Class>
          <Summary numSequencePoints="7" visitedSequencePoints="0" numBranchPoints="7" visitedBranchPoints="0" sequenceCoverage="0" branchCoverage="0" maxCyclomaticComplexity="6" minCyclomaticComplexity="6" maxCrapScore="42" minCrapScore="42" visitedClasses="0" numClasses="1" visitedMethods="0" numMethods="1" />
          <FullName>Humanizer.Localisation.ResourceKeys/DateHumanize</FullName>
          <Methods>
            <Method visited="false" cyclomaticComplexity="6" nPathComplexity="8" sequenceCoverage="0" branchCoverage="0" crapScore="42" isConstructor="false" isStatic="true" isGetter="false" isSetter="false">
              <Summary numSequencePoints="7" visitedSequencePoints="0" numBranchPoints="7" visitedBranchPoints="0" sequenceCoverage="0" branchCoverage="0" maxCyclomaticComplexity="6" minCyclomaticComplexity="6" maxCrapScore="42" minCrapScore="42" visitedClasses="0" numClasses="0" visitedMethods="0" numMethods="1" />
              <MetadataToken>100664655</MetadataToken>
              <Name>System.String Humanizer.Localisation.ResourceKeys/DateHumanize::GetResourceKey(Humanizer.Localisation.TimeUnit,Humanizer.Localisation.Tense,System.Int32)</Name>
              <FileRef uid="77" />
              <SequencePoints>
                <SequencePoint vc="0" uspid="1557" ordinal="0" offset="0" sl="38" sc="17" el="38" ec="38" bec="0" bev="0" fileid="77" />
                <SequencePoint vc="0" uspid="1558" ordinal="1" offset="6" sl="40" sc="17" el="40" ec="32" bec="2" bev="0" fileid="77" />
                <SequencePoint vc="0" uspid="1559" ordinal="2" offset="9" sl="42" sc="21" el="42" ec="32" bec="0" bev="0" fileid="77" />
                <SequencePoint vc="0" uspid="1560" ordinal="3" offset="15" sl="45" sc="17" el="45" ec="66" bec="2" bev="0" fileid="77" />
                <SequencePoint vc="0" uspid="1561" ordinal="4" offset="32" sl="46" sc="17" el="46" ec="75" bec="2" bev="0" fileid="77" />
                <SequencePoint vc="0" uspid="1562" ordinal="5" offset="48" sl="47" sc="17" el="47" ec="87" bec="0" bev="0" fileid="77" />
                <SequencePoint vc="0" uspid="1563" ordinal="6" offset="69" sl="48" sc="17" el="48" ec="76" bec="0" bev="0" fileid="77" />
              </SequencePoints>
              <BranchPoints>
                <BranchPoint vc="0" uspid="1564" ordinal="0" offset="7" sl="40" path="0" offsetend="9" fileid="77" />
                <BranchPoint vc="0" uspid="1565" ordinal="1" offset="7" sl="40" path="1" offsetend="15" fileid="77" />
                <BranchPoint vc="0" uspid="1566" ordinal="2" offset="17" sl="45" path="0" offsetend="19" fileid="77" />
                <BranchPoint vc="0" uspid="1567" ordinal="3" offset="17" sl="45" path="1" offsetend="26" fileid="77" />
                <BranchPoint vc="0" uspid="1568" ordinal="4" offset="33" sl="46" path="0" offsetend="35" fileid="77" />
                <BranchPoint vc="0" uspid="1569" ordinal="5" offset="33" sl="46" path="1" offsetend="42" fileid="77" />
              </BranchPoints>
              <MethodPoint xsi:type="SequencePoint" vc="0" uspid="1557" ordinal="0" offset="0" sl="38" sc="17" el="38" ec="38" bec="0" bev="0" fileid="77" />
            </Method>
          </Methods>
        </Class>
        <Class>
          <Summary numSequencePoints="4" visitedSequencePoints="0" numBranchPoints="7" visitedBranchPoints="0" sequenceCoverage="0" branchCoverage="0" maxCyclomaticComplexity="6" minCyclomaticComplexity="6" maxCrapScore="42" minCrapScore="42" visitedClasses="0" numClasses="1" visitedMethods="0" numMethods="1" />
          <FullName>Humanizer.Localisation.ResourceKeys/TimeSpanHumanize</FullName>
          <Methods>
            <Method visited="false" cyclomaticComplexity="6" nPathComplexity="8" sequenceCoverage="0" branchCoverage="0" crapScore="42" isConstructor="false" isStatic="true" isGetter="false" isSetter="false">
              <Summary numSequencePoints="4" visitedSequencePoints="0" numBranchPoints="7" visitedBranchPoints="0" sequenceCoverage="0" branchCoverage="0" maxCyclomaticComplexity="6" minCyclomaticComplexity="6" maxCrapScore="42" minCrapScore="42" visitedClasses="0" numClasses="0" visitedMethods="0" numMethods="1" />
              <MetadataToken>100664656</MetadataToken>
              <Name>System.String Humanizer.Localisation.ResourceKeys/TimeSpanHumanize::GetResourceKey(Humanizer.Localisation.TimeUnit,System.Int32,System.Boolean)</Name>
              <FileRef uid="78" />
              <SequencePoints>
                <SequencePoint vc="0" uspid="1570" ordinal="0" offset="0" sl="26" sc="17" el="26" ec="38" bec="0" bev="0" fileid="78" />
                <SequencePoint vc="0" uspid="1571" ordinal="1" offset="6" sl="28" sc="17" el="28" ec="43" bec="2" bev="0" fileid="78" />
                <SequencePoint vc="0" uspid="1572" ordinal="2" offset="14" sl="30" sc="21" el="30" ec="33" bec="0" bev="0" fileid="78" />
                <SequencePoint vc="0" uspid="1573" ordinal="3" offset="20" sl="33" sc="17" el="33" ec="111" bec="4" bev="0" fileid="78" />
              </SequencePoints>
              <BranchPoints>
                <BranchPoint vc="0" uspid="1574" ordinal="0" offset="12" sl="28" path="0" offsetend="14" fileid="78" />
                <BranchPoint vc="0" uspid="1575" ordinal="1" offset="12" sl="28" path="1" offsetend="20" fileid="78" />
                <BranchPoint vc="0" uspid="1576" ordinal="2" offset="35" sl="33" path="0" offsetend="37" fileid="78" />
                <BranchPoint vc="0" uspid="1577" ordinal="3" offset="35" sl="33" path="1" offsetend="44" fileid="78" />
                <BranchPoint vc="0" uspid="1578" ordinal="4" offset="63" sl="33" path="0" offsetend="65" fileid="78" />
                <BranchPoint vc="0" uspid="1579" ordinal="5" offset="63" sl="33" path="1" offsetend="72" fileid="78" />
              </BranchPoints>
              <MethodPoint xsi:type="SequencePoint" vc="0" uspid="1570" ordinal="0" offset="0" sl="26" sc="17" el="26" ec="38" bec="0" bev="0" fileid="78" />
            </Method>
          </Methods>
        </Class>
        <Class>
          <Summary numSequencePoints="2" visitedSequencePoints="0" numBranchPoints="2" visitedBranchPoints="0" sequenceCoverage="0" branchCoverage="0" maxCyclomaticComplexity="1" minCyclomaticComplexity="1" maxCrapScore="2" minCrapScore="2" visitedClasses="0" numClasses="1" visitedMethods="0" numMethods="2" />
          <FullName>Humanizer.Localisation.Resources</FullName>
          <Methods>
            <Method visited="false" cyclomaticComplexity="1" nPathComplexity="0" sequenceCoverage="0" branchCoverage="0" crapScore="2" isConstructor="false" isStatic="true" isGetter="false" isSetter="false">
              <Summary numSequencePoints="1" visitedSequencePoints="0" numBranchPoints="1" visitedBranchPoints="0" sequenceCoverage="0" branchCoverage="0" maxCyclomaticComplexity="1" minCyclomaticComplexity="1" maxCrapScore="2" minCrapScore="2" visitedClasses="0" numClasses="0" visitedMethods="0" numMethods="1" />
              <MetadataToken>100663602</MetadataToken>
              <Name>System.String Humanizer.Localisation.Resources::GetResource(System.String,System.Globalization.CultureInfo)</Name>
              <FileRef uid="79" />
              <SequencePoints>
                <SequencePoint vc="0" uspid="1580" ordinal="0" offset="0" sl="22" sc="13" el="22" ec="68" bec="0" bev="0" fileid="79" />
              </SequencePoints>
              <BranchPoints />
              <MethodPoint xsi:type="SequencePoint" vc="0" uspid="1580" ordinal="0" offset="0" sl="22" sc="13" el="22" ec="68" bec="0" bev="0" fileid="79" />
            </Method>
            <Method visited="false" cyclomaticComplexity="1" nPathComplexity="0" sequenceCoverage="0" branchCoverage="0" crapScore="2" isConstructor="true" isStatic="true" isGetter="false" isSetter="false">
              <Summary numSequencePoints="1" visitedSequencePoints="0" numBranchPoints="1" visitedBranchPoints="0" sequenceCoverage="0" branchCoverage="0" maxCyclomaticComplexity="1" minCyclomaticComplexity="1" maxCrapScore="2" minCrapScore="2" visitedClasses="0" numClasses="0" visitedMethods="0" numMethods="1" />
              <MetadataToken>100663603</MetadataToken>
              <Name>System.Void Humanizer.Localisation.Resources::.cctor()</Name>
              <FileRef uid="79" />
              <SequencePoints>
                <SequencePoint vc="0" uspid="1581" ordinal="0" offset="0" sl="12" sc="9" el="12" ec="163" bec="0" bev="0" fileid="79" />
              </SequencePoints>
              <BranchPoints />
              <MethodPoint xsi:type="SequencePoint" vc="0" uspid="1581" ordinal="0" offset="0" sl="12" sc="9" el="12" ec="163" bec="0" bev="0" fileid="79" />
            </Method>
          </Methods>
        </Class>
        <Class>
          <Summary numSequencePoints="3" visitedSequencePoints="0" numBranchPoints="5" visitedBranchPoints="0" sequenceCoverage="0" branchCoverage="0" maxCyclomaticComplexity="3" minCyclomaticComplexity="1" maxCrapScore="12" minCrapScore="2" visitedClasses="0" numClasses="1" visitedMethods="0" numMethods="1" />
          <FullName>Humanizer.Localisation.Ordinalizers.ArmenianOrdinalizer</FullName>
          <Methods>
            <Method visited="false" cyclomaticComplexity="3" nPathComplexity="4" sequenceCoverage="0" branchCoverage="0" crapScore="12" isConstructor="false" isStatic="false" isGetter="false" isSetter="false">
              <Summary numSequencePoints="3" visitedSequencePoints="0" numBranchPoints="5" visitedBranchPoints="0" sequenceCoverage="0" branchCoverage="0" maxCyclomaticComplexity="3" minCyclomaticComplexity="3" maxCrapScore="12" minCrapScore="12" visitedClasses="0" numClasses="0" visitedMethods="0" numMethods="1" />
              <MetadataToken>100663604</MetadataToken>
              <Name>System.String Humanizer.Localisation.Ordinalizers.ArmenianOrdinalizer::Convert(System.Int32,System.String)</Name>
              <FileRef uid="80" />
              <SequencePoints>
                <SequencePoint vc="0" uspid="1582" ordinal="0" offset="0" sl="11" sc="13" el="11" ec="45" bec="3" bev="0" fileid="80" />
                <SequencePoint vc="0" uspid="1583" ordinal="1" offset="8" sl="13" sc="17" el="13" ec="45" bec="0" bev="0" fileid="80" />
                <SequencePoint vc="0" uspid="1584" ordinal="2" offset="20" sl="16" sc="13" el="16" ec="41" bec="0" bev="0" fileid="80" />
              </SequencePoints>
              <BranchPoints>
                <BranchPoint vc="0" uspid="1585" ordinal="0" offset="2" sl="11" path="0" offsetend="4" fileid="80" />
                <BranchPoint vc="0" uspid="1586" ordinal="1" offset="2" sl="11" path="1" offsetend="8" fileid="80" />
                <BranchPoint vc="0" uspid="1587" ordinal="2" offset="6" sl="11" path="0" offsetend="8" fileid="80" />
                <BranchPoint vc="0" uspid="1588" ordinal="3" offset="6" sl="11" path="1" offsetend="20" fileid="80" />
              </BranchPoints>
              <MethodPoint xsi:type="SequencePoint" vc="0" uspid="1582" ordinal="0" offset="0" sl="11" sc="13" el="11" ec="45" bec="3" bev="0" fileid="80" />
            </Method>
            <Method visited="false" cyclomaticComplexity="1" nPathComplexity="0" sequenceCoverage="0" branchCoverage="0" crapScore="2" isConstructor="true" isStatic="false" isGetter="false" isSetter="false">
              <Summary numSequencePoints="0" visitedSequencePoints="0" numBranchPoints="0" visitedBranchPoints="0" sequenceCoverage="0" branchCoverage="0" maxCyclomaticComplexity="1" minCyclomaticComplexity="1" maxCrapScore="2" minCrapScore="2" visitedClasses="0" numClasses="0" visitedMethods="0" numMethods="0" />
              <MetadataToken>100663605</MetadataToken>
              <Name>System.Void Humanizer.Localisation.Ordinalizers.ArmenianOrdinalizer::.ctor()</Name>
              <SequencePoints />
              <BranchPoints />
              <MethodPoint vc="0" uspid="1589" ordinal="0" offset="0" />
            </Method>
          </Methods>
        </Class>
        <Class>
          <Summary numSequencePoints="1" visitedSequencePoints="0" numBranchPoints="1" visitedBranchPoints="0" sequenceCoverage="0" branchCoverage="0" maxCyclomaticComplexity="1" minCyclomaticComplexity="1" maxCrapScore="2" minCrapScore="2" visitedClasses="0" numClasses="1" visitedMethods="0" numMethods="1" />
          <FullName>Humanizer.Localisation.Ordinalizers.AzerbaijaniOrdinalizer</FullName>
          <Methods>
            <Method visited="false" cyclomaticComplexity="1" nPathComplexity="0" sequenceCoverage="0" branchCoverage="0" crapScore="2" isConstructor="false" isStatic="false" isGetter="false" isSetter="false">
              <Summary numSequencePoints="1" visitedSequencePoints="0" numBranchPoints="1" visitedBranchPoints="0" sequenceCoverage="0" branchCoverage="0" maxCyclomaticComplexity="1" minCyclomaticComplexity="1" maxCrapScore="2" minCrapScore="2" visitedClasses="0" numClasses="0" visitedMethods="0" numMethods="1" />
              <MetadataToken>100663606</MetadataToken>
              <Name>System.String Humanizer.Localisation.Ordinalizers.AzerbaijaniOrdinalizer::Convert(System.Int32,System.String)</Name>
              <FileRef uid="81" />
              <SequencePoints>
                <SequencePoint vc="0" uspid="1590" ordinal="0" offset="0" sl="7" sc="13" el="7" ec="39" bec="0" bev="0" fileid="81" />
              </SequencePoints>
              <BranchPoints />
              <MethodPoint xsi:type="SequencePoint" vc="0" uspid="1590" ordinal="0" offset="0" sl="7" sc="13" el="7" ec="39" bec="0" bev="0" fileid="81" />
            </Method>
            <Method visited="false" cyclomaticComplexity="1" nPathComplexity="0" sequenceCoverage="0" branchCoverage="0" crapScore="2" isConstructor="true" isStatic="false" isGetter="false" isSetter="false">
              <Summary numSequencePoints="0" visitedSequencePoints="0" numBranchPoints="0" visitedBranchPoints="0" sequenceCoverage="0" branchCoverage="0" maxCyclomaticComplexity="1" minCyclomaticComplexity="1" maxCrapScore="2" minCrapScore="2" visitedClasses="0" numClasses="0" visitedMethods="0" numMethods="0" />
              <MetadataToken>100663607</MetadataToken>
              <Name>System.Void Humanizer.Localisation.Ordinalizers.AzerbaijaniOrdinalizer::.ctor()</Name>
              <SequencePoints />
              <BranchPoints />
              <MethodPoint vc="0" uspid="1591" ordinal="0" offset="0" />
            </Method>
          </Methods>
        </Class>
        <Class>
          <Summary numSequencePoints="2" visitedSequencePoints="0" numBranchPoints="2" visitedBranchPoints="0" sequenceCoverage="0" branchCoverage="0" maxCyclomaticComplexity="1" minCyclomaticComplexity="1" maxCrapScore="2" minCrapScore="2" visitedClasses="0" numClasses="1" visitedMethods="0" numMethods="2" />
          <FullName>Humanizer.Localisation.Ordinalizers.DefaultOrdinalizer</FullName>
          <Methods>
            <Method visited="false" cyclomaticComplexity="1" nPathComplexity="0" sequenceCoverage="0" branchCoverage="0" crapScore="2" isConstructor="false" isStatic="false" isGetter="false" isSetter="false">
              <Summary numSequencePoints="1" visitedSequencePoints="0" numBranchPoints="1" visitedBranchPoints="0" sequenceCoverage="0" branchCoverage="0" maxCyclomaticComplexity="1" minCyclomaticComplexity="1" maxCrapScore="2" minCrapScore="2" visitedClasses="0" numClasses="0" visitedMethods="0" numMethods="1" />
              <MetadataToken>100663608</MetadataToken>
              <Name>System.String Humanizer.Localisation.Ordinalizers.DefaultOrdinalizer::Convert(System.Int32,System.String,Humanizer.GrammaticalGender)</Name>
              <FileRef uid="82" />
              <SequencePoints>
                <SequencePoint vc="0" uspid="1592" ordinal="0" offset="0" sl="7" sc="13" el="7" ec="50" bec="0" bev="0" fileid="82" />
              </SequencePoints>
              <BranchPoints />
              <MethodPoint xsi:type="SequencePoint" vc="0" uspid="1592" ordinal="0" offset="0" sl="7" sc="13" el="7" ec="50" bec="0" bev="0" fileid="82" />
            </Method>
            <Method visited="false" cyclomaticComplexity="1" nPathComplexity="0" sequenceCoverage="0" branchCoverage="0" crapScore="2" isConstructor="false" isStatic="false" isGetter="false" isSetter="false">
              <Summary numSequencePoints="1" visitedSequencePoints="0" numBranchPoints="1" visitedBranchPoints="0" sequenceCoverage="0" branchCoverage="0" maxCyclomaticComplexity="1" minCyclomaticComplexity="1" maxCrapScore="2" minCrapScore="2" visitedClasses="0" numClasses="0" visitedMethods="0" numMethods="1" />
              <MetadataToken>100663609</MetadataToken>
              <Name>System.String Humanizer.Localisation.Ordinalizers.DefaultOrdinalizer::Convert(System.Int32,System.String)</Name>
              <FileRef uid="82" />
              <SequencePoints>
                <SequencePoint vc="0" uspid="1593" ordinal="0" offset="0" sl="12" sc="13" el="12" ec="33" bec="0" bev="0" fileid="82" />
              </SequencePoints>
              <BranchPoints />
              <MethodPoint xsi:type="SequencePoint" vc="0" uspid="1593" ordinal="0" offset="0" sl="12" sc="13" el="12" ec="33" bec="0" bev="0" fileid="82" />
            </Method>
            <Method visited="false" cyclomaticComplexity="1" nPathComplexity="0" sequenceCoverage="0" branchCoverage="0" crapScore="2" isConstructor="true" isStatic="false" isGetter="false" isSetter="false">
              <Summary numSequencePoints="0" visitedSequencePoints="0" numBranchPoints="0" visitedBranchPoints="0" sequenceCoverage="0" branchCoverage="0" maxCyclomaticComplexity="1" minCyclomaticComplexity="1" maxCrapScore="2" minCrapScore="2" visitedClasses="0" numClasses="0" visitedMethods="0" numMethods="0" />
              <MetadataToken>100663610</MetadataToken>
              <Name>System.Void Humanizer.Localisation.Ordinalizers.DefaultOrdinalizer::.ctor()</Name>
              <SequencePoints />
              <BranchPoints />
              <MethodPoint vc="0" uspid="1594" ordinal="0" offset="0" />
            </Method>
          </Methods>
        </Class>
        <Class>
          <Summary numSequencePoints="4" visitedSequencePoints="0" numBranchPoints="4" visitedBranchPoints="0" sequenceCoverage="0" branchCoverage="0" maxCyclomaticComplexity="2" minCyclomaticComplexity="1" maxCrapScore="6" minCrapScore="2" visitedClasses="0" numClasses="1" visitedMethods="0" numMethods="2" />
          <FullName>Humanizer.Localisation.Ordinalizers.DutchOrdinalizer</FullName>
          <Methods>
            <Method visited="false" cyclomaticComplexity="1" nPathComplexity="0" sequenceCoverage="0" branchCoverage="0" crapScore="2" isConstructor="false" isStatic="false" isGetter="false" isSetter="false">
              <Summary numSequencePoints="1" visitedSequencePoints="0" numBranchPoints="1" visitedBranchPoints="0" sequenceCoverage="0" branchCoverage="0" maxCyclomaticComplexity="1" minCyclomaticComplexity="1" maxCrapScore="2" minCrapScore="2" visitedClasses="0" numClasses="0" visitedMethods="0" numMethods="1" />
              <MetadataToken>100663611</MetadataToken>
              <Name>System.String Humanizer.Localisation.Ordinalizers.DutchOrdinalizer::Convert(System.Int32,System.String)</Name>
              <FileRef uid="83" />
              <SequencePoints>
                <SequencePoint vc="0" uspid="1595" ordinal="0" offset="0" sl="7" sc="13" el="7" ec="79" bec="0" bev="0" fileid="83" />
              </SequencePoints>
              <BranchPoints />
              <MethodPoint xsi:type="SequencePoint" vc="0" uspid="1595" ordinal="0" offset="0" sl="7" sc="13" el="7" ec="79" bec="0" bev="0" fileid="83" />
            </Method>
            <Method visited="false" cyclomaticComplexity="2" nPathComplexity="2" sequenceCoverage="0" branchCoverage="0" crapScore="6" isConstructor="false" isStatic="false" isGetter="false" isSetter="false">
              <Summary numSequencePoints="3" visitedSequencePoints="0" numBranchPoints="3" visitedBranchPoints="0" sequenceCoverage="0" branchCoverage="0" maxCyclomaticComplexity="2" minCyclomaticComplexity="2" maxCrapScore="6" minCrapScore="6" visitedClasses="0" numClasses="0" visitedMethods="0" numMethods="1" />
              <MetadataToken>100663612</MetadataToken>
              <Name>System.String Humanizer.Localisation.Ordinalizers.DutchOrdinalizer::Convert(System.Int32,System.String,Humanizer.GrammaticalGender)</Name>
              <FileRef uid="83" />
              <SequencePoints>
                <SequencePoint vc="0" uspid="1596" ordinal="0" offset="0" sl="13" sc="13" el="13" ec="29" bec="2" bev="0" fileid="83" />
                <SequencePoint vc="0" uspid="1597" ordinal="1" offset="3" sl="15" sc="17" el="15" ec="28" bec="0" bev="0" fileid="83" />
                <SequencePoint vc="0" uspid="1598" ordinal="2" offset="9" sl="18" sc="13" el="18" ec="39" bec="0" bev="0" fileid="83" />
              </SequencePoints>
              <BranchPoints>
                <BranchPoint vc="0" uspid="1599" ordinal="0" offset="1" sl="13" path="0" offsetend="3" fileid="83" />
                <BranchPoint vc="0" uspid="1600" ordinal="1" offset="1" sl="13" path="1" offsetend="9" fileid="83" />
              </BranchPoints>
              <MethodPoint xsi:type="SequencePoint" vc="0" uspid="1596" ordinal="0" offset="0" sl="13" sc="13" el="13" ec="29" bec="2" bev="0" fileid="83" />
            </Method>
            <Method visited="false" cyclomaticComplexity="1" nPathComplexity="0" sequenceCoverage="0" branchCoverage="0" crapScore="2" isConstructor="true" isStatic="false" isGetter="false" isSetter="false">
              <Summary numSequencePoints="0" visitedSequencePoints="0" numBranchPoints="0" visitedBranchPoints="0" sequenceCoverage="0" branchCoverage="0" maxCyclomaticComplexity="1" minCyclomaticComplexity="1" maxCrapScore="2" minCrapScore="2" visitedClasses="0" numClasses="0" visitedMethods="0" numMethods="0" />
              <MetadataToken>100663613</MetadataToken>
              <Name>System.Void Humanizer.Localisation.Ordinalizers.DutchOrdinalizer::.ctor()</Name>
              <SequencePoints />
              <BranchPoints />
              <MethodPoint vc="0" uspid="1601" ordinal="0" offset="0" />
            </Method>
          </Methods>
        </Class>
        <Class>
          <Summary numSequencePoints="8" visitedSequencePoints="0" numBranchPoints="9" visitedBranchPoints="0" sequenceCoverage="0" branchCoverage="0" maxCyclomaticComplexity="7" minCyclomaticComplexity="1" maxCrapScore="56" minCrapScore="2" visitedClasses="0" numClasses="1" visitedMethods="0" numMethods="1" />
          <FullName>Humanizer.Localisation.Ordinalizers.EnglishOrdinalizer</FullName>
          <Methods>
            <Method visited="false" cyclomaticComplexity="7" nPathComplexity="16" sequenceCoverage="0" branchCoverage="0" crapScore="56" isConstructor="false" isStatic="false" isGetter="false" isSetter="false">
              <Summary numSequencePoints="8" visitedSequencePoints="0" numBranchPoints="9" visitedBranchPoints="0" sequenceCoverage="0" branchCoverage="0" maxCyclomaticComplexity="7" minCyclomaticComplexity="7" maxCrapScore="56" minCrapScore="56" visitedClasses="0" numClasses="0" visitedMethods="0" numMethods="1" />
              <MetadataToken>100663614</MetadataToken>
              <Name>System.String Humanizer.Localisation.Ordinalizers.EnglishOrdinalizer::Convert(System.Int32,System.String)</Name>
              <FileRef uid="84" />
              <SequencePoints>
                <SequencePoint vc="0" uspid="1602" ordinal="0" offset="0" sl="7" sc="13" el="7" ec="40" bec="0" bev="0" fileid="84" />
                <SequencePoint vc="0" uspid="1603" ordinal="1" offset="5" sl="9" sc="13" el="9" ec="48" bec="3" bev="0" fileid="84" />
                <SequencePoint vc="0" uspid="1604" ordinal="2" offset="15" sl="11" sc="17" el="11" ec="44" bec="0" bev="0" fileid="84" />
                <SequencePoint vc="0" uspid="1605" ordinal="3" offset="27" sl="14" sc="13" el="14" ec="33" bec="4" bev="0" fileid="84" />
                <SequencePoint vc="0" uspid="1606" ordinal="4" offset="54" sl="17" sc="21" el="17" ec="48" bec="0" bev="0" fileid="84" />
                <SequencePoint vc="0" uspid="1607" ordinal="5" offset="66" sl="20" sc="21" el="20" ec="48" bec="0" bev="0" fileid="84" />
                <SequencePoint vc="0" uspid="1608" ordinal="6" offset="78" sl="23" sc="21" el="23" ec="48" bec="0" bev="0" fileid="84" />
                <SequencePoint vc="0" uspid="1609" ordinal="7" offset="90" sl="26" sc="21" el="26" ec="48" bec="0" bev="0" fileid="84" />
              </SequencePoints>
              <BranchPoints>
                <BranchPoint vc="0" uspid="1610" ordinal="0" offset="8" sl="9" path="0" offsetend="10" fileid="84" />
                <BranchPoint vc="0" uspid="1611" ordinal="1" offset="8" sl="9" path="1" offsetend="27" fileid="84" />
                <BranchPoint vc="0" uspid="1612" ordinal="2" offset="13" sl="9" path="0" offsetend="15" fileid="84" />
                <BranchPoint vc="0" uspid="1613" ordinal="3" offset="13" sl="9" path="1" offsetend="27" fileid="84" />
                <BranchPoint vc="0" uspid="1614" ordinal="4" offset="35" sl="14" path="0" offsetchain="52" offsetend="90" fileid="84" />
                <BranchPoint vc="0" uspid="1615" ordinal="5" offset="35" sl="14" path="1" offsetend="54" fileid="84" />
                <BranchPoint vc="0" uspid="1616" ordinal="6" offset="35" sl="14" path="2" offsetend="66" fileid="84" />
                <BranchPoint vc="0" uspid="1617" ordinal="7" offset="35" sl="14" path="3" offsetend="78" fileid="84" />
              </BranchPoints>
              <MethodPoint xsi:type="SequencePoint" vc="0" uspid="1602" ordinal="0" offset="0" sl="7" sc="13" el="7" ec="40" bec="0" bev="0" fileid="84" />
            </Method>
            <Method visited="false" cyclomaticComplexity="1" nPathComplexity="0" sequenceCoverage="0" branchCoverage="0" crapScore="2" isConstructor="true" isStatic="false" isGetter="false" isSetter="false">
              <Summary numSequencePoints="0" visitedSequencePoints="0" numBranchPoints="0" visitedBranchPoints="0" sequenceCoverage="0" branchCoverage="0" maxCyclomaticComplexity="1" minCyclomaticComplexity="1" maxCrapScore="2" minCrapScore="2" visitedClasses="0" numClasses="0" visitedMethods="0" numMethods="0" />
              <MetadataToken>100663615</MetadataToken>
              <Name>System.Void Humanizer.Localisation.Ordinalizers.EnglishOrdinalizer::.ctor()</Name>
              <SequencePoints />
              <BranchPoints />
              <MethodPoint vc="0" uspid="1618" ordinal="0" offset="0" />
            </Method>
          </Methods>
        </Class>
        <Class>
          <Summary numSequencePoints="6" visitedSequencePoints="0" numBranchPoints="6" visitedBranchPoints="0" sequenceCoverage="0" branchCoverage="0" maxCyclomaticComplexity="3" minCyclomaticComplexity="1" maxCrapScore="12" minCrapScore="2" visitedClasses="0" numClasses="1" visitedMethods="0" numMethods="2" />
          <FullName>Humanizer.Localisation.Ordinalizers.FrenchOrdinalizer</FullName>
          <Methods>
            <Method visited="false" cyclomaticComplexity="1" nPathComplexity="0" sequenceCoverage="0" branchCoverage="0" crapScore="2" isConstructor="false" isStatic="false" isGetter="false" isSetter="false">
              <Summary numSequencePoints="1" visitedSequencePoints="0" numBranchPoints="1" visitedBranchPoints="0" sequenceCoverage="0" branchCoverage="0" maxCyclomaticComplexity="1" minCyclomaticComplexity="1" maxCrapScore="2" minCrapScore="2" visitedClasses="0" numClasses="0" visitedMethods="0" numMethods="1" />
              <MetadataToken>100663616</MetadataToken>
              <Name>System.String Humanizer.Localisation.Ordinalizers.FrenchOrdinalizer::Convert(System.Int32,System.String)</Name>
              <FileRef uid="85" />
              <SequencePoints>
                <SequencePoint vc="0" uspid="1619" ordinal="0" offset="0" sl="7" sc="13" el="7" ec="79" bec="0" bev="0" fileid="85" />
              </SequencePoints>
              <BranchPoints />
              <MethodPoint xsi:type="SequencePoint" vc="0" uspid="1619" ordinal="0" offset="0" sl="7" sc="13" el="7" ec="79" bec="0" bev="0" fileid="85" />
            </Method>
            <Method visited="false" cyclomaticComplexity="3" nPathComplexity="4" sequenceCoverage="0" branchCoverage="0" crapScore="12" isConstructor="false" isStatic="false" isGetter="false" isSetter="false">
              <Summary numSequencePoints="5" visitedSequencePoints="0" numBranchPoints="5" visitedBranchPoints="0" sequenceCoverage="0" branchCoverage="0" maxCyclomaticComplexity="3" minCyclomaticComplexity="3" maxCrapScore="12" minCrapScore="12" visitedClasses="0" numClasses="0" visitedMethods="0" numMethods="1" />
              <MetadataToken>100663617</MetadataToken>
              <Name>System.String Humanizer.Localisation.Ordinalizers.FrenchOrdinalizer::Convert(System.Int32,System.String,Humanizer.GrammaticalGender)</Name>
              <FileRef uid="85" />
              <SequencePoints>
                <SequencePoint vc="0" uspid="1620" ordinal="0" offset="0" sl="12" sc="13" el="12" ec="29" bec="2" bev="0" fileid="85" />
                <SequencePoint vc="0" uspid="1621" ordinal="1" offset="4" sl="14" sc="17" el="14" ec="58" bec="2" bev="0" fileid="85" />
                <SequencePoint vc="0" uspid="1622" ordinal="2" offset="8" sl="16" sc="21" el="16" ec="49" bec="0" bev="0" fileid="85" />
                <SequencePoint vc="0" uspid="1623" ordinal="3" offset="20" sl="18" sc="17" el="18" ec="44" bec="0" bev="0" fileid="85" />
                <SequencePoint vc="0" uspid="1624" ordinal="4" offset="32" sl="21" sc="13" el="21" ec="41" bec="0" bev="0" fileid="85" />
              </SequencePoints>
              <BranchPoints>
                <BranchPoint vc="0" uspid="1625" ordinal="0" offset="2" sl="12" path="0" offsetend="4" fileid="85" />
                <BranchPoint vc="0" uspid="1626" ordinal="1" offset="2" sl="12" path="1" offsetend="32" fileid="85" />
                <BranchPoint vc="0" uspid="1627" ordinal="2" offset="6" sl="14" path="0" offsetend="8" fileid="85" />
                <BranchPoint vc="0" uspid="1628" ordinal="3" offset="6" sl="14" path="1" offsetend="20" fileid="85" />
              </BranchPoints>
              <MethodPoint xsi:type="SequencePoint" vc="0" uspid="1620" ordinal="0" offset="0" sl="12" sc="13" el="12" ec="29" bec="2" bev="0" fileid="85" />
            </Method>
            <Method visited="false" cyclomaticComplexity="1" nPathComplexity="0" sequenceCoverage="0" branchCoverage="0" crapScore="2" isConstructor="true" isStatic="false" isGetter="false" isSetter="false">
              <Summary numSequencePoints="0" visitedSequencePoints="0" numBranchPoints="0" visitedBranchPoints="0" sequenceCoverage="0" branchCoverage="0" maxCyclomaticComplexity="1" minCyclomaticComplexity="1" maxCrapScore="2" minCrapScore="2" visitedClasses="0" numClasses="0" visitedMethods="0" numMethods="0" />
              <MetadataToken>100663618</MetadataToken>
              <Name>System.Void Humanizer.Localisation.Ordinalizers.FrenchOrdinalizer::.ctor()</Name>
              <SequencePoints />
              <BranchPoints />
              <MethodPoint vc="0" uspid="1629" ordinal="0" offset="0" />
            </Method>
          </Methods>
        </Class>
        <Class>
          <Summary numSequencePoints="1" visitedSequencePoints="0" numBranchPoints="1" visitedBranchPoints="0" sequenceCoverage="0" branchCoverage="0" maxCyclomaticComplexity="1" minCyclomaticComplexity="1" maxCrapScore="2" minCrapScore="2" visitedClasses="0" numClasses="1" visitedMethods="0" numMethods="1" />
          <FullName>Humanizer.Localisation.Ordinalizers.GermanOrdinalizer</FullName>
          <Methods>
            <Method visited="false" cyclomaticComplexity="1" nPathComplexity="0" sequenceCoverage="0" branchCoverage="0" crapScore="2" isConstructor="false" isStatic="false" isGetter="false" isSetter="false">
              <Summary numSequencePoints="1" visitedSequencePoints="0" numBranchPoints="1" visitedBranchPoints="0" sequenceCoverage="0" branchCoverage="0" maxCyclomaticComplexity="1" minCyclomaticComplexity="1" maxCrapScore="2" minCrapScore="2" visitedClasses="0" numClasses="0" visitedMethods="0" numMethods="1" />
              <MetadataToken>100663619</MetadataToken>
              <Name>System.String Humanizer.Localisation.Ordinalizers.GermanOrdinalizer::Convert(System.Int32,System.String)</Name>
              <FileRef uid="86" />
              <SequencePoints>
                <SequencePoint vc="0" uspid="1630" ordinal="0" offset="0" sl="7" sc="13" el="7" ec="39" bec="0" bev="0" fileid="86" />
              </SequencePoints>
              <BranchPoints />
              <MethodPoint xsi:type="SequencePoint" vc="0" uspid="1630" ordinal="0" offset="0" sl="7" sc="13" el="7" ec="39" bec="0" bev="0" fileid="86" />
            </Method>
            <Method visited="false" cyclomaticComplexity="1" nPathComplexity="0" sequenceCoverage="0" branchCoverage="0" crapScore="2" isConstructor="true" isStatic="false" isGetter="false" isSetter="false">
              <Summary numSequencePoints="0" visitedSequencePoints="0" numBranchPoints="0" visitedBranchPoints="0" sequenceCoverage="0" branchCoverage="0" maxCyclomaticComplexity="1" minCyclomaticComplexity="1" maxCrapScore="2" minCrapScore="2" visitedClasses="0" numClasses="0" visitedMethods="0" numMethods="0" />
              <MetadataToken>100663620</MetadataToken>
              <Name>System.Void Humanizer.Localisation.Ordinalizers.GermanOrdinalizer::.ctor()</Name>
              <SequencePoints />
              <BranchPoints />
              <MethodPoint vc="0" uspid="1631" ordinal="0" offset="0" />
            </Method>
          </Methods>
        </Class>
        <Class>
          <Summary numSequencePoints="6" visitedSequencePoints="0" numBranchPoints="6" visitedBranchPoints="0" sequenceCoverage="0" branchCoverage="0" maxCyclomaticComplexity="3" minCyclomaticComplexity="1" maxCrapScore="12" minCrapScore="2" visitedClasses="0" numClasses="1" visitedMethods="0" numMethods="2" />
          <FullName>Humanizer.Localisation.Ordinalizers.ItalianOrdinalizer</FullName>
          <Methods>
            <Method visited="false" cyclomaticComplexity="1" nPathComplexity="0" sequenceCoverage="0" branchCoverage="0" crapScore="2" isConstructor="false" isStatic="false" isGetter="false" isSetter="false">
              <Summary numSequencePoints="1" visitedSequencePoints="0" numBranchPoints="1" visitedBranchPoints="0" sequenceCoverage="0" branchCoverage="0" maxCyclomaticComplexity="1" minCyclomaticComplexity="1" maxCrapScore="2" minCrapScore="2" visitedClasses="0" numClasses="0" visitedMethods="0" numMethods="1" />
              <MetadataToken>100663623</MetadataToken>
              <Name>System.String Humanizer.Localisation.Ordinalizers.ItalianOrdinalizer::Convert(System.Int32,System.String)</Name>
              <FileRef uid="87" />
              <SequencePoints>
                <SequencePoint vc="0" uspid="1632" ordinal="0" offset="0" sl="7" sc="13" el="7" ec="79" bec="0" bev="0" fileid="87" />
              </SequencePoints>
              <BranchPoints />
              <MethodPoint xsi:type="SequencePoint" vc="0" uspid="1632" ordinal="0" offset="0" sl="7" sc="13" el="7" ec="79" bec="0" bev="0" fileid="87" />
            </Method>
            <Method visited="false" cyclomaticComplexity="3" nPathComplexity="4" sequenceCoverage="0" branchCoverage="0" crapScore="12" isConstructor="false" isStatic="false" isGetter="false" isSetter="false">
              <Summary numSequencePoints="5" visitedSequencePoints="0" numBranchPoints="5" visitedBranchPoints="0" sequenceCoverage="0" branchCoverage="0" maxCyclomaticComplexity="3" minCyclomaticComplexity="3" maxCrapScore="12" minCrapScore="12" visitedClasses="0" numClasses="0" visitedMethods="0" numMethods="1" />
              <MetadataToken>100663624</MetadataToken>
              <Name>System.String Humanizer.Localisation.Ordinalizers.ItalianOrdinalizer::Convert(System.Int32,System.String,Humanizer.GrammaticalGender)</Name>
              <FileRef uid="87" />
              <SequencePoints>
                <SequencePoint vc="0" uspid="1633" ordinal="0" offset="0" sl="13" sc="13" el="13" ec="29" bec="2" bev="0" fileid="87" />
                <SequencePoint vc="0" uspid="1634" ordinal="1" offset="3" sl="15" sc="17" el="15" ec="28" bec="0" bev="0" fileid="87" />
                <SequencePoint vc="0" uspid="1635" ordinal="2" offset="9" sl="18" sc="13" el="18" ec="54" bec="2" bev="0" fileid="87" />
                <SequencePoint vc="0" uspid="1636" ordinal="3" offset="13" sl="20" sc="17" el="20" ec="43" bec="0" bev="0" fileid="87" />
                <SequencePoint vc="0" uspid="1637" ordinal="4" offset="25" sl="23" sc="13" el="23" ec="39" bec="0" bev="0" fileid="87" />
              </SequencePoints>
              <BranchPoints>
                <BranchPoint vc="0" uspid="1638" ordinal="0" offset="1" sl="13" path="0" offsetend="3" fileid="87" />
                <BranchPoint vc="0" uspid="1639" ordinal="1" offset="1" sl="13" path="1" offsetend="9" fileid="87" />
                <BranchPoint vc="0" uspid="1640" ordinal="2" offset="11" sl="18" path="0" offsetend="13" fileid="87" />
                <BranchPoint vc="0" uspid="1641" ordinal="3" offset="11" sl="18" path="1" offsetend="25" fileid="87" />
              </BranchPoints>
              <MethodPoint xsi:type="SequencePoint" vc="0" uspid="1633" ordinal="0" offset="0" sl="13" sc="13" el="13" ec="29" bec="2" bev="0" fileid="87" />
            </Method>
            <Method visited="false" cyclomaticComplexity="1" nPathComplexity="0" sequenceCoverage="0" branchCoverage="0" crapScore="2" isConstructor="true" isStatic="false" isGetter="false" isSetter="false">
              <Summary numSequencePoints="0" visitedSequencePoints="0" numBranchPoints="0" visitedBranchPoints="0" sequenceCoverage="0" branchCoverage="0" maxCyclomaticComplexity="1" minCyclomaticComplexity="1" maxCrapScore="2" minCrapScore="2" visitedClasses="0" numClasses="0" visitedMethods="0" numMethods="0" />
              <MetadataToken>100663625</MetadataToken>
              <Name>System.Void Humanizer.Localisation.Ordinalizers.ItalianOrdinalizer::.ctor()</Name>
              <SequencePoints />
              <BranchPoints />
              <MethodPoint vc="0" uspid="1642" ordinal="0" offset="0" />
            </Method>
          </Methods>
        </Class>
        <Class>
          <Summary numSequencePoints="6" visitedSequencePoints="0" numBranchPoints="6" visitedBranchPoints="0" sequenceCoverage="0" branchCoverage="0" maxCyclomaticComplexity="3" minCyclomaticComplexity="1" maxCrapScore="12" minCrapScore="2" visitedClasses="0" numClasses="1" visitedMethods="0" numMethods="2" />
          <FullName>Humanizer.Localisation.Ordinalizers.PortugueseOrdinalizer</FullName>
          <Methods>
            <Method visited="false" cyclomaticComplexity="1" nPathComplexity="0" sequenceCoverage="0" branchCoverage="0" crapScore="2" isConstructor="false" isStatic="false" isGetter="false" isSetter="false">
              <Summary numSequencePoints="1" visitedSequencePoints="0" numBranchPoints="1" visitedBranchPoints="0" sequenceCoverage="0" branchCoverage="0" maxCyclomaticComplexity="1" minCyclomaticComplexity="1" maxCrapScore="2" minCrapScore="2" visitedClasses="0" numClasses="0" visitedMethods="0" numMethods="1" />
              <MetadataToken>100663626</MetadataToken>
              <Name>System.String Humanizer.Localisation.Ordinalizers.PortugueseOrdinalizer::Convert(System.Int32,System.String)</Name>
              <FileRef uid="88" />
              <SequencePoints>
                <SequencePoint vc="0" uspid="1643" ordinal="0" offset="0" sl="7" sc="13" el="7" ec="79" bec="0" bev="0" fileid="88" />
              </SequencePoints>
              <BranchPoints />
              <MethodPoint xsi:type="SequencePoint" vc="0" uspid="1643" ordinal="0" offset="0" sl="7" sc="13" el="7" ec="79" bec="0" bev="0" fileid="88" />
            </Method>
            <Method visited="false" cyclomaticComplexity="3" nPathComplexity="4" sequenceCoverage="0" branchCoverage="0" crapScore="12" isConstructor="false" isStatic="false" isGetter="false" isSetter="false">
              <Summary numSequencePoints="5" visitedSequencePoints="0" numBranchPoints="5" visitedBranchPoints="0" sequenceCoverage="0" branchCoverage="0" maxCyclomaticComplexity="3" minCyclomaticComplexity="3" maxCrapScore="12" minCrapScore="12" visitedClasses="0" numClasses="0" visitedMethods="0" numMethods="1" />
              <MetadataToken>100663627</MetadataToken>
              <Name>System.String Humanizer.Localisation.Ordinalizers.PortugueseOrdinalizer::Convert(System.Int32,System.String,Humanizer.GrammaticalGender)</Name>
              <FileRef uid="88" />
              <SequencePoints>
                <SequencePoint vc="0" uspid="1644" ordinal="0" offset="0" sl="13" sc="13" el="13" ec="29" bec="2" bev="0" fileid="88" />
                <SequencePoint vc="0" uspid="1645" ordinal="1" offset="3" sl="15" sc="17" el="15" ec="28" bec="0" bev="0" fileid="88" />
                <SequencePoint vc="0" uspid="1646" ordinal="2" offset="9" sl="18" sc="13" el="18" ec="54" bec="2" bev="0" fileid="88" />
                <SequencePoint vc="0" uspid="1647" ordinal="3" offset="13" sl="20" sc="17" el="20" ec="43" bec="0" bev="0" fileid="88" />
                <SequencePoint vc="0" uspid="1648" ordinal="4" offset="25" sl="23" sc="13" el="23" ec="39" bec="0" bev="0" fileid="88" />
              </SequencePoints>
              <BranchPoints>
                <BranchPoint vc="0" uspid="1649" ordinal="0" offset="1" sl="13" path="0" offsetend="3" fileid="88" />
                <BranchPoint vc="0" uspid="1650" ordinal="1" offset="1" sl="13" path="1" offsetend="9" fileid="88" />
                <BranchPoint vc="0" uspid="1651" ordinal="2" offset="11" sl="18" path="0" offsetend="13" fileid="88" />
                <BranchPoint vc="0" uspid="1652" ordinal="3" offset="11" sl="18" path="1" offsetend="25" fileid="88" />
              </BranchPoints>
              <MethodPoint xsi:type="SequencePoint" vc="0" uspid="1644" ordinal="0" offset="0" sl="13" sc="13" el="13" ec="29" bec="2" bev="0" fileid="88" />
            </Method>
            <Method visited="false" cyclomaticComplexity="1" nPathComplexity="0" sequenceCoverage="0" branchCoverage="0" crapScore="2" isConstructor="true" isStatic="false" isGetter="false" isSetter="false">
              <Summary numSequencePoints="0" visitedSequencePoints="0" numBranchPoints="0" visitedBranchPoints="0" sequenceCoverage="0" branchCoverage="0" maxCyclomaticComplexity="1" minCyclomaticComplexity="1" maxCrapScore="2" minCrapScore="2" visitedClasses="0" numClasses="0" visitedMethods="0" numMethods="0" />
              <MetadataToken>100663628</MetadataToken>
              <Name>System.Void Humanizer.Localisation.Ordinalizers.PortugueseOrdinalizer::.ctor()</Name>
              <SequencePoints />
              <BranchPoints />
              <MethodPoint vc="0" uspid="1653" ordinal="0" offset="0" />
            </Method>
          </Methods>
        </Class>
        <Class>
          <Summary numSequencePoints="10" visitedSequencePoints="0" numBranchPoints="10" visitedBranchPoints="0" sequenceCoverage="0" branchCoverage="0" maxCyclomaticComplexity="5" minCyclomaticComplexity="1" maxCrapScore="30" minCrapScore="2" visitedClasses="0" numClasses="1" visitedMethods="0" numMethods="2" />
          <FullName>Humanizer.Localisation.Ordinalizers.RomanianOrdinalizer</FullName>
          <Methods>
            <Method visited="false" cyclomaticComplexity="1" nPathComplexity="0" sequenceCoverage="0" branchCoverage="0" crapScore="2" isConstructor="false" isStatic="false" isGetter="false" isSetter="false">
              <Summary numSequencePoints="1" visitedSequencePoints="0" numBranchPoints="1" visitedBranchPoints="0" sequenceCoverage="0" branchCoverage="0" maxCyclomaticComplexity="1" minCyclomaticComplexity="1" maxCrapScore="2" minCrapScore="2" visitedClasses="0" numClasses="0" visitedMethods="0" numMethods="1" />
              <MetadataToken>100663629</MetadataToken>
              <Name>System.String Humanizer.Localisation.Ordinalizers.RomanianOrdinalizer::Convert(System.Int32,System.String)</Name>
              <FileRef uid="89" />
              <SequencePoints>
                <SequencePoint vc="0" uspid="1654" ordinal="0" offset="0" sl="8" sc="13" el="8" ec="79" bec="0" bev="0" fileid="89" />
              </SequencePoints>
              <BranchPoints />
              <MethodPoint xsi:type="SequencePoint" vc="0" uspid="1654" ordinal="0" offset="0" sl="8" sc="13" el="8" ec="79" bec="0" bev="0" fileid="89" />
            </Method>
            <Method visited="false" cyclomaticComplexity="5" nPathComplexity="16" sequenceCoverage="0" branchCoverage="0" crapScore="30" isConstructor="false" isStatic="false" isGetter="false" isSetter="false">
              <Summary numSequencePoints="9" visitedSequencePoints="0" numBranchPoints="9" visitedBranchPoints="0" sequenceCoverage="0" branchCoverage="0" maxCyclomaticComplexity="5" minCyclomaticComplexity="5" maxCrapScore="30" minCrapScore="30" visitedClasses="0" numClasses="0" visitedMethods="0" numMethods="1" />
              <MetadataToken>100663630</MetadataToken>
              <Name>System.String Humanizer.Localisation.Ordinalizers.RomanianOrdinalizer::Convert(System.Int32,System.String,Humanizer.GrammaticalGender)</Name>
              <FileRef uid="89" />
              <SequencePoints>
                <SequencePoint vc="0" uspid="1655" ordinal="0" offset="0" sl="14" sc="13" el="14" ec="29" bec="2" bev="0" fileid="89" />
                <SequencePoint vc="0" uspid="1656" ordinal="1" offset="3" sl="16" sc="17" el="16" ec="28" bec="0" bev="0" fileid="89" />
                <SequencePoint vc="0" uspid="1657" ordinal="2" offset="9" sl="20" sc="13" el="20" ec="29" bec="2" bev="0" fileid="89" />
                <SequencePoint vc="0" uspid="1658" ordinal="3" offset="13" sl="22" sc="17" el="22" ec="58" bec="2" bev="0" fileid="89" />
                <SequencePoint vc="0" uspid="1659" ordinal="4" offset="17" sl="24" sc="21" el="24" ec="36" bec="0" bev="0" fileid="89" />
                <SequencePoint vc="0" uspid="1660" ordinal="5" offset="23" sl="27" sc="17" el="27" ec="33" bec="0" bev="0" fileid="89" />
                <SequencePoint vc="0" uspid="1661" ordinal="6" offset="29" sl="30" sc="13" el="30" ec="54" bec="2" bev="0" fileid="89" />
                <SequencePoint vc="0" uspid="1662" ordinal="7" offset="33" sl="32" sc="17" el="32" ec="63" bec="0" bev="0" fileid="89" />
                <SequencePoint vc="0" uspid="1663" ordinal="8" offset="45" sl="35" sc="13" el="35" ec="62" bec="0" bev="0" fileid="89" />
              </SequencePoints>
              <BranchPoints>
                <BranchPoint vc="0" uspid="1664" ordinal="0" offset="1" sl="14" path="0" offsetend="3" fileid="89" />
                <BranchPoint vc="0" uspid="1665" ordinal="1" offset="1" sl="14" path="1" offsetend="9" fileid="89" />
                <BranchPoint vc="0" uspid="1666" ordinal="2" offset="11" sl="20" path="0" offsetend="13" fileid="89" />
                <BranchPoint vc="0" uspid="1667" ordinal="3" offset="11" sl="20" path="1" offsetend="29" fileid="89" />
                <BranchPoint vc="0" uspid="1668" ordinal="4" offset="15" sl="22" path="0" offsetend="17" fileid="89" />
                <BranchPoint vc="0" uspid="1669" ordinal="5" offset="15" sl="22" path="1" offsetend="23" fileid="89" />
                <BranchPoint vc="0" uspid="1670" ordinal="6" offset="31" sl="30" path="0" offsetend="33" fileid="89" />
                <BranchPoint vc="0" uspid="1671" ordinal="7" offset="31" sl="30" path="1" offsetend="45" fileid="89" />
              </BranchPoints>
              <MethodPoint xsi:type="SequencePoint" vc="0" uspid="1655" ordinal="0" offset="0" sl="14" sc="13" el="14" ec="29" bec="2" bev="0" fileid="89" />
            </Method>
            <Method visited="false" cyclomaticComplexity="1" nPathComplexity="0" sequenceCoverage="0" branchCoverage="0" crapScore="2" isConstructor="true" isStatic="false" isGetter="false" isSetter="false">
              <Summary numSequencePoints="0" visitedSequencePoints="0" numBranchPoints="0" visitedBranchPoints="0" sequenceCoverage="0" branchCoverage="0" maxCyclomaticComplexity="1" minCyclomaticComplexity="1" maxCrapScore="2" minCrapScore="2" visitedClasses="0" numClasses="0" visitedMethods="0" numMethods="0" />
              <MetadataToken>100663631</MetadataToken>
              <Name>System.Void Humanizer.Localisation.Ordinalizers.RomanianOrdinalizer::.ctor()</Name>
              <SequencePoints />
              <BranchPoints />
              <MethodPoint vc="0" uspid="1672" ordinal="0" offset="0" />
            </Method>
          </Methods>
        </Class>
        <Class>
          <Summary numSequencePoints="6" visitedSequencePoints="0" numBranchPoints="6" visitedBranchPoints="0" sequenceCoverage="0" branchCoverage="0" maxCyclomaticComplexity="3" minCyclomaticComplexity="1" maxCrapScore="12" minCrapScore="2" visitedClasses="0" numClasses="1" visitedMethods="0" numMethods="2" />
          <FullName>Humanizer.Localisation.Ordinalizers.RussianOrdinalizer</FullName>
          <Methods>
            <Method visited="false" cyclomaticComplexity="1" nPathComplexity="0" sequenceCoverage="0" branchCoverage="0" crapScore="2" isConstructor="false" isStatic="false" isGetter="false" isSetter="false">
              <Summary numSequencePoints="1" visitedSequencePoints="0" numBranchPoints="1" visitedBranchPoints="0" sequenceCoverage="0" branchCoverage="0" maxCyclomaticComplexity="1" minCyclomaticComplexity="1" maxCrapScore="2" minCrapScore="2" visitedClasses="0" numClasses="0" visitedMethods="0" numMethods="1" />
              <MetadataToken>100663632</MetadataToken>
              <Name>System.String Humanizer.Localisation.Ordinalizers.RussianOrdinalizer::Convert(System.Int32,System.String)</Name>
              <FileRef uid="90" />
              <SequencePoints>
                <SequencePoint vc="0" uspid="1673" ordinal="0" offset="0" sl="7" sc="13" el="7" ec="79" bec="0" bev="0" fileid="90" />
              </SequencePoints>
              <BranchPoints />
              <MethodPoint xsi:type="SequencePoint" vc="0" uspid="1673" ordinal="0" offset="0" sl="7" sc="13" el="7" ec="79" bec="0" bev="0" fileid="90" />
            </Method>
            <Method visited="false" cyclomaticComplexity="3" nPathComplexity="4" sequenceCoverage="0" branchCoverage="0" crapScore="12" isConstructor="false" isStatic="false" isGetter="false" isSetter="false">
              <Summary numSequencePoints="5" visitedSequencePoints="0" numBranchPoints="5" visitedBranchPoints="0" sequenceCoverage="0" branchCoverage="0" maxCyclomaticComplexity="3" minCyclomaticComplexity="3" maxCrapScore="12" minCrapScore="12" visitedClasses="0" numClasses="0" visitedMethods="0" numMethods="1" />
              <MetadataToken>100663633</MetadataToken>
              <Name>System.String Humanizer.Localisation.Ordinalizers.RussianOrdinalizer::Convert(System.Int32,System.String,Humanizer.GrammaticalGender)</Name>
              <FileRef uid="90" />
              <SequencePoints>
                <SequencePoint vc="0" uspid="1674" ordinal="0" offset="0" sl="12" sc="13" el="12" ec="55" bec="2" bev="0" fileid="90" />
                <SequencePoint vc="0" uspid="1675" ordinal="1" offset="3" sl="14" sc="17" el="14" ec="44" bec="0" bev="0" fileid="90" />
                <SequencePoint vc="0" uspid="1676" ordinal="2" offset="15" sl="17" sc="13" el="17" ec="54" bec="2" bev="0" fileid="90" />
                <SequencePoint vc="0" uspid="1677" ordinal="3" offset="19" sl="19" sc="17" el="19" ec="44" bec="0" bev="0" fileid="90" />
                <SequencePoint vc="0" uspid="1678" ordinal="4" offset="31" sl="22" sc="13" el="22" ec="40" bec="0" bev="0" fileid="90" />
              </SequencePoints>
              <BranchPoints>
                <BranchPoint vc="0" uspid="1679" ordinal="0" offset="1" sl="12" path="0" offsetend="3" fileid="90" />
                <BranchPoint vc="0" uspid="1680" ordinal="1" offset="1" sl="12" path="1" offsetend="15" fileid="90" />
                <BranchPoint vc="0" uspid="1681" ordinal="2" offset="17" sl="17" path="0" offsetend="19" fileid="90" />
                <BranchPoint vc="0" uspid="1682" ordinal="3" offset="17" sl="17" path="1" offsetend="31" fileid="90" />
              </BranchPoints>
              <MethodPoint xsi:type="SequencePoint" vc="0" uspid="1674" ordinal="0" offset="0" sl="12" sc="13" el="12" ec="55" bec="2" bev="0" fileid="90" />
            </Method>
            <Method visited="false" cyclomaticComplexity="1" nPathComplexity="0" sequenceCoverage="0" branchCoverage="0" crapScore="2" isConstructor="true" isStatic="false" isGetter="false" isSetter="false">
              <Summary numSequencePoints="0" visitedSequencePoints="0" numBranchPoints="0" visitedBranchPoints="0" sequenceCoverage="0" branchCoverage="0" maxCyclomaticComplexity="1" minCyclomaticComplexity="1" maxCrapScore="2" minCrapScore="2" visitedClasses="0" numClasses="0" visitedMethods="0" numMethods="0" />
              <MetadataToken>100663634</MetadataToken>
              <Name>System.Void Humanizer.Localisation.Ordinalizers.RussianOrdinalizer::.ctor()</Name>
              <SequencePoints />
              <BranchPoints />
              <MethodPoint vc="0" uspid="1683" ordinal="0" offset="0" />
            </Method>
          </Methods>
        </Class>
        <Class>
          <Summary numSequencePoints="6" visitedSequencePoints="0" numBranchPoints="6" visitedBranchPoints="0" sequenceCoverage="0" branchCoverage="0" maxCyclomaticComplexity="3" minCyclomaticComplexity="1" maxCrapScore="12" minCrapScore="2" visitedClasses="0" numClasses="1" visitedMethods="0" numMethods="2" />
          <FullName>Humanizer.Localisation.Ordinalizers.SpanishOrdinalizer</FullName>
          <Methods>
            <Method visited="false" cyclomaticComplexity="1" nPathComplexity="0" sequenceCoverage="0" branchCoverage="0" crapScore="2" isConstructor="false" isStatic="false" isGetter="false" isSetter="false">
              <Summary numSequencePoints="1" visitedSequencePoints="0" numBranchPoints="1" visitedBranchPoints="0" sequenceCoverage="0" branchCoverage="0" maxCyclomaticComplexity="1" minCyclomaticComplexity="1" maxCrapScore="2" minCrapScore="2" visitedClasses="0" numClasses="0" visitedMethods="0" numMethods="1" />
              <MetadataToken>100663635</MetadataToken>
              <Name>System.String Humanizer.Localisation.Ordinalizers.SpanishOrdinalizer::Convert(System.Int32,System.String)</Name>
              <FileRef uid="91" />
              <SequencePoints>
                <SequencePoint vc="0" uspid="1684" ordinal="0" offset="0" sl="7" sc="13" el="7" ec="79" bec="0" bev="0" fileid="91" />
              </SequencePoints>
              <BranchPoints />
              <MethodPoint xsi:type="SequencePoint" vc="0" uspid="1684" ordinal="0" offset="0" sl="7" sc="13" el="7" ec="79" bec="0" bev="0" fileid="91" />
            </Method>
            <Method visited="false" cyclomaticComplexity="3" nPathComplexity="4" sequenceCoverage="0" branchCoverage="0" crapScore="12" isConstructor="false" isStatic="false" isGetter="false" isSetter="false">
              <Summary numSequencePoints="5" visitedSequencePoints="0" numBranchPoints="5" visitedBranchPoints="0" sequenceCoverage="0" branchCoverage="0" maxCyclomaticComplexity="3" minCyclomaticComplexity="3" maxCrapScore="12" minCrapScore="12" visitedClasses="0" numClasses="0" visitedMethods="0" numMethods="1" />
              <MetadataToken>100663636</MetadataToken>
              <Name>System.String Humanizer.Localisation.Ordinalizers.SpanishOrdinalizer::Convert(System.Int32,System.String,Humanizer.GrammaticalGender)</Name>
              <FileRef uid="91" />
              <SequencePoints>
                <SequencePoint vc="0" uspid="1685" ordinal="0" offset="0" sl="13" sc="13" el="13" ec="29" bec="2" bev="0" fileid="91" />
                <SequencePoint vc="0" uspid="1686" ordinal="1" offset="3" sl="15" sc="17" el="15" ec="28" bec="0" bev="0" fileid="91" />
                <SequencePoint vc="0" uspid="1687" ordinal="2" offset="9" sl="18" sc="13" el="18" ec="54" bec="2" bev="0" fileid="91" />
                <SequencePoint vc="0" uspid="1688" ordinal="3" offset="13" sl="20" sc="17" el="20" ec="44" bec="0" bev="0" fileid="91" />
                <SequencePoint vc="0" uspid="1689" ordinal="4" offset="25" sl="24" sc="17" el="24" ec="44" bec="0" bev="0" fileid="91" />
              </SequencePoints>
              <BranchPoints>
                <BranchPoint vc="0" uspid="1690" ordinal="0" offset="1" sl="13" path="0" offsetend="3" fileid="91" />
                <BranchPoint vc="0" uspid="1691" ordinal="1" offset="1" sl="13" path="1" offsetend="9" fileid="91" />
                <BranchPoint vc="0" uspid="1692" ordinal="2" offset="11" sl="18" path="0" offsetend="13" fileid="91" />
                <BranchPoint vc="0" uspid="1693" ordinal="3" offset="11" sl="18" path="1" offsetend="25" fileid="91" />
              </BranchPoints>
              <MethodPoint xsi:type="SequencePoint" vc="0" uspid="1685" ordinal="0" offset="0" sl="13" sc="13" el="13" ec="29" bec="2" bev="0" fileid="91" />
            </Method>
            <Method visited="false" cyclomaticComplexity="1" nPathComplexity="0" sequenceCoverage="0" branchCoverage="0" crapScore="2" isConstructor="true" isStatic="false" isGetter="false" isSetter="false">
              <Summary numSequencePoints="0" visitedSequencePoints="0" numBranchPoints="0" visitedBranchPoints="0" sequenceCoverage="0" branchCoverage="0" maxCyclomaticComplexity="1" minCyclomaticComplexity="1" maxCrapScore="2" minCrapScore="2" visitedClasses="0" numClasses="0" visitedMethods="0" numMethods="0" />
              <MetadataToken>100663637</MetadataToken>
              <Name>System.Void Humanizer.Localisation.Ordinalizers.SpanishOrdinalizer::.ctor()</Name>
              <SequencePoints />
              <BranchPoints />
              <MethodPoint vc="0" uspid="1694" ordinal="0" offset="0" />
            </Method>
          </Methods>
        </Class>
        <Class>
          <Summary numSequencePoints="1" visitedSequencePoints="0" numBranchPoints="1" visitedBranchPoints="0" sequenceCoverage="0" branchCoverage="0" maxCyclomaticComplexity="1" minCyclomaticComplexity="1" maxCrapScore="2" minCrapScore="2" visitedClasses="0" numClasses="1" visitedMethods="0" numMethods="1" />
          <FullName>Humanizer.Localisation.Ordinalizers.TurkishOrdinalizer</FullName>
          <Methods>
            <Method visited="false" cyclomaticComplexity="1" nPathComplexity="0" sequenceCoverage="0" branchCoverage="0" crapScore="2" isConstructor="false" isStatic="false" isGetter="false" isSetter="false">
              <Summary numSequencePoints="1" visitedSequencePoints="0" numBranchPoints="1" visitedBranchPoints="0" sequenceCoverage="0" branchCoverage="0" maxCyclomaticComplexity="1" minCyclomaticComplexity="1" maxCrapScore="2" minCrapScore="2" visitedClasses="0" numClasses="0" visitedMethods="0" numMethods="1" />
              <MetadataToken>100663638</MetadataToken>
              <Name>System.String Humanizer.Localisation.Ordinalizers.TurkishOrdinalizer::Convert(System.Int32,System.String)</Name>
              <FileRef uid="92" />
              <SequencePoints>
                <SequencePoint vc="0" uspid="1695" ordinal="0" offset="0" sl="7" sc="13" el="7" ec="39" bec="0" bev="0" fileid="92" />
              </SequencePoints>
              <BranchPoints />
              <MethodPoint xsi:type="SequencePoint" vc="0" uspid="1695" ordinal="0" offset="0" sl="7" sc="13" el="7" ec="39" bec="0" bev="0" fileid="92" />
            </Method>
            <Method visited="false" cyclomaticComplexity="1" nPathComplexity="0" sequenceCoverage="0" branchCoverage="0" crapScore="2" isConstructor="true" isStatic="false" isGetter="false" isSetter="false">
              <Summary numSequencePoints="0" visitedSequencePoints="0" numBranchPoints="0" visitedBranchPoints="0" sequenceCoverage="0" branchCoverage="0" maxCyclomaticComplexity="1" minCyclomaticComplexity="1" maxCrapScore="2" minCrapScore="2" visitedClasses="0" numClasses="0" visitedMethods="0" numMethods="0" />
              <MetadataToken>100663639</MetadataToken>
              <Name>System.Void Humanizer.Localisation.Ordinalizers.TurkishOrdinalizer::.ctor()</Name>
              <SequencePoints />
              <BranchPoints />
              <MethodPoint vc="0" uspid="1696" ordinal="0" offset="0" />
            </Method>
          </Methods>
        </Class>
        <Class>
          <Summary numSequencePoints="11" visitedSequencePoints="0" numBranchPoints="12" visitedBranchPoints="0" sequenceCoverage="0" branchCoverage="0" maxCyclomaticComplexity="6" minCyclomaticComplexity="1" maxCrapScore="42" minCrapScore="2" visitedClasses="0" numClasses="1" visitedMethods="0" numMethods="2" />
          <FullName>Humanizer.Localisation.Ordinalizers.UkrainianOrdinalizer</FullName>
          <Methods>
            <Method visited="false" cyclomaticComplexity="1" nPathComplexity="0" sequenceCoverage="0" branchCoverage="0" crapScore="2" isConstructor="false" isStatic="false" isGetter="false" isSetter="false">
              <Summary numSequencePoints="1" visitedSequencePoints="0" numBranchPoints="1" visitedBranchPoints="0" sequenceCoverage="0" branchCoverage="0" maxCyclomaticComplexity="1" minCyclomaticComplexity="1" maxCrapScore="2" minCrapScore="2" visitedClasses="0" numClasses="0" visitedMethods="0" numMethods="1" />
              <MetadataToken>100663640</MetadataToken>
              <Name>System.String Humanizer.Localisation.Ordinalizers.UkrainianOrdinalizer::Convert(System.Int32,System.String)</Name>
              <FileRef uid="93" />
              <SequencePoints>
                <SequencePoint vc="0" uspid="1697" ordinal="0" offset="0" sl="7" sc="13" el="7" ec="79" bec="0" bev="0" fileid="93" />
              </SequencePoints>
              <BranchPoints />
              <MethodPoint xsi:type="SequencePoint" vc="0" uspid="1697" ordinal="0" offset="0" sl="7" sc="13" el="7" ec="79" bec="0" bev="0" fileid="93" />
            </Method>
            <Method visited="false" cyclomaticComplexity="6" nPathComplexity="32" sequenceCoverage="0" branchCoverage="0" crapScore="42" isConstructor="false" isStatic="false" isGetter="false" isSetter="false">
              <Summary numSequencePoints="10" visitedSequencePoints="0" numBranchPoints="11" visitedBranchPoints="0" sequenceCoverage="0" branchCoverage="0" maxCyclomaticComplexity="6" minCyclomaticComplexity="6" maxCrapScore="42" minCrapScore="42" visitedClasses="0" numClasses="0" visitedMethods="0" numMethods="1" />
              <MetadataToken>100663641</MetadataToken>
              <Name>System.String Humanizer.Localisation.Ordinalizers.UkrainianOrdinalizer::Convert(System.Int32,System.String,Humanizer.GrammaticalGender)</Name>
              <FileRef uid="93" />
              <SequencePoints>
                <SequencePoint vc="0" uspid="1698" ordinal="0" offset="0" sl="13" sc="13" el="13" ec="55" bec="2" bev="0" fileid="93" />
                <SequencePoint vc="0" uspid="1699" ordinal="1" offset="3" sl="15" sc="17" el="15" ec="44" bec="0" bev="0" fileid="93" />
                <SequencePoint vc="0" uspid="1700" ordinal="2" offset="15" sl="18" sc="13" el="18" ec="54" bec="2" bev="0" fileid="93" />
                <SequencePoint vc="0" uspid="1701" ordinal="3" offset="19" sl="20" sc="17" el="20" ec="38" bec="2" bev="0" fileid="93" />
                <SequencePoint vc="0" uspid="1702" ordinal="4" offset="26" sl="22" sc="21" el="22" ec="48" bec="0" bev="0" fileid="93" />
                <SequencePoint vc="0" uspid="1703" ordinal="5" offset="38" sl="25" sc="17" el="25" ec="44" bec="0" bev="0" fileid="93" />
                <SequencePoint vc="0" uspid="1704" ordinal="6" offset="50" sl="28" sc="13" el="28" ec="52" bec="2" bev="0" fileid="93" />
                <SequencePoint vc="0" uspid="1705" ordinal="7" offset="54" sl="30" sc="17" el="30" ec="38" bec="2" bev="0" fileid="93" />
                <SequencePoint vc="0" uspid="1706" ordinal="8" offset="61" sl="32" sc="21" el="32" ec="48" bec="0" bev="0" fileid="93" />
                <SequencePoint vc="0" uspid="1707" ordinal="9" offset="73" sl="36" sc="13" el="36" ec="40" bec="0" bev="0" fileid="93" />
              </SequencePoints>
              <BranchPoints>
                <BranchPoint vc="0" uspid="1708" ordinal="0" offset="1" sl="13" path="0" offsetend="3" fileid="93" />
                <BranchPoint vc="0" uspid="1709" ordinal="1" offset="1" sl="13" path="1" offsetend="15" fileid="93" />
                <BranchPoint vc="0" uspid="1710" ordinal="2" offset="17" sl="18" path="0" offsetend="19" fileid="93" />
                <BranchPoint vc="0" uspid="1711" ordinal="3" offset="17" sl="18" path="1" offsetend="50" fileid="93" />
                <BranchPoint vc="0" uspid="1712" ordinal="4" offset="24" sl="20" path="0" offsetend="26" fileid="93" />
                <BranchPoint vc="0" uspid="1713" ordinal="5" offset="24" sl="20" path="1" offsetend="38" fileid="93" />
                <BranchPoint vc="0" uspid="1714" ordinal="6" offset="52" sl="28" path="0" offsetend="54" fileid="93" />
                <BranchPoint vc="0" uspid="1715" ordinal="7" offset="52" sl="28" path="1" offsetend="73" fileid="93" />
                <BranchPoint vc="0" uspid="1716" ordinal="8" offset="59" sl="30" path="0" offsetend="61" fileid="93" />
                <BranchPoint vc="0" uspid="1717" ordinal="9" offset="59" sl="30" path="1" offsetend="73" fileid="93" />
              </BranchPoints>
              <MethodPoint xsi:type="SequencePoint" vc="0" uspid="1698" ordinal="0" offset="0" sl="13" sc="13" el="13" ec="55" bec="2" bev="0" fileid="93" />
            </Method>
            <Method visited="false" cyclomaticComplexity="1" nPathComplexity="0" sequenceCoverage="0" branchCoverage="0" crapScore="2" isConstructor="true" isStatic="false" isGetter="false" isSetter="false">
              <Summary numSequencePoints="0" visitedSequencePoints="0" numBranchPoints="0" visitedBranchPoints="0" sequenceCoverage="0" branchCoverage="0" maxCyclomaticComplexity="1" minCyclomaticComplexity="1" maxCrapScore="2" minCrapScore="2" visitedClasses="0" numClasses="0" visitedMethods="0" numMethods="0" />
              <MetadataToken>100663642</MetadataToken>
              <Name>System.Void Humanizer.Localisation.Ordinalizers.UkrainianOrdinalizer::.ctor()</Name>
              <SequencePoints />
              <BranchPoints />
              <MethodPoint vc="0" uspid="1718" ordinal="0" offset="0" />
            </Method>
          </Methods>
        </Class>
        <Class>
          <Summary numSequencePoints="60" visitedSequencePoints="0" numBranchPoints="55" visitedBranchPoints="0" sequenceCoverage="0" branchCoverage="0" maxCyclomaticComplexity="21" minCyclomaticComplexity="1" maxCrapScore="462" minCrapScore="2" visitedClasses="0" numClasses="1" visitedMethods="0" numMethods="7" />
          <FullName>Humanizer.Localisation.NumberToWords.AfrikaansNumberToWordsConverter</FullName>
          <Methods>
            <Method visited="false" cyclomaticComplexity="3" nPathComplexity="4" sequenceCoverage="0" branchCoverage="0" crapScore="12" isConstructor="false" isStatic="false" isGetter="false" isSetter="false">
              <Summary numSequencePoints="3" visitedSequencePoints="0" numBranchPoints="5" visitedBranchPoints="0" sequenceCoverage="0" branchCoverage="0" maxCyclomaticComplexity="3" minCyclomaticComplexity="3" maxCrapScore="12" minCrapScore="12" visitedClasses="0" numClasses="0" visitedMethods="0" numMethods="1" />
              <MetadataToken>100663643</MetadataToken>
              <Name>System.String Humanizer.Localisation.NumberToWords.AfrikaansNumberToWordsConverter::Convert(System.Int64)</Name>
              <FileRef uid="94" />
              <SequencePoints>
                <SequencePoint vc="0" uspid="1719" ordinal="0" offset="0" sl="27" sc="13" el="27" ec="68" bec="3" bev="0" fileid="94" />
                <SequencePoint vc="0" uspid="1720" ordinal="1" offset="18" sl="29" sc="17" el="29" ec="53" bec="0" bev="0" fileid="94" />
                <SequencePoint vc="0" uspid="1721" ordinal="2" offset="24" sl="31" sc="13" el="31" ec="48" bec="0" bev="0" fileid="94" />
              </SequencePoints>
              <BranchPoints>
                <BranchPoint vc="0" uspid="1722" ordinal="0" offset="7" sl="27" path="0" offsetend="9" fileid="94" />
                <BranchPoint vc="0" uspid="1723" ordinal="1" offset="7" sl="27" path="1" offsetend="18" fileid="94" />
                <BranchPoint vc="0" uspid="1724" ordinal="2" offset="16" sl="27" path="0" offsetend="18" fileid="94" />
                <BranchPoint vc="0" uspid="1725" ordinal="3" offset="16" sl="27" path="1" offsetend="24" fileid="94" />
              </BranchPoints>
              <MethodPoint xsi:type="SequencePoint" vc="0" uspid="1719" ordinal="0" offset="0" sl="27" sc="13" el="27" ec="68" bec="3" bev="0" fileid="94" />
            </Method>
            <Method visited="false" cyclomaticComplexity="1" nPathComplexity="0" sequenceCoverage="0" branchCoverage="0" crapScore="2" isConstructor="false" isStatic="false" isGetter="false" isSetter="false">
              <Summary numSequencePoints="1" visitedSequencePoints="0" numBranchPoints="1" visitedBranchPoints="0" sequenceCoverage="0" branchCoverage="0" maxCyclomaticComplexity="1" minCyclomaticComplexity="1" maxCrapScore="2" minCrapScore="2" visitedClasses="0" numClasses="0" visitedMethods="0" numMethods="1" />
              <MetadataToken>100663644</MetadataToken>
              <Name>System.String Humanizer.Localisation.NumberToWords.AfrikaansNumberToWordsConverter::ConvertToOrdinal(System.Int32)</Name>
              <FileRef uid="94" />
              <SequencePoints>
                <SequencePoint vc="0" uspid="1726" ordinal="0" offset="0" sl="36" sc="13" el="36" ec="42" bec="0" bev="0" fileid="94" />
              </SequencePoints>
              <BranchPoints />
              <MethodPoint xsi:type="SequencePoint" vc="0" uspid="1726" ordinal="0" offset="0" sl="36" sc="13" el="36" ec="42" bec="0" bev="0" fileid="94" />
            </Method>
            <Method visited="false" cyclomaticComplexity="21" nPathComplexity="131072" sequenceCoverage="0" branchCoverage="0" crapScore="462" isConstructor="false" isStatic="false" isGetter="false" isSetter="false">
              <Summary numSequencePoints="41" visitedSequencePoints="0" numBranchPoints="35" visitedBranchPoints="0" sequenceCoverage="0" branchCoverage="0" maxCyclomaticComplexity="21" minCyclomaticComplexity="21" maxCrapScore="462" minCrapScore="462" visitedClasses="0" numClasses="0" visitedMethods="0" numMethods="1" />
              <MetadataToken>100663645</MetadataToken>
              <Name>System.String Humanizer.Localisation.NumberToWords.AfrikaansNumberToWordsConverter::Convert(System.Int32,System.Boolean)</Name>
              <FileRef uid="94" />
              <SequencePoints>
                <SequencePoint vc="0" uspid="1727" ordinal="0" offset="0" sl="41" sc="13" el="41" ec="29" bec="2" bev="0" fileid="94" />
                <SequencePoint vc="0" uspid="1728" ordinal="1" offset="3" sl="43" sc="17" el="43" ec="51" bec="0" bev="0" fileid="94" />
                <SequencePoint vc="0" uspid="1729" ordinal="2" offset="11" sl="46" sc="13" el="46" ec="28" bec="2" bev="0" fileid="94" />
                <SequencePoint vc="0" uspid="1730" ordinal="3" offset="15" sl="48" sc="17" el="48" ec="69" bec="0" bev="0" fileid="94" />
                <SequencePoint vc="0" uspid="1731" ordinal="4" offset="35" sl="51" sc="13" el="51" ec="44" bec="0" bev="0" fileid="94" />
                <SequencePoint vc="0" uspid="1732" ordinal="5" offset="41" sl="53" sc="13" el="53" ec="43" bec="2" bev="0" fileid="94" />
                <SequencePoint vc="0" uspid="1733" ordinal="6" offset="51" sl="55" sc="17" el="55" ec="87" bec="0" bev="0" fileid="94" />
                <SequencePoint vc="0" uspid="1734" ordinal="7" offset="81" sl="56" sc="17" el="56" ec="38" bec="0" bev="0" fileid="94" />
                <SequencePoint vc="0" uspid="1735" ordinal="8" offset="90" sl="59" sc="13" el="59" ec="40" bec="2" bev="0" fileid="94" />
                <SequencePoint vc="0" uspid="1736" ordinal="9" offset="100" sl="61" sc="17" el="61" ec="84" bec="0" bev="0" fileid="94" />
                <SequencePoint vc="0" uspid="1737" ordinal="10" offset="130" sl="62" sc="17" el="62" ec="35" bec="0" bev="0" fileid="94" />
                <SequencePoint vc="0" uspid="1738" ordinal="11" offset="139" sl="65" sc="13" el="65" ec="37" bec="2" bev="0" fileid="94" />
                <SequencePoint vc="0" uspid="1739" ordinal="12" offset="149" sl="67" sc="17" el="67" ec="81" bec="0" bev="0" fileid="94" />
                <SequencePoint vc="0" uspid="1740" ordinal="13" offset="179" sl="68" sc="17" el="68" ec="32" bec="0" bev="0" fileid="94" />
                <SequencePoint vc="0" uspid="1741" ordinal="14" offset="188" sl="71" sc="13" el="71" ec="36" bec="2" bev="0" fileid="94" />
                <SequencePoint vc="0" uspid="1742" ordinal="15" offset="195" sl="73" sc="17" el="73" ec="80" bec="0" bev="0" fileid="94" />
                <SequencePoint vc="0" uspid="1743" ordinal="16" offset="222" sl="74" sc="17" el="74" ec="31" bec="0" bev="0" fileid="94" />
                <SequencePoint vc="0" uspid="1744" ordinal="17" offset="228" sl="77" sc="13" el="77" ec="28" bec="2" bev="0" fileid="94" />
                <SequencePoint vc="0" uspid="1745" ordinal="18" offset="235" sl="82" sc="17" el="82" ec="33" bec="2" bev="0" fileid="94" />
                <SequencePoint vc="0" uspid="1746" ordinal="19" offset="240" sl="84" sc="21" el="84" ec="41" bec="2" bev="0" fileid="94" />
                <SequencePoint vc="0" uspid="1747" ordinal="20" offset="249" sl="86" sc="25" el="86" ec="41" bec="0" bev="0" fileid="94" />
                <SequencePoint vc="0" uspid="1748" ordinal="21" offset="260" sl="89" sc="21" el="89" ec="64" bec="0" bev="0" fileid="94" />
                <SequencePoint vc="0" uspid="1749" ordinal="22" offset="273" sl="90" sc="17" el="90" ec="18" bec="0" bev="0" fileid="94" />
                <SequencePoint vc="0" uspid="1750" ordinal="23" offset="278" sl="93" sc="21" el="93" ec="60" bec="0" bev="0" fileid="94" />
                <SequencePoint vc="0" uspid="1751" ordinal="24" offset="286" sl="94" sc="21" el="94" ec="57" bec="0" bev="0" fileid="94" />
                <SequencePoint vc="0" uspid="1752" ordinal="25" offset="297" sl="95" sc="21" el="95" ec="43" bec="2" bev="0" fileid="94" />
                <SequencePoint vc="0" uspid="1753" ordinal="26" offset="304" sl="97" sc="25" el="97" ec="161" bec="2" bev="0" fileid="94" />
                <SequencePoint vc="0" uspid="1754" ordinal="27" offset="338" sl="98" sc="21" el="98" ec="22" bec="0" bev="0" fileid="94" />
                <SequencePoint vc="0" uspid="1755" ordinal="28" offset="340" sl="99" sc="26" el="99" ec="49" bec="2" bev="0" fileid="94" />
                <SequencePoint vc="0" uspid="1756" ordinal="29" offset="346" sl="101" sc="25" el="101" ec="127" bec="4" bev="0" fileid="94" />
                <SequencePoint vc="0" uspid="1757" ordinal="30" offset="394" sl="102" sc="21" el="102" ec="22" bec="0" bev="0" fileid="94" />
                <SequencePoint vc="0" uspid="1758" ordinal="31" offset="396" sl="103" sc="26" el="103" ec="40" bec="2" bev="0" fileid="94" />
                <SequencePoint vc="0" uspid="1759" ordinal="32" offset="399" sl="105" sc="25" el="105" ec="66" bec="0" bev="0" fileid="94" />
                <SequencePoint vc="0" uspid="1760" ordinal="33" offset="427" sl="108" sc="21" el="108" ec="41" bec="0" bev="0" fileid="94" />
                <SequencePoint vc="0" uspid="1761" ordinal="34" offset="434" sl="110" sc="13" el="110" ec="14" bec="0" bev="0" fileid="94" />
                <SequencePoint vc="0" uspid="1762" ordinal="35" offset="436" sl="111" sc="18" el="111" ec="32" bec="2" bev="0" fileid="94" />
                <SequencePoint vc="0" uspid="1763" ordinal="36" offset="439" sl="113" sc="17" el="113" ec="49" bec="0" bev="0" fileid="94" />
                <SequencePoint vc="0" uspid="1764" ordinal="37" offset="480" sl="116" sc="13" el="116" ec="61" bec="0" bev="0" fileid="94" />
                <SequencePoint vc="0" uspid="1765" ordinal="38" offset="497" sl="118" sc="13" el="118" ec="27" bec="2" bev="0" fileid="94" />
                <SequencePoint vc="0" uspid="1766" ordinal="39" offset="500" sl="120" sc="17" el="120" ec="52" bec="0" bev="0" fileid="94" />
                <SequencePoint vc="0" uspid="1767" ordinal="40" offset="507" sl="123" sc="13" el="123" ec="28" bec="0" bev="0" fileid="94" />
              </SequencePoints>
              <BranchPoints>
                <BranchPoint vc="0" uspid="1768" ordinal="0" offset="1" sl="41" path="0" offsetend="3" fileid="94" />
                <BranchPoint vc="0" uspid="1769" ordinal="1" offset="1" sl="41" path="1" offsetend="11" fileid="94" />
                <BranchPoint vc="0" uspid="1770" ordinal="2" offset="13" sl="46" path="0" offsetend="15" fileid="94" />
                <BranchPoint vc="0" uspid="1771" ordinal="3" offset="13" sl="46" path="1" offsetend="35" fileid="94" />
                <BranchPoint vc="0" uspid="1772" ordinal="4" offset="49" sl="53" path="0" offsetend="51" fileid="94" />
                <BranchPoint vc="0" uspid="1773" ordinal="5" offset="49" sl="53" path="1" offsetend="90" fileid="94" />
                <BranchPoint vc="0" uspid="1774" ordinal="6" offset="98" sl="59" path="0" offsetend="100" fileid="94" />
                <BranchPoint vc="0" uspid="1775" ordinal="7" offset="98" sl="59" path="1" offsetend="139" fileid="94" />
                <BranchPoint vc="0" uspid="1776" ordinal="8" offset="147" sl="65" path="0" offsetend="149" fileid="94" />
                <BranchPoint vc="0" uspid="1777" ordinal="9" offset="147" sl="65" path="1" offsetend="188" fileid="94" />
                <BranchPoint vc="0" uspid="1778" ordinal="10" offset="193" sl="71" path="0" offsetend="195" fileid="94" />
                <BranchPoint vc="0" uspid="1779" ordinal="11" offset="193" sl="71" path="1" offsetend="228" fileid="94" />
                <BranchPoint vc="0" uspid="1780" ordinal="12" offset="230" sl="77" path="0" offsetend="235" fileid="94" />
                <BranchPoint vc="0" uspid="1781" ordinal="13" offset="230" sl="77" path="1" offsetend="436" fileid="94" />
                <BranchPoint vc="0" uspid="1782" ordinal="14" offset="238" sl="82" path="0" offsetend="240" fileid="94" />
                <BranchPoint vc="0" uspid="1783" ordinal="15" offset="238" sl="82" path="1" offsetend="278" fileid="94" />
                <BranchPoint vc="0" uspid="1784" ordinal="16" offset="247" sl="84" path="0" offsetend="249" fileid="94" />
                <BranchPoint vc="0" uspid="1785" ordinal="17" offset="247" sl="84" path="1" offsetend="260" fileid="94" />
                <BranchPoint vc="0" uspid="1786" ordinal="18" offset="302" sl="95" path="0" offsetend="304" fileid="94" />
                <BranchPoint vc="0" uspid="1787" ordinal="19" offset="302" sl="95" path="1" offsetend="340" fileid="94" />
                <BranchPoint vc="0" uspid="1788" ordinal="20" offset="320" sl="97" path="0" offsetend="322" fileid="94" />
                <BranchPoint vc="0" uspid="1789" ordinal="21" offset="320" sl="97" path="1" offsetend="325" fileid="94" />
                <BranchPoint vc="0" uspid="1790" ordinal="22" offset="344" sl="99" path="0" offsetend="346" fileid="94" />
                <BranchPoint vc="0" uspid="1791" ordinal="23" offset="344" sl="99" path="1" offsetend="396" fileid="94" />
                <BranchPoint vc="0" uspid="1792" ordinal="24" offset="358" sl="101" path="0" offsetend="360" fileid="94" />
                <BranchPoint vc="0" uspid="1793" ordinal="25" offset="358" sl="101" path="1" offsetend="367" fileid="94" />
                <BranchPoint vc="0" uspid="1794" ordinal="26" offset="374" sl="101" path="0" offsetend="376" fileid="94" />
                <BranchPoint vc="0" uspid="1795" ordinal="27" offset="374" sl="101" path="1" offsetend="383" fileid="94" />
                <BranchPoint vc="0" uspid="1796" ordinal="28" offset="397" sl="103" path="0" offsetend="399" fileid="94" />
                <BranchPoint vc="0" uspid="1797" ordinal="29" offset="397" sl="103" path="1" offsetend="427" fileid="94" />
                <BranchPoint vc="0" uspid="1798" ordinal="30" offset="437" sl="111" path="0" offsetend="439" fileid="94" />
                <BranchPoint vc="0" uspid="1799" ordinal="31" offset="437" sl="111" path="1" offsetend="480" fileid="94" />
                <BranchPoint vc="0" uspid="1800" ordinal="32" offset="498" sl="118" path="0" offsetend="500" fileid="94" />
                <BranchPoint vc="0" uspid="1801" ordinal="33" offset="498" sl="118" path="1" offsetend="507" fileid="94" />
              </BranchPoints>
              <MethodPoint xsi:type="SequencePoint" vc="0" uspid="1727" ordinal="0" offset="0" sl="41" sc="13" el="41" ec="29" bec="2" bev="0" fileid="94" />
            </Method>
            <Method visited="false" cyclomaticComplexity="4" nPathComplexity="8" sequenceCoverage="0" branchCoverage="0" crapScore="20" isConstructor="false" isStatic="true" isGetter="false" isSetter="false">
              <Summary numSequencePoints="7" visitedSequencePoints="0" numBranchPoints="7" visitedBranchPoints="0" sequenceCoverage="0" branchCoverage="0" maxCyclomaticComplexity="4" minCyclomaticComplexity="4" maxCrapScore="20" minCrapScore="20" visitedClasses="0" numClasses="0" visitedMethods="0" numMethods="1" />
              <MetadataToken>100663646</MetadataToken>
              <Name>System.String Humanizer.Localisation.NumberToWords.AfrikaansNumberToWordsConverter::GetUnitValue(System.Int32,System.Boolean)</Name>
              <FileRef uid="94" />
              <SequencePoints>
                <SequencePoint vc="0" uspid="1802" ordinal="0" offset="0" sl="128" sc="13" el="128" ec="27" bec="2" bev="0" fileid="94" />
                <SequencePoint vc="0" uspid="1803" ordinal="1" offset="3" sl="130" sc="17" el="130" ec="78" bec="2" bev="0" fileid="94" />
                <SequencePoint vc="0" uspid="1804" ordinal="2" offset="13" sl="132" sc="21" el="132" ec="44" bec="0" bev="0" fileid="94" />
                <SequencePoint vc="0" uspid="1805" ordinal="3" offset="15" sl="134" sc="22" el="134" ec="38" bec="2" bev="0" fileid="94" />
                <SequencePoint vc="0" uspid="1806" ordinal="4" offset="20" sl="136" sc="21" el="136" ec="57" bec="0" bev="0" fileid="94" />
                <SequencePoint vc="0" uspid="1807" ordinal="5" offset="41" sl="140" sc="21" el="140" ec="52" bec="0" bev="0" fileid="94" />
                <SequencePoint vc="0" uspid="1808" ordinal="6" offset="59" sl="145" sc="17" el="145" ec="41" bec="0" bev="0" fileid="94" />
              </SequencePoints>
              <BranchPoints>
                <BranchPoint vc="0" uspid="1809" ordinal="0" offset="1" sl="128" path="0" offsetend="3" fileid="94" />
                <BranchPoint vc="0" uspid="1810" ordinal="1" offset="1" sl="128" path="1" offsetend="59" fileid="94" />
                <BranchPoint vc="0" uspid="1811" ordinal="2" offset="11" sl="130" path="0" offsetend="13" fileid="94" />
                <BranchPoint vc="0" uspid="1812" ordinal="3" offset="11" sl="130" path="1" offsetend="15" fileid="94" />
                <BranchPoint vc="0" uspid="1813" ordinal="4" offset="18" sl="134" path="0" offsetend="20" fileid="94" />
                <BranchPoint vc="0" uspid="1814" ordinal="5" offset="18" sl="134" path="1" offsetend="41" fileid="94" />
              </BranchPoints>
              <MethodPoint xsi:type="SequencePoint" vc="0" uspid="1802" ordinal="0" offset="0" sl="128" sc="13" el="128" ec="27" bec="2" bev="0" fileid="94" />
            </Method>
            <Method visited="false" cyclomaticComplexity="3" nPathComplexity="4" sequenceCoverage="0" branchCoverage="0" crapScore="12" isConstructor="false" isStatic="true" isGetter="false" isSetter="false">
              <Summary numSequencePoints="4" visitedSequencePoints="0" numBranchPoints="5" visitedBranchPoints="0" sequenceCoverage="0" branchCoverage="0" maxCyclomaticComplexity="3" minCyclomaticComplexity="3" maxCrapScore="12" minCrapScore="12" visitedClasses="0" numClasses="0" visitedMethods="0" numMethods="1" />
              <MetadataToken>100663647</MetadataToken>
              <Name>System.String Humanizer.Localisation.NumberToWords.AfrikaansNumberToWordsConverter::RemoveOnePrefix(System.String)</Name>
              <FileRef uid="94" />
              <SequencePoints>
                <SequencePoint vc="0" uspid="1815" ordinal="0" offset="0" sl="152" sc="13" el="152" ec="71" bec="2" bev="0" fileid="94" />
                <SequencePoint vc="0" uspid="1816" ordinal="1" offset="14" sl="154" sc="17" el="154" ec="78" bec="2" bev="0" fileid="94" />
                <SequencePoint vc="0" uspid="1817" ordinal="2" offset="28" sl="156" sc="21" el="156" ec="52" bec="0" bev="0" fileid="94" />
                <SequencePoint vc="0" uspid="1818" ordinal="3" offset="38" sl="160" sc="13" el="160" ec="28" bec="0" bev="0" fileid="94" />
              </SequencePoints>
              <BranchPoints>
                <BranchPoint vc="0" uspid="1819" ordinal="0" offset="12" sl="152" path="0" offsetend="14" fileid="94" />
                <BranchPoint vc="0" uspid="1820" ordinal="1" offset="12" sl="152" path="1" offsetend="38" fileid="94" />
                <BranchPoint vc="0" uspid="1821" ordinal="2" offset="26" sl="154" path="0" offsetend="28" fileid="94" />
                <BranchPoint vc="0" uspid="1822" ordinal="3" offset="26" sl="154" path="1" offsetend="38" fileid="94" />
              </BranchPoints>
              <MethodPoint xsi:type="SequencePoint" vc="0" uspid="1815" ordinal="0" offset="0" sl="152" sc="13" el="152" ec="71" bec="2" bev="0" fileid="94" />
            </Method>
            <Method visited="false" cyclomaticComplexity="1" nPathComplexity="0" sequenceCoverage="0" branchCoverage="0" crapScore="2" isConstructor="false" isStatic="true" isGetter="false" isSetter="false">
              <Summary numSequencePoints="1" visitedSequencePoints="0" numBranchPoints="1" visitedBranchPoints="0" sequenceCoverage="0" branchCoverage="0" maxCyclomaticComplexity="1" minCyclomaticComplexity="1" maxCrapScore="2" minCrapScore="2" visitedClasses="0" numClasses="0" visitedMethods="0" numMethods="1" />
              <MetadataToken>100663648</MetadataToken>
              <Name>System.Boolean Humanizer.Localisation.NumberToWords.AfrikaansNumberToWordsConverter::ExceptionNumbersToWords(System.Int32,System.String&amp;)</Name>
              <FileRef uid="94" />
              <SequencePoints>
                <SequencePoint vc="0" uspid="1823" ordinal="0" offset="0" sl="165" sc="13" el="165" ec="69" bec="0" bev="0" fileid="94" />
              </SequencePoints>
              <BranchPoints />
              <MethodPoint xsi:type="SequencePoint" vc="0" uspid="1823" ordinal="0" offset="0" sl="165" sc="13" el="165" ec="69" bec="0" bev="0" fileid="94" />
            </Method>
            <Method visited="false" cyclomaticComplexity="1" nPathComplexity="0" sequenceCoverage="0" branchCoverage="0" crapScore="2" isConstructor="true" isStatic="false" isGetter="false" isSetter="false">
              <Summary numSequencePoints="0" visitedSequencePoints="0" numBranchPoints="0" visitedBranchPoints="0" sequenceCoverage="0" branchCoverage="0" maxCyclomaticComplexity="1" minCyclomaticComplexity="1" maxCrapScore="2" minCrapScore="2" visitedClasses="0" numClasses="0" visitedMethods="0" numMethods="0" />
              <MetadataToken>100663649</MetadataToken>
              <Name>System.Void Humanizer.Localisation.NumberToWords.AfrikaansNumberToWordsConverter::.ctor()</Name>
              <SequencePoints />
              <BranchPoints />
              <MethodPoint vc="0" uspid="1824" ordinal="0" offset="0" />
            </Method>
            <Method visited="false" cyclomaticComplexity="1" nPathComplexity="0" sequenceCoverage="0" branchCoverage="0" crapScore="2" isConstructor="true" isStatic="true" isGetter="false" isSetter="false">
              <Summary numSequencePoints="3" visitedSequencePoints="0" numBranchPoints="1" visitedBranchPoints="0" sequenceCoverage="0" branchCoverage="0" maxCyclomaticComplexity="1" minCyclomaticComplexity="1" maxCrapScore="2" minCrapScore="2" visitedClasses="0" numClasses="0" visitedMethods="0" numMethods="1" />
              <MetadataToken>100663650</MetadataToken>
              <Name>System.Void Humanizer.Localisation.NumberToWords.AfrikaansNumberToWordsConverter::.cctor()</Name>
              <FileRef uid="94" />
              <SequencePoints>
                <SequencePoint vc="0" uspid="1825" ordinal="0" offset="0" sl="8" sc="9" el="8" ec="237" bec="0" bev="0" fileid="94" />
                <SequencePoint vc="0" uspid="1826" ordinal="1" offset="183" sl="9" sc="9" el="9" ec="156" bec="0" bev="0" fileid="94" />
                <SequencePoint vc="0" uspid="1827" ordinal="2" offset="276" sl="11" sc="9" el="23" ec="11" bec="0" bev="0" fileid="94" />
              </SequencePoints>
              <BranchPoints />
              <MethodPoint xsi:type="SequencePoint" vc="0" uspid="1825" ordinal="0" offset="0" sl="8" sc="9" el="8" ec="237" bec="0" bev="0" fileid="94" />
            </Method>
          </Methods>
        </Class>
        <Class>
          <Summary numSequencePoints="111" visitedSequencePoints="0" numBranchPoints="102" visitedBranchPoints="0" sequenceCoverage="0" branchCoverage="0" maxCyclomaticComplexity="36" minCyclomaticComplexity="1" maxCrapScore="1332" minCrapScore="2" visitedClasses="0" numClasses="1" visitedMethods="0" numMethods="4" />
          <FullName>Humanizer.Localisation.NumberToWords.ArabicNumberToWordsConverter</FullName>
          <Methods>
            <Method visited="false" cyclomaticComplexity="36" nPathComplexity="2147483647" sequenceCoverage="0" branchCoverage="0" crapScore="1332" isConstructor="false" isStatic="false" isGetter="false" isSetter="false">
              <Summary numSequencePoints="56" visitedSequencePoints="0" numBranchPoints="65" visitedBranchPoints="0" sequenceCoverage="0" branchCoverage="0" maxCyclomaticComplexity="36" minCyclomaticComplexity="36" maxCrapScore="1332" minCrapScore="1332" visitedClasses="0" numClasses="0" visitedMethods="0" numMethods="1" />
              <MetadataToken>100663651</MetadataToken>
              <Name>System.String Humanizer.Localisation.NumberToWords.ArabicNumberToWordsConverter::Convert(System.Int64,Humanizer.GrammaticalGender)</Name>
              <FileRef uid="95" />
              <SequencePoints>
                <SequencePoint vc="0" uspid="1828" ordinal="0" offset="0" sl="21" sc="13" el="21" ec="29" bec="2" bev="0" fileid="95" />
                <SequencePoint vc="0" uspid="1829" ordinal="1" offset="3" sl="23" sc="17" el="23" ec="30" bec="0" bev="0" fileid="95" />
                <SequencePoint vc="0" uspid="1830" ordinal="2" offset="9" sl="26" sc="13" el="26" ec="28" bec="2" bev="0" fileid="95" />
                <SequencePoint vc="0" uspid="1831" ordinal="3" offset="14" sl="28" sc="17" el="28" ec="76" bec="0" bev="0" fileid="95" />
                <SequencePoint vc="0" uspid="1832" ordinal="4" offset="34" sl="31" sc="13" el="31" ec="39" bec="0" bev="0" fileid="95" />
                <SequencePoint vc="0" uspid="1833" ordinal="5" offset="40" sl="32" sc="13" el="32" ec="32" bec="0" bev="0" fileid="95" />
                <SequencePoint vc="0" uspid="1834" ordinal="6" offset="47" sl="36" sc="17" el="36" ec="49" bec="0" bev="0" fileid="95" />
                <SequencePoint vc="0" uspid="1835" ordinal="7" offset="56" sl="37" sc="17" el="37" ec="32" bec="0" bev="0" fileid="95" />
                <SequencePoint vc="0" uspid="1836" ordinal="8" offset="66" sl="39" sc="17" el="39" ec="46" bec="0" bev="0" fileid="95" />
                <SequencePoint vc="0" uspid="1837" ordinal="9" offset="72" sl="40" sc="17" el="40" ec="50" bec="0" bev="0" fileid="95" />
                <SequencePoint vc="0" uspid="1838" ordinal="10" offset="79" sl="41" sc="17" el="41" ec="44" bec="0" bev="0" fileid="95" />
                <SequencePoint vc="0" uspid="1839" ordinal="11" offset="86" sl="43" sc="17" el="43" ec="34" bec="2" bev="0" fileid="95" />
                <SequencePoint vc="0" uspid="1840" ordinal="12" offset="92" sl="45" sc="21" el="45" ec="52" bec="3" bev="0" fileid="95" />
                <SequencePoint vc="0" uspid="1841" ordinal="13" offset="101" sl="47" sc="25" el="47" ec="51" bec="0" bev="0" fileid="95" />
                <SequencePoint vc="0" uspid="1842" ordinal="14" offset="110" sl="48" sc="21" el="48" ec="22" bec="0" bev="0" fileid="95" />
                <SequencePoint vc="0" uspid="1843" ordinal="15" offset="112" sl="51" sc="25" el="51" ec="59" bec="0" bev="0" fileid="95" />
                <SequencePoint vc="0" uspid="1844" ordinal="16" offset="123" sl="55" sc="17" el="55" ec="30" bec="2" bev="0" fileid="95" />
                <SequencePoint vc="0" uspid="1845" ordinal="17" offset="131" sl="57" sc="21" el="57" ec="35" bec="2" bev="0" fileid="95" />
                <SequencePoint vc="0" uspid="1846" ordinal="18" offset="140" sl="59" sc="25" el="59" ec="74" bec="4" bev="0" fileid="95" />
                <SequencePoint vc="0" uspid="1847" ordinal="19" offset="153" sl="61" sc="29" el="61" ec="93" bec="4" bev="0" fileid="95" />
                <SequencePoint vc="0" uspid="1848" ordinal="20" offset="180" sl="63" sc="33" el="63" ec="68" bec="0" bev="0" fileid="95" />
                <SequencePoint vc="0" uspid="1849" ordinal="21" offset="189" sl="64" sc="29" el="64" ec="30" bec="0" bev="0" fileid="95" />
                <SequencePoint vc="0" uspid="1850" ordinal="22" offset="194" sl="67" sc="33" el="67" ec="60" bec="0" bev="0" fileid="95" />
                <SequencePoint vc="0" uspid="1851" ordinal="23" offset="203" sl="69" sc="25" el="69" ec="26" bec="0" bev="0" fileid="95" />
                <SequencePoint vc="0" uspid="1852" ordinal="24" offset="208" sl="72" sc="29" el="72" ec="57" bec="2" bev="0" fileid="95" />
                <SequencePoint vc="0" uspid="1853" ordinal="25" offset="222" sl="74" sc="33" el="74" ec="50" bec="0" bev="0" fileid="95" />
                <SequencePoint vc="0" uspid="1854" ordinal="26" offset="236" sl="77" sc="29" el="77" ec="78" bec="4" bev="0" fileid="95" />
                <SequencePoint vc="0" uspid="1855" ordinal="27" offset="249" sl="79" sc="33" el="79" ec="48" bec="0" bev="0" fileid="95" />
                <SequencePoint vc="0" uspid="1856" ordinal="28" offset="263" sl="80" sc="29" el="80" ec="30" bec="0" bev="0" fileid="95" />
                <SequencePoint vc="0" uspid="1857" ordinal="29" offset="268" sl="83" sc="33" el="83" ec="144" bec="3" bev="0" fileid="95" />
                <SequencePoint vc="0" uspid="1858" ordinal="30" offset="302" sl="86" sc="21" el="86" ec="22" bec="0" bev="0" fileid="95" />
                <SequencePoint vc="0" uspid="1859" ordinal="31" offset="304" sl="89" sc="25" el="89" ec="46" bec="0" bev="0" fileid="95" />
                <SequencePoint vc="0" uspid="1860" ordinal="32" offset="311" sl="90" sc="25" el="90" ec="44" bec="0" bev="0" fileid="95" />
                <SequencePoint vc="0" uspid="1861" ordinal="33" offset="317" sl="92" sc="25" el="92" ec="38" bec="2" bev="0" fileid="95" />
                <SequencePoint vc="0" uspid="1862" ordinal="34" offset="323" sl="94" sc="29" el="94" ec="57" bec="2" bev="0" fileid="95" />
                <SequencePoint vc="0" uspid="1863" ordinal="35" offset="337" sl="96" sc="33" el="96" ec="50" bec="0" bev="0" fileid="95" />
                <SequencePoint vc="0" uspid="1864" ordinal="36" offset="351" sl="99" sc="29" el="99" ec="121" bec="2" bev="0" fileid="95" />
                <SequencePoint vc="0" uspid="1865" ordinal="37" offset="384" sl="102" sc="25" el="102" ec="53" bec="2" bev="0" fileid="95" />
                <SequencePoint vc="0" uspid="1866" ordinal="38" offset="398" sl="104" sc="29" el="104" ec="46" bec="0" bev="0" fileid="95" />
                <SequencePoint vc="0" uspid="1867" ordinal="39" offset="412" sl="107" sc="25" el="107" ec="52" bec="0" bev="0" fileid="95" />
                <SequencePoint vc="0" uspid="1868" ordinal="40" offset="429" sl="111" sc="17" el="111" ec="45" bec="2" bev="0" fileid="95" />
                <SequencePoint vc="0" uspid="1869" ordinal="41" offset="446" sl="113" sc="21" el="113" ec="40" bec="2" bev="0" fileid="95" />
                <SequencePoint vc="0" uspid="1870" ordinal="42" offset="453" sl="115" sc="25" el="115" ec="52" bec="2" bev="0" fileid="95" />
                <SequencePoint vc="0" uspid="1871" ordinal="43" offset="466" sl="117" sc="29" el="117" ec="76" bec="0" bev="0" fileid="95" />
                <SequencePoint vc="0" uspid="1872" ordinal="44" offset="483" sl="120" sc="25" el="120" ec="46" bec="2" bev="0" fileid="95" />
                <SequencePoint vc="0" uspid="1873" ordinal="45" offset="488" sl="122" sc="29" el="122" ec="56" bec="2" bev="0" fileid="95" />
                <SequencePoint vc="0" uspid="1874" ordinal="46" offset="497" sl="124" sc="33" el="124" ec="75" bec="3" bev="0" fileid="95" />
                <SequencePoint vc="0" uspid="1875" ordinal="47" offset="508" sl="126" sc="37" el="126" ec="105" bec="0" bev="0" fileid="95" />
                <SequencePoint vc="0" uspid="1876" ordinal="48" offset="527" sl="127" sc="33" el="127" ec="34" bec="0" bev="0" fileid="95" />
                <SequencePoint vc="0" uspid="1877" ordinal="49" offset="529" sl="130" sc="37" el="130" ec="153" bec="2" bev="0" fileid="95" />
                <SequencePoint vc="0" uspid="1878" ordinal="50" offset="570" sl="132" sc="29" el="132" ec="30" bec="0" bev="0" fileid="95" />
                <SequencePoint vc="0" uspid="1879" ordinal="51" offset="572" sl="135" sc="33" el="135" ec="95" bec="0" bev="0" fileid="95" />
                <SequencePoint vc="0" uspid="1880" ordinal="52" offset="591" sl="140" sc="21" el="140" ec="72" bec="0" bev="0" fileid="95" />
                <SequencePoint vc="0" uspid="1881" ordinal="53" offset="605" sl="143" sc="17" el="143" ec="30" bec="0" bev="0" fileid="95" />
                <SequencePoint vc="0" uspid="1882" ordinal="54" offset="609" sl="34" sc="13" el="34" ec="32" bec="2" bev="0" fileid="95" />
                <SequencePoint vc="0" uspid="1883" ordinal="55" offset="617" sl="146" sc="13" el="146" ec="34" bec="0" bev="0" fileid="95" />
              </SequencePoints>
              <BranchPoints>
                <BranchPoint vc="0" uspid="1884" ordinal="0" offset="1" sl="21" path="0" offsetend="3" fileid="95" />
                <BranchPoint vc="0" uspid="1885" ordinal="1" offset="1" sl="21" path="1" offsetend="9" fileid="95" />
                <BranchPoint vc="0" uspid="1886" ordinal="2" offset="12" sl="26" path="0" offsetend="14" fileid="95" />
                <BranchPoint vc="0" uspid="1887" ordinal="3" offset="12" sl="26" path="1" offsetend="34" fileid="95" />
                <BranchPoint vc="0" uspid="1888" ordinal="4" offset="90" sl="43" path="0" offsetend="92" fileid="95" />
                <BranchPoint vc="0" uspid="1889" ordinal="5" offset="90" sl="43" path="1" offsetend="123" fileid="95" />
                <BranchPoint vc="0" uspid="1890" ordinal="6" offset="93" sl="45" path="0" offsetend="95" fileid="95" />
                <BranchPoint vc="0" uspid="1891" ordinal="7" offset="93" sl="45" path="1" offsetend="112" fileid="95" />
                <BranchPoint vc="0" uspid="1892" ordinal="8" offset="99" sl="45" path="0" offsetend="101" fileid="95" />
                <BranchPoint vc="0" uspid="1893" ordinal="9" offset="99" sl="45" path="1" offsetend="112" fileid="95" />
                <BranchPoint vc="0" uspid="1894" ordinal="10" offset="126" sl="55" path="0" offsetend="131" fileid="95" />
                <BranchPoint vc="0" uspid="1895" ordinal="11" offset="126" sl="55" path="1" offsetend="429" fileid="95" />
                <BranchPoint vc="0" uspid="1896" ordinal="12" offset="135" sl="57" path="0" offsetend="140" fileid="95" />
                <BranchPoint vc="0" uspid="1897" ordinal="13" offset="135" sl="57" path="1" offsetend="304" fileid="95" />
                <BranchPoint vc="0" uspid="1898" ordinal="14" offset="143" sl="59" path="0" offsetend="145" fileid="95" />
                <BranchPoint vc="0" uspid="1899" ordinal="15" offset="143" sl="59" path="1" offsetend="208" fileid="95" />
                <BranchPoint vc="0" uspid="1900" ordinal="16" offset="147" sl="59" path="0" offsetend="149" fileid="95" />
                <BranchPoint vc="0" uspid="1901" ordinal="17" offset="147" sl="59" path="1" offsetend="208" fileid="95" />
                <BranchPoint vc="0" uspid="1902" ordinal="18" offset="151" sl="59" path="0" offsetend="153" fileid="95" />
                <BranchPoint vc="0" uspid="1903" ordinal="19" offset="151" sl="59" path="1" offsetend="208" fileid="95" />
                <BranchPoint vc="0" uspid="1904" ordinal="20" offset="160" sl="61" path="0" offsetend="162" fileid="95" />
                <BranchPoint vc="0" uspid="1905" ordinal="21" offset="160" sl="61" path="1" offsetend="180" fileid="95" />
                <BranchPoint vc="0" uspid="1906" ordinal="22" offset="169" sl="61" path="0" offsetend="171" fileid="95" />
                <BranchPoint vc="0" uspid="1907" ordinal="23" offset="169" sl="61" path="1" offsetend="180" fileid="95" />
                <BranchPoint vc="0" uspid="1908" ordinal="24" offset="178" sl="61" path="0" offsetend="180" fileid="95" />
                <BranchPoint vc="0" uspid="1909" ordinal="25" offset="178" sl="61" path="1" offsetend="194" fileid="95" />
                <BranchPoint vc="0" uspid="1910" ordinal="26" offset="220" sl="72" path="0" offsetend="222" fileid="95" />
                <BranchPoint vc="0" uspid="1911" ordinal="27" offset="220" sl="72" path="1" offsetend="236" fileid="95" />
                <BranchPoint vc="0" uspid="1912" ordinal="28" offset="239" sl="77" path="0" offsetend="241" fileid="95" />
                <BranchPoint vc="0" uspid="1913" ordinal="29" offset="239" sl="77" path="1" offsetend="268" fileid="95" />
                <BranchPoint vc="0" uspid="1914" ordinal="30" offset="243" sl="77" path="0" offsetend="245" fileid="95" />
                <BranchPoint vc="0" uspid="1915" ordinal="31" offset="243" sl="77" path="1" offsetend="268" fileid="95" />
                <BranchPoint vc="0" uspid="1916" ordinal="32" offset="247" sl="77" path="0" offsetend="249" fileid="95" />
                <BranchPoint vc="0" uspid="1917" ordinal="33" offset="247" sl="77" path="1" offsetend="268" fileid="95" />
                <BranchPoint vc="0" uspid="1918" ordinal="34" offset="272" sl="83" path="0" offsetend="274" fileid="95" />
                <BranchPoint vc="0" uspid="1919" ordinal="35" offset="272" sl="83" path="1" offsetend="277" fileid="95" />
                <BranchPoint vc="0" uspid="1920" ordinal="36" offset="275" sl="83" path="0" offsetend="277" fileid="95" />
                <BranchPoint vc="0" uspid="1921" ordinal="37" offset="275" sl="83" path="1" offsetend="287" fileid="95" />
                <BranchPoint vc="0" uspid="1922" ordinal="38" offset="321" sl="92" path="0" offsetend="323" fileid="95" />
                <BranchPoint vc="0" uspid="1923" ordinal="39" offset="321" sl="92" path="1" offsetend="384" fileid="95" />
                <BranchPoint vc="0" uspid="1924" ordinal="40" offset="335" sl="94" path="0" offsetend="337" fileid="95" />
                <BranchPoint vc="0" uspid="1925" ordinal="41" offset="335" sl="94" path="1" offsetend="351" fileid="95" />
                <BranchPoint vc="0" uspid="1926" ordinal="42" offset="355" sl="99" path="0" offsetend="357" fileid="95" />
                <BranchPoint vc="0" uspid="1927" ordinal="43" offset="355" sl="99" path="1" offsetend="368" fileid="95" />
                <BranchPoint vc="0" uspid="1928" ordinal="44" offset="396" sl="102" path="0" offsetend="398" fileid="95" />
                <BranchPoint vc="0" uspid="1929" ordinal="45" offset="396" sl="102" path="1" offsetend="412" fileid="95" />
                <BranchPoint vc="0" uspid="1930" ordinal="46" offset="441" sl="111" path="0" offsetend="446" fileid="95" />
                <BranchPoint vc="0" uspid="1931" ordinal="47" offset="441" sl="111" path="1" offsetend="605" fileid="95" />
                <BranchPoint vc="0" uspid="1932" ordinal="48" offset="448" sl="113" path="0" offsetend="453" fileid="95" />
                <BranchPoint vc="0" uspid="1933" ordinal="49" offset="448" sl="113" path="1" offsetend="591" fileid="95" />
                <BranchPoint vc="0" uspid="1934" ordinal="50" offset="464" sl="115" path="0" offsetend="466" fileid="95" />
                <BranchPoint vc="0" uspid="1935" ordinal="51" offset="464" sl="115" path="1" offsetend="483" fileid="95" />
                <BranchPoint vc="0" uspid="1936" ordinal="52" offset="486" sl="120" path="0" offsetend="488" fileid="95" />
                <BranchPoint vc="0" uspid="1937" ordinal="53" offset="486" sl="120" path="1" offsetend="591" fileid="95" />
                <BranchPoint vc="0" uspid="1938" ordinal="54" offset="495" sl="122" path="0" offsetend="497" fileid="95" />
                <BranchPoint vc="0" uspid="1939" ordinal="55" offset="495" sl="122" path="1" offsetend="572" fileid="95" />
                <BranchPoint vc="0" uspid="1940" ordinal="56" offset="500" sl="124" path="0" offsetend="502" fileid="95" />
                <BranchPoint vc="0" uspid="1941" ordinal="57" offset="500" sl="124" path="1" offsetend="529" fileid="95" />
                <BranchPoint vc="0" uspid="1942" ordinal="58" offset="506" sl="124" path="0" offsetend="508" fileid="95" />
                <BranchPoint vc="0" uspid="1943" ordinal="59" offset="506" sl="124" path="1" offsetend="529" fileid="95" />
                <BranchPoint vc="0" uspid="1944" ordinal="60" offset="545" sl="130" path="0" offsetend="547" fileid="95" />
                <BranchPoint vc="0" uspid="1945" ordinal="61" offset="545" sl="130" path="1" offsetend="556" fileid="95" />
                <BranchPoint vc="0" uspid="1946" ordinal="62" offset="612" sl="34" path="0" offsetend="617" fileid="95" />
                <BranchPoint vc="0" uspid="1947" ordinal="63" offset="612" sl="34" path="1" offsetend="47" fileid="95" />
              </BranchPoints>
              <MethodPoint xsi:type="SequencePoint" vc="0" uspid="1828" ordinal="0" offset="0" sl="21" sc="13" el="21" ec="29" bec="2" bev="0" fileid="95" />
            </Method>
            <Method visited="false" cyclomaticComplexity="8" nPathComplexity="32" sequenceCoverage="0" branchCoverage="0" crapScore="72" isConstructor="false" isStatic="false" isGetter="false" isSetter="false">
              <Summary numSequencePoints="14" visitedSequencePoints="0" numBranchPoints="11" visitedBranchPoints="0" sequenceCoverage="0" branchCoverage="0" maxCyclomaticComplexity="8" minCyclomaticComplexity="8" maxCrapScore="72" minCrapScore="72" visitedClasses="0" numClasses="0" visitedMethods="0" numMethods="1" />
              <MetadataToken>100663652</MetadataToken>
              <Name>System.String Humanizer.Localisation.NumberToWords.ArabicNumberToWordsConverter::ConvertToOrdinal(System.Int32,Humanizer.GrammaticalGender)</Name>
              <FileRef uid="95" />
              <SequencePoints>
                <SequencePoint vc="0" uspid="1948" ordinal="0" offset="0" sl="183" sc="13" el="183" ec="29" bec="2" bev="0" fileid="95" />
                <SequencePoint vc="0" uspid="1949" ordinal="1" offset="3" sl="185" sc="17" el="185" ec="32" bec="0" bev="0" fileid="95" />
                <SequencePoint vc="0" uspid="1950" ordinal="2" offset="9" sl="188" sc="13" el="188" ec="55" bec="0" bev="0" fileid="95" />
                <SequencePoint vc="0" uspid="1951" ordinal="3" offset="14" sl="189" sc="13" el="189" ec="51" bec="0" bev="0" fileid="95" />
                <SequencePoint vc="0" uspid="1952" ordinal="4" offset="22" sl="190" sc="13" el="190" ec="53" bec="0" bev="0" fileid="95" />
                <SequencePoint vc="0" uspid="1953" ordinal="5" offset="28" sl="191" sc="13" el="191" ec="45" bec="0" bev="0" fileid="95" />
                <SequencePoint vc="0" uspid="1954" ordinal="6" offset="34" sl="193" sc="13" el="193" ec="44" bec="2" bev="0" fileid="95" />
                <SequencePoint vc="0" uspid="1955" ordinal="7" offset="38" sl="195" sc="17" el="195" ec="80" bec="0" bev="0" fileid="95" />
                <SequencePoint vc="0" uspid="1956" ordinal="8" offset="48" sl="196" sc="17" el="196" ec="106" bec="0" bev="0" fileid="95" />
                <SequencePoint vc="0" uspid="1957" ordinal="9" offset="57" sl="199" sc="13" el="199" ec="34" bec="2" bev="0" fileid="95" />
                <SequencePoint vc="0" uspid="1958" ordinal="10" offset="61" sl="201" sc="17" el="201" ec="54" bec="0" bev="0" fileid="95" />
                <SequencePoint vc="0" uspid="1959" ordinal="11" offset="70" sl="202" sc="17" el="202" ec="80" bec="0" bev="0" fileid="95" />
                <SequencePoint vc="0" uspid="1960" ordinal="12" offset="79" sl="205" sc="13" el="208" ec="37" bec="4" bev="0" fileid="95" />
                <SequencePoint vc="0" uspid="1961" ordinal="13" offset="122" sl="209" sc="13" el="209" ec="32" bec="0" bev="0" fileid="95" />
              </SequencePoints>
              <BranchPoints>
                <BranchPoint vc="0" uspid="1962" ordinal="0" offset="1" sl="183" path="0" offsetend="3" fileid="95" />
                <BranchPoint vc="0" uspid="1963" ordinal="1" offset="1" sl="183" path="1" offsetend="9" fileid="95" />
                <BranchPoint vc="0" uspid="1964" ordinal="2" offset="36" sl="193" path="0" offsetend="38" fileid="95" />
                <BranchPoint vc="0" uspid="1965" ordinal="3" offset="36" sl="193" path="1" offsetend="57" fileid="95" />
                <BranchPoint vc="0" uspid="1966" ordinal="4" offset="59" sl="199" path="0" offsetend="61" fileid="95" />
                <BranchPoint vc="0" uspid="1967" ordinal="5" offset="59" sl="199" path="1" offsetend="79" fileid="95" />
                <BranchPoint vc="0" uspid="1968" ordinal="6" offset="82" sl="205" path="0" offsetend="84" fileid="95" />
                <BranchPoint vc="0" uspid="1969" ordinal="7" offset="82" sl="205" path="1" offsetend="91" fileid="95" />
                <BranchPoint vc="0" uspid="1970" ordinal="8" offset="97" sl="205" path="0" offsetend="99" fileid="95" />
                <BranchPoint vc="0" uspid="1971" ordinal="9" offset="97" sl="205" path="1" offsetend="106" fileid="95" />
              </BranchPoints>
              <MethodPoint xsi:type="SequencePoint" vc="0" uspid="1948" ordinal="0" offset="0" sl="183" sc="13" el="183" ec="29" bec="2" bev="0" fileid="95" />
            </Method>
            <Method visited="false" cyclomaticComplexity="20" nPathComplexity="4096" sequenceCoverage="0" branchCoverage="0" crapScore="420" isConstructor="false" isStatic="true" isGetter="false" isSetter="false">
              <Summary numSequencePoints="30" visitedSequencePoints="0" numBranchPoints="25" visitedBranchPoints="0" sequenceCoverage="0" branchCoverage="0" maxCyclomaticComplexity="20" minCyclomaticComplexity="20" maxCrapScore="420" minCrapScore="420" visitedClasses="0" numClasses="0" visitedMethods="0" numMethods="1" />
              <MetadataToken>100663653</MetadataToken>
              <Name>System.String Humanizer.Localisation.NumberToWords.ArabicNumberToWordsConverter::ParseNumber(System.String,System.Int32,Humanizer.GrammaticalGender)</Name>
              <FileRef uid="95" />
              <SequencePoints>
                <SequencePoint vc="0" uspid="1972" ordinal="0" offset="13" sl="214" sc="13" el="214" ec="29" bec="2" bev="0" fileid="95" />
                <SequencePoint vc="0" uspid="1973" ordinal="1" offset="17" sl="216" sc="17" el="216" ec="82" bec="2" bev="0" fileid="95" />
                <SequencePoint vc="0" uspid="1974" ordinal="2" offset="33" sl="219" sc="13" el="219" ec="30" bec="2" bev="0" fileid="95" />
                <SequencePoint vc="0" uspid="1975" ordinal="3" offset="41" sl="221" sc="17" el="221" ec="117" bec="2" bev="0" fileid="95" />
                <SequencePoint vc="0" uspid="1976" ordinal="4" offset="57" sl="222" sc="36" el="222" ec="79" bec="2" bev="0" fileid="95" />
                <SequencePoint vc="0" uspid="1977" ordinal="5" offset="101" sl="222" sc="26" el="222" ec="32" bec="0" bev="0" fileid="95" />
                <SequencePoint vc="0" uspid="1978" ordinal="6" offset="108" sl="225" sc="21" el="225" ec="86" bec="0" bev="0" fileid="95" />
                <SequencePoint vc="0" uspid="1979" ordinal="7" offset="163" sl="222" sc="33" el="222" ec="35" bec="0" bev="0" fileid="95" />
                <SequencePoint vc="0" uspid="1980" ordinal="8" offset="186" sl="228" sc="18" el="228" ec="50" bec="3" bev="0" fileid="95" />
                <SequencePoint vc="0" uspid="1981" ordinal="9" offset="202" sl="230" sc="17" el="230" ec="45" bec="0" bev="0" fileid="95" />
                <SequencePoint vc="0" uspid="1982" ordinal="10" offset="224" sl="231" sc="17" el="231" ec="57" bec="0" bev="0" fileid="95" />
                <SequencePoint vc="0" uspid="1983" ordinal="11" offset="234" sl="232" sc="17" el="232" ec="31" bec="0" bev="0" fileid="95" />
                <SequencePoint vc="0" uspid="1984" ordinal="12" offset="237" sl="234" sc="38" el="234" ec="43" bec="0" bev="0" fileid="95" />
                <SequencePoint vc="0" uspid="1985" ordinal="13" offset="247" sl="234" sc="26" el="234" ec="34" bec="0" bev="0" fileid="95" />
                <SequencePoint vc="0" uspid="1986" ordinal="14" offset="261" sl="236" sc="21" el="236" ec="40" bec="0" bev="0" fileid="95" />
                <SequencePoint vc="0" uspid="1987" ordinal="15" offset="265" sl="237" sc="21" el="237" ec="40" bec="0" bev="0" fileid="95" />
                <SequencePoint vc="0" uspid="1988" ordinal="16" offset="274" sl="239" sc="21" el="239" ec="121" bec="2" bev="0" fileid="95" />
                <SequencePoint vc="0" uspid="1989" ordinal="17" offset="290" sl="240" sc="40" el="240" ec="86" bec="2" bev="0" fileid="95" />
                <SequencePoint vc="0" uspid="1990" ordinal="18" offset="337" sl="240" sc="30" el="240" ec="36" bec="0" bev="0" fileid="95" />
                <SequencePoint vc="0" uspid="1991" ordinal="19" offset="345" sl="243" sc="25" el="243" ec="99" bec="0" bev="0" fileid="95" />
                <SequencePoint vc="0" uspid="1992" ordinal="20" offset="397" sl="240" sc="37" el="240" ec="39" bec="0" bev="0" fileid="95" />
                <SequencePoint vc="0" uspid="1993" ordinal="21" offset="417" sl="246" sc="21" el="246" ec="81" bec="4" bev="0" fileid="95" />
                <SequencePoint vc="0" uspid="1994" ordinal="22" offset="453" sl="248" sc="25" el="248" ec="50" bec="0" bev="0" fileid="95" />
                <SequencePoint vc="0" uspid="1995" ordinal="23" offset="472" sl="251" sc="21" el="251" ec="49" bec="0" bev="0" fileid="95" />
                <SequencePoint vc="0" uspid="1996" ordinal="24" offset="490" sl="234" sc="35" el="234" ec="37" bec="0" bev="0" fileid="95" />
                <SequencePoint vc="0" uspid="1997" ordinal="25" offset="501" sl="254" sc="17" el="254" ec="51" bec="0" bev="0" fileid="95" />
                <SequencePoint vc="0" uspid="1998" ordinal="26" offset="519" sl="255" sc="13" el="255" ec="14" bec="0" bev="0" fileid="95" />
                <SequencePoint vc="0" uspid="1999" ordinal="27" offset="521" sl="258" sc="17" el="258" ec="36" bec="0" bev="0" fileid="95" />
                <SequencePoint vc="0" uspid="2000" ordinal="28" offset="543" sl="261" sc="13" el="261" ec="25" bec="0" bev="0" fileid="95" />
                <SequencePoint vc="0" uspid="2001" ordinal="29" offset="550" sl="262" sc="9" el="262" ec="10" bec="0" bev="0" fileid="95" />
              </SequencePoints>
              <BranchPoints>
                <BranchPoint vc="0" uspid="2002" ordinal="0" offset="15" sl="214" path="0" offsetend="17" fileid="95" />
                <BranchPoint vc="0" uspid="2003" ordinal="1" offset="15" sl="214" path="1" offsetend="33" fileid="95" />
                <BranchPoint vc="0" uspid="2004" ordinal="2" offset="19" sl="216" path="0" offsetend="21" fileid="95" />
                <BranchPoint vc="0" uspid="2005" ordinal="3" offset="19" sl="216" path="1" offsetend="27" fileid="95" />
                <BranchPoint vc="0" uspid="2006" ordinal="4" offset="36" sl="219" path="0" offsetend="41" fileid="95" />
                <BranchPoint vc="0" uspid="2007" ordinal="5" offset="36" sl="219" path="1" offsetend="186" fileid="95" />
                <BranchPoint vc="0" uspid="2008" ordinal="6" offset="43" sl="221" path="0" offsetend="45" fileid="95" />
                <BranchPoint vc="0" uspid="2009" ordinal="7" offset="43" sl="221" path="1" offsetend="52" fileid="95" />
                <BranchPoint vc="0" uspid="2010" ordinal="8" offset="64" sl="222" path="0" offsetend="66" fileid="95" />
                <BranchPoint vc="0" uspid="2011" ordinal="9" offset="64" sl="222" path="1" offsetend="88" fileid="95" />
                <BranchPoint vc="0" uspid="2014" ordinal="12" offset="189" sl="228" path="0" offsetend="194" fileid="95" />
                <BranchPoint vc="0" uspid="2015" ordinal="13" offset="189" sl="228" path="1" offsetend="521" fileid="95" />
                <BranchPoint vc="0" uspid="2016" ordinal="14" offset="197" sl="228" path="0" offsetend="202" fileid="95" />
                <BranchPoint vc="0" uspid="2017" ordinal="15" offset="197" sl="228" path="1" offsetend="521" fileid="95" />
                <BranchPoint vc="0" uspid="2018" ordinal="16" offset="276" sl="239" path="0" offsetend="278" fileid="95" />
                <BranchPoint vc="0" uspid="2019" ordinal="17" offset="276" sl="239" path="1" offsetend="285" fileid="95" />
                <BranchPoint vc="0" uspid="2020" ordinal="18" offset="298" sl="240" path="0" offsetend="300" fileid="95" />
                <BranchPoint vc="0" uspid="2021" ordinal="19" offset="298" sl="240" path="1" offsetend="324" fileid="95" />
                <BranchPoint vc="0" uspid="2024" ordinal="22" offset="420" sl="246" path="0" offsetend="422" fileid="95" />
                <BranchPoint vc="0" uspid="2025" ordinal="23" offset="420" sl="246" path="1" offsetend="472" fileid="95" />
                <BranchPoint vc="0" uspid="2026" ordinal="24" offset="436" sl="246" path="0" offsetend="438" fileid="95" />
                <BranchPoint vc="0" uspid="2027" ordinal="25" offset="436" sl="246" path="1" offsetend="472" fileid="95" />
                <BranchPoint vc="0" uspid="2028" ordinal="26" offset="451" sl="246" path="0" offsetend="453" fileid="95" />
                <BranchPoint vc="0" uspid="2029" ordinal="27" offset="451" sl="246" path="1" offsetend="472" fileid="95" />
              </BranchPoints>
              <MethodPoint vc="0" uspid="2032" ordinal="0" offset="0" />
            </Method>
            <Method visited="false" cyclomaticComplexity="1" nPathComplexity="0" sequenceCoverage="0" branchCoverage="0" crapScore="2" isConstructor="true" isStatic="false" isGetter="false" isSetter="false">
              <Summary numSequencePoints="0" visitedSequencePoints="0" numBranchPoints="0" visitedBranchPoints="0" sequenceCoverage="0" branchCoverage="0" maxCyclomaticComplexity="1" minCyclomaticComplexity="1" maxCrapScore="2" minCrapScore="2" visitedClasses="0" numClasses="0" visitedMethods="0" numMethods="0" />
              <MetadataToken>100663654</MetadataToken>
              <Name>System.Void Humanizer.Localisation.NumberToWords.ArabicNumberToWordsConverter::.ctor()</Name>
              <SequencePoints />
              <BranchPoints />
              <MethodPoint vc="0" uspid="2033" ordinal="0" offset="0" />
            </Method>
            <Method visited="false" cyclomaticComplexity="1" nPathComplexity="0" sequenceCoverage="0" branchCoverage="0" crapScore="2" isConstructor="true" isStatic="true" isGetter="false" isSetter="false">
              <Summary numSequencePoints="11" visitedSequencePoints="0" numBranchPoints="1" visitedBranchPoints="0" sequenceCoverage="0" branchCoverage="0" maxCyclomaticComplexity="1" minCyclomaticComplexity="1" maxCrapScore="2" minCrapScore="2" visitedClasses="0" numClasses="0" visitedMethods="0" numMethods="1" />
              <MetadataToken>100663655</MetadataToken>
              <Name>System.Void Humanizer.Localisation.NumberToWords.ArabicNumberToWordsConverter::.cctor()</Name>
              <FileRef uid="95" />
              <SequencePoints>
                <SequencePoint vc="0" uspid="2034" ordinal="0" offset="0" sl="8" sc="9" el="8" ec="137" bec="0" bev="0" fileid="95" />
                <SequencePoint vc="0" uspid="2035" ordinal="1" offset="75" sl="9" sc="9" el="9" ec="156" bec="0" bev="0" fileid="95" />
                <SequencePoint vc="0" uspid="2036" ordinal="2" offset="150" sl="10" sc="9" el="10" ec="152" bec="0" bev="0" fileid="95" />
                <SequencePoint vc="0" uspid="2037" ordinal="3" offset="225" sl="11" sc="9" el="11" ec="255" bec="0" bev="0" fileid="95" />
                <SequencePoint vc="0" uspid="2038" ordinal="4" offset="408" sl="12" sc="9" el="12" ec="143" bec="0" bev="0" fileid="95" />
                <SequencePoint vc="0" uspid="2039" ordinal="5" offset="501" sl="13" sc="9" el="13" ec="160" bec="0" bev="0" fileid="95" />
                <SequencePoint vc="0" uspid="2040" ordinal="6" offset="594" sl="14" sc="9" el="14" ec="159" bec="0" bev="0" fileid="95" />
                <SequencePoint vc="0" uspid="2041" ordinal="7" offset="669" sl="15" sc="9" el="15" ec="151" bec="0" bev="0" fileid="95" />
                <SequencePoint vc="0" uspid="2042" ordinal="8" offset="744" sl="17" sc="9" el="17" ec="259" bec="0" bev="0" fileid="95" />
                <SequencePoint vc="0" uspid="2043" ordinal="9" offset="927" sl="149" sc="9" el="163" ec="11" bec="0" bev="0" fileid="95" />
                <SequencePoint vc="0" uspid="2044" ordinal="10" offset="1129" sl="165" sc="9" el="179" ec="11" bec="0" bev="0" fileid="95" />
              </SequencePoints>
              <BranchPoints />
              <MethodPoint xsi:type="SequencePoint" vc="0" uspid="2034" ordinal="0" offset="0" sl="8" sc="9" el="8" ec="137" bec="0" bev="0" fileid="95" />
            </Method>
          </Methods>
        </Class>
        <Class>
          <Summary numSequencePoints="1" visitedSequencePoints="0" numBranchPoints="1" visitedBranchPoints="0" sequenceCoverage="0" branchCoverage="0" maxCyclomaticComplexity="1" minCyclomaticComplexity="1" maxCrapScore="2" minCrapScore="2" visitedClasses="0" numClasses="1" visitedMethods="0" numMethods="1" />
          <FullName>Humanizer.Localisation.NumberToWords.ArabicNumberToWordsConverter/&lt;&gt;c__DisplayClass13_0</FullName>
          <Methods>
            <Method visited="false" cyclomaticComplexity="1" nPathComplexity="0" sequenceCoverage="0" branchCoverage="0" crapScore="2" isConstructor="true" isStatic="false" isGetter="false" isSetter="false">
              <Summary numSequencePoints="0" visitedSequencePoints="0" numBranchPoints="0" visitedBranchPoints="0" sequenceCoverage="0" branchCoverage="0" maxCyclomaticComplexity="1" minCyclomaticComplexity="1" maxCrapScore="2" minCrapScore="2" visitedClasses="0" numClasses="0" visitedMethods="0" numMethods="0" />
              <MetadataToken>100664657</MetadataToken>
              <Name>System.Void Humanizer.Localisation.NumberToWords.ArabicNumberToWordsConverter/&lt;&gt;c__DisplayClass13_0::.ctor()</Name>
              <SequencePoints />
              <BranchPoints />
              <MethodPoint vc="0" uspid="2045" ordinal="0" offset="0" />
            </Method>
            <Method visited="false" cyclomaticComplexity="1" nPathComplexity="0" sequenceCoverage="0" branchCoverage="0" crapScore="2" isConstructor="false" isStatic="false" isGetter="false" isSetter="false">
              <Summary numSequencePoints="1" visitedSequencePoints="0" numBranchPoints="1" visitedBranchPoints="0" sequenceCoverage="0" branchCoverage="0" maxCyclomaticComplexity="1" minCyclomaticComplexity="1" maxCrapScore="2" minCrapScore="2" visitedClasses="0" numClasses="0" visitedMethods="0" numMethods="1" />
              <MetadataToken>100664658</MetadataToken>
              <Name>System.Boolean Humanizer.Localisation.NumberToWords.ArabicNumberToWordsConverter/&lt;&gt;c__DisplayClass13_0::&lt;ParseNumber&gt;b__0(System.Collections.Generic.KeyValuePair`2&lt;System.String,System.String&gt;)</Name>
              <FileRef uid="95" />
              <SequencePoints>
                <SequencePoint vc="0" uspid="2046" ordinal="0" offset="0" sl="222" sc="57" el="222" ec="78" bec="0" bev="0" fileid="95" />
              </SequencePoints>
              <BranchPoints />
              <MethodPoint xsi:type="SequencePoint" vc="0" uspid="2046" ordinal="0" offset="0" sl="222" sc="57" el="222" ec="78" bec="0" bev="0" fileid="95" />
            </Method>
          </Methods>
        </Class>
        <Class>
          <Summary numSequencePoints="1" visitedSequencePoints="0" numBranchPoints="1" visitedBranchPoints="0" sequenceCoverage="0" branchCoverage="0" maxCyclomaticComplexity="1" minCyclomaticComplexity="1" maxCrapScore="2" minCrapScore="2" visitedClasses="0" numClasses="1" visitedMethods="0" numMethods="1" />
          <FullName>Humanizer.Localisation.NumberToWords.ArabicNumberToWordsConverter/&lt;&gt;c__DisplayClass13_1</FullName>
          <Methods>
            <Method visited="false" cyclomaticComplexity="1" nPathComplexity="0" sequenceCoverage="0" branchCoverage="0" crapScore="2" isConstructor="true" isStatic="false" isGetter="false" isSetter="false">
              <Summary numSequencePoints="0" visitedSequencePoints="0" numBranchPoints="0" visitedBranchPoints="0" sequenceCoverage="0" branchCoverage="0" maxCyclomaticComplexity="1" minCyclomaticComplexity="1" maxCrapScore="2" minCrapScore="2" visitedClasses="0" numClasses="0" visitedMethods="0" numMethods="0" />
              <MetadataToken>100664659</MetadataToken>
              <Name>System.Void Humanizer.Localisation.NumberToWords.ArabicNumberToWordsConverter/&lt;&gt;c__DisplayClass13_1::.ctor()</Name>
              <SequencePoints />
              <BranchPoints />
              <MethodPoint vc="0" uspid="2047" ordinal="0" offset="0" />
            </Method>
            <Method visited="false" cyclomaticComplexity="1" nPathComplexity="0" sequenceCoverage="0" branchCoverage="0" crapScore="2" isConstructor="false" isStatic="false" isGetter="false" isSetter="false">
              <Summary numSequencePoints="1" visitedSequencePoints="0" numBranchPoints="1" visitedBranchPoints="0" sequenceCoverage="0" branchCoverage="0" maxCyclomaticComplexity="1" minCyclomaticComplexity="1" maxCrapScore="2" minCrapScore="2" visitedClasses="0" numClasses="0" visitedMethods="0" numMethods="1" />
              <MetadataToken>100664660</MetadataToken>
              <Name>System.Boolean Humanizer.Localisation.NumberToWords.ArabicNumberToWordsConverter/&lt;&gt;c__DisplayClass13_1::&lt;ParseNumber&gt;b__1(System.Collections.Generic.KeyValuePair`2&lt;System.String,System.String&gt;)</Name>
              <FileRef uid="95" />
              <SequencePoints>
                <SequencePoint vc="0" uspid="2048" ordinal="0" offset="0" sl="240" sc="61" el="240" ec="85" bec="0" bev="0" fileid="95" />
              </SequencePoints>
              <BranchPoints />
              <MethodPoint xsi:type="SequencePoint" vc="0" uspid="2048" ordinal="0" offset="0" sl="240" sc="61" el="240" ec="85" bec="0" bev="0" fileid="95" />
            </Method>
          </Methods>
        </Class>
        <Class>
          <Summary numSequencePoints="64" visitedSequencePoints="0" numBranchPoints="47" visitedBranchPoints="0" sequenceCoverage="0" branchCoverage="0" maxCyclomaticComplexity="18" minCyclomaticComplexity="1" maxCrapScore="342" minCrapScore="2" visitedClasses="0" numClasses="1" visitedMethods="0" numMethods="7" />
          <FullName>Humanizer.Localisation.NumberToWords.ArmenianNumberToWordsConverter</FullName>
          <Methods>
            <Method visited="false" cyclomaticComplexity="1" nPathComplexity="0" sequenceCoverage="0" branchCoverage="0" crapScore="2" isConstructor="false" isStatic="false" isGetter="false" isSetter="false">
              <Summary numSequencePoints="1" visitedSequencePoints="0" numBranchPoints="1" visitedBranchPoints="0" sequenceCoverage="0" branchCoverage="0" maxCyclomaticComplexity="1" minCyclomaticComplexity="1" maxCrapScore="2" minCrapScore="2" visitedClasses="0" numClasses="0" visitedMethods="0" numMethods="1" />
              <MetadataToken>100663656</MetadataToken>
              <Name>System.String Humanizer.Localisation.NumberToWords.ArmenianNumberToWordsConverter::Convert(System.Int64)</Name>
              <FileRef uid="98" />
              <SequencePoints>
                <SequencePoint vc="0" uspid="2049" ordinal="0" offset="0" sl="22" sc="13" el="22" ec="43" bec="0" bev="0" fileid="98" />
              </SequencePoints>
              <BranchPoints />
              <MethodPoint xsi:type="SequencePoint" vc="0" uspid="2049" ordinal="0" offset="0" sl="22" sc="13" el="22" ec="43" bec="0" bev="0" fileid="98" />
            </Method>
            <Method visited="false" cyclomaticComplexity="2" nPathComplexity="2" sequenceCoverage="0" branchCoverage="0" crapScore="6" isConstructor="false" isStatic="false" isGetter="false" isSetter="false">
              <Summary numSequencePoints="3" visitedSequencePoints="0" numBranchPoints="3" visitedBranchPoints="0" sequenceCoverage="0" branchCoverage="0" maxCyclomaticComplexity="2" minCyclomaticComplexity="2" maxCrapScore="6" minCrapScore="6" visitedClasses="0" numClasses="0" visitedMethods="0" numMethods="1" />
              <MetadataToken>100663657</MetadataToken>
              <Name>System.String Humanizer.Localisation.NumberToWords.ArmenianNumberToWordsConverter::ConvertToOrdinal(System.Int32)</Name>
              <FileRef uid="98" />
              <SequencePoints>
                <SequencePoint vc="0" uspid="2050" ordinal="0" offset="0" sl="27" sc="13" el="27" ec="74" bec="2" bev="0" fileid="98" />
                <SequencePoint vc="0" uspid="2051" ordinal="1" offset="11" sl="29" sc="17" el="29" ec="40" bec="0" bev="0" fileid="98" />
                <SequencePoint vc="0" uspid="2052" ordinal="2" offset="13" sl="32" sc="13" el="32" ec="42" bec="0" bev="0" fileid="98" />
              </SequencePoints>
              <BranchPoints>
                <BranchPoint vc="0" uspid="2053" ordinal="0" offset="9" sl="27" path="0" offsetend="11" fileid="98" />
                <BranchPoint vc="0" uspid="2054" ordinal="1" offset="9" sl="27" path="1" offsetend="13" fileid="98" />
              </BranchPoints>
              <MethodPoint xsi:type="SequencePoint" vc="0" uspid="2050" ordinal="0" offset="0" sl="27" sc="13" el="27" ec="74" bec="2" bev="0" fileid="98" />
            </Method>
            <Method visited="false" cyclomaticComplexity="18" nPathComplexity="131072" sequenceCoverage="0" branchCoverage="0" crapScore="342" isConstructor="false" isStatic="false" isGetter="false" isSetter="false">
              <Summary numSequencePoints="50" visitedSequencePoints="0" numBranchPoints="35" visitedBranchPoints="0" sequenceCoverage="0" branchCoverage="0" maxCyclomaticComplexity="18" minCyclomaticComplexity="18" maxCrapScore="342" minCrapScore="342" visitedClasses="0" numClasses="0" visitedMethods="0" numMethods="1" />
              <MetadataToken>100663658</MetadataToken>
              <Name>System.String Humanizer.Localisation.NumberToWords.ArmenianNumberToWordsConverter::Convert(System.Int64,System.Boolean)</Name>
              <FileRef uid="98" />
              <SequencePoints>
                <SequencePoint vc="0" uspid="2055" ordinal="0" offset="0" sl="37" sc="13" el="37" ec="29" bec="2" bev="0" fileid="98" />
                <SequencePoint vc="0" uspid="2056" ordinal="1" offset="3" sl="39" sc="17" el="39" ec="51" bec="0" bev="0" fileid="98" />
                <SequencePoint vc="0" uspid="2057" ordinal="2" offset="12" sl="42" sc="13" el="42" ec="41" bec="2" bev="0" fileid="98" />
                <SequencePoint vc="0" uspid="2058" ordinal="3" offset="24" sl="44" sc="17" el="50" ec="43" bec="0" bev="0" fileid="98" />
                <SequencePoint vc="0" uspid="2059" ordinal="4" offset="30" sl="53" sc="13" el="53" ec="28" bec="2" bev="0" fileid="98" />
                <SequencePoint vc="0" uspid="2060" ordinal="5" offset="35" sl="55" sc="17" el="55" ec="81" bec="0" bev="0" fileid="98" />
                <SequencePoint vc="0" uspid="2061" ordinal="6" offset="55" sl="58" sc="13" el="58" ec="44" bec="0" bev="0" fileid="98" />
                <SequencePoint vc="0" uspid="2062" ordinal="7" offset="61" sl="60" sc="13" el="60" ec="52" bec="2" bev="0" fileid="98" />
                <SequencePoint vc="0" uspid="2063" ordinal="8" offset="76" sl="62" sc="17" el="62" ec="99" bec="0" bev="0" fileid="98" />
                <SequencePoint vc="0" uspid="2064" ordinal="9" offset="109" sl="63" sc="17" el="63" ec="47" bec="0" bev="0" fileid="98" />
                <SequencePoint vc="0" uspid="2065" ordinal="10" offset="122" sl="66" sc="13" el="66" ec="49" bec="2" bev="0" fileid="98" />
                <SequencePoint vc="0" uspid="2066" ordinal="11" offset="137" sl="68" sc="17" el="68" ec="96" bec="0" bev="0" fileid="98" />
                <SequencePoint vc="0" uspid="2067" ordinal="12" offset="170" sl="69" sc="17" el="69" ec="44" bec="0" bev="0" fileid="98" />
                <SequencePoint vc="0" uspid="2068" ordinal="13" offset="183" sl="72" sc="13" el="72" ec="46" bec="2" bev="0" fileid="98" />
                <SequencePoint vc="0" uspid="2069" ordinal="14" offset="198" sl="75" sc="17" el="75" ec="90" bec="0" bev="0" fileid="98" />
                <SequencePoint vc="0" uspid="2070" ordinal="15" offset="231" sl="76" sc="17" el="76" ec="41" bec="0" bev="0" fileid="98" />
                <SequencePoint vc="0" uspid="2071" ordinal="16" offset="244" sl="79" sc="13" el="79" ec="43" bec="2" bev="0" fileid="98" />
                <SequencePoint vc="0" uspid="2072" ordinal="17" offset="256" sl="81" sc="17" el="81" ec="87" bec="0" bev="0" fileid="98" />
                <SequencePoint vc="0" uspid="2073" ordinal="18" offset="286" sl="82" sc="17" el="82" ec="38" bec="0" bev="0" fileid="98" />
                <SequencePoint vc="0" uspid="2074" ordinal="19" offset="296" sl="85" sc="13" el="85" ec="40" bec="2" bev="0" fileid="98" />
                <SequencePoint vc="0" uspid="2075" ordinal="20" offset="308" sl="87" sc="17" el="87" ec="83" bec="0" bev="0" fileid="98" />
                <SequencePoint vc="0" uspid="2076" ordinal="21" offset="338" sl="88" sc="17" el="88" ec="35" bec="0" bev="0" fileid="98" />
                <SequencePoint vc="0" uspid="2077" ordinal="22" offset="348" sl="91" sc="13" el="91" ec="37" bec="2" bev="0" fileid="98" />
                <SequencePoint vc="0" uspid="2078" ordinal="23" offset="360" sl="93" sc="17" el="93" ec="42" bec="2" bev="0" fileid="98" />
                <SequencePoint vc="0" uspid="2079" ordinal="24" offset="372" sl="95" sc="21" el="95" ec="40" bec="0" bev="0" fileid="98" />
                <SequencePoint vc="0" uspid="2080" ordinal="25" offset="383" sl="96" sc="17" el="96" ec="18" bec="0" bev="0" fileid="98" />
                <SequencePoint vc="0" uspid="2081" ordinal="26" offset="385" sl="99" sc="21" el="99" ec="83" bec="0" bev="0" fileid="98" />
                <SequencePoint vc="0" uspid="2082" ordinal="27" offset="415" sl="102" sc="17" el="102" ec="32" bec="0" bev="0" fileid="98" />
                <SequencePoint vc="0" uspid="2083" ordinal="28" offset="425" sl="105" sc="13" el="105" ec="36" bec="2" bev="0" fileid="98" />
                <SequencePoint vc="0" uspid="2084" ordinal="29" offset="434" sl="107" sc="17" el="107" ec="41" bec="2" bev="0" fileid="98" />
                <SequencePoint vc="0" uspid="2085" ordinal="30" offset="443" sl="109" sc="21" el="109" ec="42" bec="0" bev="0" fileid="98" />
                <SequencePoint vc="0" uspid="2086" ordinal="31" offset="454" sl="110" sc="17" el="110" ec="18" bec="0" bev="0" fileid="98" />
                <SequencePoint vc="0" uspid="2087" ordinal="32" offset="456" sl="113" sc="21" el="113" ec="84" bec="0" bev="0" fileid="98" />
                <SequencePoint vc="0" uspid="2088" ordinal="33" offset="483" sl="116" sc="17" el="116" ec="31" bec="0" bev="0" fileid="98" />
                <SequencePoint vc="0" uspid="2089" ordinal="34" offset="490" sl="119" sc="13" el="119" ec="28" bec="2" bev="0" fileid="98" />
                <SequencePoint vc="0" uspid="2090" ordinal="35" offset="495" sl="121" sc="17" el="121" ec="33" bec="2" bev="0" fileid="98" />
                <SequencePoint vc="0" uspid="2091" ordinal="36" offset="501" sl="123" sc="21" el="123" ec="64" bec="0" bev="0" fileid="98" />
                <SequencePoint vc="0" uspid="2092" ordinal="37" offset="514" sl="124" sc="17" el="124" ec="18" bec="0" bev="0" fileid="98" />
                <SequencePoint vc="0" uspid="2093" ordinal="38" offset="516" sl="127" sc="21" el="127" ec="57" bec="0" bev="0" fileid="98" />
                <SequencePoint vc="0" uspid="2094" ordinal="39" offset="529" sl="128" sc="21" el="128" ec="43" bec="2" bev="0" fileid="98" />
                <SequencePoint vc="0" uspid="2095" ordinal="40" offset="538" sl="130" sc="25" el="130" ec="96" bec="0" bev="0" fileid="98" />
                <SequencePoint vc="0" uspid="2096" ordinal="41" offset="566" sl="131" sc="21" el="131" ec="22" bec="0" bev="0" fileid="98" />
                <SequencePoint vc="0" uspid="2097" ordinal="42" offset="568" sl="132" sc="26" el="132" ec="40" bec="2" bev="0" fileid="98" />
                <SequencePoint vc="0" uspid="2098" ordinal="43" offset="571" sl="134" sc="25" el="134" ec="45" bec="0" bev="0" fileid="98" />
                <SequencePoint vc="0" uspid="2099" ordinal="44" offset="583" sl="137" sc="21" el="137" ec="41" bec="0" bev="0" fileid="98" />
                <SequencePoint vc="0" uspid="2100" ordinal="45" offset="590" sl="139" sc="13" el="139" ec="14" bec="0" bev="0" fileid="98" />
                <SequencePoint vc="0" uspid="2101" ordinal="46" offset="592" sl="140" sc="18" el="140" ec="32" bec="2" bev="0" fileid="98" />
                <SequencePoint vc="0" uspid="2102" ordinal="47" offset="595" sl="142" sc="17" el="142" ec="51" bec="0" bev="0" fileid="98" />
                <SequencePoint vc="0" uspid="2103" ordinal="48" offset="630" sl="145" sc="13" el="145" ec="61" bec="0" bev="0" fileid="98" />
                <SequencePoint vc="0" uspid="2104" ordinal="49" offset="646" sl="152" sc="13" el="152" ec="28" bec="0" bev="0" fileid="98" />
              </SequencePoints>
              <BranchPoints>
                <BranchPoint vc="0" uspid="2105" ordinal="0" offset="1" sl="37" path="0" offsetend="3" fileid="98" />
                <BranchPoint vc="0" uspid="2106" ordinal="1" offset="1" sl="37" path="1" offsetend="12" fileid="98" />
                <BranchPoint vc="0" uspid="2107" ordinal="2" offset="22" sl="42" path="0" offsetend="24" fileid="98" />
                <BranchPoint vc="0" uspid="2108" ordinal="3" offset="22" sl="42" path="1" offsetend="30" fileid="98" />
                <BranchPoint vc="0" uspid="2109" ordinal="4" offset="33" sl="53" path="0" offsetend="35" fileid="98" />
                <BranchPoint vc="0" uspid="2110" ordinal="5" offset="33" sl="53" path="1" offsetend="55" fileid="98" />
                <BranchPoint vc="0" uspid="2111" ordinal="6" offset="74" sl="60" path="0" offsetend="76" fileid="98" />
                <BranchPoint vc="0" uspid="2112" ordinal="7" offset="74" sl="60" path="1" offsetend="122" fileid="98" />
                <BranchPoint vc="0" uspid="2113" ordinal="8" offset="135" sl="66" path="0" offsetend="137" fileid="98" />
                <BranchPoint vc="0" uspid="2114" ordinal="9" offset="135" sl="66" path="1" offsetend="183" fileid="98" />
                <BranchPoint vc="0" uspid="2115" ordinal="10" offset="196" sl="72" path="0" offsetend="198" fileid="98" />
                <BranchPoint vc="0" uspid="2116" ordinal="11" offset="196" sl="72" path="1" offsetend="244" fileid="98" />
                <BranchPoint vc="0" uspid="2117" ordinal="12" offset="254" sl="79" path="0" offsetend="256" fileid="98" />
                <BranchPoint vc="0" uspid="2118" ordinal="13" offset="254" sl="79" path="1" offsetend="296" fileid="98" />
                <BranchPoint vc="0" uspid="2119" ordinal="14" offset="306" sl="85" path="0" offsetend="308" fileid="98" />
                <BranchPoint vc="0" uspid="2120" ordinal="15" offset="306" sl="85" path="1" offsetend="348" fileid="98" />
                <BranchPoint vc="0" uspid="2121" ordinal="16" offset="358" sl="91" path="0" offsetend="360" fileid="98" />
                <BranchPoint vc="0" uspid="2122" ordinal="17" offset="358" sl="91" path="1" offsetend="425" fileid="98" />
                <BranchPoint vc="0" uspid="2123" ordinal="18" offset="370" sl="93" path="0" offsetend="372" fileid="98" />
                <BranchPoint vc="0" uspid="2124" ordinal="19" offset="370" sl="93" path="1" offsetend="385" fileid="98" />
                <BranchPoint vc="0" uspid="2125" ordinal="20" offset="432" sl="105" path="0" offsetend="434" fileid="98" />
                <BranchPoint vc="0" uspid="2126" ordinal="21" offset="432" sl="105" path="1" offsetend="490" fileid="98" />
                <BranchPoint vc="0" uspid="2127" ordinal="22" offset="441" sl="107" path="0" offsetend="443" fileid="98" />
                <BranchPoint vc="0" uspid="2128" ordinal="23" offset="441" sl="107" path="1" offsetend="456" fileid="98" />
                <BranchPoint vc="0" uspid="2129" ordinal="24" offset="493" sl="119" path="0" offsetend="495" fileid="98" />
                <BranchPoint vc="0" uspid="2130" ordinal="25" offset="493" sl="119" path="1" offsetend="592" fileid="98" />
                <BranchPoint vc="0" uspid="2131" ordinal="26" offset="499" sl="121" path="0" offsetend="501" fileid="98" />
                <BranchPoint vc="0" uspid="2132" ordinal="27" offset="499" sl="121" path="1" offsetend="516" fileid="98" />
                <BranchPoint vc="0" uspid="2133" ordinal="28" offset="536" sl="128" path="0" offsetend="538" fileid="98" />
                <BranchPoint vc="0" uspid="2134" ordinal="29" offset="536" sl="128" path="1" offsetend="568" fileid="98" />
                <BranchPoint vc="0" uspid="2135" ordinal="30" offset="569" sl="132" path="0" offsetend="571" fileid="98" />
                <BranchPoint vc="0" uspid="2136" ordinal="31" offset="569" sl="132" path="1" offsetend="583" fileid="98" />
                <BranchPoint vc="0" uspid="2137" ordinal="32" offset="593" sl="140" path="0" offsetend="595" fileid="98" />
                <BranchPoint vc="0" uspid="2138" ordinal="33" offset="593" sl="140" path="1" offsetend="630" fileid="98" />
              </BranchPoints>
              <MethodPoint xsi:type="SequencePoint" vc="0" uspid="2055" ordinal="0" offset="0" sl="37" sc="13" el="37" ec="29" bec="2" bev="0" fileid="98" />
            </Method>
            <Method visited="false" cyclomaticComplexity="2" nPathComplexity="2" sequenceCoverage="0" branchCoverage="0" crapScore="6" isConstructor="false" isStatic="true" isGetter="false" isSetter="false">
              <Summary numSequencePoints="3" visitedSequencePoints="0" numBranchPoints="3" visitedBranchPoints="0" sequenceCoverage="0" branchCoverage="0" maxCyclomaticComplexity="2" minCyclomaticComplexity="2" maxCrapScore="6" minCrapScore="6" visitedClasses="0" numClasses="0" visitedMethods="0" numMethods="1" />
              <MetadataToken>100663659</MetadataToken>
              <Name>System.String Humanizer.Localisation.NumberToWords.ArmenianNumberToWordsConverter::GetUnitValue(System.Int64,System.Boolean)</Name>
              <FileRef uid="98" />
              <SequencePoints>
                <SequencePoint vc="0" uspid="2139" ordinal="0" offset="0" sl="157" sc="13" el="157" ec="27" bec="2" bev="0" fileid="98" />
                <SequencePoint vc="0" uspid="2140" ordinal="1" offset="3" sl="159" sc="17" el="159" ec="51" bec="0" bev="0" fileid="98" />
                <SequencePoint vc="0" uspid="2141" ordinal="2" offset="22" sl="163" sc="17" el="163" ec="41" bec="0" bev="0" fileid="98" />
              </SequencePoints>
              <BranchPoints>
                <BranchPoint vc="0" uspid="2142" ordinal="0" offset="1" sl="157" path="0" offsetend="3" fileid="98" />
                <BranchPoint vc="0" uspid="2143" ordinal="1" offset="1" sl="157" path="1" offsetend="22" fileid="98" />
              </BranchPoints>
              <MethodPoint xsi:type="SequencePoint" vc="0" uspid="2139" ordinal="0" offset="0" sl="157" sc="13" el="157" ec="27" bec="2" bev="0" fileid="98" />
            </Method>
            <Method visited="false" cyclomaticComplexity="2" nPathComplexity="2" sequenceCoverage="0" branchCoverage="0" crapScore="6" isConstructor="false" isStatic="true" isGetter="false" isSetter="false">
              <Summary numSequencePoints="3" visitedSequencePoints="0" numBranchPoints="3" visitedBranchPoints="0" sequenceCoverage="0" branchCoverage="0" maxCyclomaticComplexity="2" minCyclomaticComplexity="2" maxCrapScore="6" minCrapScore="6" visitedClasses="0" numClasses="0" visitedMethods="0" numMethods="1" />
              <MetadataToken>100663660</MetadataToken>
              <Name>System.String Humanizer.Localisation.NumberToWords.ArmenianNumberToWordsConverter::RemoveOnePrefix(System.String)</Name>
              <FileRef uid="98" />
              <SequencePoints>
                <SequencePoint vc="0" uspid="2144" ordinal="0" offset="0" sl="170" sc="13" el="170" ec="71" bec="2" bev="0" fileid="98" />
                <SequencePoint vc="0" uspid="2145" ordinal="1" offset="14" sl="172" sc="17" el="172" ec="48" bec="0" bev="0" fileid="98" />
                <SequencePoint vc="0" uspid="2146" ordinal="2" offset="24" sl="175" sc="13" el="175" ec="28" bec="0" bev="0" fileid="98" />
              </SequencePoints>
              <BranchPoints>
                <BranchPoint vc="0" uspid="2147" ordinal="0" offset="12" sl="170" path="0" offsetend="14" fileid="98" />
                <BranchPoint vc="0" uspid="2148" ordinal="1" offset="12" sl="170" path="1" offsetend="24" fileid="98" />
              </BranchPoints>
              <MethodPoint xsi:type="SequencePoint" vc="0" uspid="2144" ordinal="0" offset="0" sl="170" sc="13" el="170" ec="71" bec="2" bev="0" fileid="98" />
            </Method>
            <Method visited="false" cyclomaticComplexity="1" nPathComplexity="0" sequenceCoverage="0" branchCoverage="0" crapScore="2" isConstructor="false" isStatic="true" isGetter="false" isSetter="false">
              <Summary numSequencePoints="1" visitedSequencePoints="0" numBranchPoints="1" visitedBranchPoints="0" sequenceCoverage="0" branchCoverage="0" maxCyclomaticComplexity="1" minCyclomaticComplexity="1" maxCrapScore="2" minCrapScore="2" visitedClasses="0" numClasses="0" visitedMethods="0" numMethods="1" />
              <MetadataToken>100663661</MetadataToken>
              <Name>System.Boolean Humanizer.Localisation.NumberToWords.ArmenianNumberToWordsConverter::ExceptionNumbersToWords(System.Int64,System.String&amp;)</Name>
              <FileRef uid="98" />
              <SequencePoints>
                <SequencePoint vc="0" uspid="2149" ordinal="0" offset="0" sl="180" sc="13" el="180" ec="69" bec="0" bev="0" fileid="98" />
              </SequencePoints>
              <BranchPoints />
              <MethodPoint xsi:type="SequencePoint" vc="0" uspid="2149" ordinal="0" offset="0" sl="180" sc="13" el="180" ec="69" bec="0" bev="0" fileid="98" />
            </Method>
            <Method visited="false" cyclomaticComplexity="1" nPathComplexity="0" sequenceCoverage="0" branchCoverage="0" crapScore="2" isConstructor="true" isStatic="false" isGetter="false" isSetter="false">
              <Summary numSequencePoints="0" visitedSequencePoints="0" numBranchPoints="0" visitedBranchPoints="0" sequenceCoverage="0" branchCoverage="0" maxCyclomaticComplexity="1" minCyclomaticComplexity="1" maxCrapScore="2" minCrapScore="2" visitedClasses="0" numClasses="0" visitedMethods="0" numMethods="0" />
              <MetadataToken>100663662</MetadataToken>
              <Name>System.Void Humanizer.Localisation.NumberToWords.ArmenianNumberToWordsConverter::.ctor()</Name>
              <SequencePoints />
              <BranchPoints />
              <MethodPoint vc="0" uspid="2150" ordinal="0" offset="0" />
            </Method>
            <Method visited="false" cyclomaticComplexity="1" nPathComplexity="0" sequenceCoverage="0" branchCoverage="0" crapScore="2" isConstructor="true" isStatic="true" isGetter="false" isSetter="false">
              <Summary numSequencePoints="3" visitedSequencePoints="0" numBranchPoints="1" visitedBranchPoints="0" sequenceCoverage="0" branchCoverage="0" maxCyclomaticComplexity="1" minCyclomaticComplexity="1" maxCrapScore="2" minCrapScore="2" visitedClasses="0" numClasses="0" visitedMethods="0" numMethods="1" />
              <MetadataToken>100663663</MetadataToken>
              <Name>System.Void Humanizer.Localisation.NumberToWords.ArmenianNumberToWordsConverter::.cctor()</Name>
              <FileRef uid="98" />
              <SequencePoints>
                <SequencePoint vc="0" uspid="2151" ordinal="0" offset="0" sl="8" sc="9" el="8" ec="242" bec="0" bev="0" fileid="98" />
                <SequencePoint vc="0" uspid="2152" ordinal="1" offset="183" sl="9" sc="9" el="9" ec="157" bec="0" bev="0" fileid="98" />
                <SequencePoint vc="0" uspid="2153" ordinal="2" offset="276" sl="11" sc="9" el="18" ec="11" bec="0" bev="0" fileid="98" />
              </SequencePoints>
              <BranchPoints />
              <MethodPoint xsi:type="SequencePoint" vc="0" uspid="2151" ordinal="0" offset="0" sl="8" sc="9" el="8" ec="242" bec="0" bev="0" fileid="98" />
            </Method>
          </Methods>
        </Class>
        <Class>
          <Summary numSequencePoints="46" visitedSequencePoints="0" numBranchPoints="35" visitedBranchPoints="0" sequenceCoverage="0" branchCoverage="0" maxCyclomaticComplexity="15" minCyclomaticComplexity="1" maxCrapScore="240" minCrapScore="2" visitedClasses="0" numClasses="1" visitedMethods="0" numMethods="3" />
          <FullName>Humanizer.Localisation.NumberToWords.AzerbaijaniNumberToWordsConverter</FullName>
          <Methods>
            <Method visited="false" cyclomaticComplexity="15" nPathComplexity="4096" sequenceCoverage="0" branchCoverage="0" crapScore="240" isConstructor="false" isStatic="false" isGetter="false" isSetter="false">
              <Summary numSequencePoints="29" visitedSequencePoints="0" numBranchPoints="25" visitedBranchPoints="0" sequenceCoverage="0" branchCoverage="0" maxCyclomaticComplexity="15" minCyclomaticComplexity="15" maxCrapScore="240" minCrapScore="240" visitedClasses="0" numClasses="0" visitedMethods="0" numMethods="1" />
              <MetadataToken>100663664</MetadataToken>
              <Name>System.String Humanizer.Localisation.NumberToWords.AzerbaijaniNumberToWordsConverter::Convert(System.Int64)</Name>
              <FileRef uid="99" />
              <SequencePoints>
                <SequencePoint vc="0" uspid="2154" ordinal="0" offset="0" sl="26" sc="13" el="26" ec="66" bec="3" bev="0" fileid="99" />
                <SequencePoint vc="0" uspid="2155" ordinal="1" offset="18" sl="28" sc="17" el="28" ec="53" bec="0" bev="0" fileid="99" />
                <SequencePoint vc="0" uspid="2156" ordinal="2" offset="24" sl="30" sc="13" el="30" ec="37" bec="0" bev="0" fileid="99" />
                <SequencePoint vc="0" uspid="2157" ordinal="3" offset="27" sl="31" sc="13" el="31" ec="29" bec="2" bev="0" fileid="99" />
                <SequencePoint vc="0" uspid="2158" ordinal="4" offset="30" sl="33" sc="17" el="33" ec="36" bec="0" bev="0" fileid="99" />
                <SequencePoint vc="0" uspid="2159" ordinal="5" offset="38" sl="36" sc="13" el="36" ec="28" bec="2" bev="0" fileid="99" />
                <SequencePoint vc="0" uspid="2160" ordinal="6" offset="42" sl="38" sc="17" el="38" ec="69" bec="0" bev="0" fileid="99" />
                <SequencePoint vc="0" uspid="2161" ordinal="7" offset="62" sl="41" sc="13" el="41" ec="44" bec="0" bev="0" fileid="99" />
                <SequencePoint vc="0" uspid="2162" ordinal="8" offset="68" sl="43" sc="13" el="43" ec="43" bec="2" bev="0" fileid="99" />
                <SequencePoint vc="0" uspid="2163" ordinal="9" offset="78" sl="45" sc="17" el="45" ec="87" bec="0" bev="0" fileid="99" />
                <SequencePoint vc="0" uspid="2164" ordinal="10" offset="108" sl="46" sc="17" el="46" ec="38" bec="0" bev="0" fileid="99" />
                <SequencePoint vc="0" uspid="2165" ordinal="11" offset="116" sl="49" sc="13" el="49" ec="40" bec="2" bev="0" fileid="99" />
                <SequencePoint vc="0" uspid="2166" ordinal="12" offset="126" sl="51" sc="17" el="51" ec="83" bec="0" bev="0" fileid="99" />
                <SequencePoint vc="0" uspid="2167" ordinal="13" offset="156" sl="52" sc="17" el="52" ec="35" bec="0" bev="0" fileid="99" />
                <SequencePoint vc="0" uspid="2168" ordinal="14" offset="164" sl="55" sc="13" el="55" ec="44" bec="0" bev="0" fileid="99" />
                <SequencePoint vc="0" uspid="2169" ordinal="15" offset="172" sl="56" sc="13" el="56" ec="30" bec="2" bev="0" fileid="99" />
                <SequencePoint vc="0" uspid="2170" ordinal="16" offset="176" sl="58" sc="17" el="58" ec="99" bec="2" bev="0" fileid="99" />
                <SequencePoint vc="0" uspid="2171" ordinal="17" offset="216" sl="59" sc="17" el="59" ec="32" bec="0" bev="0" fileid="99" />
                <SequencePoint vc="0" uspid="2172" ordinal="18" offset="224" sl="62" sc="13" el="62" ec="42" bec="0" bev="0" fileid="99" />
                <SequencePoint vc="0" uspid="2173" ordinal="19" offset="229" sl="63" sc="13" el="63" ec="29" bec="2" bev="0" fileid="99" />
                <SequencePoint vc="0" uspid="2174" ordinal="20" offset="233" sl="65" sc="17" el="65" ec="97" bec="2" bev="0" fileid="99" />
                <SequencePoint vc="0" uspid="2175" ordinal="21" offset="273" sl="66" sc="17" el="66" ec="31" bec="0" bev="0" fileid="99" />
                <SequencePoint vc="0" uspid="2176" ordinal="22" offset="278" sl="69" sc="13" el="69" ec="35" bec="2" bev="0" fileid="99" />
                <SequencePoint vc="0" uspid="2177" ordinal="23" offset="285" sl="71" sc="17" el="71" ec="49" bec="0" bev="0" fileid="99" />
                <SequencePoint vc="0" uspid="2178" ordinal="24" offset="301" sl="72" sc="17" el="72" ec="30" bec="0" bev="0" fileid="99" />
                <SequencePoint vc="0" uspid="2179" ordinal="25" offset="306" sl="75" sc="13" el="75" ec="28" bec="2" bev="0" fileid="99" />
                <SequencePoint vc="0" uspid="2180" ordinal="26" offset="310" sl="77" sc="17" el="77" ec="45" bec="0" bev="0" fileid="99" />
                <SequencePoint vc="0" uspid="2181" ordinal="27" offset="323" sl="80" sc="13" el="80" ec="61" bec="0" bev="0" fileid="99" />
                <SequencePoint vc="0" uspid="2182" ordinal="28" offset="339" sl="82" sc="13" el="82" ec="28" bec="0" bev="0" fileid="99" />
              </SequencePoints>
              <BranchPoints>
                <BranchPoint vc="0" uspid="2183" ordinal="0" offset="7" sl="26" path="0" offsetend="9" fileid="99" />
                <BranchPoint vc="0" uspid="2184" ordinal="1" offset="7" sl="26" path="1" offsetend="18" fileid="99" />
                <BranchPoint vc="0" uspid="2185" ordinal="2" offset="16" sl="26" path="0" offsetend="18" fileid="99" />
                <BranchPoint vc="0" uspid="2186" ordinal="3" offset="16" sl="26" path="1" offsetend="24" fileid="99" />
                <BranchPoint vc="0" uspid="2187" ordinal="4" offset="28" sl="31" path="0" offsetend="30" fileid="99" />
                <BranchPoint vc="0" uspid="2188" ordinal="5" offset="28" sl="31" path="1" offsetend="38" fileid="99" />
                <BranchPoint vc="0" uspid="2189" ordinal="6" offset="40" sl="36" path="0" offsetend="42" fileid="99" />
                <BranchPoint vc="0" uspid="2190" ordinal="7" offset="40" sl="36" path="1" offsetend="62" fileid="99" />
                <BranchPoint vc="0" uspid="2191" ordinal="8" offset="76" sl="43" path="0" offsetend="78" fileid="99" />
                <BranchPoint vc="0" uspid="2192" ordinal="9" offset="76" sl="43" path="1" offsetend="116" fileid="99" />
                <BranchPoint vc="0" uspid="2193" ordinal="10" offset="124" sl="49" path="0" offsetend="126" fileid="99" />
                <BranchPoint vc="0" uspid="2194" ordinal="11" offset="124" sl="49" path="1" offsetend="164" fileid="99" />
                <BranchPoint vc="0" uspid="2195" ordinal="12" offset="174" sl="56" path="0" offsetend="176" fileid="99" />
                <BranchPoint vc="0" uspid="2196" ordinal="13" offset="174" sl="56" path="1" offsetend="224" fileid="99" />
                <BranchPoint vc="0" uspid="2197" ordinal="14" offset="184" sl="58" path="0" offsetend="186" fileid="99" />
                <BranchPoint vc="0" uspid="2198" ordinal="15" offset="184" sl="58" path="1" offsetend="193" fileid="99" />
                <BranchPoint vc="0" uspid="2199" ordinal="16" offset="231" sl="63" path="0" offsetend="233" fileid="99" />
                <BranchPoint vc="0" uspid="2200" ordinal="17" offset="231" sl="63" path="1" offsetend="278" fileid="99" />
                <BranchPoint vc="0" uspid="2201" ordinal="18" offset="241" sl="65" path="0" offsetend="243" fileid="99" />
                <BranchPoint vc="0" uspid="2202" ordinal="19" offset="241" sl="65" path="1" offsetend="250" fileid="99" />
                <BranchPoint vc="0" uspid="2203" ordinal="20" offset="283" sl="69" path="0" offsetend="285" fileid="99" />
                <BranchPoint vc="0" uspid="2204" ordinal="21" offset="283" sl="69" path="1" offsetend="306" fileid="99" />
                <BranchPoint vc="0" uspid="2205" ordinal="22" offset="308" sl="75" path="0" offsetend="310" fileid="99" />
                <BranchPoint vc="0" uspid="2206" ordinal="23" offset="308" sl="75" path="1" offsetend="323" fileid="99" />
              </BranchPoints>
              <MethodPoint xsi:type="SequencePoint" vc="0" uspid="2154" ordinal="0" offset="0" sl="26" sc="13" el="26" ec="66" bec="3" bev="0" fileid="99" />
            </Method>
            <Method visited="false" cyclomaticComplexity="5" nPathComplexity="16" sequenceCoverage="0" branchCoverage="0" crapScore="30" isConstructor="false" isStatic="false" isGetter="false" isSetter="false">
              <Summary numSequencePoints="14" visitedSequencePoints="0" numBranchPoints="9" visitedBranchPoints="0" sequenceCoverage="0" branchCoverage="0" maxCyclomaticComplexity="5" minCyclomaticComplexity="5" maxCrapScore="30" minCrapScore="30" visitedClasses="0" numClasses="0" visitedMethods="0" numMethods="1" />
              <MetadataToken>100663665</MetadataToken>
              <Name>System.String Humanizer.Localisation.NumberToWords.AzerbaijaniNumberToWordsConverter::ConvertToOrdinal(System.Int32)</Name>
              <FileRef uid="99" />
              <SequencePoints>
                <SequencePoint vc="0" uspid="2207" ordinal="0" offset="0" sl="87" sc="13" el="87" ec="40" bec="0" bev="0" fileid="99" />
                <SequencePoint vc="0" uspid="2208" ordinal="1" offset="9" sl="88" sc="13" el="88" ec="43" bec="0" bev="0" fileid="99" />
                <SequencePoint vc="0" uspid="2209" ordinal="2" offset="15" sl="89" sc="13" el="89" ec="48" bec="0" bev="0" fileid="99" />
                <SequencePoint vc="0" uspid="2210" ordinal="3" offset="17" sl="91" sc="18" el="91" ec="41" bec="0" bev="0" fileid="99" />
                <SequencePoint vc="0" uspid="2211" ordinal="4" offset="28" sl="93" sc="17" el="93" ec="72" bec="2" bev="0" fileid="99" />
                <SequencePoint vc="0" uspid="2212" ordinal="5" offset="49" sl="95" sc="21" el="95" ec="67" bec="0" bev="0" fileid="99" />
                <SequencePoint vc="0" uspid="2213" ordinal="6" offset="61" sl="96" sc="21" el="96" ec="27" bec="0" bev="0" fileid="99" />
                <SequencePoint vc="0" uspid="2214" ordinal="7" offset="63" sl="91" sc="51" el="91" ec="54" bec="0" bev="0" fileid="99" />
                <SequencePoint vc="0" uspid="2215" ordinal="8" offset="67" sl="91" sc="43" el="91" ec="49" bec="2" bev="0" fileid="99" />
                <SequencePoint vc="0" uspid="2216" ordinal="9" offset="71" sl="100" sc="13" el="100" ec="46" bec="2" bev="0" fileid="99" />
                <SequencePoint vc="0" uspid="2217" ordinal="10" offset="89" sl="102" sc="17" el="102" ec="65" bec="0" bev="0" fileid="99" />
                <SequencePoint vc="0" uspid="2218" ordinal="11" offset="115" sl="105" sc="13" el="105" ec="40" bec="2" bev="0" fileid="99" />
                <SequencePoint vc="0" uspid="2219" ordinal="12" offset="118" sl="107" sc="17" el="107" ec="59" bec="0" bev="0" fileid="99" />
                <SequencePoint vc="0" uspid="2220" ordinal="13" offset="134" sl="110" sc="13" el="110" ec="62" bec="0" bev="0" fileid="99" />
              </SequencePoints>
              <BranchPoints>
                <BranchPoint vc="0" uspid="2221" ordinal="0" offset="47" sl="93" path="0" offsetend="49" fileid="99" />
                <BranchPoint vc="0" uspid="2222" ordinal="1" offset="47" sl="93" path="1" offsetend="63" fileid="99" />
                <BranchPoint vc="0" uspid="2223" ordinal="2" offset="69" sl="91" path="0" offsetend="71" fileid="99" />
                <BranchPoint vc="0" uspid="2224" ordinal="3" offset="69" sl="91" path="1" offsetend="28" fileid="99" />
                <BranchPoint vc="0" uspid="2225" ordinal="4" offset="87" sl="100" path="0" offsetend="89" fileid="99" />
                <BranchPoint vc="0" uspid="2226" ordinal="5" offset="87" sl="100" path="1" offsetend="115" fileid="99" />
                <BranchPoint vc="0" uspid="2227" ordinal="6" offset="116" sl="105" path="0" offsetend="118" fileid="99" />
                <BranchPoint vc="0" uspid="2228" ordinal="7" offset="116" sl="105" path="1" offsetend="134" fileid="99" />
              </BranchPoints>
              <MethodPoint xsi:type="SequencePoint" vc="0" uspid="2207" ordinal="0" offset="0" sl="87" sc="13" el="87" ec="40" bec="0" bev="0" fileid="99" />
            </Method>
            <Method visited="false" cyclomaticComplexity="1" nPathComplexity="0" sequenceCoverage="0" branchCoverage="0" crapScore="2" isConstructor="true" isStatic="false" isGetter="false" isSetter="false">
              <Summary numSequencePoints="0" visitedSequencePoints="0" numBranchPoints="0" visitedBranchPoints="0" sequenceCoverage="0" branchCoverage="0" maxCyclomaticComplexity="1" minCyclomaticComplexity="1" maxCrapScore="2" minCrapScore="2" visitedClasses="0" numClasses="0" visitedMethods="0" numMethods="0" />
              <MetadataToken>100663666</MetadataToken>
              <Name>System.Void Humanizer.Localisation.NumberToWords.AzerbaijaniNumberToWordsConverter::.ctor()</Name>
              <SequencePoints />
              <BranchPoints />
              <MethodPoint vc="0" uspid="2229" ordinal="0" offset="0" />
            </Method>
            <Method visited="false" cyclomaticComplexity="1" nPathComplexity="0" sequenceCoverage="0" branchCoverage="0" crapScore="2" isConstructor="true" isStatic="true" isGetter="false" isSetter="false">
              <Summary numSequencePoints="3" visitedSequencePoints="0" numBranchPoints="1" visitedBranchPoints="0" sequenceCoverage="0" branchCoverage="0" maxCyclomaticComplexity="1" minCyclomaticComplexity="1" maxCrapScore="2" minCrapScore="2" visitedClasses="0" numClasses="0" visitedMethods="0" numMethods="1" />
              <MetadataToken>100663667</MetadataToken>
              <Name>System.Void Humanizer.Localisation.NumberToWords.AzerbaijaniNumberToWordsConverter::.cctor()</Name>
              <FileRef uid="99" />
              <SequencePoints>
                <SequencePoint vc="0" uspid="2230" ordinal="0" offset="0" sl="8" sc="9" el="8" ec="137" bec="0" bev="0" fileid="99" />
                <SequencePoint vc="0" uspid="2231" ordinal="1" offset="93" sl="9" sc="9" el="9" ec="143" bec="0" bev="0" fileid="99" />
                <SequencePoint vc="0" uspid="2232" ordinal="2" offset="186" sl="11" sc="9" el="22" ec="11" bec="0" bev="0" fileid="99" />
              </SequencePoints>
              <BranchPoints />
              <MethodPoint xsi:type="SequencePoint" vc="0" uspid="2230" ordinal="0" offset="0" sl="8" sc="9" el="8" ec="137" bec="0" bev="0" fileid="99" />
            </Method>
          </Methods>
        </Class>
        <Class>
          <Summary numSequencePoints="30" visitedSequencePoints="0" numBranchPoints="24" visitedBranchPoints="0" sequenceCoverage="0" branchCoverage="0" maxCyclomaticComplexity="10" minCyclomaticComplexity="1" maxCrapScore="110" minCrapScore="2" visitedClasses="0" numClasses="1" visitedMethods="0" numMethods="4" />
          <FullName>Humanizer.Localisation.NumberToWords.BanglaNumberToWordsConverter</FullName>
          <Methods>
            <Method visited="false" cyclomaticComplexity="2" nPathComplexity="2" sequenceCoverage="0" branchCoverage="0" crapScore="6" isConstructor="false" isStatic="false" isGetter="false" isSetter="false">
              <Summary numSequencePoints="3" visitedSequencePoints="0" numBranchPoints="3" visitedBranchPoints="0" sequenceCoverage="0" branchCoverage="0" maxCyclomaticComplexity="2" minCyclomaticComplexity="2" maxCrapScore="6" minCrapScore="6" visitedClasses="0" numClasses="0" visitedMethods="0" numMethods="1" />
              <MetadataToken>100663668</MetadataToken>
              <Name>System.String Humanizer.Localisation.NumberToWords.BanglaNumberToWordsConverter::ConvertToOrdinal(System.Int32)</Name>
              <FileRef uid="100" />
              <SequencePoints>
                <SequencePoint vc="0" uspid="2233" ordinal="0" offset="0" sl="55" sc="13" el="55" ec="74" bec="2" bev="0" fileid="100" />
                <SequencePoint vc="0" uspid="2234" ordinal="1" offset="10" sl="57" sc="17" el="57" ec="40" bec="0" bev="0" fileid="100" />
                <SequencePoint vc="0" uspid="2235" ordinal="2" offset="12" sl="60" sc="13" el="60" ec="44" bec="0" bev="0" fileid="100" />
              </SequencePoints>
              <BranchPoints>
                <BranchPoint vc="0" uspid="2236" ordinal="0" offset="8" sl="55" path="0" offsetend="10" fileid="100" />
                <BranchPoint vc="0" uspid="2237" ordinal="1" offset="8" sl="55" path="1" offsetend="12" fileid="100" />
              </BranchPoints>
              <MethodPoint xsi:type="SequencePoint" vc="0" uspid="2233" ordinal="0" offset="0" sl="55" sc="13" el="55" ec="74" bec="2" bev="0" fileid="100" />
            </Method>
            <Method visited="false" cyclomaticComplexity="10" nPathComplexity="512" sequenceCoverage="0" branchCoverage="0" crapScore="110" isConstructor="false" isStatic="false" isGetter="false" isSetter="false">
              <Summary numSequencePoints="23" visitedSequencePoints="0" numBranchPoints="19" visitedBranchPoints="0" sequenceCoverage="0" branchCoverage="0" maxCyclomaticComplexity="10" minCyclomaticComplexity="10" maxCrapScore="110" minCrapScore="110" visitedClasses="0" numClasses="0" visitedMethods="0" numMethods="1" />
              <MetadataToken>100663669</MetadataToken>
              <Name>System.String Humanizer.Localisation.NumberToWords.BanglaNumberToWordsConverter::Convert(System.Int64)</Name>
              <FileRef uid="100" />
              <SequencePoints>
                <SequencePoint vc="0" uspid="2238" ordinal="0" offset="0" sl="65" sc="13" el="65" ec="66" bec="3" bev="0" fileid="100" />
                <SequencePoint vc="0" uspid="2239" ordinal="1" offset="18" sl="67" sc="17" el="67" ec="53" bec="0" bev="0" fileid="100" />
                <SequencePoint vc="0" uspid="2240" ordinal="2" offset="24" sl="69" sc="13" el="69" ec="37" bec="0" bev="0" fileid="100" />
                <SequencePoint vc="0" uspid="2241" ordinal="3" offset="27" sl="71" sc="13" el="71" ec="29" bec="2" bev="0" fileid="100" />
                <SequencePoint vc="0" uspid="2242" ordinal="4" offset="30" sl="73" sc="17" el="73" ec="36" bec="0" bev="0" fileid="100" />
                <SequencePoint vc="0" uspid="2243" ordinal="5" offset="38" sl="76" sc="13" el="76" ec="28" bec="2" bev="0" fileid="100" />
                <SequencePoint vc="0" uspid="2244" ordinal="6" offset="42" sl="78" sc="17" el="78" ec="71" bec="0" bev="0" fileid="100" />
                <SequencePoint vc="0" uspid="2245" ordinal="7" offset="62" sl="81" sc="13" el="81" ec="44" bec="0" bev="0" fileid="100" />
                <SequencePoint vc="0" uspid="2246" ordinal="8" offset="68" sl="83" sc="13" el="83" ec="41" bec="2" bev="0" fileid="100" />
                <SequencePoint vc="0" uspid="2247" ordinal="9" offset="78" sl="85" sc="17" el="85" ec="82" bec="0" bev="0" fileid="100" />
                <SequencePoint vc="0" uspid="2248" ordinal="10" offset="108" sl="86" sc="17" el="86" ec="36" bec="0" bev="0" fileid="100" />
                <SequencePoint vc="0" uspid="2249" ordinal="11" offset="116" sl="89" sc="13" el="89" ec="39" bec="2" bev="0" fileid="100" />
                <SequencePoint vc="0" uspid="2250" ordinal="12" offset="126" sl="91" sc="17" el="91" ec="80" bec="0" bev="0" fileid="100" />
                <SequencePoint vc="0" uspid="2251" ordinal="13" offset="156" sl="92" sc="17" el="92" ec="34" bec="0" bev="0" fileid="100" />
                <SequencePoint vc="0" uspid="2252" ordinal="14" offset="164" sl="95" sc="13" el="95" ec="37" bec="2" bev="0" fileid="100" />
                <SequencePoint vc="0" uspid="2253" ordinal="15" offset="174" sl="97" sc="17" el="97" ec="79" bec="0" bev="0" fileid="100" />
                <SequencePoint vc="0" uspid="2254" ordinal="16" offset="204" sl="98" sc="17" el="98" ec="32" bec="0" bev="0" fileid="100" />
                <SequencePoint vc="0" uspid="2255" ordinal="17" offset="212" sl="101" sc="13" el="101" ec="36" bec="2" bev="0" fileid="100" />
                <SequencePoint vc="0" uspid="2256" ordinal="18" offset="219" sl="103" sc="17" el="103" ec="76" bec="0" bev="0" fileid="100" />
                <SequencePoint vc="0" uspid="2257" ordinal="19" offset="245" sl="104" sc="17" el="104" ec="31" bec="0" bev="0" fileid="100" />
                <SequencePoint vc="0" uspid="2258" ordinal="20" offset="250" sl="107" sc="13" el="107" ec="28" bec="2" bev="0" fileid="100" />
                <SequencePoint vc="0" uspid="2259" ordinal="21" offset="254" sl="109" sc="17" el="109" ec="45" bec="0" bev="0" fileid="100" />
                <SequencePoint vc="0" uspid="2260" ordinal="22" offset="267" sl="112" sc="13" el="112" ec="54" bec="0" bev="0" fileid="100" />
              </SequencePoints>
              <BranchPoints>
                <BranchPoint vc="0" uspid="2261" ordinal="0" offset="7" sl="65" path="0" offsetend="9" fileid="100" />
                <BranchPoint vc="0" uspid="2262" ordinal="1" offset="7" sl="65" path="1" offsetend="18" fileid="100" />
                <BranchPoint vc="0" uspid="2263" ordinal="2" offset="16" sl="65" path="0" offsetend="18" fileid="100" />
                <BranchPoint vc="0" uspid="2264" ordinal="3" offset="16" sl="65" path="1" offsetend="24" fileid="100" />
                <BranchPoint vc="0" uspid="2265" ordinal="4" offset="28" sl="71" path="0" offsetend="30" fileid="100" />
                <BranchPoint vc="0" uspid="2266" ordinal="5" offset="28" sl="71" path="1" offsetend="38" fileid="100" />
                <BranchPoint vc="0" uspid="2267" ordinal="6" offset="40" sl="76" path="0" offsetend="42" fileid="100" />
                <BranchPoint vc="0" uspid="2268" ordinal="7" offset="40" sl="76" path="1" offsetend="62" fileid="100" />
                <BranchPoint vc="0" uspid="2269" ordinal="8" offset="76" sl="83" path="0" offsetend="78" fileid="100" />
                <BranchPoint vc="0" uspid="2270" ordinal="9" offset="76" sl="83" path="1" offsetend="116" fileid="100" />
                <BranchPoint vc="0" uspid="2271" ordinal="10" offset="124" sl="89" path="0" offsetend="126" fileid="100" />
                <BranchPoint vc="0" uspid="2272" ordinal="11" offset="124" sl="89" path="1" offsetend="164" fileid="100" />
                <BranchPoint vc="0" uspid="2273" ordinal="12" offset="172" sl="95" path="0" offsetend="174" fileid="100" />
                <BranchPoint vc="0" uspid="2274" ordinal="13" offset="172" sl="95" path="1" offsetend="212" fileid="100" />
                <BranchPoint vc="0" uspid="2275" ordinal="14" offset="217" sl="101" path="0" offsetend="219" fileid="100" />
                <BranchPoint vc="0" uspid="2276" ordinal="15" offset="217" sl="101" path="1" offsetend="250" fileid="100" />
                <BranchPoint vc="0" uspid="2277" ordinal="16" offset="252" sl="107" path="0" offsetend="254" fileid="100" />
                <BranchPoint vc="0" uspid="2278" ordinal="17" offset="252" sl="107" path="1" offsetend="267" fileid="100" />
              </BranchPoints>
              <MethodPoint xsi:type="SequencePoint" vc="0" uspid="2238" ordinal="0" offset="0" sl="65" sc="13" el="65" ec="66" bec="3" bev="0" fileid="100" />
            </Method>
            <Method visited="false" cyclomaticComplexity="1" nPathComplexity="0" sequenceCoverage="0" branchCoverage="0" crapScore="2" isConstructor="false" isStatic="true" isGetter="false" isSetter="false">
              <Summary numSequencePoints="1" visitedSequencePoints="0" numBranchPoints="1" visitedBranchPoints="0" sequenceCoverage="0" branchCoverage="0" maxCyclomaticComplexity="1" minCyclomaticComplexity="1" maxCrapScore="2" minCrapScore="2" visitedClasses="0" numClasses="0" visitedMethods="0" numMethods="1" />
              <MetadataToken>100663670</MetadataToken>
              <Name>System.Boolean Humanizer.Localisation.NumberToWords.BanglaNumberToWordsConverter::ExceptionNumbersToWords(System.Int32,System.String&amp;)</Name>
              <FileRef uid="100" />
              <SequencePoints>
                <SequencePoint vc="0" uspid="2279" ordinal="0" offset="0" sl="117" sc="13" el="117" ec="69" bec="0" bev="0" fileid="100" />
              </SequencePoints>
              <BranchPoints />
              <MethodPoint xsi:type="SequencePoint" vc="0" uspid="2279" ordinal="0" offset="0" sl="117" sc="13" el="117" ec="69" bec="0" bev="0" fileid="100" />
            </Method>
            <Method visited="false" cyclomaticComplexity="1" nPathComplexity="0" sequenceCoverage="0" branchCoverage="0" crapScore="2" isConstructor="true" isStatic="false" isGetter="false" isSetter="false">
              <Summary numSequencePoints="0" visitedSequencePoints="0" numBranchPoints="0" visitedBranchPoints="0" sequenceCoverage="0" branchCoverage="0" maxCyclomaticComplexity="1" minCyclomaticComplexity="1" maxCrapScore="2" minCrapScore="2" visitedClasses="0" numClasses="0" visitedMethods="0" numMethods="0" />
              <MetadataToken>100663671</MetadataToken>
              <Name>System.Void Humanizer.Localisation.NumberToWords.BanglaNumberToWordsConverter::.ctor()</Name>
              <SequencePoints />
              <BranchPoints />
              <MethodPoint vc="0" uspid="2280" ordinal="0" offset="0" />
            </Method>
            <Method visited="false" cyclomaticComplexity="1" nPathComplexity="0" sequenceCoverage="0" branchCoverage="0" crapScore="2" isConstructor="true" isStatic="true" isGetter="false" isSetter="false">
              <Summary numSequencePoints="3" visitedSequencePoints="0" numBranchPoints="1" visitedBranchPoints="0" sequenceCoverage="0" branchCoverage="0" maxCyclomaticComplexity="1" minCyclomaticComplexity="1" maxCrapScore="2" minCrapScore="2" visitedClasses="0" numClasses="0" visitedMethods="0" numMethods="1" />
              <MetadataToken>100663672</MetadataToken>
              <Name>System.Void Humanizer.Localisation.NumberToWords.BanglaNumberToWordsConverter::.cctor()</Name>
              <FileRef uid="100" />
              <SequencePoints>
                <SequencePoint vc="0" uspid="2281" ordinal="0" offset="0" sl="8" sc="9" el="20" ec="15" bec="0" bev="0" fileid="100" />
                <SequencePoint vc="0" uspid="2282" ordinal="1" offset="903" sl="22" sc="9" el="25" ec="15" bec="0" bev="0" fileid="100" />
                <SequencePoint vc="0" uspid="2283" ordinal="2" offset="996" sl="27" sc="9" el="51" ec="15" bec="0" bev="0" fileid="100" />
              </SequencePoints>
              <BranchPoints />
              <MethodPoint xsi:type="SequencePoint" vc="0" uspid="2281" ordinal="0" offset="0" sl="8" sc="9" el="20" ec="15" bec="0" bev="0" fileid="100" />
            </Method>
          </Methods>
        </Class>
        <Class>
          <Summary numSequencePoints="73" visitedSequencePoints="0" numBranchPoints="69" visitedBranchPoints="0" sequenceCoverage="0" branchCoverage="0" maxCyclomaticComplexity="19" minCyclomaticComplexity="1" maxCrapScore="380" minCrapScore="2" visitedClasses="0" numClasses="1" visitedMethods="0" numMethods="5" />
          <FullName>Humanizer.Localisation.NumberToWords.BrazilianPortugueseNumberToWordsConverter</FullName>
          <Methods>
            <Method visited="false" cyclomaticComplexity="19" nPathComplexity="131072" sequenceCoverage="0" branchCoverage="0" crapScore="380" isConstructor="false" isStatic="false" isGetter="false" isSetter="false">
              <Summary numSequencePoints="34" visitedSequencePoints="0" numBranchPoints="35" visitedBranchPoints="0" sequenceCoverage="0" branchCoverage="0" maxCyclomaticComplexity="19" minCyclomaticComplexity="19" maxCrapScore="380" minCrapScore="380" visitedClasses="0" numClasses="0" visitedMethods="0" numMethods="1" />
              <MetadataToken>100663673</MetadataToken>
              <Name>System.String Humanizer.Localisation.NumberToWords.BrazilianPortugueseNumberToWordsConverter::Convert(System.Int64,Humanizer.GrammaticalGender)</Name>
              <FileRef uid="101" />
              <SequencePoints>
                <SequencePoint vc="0" uspid="2284" ordinal="0" offset="0" sl="18" sc="13" el="18" ec="63" bec="3" bev="0" fileid="101" />
                <SequencePoint vc="0" uspid="2285" ordinal="1" offset="24" sl="20" sc="17" el="20" ec="53" bec="0" bev="0" fileid="101" />
                <SequencePoint vc="0" uspid="2286" ordinal="2" offset="30" sl="23" sc="13" el="23" ec="32" bec="0" bev="0" fileid="101" />
                <SequencePoint vc="0" uspid="2287" ordinal="3" offset="32" sl="25" sc="13" el="25" ec="29" bec="2" bev="0" fileid="101" />
                <SequencePoint vc="0" uspid="2288" ordinal="4" offset="35" sl="27" sc="17" el="27" ec="31" bec="0" bev="0" fileid="101" />
                <SequencePoint vc="0" uspid="2289" ordinal="5" offset="41" sl="30" sc="13" el="30" ec="28" bec="2" bev="0" fileid="101" />
                <SequencePoint vc="0" uspid="2290" ordinal="6" offset="46" sl="32" sc="17" el="32" ec="86" bec="0" bev="0" fileid="101" />
                <SequencePoint vc="0" uspid="2291" ordinal="7" offset="70" sl="35" sc="13" el="35" ec="44" bec="0" bev="0" fileid="101" />
                <SequencePoint vc="0" uspid="2292" ordinal="8" offset="76" sl="37" sc="13" el="37" ec="43" bec="2" bev="0" fileid="101" />
                <SequencePoint vc="0" uspid="2293" ordinal="9" offset="88" sl="40" sc="17" el="42" ec="111" bec="2" bev="0" fileid="101" />
                <SequencePoint vc="0" uspid="2294" ordinal="10" offset="158" sl="44" sc="17" el="44" ec="38" bec="0" bev="0" fileid="101" />
                <SequencePoint vc="0" uspid="2295" ordinal="11" offset="167" sl="47" sc="13" el="47" ec="40" bec="2" bev="0" fileid="101" />
                <SequencePoint vc="0" uspid="2296" ordinal="12" offset="179" sl="50" sc="17" el="52" ec="108" bec="2" bev="0" fileid="101" />
                <SequencePoint vc="0" uspid="2297" ordinal="13" offset="249" sl="54" sc="17" el="54" ec="35" bec="0" bev="0" fileid="101" />
                <SequencePoint vc="0" uspid="2298" ordinal="14" offset="258" sl="57" sc="13" el="57" ec="37" bec="2" bev="0" fileid="101" />
                <SequencePoint vc="0" uspid="2299" ordinal="15" offset="270" sl="60" sc="17" el="60" ec="135" bec="2" bev="0" fileid="101" />
                <SequencePoint vc="0" uspid="2300" ordinal="16" offset="320" sl="61" sc="17" el="61" ec="32" bec="0" bev="0" fileid="101" />
                <SequencePoint vc="0" uspid="2301" ordinal="17" offset="329" sl="64" sc="13" el="64" ec="36" bec="2" bev="0" fileid="101" />
                <SequencePoint vc="0" uspid="2302" ordinal="18" offset="338" sl="66" sc="17" el="66" ec="35" bec="2" bev="0" fileid="101" />
                <SequencePoint vc="0" uspid="2303" ordinal="19" offset="344" sl="68" sc="21" el="68" ec="66" bec="2" bev="0" fileid="101" />
                <SequencePoint vc="0" uspid="2304" ordinal="20" offset="371" sl="69" sc="17" el="69" ec="18" bec="0" bev="0" fileid="101" />
                <SequencePoint vc="0" uspid="2305" ordinal="21" offset="373" sl="73" sc="21" el="73" ec="91" bec="0" bev="0" fileid="101" />
                <SequencePoint vc="0" uspid="2306" ordinal="22" offset="397" sl="76" sc="17" el="76" ec="31" bec="0" bev="0" fileid="101" />
                <SequencePoint vc="0" uspid="2307" ordinal="23" offset="403" sl="79" sc="13" el="79" ec="28" bec="2" bev="0" fileid="101" />
                <SequencePoint vc="0" uspid="2308" ordinal="24" offset="408" sl="81" sc="17" el="81" ec="38" bec="2" bev="0" fileid="101" />
                <SequencePoint vc="0" uspid="2309" ordinal="25" offset="416" sl="83" sc="21" el="83" ec="36" bec="0" bev="0" fileid="101" />
                <SequencePoint vc="0" uspid="2310" ordinal="26" offset="427" sl="86" sc="17" el="86" ec="33" bec="2" bev="0" fileid="101" />
                <SequencePoint vc="0" uspid="2311" ordinal="27" offset="433" sl="88" sc="21" el="88" ec="80" bec="0" bev="0" fileid="101" />
                <SequencePoint vc="0" uspid="2312" ordinal="28" offset="453" sl="89" sc="17" el="89" ec="18" bec="0" bev="0" fileid="101" />
                <SequencePoint vc="0" uspid="2313" ordinal="29" offset="455" sl="92" sc="21" el="92" ec="67" bec="0" bev="0" fileid="101" />
                <SequencePoint vc="0" uspid="2314" ordinal="30" offset="468" sl="93" sc="21" el="93" ec="43" bec="2" bev="0" fileid="101" />
                <SequencePoint vc="0" uspid="2315" ordinal="31" offset="477" sl="95" sc="25" el="95" ec="115" bec="0" bev="0" fileid="101" />
                <SequencePoint vc="0" uspid="2316" ordinal="32" offset="512" sl="98" sc="21" el="98" ec="41" bec="0" bev="0" fileid="101" />
                <SequencePoint vc="0" uspid="2317" ordinal="33" offset="519" sl="102" sc="13" el="102" ec="54" bec="0" bev="0" fileid="101" />
              </SequencePoints>
              <BranchPoints>
                <BranchPoint vc="0" uspid="2318" ordinal="0" offset="10" sl="18" path="0" offsetend="12" fileid="101" />
                <BranchPoint vc="0" uspid="2319" ordinal="1" offset="10" sl="18" path="1" offsetend="24" fileid="101" />
                <BranchPoint vc="0" uspid="2320" ordinal="2" offset="22" sl="18" path="0" offsetend="24" fileid="101" />
                <BranchPoint vc="0" uspid="2321" ordinal="3" offset="22" sl="18" path="1" offsetend="30" fileid="101" />
                <BranchPoint vc="0" uspid="2322" ordinal="4" offset="33" sl="25" path="0" offsetend="35" fileid="101" />
                <BranchPoint vc="0" uspid="2323" ordinal="5" offset="33" sl="25" path="1" offsetend="41" fileid="101" />
                <BranchPoint vc="0" uspid="2324" ordinal="6" offset="44" sl="30" path="0" offsetend="46" fileid="101" />
                <BranchPoint vc="0" uspid="2325" ordinal="7" offset="44" sl="30" path="1" offsetend="70" fileid="101" />
                <BranchPoint vc="0" uspid="2326" ordinal="8" offset="86" sl="37" path="0" offsetend="88" fileid="101" />
                <BranchPoint vc="0" uspid="2327" ordinal="9" offset="86" sl="37" path="1" offsetend="167" fileid="101" />
                <BranchPoint vc="0" uspid="2328" ordinal="10" offset="99" sl="40" path="0" offsetend="101" fileid="101" />
                <BranchPoint vc="0" uspid="2329" ordinal="11" offset="99" sl="40" path="1" offsetend="128" fileid="101" />
                <BranchPoint vc="0" uspid="2330" ordinal="12" offset="177" sl="47" path="0" offsetend="179" fileid="101" />
                <BranchPoint vc="0" uspid="2331" ordinal="13" offset="177" sl="47" path="1" offsetend="258" fileid="101" />
                <BranchPoint vc="0" uspid="2332" ordinal="14" offset="190" sl="50" path="0" offsetend="192" fileid="101" />
                <BranchPoint vc="0" uspid="2333" ordinal="15" offset="190" sl="50" path="1" offsetend="219" fileid="101" />
                <BranchPoint vc="0" uspid="2334" ordinal="16" offset="268" sl="57" path="0" offsetend="270" fileid="101" />
                <BranchPoint vc="0" uspid="2335" ordinal="17" offset="268" sl="57" path="1" offsetend="329" fileid="101" />
                <BranchPoint vc="0" uspid="2336" ordinal="18" offset="281" sl="60" path="0" offsetend="283" fileid="101" />
                <BranchPoint vc="0" uspid="2337" ordinal="19" offset="281" sl="60" path="1" offsetend="310" fileid="101" />
                <BranchPoint vc="0" uspid="2338" ordinal="20" offset="336" sl="64" path="0" offsetend="338" fileid="101" />
                <BranchPoint vc="0" uspid="2339" ordinal="21" offset="336" sl="64" path="1" offsetend="403" fileid="101" />
                <BranchPoint vc="0" uspid="2340" ordinal="22" offset="342" sl="66" path="0" offsetend="344" fileid="101" />
                <BranchPoint vc="0" uspid="2341" ordinal="23" offset="342" sl="66" path="1" offsetend="373" fileid="101" />
                <BranchPoint vc="0" uspid="2342" ordinal="24" offset="352" sl="68" path="0" offsetend="354" fileid="101" />
                <BranchPoint vc="0" uspid="2343" ordinal="25" offset="352" sl="68" path="1" offsetend="361" fileid="101" />
                <BranchPoint vc="0" uspid="2344" ordinal="26" offset="406" sl="79" path="0" offsetend="408" fileid="101" />
                <BranchPoint vc="0" uspid="2345" ordinal="27" offset="406" sl="79" path="1" offsetend="519" fileid="101" />
                <BranchPoint vc="0" uspid="2346" ordinal="28" offset="414" sl="81" path="0" offsetend="416" fileid="101" />
                <BranchPoint vc="0" uspid="2347" ordinal="29" offset="414" sl="81" path="1" offsetend="427" fileid="101" />
                <BranchPoint vc="0" uspid="2348" ordinal="30" offset="431" sl="86" path="0" offsetend="433" fileid="101" />
                <BranchPoint vc="0" uspid="2349" ordinal="31" offset="431" sl="86" path="1" offsetend="455" fileid="101" />
                <BranchPoint vc="0" uspid="2350" ordinal="32" offset="475" sl="93" path="0" offsetend="477" fileid="101" />
                <BranchPoint vc="0" uspid="2351" ordinal="33" offset="475" sl="93" path="1" offsetend="512" fileid="101" />
              </BranchPoints>
              <MethodPoint xsi:type="SequencePoint" vc="0" uspid="2284" ordinal="0" offset="0" sl="18" sc="13" el="18" ec="63" bec="3" bev="0" fileid="101" />
            </Method>
            <Method visited="false" cyclomaticComplexity="11" nPathComplexity="1024" sequenceCoverage="0" branchCoverage="0" crapScore="132" isConstructor="false" isStatic="false" isGetter="false" isSetter="false">
              <Summary numSequencePoints="21" visitedSequencePoints="0" numBranchPoints="21" visitedBranchPoints="0" sequenceCoverage="0" branchCoverage="0" maxCyclomaticComplexity="11" minCyclomaticComplexity="11" maxCrapScore="132" minCrapScore="132" visitedClasses="0" numClasses="0" visitedMethods="0" numMethods="1" />
              <MetadataToken>100663674</MetadataToken>
              <Name>System.String Humanizer.Localisation.NumberToWords.BrazilianPortugueseNumberToWordsConverter::ConvertToOrdinal(System.Int32,Humanizer.GrammaticalGender)</Name>
              <FileRef uid="101" />
              <SequencePoints>
                <SequencePoint vc="0" uspid="2352" ordinal="0" offset="0" sl="108" sc="13" el="108" ec="29" bec="2" bev="0" fileid="101" />
                <SequencePoint vc="0" uspid="2353" ordinal="1" offset="3" sl="110" sc="17" el="110" ec="31" bec="0" bev="0" fileid="101" />
                <SequencePoint vc="0" uspid="2354" ordinal="2" offset="9" sl="113" sc="13" el="113" ec="44" bec="0" bev="0" fileid="101" />
                <SequencePoint vc="0" uspid="2355" ordinal="3" offset="15" sl="115" sc="13" el="115" ec="43" bec="2" bev="0" fileid="101" />
                <SequencePoint vc="0" uspid="2356" ordinal="4" offset="25" sl="117" sc="17" el="119" ec="137" bec="2" bev="0" fileid="101" />
                <SequencePoint vc="0" uspid="2357" ordinal="5" offset="94" sl="121" sc="17" el="121" ec="38" bec="0" bev="0" fileid="101" />
                <SequencePoint vc="0" uspid="2358" ordinal="6" offset="103" sl="124" sc="13" el="124" ec="40" bec="2" bev="0" fileid="101" />
                <SequencePoint vc="0" uspid="2359" ordinal="7" offset="113" sl="126" sc="17" el="128" ec="136" bec="2" bev="0" fileid="101" />
                <SequencePoint vc="0" uspid="2360" ordinal="8" offset="182" sl="130" sc="17" el="130" ec="35" bec="0" bev="0" fileid="101" />
                <SequencePoint vc="0" uspid="2361" ordinal="9" offset="191" sl="133" sc="13" el="133" ec="37" bec="2" bev="0" fileid="101" />
                <SequencePoint vc="0" uspid="2362" ordinal="10" offset="201" sl="135" sc="17" el="137" ec="128" bec="2" bev="0" fileid="101" />
                <SequencePoint vc="0" uspid="2363" ordinal="11" offset="270" sl="139" sc="17" el="139" ec="32" bec="0" bev="0" fileid="101" />
                <SequencePoint vc="0" uspid="2364" ordinal="12" offset="279" sl="142" sc="13" el="142" ec="36" bec="2" bev="0" fileid="101" />
                <SequencePoint vc="0" uspid="2365" ordinal="13" offset="286" sl="144" sc="17" el="144" ec="99" bec="0" bev="0" fileid="101" />
                <SequencePoint vc="0" uspid="2366" ordinal="14" offset="308" sl="145" sc="17" el="145" ec="31" bec="0" bev="0" fileid="101" />
                <SequencePoint vc="0" uspid="2367" ordinal="15" offset="314" sl="148" sc="13" el="148" ec="35" bec="2" bev="0" fileid="101" />
                <SequencePoint vc="0" uspid="2368" ordinal="16" offset="321" sl="150" sc="17" el="150" ec="94" bec="0" bev="0" fileid="101" />
                <SequencePoint vc="0" uspid="2369" ordinal="17" offset="343" sl="151" sc="17" el="151" ec="30" bec="0" bev="0" fileid="101" />
                <SequencePoint vc="0" uspid="2370" ordinal="18" offset="349" sl="154" sc="13" el="154" ec="28" bec="2" bev="0" fileid="101" />
                <SequencePoint vc="0" uspid="2371" ordinal="19" offset="353" sl="156" sc="17" el="156" ec="90" bec="0" bev="0" fileid="101" />
                <SequencePoint vc="0" uspid="2372" ordinal="20" offset="372" sl="159" sc="13" el="159" ec="54" bec="0" bev="0" fileid="101" />
              </SequencePoints>
              <BranchPoints>
                <BranchPoint vc="0" uspid="2373" ordinal="0" offset="1" sl="108" path="0" offsetend="3" fileid="101" />
                <BranchPoint vc="0" uspid="2374" ordinal="1" offset="1" sl="108" path="1" offsetend="9" fileid="101" />
                <BranchPoint vc="0" uspid="2375" ordinal="2" offset="23" sl="115" path="0" offsetend="25" fileid="101" />
                <BranchPoint vc="0" uspid="2376" ordinal="3" offset="23" sl="115" path="1" offsetend="103" fileid="101" />
                <BranchPoint vc="0" uspid="2377" ordinal="4" offset="34" sl="117" path="0" offsetend="36" fileid="101" />
                <BranchPoint vc="0" uspid="2378" ordinal="5" offset="34" sl="117" path="1" offsetend="78" fileid="101" />
                <BranchPoint vc="0" uspid="2379" ordinal="6" offset="111" sl="124" path="0" offsetend="113" fileid="101" />
                <BranchPoint vc="0" uspid="2380" ordinal="7" offset="111" sl="124" path="1" offsetend="191" fileid="101" />
                <BranchPoint vc="0" uspid="2381" ordinal="8" offset="122" sl="126" path="0" offsetend="124" fileid="101" />
                <BranchPoint vc="0" uspid="2382" ordinal="9" offset="122" sl="126" path="1" offsetend="166" fileid="101" />
                <BranchPoint vc="0" uspid="2383" ordinal="10" offset="199" sl="133" path="0" offsetend="201" fileid="101" />
                <BranchPoint vc="0" uspid="2384" ordinal="11" offset="199" sl="133" path="1" offsetend="279" fileid="101" />
                <BranchPoint vc="0" uspid="2385" ordinal="12" offset="210" sl="135" path="0" offsetend="212" fileid="101" />
                <BranchPoint vc="0" uspid="2386" ordinal="13" offset="210" sl="135" path="1" offsetend="254" fileid="101" />
                <BranchPoint vc="0" uspid="2387" ordinal="14" offset="284" sl="142" path="0" offsetend="286" fileid="101" />
                <BranchPoint vc="0" uspid="2388" ordinal="15" offset="284" sl="142" path="1" offsetend="314" fileid="101" />
                <BranchPoint vc="0" uspid="2389" ordinal="16" offset="319" sl="148" path="0" offsetend="321" fileid="101" />
                <BranchPoint vc="0" uspid="2390" ordinal="17" offset="319" sl="148" path="1" offsetend="349" fileid="101" />
                <BranchPoint vc="0" uspid="2391" ordinal="18" offset="351" sl="154" path="0" offsetend="353" fileid="101" />
                <BranchPoint vc="0" uspid="2392" ordinal="19" offset="351" sl="154" path="1" offsetend="372" fileid="101" />
              </BranchPoints>
              <MethodPoint xsi:type="SequencePoint" vc="0" uspid="2352" ordinal="0" offset="0" sl="108" sc="13" el="108" ec="29" bec="2" bev="0" fileid="101" />
            </Method>
            <Method visited="false" cyclomaticComplexity="5" nPathComplexity="16" sequenceCoverage="0" branchCoverage="0" crapScore="30" isConstructor="false" isStatic="true" isGetter="false" isSetter="false">
              <Summary numSequencePoints="9" visitedSequencePoints="0" numBranchPoints="9" visitedBranchPoints="0" sequenceCoverage="0" branchCoverage="0" maxCyclomaticComplexity="5" minCyclomaticComplexity="5" maxCrapScore="30" minCrapScore="30" visitedClasses="0" numClasses="0" visitedMethods="0" numMethods="1" />
              <MetadataToken>100663675</MetadataToken>
              <Name>System.String Humanizer.Localisation.NumberToWords.BrazilianPortugueseNumberToWordsConverter::ApplyGender(System.String,Humanizer.GrammaticalGender)</Name>
              <FileRef uid="101" />
              <SequencePoints>
                <SequencePoint vc="0" uspid="2393" ordinal="0" offset="0" sl="164" sc="13" el="164" ec="54" bec="2" bev="0" fileid="101" />
                <SequencePoint vc="0" uspid="2394" ordinal="1" offset="4" sl="166" sc="17" el="166" ec="32" bec="0" bev="0" fileid="101" />
                <SequencePoint vc="0" uspid="2395" ordinal="2" offset="6" sl="169" sc="13" el="169" ec="40" bec="2" bev="0" fileid="101" />
                <SequencePoint vc="0" uspid="2396" ordinal="3" offset="19" sl="171" sc="17" el="171" ec="72" bec="0" bev="0" fileid="101" />
                <SequencePoint vc="0" uspid="2397" ordinal="4" offset="45" sl="174" sc="13" el="174" ec="40" bec="2" bev="0" fileid="101" />
                <SequencePoint vc="0" uspid="2398" ordinal="5" offset="58" sl="176" sc="17" el="176" ec="73" bec="0" bev="0" fileid="101" />
                <SequencePoint vc="0" uspid="2399" ordinal="6" offset="84" sl="179" sc="13" el="179" ec="42" bec="2" bev="0" fileid="101" />
                <SequencePoint vc="0" uspid="2400" ordinal="7" offset="97" sl="181" sc="17" el="181" ec="74" bec="0" bev="0" fileid="101" />
                <SequencePoint vc="0" uspid="2401" ordinal="8" offset="123" sl="184" sc="13" el="184" ec="28" bec="0" bev="0" fileid="101" />
              </SequencePoints>
              <BranchPoints>
                <BranchPoint vc="0" uspid="2402" ordinal="0" offset="2" sl="164" path="0" offsetend="4" fileid="101" />
                <BranchPoint vc="0" uspid="2403" ordinal="1" offset="2" sl="164" path="1" offsetend="6" fileid="101" />
                <BranchPoint vc="0" uspid="2404" ordinal="2" offset="17" sl="169" path="0" offsetend="19" fileid="101" />
                <BranchPoint vc="0" uspid="2405" ordinal="3" offset="17" sl="169" path="1" offsetend="45" fileid="101" />
                <BranchPoint vc="0" uspid="2406" ordinal="4" offset="56" sl="174" path="0" offsetend="58" fileid="101" />
                <BranchPoint vc="0" uspid="2407" ordinal="5" offset="56" sl="174" path="1" offsetend="84" fileid="101" />
                <BranchPoint vc="0" uspid="2408" ordinal="6" offset="95" sl="179" path="0" offsetend="97" fileid="101" />
                <BranchPoint vc="0" uspid="2409" ordinal="7" offset="95" sl="179" path="1" offsetend="123" fileid="101" />
              </BranchPoints>
              <MethodPoint xsi:type="SequencePoint" vc="0" uspid="2393" ordinal="0" offset="0" sl="164" sc="13" el="164" ec="54" bec="2" bev="0" fileid="101" />
            </Method>
            <Method visited="false" cyclomaticComplexity="2" nPathComplexity="2" sequenceCoverage="0" branchCoverage="0" crapScore="6" isConstructor="false" isStatic="true" isGetter="false" isSetter="false">
              <Summary numSequencePoints="3" visitedSequencePoints="0" numBranchPoints="3" visitedBranchPoints="0" sequenceCoverage="0" branchCoverage="0" maxCyclomaticComplexity="2" minCyclomaticComplexity="2" maxCrapScore="6" minCrapScore="6" visitedClasses="0" numClasses="0" visitedMethods="0" numMethods="1" />
              <MetadataToken>100663676</MetadataToken>
              <Name>System.String Humanizer.Localisation.NumberToWords.BrazilianPortugueseNumberToWordsConverter::ApplyOrdinalGender(System.String,Humanizer.GrammaticalGender)</Name>
              <FileRef uid="101" />
              <SequencePoints>
                <SequencePoint vc="0" uspid="2410" ordinal="0" offset="0" sl="189" sc="13" el="189" ec="54" bec="2" bev="0" fileid="101" />
                <SequencePoint vc="0" uspid="2411" ordinal="1" offset="4" sl="191" sc="17" el="191" ec="51" bec="0" bev="0" fileid="101" />
                <SequencePoint vc="0" uspid="2412" ordinal="2" offset="32" sl="194" sc="13" el="194" ec="28" bec="0" bev="0" fileid="101" />
              </SequencePoints>
              <BranchPoints>
                <BranchPoint vc="0" uspid="2413" ordinal="0" offset="2" sl="189" path="0" offsetend="4" fileid="101" />
                <BranchPoint vc="0" uspid="2414" ordinal="1" offset="2" sl="189" path="1" offsetend="32" fileid="101" />
              </BranchPoints>
              <MethodPoint xsi:type="SequencePoint" vc="0" uspid="2410" ordinal="0" offset="0" sl="189" sc="13" el="189" ec="54" bec="2" bev="0" fileid="101" />
            </Method>
            <Method visited="false" cyclomaticComplexity="1" nPathComplexity="0" sequenceCoverage="0" branchCoverage="0" crapScore="2" isConstructor="true" isStatic="false" isGetter="false" isSetter="false">
              <Summary numSequencePoints="0" visitedSequencePoints="0" numBranchPoints="0" visitedBranchPoints="0" sequenceCoverage="0" branchCoverage="0" maxCyclomaticComplexity="1" minCyclomaticComplexity="1" maxCrapScore="2" minCrapScore="2" visitedClasses="0" numClasses="0" visitedMethods="0" numMethods="0" />
              <MetadataToken>100663677</MetadataToken>
              <Name>System.Void Humanizer.Localisation.NumberToWords.BrazilianPortugueseNumberToWordsConverter::.ctor()</Name>
              <SequencePoints />
              <BranchPoints />
              <MethodPoint vc="0" uspid="2415" ordinal="0" offset="0" />
            </Method>
            <Method visited="false" cyclomaticComplexity="1" nPathComplexity="0" sequenceCoverage="0" branchCoverage="0" crapScore="2" isConstructor="true" isStatic="true" isGetter="false" isSetter="false">
              <Summary numSequencePoints="6" visitedSequencePoints="0" numBranchPoints="1" visitedBranchPoints="0" sequenceCoverage="0" branchCoverage="0" maxCyclomaticComplexity="1" minCyclomaticComplexity="1" maxCrapScore="2" minCrapScore="2" visitedClasses="0" numClasses="0" visitedMethods="0" numMethods="1" />
              <MetadataToken>100663678</MetadataToken>
              <Name>System.Void Humanizer.Localisation.NumberToWords.BrazilianPortugueseNumberToWordsConverter::.cctor()</Name>
              <FileRef uid="101" />
              <SequencePoints>
                <SequencePoint vc="0" uspid="2416" ordinal="0" offset="0" sl="8" sc="9" el="8" ec="250" bec="0" bev="0" fileid="101" />
                <SequencePoint vc="0" uspid="2417" ordinal="1" offset="183" sl="9" sc="9" el="9" ec="169" bec="0" bev="0" fileid="101" />
                <SequencePoint vc="0" uspid="2418" ordinal="2" offset="276" sl="10" sc="9" el="10" ec="197" bec="0" bev="0" fileid="101" />
                <SequencePoint vc="0" uspid="2419" ordinal="3" offset="369" sl="12" sc="9" el="12" ec="173" bec="0" bev="0" fileid="101" />
                <SequencePoint vc="0" uspid="2420" ordinal="4" offset="462" sl="13" sc="9" el="13" ec="206" bec="0" bev="0" fileid="101" />
                <SequencePoint vc="0" uspid="2421" ordinal="5" offset="555" sl="14" sc="9" el="14" ec="236" bec="0" bev="0" fileid="101" />
              </SequencePoints>
              <BranchPoints />
              <MethodPoint xsi:type="SequencePoint" vc="0" uspid="2416" ordinal="0" offset="0" sl="8" sc="9" el="8" ec="250" bec="0" bev="0" fileid="101" />
            </Method>
          </Methods>
        </Class>
        <Class>
          <Summary numSequencePoints="61" visitedSequencePoints="0" numBranchPoints="71" visitedBranchPoints="0" sequenceCoverage="0" branchCoverage="0" maxCyclomaticComplexity="28" minCyclomaticComplexity="1" maxCrapScore="812" minCrapScore="2" visitedClasses="0" numClasses="1" visitedMethods="0" numMethods="5" />
          <FullName>Humanizer.Localisation.NumberToWords.BulgarianNumberToWordsConverter</FullName>
          <Methods>
            <Method visited="false" cyclomaticComplexity="1" nPathComplexity="0" sequenceCoverage="0" branchCoverage="0" crapScore="2" isConstructor="false" isStatic="false" isGetter="false" isSetter="false">
              <Summary numSequencePoints="1" visitedSequencePoints="0" numBranchPoints="1" visitedBranchPoints="0" sequenceCoverage="0" branchCoverage="0" maxCyclomaticComplexity="1" minCyclomaticComplexity="1" maxCrapScore="2" minCrapScore="2" visitedClasses="0" numClasses="0" visitedMethods="0" numMethods="1" />
              <MetadataToken>100663679</MetadataToken>
              <Name>System.String Humanizer.Localisation.NumberToWords.BulgarianNumberToWordsConverter::Convert(System.Int64,Humanizer.GrammaticalGender)</Name>
              <FileRef uid="102" />
              <SequencePoints>
                <SequencePoint vc="0" uspid="2422" ordinal="0" offset="0" sl="44" sc="13" el="44" ec="50" bec="0" bev="0" fileid="102" />
              </SequencePoints>
              <BranchPoints />
              <MethodPoint xsi:type="SequencePoint" vc="0" uspid="2422" ordinal="0" offset="0" sl="44" sc="13" el="44" ec="50" bec="0" bev="0" fileid="102" />
            </Method>
            <Method visited="false" cyclomaticComplexity="28" nPathComplexity="33554432" sequenceCoverage="0" branchCoverage="0" crapScore="812" isConstructor="false" isStatic="false" isGetter="false" isSetter="false">
              <Summary numSequencePoints="49" visitedSequencePoints="0" numBranchPoints="51" visitedBranchPoints="0" sequenceCoverage="0" branchCoverage="0" maxCyclomaticComplexity="28" minCyclomaticComplexity="28" maxCrapScore="812" minCrapScore="812" visitedClasses="0" numClasses="0" visitedMethods="0" numMethods="1" />
              <MetadataToken>100663680</MetadataToken>
              <Name>System.String Humanizer.Localisation.NumberToWords.BulgarianNumberToWordsConverter::Convert(System.Int64,Humanizer.GrammaticalGender,System.Boolean)</Name>
              <FileRef uid="102" />
              <SequencePoints>
                <SequencePoint vc="0" uspid="2423" ordinal="0" offset="0" sl="49" sc="13" el="49" ec="62" bec="3" bev="0" fileid="102" />
                <SequencePoint vc="0" uspid="2424" ordinal="1" offset="18" sl="51" sc="17" el="51" ec="53" bec="0" bev="0" fileid="102" />
                <SequencePoint vc="0" uspid="2425" ordinal="2" offset="24" sl="54" sc="13" el="54" ec="28" bec="2" bev="0" fileid="102" />
                <SequencePoint vc="0" uspid="2426" ordinal="3" offset="27" sl="56" sc="17" el="56" ec="89" bec="2" bev="0" fileid="102" />
                <SequencePoint vc="0" uspid="2427" ordinal="4" offset="54" sl="60" sc="13" el="60" ec="44" bec="0" bev="0" fileid="102" />
                <SequencePoint vc="0" uspid="2428" ordinal="5" offset="60" sl="62" sc="13" el="62" ec="27" bec="2" bev="0" fileid="102" />
                <SequencePoint vc="0" uspid="2429" ordinal="6" offset="65" sl="64" sc="17" el="64" ec="36" bec="0" bev="0" fileid="102" />
                <SequencePoint vc="0" uspid="2430" ordinal="7" offset="76" sl="65" sc="17" el="65" ec="32" bec="0" bev="0" fileid="102" />
                <SequencePoint vc="0" uspid="2431" ordinal="8" offset="80" sl="68" sc="13" el="68" ec="49" bec="0" bev="0" fileid="102" />
                <SequencePoint vc="0" uspid="2432" ordinal="9" offset="86" sl="70" sc="13" el="70" ec="45" bec="2" bev="0" fileid="102" />
                <SequencePoint vc="0" uspid="2433" ordinal="10" offset="101" sl="72" sc="17" el="72" ec="31" bec="2" bev="0" fileid="102" />
                <SequencePoint vc="0" uspid="2434" ordinal="11" offset="104" sl="73" sc="21" el="74" ec="81" bec="0" bev="0" fileid="102" />
                <SequencePoint vc="0" uspid="2435" ordinal="12" offset="141" sl="75" sc="17" el="75" ec="40" bec="0" bev="0" fileid="102" />
                <SequencePoint vc="0" uspid="2436" ordinal="13" offset="154" sl="78" sc="13" el="78" ec="42" bec="2" bev="0" fileid="102" />
                <SequencePoint vc="0" uspid="2437" ordinal="14" offset="166" sl="80" sc="17" el="81" ec="80" bec="2" bev="0" fileid="102" />
                <SequencePoint vc="0" uspid="2438" ordinal="15" offset="219" sl="83" sc="17" el="83" ec="31" bec="2" bev="0" fileid="102" />
                <SequencePoint vc="0" uspid="2439" ordinal="16" offset="222" sl="84" sc="21" el="85" ec="81" bec="0" bev="0" fileid="102" />
                <SequencePoint vc="0" uspid="2440" ordinal="17" offset="256" sl="86" sc="17" el="86" ec="37" bec="0" bev="0" fileid="102" />
                <SequencePoint vc="0" uspid="2441" ordinal="18" offset="266" sl="89" sc="13" el="89" ec="39" bec="2" bev="0" fileid="102" />
                <SequencePoint vc="0" uspid="2442" ordinal="19" offset="278" sl="91" sc="17" el="91" ec="117" bec="2" bev="0" fileid="102" />
                <SequencePoint vc="0" uspid="2443" ordinal="20" offset="331" sl="93" sc="17" el="93" ec="31" bec="2" bev="0" fileid="102" />
                <SequencePoint vc="0" uspid="2444" ordinal="21" offset="334" sl="94" sc="21" el="95" ec="81" bec="0" bev="0" fileid="102" />
                <SequencePoint vc="0" uspid="2445" ordinal="22" offset="368" sl="97" sc="17" el="97" ec="34" bec="0" bev="0" fileid="102" />
                <SequencePoint vc="0" uspid="2446" ordinal="23" offset="378" sl="100" sc="13" el="100" ec="36" bec="2" bev="0" fileid="102" />
                <SequencePoint vc="0" uspid="2447" ordinal="24" offset="390" sl="102" sc="17" el="102" ec="34" bec="2" bev="0" fileid="102" />
                <SequencePoint vc="0" uspid="2448" ordinal="25" offset="399" sl="103" sc="21" el="103" ec="41" bec="0" bev="0" fileid="102" />
                <SequencePoint vc="0" uspid="2449" ordinal="26" offset="412" sl="106" sc="21" el="106" ec="81" bec="0" bev="0" fileid="102" />
                <SequencePoint vc="0" uspid="2450" ordinal="27" offset="444" sl="109" sc="17" el="109" ec="31" bec="2" bev="0" fileid="102" />
                <SequencePoint vc="0" uspid="2451" ordinal="28" offset="447" sl="110" sc="21" el="111" ec="81" bec="0" bev="0" fileid="102" />
                <SequencePoint vc="0" uspid="2452" ordinal="29" offset="481" sl="113" sc="17" el="113" ec="31" bec="0" bev="0" fileid="102" />
                <SequencePoint vc="0" uspid="2453" ordinal="30" offset="491" sl="116" sc="13" el="116" ec="33" bec="2" bev="0" fileid="102" />
                <SequencePoint vc="0" uspid="2454" ordinal="31" offset="500" sl="118" sc="17" el="118" ec="58" bec="0" bev="0" fileid="102" />
                <SequencePoint vc="0" uspid="2455" ordinal="32" offset="517" sl="120" sc="17" el="120" ec="31" bec="2" bev="0" fileid="102" />
                <SequencePoint vc="0" uspid="2456" ordinal="33" offset="520" sl="121" sc="21" el="121" ec="120" bec="0" bev="0" fileid="102" />
                <SequencePoint vc="0" uspid="2457" ordinal="34" offset="544" sl="123" sc="17" el="123" ec="30" bec="0" bev="0" fileid="102" />
                <SequencePoint vc="0" uspid="2458" ordinal="35" offset="551" sl="127" sc="13" el="127" ec="28" bec="2" bev="0" fileid="102" />
                <SequencePoint vc="0" uspid="2459" ordinal="36" offset="557" sl="129" sc="17" el="129" ec="48" bec="0" bev="0" fileid="102" />
                <SequencePoint vc="0" uspid="2460" ordinal="37" offset="575" sl="131" sc="17" el="131" ec="31" bec="2" bev="0" fileid="102" />
                <SequencePoint vc="0" uspid="2461" ordinal="38" offset="578" sl="132" sc="21" el="132" ec="108" bec="0" bev="0" fileid="102" />
                <SequencePoint vc="0" uspid="2462" ordinal="39" offset="602" sl="134" sc="17" el="134" ec="29" bec="0" bev="0" fileid="102" />
                <SequencePoint vc="0" uspid="2463" ordinal="40" offset="609" sl="137" sc="13" el="137" ec="27" bec="2" bev="0" fileid="102" />
                <SequencePoint vc="0" uspid="2464" ordinal="41" offset="614" sl="139" sc="17" el="139" ec="44" bec="0" bev="0" fileid="102" />
                <SequencePoint vc="0" uspid="2465" ordinal="42" offset="628" sl="141" sc="17" el="141" ec="31" bec="2" bev="0" fileid="102" />
                <SequencePoint vc="0" uspid="2466" ordinal="43" offset="631" sl="142" sc="21" el="142" ec="103" bec="0" bev="0" fileid="102" />
                <SequencePoint vc="0" uspid="2467" ordinal="44" offset="652" sl="145" sc="13" el="145" ec="33" bec="2" bev="0" fileid="102" />
                <SequencePoint vc="0" uspid="2468" ordinal="45" offset="661" sl="147" sc="17" el="147" ec="52" bec="0" bev="0" fileid="102" />
                <SequencePoint vc="0" uspid="2469" ordinal="46" offset="680" sl="151" sc="13" el="151" ec="82" bec="3" bev="0" fileid="102" />
                <SequencePoint vc="0" uspid="2470" ordinal="47" offset="691" sl="152" sc="17" el="152" ec="66" bec="0" bev="0" fileid="102" />
                <SequencePoint vc="0" uspid="2471" ordinal="48" offset="706" sl="154" sc="13" el="154" ec="44" bec="0" bev="0" fileid="102" />
              </SequencePoints>
              <BranchPoints>
                <BranchPoint vc="0" uspid="2472" ordinal="0" offset="7" sl="49" path="0" offsetend="9" fileid="102" />
                <BranchPoint vc="0" uspid="2473" ordinal="1" offset="7" sl="49" path="1" offsetend="18" fileid="102" />
                <BranchPoint vc="0" uspid="2474" ordinal="2" offset="16" sl="49" path="0" offsetend="18" fileid="102" />
                <BranchPoint vc="0" uspid="2475" ordinal="3" offset="16" sl="49" path="1" offsetend="24" fileid="102" />
                <BranchPoint vc="0" uspid="2476" ordinal="4" offset="25" sl="54" path="0" offsetend="27" fileid="102" />
                <BranchPoint vc="0" uspid="2477" ordinal="5" offset="25" sl="54" path="1" offsetend="54" fileid="102" />
                <BranchPoint vc="0" uspid="2478" ordinal="6" offset="28" sl="56" path="0" offsetend="30" fileid="102" />
                <BranchPoint vc="0" uspid="2479" ordinal="7" offset="28" sl="56" path="1" offsetend="36" fileid="102" />
                <BranchPoint vc="0" uspid="2480" ordinal="8" offset="63" sl="62" path="0" offsetend="65" fileid="102" />
                <BranchPoint vc="0" uspid="2481" ordinal="9" offset="63" sl="62" path="1" offsetend="80" fileid="102" />
                <BranchPoint vc="0" uspid="2482" ordinal="10" offset="99" sl="70" path="0" offsetend="101" fileid="102" />
                <BranchPoint vc="0" uspid="2483" ordinal="11" offset="99" sl="70" path="1" offsetend="154" fileid="102" />
                <BranchPoint vc="0" uspid="2484" ordinal="12" offset="102" sl="72" path="0" offsetend="104" fileid="102" />
                <BranchPoint vc="0" uspid="2485" ordinal="13" offset="102" sl="72" path="1" offsetend="141" fileid="102" />
                <BranchPoint vc="0" uspid="2486" ordinal="14" offset="164" sl="78" path="0" offsetend="166" fileid="102" />
                <BranchPoint vc="0" uspid="2487" ordinal="15" offset="164" sl="78" path="1" offsetend="266" fileid="102" />
                <BranchPoint vc="0" uspid="2488" ordinal="16" offset="195" sl="80" path="0" offsetend="197" fileid="102" />
                <BranchPoint vc="0" uspid="2489" ordinal="17" offset="195" sl="80" path="1" offsetend="204" fileid="102" />
                <BranchPoint vc="0" uspid="2490" ordinal="18" offset="220" sl="83" path="0" offsetend="222" fileid="102" />
                <BranchPoint vc="0" uspid="2491" ordinal="19" offset="220" sl="83" path="1" offsetend="256" fileid="102" />
                <BranchPoint vc="0" uspid="2492" ordinal="20" offset="276" sl="89" path="0" offsetend="278" fileid="102" />
                <BranchPoint vc="0" uspid="2493" ordinal="21" offset="276" sl="89" path="1" offsetend="378" fileid="102" />
                <BranchPoint vc="0" uspid="2494" ordinal="22" offset="307" sl="91" path="0" offsetend="309" fileid="102" />
                <BranchPoint vc="0" uspid="2495" ordinal="23" offset="307" sl="91" path="1" offsetend="316" fileid="102" />
                <BranchPoint vc="0" uspid="2496" ordinal="24" offset="332" sl="93" path="0" offsetend="334" fileid="102" />
                <BranchPoint vc="0" uspid="2497" ordinal="25" offset="332" sl="93" path="1" offsetend="368" fileid="102" />
                <BranchPoint vc="0" uspid="2498" ordinal="26" offset="388" sl="100" path="0" offsetend="390" fileid="102" />
                <BranchPoint vc="0" uspid="2499" ordinal="27" offset="388" sl="100" path="1" offsetend="491" fileid="102" />
                <BranchPoint vc="0" uspid="2500" ordinal="28" offset="397" sl="102" path="0" offsetend="399" fileid="102" />
                <BranchPoint vc="0" uspid="2501" ordinal="29" offset="397" sl="102" path="1" offsetend="412" fileid="102" />
                <BranchPoint vc="0" uspid="2502" ordinal="30" offset="445" sl="109" path="0" offsetend="447" fileid="102" />
                <BranchPoint vc="0" uspid="2503" ordinal="31" offset="445" sl="109" path="1" offsetend="481" fileid="102" />
                <BranchPoint vc="0" uspid="2504" ordinal="32" offset="498" sl="116" path="0" offsetend="500" fileid="102" />
                <BranchPoint vc="0" uspid="2505" ordinal="33" offset="498" sl="116" path="1" offsetend="551" fileid="102" />
                <BranchPoint vc="0" uspid="2506" ordinal="34" offset="518" sl="120" path="0" offsetend="520" fileid="102" />
                <BranchPoint vc="0" uspid="2507" ordinal="35" offset="518" sl="120" path="1" offsetend="544" fileid="102" />
                <BranchPoint vc="0" uspid="2508" ordinal="36" offset="555" sl="127" path="0" offsetend="557" fileid="102" />
                <BranchPoint vc="0" uspid="2509" ordinal="37" offset="555" sl="127" path="1" offsetend="609" fileid="102" />
                <BranchPoint vc="0" uspid="2510" ordinal="38" offset="576" sl="131" path="0" offsetend="578" fileid="102" />
                <BranchPoint vc="0" uspid="2511" ordinal="39" offset="576" sl="131" path="1" offsetend="602" fileid="102" />
                <BranchPoint vc="0" uspid="2512" ordinal="40" offset="612" sl="137" path="0" offsetend="614" fileid="102" />
                <BranchPoint vc="0" uspid="2513" ordinal="41" offset="612" sl="137" path="1" offsetend="652" fileid="102" />
                <BranchPoint vc="0" uspid="2514" ordinal="42" offset="629" sl="141" path="0" offsetend="631" fileid="102" />
                <BranchPoint vc="0" uspid="2515" ordinal="43" offset="629" sl="141" path="1" offsetend="652" fileid="102" />
                <BranchPoint vc="0" uspid="2516" ordinal="44" offset="659" sl="145" path="0" offsetend="661" fileid="102" />
                <BranchPoint vc="0" uspid="2517" ordinal="45" offset="659" sl="145" path="1" offsetend="680" fileid="102" />
                <BranchPoint vc="0" uspid="2518" ordinal="46" offset="681" sl="151" path="0" offsetend="683" fileid="102" />
                <BranchPoint vc="0" uspid="2519" ordinal="47" offset="681" sl="151" path="1" offsetend="706" fileid="102" />
                <BranchPoint vc="0" uspid="2520" ordinal="48" offset="689" sl="151" path="0" offsetend="691" fileid="102" />
                <BranchPoint vc="0" uspid="2521" ordinal="49" offset="689" sl="151" path="1" offsetend="706" fileid="102" />
              </BranchPoints>
              <MethodPoint xsi:type="SequencePoint" vc="0" uspid="2423" ordinal="0" offset="0" sl="49" sc="13" el="49" ec="62" bec="3" bev="0" fileid="102" />
            </Method>
            <Method visited="false" cyclomaticComplexity="1" nPathComplexity="0" sequenceCoverage="0" branchCoverage="0" crapScore="2" isConstructor="false" isStatic="false" isGetter="false" isSetter="false">
              <Summary numSequencePoints="1" visitedSequencePoints="0" numBranchPoints="1" visitedBranchPoints="0" sequenceCoverage="0" branchCoverage="0" maxCyclomaticComplexity="1" minCyclomaticComplexity="1" maxCrapScore="2" minCrapScore="2" visitedClasses="0" numClasses="0" visitedMethods="0" numMethods="1" />
              <MetadataToken>100663681</MetadataToken>
              <Name>System.String Humanizer.Localisation.NumberToWords.BulgarianNumberToWordsConverter::ConvertToOrdinal(System.Int32,Humanizer.GrammaticalGender)</Name>
              <FileRef uid="102" />
              <SequencePoints>
                <SequencePoint vc="0" uspid="2522" ordinal="0" offset="0" sl="159" sc="13" el="159" ec="49" bec="0" bev="0" fileid="102" />
              </SequencePoints>
              <BranchPoints />
              <MethodPoint xsi:type="SequencePoint" vc="0" uspid="2522" ordinal="0" offset="0" sl="159" sc="13" el="159" ec="49" bec="0" bev="0" fileid="102" />
            </Method>
            <Method visited="false" cyclomaticComplexity="15" nPathComplexity="256" sequenceCoverage="0" branchCoverage="0" crapScore="240" isConstructor="false" isStatic="true" isGetter="false" isSetter="false">
              <Summary numSequencePoints="5" visitedSequencePoints="0" numBranchPoints="17" visitedBranchPoints="0" sequenceCoverage="0" branchCoverage="0" maxCyclomaticComplexity="15" minCyclomaticComplexity="15" maxCrapScore="240" minCrapScore="240" visitedClasses="0" numClasses="0" visitedMethods="0" numMethods="1" />
              <MetadataToken>100663682</MetadataToken>
              <Name>System.String Humanizer.Localisation.NumberToWords.BulgarianNumberToWordsConverter::GetEndingForGender(Humanizer.GrammaticalGender,System.Int64)</Name>
              <FileRef uid="102" />
              <SequencePoints>
                <SequencePoint vc="0" uspid="2523" ordinal="0" offset="0" sl="164" sc="13" el="164" ec="28" bec="2" bev="0" fileid="102" />
                <SequencePoint vc="0" uspid="2524" ordinal="1" offset="3" sl="166" sc="17" el="172" ec="19" bec="4" bev="0" fileid="102" />
                <SequencePoint vc="0" uspid="2525" ordinal="2" offset="60" sl="175" sc="13" el="175" ec="28" bec="2" bev="0" fileid="102" />
                <SequencePoint vc="0" uspid="2526" ordinal="3" offset="66" sl="177" sc="17" el="183" ec="19" bec="4" bev="0" fileid="102" />
                <SequencePoint vc="0" uspid="2527" ordinal="4" offset="123" sl="187" sc="17" el="193" ec="19" bec="4" bev="0" fileid="102" />
              </SequencePoints>
              <BranchPoints>
                <BranchPoint vc="0" uspid="2528" ordinal="0" offset="1" sl="164" path="0" offsetend="3" fileid="102" />
                <BranchPoint vc="0" uspid="2529" ordinal="1" offset="1" sl="164" path="1" offsetend="60" fileid="102" />
                <BranchPoint vc="0" uspid="2530" ordinal="2" offset="4" sl="166" path="0" offsetchain="21" offsetend="47" fileid="102" />
                <BranchPoint vc="0" uspid="2531" ordinal="3" offset="4" sl="166" path="1" offsetend="23" fileid="102" />
                <BranchPoint vc="0" uspid="2532" ordinal="4" offset="4" sl="166" path="2" offsetend="31" fileid="102" />
                <BranchPoint vc="0" uspid="2533" ordinal="5" offset="4" sl="166" path="3" offsetend="39" fileid="102" />
                <BranchPoint vc="0" uspid="2534" ordinal="6" offset="64" sl="175" path="0" offsetend="66" fileid="102" />
                <BranchPoint vc="0" uspid="2535" ordinal="7" offset="64" sl="175" path="1" offsetend="123" fileid="102" />
                <BranchPoint vc="0" uspid="2536" ordinal="8" offset="67" sl="177" path="0" offsetchain="84" offsetend="110" fileid="102" />
                <BranchPoint vc="0" uspid="2537" ordinal="9" offset="67" sl="177" path="1" offsetend="86" fileid="102" />
                <BranchPoint vc="0" uspid="2538" ordinal="10" offset="67" sl="177" path="2" offsetend="94" fileid="102" />
                <BranchPoint vc="0" uspid="2539" ordinal="11" offset="67" sl="177" path="3" offsetend="102" fileid="102" />
                <BranchPoint vc="0" uspid="2540" ordinal="12" offset="124" sl="187" path="0" offsetchain="141" offsetend="167" fileid="102" />
                <BranchPoint vc="0" uspid="2541" ordinal="13" offset="124" sl="187" path="1" offsetend="143" fileid="102" />
                <BranchPoint vc="0" uspid="2542" ordinal="14" offset="124" sl="187" path="2" offsetend="151" fileid="102" />
                <BranchPoint vc="0" uspid="2543" ordinal="15" offset="124" sl="187" path="3" offsetend="159" fileid="102" />
              </BranchPoints>
              <MethodPoint xsi:type="SequencePoint" vc="0" uspid="2523" ordinal="0" offset="0" sl="164" sc="13" el="164" ec="28" bec="2" bev="0" fileid="102" />
            </Method>
            <Method visited="false" cyclomaticComplexity="1" nPathComplexity="0" sequenceCoverage="0" branchCoverage="0" crapScore="2" isConstructor="true" isStatic="false" isGetter="false" isSetter="false">
              <Summary numSequencePoints="0" visitedSequencePoints="0" numBranchPoints="0" visitedBranchPoints="0" sequenceCoverage="0" branchCoverage="0" maxCyclomaticComplexity="1" minCyclomaticComplexity="1" maxCrapScore="2" minCrapScore="2" visitedClasses="0" numClasses="0" visitedMethods="0" numMethods="0" />
              <MetadataToken>100663683</MetadataToken>
              <Name>System.Void Humanizer.Localisation.NumberToWords.BulgarianNumberToWordsConverter::.ctor()</Name>
              <SequencePoints />
              <BranchPoints />
              <MethodPoint vc="0" uspid="2544" ordinal="0" offset="0" />
            </Method>
            <Method visited="false" cyclomaticComplexity="1" nPathComplexity="0" sequenceCoverage="0" branchCoverage="0" crapScore="2" isConstructor="true" isStatic="true" isGetter="false" isSetter="false">
              <Summary numSequencePoints="5" visitedSequencePoints="0" numBranchPoints="1" visitedBranchPoints="0" sequenceCoverage="0" branchCoverage="0" maxCyclomaticComplexity="1" minCyclomaticComplexity="1" maxCrapScore="2" minCrapScore="2" visitedClasses="0" numClasses="0" visitedMethods="0" numMethods="1" />
              <MetadataToken>100663684</MetadataToken>
              <Name>System.Void Humanizer.Localisation.NumberToWords.BulgarianNumberToWordsConverter::.cctor()</Name>
              <FileRef uid="102" />
              <SequencePoints>
                <SequencePoint vc="0" uspid="2545" ordinal="0" offset="0" sl="8" sc="9" el="13" ec="11" bec="0" bev="0" fileid="102" />
                <SequencePoint vc="0" uspid="2546" ordinal="1" offset="183" sl="15" sc="9" el="19" ec="11" bec="0" bev="0" fileid="102" />
                <SequencePoint vc="0" uspid="2547" ordinal="2" offset="276" sl="21" sc="9" el="25" ec="11" bec="0" bev="0" fileid="102" />
                <SequencePoint vc="0" uspid="2548" ordinal="3" offset="369" sl="28" sc="9" el="32" ec="11" bec="0" bev="0" fileid="102" />
                <SequencePoint vc="0" uspid="2549" ordinal="4" offset="462" sl="35" sc="9" el="40" ec="11" bec="0" bev="0" fileid="102" />
              </SequencePoints>
              <BranchPoints />
              <MethodPoint xsi:type="SequencePoint" vc="0" uspid="2545" ordinal="0" offset="0" sl="8" sc="9" el="13" ec="11" bec="0" bev="0" fileid="102" />
            </Method>
          </Methods>
        </Class>
        <Class>
          <Summary numSequencePoints="53" visitedSequencePoints="0" numBranchPoints="51" visitedBranchPoints="0" sequenceCoverage="0" branchCoverage="0" maxCyclomaticComplexity="23" minCyclomaticComplexity="1" maxCrapScore="552" minCrapScore="2" visitedClasses="0" numClasses="1" visitedMethods="0" numMethods="5" />
          <FullName>Humanizer.Localisation.NumberToWords.ChineseNumberToWordsConverter</FullName>
          <Methods>
            <Method visited="false" cyclomaticComplexity="1" nPathComplexity="0" sequenceCoverage="0" branchCoverage="0" crapScore="2" isConstructor="false" isStatic="false" isGetter="false" isSetter="false">
              <Summary numSequencePoints="1" visitedSequencePoints="0" numBranchPoints="1" visitedBranchPoints="0" sequenceCoverage="0" branchCoverage="0" maxCyclomaticComplexity="1" minCyclomaticComplexity="1" maxCrapScore="2" minCrapScore="2" visitedClasses="0" numClasses="0" visitedMethods="0" numMethods="1" />
              <MetadataToken>100663685</MetadataToken>
              <Name>System.String Humanizer.Localisation.NumberToWords.ChineseNumberToWordsConverter::Convert(System.Int64)</Name>
              <FileRef uid="103" />
              <SequencePoints>
                <SequencePoint vc="0" uspid="2550" ordinal="0" offset="0" sl="11" sc="13" el="11" ec="62" bec="0" bev="0" fileid="103" />
              </SequencePoints>
              <BranchPoints />
              <MethodPoint xsi:type="SequencePoint" vc="0" uspid="2550" ordinal="0" offset="0" sl="11" sc="13" el="11" ec="62" bec="0" bev="0" fileid="103" />
            </Method>
            <Method visited="false" cyclomaticComplexity="1" nPathComplexity="0" sequenceCoverage="0" branchCoverage="0" crapScore="2" isConstructor="false" isStatic="false" isGetter="false" isSetter="false">
              <Summary numSequencePoints="1" visitedSequencePoints="0" numBranchPoints="1" visitedBranchPoints="0" sequenceCoverage="0" branchCoverage="0" maxCyclomaticComplexity="1" minCyclomaticComplexity="1" maxCrapScore="2" minCrapScore="2" visitedClasses="0" numClasses="0" visitedMethods="0" numMethods="1" />
              <MetadataToken>100663686</MetadataToken>
              <Name>System.String Humanizer.Localisation.NumberToWords.ChineseNumberToWordsConverter::ConvertToOrdinal(System.Int32)</Name>
              <FileRef uid="103" />
              <SequencePoints>
                <SequencePoint vc="0" uspid="2551" ordinal="0" offset="0" sl="16" sc="13" el="16" ec="61" bec="0" bev="0" fileid="103" />
              </SequencePoints>
              <BranchPoints />
              <MethodPoint xsi:type="SequencePoint" vc="0" uspid="2551" ordinal="0" offset="0" sl="16" sc="13" el="16" ec="61" bec="0" bev="0" fileid="103" />
            </Method>
            <Method visited="false" cyclomaticComplexity="2" nPathComplexity="2" sequenceCoverage="0" branchCoverage="0" crapScore="6" isConstructor="false" isStatic="false" isGetter="false" isSetter="false">
              <Summary numSequencePoints="1" visitedSequencePoints="0" numBranchPoints="3" visitedBranchPoints="0" sequenceCoverage="0" branchCoverage="0" maxCyclomaticComplexity="2" minCyclomaticComplexity="2" maxCrapScore="6" minCrapScore="6" visitedClasses="0" numClasses="0" visitedMethods="0" numMethods="1" />
              <MetadataToken>100663687</MetadataToken>
              <Name>System.Boolean Humanizer.Localisation.NumberToWords.ChineseNumberToWordsConverter::IsSpecial(System.Int64)</Name>
              <FileRef uid="103" />
              <SequencePoints>
                <SequencePoint vc="0" uspid="2552" ordinal="0" offset="0" sl="19" sc="48" el="19" ec="74" bec="2" bev="0" fileid="103" />
              </SequencePoints>
              <BranchPoints>
                <BranchPoint vc="0" uspid="2553" ordinal="0" offset="4" sl="19" path="0" offsetend="6" fileid="103" />
                <BranchPoint vc="0" uspid="2554" ordinal="1" offset="4" sl="19" path="1" offsetend="13" fileid="103" />
              </BranchPoints>
              <MethodPoint xsi:type="SequencePoint" vc="0" uspid="2552" ordinal="0" offset="0" sl="19" sc="48" el="19" ec="74" bec="2" bev="0" fileid="103" />
            </Method>
            <Method visited="false" cyclomaticComplexity="23" nPathComplexity="4194304" sequenceCoverage="0" branchCoverage="0" crapScore="552" isConstructor="false" isStatic="false" isGetter="false" isSetter="false">
              <Summary numSequencePoints="49" visitedSequencePoints="0" numBranchPoints="45" visitedBranchPoints="0" sequenceCoverage="0" branchCoverage="0" maxCyclomaticComplexity="23" minCyclomaticComplexity="23" maxCrapScore="552" minCrapScore="552" visitedClasses="0" numClasses="0" visitedMethods="0" numMethods="1" />
              <MetadataToken>100663688</MetadataToken>
              <Name>System.String Humanizer.Localisation.NumberToWords.ChineseNumberToWordsConverter::Convert(System.Int64,System.Boolean,System.Boolean)</Name>
              <FileRef uid="103" />
              <SequencePoints>
                <SequencePoint vc="0" uspid="2555" ordinal="0" offset="0" sl="23" sc="13" el="23" ec="29" bec="2" bev="0" fileid="103" />
                <SequencePoint vc="0" uspid="2556" ordinal="1" offset="3" sl="25" sc="17" el="25" ec="36" bec="0" bev="0" fileid="103" />
                <SequencePoint vc="0" uspid="2557" ordinal="2" offset="11" sl="28" sc="13" el="28" ec="28" bec="2" bev="0" fileid="103" />
                <SequencePoint vc="0" uspid="2558" ordinal="3" offset="16" sl="30" sc="17" el="30" ec="79" bec="0" bev="0" fileid="103" />
                <SequencePoint vc="0" uspid="2559" ordinal="4" offset="37" sl="33" sc="13" el="33" ec="44" bec="0" bev="0" fileid="103" />
                <SequencePoint vc="0" uspid="2560" ordinal="5" offset="43" sl="35" sc="13" el="35" ec="46" bec="2" bev="0" fileid="103" />
                <SequencePoint vc="0" uspid="2561" ordinal="6" offset="58" sl="37" sc="17" el="37" ec="37" bec="0" bev="0" fileid="103" />
                <SequencePoint vc="0" uspid="2562" ordinal="7" offset="64" sl="38" sc="17" el="38" ec="89" bec="3" bev="0" fileid="103" />
                <SequencePoint vc="0" uspid="2563" ordinal="8" offset="101" sl="40" sc="21" el="40" ec="38" bec="0" bev="0" fileid="103" />
                <SequencePoint vc="0" uspid="2564" ordinal="9" offset="107" sl="43" sc="17" el="43" ec="97" bec="0" bev="0" fileid="103" />
                <SequencePoint vc="0" uspid="2565" ordinal="10" offset="138" sl="44" sc="17" el="44" ec="41" bec="0" bev="0" fileid="103" />
                <SequencePoint vc="0" uspid="2566" ordinal="11" offset="151" sl="47" sc="13" el="47" ec="42" bec="2" bev="0" fileid="103" />
                <SequencePoint vc="0" uspid="2567" ordinal="12" offset="163" sl="49" sc="17" el="49" ec="37" bec="0" bev="0" fileid="103" />
                <SequencePoint vc="0" uspid="2568" ordinal="13" offset="169" sl="50" sc="17" el="50" ec="77" bec="3" bev="0" fileid="103" />
                <SequencePoint vc="0" uspid="2569" ordinal="14" offset="197" sl="52" sc="21" el="52" ec="38" bec="0" bev="0" fileid="103" />
                <SequencePoint vc="0" uspid="2570" ordinal="15" offset="203" sl="55" sc="17" el="55" ec="93" bec="0" bev="0" fileid="103" />
                <SequencePoint vc="0" uspid="2571" ordinal="16" offset="231" sl="56" sc="17" el="56" ec="37" bec="0" bev="0" fileid="103" />
                <SequencePoint vc="0" uspid="2572" ordinal="17" offset="241" sl="59" sc="13" el="59" ec="38" bec="2" bev="0" fileid="103" />
                <SequencePoint vc="0" uspid="2573" ordinal="18" offset="253" sl="61" sc="17" el="61" ec="37" bec="0" bev="0" fileid="103" />
                <SequencePoint vc="0" uspid="2574" ordinal="19" offset="260" sl="62" sc="17" el="62" ec="65" bec="3" bev="0" fileid="103" />
                <SequencePoint vc="0" uspid="2575" ordinal="20" offset="288" sl="64" sc="21" el="64" ec="38" bec="0" bev="0" fileid="103" />
                <SequencePoint vc="0" uspid="2576" ordinal="21" offset="295" sl="67" sc="17" el="67" ec="89" bec="0" bev="0" fileid="103" />
                <SequencePoint vc="0" uspid="2577" ordinal="22" offset="324" sl="68" sc="17" el="68" ec="33" bec="0" bev="0" fileid="103" />
                <SequencePoint vc="0" uspid="2578" ordinal="23" offset="334" sl="71" sc="13" el="71" ec="37" bec="2" bev="0" fileid="103" />
                <SequencePoint vc="0" uspid="2579" ordinal="24" offset="346" sl="73" sc="17" el="73" ec="37" bec="0" bev="0" fileid="103" />
                <SequencePoint vc="0" uspid="2580" ordinal="25" offset="353" sl="74" sc="17" el="74" ec="62" bec="3" bev="0" fileid="103" />
                <SequencePoint vc="0" uspid="2581" ordinal="26" offset="378" sl="76" sc="21" el="76" ec="38" bec="0" bev="0" fileid="103" />
                <SequencePoint vc="0" uspid="2582" ordinal="27" offset="385" sl="79" sc="17" el="79" ec="88" bec="0" bev="0" fileid="103" />
                <SequencePoint vc="0" uspid="2583" ordinal="28" offset="414" sl="80" sc="17" el="80" ec="32" bec="0" bev="0" fileid="103" />
                <SequencePoint vc="0" uspid="2584" ordinal="29" offset="424" sl="83" sc="13" el="83" ec="36" bec="2" bev="0" fileid="103" />
                <SequencePoint vc="0" uspid="2585" ordinal="30" offset="433" sl="85" sc="17" el="85" ec="37" bec="0" bev="0" fileid="103" />
                <SequencePoint vc="0" uspid="2586" ordinal="31" offset="440" sl="86" sc="17" el="86" ec="59" bec="3" bev="0" fileid="103" />
                <SequencePoint vc="0" uspid="2587" ordinal="32" offset="459" sl="88" sc="21" el="88" ec="38" bec="0" bev="0" fileid="103" />
                <SequencePoint vc="0" uspid="2588" ordinal="33" offset="466" sl="91" sc="17" el="91" ec="87" bec="0" bev="0" fileid="103" />
                <SequencePoint vc="0" uspid="2589" ordinal="34" offset="492" sl="92" sc="17" el="92" ec="31" bec="0" bev="0" fileid="103" />
                <SequencePoint vc="0" uspid="2590" ordinal="35" offset="499" sl="95" sc="13" el="95" ec="28" bec="2" bev="0" fileid="103" />
                <SequencePoint vc="0" uspid="2591" ordinal="36" offset="504" sl="97" sc="17" el="97" ec="34" bec="2" bev="0" fileid="103" />
                <SequencePoint vc="0" uspid="2592" ordinal="37" offset="510" sl="99" sc="21" el="99" ec="49" bec="0" bev="0" fileid="103" />
                <SequencePoint vc="0" uspid="2593" ordinal="38" offset="524" sl="100" sc="17" el="100" ec="18" bec="0" bev="0" fileid="103" />
                <SequencePoint vc="0" uspid="2594" ordinal="39" offset="526" sl="103" sc="21" el="103" ec="81" bec="0" bev="0" fileid="103" />
                <SequencePoint vc="0" uspid="2595" ordinal="40" offset="550" sl="104" sc="21" el="104" ec="43" bec="2" bev="0" fileid="103" />
                <SequencePoint vc="0" uspid="2596" ordinal="41" offset="559" sl="106" sc="25" el="106" ec="81" bec="0" bev="0" fileid="103" />
                <SequencePoint vc="0" uspid="2597" ordinal="42" offset="590" sl="109" sc="21" el="109" ec="41" bec="0" bev="0" fileid="103" />
                <SequencePoint vc="0" uspid="2598" ordinal="43" offset="598" sl="113" sc="13" el="113" ec="60" bec="0" bev="0" fileid="103" />
                <SequencePoint vc="0" uspid="2599" ordinal="44" offset="615" sl="115" sc="13" el="115" ec="27" bec="2" bev="0" fileid="103" />
                <SequencePoint vc="0" uspid="2600" ordinal="45" offset="618" sl="117" sc="17" el="117" ec="48" bec="0" bev="0" fileid="103" />
                <SequencePoint vc="0" uspid="2601" ordinal="46" offset="626" sl="120" sc="13" el="120" ec="27" bec="2" bev="0" fileid="103" />
                <SequencePoint vc="0" uspid="2602" ordinal="47" offset="629" sl="122" sc="17" el="122" ec="59" bec="0" bev="0" fileid="103" />
                <SequencePoint vc="0" uspid="2603" ordinal="48" offset="641" sl="125" sc="13" el="125" ec="28" bec="0" bev="0" fileid="103" />
              </SequencePoints>
              <BranchPoints>
                <BranchPoint vc="0" uspid="2604" ordinal="0" offset="1" sl="23" path="0" offsetend="3" fileid="103" />
                <BranchPoint vc="0" uspid="2605" ordinal="1" offset="1" sl="23" path="1" offsetend="11" fileid="103" />
                <BranchPoint vc="0" uspid="2606" ordinal="2" offset="14" sl="28" path="0" offsetend="16" fileid="103" />
                <BranchPoint vc="0" uspid="2607" ordinal="3" offset="14" sl="28" path="1" offsetend="37" fileid="103" />
                <BranchPoint vc="0" uspid="2608" ordinal="4" offset="56" sl="35" path="0" offsetend="58" fileid="103" />
                <BranchPoint vc="0" uspid="2609" ordinal="5" offset="56" sl="35" path="1" offsetend="151" fileid="103" />
                <BranchPoint vc="0" uspid="2610" ordinal="6" offset="84" sl="38" path="0" offsetend="86" fileid="103" />
                <BranchPoint vc="0" uspid="2611" ordinal="7" offset="84" sl="38" path="1" offsetend="107" fileid="103" />
                <BranchPoint vc="0" uspid="2612" ordinal="8" offset="99" sl="38" path="0" offsetend="101" fileid="103" />
                <BranchPoint vc="0" uspid="2613" ordinal="9" offset="99" sl="38" path="1" offsetend="107" fileid="103" />
                <BranchPoint vc="0" uspid="2614" ordinal="10" offset="161" sl="47" path="0" offsetend="163" fileid="103" />
                <BranchPoint vc="0" uspid="2615" ordinal="11" offset="161" sl="47" path="1" offsetend="241" fileid="103" />
                <BranchPoint vc="0" uspid="2616" ordinal="12" offset="183" sl="50" path="0" offsetend="185" fileid="103" />
                <BranchPoint vc="0" uspid="2617" ordinal="13" offset="183" sl="50" path="1" offsetend="203" fileid="103" />
                <BranchPoint vc="0" uspid="2618" ordinal="14" offset="195" sl="50" path="0" offsetend="197" fileid="103" />
                <BranchPoint vc="0" uspid="2619" ordinal="15" offset="195" sl="50" path="1" offsetend="203" fileid="103" />
                <BranchPoint vc="0" uspid="2620" ordinal="16" offset="251" sl="59" path="0" offsetend="253" fileid="103" />
                <BranchPoint vc="0" uspid="2621" ordinal="17" offset="251" sl="59" path="1" offsetend="334" fileid="103" />
                <BranchPoint vc="0" uspid="2622" ordinal="18" offset="274" sl="62" path="0" offsetend="276" fileid="103" />
                <BranchPoint vc="0" uspid="2623" ordinal="19" offset="274" sl="62" path="1" offsetend="295" fileid="103" />
                <BranchPoint vc="0" uspid="2624" ordinal="20" offset="286" sl="62" path="0" offsetend="288" fileid="103" />
                <BranchPoint vc="0" uspid="2625" ordinal="21" offset="286" sl="62" path="1" offsetend="295" fileid="103" />
                <BranchPoint vc="0" uspid="2626" ordinal="22" offset="344" sl="71" path="0" offsetend="346" fileid="103" />
                <BranchPoint vc="0" uspid="2627" ordinal="23" offset="344" sl="71" path="1" offsetend="424" fileid="103" />
                <BranchPoint vc="0" uspid="2628" ordinal="24" offset="364" sl="74" path="0" offsetend="366" fileid="103" />
                <BranchPoint vc="0" uspid="2629" ordinal="25" offset="364" sl="74" path="1" offsetend="385" fileid="103" />
                <BranchPoint vc="0" uspid="2630" ordinal="26" offset="376" sl="74" path="0" offsetend="378" fileid="103" />
                <BranchPoint vc="0" uspid="2631" ordinal="27" offset="376" sl="74" path="1" offsetend="385" fileid="103" />
                <BranchPoint vc="0" uspid="2632" ordinal="28" offset="431" sl="83" path="0" offsetend="433" fileid="103" />
                <BranchPoint vc="0" uspid="2633" ordinal="29" offset="431" sl="83" path="1" offsetend="499" fileid="103" />
                <BranchPoint vc="0" uspid="2634" ordinal="30" offset="448" sl="86" path="0" offsetend="450" fileid="103" />
                <BranchPoint vc="0" uspid="2635" ordinal="31" offset="448" sl="86" path="1" offsetend="466" fileid="103" />
                <BranchPoint vc="0" uspid="2636" ordinal="32" offset="457" sl="86" path="0" offsetend="459" fileid="103" />
                <BranchPoint vc="0" uspid="2637" ordinal="33" offset="457" sl="86" path="1" offsetend="466" fileid="103" />
                <BranchPoint vc="0" uspid="2638" ordinal="34" offset="502" sl="95" path="0" offsetend="504" fileid="103" />
                <BranchPoint vc="0" uspid="2639" ordinal="35" offset="502" sl="95" path="1" offsetend="598" fileid="103" />
                <BranchPoint vc="0" uspid="2640" ordinal="36" offset="508" sl="97" path="0" offsetend="510" fileid="103" />
                <BranchPoint vc="0" uspid="2641" ordinal="37" offset="508" sl="97" path="1" offsetend="526" fileid="103" />
                <BranchPoint vc="0" uspid="2642" ordinal="38" offset="557" sl="104" path="0" offsetend="559" fileid="103" />
                <BranchPoint vc="0" uspid="2643" ordinal="39" offset="557" sl="104" path="1" offsetend="590" fileid="103" />
                <BranchPoint vc="0" uspid="2644" ordinal="40" offset="616" sl="115" path="0" offsetend="618" fileid="103" />
                <BranchPoint vc="0" uspid="2645" ordinal="41" offset="616" sl="115" path="1" offsetend="626" fileid="103" />
                <BranchPoint vc="0" uspid="2646" ordinal="42" offset="627" sl="120" path="0" offsetend="629" fileid="103" />
                <BranchPoint vc="0" uspid="2647" ordinal="43" offset="627" sl="120" path="1" offsetend="641" fileid="103" />
              </BranchPoints>
              <MethodPoint xsi:type="SequencePoint" vc="0" uspid="2555" ordinal="0" offset="0" sl="23" sc="13" el="23" ec="29" bec="2" bev="0" fileid="103" />
            </Method>
            <Method visited="false" cyclomaticComplexity="1" nPathComplexity="0" sequenceCoverage="0" branchCoverage="0" crapScore="2" isConstructor="true" isStatic="false" isGetter="false" isSetter="false">
              <Summary numSequencePoints="0" visitedSequencePoints="0" numBranchPoints="0" visitedBranchPoints="0" sequenceCoverage="0" branchCoverage="0" maxCyclomaticComplexity="1" minCyclomaticComplexity="1" maxCrapScore="2" minCrapScore="2" visitedClasses="0" numClasses="0" visitedMethods="0" numMethods="0" />
              <MetadataToken>100663689</MetadataToken>
              <Name>System.Void Humanizer.Localisation.NumberToWords.ChineseNumberToWordsConverter::.ctor()</Name>
              <SequencePoints />
              <BranchPoints />
              <MethodPoint vc="0" uspid="2648" ordinal="0" offset="0" />
            </Method>
            <Method visited="false" cyclomaticComplexity="1" nPathComplexity="0" sequenceCoverage="0" branchCoverage="0" crapScore="2" isConstructor="true" isStatic="true" isGetter="false" isSetter="false">
              <Summary numSequencePoints="1" visitedSequencePoints="0" numBranchPoints="1" visitedBranchPoints="0" sequenceCoverage="0" branchCoverage="0" maxCyclomaticComplexity="1" minCyclomaticComplexity="1" maxCrapScore="2" minCrapScore="2" visitedClasses="0" numClasses="0" visitedMethods="0" numMethods="1" />
              <MetadataToken>100663690</MetadataToken>
              <Name>System.Void Humanizer.Localisation.NumberToWords.ChineseNumberToWordsConverter::.cctor()</Name>
              <FileRef uid="103" />
              <SequencePoints>
                <SequencePoint vc="0" uspid="2649" ordinal="0" offset="0" sl="7" sc="9" el="7" ec="111" bec="0" bev="0" fileid="103" />
              </SequencePoints>
              <BranchPoints />
              <MethodPoint xsi:type="SequencePoint" vc="0" uspid="2649" ordinal="0" offset="0" sl="7" sc="9" el="7" ec="111" bec="0" bev="0" fileid="103" />
            </Method>
          </Methods>
        </Class>
        <Class>
          <Summary numSequencePoints="51" visitedSequencePoints="0" numBranchPoints="35" visitedBranchPoints="0" sequenceCoverage="0" branchCoverage="0" maxCyclomaticComplexity="16" minCyclomaticComplexity="1" maxCrapScore="272" minCrapScore="2" visitedClasses="0" numClasses="1" visitedMethods="0" numMethods="5" />
          <FullName>Humanizer.Localisation.NumberToWords.CroatianNumberToWordsConverter</FullName>
          <Methods>
            <Method visited="false" cyclomaticComplexity="1" nPathComplexity="0" sequenceCoverage="0" branchCoverage="0" crapScore="2" isConstructor="true" isStatic="false" isGetter="false" isSetter="false">
              <Summary numSequencePoints="3" visitedSequencePoints="0" numBranchPoints="1" visitedBranchPoints="0" sequenceCoverage="0" branchCoverage="0" maxCyclomaticComplexity="1" minCyclomaticComplexity="1" maxCrapScore="2" minCrapScore="2" visitedClasses="0" numClasses="0" visitedMethods="0" numMethods="1" />
              <MetadataToken>100663691</MetadataToken>
              <Name>System.Void Humanizer.Localisation.NumberToWords.CroatianNumberToWordsConverter::.ctor(System.Globalization.CultureInfo)</Name>
              <FileRef uid="104" />
              <SequencePoints>
                <SequencePoint vc="0" uspid="2650" ordinal="0" offset="0" sl="14" sc="9" el="14" ec="67" bec="0" bev="0" fileid="104" />
                <SequencePoint vc="0" uspid="2651" ordinal="1" offset="6" sl="16" sc="13" el="16" ec="32" bec="0" bev="0" fileid="104" />
                <SequencePoint vc="0" uspid="2652" ordinal="2" offset="13" sl="17" sc="9" el="17" ec="10" bec="0" bev="0" fileid="104" />
              </SequencePoints>
              <BranchPoints />
              <MethodPoint xsi:type="SequencePoint" vc="0" uspid="2650" ordinal="0" offset="0" sl="14" sc="9" el="14" ec="67" bec="0" bev="0" fileid="104" />
            </Method>
            <Method visited="false" cyclomaticComplexity="16" nPathComplexity="32768" sequenceCoverage="0" branchCoverage="0" crapScore="272" isConstructor="false" isStatic="false" isGetter="false" isSetter="false">
              <Summary numSequencePoints="41" visitedSequencePoints="0" numBranchPoints="31" visitedBranchPoints="0" sequenceCoverage="0" branchCoverage="0" maxCyclomaticComplexity="16" minCyclomaticComplexity="16" maxCrapScore="272" minCrapScore="272" visitedClasses="0" numClasses="0" visitedMethods="0" numMethods="1" />
              <MetadataToken>100663692</MetadataToken>
              <Name>System.String Humanizer.Localisation.NumberToWords.CroatianNumberToWordsConverter::Convert(System.Int64)</Name>
              <FileRef uid="104" />
              <SequencePoints>
                <SequencePoint vc="0" uspid="2653" ordinal="0" offset="0" sl="21" sc="13" el="21" ec="66" bec="3" bev="0" fileid="104" />
                <SequencePoint vc="0" uspid="2654" ordinal="1" offset="18" sl="23" sc="17" el="23" ec="53" bec="0" bev="0" fileid="104" />
                <SequencePoint vc="0" uspid="2655" ordinal="2" offset="24" sl="25" sc="13" el="25" ec="37" bec="0" bev="0" fileid="104" />
                <SequencePoint vc="0" uspid="2656" ordinal="3" offset="27" sl="26" sc="13" el="26" ec="29" bec="2" bev="0" fileid="104" />
                <SequencePoint vc="0" uspid="2657" ordinal="4" offset="30" sl="28" sc="17" el="28" ec="31" bec="0" bev="0" fileid="104" />
                <SequencePoint vc="0" uspid="2658" ordinal="5" offset="36" sl="31" sc="13" el="31" ec="28" bec="2" bev="0" fileid="104" />
                <SequencePoint vc="0" uspid="2659" ordinal="6" offset="40" sl="33" sc="17" el="33" ec="65" bec="0" bev="0" fileid="104" />
                <SequencePoint vc="0" uspid="2660" ordinal="7" offset="60" sl="36" sc="13" el="36" ec="44" bec="0" bev="0" fileid="104" />
                <SequencePoint vc="0" uspid="2661" ordinal="8" offset="66" sl="37" sc="13" el="37" ec="48" bec="0" bev="0" fileid="104" />
                <SequencePoint vc="0" uspid="2662" ordinal="9" offset="74" sl="39" sc="13" el="39" ec="30" bec="2" bev="0" fileid="104" />
                <SequencePoint vc="0" uspid="2663" ordinal="10" offset="78" sl="41" sc="17" el="41" ec="109" bec="0" bev="0" fileid="104" />
                <SequencePoint vc="0" uspid="2664" ordinal="11" offset="111" sl="42" sc="17" el="42" ec="38" bec="0" bev="0" fileid="104" />
                <SequencePoint vc="0" uspid="2665" ordinal="12" offset="119" sl="44" sc="17" el="44" ec="32" bec="2" bev="0" fileid="104" />
                <SequencePoint vc="0" uspid="2666" ordinal="13" offset="123" sl="46" sc="21" el="46" ec="36" bec="0" bev="0" fileid="104" />
                <SequencePoint vc="0" uspid="2667" ordinal="14" offset="134" sl="50" sc="13" el="50" ec="45" bec="0" bev="0" fileid="104" />
                <SequencePoint vc="0" uspid="2668" ordinal="15" offset="142" sl="52" sc="13" el="52" ec="30" bec="2" bev="0" fileid="104" />
                <SequencePoint vc="0" uspid="2669" ordinal="16" offset="146" sl="54" sc="17" el="54" ec="102" bec="0" bev="0" fileid="104" />
                <SequencePoint vc="0" uspid="2670" ordinal="17" offset="179" sl="55" sc="17" el="55" ec="35" bec="0" bev="0" fileid="104" />
                <SequencePoint vc="0" uspid="2671" ordinal="18" offset="187" sl="57" sc="17" el="57" ec="32" bec="2" bev="0" fileid="104" />
                <SequencePoint vc="0" uspid="2672" ordinal="19" offset="191" sl="59" sc="21" el="59" ec="36" bec="0" bev="0" fileid="104" />
                <SequencePoint vc="0" uspid="2673" ordinal="20" offset="202" sl="63" sc="13" el="63" ec="43" bec="0" bev="0" fileid="104" />
                <SequencePoint vc="0" uspid="2674" ordinal="21" offset="211" sl="65" sc="13" el="65" ec="31" bec="2" bev="0" fileid="104" />
                <SequencePoint vc="0" uspid="2675" ordinal="22" offset="216" sl="67" sc="17" el="67" ec="98" bec="0" bev="0" fileid="104" />
                <SequencePoint vc="0" uspid="2676" ordinal="23" offset="250" sl="68" sc="17" el="68" ec="32" bec="0" bev="0" fileid="104" />
                <SequencePoint vc="0" uspid="2677" ordinal="24" offset="258" sl="70" sc="17" el="70" ec="32" bec="2" bev="0" fileid="104" />
                <SequencePoint vc="0" uspid="2678" ordinal="25" offset="262" sl="72" sc="21" el="72" ec="36" bec="0" bev="0" fileid="104" />
                <SequencePoint vc="0" uspid="2679" ordinal="26" offset="273" sl="76" sc="13" el="76" ec="41" bec="0" bev="0" fileid="104" />
                <SequencePoint vc="0" uspid="2680" ordinal="27" offset="279" sl="78" sc="13" el="78" ec="30" bec="2" bev="0" fileid="104" />
                <SequencePoint vc="0" uspid="2681" ordinal="28" offset="284" sl="80" sc="17" el="80" ec="82" bec="0" bev="0" fileid="104" />
                <SequencePoint vc="0" uspid="2682" ordinal="29" offset="318" sl="81" sc="17" el="81" ec="31" bec="0" bev="0" fileid="104" />
                <SequencePoint vc="0" uspid="2683" ordinal="30" offset="323" sl="83" sc="17" el="83" ec="32" bec="2" bev="0" fileid="104" />
                <SequencePoint vc="0" uspid="2684" ordinal="31" offset="327" sl="85" sc="21" el="85" ec="36" bec="0" bev="0" fileid="104" />
                <SequencePoint vc="0" uspid="2685" ordinal="32" offset="338" sl="89" sc="13" el="89" ec="28" bec="2" bev="0" fileid="104" />
                <SequencePoint vc="0" uspid="2686" ordinal="33" offset="342" sl="91" sc="17" el="91" ec="33" bec="2" bev="0" fileid="104" />
                <SequencePoint vc="0" uspid="2687" ordinal="34" offset="347" sl="93" sc="21" el="93" ec="49" bec="0" bev="0" fileid="104" />
                <SequencePoint vc="0" uspid="2688" ordinal="35" offset="360" sl="94" sc="17" el="94" ec="18" bec="0" bev="0" fileid="104" />
                <SequencePoint vc="0" uspid="2689" ordinal="36" offset="362" sl="97" sc="21" el="97" ec="53" bec="0" bev="0" fileid="104" />
                <SequencePoint vc="0" uspid="2690" ordinal="37" offset="378" sl="98" sc="21" el="98" ec="45" bec="0" bev="0" fileid="104" />
                <SequencePoint vc="0" uspid="2691" ordinal="38" offset="384" sl="100" sc="21" el="100" ec="35" bec="2" bev="0" fileid="104" />
                <SequencePoint vc="0" uspid="2692" ordinal="39" offset="389" sl="102" sc="25" el="102" ec="75" bec="0" bev="0" fileid="104" />
                <SequencePoint vc="0" uspid="2693" ordinal="40" offset="413" sl="107" sc="13" el="107" ec="43" bec="0" bev="0" fileid="104" />
              </SequencePoints>
              <BranchPoints>
                <BranchPoint vc="0" uspid="2694" ordinal="0" offset="7" sl="21" path="0" offsetend="9" fileid="104" />
                <BranchPoint vc="0" uspid="2695" ordinal="1" offset="7" sl="21" path="1" offsetend="18" fileid="104" />
                <BranchPoint vc="0" uspid="2696" ordinal="2" offset="16" sl="21" path="0" offsetend="18" fileid="104" />
                <BranchPoint vc="0" uspid="2697" ordinal="3" offset="16" sl="21" path="1" offsetend="24" fileid="104" />
                <BranchPoint vc="0" uspid="2698" ordinal="4" offset="28" sl="26" path="0" offsetend="30" fileid="104" />
                <BranchPoint vc="0" uspid="2699" ordinal="5" offset="28" sl="26" path="1" offsetend="36" fileid="104" />
                <BranchPoint vc="0" uspid="2700" ordinal="6" offset="38" sl="31" path="0" offsetend="40" fileid="104" />
                <BranchPoint vc="0" uspid="2701" ordinal="7" offset="38" sl="31" path="1" offsetend="60" fileid="104" />
                <BranchPoint vc="0" uspid="2702" ordinal="8" offset="76" sl="39" path="0" offsetend="78" fileid="104" />
                <BranchPoint vc="0" uspid="2703" ordinal="9" offset="76" sl="39" path="1" offsetend="134" fileid="104" />
                <BranchPoint vc="0" uspid="2704" ordinal="10" offset="121" sl="44" path="0" offsetend="123" fileid="104" />
                <BranchPoint vc="0" uspid="2705" ordinal="11" offset="121" sl="44" path="1" offsetend="134" fileid="104" />
                <BranchPoint vc="0" uspid="2706" ordinal="12" offset="144" sl="52" path="0" offsetend="146" fileid="104" />
                <BranchPoint vc="0" uspid="2707" ordinal="13" offset="144" sl="52" path="1" offsetend="202" fileid="104" />
                <BranchPoint vc="0" uspid="2708" ordinal="14" offset="189" sl="57" path="0" offsetend="191" fileid="104" />
                <BranchPoint vc="0" uspid="2709" ordinal="15" offset="189" sl="57" path="1" offsetend="202" fileid="104" />
                <BranchPoint vc="0" uspid="2710" ordinal="16" offset="214" sl="65" path="0" offsetend="216" fileid="104" />
                <BranchPoint vc="0" uspid="2711" ordinal="17" offset="214" sl="65" path="1" offsetend="273" fileid="104" />
                <BranchPoint vc="0" uspid="2712" ordinal="18" offset="260" sl="70" path="0" offsetend="262" fileid="104" />
                <BranchPoint vc="0" uspid="2713" ordinal="19" offset="260" sl="70" path="1" offsetend="273" fileid="104" />
                <BranchPoint vc="0" uspid="2714" ordinal="20" offset="282" sl="78" path="0" offsetend="284" fileid="104" />
                <BranchPoint vc="0" uspid="2715" ordinal="21" offset="282" sl="78" path="1" offsetend="338" fileid="104" />
                <BranchPoint vc="0" uspid="2716" ordinal="22" offset="325" sl="83" path="0" offsetend="327" fileid="104" />
                <BranchPoint vc="0" uspid="2717" ordinal="23" offset="325" sl="83" path="1" offsetend="338" fileid="104" />
                <BranchPoint vc="0" uspid="2718" ordinal="24" offset="340" sl="89" path="0" offsetend="342" fileid="104" />
                <BranchPoint vc="0" uspid="2719" ordinal="25" offset="340" sl="89" path="1" offsetend="413" fileid="104" />
                <BranchPoint vc="0" uspid="2720" ordinal="26" offset="345" sl="91" path="0" offsetend="347" fileid="104" />
                <BranchPoint vc="0" uspid="2721" ordinal="27" offset="345" sl="91" path="1" offsetend="362" fileid="104" />
                <BranchPoint vc="0" uspid="2722" ordinal="28" offset="387" sl="100" path="0" offsetend="389" fileid="104" />
                <BranchPoint vc="0" uspid="2723" ordinal="29" offset="387" sl="100" path="1" offsetend="413" fileid="104" />
              </BranchPoints>
              <MethodPoint xsi:type="SequencePoint" vc="0" uspid="2653" ordinal="0" offset="0" sl="21" sc="13" el="21" ec="66" bec="3" bev="0" fileid="104" />
            </Method>
            <Method visited="false" cyclomaticComplexity="1" nPathComplexity="0" sequenceCoverage="0" branchCoverage="0" crapScore="2" isConstructor="false" isStatic="false" isGetter="false" isSetter="false">
              <Summary numSequencePoints="1" visitedSequencePoints="0" numBranchPoints="1" visitedBranchPoints="0" sequenceCoverage="0" branchCoverage="0" maxCyclomaticComplexity="1" minCyclomaticComplexity="1" maxCrapScore="2" minCrapScore="2" visitedClasses="0" numClasses="0" visitedMethods="0" numMethods="1" />
              <MetadataToken>100663693</MetadataToken>
              <Name>System.String Humanizer.Localisation.NumberToWords.CroatianNumberToWordsConverter::ConvertToOrdinal(System.Int32)</Name>
              <FileRef uid="104" />
              <SequencePoints>
                <SequencePoint vc="0" uspid="2724" ordinal="0" offset="0" sl="113" sc="13" el="113" ec="46" bec="0" bev="0" fileid="104" />
              </SequencePoints>
              <BranchPoints />
              <MethodPoint xsi:type="SequencePoint" vc="0" uspid="2724" ordinal="0" offset="0" sl="113" sc="13" el="113" ec="46" bec="0" bev="0" fileid="104" />
            </Method>
            <Method visited="false" cyclomaticComplexity="5" nPathComplexity="0" sequenceCoverage="0" branchCoverage="0" crapScore="30" isConstructor="false" isStatic="false" isGetter="false" isSetter="false">
              <Summary numSequencePoints="4" visitedSequencePoints="0" numBranchPoints="1" visitedBranchPoints="0" sequenceCoverage="0" branchCoverage="0" maxCyclomaticComplexity="5" minCyclomaticComplexity="5" maxCrapScore="30" minCrapScore="30" visitedClasses="0" numClasses="0" visitedMethods="0" numMethods="1" />
              <MetadataToken>100663694</MetadataToken>
              <Name>System.String Humanizer.Localisation.NumberToWords.CroatianNumberToWordsConverter::Part(System.String,System.String,System.String,System.String,System.Int32)</Name>
              <FileRef uid="104" />
              <SequencePoints>
                <SequencePoint vc="0" uspid="2725" ordinal="0" offset="27" sl="121" sc="21" el="121" ec="37" bec="0" bev="0" fileid="104" />
                <SequencePoint vc="0" uspid="2726" ordinal="1" offset="29" sl="123" sc="21" el="123" ec="33" bec="0" bev="0" fileid="104" />
                <SequencePoint vc="0" uspid="2727" ordinal="2" offset="31" sl="126" sc="21" el="126" ec="73" bec="0" bev="0" fileid="104" />
                <SequencePoint vc="0" uspid="2728" ordinal="3" offset="47" sl="128" sc="21" el="128" ec="67" bec="0" bev="0" fileid="104" />
              </SequencePoints>
              <BranchPoints />
              <MethodPoint vc="0" uspid="2734" ordinal="0" offset="0" />
            </Method>
            <Method visited="false" cyclomaticComplexity="1" nPathComplexity="0" sequenceCoverage="0" branchCoverage="0" crapScore="2" isConstructor="true" isStatic="true" isGetter="false" isSetter="false">
              <Summary numSequencePoints="2" visitedSequencePoints="0" numBranchPoints="1" visitedBranchPoints="0" sequenceCoverage="0" branchCoverage="0" maxCyclomaticComplexity="1" minCyclomaticComplexity="1" maxCrapScore="2" minCrapScore="2" visitedClasses="0" numClasses="0" visitedMethods="0" numMethods="1" />
              <MetadataToken>100663695</MetadataToken>
              <Name>System.Void Humanizer.Localisation.NumberToWords.CroatianNumberToWordsConverter::.cctor()</Name>
              <FileRef uid="104" />
              <SequencePoints>
                <SequencePoint vc="0" uspid="2735" ordinal="0" offset="0" sl="9" sc="9" el="9" ec="263" bec="0" bev="0" fileid="104" />
                <SequencePoint vc="0" uspid="2736" ordinal="1" offset="183" sl="10" sc="9" el="10" ec="175" bec="0" bev="0" fileid="104" />
              </SequencePoints>
              <BranchPoints />
              <MethodPoint xsi:type="SequencePoint" vc="0" uspid="2735" ordinal="0" offset="0" sl="9" sc="9" el="9" ec="263" bec="0" bev="0" fileid="104" />
            </Method>
          </Methods>
        </Class>
        <Class>
          <Summary numSequencePoints="51" visitedSequencePoints="0" numBranchPoints="37" visitedBranchPoints="0" sequenceCoverage="0" branchCoverage="0" maxCyclomaticComplexity="8" minCyclomaticComplexity="1" maxCrapScore="72" minCrapScore="2" visitedClasses="0" numClasses="1" visitedMethods="0" numMethods="7" />
          <FullName>Humanizer.Localisation.NumberToWords.CzechNumberToWordsConverter</FullName>
          <Methods>
            <Method visited="false" cyclomaticComplexity="1" nPathComplexity="0" sequenceCoverage="0" branchCoverage="0" crapScore="2" isConstructor="true" isStatic="false" isGetter="false" isSetter="false">
              <Summary numSequencePoints="3" visitedSequencePoints="0" numBranchPoints="1" visitedBranchPoints="0" sequenceCoverage="0" branchCoverage="0" maxCyclomaticComplexity="1" minCyclomaticComplexity="1" maxCrapScore="2" minCrapScore="2" visitedClasses="0" numClasses="0" visitedMethods="0" numMethods="1" />
              <MetadataToken>100663696</MetadataToken>
              <Name>System.Void Humanizer.Localisation.NumberToWords.CzechNumberToWordsConverter::.ctor(System.Globalization.CultureInfo)</Name>
              <FileRef uid="105" />
              <SequencePoints>
                <SequencePoint vc="0" uspid="2737" ordinal="0" offset="0" sl="24" sc="9" el="24" ec="64" bec="0" bev="0" fileid="105" />
                <SequencePoint vc="0" uspid="2738" ordinal="1" offset="7" sl="26" sc="13" el="26" ec="32" bec="0" bev="0" fileid="105" />
                <SequencePoint vc="0" uspid="2739" ordinal="2" offset="14" sl="27" sc="9" el="27" ec="10" bec="0" bev="0" fileid="105" />
              </SequencePoints>
              <BranchPoints />
              <MethodPoint xsi:type="SequencePoint" vc="0" uspid="2737" ordinal="0" offset="0" sl="24" sc="9" el="24" ec="64" bec="0" bev="0" fileid="105" />
            </Method>
            <Method visited="false" cyclomaticComplexity="3" nPathComplexity="4" sequenceCoverage="0" branchCoverage="0" crapScore="12" isConstructor="false" isStatic="false" isGetter="false" isSetter="false">
              <Summary numSequencePoints="11" visitedSequencePoints="0" numBranchPoints="5" visitedBranchPoints="0" sequenceCoverage="0" branchCoverage="0" maxCyclomaticComplexity="3" minCyclomaticComplexity="3" maxCrapScore="12" minCrapScore="12" visitedClasses="0" numClasses="0" visitedMethods="0" numMethods="1" />
              <MetadataToken>100663697</MetadataToken>
              <Name>System.String Humanizer.Localisation.NumberToWords.CzechNumberToWordsConverter::Convert(System.Int64,Humanizer.GrammaticalGender)</Name>
              <FileRef uid="105" />
              <SequencePoints>
                <SequencePoint vc="0" uspid="2740" ordinal="0" offset="0" sl="31" sc="13" el="31" ec="29" bec="2" bev="0" fileid="105" />
                <SequencePoint vc="0" uspid="2741" ordinal="1" offset="3" sl="33" sc="17" el="33" ec="53" bec="0" bev="0" fileid="105" />
                <SequencePoint vc="0" uspid="2742" ordinal="2" offset="17" sl="36" sc="13" el="36" ec="44" bec="0" bev="0" fileid="105" />
                <SequencePoint vc="0" uspid="2743" ordinal="3" offset="23" sl="37" sc="13" el="37" ec="28" bec="2" bev="0" fileid="105" />
                <SequencePoint vc="0" uspid="2744" ordinal="4" offset="28" sl="39" sc="17" el="39" ec="36" bec="0" bev="0" fileid="105" />
                <SequencePoint vc="0" uspid="2745" ordinal="5" offset="39" sl="40" sc="17" el="40" ec="34" bec="0" bev="0" fileid="105" />
                <SequencePoint vc="0" uspid="2746" ordinal="6" offset="43" sl="43" sc="13" el="43" ec="112" bec="0" bev="0" fileid="105" />
                <SequencePoint vc="0" uspid="2747" ordinal="7" offset="64" sl="44" sc="13" el="44" ec="109" bec="0" bev="0" fileid="105" />
                <SequencePoint vc="0" uspid="2748" ordinal="8" offset="85" sl="45" sc="13" el="45" ec="106" bec="0" bev="0" fileid="105" />
                <SequencePoint vc="0" uspid="2749" ordinal="9" offset="106" sl="47" sc="13" el="47" ec="60" bec="0" bev="0" fileid="105" />
                <SequencePoint vc="0" uspid="2750" ordinal="10" offset="120" sl="49" sc="13" el="49" ec="44" bec="0" bev="0" fileid="105" />
              </SequencePoints>
              <BranchPoints>
                <BranchPoint vc="0" uspid="2751" ordinal="0" offset="1" sl="31" path="0" offsetend="3" fileid="105" />
                <BranchPoint vc="0" uspid="2752" ordinal="1" offset="1" sl="31" path="1" offsetend="17" fileid="105" />
                <BranchPoint vc="0" uspid="2753" ordinal="2" offset="26" sl="37" path="0" offsetend="28" fileid="105" />
                <BranchPoint vc="0" uspid="2754" ordinal="3" offset="26" sl="37" path="1" offsetend="43" fileid="105" />
              </BranchPoints>
              <MethodPoint xsi:type="SequencePoint" vc="0" uspid="2740" ordinal="0" offset="0" sl="31" sc="13" el="31" ec="29" bec="2" bev="0" fileid="105" />
            </Method>
            <Method visited="false" cyclomaticComplexity="1" nPathComplexity="0" sequenceCoverage="0" branchCoverage="0" crapScore="2" isConstructor="false" isStatic="false" isGetter="false" isSetter="false">
              <Summary numSequencePoints="1" visitedSequencePoints="0" numBranchPoints="1" visitedBranchPoints="0" sequenceCoverage="0" branchCoverage="0" maxCyclomaticComplexity="1" minCyclomaticComplexity="1" maxCrapScore="2" minCrapScore="2" visitedClasses="0" numClasses="0" visitedMethods="0" numMethods="1" />
              <MetadataToken>100663698</MetadataToken>
              <Name>System.String Humanizer.Localisation.NumberToWords.CzechNumberToWordsConverter::ConvertToOrdinal(System.Int32,Humanizer.GrammaticalGender)</Name>
              <FileRef uid="105" />
              <SequencePoints>
                <SequencePoint vc="0" uspid="2755" ordinal="0" offset="0" sl="54" sc="13" el="54" ec="46" bec="0" bev="0" fileid="105" />
              </SequencePoints>
              <BranchPoints />
              <MethodPoint xsi:type="SequencePoint" vc="0" uspid="2755" ordinal="0" offset="0" sl="54" sc="13" el="54" ec="46" bec="0" bev="0" fileid="105" />
            </Method>
            <Method visited="false" cyclomaticComplexity="8" nPathComplexity="32" sequenceCoverage="0" branchCoverage="0" crapScore="72" isConstructor="false" isStatic="false" isGetter="false" isSetter="false">
              <Summary numSequencePoints="3" visitedSequencePoints="0" numBranchPoints="11" visitedBranchPoints="0" sequenceCoverage="0" branchCoverage="0" maxCyclomaticComplexity="8" minCyclomaticComplexity="8" maxCrapScore="72" minCrapScore="72" visitedClasses="0" numClasses="0" visitedMethods="0" numMethods="1" />
              <MetadataToken>100663699</MetadataToken>
              <Name>System.String Humanizer.Localisation.NumberToWords.CzechNumberToWordsConverter::UnitByGender(System.Int64,System.Nullable`1&lt;Humanizer.GrammaticalGender&gt;)</Name>
              <FileRef uid="105" />
              <SequencePoints>
                <SequencePoint vc="0" uspid="2756" ordinal="0" offset="0" sl="59" sc="13" el="59" ec="44" bec="3" bev="0" fileid="105" />
                <SequencePoint vc="0" uspid="2757" ordinal="1" offset="10" sl="61" sc="17" el="61" ec="41" bec="0" bev="0" fileid="105" />
                <SequencePoint vc="0" uspid="2758" ordinal="2" offset="19" sl="64" sc="13" el="71" ec="15" bec="6" bev="0" fileid="105" />
              </SequencePoints>
              <BranchPoints>
                <BranchPoint vc="0" uspid="2759" ordinal="0" offset="3" sl="59" path="0" offsetend="5" fileid="105" />
                <BranchPoint vc="0" uspid="2760" ordinal="1" offset="3" sl="59" path="1" offsetend="19" fileid="105" />
                <BranchPoint vc="0" uspid="2761" ordinal="2" offset="8" sl="59" path="0" offsetend="10" fileid="105" />
                <BranchPoint vc="0" uspid="2762" ordinal="3" offset="8" sl="59" path="1" offsetend="19" fileid="105" />
                <BranchPoint vc="0" uspid="2763" ordinal="4" offset="26" sl="64" path="0" offsetend="28" fileid="105" />
                <BranchPoint vc="0" uspid="2764" ordinal="5" offset="26" sl="64" path="1" offsetend="98" fileid="105" />
                <BranchPoint vc="0" uspid="2765" ordinal="6" offset="37" sl="64" path="0" offsetchain="54" offsetend="112" fileid="105" />
                <BranchPoint vc="0" uspid="2766" ordinal="7" offset="37" sl="64" path="1" offsetend="56" fileid="105" />
                <BranchPoint vc="0" uspid="2767" ordinal="8" offset="37" sl="64" path="2" offsetend="70" fileid="105" />
                <BranchPoint vc="0" uspid="2768" ordinal="9" offset="37" sl="64" path="3" offsetend="84" fileid="105" />
              </BranchPoints>
              <MethodPoint xsi:type="SequencePoint" vc="0" uspid="2756" ordinal="0" offset="0" sl="59" sc="13" el="59" ec="44" bec="3" bev="0" fileid="105" />
            </Method>
            <Method visited="false" cyclomaticComplexity="4" nPathComplexity="8" sequenceCoverage="0" branchCoverage="0" crapScore="20" isConstructor="false" isStatic="false" isGetter="false" isSetter="false">
              <Summary numSequencePoints="9" visitedSequencePoints="0" numBranchPoints="7" visitedBranchPoints="0" sequenceCoverage="0" branchCoverage="0" maxCyclomaticComplexity="4" minCyclomaticComplexity="4" maxCrapScore="20" minCrapScore="20" visitedClasses="0" numClasses="0" visitedMethods="0" numMethods="1" />
              <MetadataToken>100663700</MetadataToken>
              <Name>System.Void Humanizer.Localisation.NumberToWords.CzechNumberToWordsConverter::CollectLessThanThousand(System.Collections.Generic.List`1&lt;System.String&gt;,System.Int64,System.Nullable`1&lt;Humanizer.GrammaticalGender&gt;)</Name>
              <FileRef uid="105" />
              <SequencePoints>
                <SequencePoint vc="0" uspid="2769" ordinal="0" offset="0" sl="76" sc="13" el="76" ec="31" bec="2" bev="0" fileid="105" />
                <SequencePoint vc="0" uspid="2770" ordinal="1" offset="6" sl="78" sc="17" el="78" ec="54" bec="0" bev="0" fileid="105" />
                <SequencePoint vc="0" uspid="2771" ordinal="2" offset="24" sl="79" sc="17" el="79" ec="31" bec="0" bev="0" fileid="105" />
                <SequencePoint vc="0" uspid="2772" ordinal="3" offset="31" sl="82" sc="13" el="82" ec="30" bec="2" bev="0" fileid="105" />
                <SequencePoint vc="0" uspid="2773" ordinal="4" offset="37" sl="84" sc="17" el="84" ec="49" bec="0" bev="0" fileid="105" />
                <SequencePoint vc="0" uspid="2774" ordinal="5" offset="55" sl="85" sc="17" el="85" ec="30" bec="0" bev="0" fileid="105" />
                <SequencePoint vc="0" uspid="2775" ordinal="6" offset="62" sl="88" sc="13" el="88" ec="28" bec="2" bev="0" fileid="105" />
                <SequencePoint vc="0" uspid="2776" ordinal="7" offset="67" sl="90" sc="17" el="90" ec="57" bec="0" bev="0" fileid="105" />
                <SequencePoint vc="0" uspid="2777" ordinal="8" offset="81" sl="92" sc="9" el="92" ec="10" bec="0" bev="0" fileid="105" />
              </SequencePoints>
              <BranchPoints>
                <BranchPoint vc="0" uspid="2778" ordinal="0" offset="4" sl="76" path="0" offsetend="6" fileid="105" />
                <BranchPoint vc="0" uspid="2779" ordinal="1" offset="4" sl="76" path="1" offsetend="31" fileid="105" />
                <BranchPoint vc="0" uspid="2780" ordinal="2" offset="35" sl="82" path="0" offsetend="37" fileid="105" />
                <BranchPoint vc="0" uspid="2781" ordinal="3" offset="35" sl="82" path="1" offsetend="62" fileid="105" />
                <BranchPoint vc="0" uspid="2782" ordinal="4" offset="65" sl="88" path="0" offsetend="67" fileid="105" />
                <BranchPoint vc="0" uspid="2783" ordinal="5" offset="65" sl="88" path="1" offsetend="81" fileid="105" />
              </BranchPoints>
              <MethodPoint xsi:type="SequencePoint" vc="0" uspid="2769" ordinal="0" offset="0" sl="76" sc="13" el="76" ec="31" bec="2" bev="0" fileid="105" />
            </Method>
            <Method visited="false" cyclomaticComplexity="7" nPathComplexity="32" sequenceCoverage="0" branchCoverage="0" crapScore="56" isConstructor="false" isStatic="false" isGetter="false" isSetter="false">
              <Summary numSequencePoints="14" visitedSequencePoints="0" numBranchPoints="11" visitedBranchPoints="0" sequenceCoverage="0" branchCoverage="0" maxCyclomaticComplexity="7" minCyclomaticComplexity="7" maxCrapScore="56" minCrapScore="56" visitedClasses="0" numClasses="0" visitedMethods="0" numMethods="1" />
              <MetadataToken>100663701</MetadataToken>
              <Name>System.Void Humanizer.Localisation.NumberToWords.CzechNumberToWordsConverter::CollectThousandAndAbove(System.Collections.Generic.List`1&lt;System.String&gt;,System.Int64&amp;,System.Int64,Humanizer.GrammaticalGender,System.String[])</Name>
              <FileRef uid="105" />
              <SequencePoints>
                <SequencePoint vc="0" uspid="2784" ordinal="0" offset="0" sl="96" sc="13" el="96" ec="38" bec="0" bev="0" fileid="105" />
                <SequencePoint vc="0" uspid="2785" ordinal="1" offset="5" sl="98" sc="13" el="98" ec="24" bec="2" bev="0" fileid="105" />
                <SequencePoint vc="0" uspid="2786" ordinal="2" offset="10" sl="100" sc="17" el="100" ec="24" bec="0" bev="0" fileid="105" />
                <SequencePoint vc="0" uspid="2787" ordinal="3" offset="11" sl="103" sc="13" el="103" ec="91" bec="2" bev="0" fileid="105" />
                <SequencePoint vc="0" uspid="2788" ordinal="4" offset="43" sl="105" sc="13" el="105" ec="34" bec="0" bev="0" fileid="105" />
                <SequencePoint vc="0" uspid="2789" ordinal="5" offset="52" sl="107" sc="13" el="107" ec="28" bec="2" bev="0" fileid="105" />
                <SequencePoint vc="0" uspid="2790" ordinal="6" offset="57" sl="109" sc="17" el="109" ec="35" bec="0" bev="0" fileid="105" />
                <SequencePoint vc="0" uspid="2791" ordinal="7" offset="67" sl="110" sc="13" el="110" ec="14" bec="0" bev="0" fileid="105" />
                <SequencePoint vc="0" uspid="2792" ordinal="8" offset="69" sl="111" sc="18" el="111" ec="45" bec="3" bev="0" fileid="105" />
                <SequencePoint vc="0" uspid="2793" ordinal="9" offset="79" sl="113" sc="17" el="113" ec="35" bec="0" bev="0" fileid="105" />
                <SequencePoint vc="0" uspid="2794" ordinal="10" offset="89" sl="114" sc="13" el="114" ec="14" bec="0" bev="0" fileid="105" />
                <SequencePoint vc="0" uspid="2795" ordinal="11" offset="91" sl="117" sc="17" el="117" ec="35" bec="0" bev="0" fileid="105" />
                <SequencePoint vc="0" uspid="2796" ordinal="12" offset="101" sl="120" sc="13" el="120" ec="31" bec="0" bev="0" fileid="105" />
                <SequencePoint vc="0" uspid="2797" ordinal="13" offset="107" sl="121" sc="9" el="121" ec="10" bec="0" bev="0" fileid="105" />
              </SequencePoints>
              <BranchPoints>
                <BranchPoint vc="0" uspid="2798" ordinal="0" offset="8" sl="98" path="0" offsetend="10" fileid="105" />
                <BranchPoint vc="0" uspid="2799" ordinal="1" offset="8" sl="98" path="1" offsetend="11" fileid="105" />
                <BranchPoint vc="0" uspid="2800" ordinal="2" offset="18" sl="103" path="0" offsetend="20" fileid="105" />
                <BranchPoint vc="0" uspid="2801" ordinal="3" offset="18" sl="103" path="1" offsetend="31" fileid="105" />
                <BranchPoint vc="0" uspid="2802" ordinal="4" offset="55" sl="107" path="0" offsetend="57" fileid="105" />
                <BranchPoint vc="0" uspid="2803" ordinal="5" offset="55" sl="107" path="1" offsetend="69" fileid="105" />
                <BranchPoint vc="0" uspid="2804" ordinal="6" offset="72" sl="111" path="0" offsetend="74" fileid="105" />
                <BranchPoint vc="0" uspid="2805" ordinal="7" offset="72" sl="111" path="1" offsetend="91" fileid="105" />
                <BranchPoint vc="0" uspid="2806" ordinal="8" offset="77" sl="111" path="0" offsetend="79" fileid="105" />
                <BranchPoint vc="0" uspid="2807" ordinal="9" offset="77" sl="111" path="1" offsetend="91" fileid="105" />
              </BranchPoints>
              <MethodPoint xsi:type="SequencePoint" vc="0" uspid="2784" ordinal="0" offset="0" sl="96" sc="13" el="96" ec="38" bec="0" bev="0" fileid="105" />
            </Method>
            <Method visited="false" cyclomaticComplexity="1" nPathComplexity="0" sequenceCoverage="0" branchCoverage="0" crapScore="2" isConstructor="true" isStatic="true" isGetter="false" isSetter="false">
              <Summary numSequencePoints="10" visitedSequencePoints="0" numBranchPoints="1" visitedBranchPoints="0" sequenceCoverage="0" branchCoverage="0" maxCyclomaticComplexity="1" minCyclomaticComplexity="1" maxCrapScore="2" minCrapScore="2" visitedClasses="0" numClasses="0" visitedMethods="0" numMethods="1" />
              <MetadataToken>100663702</MetadataToken>
              <Name>System.Void Humanizer.Localisation.NumberToWords.CzechNumberToWordsConverter::.cctor()</Name>
              <FileRef uid="105" />
              <SequencePoints>
                <SequencePoint vc="0" uspid="2808" ordinal="0" offset="0" sl="10" sc="9" el="10" ec="94" bec="0" bev="0" fileid="105" />
                <SequencePoint vc="0" uspid="2809" ordinal="1" offset="35" sl="11" sc="9" el="11" ec="91" bec="0" bev="0" fileid="105" />
                <SequencePoint vc="0" uspid="2810" ordinal="2" offset="70" sl="12" sc="9" el="12" ec="88" bec="0" bev="0" fileid="105" />
                <SequencePoint vc="0" uspid="2811" ordinal="3" offset="105" sl="13" sc="9" el="13" ec="168" bec="0" bev="0" fileid="105" />
                <SequencePoint vc="0" uspid="2812" ordinal="4" offset="198" sl="14" sc="9" el="14" ec="164" bec="0" bev="0" fileid="105" />
                <SequencePoint vc="0" uspid="2813" ordinal="5" offset="291" sl="15" sc="9" el="15" ec="249" bec="0" bev="0" fileid="105" />
                <SequencePoint vc="0" uspid="2814" ordinal="6" offset="474" sl="17" sc="9" el="17" ec="89" bec="0" bev="0" fileid="105" />
                <SequencePoint vc="0" uspid="2815" ordinal="7" offset="501" sl="18" sc="9" el="18" ec="88" bec="0" bev="0" fileid="105" />
                <SequencePoint vc="0" uspid="2816" ordinal="8" offset="528" sl="19" sc="9" el="19" ec="83" bec="0" bev="0" fileid="105" />
                <SequencePoint vc="0" uspid="2817" ordinal="9" offset="555" sl="20" sc="9" el="20" ec="82" bec="0" bev="0" fileid="105" />
              </SequencePoints>
              <BranchPoints />
              <MethodPoint xsi:type="SequencePoint" vc="0" uspid="2808" ordinal="0" offset="0" sl="10" sc="9" el="10" ec="94" bec="0" bev="0" fileid="105" />
            </Method>
          </Methods>
        </Class>
        <Class>
          <Summary numSequencePoints="5" visitedSequencePoints="0" numBranchPoints="3" visitedBranchPoints="0" sequenceCoverage="0" branchCoverage="0" maxCyclomaticComplexity="1" minCyclomaticComplexity="1" maxCrapScore="2" minCrapScore="2" visitedClasses="0" numClasses="1" visitedMethods="0" numMethods="3" />
          <FullName>Humanizer.Localisation.NumberToWords.DefaultNumberToWordsConverter</FullName>
          <Methods>
            <Method visited="false" cyclomaticComplexity="1" nPathComplexity="0" sequenceCoverage="0" branchCoverage="0" crapScore="2" isConstructor="true" isStatic="false" isGetter="false" isSetter="false">
              <Summary numSequencePoints="3" visitedSequencePoints="0" numBranchPoints="1" visitedBranchPoints="0" sequenceCoverage="0" branchCoverage="0" maxCyclomaticComplexity="1" minCyclomaticComplexity="1" maxCrapScore="2" minCrapScore="2" visitedClasses="0" numClasses="0" visitedMethods="0" numMethods="1" />
              <MetadataToken>100663703</MetadataToken>
              <Name>System.Void Humanizer.Localisation.NumberToWords.DefaultNumberToWordsConverter::.ctor(System.Globalization.CultureInfo)</Name>
              <FileRef uid="106" />
              <SequencePoints>
                <SequencePoint vc="0" uspid="2818" ordinal="0" offset="0" sl="13" sc="9" el="13" ec="66" bec="0" bev="0" fileid="106" />
                <SequencePoint vc="0" uspid="2819" ordinal="1" offset="6" sl="15" sc="13" el="15" ec="32" bec="0" bev="0" fileid="106" />
                <SequencePoint vc="0" uspid="2820" ordinal="2" offset="13" sl="16" sc="9" el="16" ec="10" bec="0" bev="0" fileid="106" />
              </SequencePoints>
              <BranchPoints />
              <MethodPoint xsi:type="SequencePoint" vc="0" uspid="2818" ordinal="0" offset="0" sl="13" sc="9" el="13" ec="66" bec="0" bev="0" fileid="106" />
            </Method>
            <Method visited="false" cyclomaticComplexity="1" nPathComplexity="0" sequenceCoverage="0" branchCoverage="0" crapScore="2" isConstructor="false" isStatic="false" isGetter="false" isSetter="false">
              <Summary numSequencePoints="1" visitedSequencePoints="0" numBranchPoints="1" visitedBranchPoints="0" sequenceCoverage="0" branchCoverage="0" maxCyclomaticComplexity="1" minCyclomaticComplexity="1" maxCrapScore="2" minCrapScore="2" visitedClasses="0" numClasses="0" visitedMethods="0" numMethods="1" />
              <MetadataToken>100663704</MetadataToken>
              <Name>System.String Humanizer.Localisation.NumberToWords.DefaultNumberToWordsConverter::Convert(System.Int64)</Name>
              <FileRef uid="106" />
              <SequencePoints>
                <SequencePoint vc="0" uspid="2821" ordinal="0" offset="0" sl="25" sc="13" el="25" ec="46" bec="0" bev="0" fileid="106" />
              </SequencePoints>
              <BranchPoints />
              <MethodPoint xsi:type="SequencePoint" vc="0" uspid="2821" ordinal="0" offset="0" sl="25" sc="13" el="25" ec="46" bec="0" bev="0" fileid="106" />
            </Method>
            <Method visited="false" cyclomaticComplexity="1" nPathComplexity="0" sequenceCoverage="0" branchCoverage="0" crapScore="2" isConstructor="false" isStatic="false" isGetter="false" isSetter="false">
              <Summary numSequencePoints="1" visitedSequencePoints="0" numBranchPoints="1" visitedBranchPoints="0" sequenceCoverage="0" branchCoverage="0" maxCyclomaticComplexity="1" minCyclomaticComplexity="1" maxCrapScore="2" minCrapScore="2" visitedClasses="0" numClasses="0" visitedMethods="0" numMethods="1" />
              <MetadataToken>100663705</MetadataToken>
              <Name>System.String Humanizer.Localisation.NumberToWords.DefaultNumberToWordsConverter::ConvertToOrdinal(System.Int32)</Name>
              <FileRef uid="106" />
              <SequencePoints>
                <SequencePoint vc="0" uspid="2822" ordinal="0" offset="0" sl="35" sc="13" el="35" ec="46" bec="0" bev="0" fileid="106" />
              </SequencePoints>
              <BranchPoints />
              <MethodPoint xsi:type="SequencePoint" vc="0" uspid="2822" ordinal="0" offset="0" sl="35" sc="13" el="35" ec="46" bec="0" bev="0" fileid="106" />
            </Method>
          </Methods>
        </Class>
        <Class>
          <Summary numSequencePoints="45" visitedSequencePoints="0" numBranchPoints="27" visitedBranchPoints="0" sequenceCoverage="0" branchCoverage="0" maxCyclomaticComplexity="13" minCyclomaticComplexity="1" maxCrapScore="182" minCrapScore="2" visitedClasses="0" numClasses="1" visitedMethods="0" numMethods="3" />
          <FullName>Humanizer.Localisation.NumberToWords.DutchNumberToWordsConverter</FullName>
          <Methods>
            <Method visited="false" cyclomaticComplexity="13" nPathComplexity="1024" sequenceCoverage="0" branchCoverage="0" crapScore="182" isConstructor="false" isStatic="false" isGetter="false" isSetter="false">
              <Summary numSequencePoints="31" visitedSequencePoints="0" numBranchPoints="21" visitedBranchPoints="0" sequenceCoverage="0" branchCoverage="0" maxCyclomaticComplexity="13" minCyclomaticComplexity="13" maxCrapScore="182" minCrapScore="182" visitedClasses="0" numClasses="0" visitedMethods="0" numMethods="1" />
              <MetadataToken>100663706</MetadataToken>
              <Name>System.String Humanizer.Localisation.NumberToWords.DutchNumberToWordsConverter::Convert(System.Int64)</Name>
              <FileRef uid="107" />
              <SequencePoints>
                <SequencePoint vc="0" uspid="2823" ordinal="0" offset="0" sl="40" sc="13" el="40" ec="32" bec="0" bev="0" fileid="107" />
                <SequencePoint vc="0" uspid="2824" ordinal="1" offset="2" sl="42" sc="13" el="42" ec="29" bec="2" bev="0" fileid="107" />
                <SequencePoint vc="0" uspid="2825" ordinal="2" offset="5" sl="44" sc="17" el="44" ec="36" bec="0" bev="0" fileid="107" />
                <SequencePoint vc="0" uspid="2826" ordinal="3" offset="13" sl="47" sc="13" el="47" ec="28" bec="2" bev="0" fileid="107" />
                <SequencePoint vc="0" uspid="2827" ordinal="4" offset="18" sl="49" sc="17" el="49" ec="67" bec="0" bev="0" fileid="107" />
                <SequencePoint vc="0" uspid="2828" ordinal="5" offset="37" sl="52" sc="13" el="52" ec="27" bec="0" bev="0" fileid="107" />
                <SequencePoint vc="0" uspid="2829" ordinal="6" offset="43" sl="54" sc="31" el="54" ec="39" bec="0" bev="0" fileid="107" />
                <SequencePoint vc="0" uspid="2830" ordinal="7" offset="53" sl="54" sc="22" el="54" ec="27" bec="0" bev="0" fileid="107" />
                <SequencePoint vc="0" uspid="2831" ordinal="8" offset="58" sl="56" sc="17" el="56" ec="48" bec="0" bev="0" fileid="107" />
                <SequencePoint vc="0" uspid="2832" ordinal="9" offset="69" sl="58" sc="17" el="58" ec="34" bec="2" bev="0" fileid="107" />
                <SequencePoint vc="0" uspid="2833" ordinal="10" offset="75" sl="63" sc="17" el="63" ec="55" bec="3" bev="0" fileid="107" />
                <SequencePoint vc="0" uspid="2834" ordinal="11" offset="90" sl="65" sc="21" el="65" ec="36" bec="0" bev="0" fileid="107" />
                <SequencePoint vc="0" uspid="2835" ordinal="12" offset="104" sl="66" sc="17" el="66" ec="18" bec="0" bev="0" fileid="107" />
                <SequencePoint vc="0" uspid="2836" ordinal="13" offset="106" sl="69" sc="21" el="69" ec="66" bec="0" bev="0" fileid="107" />
                <SequencePoint vc="0" uspid="2837" ordinal="14" offset="135" sl="72" sc="17" el="72" ec="35" bec="0" bev="0" fileid="107" />
                <SequencePoint vc="0" uspid="2838" ordinal="15" offset="145" sl="73" sc="17" el="73" ec="32" bec="2" bev="0" fileid="107" />
                <SequencePoint vc="0" uspid="2839" ordinal="16" offset="150" sl="75" sc="21" el="75" ec="39" bec="0" bev="0" fileid="107" />
                <SequencePoint vc="0" uspid="2840" ordinal="17" offset="168" sl="54" sc="28" el="54" ec="30" bec="0" bev="0" fileid="107" />
                <SequencePoint vc="0" uspid="2841" ordinal="18" offset="174" sl="79" sc="13" el="79" ec="28" bec="2" bev="0" fileid="107" />
                <SequencePoint vc="0" uspid="2842" ordinal="19" offset="179" sl="81" sc="17" el="81" ec="33" bec="2" bev="0" fileid="107" />
                <SequencePoint vc="0" uspid="2843" ordinal="20" offset="185" sl="83" sc="21" el="83" ec="46" bec="0" bev="0" fileid="107" />
                <SequencePoint vc="0" uspid="2844" ordinal="21" offset="200" sl="84" sc="17" el="84" ec="18" bec="0" bev="0" fileid="107" />
                <SequencePoint vc="0" uspid="2845" ordinal="22" offset="202" sl="87" sc="21" el="87" ec="53" bec="0" bev="0" fileid="107" />
                <SequencePoint vc="0" uspid="2846" ordinal="23" offset="216" sl="88" sc="21" el="88" ec="44" bec="0" bev="0" fileid="107" />
                <SequencePoint vc="0" uspid="2847" ordinal="24" offset="223" sl="89" sc="21" el="89" ec="34" bec="2" bev="0" fileid="107" />
                <SequencePoint vc="0" uspid="2848" ordinal="25" offset="229" sl="91" sc="25" el="91" ec="52" bec="0" bev="0" fileid="107" />
                <SequencePoint vc="0" uspid="2849" ordinal="26" offset="240" sl="92" sc="25" el="92" ec="57" bec="0" bev="0" fileid="107" />
                <SequencePoint vc="0" uspid="2850" ordinal="27" offset="254" sl="93" sc="25" el="93" ec="70" bec="2" bev="0" fileid="107" />
                <SequencePoint vc="0" uspid="2851" ordinal="28" offset="281" sl="94" sc="21" el="94" ec="22" bec="0" bev="0" fileid="107" />
                <SequencePoint vc="0" uspid="2852" ordinal="29" offset="283" sl="97" sc="25" el="97" ec="38" bec="0" bev="0" fileid="107" />
                <SequencePoint vc="0" uspid="2853" ordinal="30" offset="292" sl="102" sc="13" el="102" ec="25" bec="0" bev="0" fileid="107" />
              </SequencePoints>
              <BranchPoints>
                <BranchPoint vc="0" uspid="2854" ordinal="0" offset="3" sl="42" path="0" offsetend="5" fileid="107" />
                <BranchPoint vc="0" uspid="2855" ordinal="1" offset="3" sl="42" path="1" offsetend="13" fileid="107" />
                <BranchPoint vc="0" uspid="2856" ordinal="2" offset="16" sl="47" path="0" offsetend="18" fileid="107" />
                <BranchPoint vc="0" uspid="2857" ordinal="3" offset="16" sl="47" path="1" offsetend="37" fileid="107" />
                <BranchPoint vc="0" uspid="2858" ordinal="4" offset="73" sl="58" path="0" offsetend="75" fileid="107" />
                <BranchPoint vc="0" uspid="2859" ordinal="5" offset="73" sl="58" path="1" offsetend="164" fileid="107" />
                <BranchPoint vc="0" uspid="2860" ordinal="6" offset="79" sl="63" path="0" offsetend="81" fileid="107" />
                <BranchPoint vc="0" uspid="2861" ordinal="7" offset="79" sl="63" path="1" offsetend="106" fileid="107" />
                <BranchPoint vc="0" uspid="2862" ordinal="8" offset="88" sl="63" path="0" offsetend="90" fileid="107" />
                <BranchPoint vc="0" uspid="2863" ordinal="9" offset="88" sl="63" path="1" offsetend="106" fileid="107" />
                <BranchPoint vc="0" uspid="2864" ordinal="10" offset="148" sl="73" path="0" offsetend="150" fileid="107" />
                <BranchPoint vc="0" uspid="2865" ordinal="11" offset="148" sl="73" path="1" offsetend="164" fileid="107" />
                <BranchPoint vc="0" uspid="2868" ordinal="14" offset="177" sl="79" path="0" offsetend="179" fileid="107" />
                <BranchPoint vc="0" uspid="2869" ordinal="15" offset="177" sl="79" path="1" offsetend="292" fileid="107" />
                <BranchPoint vc="0" uspid="2870" ordinal="16" offset="183" sl="81" path="0" offsetend="185" fileid="107" />
                <BranchPoint vc="0" uspid="2871" ordinal="17" offset="183" sl="81" path="1" offsetend="202" fileid="107" />
                <BranchPoint vc="0" uspid="2872" ordinal="18" offset="227" sl="89" path="0" offsetend="229" fileid="107" />
                <BranchPoint vc="0" uspid="2873" ordinal="19" offset="227" sl="89" path="1" offsetend="283" fileid="107" />
                <BranchPoint vc="0" uspid="2874" ordinal="20" offset="259" sl="93" path="0" offsetend="261" fileid="107" />
                <BranchPoint vc="0" uspid="2875" ordinal="21" offset="259" sl="93" path="1" offsetend="268" fileid="107" />
              </BranchPoints>
              <MethodPoint xsi:type="SequencePoint" vc="0" uspid="2823" ordinal="0" offset="0" sl="40" sc="13" el="40" ec="32" bec="0" bev="0" fileid="107" />
            </Method>
            <Method visited="false" cyclomaticComplexity="5" nPathComplexity="4" sequenceCoverage="0" branchCoverage="0" crapScore="30" isConstructor="false" isStatic="false" isGetter="false" isSetter="false">
              <Summary numSequencePoints="9" visitedSequencePoints="0" numBranchPoints="5" visitedBranchPoints="0" sequenceCoverage="0" branchCoverage="0" maxCyclomaticComplexity="5" minCyclomaticComplexity="5" maxCrapScore="30" minCrapScore="30" visitedClasses="0" numClasses="0" visitedMethods="0" numMethods="1" />
              <MetadataToken>100663707</MetadataToken>
              <Name>System.String Humanizer.Localisation.NumberToWords.DutchNumberToWordsConverter::ConvertToOrdinal(System.Int32)</Name>
              <FileRef uid="107" />
              <SequencePoints>
                <SequencePoint vc="0" uspid="2876" ordinal="0" offset="6" sl="116" sc="13" el="116" ec="40" bec="0" bev="0" fileid="107" />
                <SequencePoint vc="0" uspid="2877" ordinal="1" offset="20" sl="118" sc="32" el="118" ec="84" bec="2" bev="0" fileid="107" />
                <SequencePoint vc="0" uspid="2878" ordinal="2" offset="69" sl="118" sc="22" el="118" ec="28" bec="0" bev="0" fileid="107" />
                <SequencePoint vc="0" uspid="2879" ordinal="3" offset="76" sl="121" sc="17" el="121" ec="82" bec="0" bev="0" fileid="107" />
                <SequencePoint vc="0" uspid="2880" ordinal="4" offset="128" sl="118" sc="29" el="118" ec="31" bec="0" bev="0" fileid="107" />
                <SequencePoint vc="0" uspid="2881" ordinal="5" offset="148" sl="127" sc="13" el="127" ec="76" bec="2" bev="0" fileid="107" />
                <SequencePoint vc="0" uspid="2882" ordinal="6" offset="179" sl="129" sc="17" el="129" ec="37" bec="0" bev="0" fileid="107" />
                <SequencePoint vc="0" uspid="2883" ordinal="7" offset="196" sl="132" sc="13" el="132" ec="32" bec="0" bev="0" fileid="107" />
                <SequencePoint vc="0" uspid="2884" ordinal="8" offset="213" sl="133" sc="9" el="133" ec="10" bec="0" bev="0" fileid="107" />
              </SequencePoints>
              <BranchPoints>
                <BranchPoint vc="0" uspid="2885" ordinal="0" offset="32" sl="118" path="0" offsetend="34" fileid="107" />
                <BranchPoint vc="0" uspid="2886" ordinal="1" offset="32" sl="118" path="1" offsetend="56" fileid="107" />
                <BranchPoint vc="0" uspid="2889" ordinal="4" offset="177" sl="127" path="0" offsetend="179" fileid="107" />
                <BranchPoint vc="0" uspid="2890" ordinal="5" offset="177" sl="127" path="1" offsetend="196" fileid="107" />
              </BranchPoints>
              <MethodPoint vc="0" uspid="2891" ordinal="0" offset="0" />
            </Method>
            <Method visited="false" cyclomaticComplexity="1" nPathComplexity="0" sequenceCoverage="0" branchCoverage="0" crapScore="2" isConstructor="true" isStatic="false" isGetter="false" isSetter="false">
              <Summary numSequencePoints="0" visitedSequencePoints="0" numBranchPoints="0" visitedBranchPoints="0" sequenceCoverage="0" branchCoverage="0" maxCyclomaticComplexity="1" minCyclomaticComplexity="1" maxCrapScore="2" minCrapScore="2" visitedClasses="0" numClasses="0" visitedMethods="0" numMethods="0" />
              <MetadataToken>100663708</MetadataToken>
              <Name>System.Void Humanizer.Localisation.NumberToWords.DutchNumberToWordsConverter::.ctor()</Name>
              <SequencePoints />
              <BranchPoints />
              <MethodPoint vc="0" uspid="2892" ordinal="0" offset="0" />
            </Method>
            <Method visited="false" cyclomaticComplexity="1" nPathComplexity="0" sequenceCoverage="0" branchCoverage="0" crapScore="2" isConstructor="true" isStatic="true" isGetter="false" isSetter="false">
              <Summary numSequencePoints="5" visitedSequencePoints="0" numBranchPoints="1" visitedBranchPoints="0" sequenceCoverage="0" branchCoverage="0" maxCyclomaticComplexity="1" minCyclomaticComplexity="1" maxCrapScore="2" minCrapScore="2" visitedClasses="0" numClasses="0" visitedMethods="0" numMethods="1" />
              <MetadataToken>100663709</MetadataToken>
              <Name>System.Void Humanizer.Localisation.NumberToWords.DutchNumberToWordsConverter::.cctor()</Name>
              <FileRef uid="107" />
              <SequencePoints>
                <SequencePoint vc="0" uspid="2893" ordinal="0" offset="0" sl="15" sc="9" el="15" ec="244" bec="0" bev="0" fileid="107" />
                <SequencePoint vc="0" uspid="2894" ordinal="1" offset="183" sl="16" sc="9" el="16" ec="158" bec="0" bev="0" fileid="107" />
                <SequencePoint vc="0" uspid="2895" ordinal="2" offset="276" sl="27" sc="9" el="36" ec="11" bec="0" bev="0" fileid="107" />
                <SequencePoint vc="0" uspid="2896" ordinal="3" offset="713" sl="105" sc="9" el="110" ec="11" bec="0" bev="0" fileid="107" />
                <SequencePoint vc="0" uspid="2897" ordinal="4" offset="771" sl="112" sc="9" el="112" ec="77" bec="0" bev="0" fileid="107" />
              </SequencePoints>
              <BranchPoints />
              <MethodPoint xsi:type="SequencePoint" vc="0" uspid="2893" ordinal="0" offset="0" sl="15" sc="9" el="15" ec="244" bec="0" bev="0" fileid="107" />
            </Method>
          </Methods>
        </Class>
        <Class>
          <Summary numSequencePoints="10" visitedSequencePoints="0" numBranchPoints="10" visitedBranchPoints="0" sequenceCoverage="0" branchCoverage="0" maxCyclomaticComplexity="1" minCyclomaticComplexity="1" maxCrapScore="2" minCrapScore="2" visitedClasses="0" numClasses="1" visitedMethods="0" numMethods="10" />
          <FullName>Humanizer.Localisation.NumberToWords.DutchNumberToWordsConverter/Fact</FullName>
          <Methods>
            <Method visited="false" cyclomaticComplexity="1" nPathComplexity="0" sequenceCoverage="0" branchCoverage="0" crapScore="2" isConstructor="false" isStatic="false" isGetter="true" isSetter="false">
              <Summary numSequencePoints="1" visitedSequencePoints="0" numBranchPoints="1" visitedBranchPoints="0" sequenceCoverage="0" branchCoverage="0" maxCyclomaticComplexity="1" minCyclomaticComplexity="1" maxCrapScore="2" minCrapScore="2" visitedClasses="0" numClasses="0" visitedMethods="0" numMethods="1" />
              <MetadataToken>100664661</MetadataToken>
              <Name>System.Int64 Humanizer.Localisation.NumberToWords.DutchNumberToWordsConverter/Fact::get_Value()</Name>
              <FileRef uid="107" />
              <SequencePoints>
                <SequencePoint vc="0" uspid="2898" ordinal="0" offset="0" sl="20" sc="33" el="20" ec="37" bec="0" bev="0" fileid="107" />
              </SequencePoints>
              <BranchPoints />
              <MethodPoint xsi:type="SequencePoint" vc="0" uspid="2898" ordinal="0" offset="0" sl="20" sc="33" el="20" ec="37" bec="0" bev="0" fileid="107" />
            </Method>
            <Method visited="false" cyclomaticComplexity="1" nPathComplexity="0" sequenceCoverage="0" branchCoverage="0" crapScore="2" isConstructor="false" isStatic="false" isGetter="false" isSetter="true">
              <Summary numSequencePoints="1" visitedSequencePoints="0" numBranchPoints="1" visitedBranchPoints="0" sequenceCoverage="0" branchCoverage="0" maxCyclomaticComplexity="1" minCyclomaticComplexity="1" maxCrapScore="2" minCrapScore="2" visitedClasses="0" numClasses="0" visitedMethods="0" numMethods="1" />
              <MetadataToken>100664662</MetadataToken>
              <Name>System.Void Humanizer.Localisation.NumberToWords.DutchNumberToWordsConverter/Fact::set_Value(System.Int64)</Name>
              <FileRef uid="107" />
              <SequencePoints>
                <SequencePoint vc="0" uspid="2899" ordinal="0" offset="0" sl="20" sc="38" el="20" ec="42" bec="0" bev="0" fileid="107" />
              </SequencePoints>
              <BranchPoints />
              <MethodPoint xsi:type="SequencePoint" vc="0" uspid="2899" ordinal="0" offset="0" sl="20" sc="38" el="20" ec="42" bec="0" bev="0" fileid="107" />
            </Method>
            <Method visited="false" cyclomaticComplexity="1" nPathComplexity="0" sequenceCoverage="0" branchCoverage="0" crapScore="2" isConstructor="false" isStatic="false" isGetter="true" isSetter="false">
              <Summary numSequencePoints="1" visitedSequencePoints="0" numBranchPoints="1" visitedBranchPoints="0" sequenceCoverage="0" branchCoverage="0" maxCyclomaticComplexity="1" minCyclomaticComplexity="1" maxCrapScore="2" minCrapScore="2" visitedClasses="0" numClasses="0" visitedMethods="0" numMethods="1" />
              <MetadataToken>100664663</MetadataToken>
              <Name>System.String Humanizer.Localisation.NumberToWords.DutchNumberToWordsConverter/Fact::get_Name()</Name>
              <FileRef uid="107" />
              <SequencePoints>
                <SequencePoint vc="0" uspid="2900" ordinal="0" offset="0" sl="21" sc="34" el="21" ec="38" bec="0" bev="0" fileid="107" />
              </SequencePoints>
              <BranchPoints />
              <MethodPoint xsi:type="SequencePoint" vc="0" uspid="2900" ordinal="0" offset="0" sl="21" sc="34" el="21" ec="38" bec="0" bev="0" fileid="107" />
            </Method>
            <Method visited="false" cyclomaticComplexity="1" nPathComplexity="0" sequenceCoverage="0" branchCoverage="0" crapScore="2" isConstructor="false" isStatic="false" isGetter="false" isSetter="true">
              <Summary numSequencePoints="1" visitedSequencePoints="0" numBranchPoints="1" visitedBranchPoints="0" sequenceCoverage="0" branchCoverage="0" maxCyclomaticComplexity="1" minCyclomaticComplexity="1" maxCrapScore="2" minCrapScore="2" visitedClasses="0" numClasses="0" visitedMethods="0" numMethods="1" />
              <MetadataToken>100664664</MetadataToken>
              <Name>System.Void Humanizer.Localisation.NumberToWords.DutchNumberToWordsConverter/Fact::set_Name(System.String)</Name>
              <FileRef uid="107" />
              <SequencePoints>
                <SequencePoint vc="0" uspid="2901" ordinal="0" offset="0" sl="21" sc="39" el="21" ec="43" bec="0" bev="0" fileid="107" />
              </SequencePoints>
              <BranchPoints />
              <MethodPoint xsi:type="SequencePoint" vc="0" uspid="2901" ordinal="0" offset="0" sl="21" sc="39" el="21" ec="43" bec="0" bev="0" fileid="107" />
            </Method>
            <Method visited="false" cyclomaticComplexity="1" nPathComplexity="0" sequenceCoverage="0" branchCoverage="0" crapScore="2" isConstructor="false" isStatic="false" isGetter="true" isSetter="false">
              <Summary numSequencePoints="1" visitedSequencePoints="0" numBranchPoints="1" visitedBranchPoints="0" sequenceCoverage="0" branchCoverage="0" maxCyclomaticComplexity="1" minCyclomaticComplexity="1" maxCrapScore="2" minCrapScore="2" visitedClasses="0" numClasses="0" visitedMethods="0" numMethods="1" />
              <MetadataToken>100664665</MetadataToken>
              <Name>System.String Humanizer.Localisation.NumberToWords.DutchNumberToWordsConverter/Fact::get_Prefix()</Name>
              <FileRef uid="107" />
              <SequencePoints>
                <SequencePoint vc="0" uspid="2902" ordinal="0" offset="0" sl="22" sc="36" el="22" ec="40" bec="0" bev="0" fileid="107" />
              </SequencePoints>
              <BranchPoints />
              <MethodPoint xsi:type="SequencePoint" vc="0" uspid="2902" ordinal="0" offset="0" sl="22" sc="36" el="22" ec="40" bec="0" bev="0" fileid="107" />
            </Method>
            <Method visited="false" cyclomaticComplexity="1" nPathComplexity="0" sequenceCoverage="0" branchCoverage="0" crapScore="2" isConstructor="false" isStatic="false" isGetter="false" isSetter="true">
              <Summary numSequencePoints="1" visitedSequencePoints="0" numBranchPoints="1" visitedBranchPoints="0" sequenceCoverage="0" branchCoverage="0" maxCyclomaticComplexity="1" minCyclomaticComplexity="1" maxCrapScore="2" minCrapScore="2" visitedClasses="0" numClasses="0" visitedMethods="0" numMethods="1" />
              <MetadataToken>100664666</MetadataToken>
              <Name>System.Void Humanizer.Localisation.NumberToWords.DutchNumberToWordsConverter/Fact::set_Prefix(System.String)</Name>
              <FileRef uid="107" />
              <SequencePoints>
                <SequencePoint vc="0" uspid="2903" ordinal="0" offset="0" sl="22" sc="41" el="22" ec="45" bec="0" bev="0" fileid="107" />
              </SequencePoints>
              <BranchPoints />
              <MethodPoint xsi:type="SequencePoint" vc="0" uspid="2903" ordinal="0" offset="0" sl="22" sc="41" el="22" ec="45" bec="0" bev="0" fileid="107" />
            </Method>
            <Method visited="false" cyclomaticComplexity="1" nPathComplexity="0" sequenceCoverage="0" branchCoverage="0" crapScore="2" isConstructor="false" isStatic="false" isGetter="true" isSetter="false">
              <Summary numSequencePoints="1" visitedSequencePoints="0" numBranchPoints="1" visitedBranchPoints="0" sequenceCoverage="0" branchCoverage="0" maxCyclomaticComplexity="1" minCyclomaticComplexity="1" maxCrapScore="2" minCrapScore="2" visitedClasses="0" numClasses="0" visitedMethods="0" numMethods="1" />
              <MetadataToken>100664667</MetadataToken>
              <Name>System.String Humanizer.Localisation.NumberToWords.DutchNumberToWordsConverter/Fact::get_Postfix()</Name>
              <FileRef uid="107" />
              <SequencePoints>
                <SequencePoint vc="0" uspid="2904" ordinal="0" offset="0" sl="23" sc="37" el="23" ec="41" bec="0" bev="0" fileid="107" />
              </SequencePoints>
              <BranchPoints />
              <MethodPoint xsi:type="SequencePoint" vc="0" uspid="2904" ordinal="0" offset="0" sl="23" sc="37" el="23" ec="41" bec="0" bev="0" fileid="107" />
            </Method>
            <Method visited="false" cyclomaticComplexity="1" nPathComplexity="0" sequenceCoverage="0" branchCoverage="0" crapScore="2" isConstructor="false" isStatic="false" isGetter="false" isSetter="true">
              <Summary numSequencePoints="1" visitedSequencePoints="0" numBranchPoints="1" visitedBranchPoints="0" sequenceCoverage="0" branchCoverage="0" maxCyclomaticComplexity="1" minCyclomaticComplexity="1" maxCrapScore="2" minCrapScore="2" visitedClasses="0" numClasses="0" visitedMethods="0" numMethods="1" />
              <MetadataToken>100664668</MetadataToken>
              <Name>System.Void Humanizer.Localisation.NumberToWords.DutchNumberToWordsConverter/Fact::set_Postfix(System.String)</Name>
              <FileRef uid="107" />
              <SequencePoints>
                <SequencePoint vc="0" uspid="2905" ordinal="0" offset="0" sl="23" sc="42" el="23" ec="46" bec="0" bev="0" fileid="107" />
              </SequencePoints>
              <BranchPoints />
              <MethodPoint xsi:type="SequencePoint" vc="0" uspid="2905" ordinal="0" offset="0" sl="23" sc="42" el="23" ec="46" bec="0" bev="0" fileid="107" />
            </Method>
            <Method visited="false" cyclomaticComplexity="1" nPathComplexity="0" sequenceCoverage="0" branchCoverage="0" crapScore="2" isConstructor="false" isStatic="false" isGetter="true" isSetter="false">
              <Summary numSequencePoints="1" visitedSequencePoints="0" numBranchPoints="1" visitedBranchPoints="0" sequenceCoverage="0" branchCoverage="0" maxCyclomaticComplexity="1" minCyclomaticComplexity="1" maxCrapScore="2" minCrapScore="2" visitedClasses="0" numClasses="0" visitedMethods="0" numMethods="1" />
              <MetadataToken>100664669</MetadataToken>
              <Name>System.Boolean Humanizer.Localisation.NumberToWords.DutchNumberToWordsConverter/Fact::get_DisplayOneUnit()</Name>
              <FileRef uid="107" />
              <SequencePoints>
                <SequencePoint vc="0" uspid="2906" ordinal="0" offset="0" sl="24" sc="42" el="24" ec="46" bec="0" bev="0" fileid="107" />
              </SequencePoints>
              <BranchPoints />
              <MethodPoint xsi:type="SequencePoint" vc="0" uspid="2906" ordinal="0" offset="0" sl="24" sc="42" el="24" ec="46" bec="0" bev="0" fileid="107" />
            </Method>
            <Method visited="false" cyclomaticComplexity="1" nPathComplexity="0" sequenceCoverage="0" branchCoverage="0" crapScore="2" isConstructor="false" isStatic="false" isGetter="false" isSetter="true">
              <Summary numSequencePoints="1" visitedSequencePoints="0" numBranchPoints="1" visitedBranchPoints="0" sequenceCoverage="0" branchCoverage="0" maxCyclomaticComplexity="1" minCyclomaticComplexity="1" maxCrapScore="2" minCrapScore="2" visitedClasses="0" numClasses="0" visitedMethods="0" numMethods="1" />
              <MetadataToken>100664670</MetadataToken>
              <Name>System.Void Humanizer.Localisation.NumberToWords.DutchNumberToWordsConverter/Fact::set_DisplayOneUnit(System.Boolean)</Name>
              <FileRef uid="107" />
              <SequencePoints>
                <SequencePoint vc="0" uspid="2907" ordinal="0" offset="0" sl="24" sc="47" el="24" ec="51" bec="0" bev="0" fileid="107" />
              </SequencePoints>
              <BranchPoints />
              <MethodPoint xsi:type="SequencePoint" vc="0" uspid="2907" ordinal="0" offset="0" sl="24" sc="47" el="24" ec="51" bec="0" bev="0" fileid="107" />
            </Method>
            <Method visited="false" cyclomaticComplexity="1" nPathComplexity="0" sequenceCoverage="0" branchCoverage="0" crapScore="2" isConstructor="true" isStatic="false" isGetter="false" isSetter="false">
              <Summary numSequencePoints="0" visitedSequencePoints="0" numBranchPoints="0" visitedBranchPoints="0" sequenceCoverage="0" branchCoverage="0" maxCyclomaticComplexity="1" minCyclomaticComplexity="1" maxCrapScore="2" minCrapScore="2" visitedClasses="0" numClasses="0" visitedMethods="0" numMethods="0" />
              <MetadataToken>100664671</MetadataToken>
              <Name>System.Void Humanizer.Localisation.NumberToWords.DutchNumberToWordsConverter/Fact::.ctor()</Name>
              <SequencePoints />
              <BranchPoints />
              <MethodPoint vc="0" uspid="2908" ordinal="0" offset="0" />
            </Method>
          </Methods>
        </Class>
        <Class>
          <Summary numSequencePoints="1" visitedSequencePoints="0" numBranchPoints="1" visitedBranchPoints="0" sequenceCoverage="0" branchCoverage="0" maxCyclomaticComplexity="1" minCyclomaticComplexity="1" maxCrapScore="2" minCrapScore="2" visitedClasses="0" numClasses="1" visitedMethods="0" numMethods="1" />
          <FullName>Humanizer.Localisation.NumberToWords.DutchNumberToWordsConverter/&lt;&gt;c__DisplayClass7_0</FullName>
          <Methods>
            <Method visited="false" cyclomaticComplexity="1" nPathComplexity="0" sequenceCoverage="0" branchCoverage="0" crapScore="2" isConstructor="true" isStatic="false" isGetter="false" isSetter="false">
              <Summary numSequencePoints="0" visitedSequencePoints="0" numBranchPoints="0" visitedBranchPoints="0" sequenceCoverage="0" branchCoverage="0" maxCyclomaticComplexity="1" minCyclomaticComplexity="1" maxCrapScore="2" minCrapScore="2" visitedClasses="0" numClasses="0" visitedMethods="0" numMethods="0" />
              <MetadataToken>100664672</MetadataToken>
              <Name>System.Void Humanizer.Localisation.NumberToWords.DutchNumberToWordsConverter/&lt;&gt;c__DisplayClass7_0::.ctor()</Name>
              <SequencePoints />
              <BranchPoints />
              <MethodPoint vc="0" uspid="2909" ordinal="0" offset="0" />
            </Method>
            <Method visited="false" cyclomaticComplexity="1" nPathComplexity="0" sequenceCoverage="0" branchCoverage="0" crapScore="2" isConstructor="false" isStatic="false" isGetter="false" isSetter="false">
              <Summary numSequencePoints="1" visitedSequencePoints="0" numBranchPoints="1" visitedBranchPoints="0" sequenceCoverage="0" branchCoverage="0" maxCyclomaticComplexity="1" minCyclomaticComplexity="1" maxCrapScore="2" minCrapScore="2" visitedClasses="0" numClasses="0" visitedMethods="0" numMethods="1" />
              <MetadataToken>100664673</MetadataToken>
              <Name>System.Boolean Humanizer.Localisation.NumberToWords.DutchNumberToWordsConverter/&lt;&gt;c__DisplayClass7_0::&lt;ConvertToOrdinal&gt;b__0(System.Collections.Generic.KeyValuePair`2&lt;System.String,System.String&gt;)</Name>
              <FileRef uid="107" />
              <SequencePoints>
                <SequencePoint vc="0" uspid="2910" ordinal="0" offset="0" sl="118" sc="62" el="118" ec="83" bec="0" bev="0" fileid="107" />
              </SequencePoints>
              <BranchPoints />
              <MethodPoint xsi:type="SequencePoint" vc="0" uspid="2910" ordinal="0" offset="0" sl="118" sc="62" el="118" ec="83" bec="0" bev="0" fileid="107" />
            </Method>
          </Methods>
        </Class>
        <Class>
          <Summary numSequencePoints="60" visitedSequencePoints="33" numBranchPoints="45" visitedBranchPoints="22" sequenceCoverage="55" branchCoverage="48.89" maxCyclomaticComplexity="17" minCyclomaticComplexity="1" maxCrapScore="37.36" minCrapScore="1" visitedClasses="1" numClasses="1" visitedMethods="4" numMethods="7" />
          <FullName>Humanizer.Localisation.NumberToWords.EnglishNumberToWordsConverter</FullName>
          <Methods>
            <Method visited="true" cyclomaticComplexity="1" nPathComplexity="0" sequenceCoverage="100" branchCoverage="100" crapScore="1" isConstructor="false" isStatic="false" isGetter="false" isSetter="false">
              <Summary numSequencePoints="1" visitedSequencePoints="1" numBranchPoints="1" visitedBranchPoints="1" sequenceCoverage="100" branchCoverage="100" maxCyclomaticComplexity="1" minCyclomaticComplexity="1" maxCrapScore="1" minCrapScore="1" visitedClasses="0" numClasses="0" visitedMethods="1" numMethods="1" />
              <MetadataToken>100663710</MetadataToken>
              <Name>System.String Humanizer.Localisation.NumberToWords.EnglishNumberToWordsConverter::Convert(System.Int64)</Name>
              <FileRef uid="110" />
              <SequencePoints>
                <SequencePoint vc="2" uspid="2911" ordinal="0" offset="0" sl="25" sc="13" el="25" ec="43" bec="0" bev="0" fileid="110" />
              </SequencePoints>
              <BranchPoints />
              <MethodPoint xsi:type="SequencePoint" vc="2" uspid="2911" ordinal="0" offset="0" sl="25" sc="13" el="25" ec="43" bec="0" bev="0" fileid="110" />
            </Method>
            <Method visited="false" cyclomaticComplexity="1" nPathComplexity="0" sequenceCoverage="0" branchCoverage="0" crapScore="2" isConstructor="false" isStatic="false" isGetter="false" isSetter="false">
              <Summary numSequencePoints="1" visitedSequencePoints="0" numBranchPoints="1" visitedBranchPoints="0" sequenceCoverage="0" branchCoverage="0" maxCyclomaticComplexity="1" minCyclomaticComplexity="1" maxCrapScore="2" minCrapScore="2" visitedClasses="0" numClasses="0" visitedMethods="0" numMethods="1" />
              <MetadataToken>100663711</MetadataToken>
              <Name>System.String Humanizer.Localisation.NumberToWords.EnglishNumberToWordsConverter::ConvertToOrdinal(System.Int32)</Name>
              <FileRef uid="110" />
              <SequencePoints>
                <SequencePoint vc="0" uspid="2912" ordinal="0" offset="0" sl="30" sc="13" el="30" ec="42" bec="0" bev="0" fileid="110" />
              </SequencePoints>
              <BranchPoints />
              <MethodPoint xsi:type="SequencePoint" vc="0" uspid="2912" ordinal="0" offset="0" sl="30" sc="13" el="30" ec="42" bec="0" bev="0" fileid="110" />
            </Method>
            <Method visited="true" cyclomaticComplexity="17" nPathComplexity="65536" sequenceCoverage="58.70" branchCoverage="54.55" crapScore="37.36" isConstructor="false" isStatic="false" isGetter="false" isSetter="false">
              <Summary numSequencePoints="46" visitedSequencePoints="27" numBranchPoints="33" visitedBranchPoints="18" sequenceCoverage="58.70" branchCoverage="54.55" maxCyclomaticComplexity="17" minCyclomaticComplexity="17" maxCrapScore="37.36" minCrapScore="37.36" visitedClasses="0" numClasses="0" visitedMethods="1" numMethods="1" />
              <MetadataToken>100663712</MetadataToken>
              <Name>System.String Humanizer.Localisation.NumberToWords.EnglishNumberToWordsConverter::Convert(System.Int64,System.Boolean)</Name>
              <FileRef uid="110" />
              <SequencePoints>
                <SequencePoint vc="2" uspid="2913" ordinal="0" offset="0" sl="35" sc="13" el="35" ec="29" bec="2" bev="1" fileid="110" />
                <SequencePoint vc="0" uspid="2914" ordinal="1" offset="3" sl="37" sc="17" el="37" ec="51" bec="0" bev="0" fileid="110" />
                <SequencePoint vc="2" uspid="2915" ordinal="2" offset="12" sl="40" sc="13" el="40" ec="28" bec="2" bev="1" fileid="110" />
                <SequencePoint vc="0" uspid="2916" ordinal="3" offset="17" sl="42" sc="17" el="42" ec="69" bec="0" bev="0" fileid="110" />
                <SequencePoint vc="2" uspid="2917" ordinal="4" offset="36" sl="45" sc="13" el="45" ec="44" bec="0" bev="0" fileid="110" />
                <SequencePoint vc="2" uspid="2918" ordinal="5" offset="42" sl="47" sc="13" el="47" ec="52" bec="2" bev="1" fileid="110" />
                <SequencePoint vc="0" uspid="2919" ordinal="6" offset="57" sl="49" sc="17" el="49" ec="100" bec="0" bev="0" fileid="110" />
                <SequencePoint vc="0" uspid="2920" ordinal="7" offset="90" sl="50" sc="17" el="50" ec="47" bec="0" bev="0" fileid="110" />
                <SequencePoint vc="2" uspid="2921" ordinal="8" offset="103" sl="53" sc="13" el="53" ec="49" bec="2" bev="1" fileid="110" />
                <SequencePoint vc="0" uspid="2922" ordinal="9" offset="118" sl="55" sc="17" el="55" ec="97" bec="0" bev="0" fileid="110" />
                <SequencePoint vc="0" uspid="2923" ordinal="10" offset="151" sl="56" sc="17" el="56" ec="44" bec="0" bev="0" fileid="110" />
                <SequencePoint vc="2" uspid="2924" ordinal="11" offset="164" sl="59" sc="13" el="59" ec="46" bec="2" bev="1" fileid="110" />
                <SequencePoint vc="0" uspid="2925" ordinal="12" offset="179" sl="61" sc="17" el="61" ec="91" bec="0" bev="0" fileid="110" />
                <SequencePoint vc="0" uspid="2926" ordinal="13" offset="212" sl="62" sc="17" el="62" ec="41" bec="0" bev="0" fileid="110" />
                <SequencePoint vc="2" uspid="2927" ordinal="14" offset="225" sl="65" sc="13" el="65" ec="43" bec="2" bev="1" fileid="110" />
                <SequencePoint vc="0" uspid="2928" ordinal="15" offset="237" sl="67" sc="17" el="67" ec="87" bec="0" bev="0" fileid="110" />
                <SequencePoint vc="0" uspid="2929" ordinal="16" offset="267" sl="68" sc="17" el="68" ec="38" bec="0" bev="0" fileid="110" />
                <SequencePoint vc="2" uspid="2930" ordinal="17" offset="277" sl="71" sc="13" el="71" ec="40" bec="2" bev="1" fileid="110" />
                <SequencePoint vc="0" uspid="2931" ordinal="18" offset="289" sl="73" sc="17" el="73" ec="84" bec="0" bev="0" fileid="110" />
                <SequencePoint vc="0" uspid="2932" ordinal="19" offset="319" sl="74" sc="17" el="74" ec="35" bec="0" bev="0" fileid="110" />
                <SequencePoint vc="2" uspid="2933" ordinal="20" offset="329" sl="77" sc="13" el="77" ec="37" bec="2" bev="1" fileid="110" />
                <SequencePoint vc="0" uspid="2934" ordinal="21" offset="341" sl="79" sc="17" el="79" ec="82" bec="0" bev="0" fileid="110" />
                <SequencePoint vc="0" uspid="2935" ordinal="22" offset="371" sl="80" sc="17" el="80" ec="32" bec="0" bev="0" fileid="110" />
                <SequencePoint vc="2" uspid="2936" ordinal="23" offset="381" sl="83" sc="13" el="83" ec="36" bec="2" bev="2" fileid="110" />
                <SequencePoint vc="1" uspid="2937" ordinal="24" offset="390" sl="85" sc="17" el="85" ec="80" bec="0" bev="0" fileid="110" />
                <SequencePoint vc="1" uspid="2938" ordinal="25" offset="417" sl="86" sc="17" el="86" ec="31" bec="0" bev="0" fileid="110" />
                <SequencePoint vc="2" uspid="2939" ordinal="26" offset="424" sl="89" sc="13" el="89" ec="28" bec="2" bev="1" fileid="110" />
                <SequencePoint vc="2" uspid="2940" ordinal="27" offset="432" sl="91" sc="17" el="91" ec="38" bec="2" bev="2" fileid="110" />
                <SequencePoint vc="1" uspid="2941" ordinal="28" offset="440" sl="93" sc="21" el="93" ec="38" bec="0" bev="0" fileid="110" />
                <SequencePoint vc="2" uspid="2942" ordinal="29" offset="451" sl="96" sc="17" el="96" ec="33" bec="2" bev="2" fileid="110" />
                <SequencePoint vc="1" uspid="2943" ordinal="30" offset="457" sl="98" sc="21" el="98" ec="64" bec="0" bev="0" fileid="110" />
                <SequencePoint vc="1" uspid="2944" ordinal="31" offset="470" sl="99" sc="17" el="99" ec="18" bec="0" bev="0" fileid="110" />
                <SequencePoint vc="1" uspid="2945" ordinal="32" offset="475" sl="102" sc="21" el="102" ec="57" bec="0" bev="0" fileid="110" />
                <SequencePoint vc="1" uspid="2946" ordinal="33" offset="488" sl="103" sc="21" el="103" ec="43" bec="2" bev="1" fileid="110" />
                <SequencePoint vc="1" uspid="2947" ordinal="34" offset="497" sl="105" sc="25" el="105" ec="97" bec="0" bev="0" fileid="110" />
                <SequencePoint vc="1" uspid="2948" ordinal="35" offset="525" sl="106" sc="21" el="106" ec="22" bec="0" bev="0" fileid="110" />
                <SequencePoint vc="0" uspid="2949" ordinal="36" offset="527" sl="107" sc="26" el="107" ec="40" bec="2" bev="0" fileid="110" />
                <SequencePoint vc="0" uspid="2950" ordinal="37" offset="530" sl="109" sc="25" el="109" ec="67" bec="0" bev="0" fileid="110" />
                <SequencePoint vc="1" uspid="2951" ordinal="38" offset="558" sl="112" sc="21" el="112" ec="41" bec="0" bev="0" fileid="110" />
                <SequencePoint vc="1" uspid="2952" ordinal="39" offset="565" sl="114" sc="13" el="114" ec="14" bec="0" bev="0" fileid="110" />
                <SequencePoint vc="0" uspid="2953" ordinal="40" offset="567" sl="115" sc="18" el="115" ec="32" bec="2" bev="0" fileid="110" />
                <SequencePoint vc="0" uspid="2954" ordinal="41" offset="570" sl="117" sc="17" el="117" ec="48" bec="0" bev="0" fileid="110" />
                <SequencePoint vc="2" uspid="2955" ordinal="42" offset="608" sl="120" sc="13" el="120" ec="61" bec="0" bev="0" fileid="110" />
                <SequencePoint vc="2" uspid="2956" ordinal="43" offset="625" sl="122" sc="13" el="122" ec="27" bec="2" bev="1" fileid="110" />
                <SequencePoint vc="0" uspid="2957" ordinal="44" offset="628" sl="124" sc="17" el="124" ec="52" bec="0" bev="0" fileid="110" />
                <SequencePoint vc="2" uspid="2958" ordinal="45" offset="635" sl="127" sc="13" el="127" ec="28" bec="0" bev="0" fileid="110" />
              </SequencePoints>
              <BranchPoints>
                <BranchPoint vc="0" uspid="2959" ordinal="0" offset="1" sl="35" path="0" offsetend="3" fileid="110" />
                <BranchPoint vc="2" uspid="2960" ordinal="1" offset="1" sl="35" path="1" offsetend="12" fileid="110" />
                <BranchPoint vc="0" uspid="2961" ordinal="2" offset="15" sl="40" path="0" offsetend="17" fileid="110" />
                <BranchPoint vc="2" uspid="2962" ordinal="3" offset="15" sl="40" path="1" offsetend="36" fileid="110" />
                <BranchPoint vc="0" uspid="2963" ordinal="4" offset="55" sl="47" path="0" offsetend="57" fileid="110" />
                <BranchPoint vc="2" uspid="2964" ordinal="5" offset="55" sl="47" path="1" offsetend="103" fileid="110" />
                <BranchPoint vc="0" uspid="2965" ordinal="6" offset="116" sl="53" path="0" offsetend="118" fileid="110" />
                <BranchPoint vc="2" uspid="2966" ordinal="7" offset="116" sl="53" path="1" offsetend="164" fileid="110" />
                <BranchPoint vc="0" uspid="2967" ordinal="8" offset="177" sl="59" path="0" offsetend="179" fileid="110" />
                <BranchPoint vc="2" uspid="2968" ordinal="9" offset="177" sl="59" path="1" offsetend="225" fileid="110" />
                <BranchPoint vc="0" uspid="2969" ordinal="10" offset="235" sl="65" path="0" offsetend="237" fileid="110" />
                <BranchPoint vc="2" uspid="2970" ordinal="11" offset="235" sl="65" path="1" offsetend="277" fileid="110" />
                <BranchPoint vc="0" uspid="2971" ordinal="12" offset="287" sl="71" path="0" offsetend="289" fileid="110" />
                <BranchPoint vc="2" uspid="2972" ordinal="13" offset="287" sl="71" path="1" offsetend="329" fileid="110" />
                <BranchPoint vc="0" uspid="2973" ordinal="14" offset="339" sl="77" path="0" offsetend="341" fileid="110" />
                <BranchPoint vc="2" uspid="2974" ordinal="15" offset="339" sl="77" path="1" offsetend="381" fileid="110" />
                <BranchPoint vc="1" uspid="2975" ordinal="16" offset="388" sl="83" path="0" offsetend="390" fileid="110" />
                <BranchPoint vc="1" uspid="2976" ordinal="17" offset="388" sl="83" path="1" offsetend="424" fileid="110" />
                <BranchPoint vc="2" uspid="2977" ordinal="18" offset="427" sl="89" path="0" offsetend="432" fileid="110" />
                <BranchPoint vc="0" uspid="2978" ordinal="19" offset="427" sl="89" path="1" offsetend="567" fileid="110" />
                <BranchPoint vc="1" uspid="2979" ordinal="20" offset="438" sl="91" path="0" offsetend="440" fileid="110" />
                <BranchPoint vc="1" uspid="2980" ordinal="21" offset="438" sl="91" path="1" offsetend="451" fileid="110" />
                <BranchPoint vc="1" uspid="2981" ordinal="22" offset="455" sl="96" path="0" offsetend="457" fileid="110" />
                <BranchPoint vc="1" uspid="2982" ordinal="23" offset="455" sl="96" path="1" offsetend="475" fileid="110" />
                <BranchPoint vc="1" uspid="2983" ordinal="24" offset="495" sl="103" path="0" offsetend="497" fileid="110" />
                <BranchPoint vc="0" uspid="2984" ordinal="25" offset="495" sl="103" path="1" offsetend="527" fileid="110" />
                <BranchPoint vc="0" uspid="2985" ordinal="26" offset="528" sl="107" path="0" offsetend="530" fileid="110" />
                <BranchPoint vc="0" uspid="2986" ordinal="27" offset="528" sl="107" path="1" offsetend="558" fileid="110" />
                <BranchPoint vc="0" uspid="2987" ordinal="28" offset="568" sl="115" path="0" offsetend="570" fileid="110" />
                <BranchPoint vc="0" uspid="2988" ordinal="29" offset="568" sl="115" path="1" offsetend="608" fileid="110" />
                <BranchPoint vc="0" uspid="2989" ordinal="30" offset="626" sl="122" path="0" offsetend="628" fileid="110" />
                <BranchPoint vc="2" uspid="2990" ordinal="31" offset="626" sl="122" path="1" offsetend="635" fileid="110" />
              </BranchPoints>
              <MethodPoint xsi:type="SequencePoint" vc="2" uspid="2913" ordinal="0" offset="0" sl="35" sc="13" el="35" ec="29" bec="2" bev="1" fileid="110" />
            </Method>
            <Method visited="true" cyclomaticComplexity="3" nPathComplexity="4" sequenceCoverage="40" branchCoverage="40" crapScore="4.94" isConstructor="false" isStatic="true" isGetter="false" isSetter="false">
              <Summary numSequencePoints="5" visitedSequencePoints="2" numBranchPoints="5" visitedBranchPoints="2" sequenceCoverage="40" branchCoverage="40" maxCyclomaticComplexity="3" minCyclomaticComplexity="3" maxCrapScore="4.94" minCrapScore="4.94" visitedClasses="0" numClasses="0" visitedMethods="1" numMethods="1" />
              <MetadataToken>100663713</MetadataToken>
              <Name>System.String Humanizer.Localisation.NumberToWords.EnglishNumberToWordsConverter::GetUnitValue(System.Int64,System.Boolean)</Name>
              <FileRef uid="110" />
              <SequencePoints>
                <SequencePoint vc="2" uspid="2991" ordinal="0" offset="0" sl="132" sc="13" el="132" ec="27" bec="2" bev="1" fileid="110" />
                <SequencePoint vc="0" uspid="2992" ordinal="1" offset="3" sl="134" sc="17" el="134" ec="78" bec="2" bev="0" fileid="110" />
                <SequencePoint vc="0" uspid="2993" ordinal="2" offset="13" sl="136" sc="21" el="136" ec="44" bec="0" bev="0" fileid="110" />
                <SequencePoint vc="0" uspid="2994" ordinal="3" offset="15" sl="140" sc="21" el="140" ec="52" bec="0" bev="0" fileid="110" />
                <SequencePoint vc="2" uspid="2995" ordinal="4" offset="34" sl="145" sc="17" el="145" ec="41" bec="0" bev="0" fileid="110" />
              </SequencePoints>
              <BranchPoints>
                <BranchPoint vc="0" uspid="2996" ordinal="0" offset="1" sl="132" path="0" offsetend="3" fileid="110" />
                <BranchPoint vc="2" uspid="2997" ordinal="1" offset="1" sl="132" path="1" offsetend="34" fileid="110" />
                <BranchPoint vc="0" uspid="2998" ordinal="2" offset="11" sl="134" path="0" offsetend="13" fileid="110" />
                <BranchPoint vc="0" uspid="2999" ordinal="3" offset="11" sl="134" path="1" offsetend="15" fileid="110" />
              </BranchPoints>
              <MethodPoint xsi:type="SequencePoint" vc="2" uspid="2991" ordinal="0" offset="0" sl="132" sc="13" el="132" ec="27" bec="2" bev="1" fileid="110" />
            </Method>
            <Method visited="false" cyclomaticComplexity="2" nPathComplexity="2" sequenceCoverage="0" branchCoverage="0" crapScore="6" isConstructor="false" isStatic="true" isGetter="false" isSetter="false">
              <Summary numSequencePoints="3" visitedSequencePoints="0" numBranchPoints="3" visitedBranchPoints="0" sequenceCoverage="0" branchCoverage="0" maxCyclomaticComplexity="2" minCyclomaticComplexity="2" maxCrapScore="6" minCrapScore="6" visitedClasses="0" numClasses="0" visitedMethods="0" numMethods="1" />
              <MetadataToken>100663714</MetadataToken>
              <Name>System.String Humanizer.Localisation.NumberToWords.EnglishNumberToWordsConverter::RemoveOnePrefix(System.String)</Name>
              <FileRef uid="110" />
              <SequencePoints>
                <SequencePoint vc="0" uspid="3000" ordinal="0" offset="0" sl="152" sc="13" el="152" ec="71" bec="2" bev="0" fileid="110" />
                <SequencePoint vc="0" uspid="3001" ordinal="1" offset="14" sl="154" sc="17" el="154" ec="48" bec="0" bev="0" fileid="110" />
                <SequencePoint vc="0" uspid="3002" ordinal="2" offset="24" sl="157" sc="13" el="157" ec="28" bec="0" bev="0" fileid="110" />
              </SequencePoints>
              <BranchPoints>
                <BranchPoint vc="0" uspid="3003" ordinal="0" offset="12" sl="152" path="0" offsetend="14" fileid="110" />
                <BranchPoint vc="0" uspid="3004" ordinal="1" offset="12" sl="152" path="1" offsetend="24" fileid="110" />
              </BranchPoints>
              <MethodPoint xsi:type="SequencePoint" vc="0" uspid="3000" ordinal="0" offset="0" sl="152" sc="13" el="152" ec="71" bec="2" bev="0" fileid="110" />
            </Method>
            <Method visited="false" cyclomaticComplexity="1" nPathComplexity="0" sequenceCoverage="0" branchCoverage="0" crapScore="2" isConstructor="false" isStatic="true" isGetter="false" isSetter="false">
              <Summary numSequencePoints="1" visitedSequencePoints="0" numBranchPoints="1" visitedBranchPoints="0" sequenceCoverage="0" branchCoverage="0" maxCyclomaticComplexity="1" minCyclomaticComplexity="1" maxCrapScore="2" minCrapScore="2" visitedClasses="0" numClasses="0" visitedMethods="0" numMethods="1" />
              <MetadataToken>100663715</MetadataToken>
              <Name>System.Boolean Humanizer.Localisation.NumberToWords.EnglishNumberToWordsConverter::ExceptionNumbersToWords(System.Int64,System.String&amp;)</Name>
              <FileRef uid="110" />
              <SequencePoints>
                <SequencePoint vc="0" uspid="3005" ordinal="0" offset="0" sl="162" sc="13" el="162" ec="69" bec="0" bev="0" fileid="110" />
              </SequencePoints>
              <BranchPoints />
              <MethodPoint xsi:type="SequencePoint" vc="0" uspid="3005" ordinal="0" offset="0" sl="162" sc="13" el="162" ec="69" bec="0" bev="0" fileid="110" />
            </Method>
            <Method visited="false" cyclomaticComplexity="1" nPathComplexity="0" sequenceCoverage="0" branchCoverage="0" crapScore="2" isConstructor="true" isStatic="false" isGetter="false" isSetter="false">
              <Summary numSequencePoints="0" visitedSequencePoints="0" numBranchPoints="0" visitedBranchPoints="0" sequenceCoverage="0" branchCoverage="0" maxCyclomaticComplexity="1" minCyclomaticComplexity="1" maxCrapScore="2" minCrapScore="2" visitedClasses="0" numClasses="0" visitedMethods="0" numMethods="0" />
              <MetadataToken>100663716</MetadataToken>
              <Name>System.Void Humanizer.Localisation.NumberToWords.EnglishNumberToWordsConverter::.ctor()</Name>
              <SequencePoints />
              <BranchPoints />
              <MethodPoint vc="0" uspid="3006" ordinal="0" offset="0" />
            </Method>
            <Method visited="true" cyclomaticComplexity="1" nPathComplexity="0" sequenceCoverage="100" branchCoverage="100" crapScore="1" isConstructor="true" isStatic="true" isGetter="false" isSetter="false">
              <Summary numSequencePoints="3" visitedSequencePoints="3" numBranchPoints="1" visitedBranchPoints="1" sequenceCoverage="100" branchCoverage="100" maxCyclomaticComplexity="1" minCyclomaticComplexity="1" maxCrapScore="1" minCrapScore="1" visitedClasses="0" numClasses="0" visitedMethods="1" numMethods="1" />
              <MetadataToken>100663717</MetadataToken>
              <Name>System.Void Humanizer.Localisation.NumberToWords.EnglishNumberToWordsConverter::.cctor()</Name>
              <FileRef uid="110" />
              <SequencePoints>
                <SequencePoint vc="1" uspid="3007" ordinal="0" offset="0" sl="8" sc="9" el="8" ec="246" bec="0" bev="0" fileid="110" />
                <SequencePoint vc="1" uspid="3008" ordinal="1" offset="183" sl="9" sc="9" el="9" ec="148" bec="0" bev="0" fileid="110" />
                <SequencePoint vc="1" uspid="3009" ordinal="2" offset="276" sl="11" sc="9" el="21" ec="11" bec="0" bev="0" fileid="110" />
              </SequencePoints>
              <BranchPoints />
              <MethodPoint xsi:type="SequencePoint" vc="1" uspid="3007" ordinal="0" offset="0" sl="8" sc="9" el="8" ec="246" bec="0" bev="0" fileid="110" />
            </Method>
          </Methods>
        </Class>
        <Class>
          <Summary numSequencePoints="35" visitedSequencePoints="0" numBranchPoints="32" visitedBranchPoints="0" sequenceCoverage="0" branchCoverage="0" maxCyclomaticComplexity="10" minCyclomaticComplexity="1" maxCrapScore="110" minCrapScore="2" visitedClasses="0" numClasses="1" visitedMethods="0" numMethods="6" />
          <FullName>Humanizer.Localisation.NumberToWords.FarsiNumberToWordsConverter</FullName>
          <Methods>
            <Method visited="false" cyclomaticComplexity="10" nPathComplexity="256" sequenceCoverage="0" branchCoverage="0" crapScore="110" isConstructor="false" isStatic="false" isGetter="false" isSetter="false">
              <Summary numSequencePoints="21" visitedSequencePoints="0" numBranchPoints="17" visitedBranchPoints="0" sequenceCoverage="0" branchCoverage="0" maxCyclomaticComplexity="10" minCyclomaticComplexity="10" maxCrapScore="110" minCrapScore="110" visitedClasses="0" numClasses="0" visitedMethods="0" numMethods="1" />
              <MetadataToken>100663718</MetadataToken>
              <Name>System.String Humanizer.Localisation.NumberToWords.FarsiNumberToWordsConverter::Convert(System.Int64)</Name>
              <FileRef uid="111" />
              <SequencePoints>
                <SequencePoint vc="0" uspid="3010" ordinal="0" offset="0" sl="14" sc="13" el="14" ec="66" bec="3" bev="0" fileid="111" />
                <SequencePoint vc="0" uspid="3011" ordinal="1" offset="18" sl="16" sc="17" el="16" ec="53" bec="0" bev="0" fileid="111" />
                <SequencePoint vc="0" uspid="3012" ordinal="2" offset="24" sl="18" sc="13" el="18" ec="37" bec="0" bev="0" fileid="111" />
                <SequencePoint vc="0" uspid="3013" ordinal="3" offset="27" sl="20" sc="13" el="20" ec="28" bec="2" bev="0" fileid="111" />
                <SequencePoint vc="0" uspid="3014" ordinal="4" offset="31" sl="22" sc="17" el="22" ec="68" bec="0" bev="0" fileid="111" />
                <SequencePoint vc="0" uspid="3015" ordinal="5" offset="51" sl="25" sc="13" el="25" ec="29" bec="2" bev="0" fileid="111" />
                <SequencePoint vc="0" uspid="3016" ordinal="6" offset="54" sl="27" sc="17" el="27" ec="30" bec="0" bev="0" fileid="111" />
                <SequencePoint vc="0" uspid="3017" ordinal="7" offset="60" sl="30" sc="13" el="36" ec="15" bec="2" bev="0" fileid="111" />
                <SequencePoint vc="0" uspid="3018" ordinal="8" offset="253" sl="38" sc="13" el="38" ec="44" bec="0" bev="0" fileid="111" />
                <SequencePoint vc="0" uspid="3019" ordinal="9" offset="259" sl="39" sc="35" el="39" ec="54" bec="0" bev="0" fileid="111" />
                <SequencePoint vc="0" uspid="3020" ordinal="10" offset="273" sl="39" sc="22" el="39" ec="31" bec="0" bev="0" fileid="111" />
                <SequencePoint vc="0" uspid="3021" ordinal="11" offset="282" sl="41" sc="17" el="41" ec="40" bec="2" bev="0" fileid="111" />
                <SequencePoint vc="0" uspid="3022" ordinal="12" offset="289" sl="43" sc="21" el="43" ec="70" bec="0" bev="0" fileid="111" />
                <SequencePoint vc="0" uspid="3023" ordinal="13" offset="312" sl="44" sc="21" el="44" ec="37" bec="0" bev="0" fileid="111" />
                <SequencePoint vc="0" uspid="3024" ordinal="14" offset="317" sl="39" sc="32" el="39" ec="34" bec="0" bev="0" fileid="111" />
                <SequencePoint vc="0" uspid="3025" ordinal="15" offset="342" sl="48" sc="13" el="48" ec="30" bec="2" bev="0" fileid="111" />
                <SequencePoint vc="0" uspid="3026" ordinal="16" offset="347" sl="50" sc="17" el="50" ec="54" bec="0" bev="0" fileid="111" />
                <SequencePoint vc="0" uspid="3027" ordinal="17" offset="363" sl="51" sc="17" el="51" ec="30" bec="0" bev="0" fileid="111" />
                <SequencePoint vc="0" uspid="3028" ordinal="18" offset="368" sl="54" sc="13" el="54" ec="28" bec="2" bev="0" fileid="111" />
                <SequencePoint vc="0" uspid="3029" ordinal="19" offset="372" sl="56" sc="17" el="56" ec="50" bec="0" bev="0" fileid="111" />
                <SequencePoint vc="0" uspid="3030" ordinal="20" offset="385" sl="59" sc="13" el="59" ec="46" bec="0" bev="0" fileid="111" />
              </SequencePoints>
              <BranchPoints>
                <BranchPoint vc="0" uspid="3031" ordinal="0" offset="7" sl="14" path="0" offsetend="9" fileid="111" />
                <BranchPoint vc="0" uspid="3032" ordinal="1" offset="7" sl="14" path="1" offsetend="18" fileid="111" />
                <BranchPoint vc="0" uspid="3033" ordinal="2" offset="16" sl="14" path="0" offsetend="18" fileid="111" />
                <BranchPoint vc="0" uspid="3034" ordinal="3" offset="16" sl="14" path="1" offsetend="24" fileid="111" />
                <BranchPoint vc="0" uspid="3035" ordinal="4" offset="29" sl="20" path="0" offsetend="31" fileid="111" />
                <BranchPoint vc="0" uspid="3036" ordinal="5" offset="29" sl="20" path="1" offsetend="51" fileid="111" />
                <BranchPoint vc="0" uspid="3037" ordinal="6" offset="52" sl="25" path="0" offsetend="54" fileid="111" />
                <BranchPoint vc="0" uspid="3038" ordinal="7" offset="52" sl="25" path="1" offsetend="60" fileid="111" />
                <BranchPoint vc="0" uspid="3039" ordinal="8" offset="222" sl="30" path="0" offsetend="224" fileid="111" />
                <BranchPoint vc="0" uspid="3040" ordinal="9" offset="222" sl="30" path="1" offsetend="247" fileid="111" />
                <BranchPoint vc="0" uspid="3041" ordinal="10" offset="287" sl="41" path="0" offsetend="289" fileid="111" />
                <BranchPoint vc="0" uspid="3042" ordinal="11" offset="287" sl="41" path="1" offsetend="317" fileid="111" />
                <BranchPoint vc="0" uspid="3045" ordinal="14" offset="345" sl="48" path="0" offsetend="347" fileid="111" />
                <BranchPoint vc="0" uspid="3046" ordinal="15" offset="345" sl="48" path="1" offsetend="368" fileid="111" />
                <BranchPoint vc="0" uspid="3047" ordinal="16" offset="370" sl="54" path="0" offsetend="372" fileid="111" />
                <BranchPoint vc="0" uspid="3048" ordinal="17" offset="370" sl="54" path="1" offsetend="385" fileid="111" />
              </BranchPoints>
              <MethodPoint xsi:type="SequencePoint" vc="0" uspid="3010" ordinal="0" offset="0" sl="14" sc="13" el="14" ec="66" bec="3" bev="0" fileid="111" />
            </Method>
            <Method visited="false" cyclomaticComplexity="7" nPathComplexity="32" sequenceCoverage="0" branchCoverage="0" crapScore="56" isConstructor="false" isStatic="false" isGetter="false" isSetter="false">
              <Summary numSequencePoints="8" visitedSequencePoints="0" numBranchPoints="11" visitedBranchPoints="0" sequenceCoverage="0" branchCoverage="0" maxCyclomaticComplexity="7" minCyclomaticComplexity="7" maxCrapScore="56" minCrapScore="56" visitedClasses="0" numClasses="0" visitedMethods="0" numMethods="1" />
              <MetadataToken>100663719</MetadataToken>
              <Name>System.String Humanizer.Localisation.NumberToWords.FarsiNumberToWordsConverter::ConvertToOrdinal(System.Int32)</Name>
              <FileRef uid="111" />
              <SequencePoints>
                <SequencePoint vc="0" uspid="3049" ordinal="0" offset="0" sl="64" sc="13" el="64" ec="29" bec="2" bev="0" fileid="111" />
                <SequencePoint vc="0" uspid="3050" ordinal="1" offset="4" sl="66" sc="17" el="66" ec="30" bec="0" bev="0" fileid="111" />
                <SequencePoint vc="0" uspid="3051" ordinal="2" offset="10" sl="69" sc="13" el="69" ec="29" bec="2" bev="0" fileid="111" />
                <SequencePoint vc="0" uspid="3052" ordinal="3" offset="14" sl="71" sc="17" el="71" ec="30" bec="0" bev="0" fileid="111" />
                <SequencePoint vc="0" uspid="3053" ordinal="4" offset="20" sl="74" sc="13" el="74" ec="50" bec="3" bev="0" fileid="111" />
                <SequencePoint vc="0" uspid="3054" ordinal="5" offset="32" sl="76" sc="17" el="76" ec="63" bec="0" bev="0" fileid="111" />
                <SequencePoint vc="0" uspid="3055" ordinal="6" offset="57" sl="79" sc="13" el="79" ec="40" bec="0" bev="0" fileid="111" />
                <SequencePoint vc="0" uspid="3056" ordinal="7" offset="66" sl="80" sc="13" el="80" ec="84" bec="2" bev="0" fileid="111" />
              </SequencePoints>
              <BranchPoints>
                <BranchPoint vc="0" uspid="3057" ordinal="0" offset="2" sl="64" path="0" offsetend="4" fileid="111" />
                <BranchPoint vc="0" uspid="3058" ordinal="1" offset="2" sl="64" path="1" offsetend="10" fileid="111" />
                <BranchPoint vc="0" uspid="3059" ordinal="2" offset="12" sl="69" path="0" offsetend="14" fileid="111" />
                <BranchPoint vc="0" uspid="3060" ordinal="3" offset="12" sl="69" path="1" offsetend="20" fileid="111" />
                <BranchPoint vc="0" uspid="3061" ordinal="4" offset="25" sl="74" path="0" offsetend="27" fileid="111" />
                <BranchPoint vc="0" uspid="3062" ordinal="5" offset="25" sl="74" path="1" offsetend="57" fileid="111" />
                <BranchPoint vc="0" uspid="3063" ordinal="6" offset="30" sl="74" path="0" offsetend="32" fileid="111" />
                <BranchPoint vc="0" uspid="3064" ordinal="7" offset="30" sl="74" path="1" offsetend="57" fileid="111" />
                <BranchPoint vc="0" uspid="3065" ordinal="8" offset="83" sl="80" path="0" offsetend="85" fileid="111" />
                <BranchPoint vc="0" uspid="3066" ordinal="9" offset="83" sl="80" path="1" offsetend="92" fileid="111" />
              </BranchPoints>
              <MethodPoint xsi:type="SequencePoint" vc="0" uspid="3049" ordinal="0" offset="0" sl="64" sc="13" el="64" ec="29" bec="2" bev="0" fileid="111" />
            </Method>
            <Method visited="false" cyclomaticComplexity="1" nPathComplexity="0" sequenceCoverage="0" branchCoverage="0" crapScore="2" isConstructor="true" isStatic="false" isGetter="false" isSetter="false">
              <Summary numSequencePoints="0" visitedSequencePoints="0" numBranchPoints="0" visitedBranchPoints="0" sequenceCoverage="0" branchCoverage="0" maxCyclomaticComplexity="1" minCyclomaticComplexity="1" maxCrapScore="2" minCrapScore="2" visitedClasses="0" numClasses="0" visitedMethods="0" numMethods="0" />
              <MetadataToken>100663720</MetadataToken>
              <Name>System.Void Humanizer.Localisation.NumberToWords.FarsiNumberToWordsConverter::.ctor()</Name>
              <SequencePoints />
              <BranchPoints />
              <MethodPoint vc="0" uspid="3067" ordinal="0" offset="0" />
            </Method>
            <Method visited="false" cyclomaticComplexity="1" nPathComplexity="0" sequenceCoverage="0" branchCoverage="0" crapScore="2" isConstructor="true" isStatic="true" isGetter="false" isSetter="false">
              <Summary numSequencePoints="3" visitedSequencePoints="0" numBranchPoints="1" visitedBranchPoints="0" sequenceCoverage="0" branchCoverage="0" maxCyclomaticComplexity="1" minCyclomaticComplexity="1" maxCrapScore="2" minCrapScore="2" visitedClasses="0" numClasses="0" visitedMethods="0" numMethods="1" />
              <MetadataToken>100663721</MetadataToken>
              <Name>System.Void Humanizer.Localisation.NumberToWords.FarsiNumberToWordsConverter::.cctor()</Name>
              <FileRef uid="111" />
              <SequencePoints>
                <SequencePoint vc="0" uspid="3068" ordinal="0" offset="0" sl="8" sc="9" el="8" ec="147" bec="0" bev="0" fileid="111" />
                <SequencePoint vc="0" uspid="3069" ordinal="1" offset="93" sl="9" sc="9" el="9" ec="135" bec="0" bev="0" fileid="111" />
                <SequencePoint vc="0" uspid="3070" ordinal="2" offset="186" sl="10" sc="9" el="10" ec="216" bec="0" bev="0" fileid="111" />
              </SequencePoints>
              <BranchPoints />
              <MethodPoint xsi:type="SequencePoint" vc="0" uspid="3068" ordinal="0" offset="0" sl="8" sc="9" el="8" ec="147" bec="0" bev="0" fileid="111" />
            </Method>
            <Method visited="false" cyclomaticComplexity="1" nPathComplexity="0" sequenceCoverage="0" branchCoverage="0" crapScore="2" isConstructor="false" isStatic="false" isGetter="false" isSetter="false">
              <Summary numSequencePoints="1" visitedSequencePoints="0" numBranchPoints="1" visitedBranchPoints="0" sequenceCoverage="0" branchCoverage="0" maxCyclomaticComplexity="1" minCyclomaticComplexity="1" maxCrapScore="2" minCrapScore="2" visitedClasses="0" numClasses="0" visitedMethods="0" numMethods="1" />
              <MetadataToken>100663722</MetadataToken>
              <Name>System.String Humanizer.Localisation.NumberToWords.FarsiNumberToWordsConverter::&lt;Convert&gt;b__3_0(System.Int32)</Name>
              <FileRef uid="111" />
              <SequencePoints>
                <SequencePoint vc="0" uspid="3071" ordinal="0" offset="0" sl="32" sc="45" el="32" ec="85" bec="0" bev="0" fileid="111" />
              </SequencePoints>
              <BranchPoints />
              <MethodPoint xsi:type="SequencePoint" vc="0" uspid="3071" ordinal="0" offset="0" sl="32" sc="45" el="32" ec="85" bec="0" bev="0" fileid="111" />
            </Method>
            <Method visited="false" cyclomaticComplexity="1" nPathComplexity="0" sequenceCoverage="0" branchCoverage="0" crapScore="2" isConstructor="false" isStatic="false" isGetter="false" isSetter="false">
              <Summary numSequencePoints="1" visitedSequencePoints="0" numBranchPoints="1" visitedBranchPoints="0" sequenceCoverage="0" branchCoverage="0" maxCyclomaticComplexity="1" minCyclomaticComplexity="1" maxCrapScore="2" minCrapScore="2" visitedClasses="0" numClasses="0" visitedMethods="0" numMethods="1" />
              <MetadataToken>100663723</MetadataToken>
              <Name>System.String Humanizer.Localisation.NumberToWords.FarsiNumberToWordsConverter::&lt;Convert&gt;b__3_1(System.Int32)</Name>
              <FileRef uid="111" />
              <SequencePoints>
                <SequencePoint vc="0" uspid="3072" ordinal="0" offset="0" sl="33" sc="45" el="33" ec="84" bec="0" bev="0" fileid="111" />
              </SequencePoints>
              <BranchPoints />
              <MethodPoint xsi:type="SequencePoint" vc="0" uspid="3072" ordinal="0" offset="0" sl="33" sc="45" el="33" ec="84" bec="0" bev="0" fileid="111" />
            </Method>
            <Method visited="false" cyclomaticComplexity="1" nPathComplexity="0" sequenceCoverage="0" branchCoverage="0" crapScore="2" isConstructor="false" isStatic="false" isGetter="false" isSetter="false">
              <Summary numSequencePoints="1" visitedSequencePoints="0" numBranchPoints="1" visitedBranchPoints="0" sequenceCoverage="0" branchCoverage="0" maxCyclomaticComplexity="1" minCyclomaticComplexity="1" maxCrapScore="2" minCrapScore="2" visitedClasses="0" numClasses="0" visitedMethods="0" numMethods="1" />
              <MetadataToken>100663724</MetadataToken>
              <Name>System.String Humanizer.Localisation.NumberToWords.FarsiNumberToWordsConverter::&lt;Convert&gt;b__3_2(System.Int32)</Name>
              <FileRef uid="111" />
              <SequencePoints>
                <SequencePoint vc="0" uspid="3073" ordinal="0" offset="0" sl="34" sc="45" el="34" ec="82" bec="0" bev="0" fileid="111" />
              </SequencePoints>
              <BranchPoints />
              <MethodPoint xsi:type="SequencePoint" vc="0" uspid="3073" ordinal="0" offset="0" sl="34" sc="45" el="34" ec="82" bec="0" bev="0" fileid="111" />
            </Method>
          </Methods>
        </Class>
        <Class>
          <Summary numSequencePoints="1" visitedSequencePoints="0" numBranchPoints="1" visitedBranchPoints="0" sequenceCoverage="0" branchCoverage="0" maxCyclomaticComplexity="1" minCyclomaticComplexity="1" maxCrapScore="2" minCrapScore="2" visitedClasses="0" numClasses="1" visitedMethods="0" numMethods="1" />
          <FullName>Humanizer.Localisation.NumberToWords.FarsiNumberToWordsConverter/&lt;&gt;c</FullName>
          <Methods>
            <Method visited="false" cyclomaticComplexity="1" nPathComplexity="0" sequenceCoverage="0" branchCoverage="0" crapScore="2" isConstructor="true" isStatic="true" isGetter="false" isSetter="false">
              <Summary numSequencePoints="0" visitedSequencePoints="0" numBranchPoints="0" visitedBranchPoints="0" sequenceCoverage="0" branchCoverage="0" maxCyclomaticComplexity="1" minCyclomaticComplexity="1" maxCrapScore="2" minCrapScore="2" visitedClasses="0" numClasses="0" visitedMethods="0" numMethods="0" />
              <MetadataToken>100664674</MetadataToken>
              <Name>System.Void Humanizer.Localisation.NumberToWords.FarsiNumberToWordsConverter/&lt;&gt;c::.cctor()</Name>
              <SequencePoints />
              <BranchPoints />
              <MethodPoint vc="0" uspid="3074" ordinal="0" offset="0" />
            </Method>
            <Method visited="false" cyclomaticComplexity="1" nPathComplexity="0" sequenceCoverage="0" branchCoverage="0" crapScore="2" isConstructor="true" isStatic="false" isGetter="false" isSetter="false">
              <Summary numSequencePoints="0" visitedSequencePoints="0" numBranchPoints="0" visitedBranchPoints="0" sequenceCoverage="0" branchCoverage="0" maxCyclomaticComplexity="1" minCyclomaticComplexity="1" maxCrapScore="2" minCrapScore="2" visitedClasses="0" numClasses="0" visitedMethods="0" numMethods="0" />
              <MetadataToken>100664675</MetadataToken>
              <Name>System.Void Humanizer.Localisation.NumberToWords.FarsiNumberToWordsConverter/&lt;&gt;c::.ctor()</Name>
              <SequencePoints />
              <BranchPoints />
              <MethodPoint vc="0" uspid="3075" ordinal="0" offset="0" />
            </Method>
            <Method visited="false" cyclomaticComplexity="1" nPathComplexity="0" sequenceCoverage="0" branchCoverage="0" crapScore="2" isConstructor="false" isStatic="false" isGetter="false" isSetter="false">
              <Summary numSequencePoints="1" visitedSequencePoints="0" numBranchPoints="1" visitedBranchPoints="0" sequenceCoverage="0" branchCoverage="0" maxCyclomaticComplexity="1" minCyclomaticComplexity="1" maxCrapScore="2" minCrapScore="2" visitedClasses="0" numClasses="0" visitedMethods="0" numMethods="1" />
              <MetadataToken>100664676</MetadataToken>
              <Name>System.String Humanizer.Localisation.NumberToWords.FarsiNumberToWordsConverter/&lt;&gt;c::&lt;Convert&gt;b__3_3(System.Int32)</Name>
              <FileRef uid="111" />
              <SequencePoints>
                <SequencePoint vc="0" uspid="3076" ordinal="0" offset="0" sl="35" sc="45" el="35" ec="64" bec="0" bev="0" fileid="111" />
              </SequencePoints>
              <BranchPoints />
              <MethodPoint xsi:type="SequencePoint" vc="0" uspid="3076" ordinal="0" offset="0" sl="35" sc="45" el="35" ec="64" bec="0" bev="0" fileid="111" />
            </Method>
          </Methods>
        </Class>
        <Class>
          <Summary numSequencePoints="60" visitedSequencePoints="0" numBranchPoints="75" visitedBranchPoints="0" sequenceCoverage="0" branchCoverage="0" maxCyclomaticComplexity="19" minCyclomaticComplexity="1" maxCrapScore="380" minCrapScore="2" visitedClasses="0" numClasses="1" visitedMethods="0" numMethods="5" />
          <FullName>Humanizer.Localisation.NumberToWords.FinnishNumberToWordsConverter</FullName>
          <Methods>
            <Method visited="false" cyclomaticComplexity="19" nPathComplexity="262144" sequenceCoverage="0" branchCoverage="0" crapScore="380" isConstructor="false" isStatic="false" isGetter="false" isSetter="false">
              <Summary numSequencePoints="29" visitedSequencePoints="0" numBranchPoints="37" visitedBranchPoints="0" sequenceCoverage="0" branchCoverage="0" maxCyclomaticComplexity="19" minCyclomaticComplexity="19" maxCrapScore="380" minCrapScore="380" visitedClasses="0" numClasses="0" visitedMethods="0" numMethods="1" />
              <MetadataToken>100663725</MetadataToken>
              <Name>System.String Humanizer.Localisation.NumberToWords.FinnishNumberToWordsConverter::Convert(System.Int64)</Name>
              <FileRef uid="113" />
              <SequencePoints>
                <SequencePoint vc="0" uspid="3077" ordinal="0" offset="0" sl="19" sc="13" el="19" ec="66" bec="3" bev="0" fileid="113" />
                <SequencePoint vc="0" uspid="3078" ordinal="1" offset="18" sl="21" sc="17" el="21" ec="53" bec="0" bev="0" fileid="113" />
                <SequencePoint vc="0" uspid="3079" ordinal="2" offset="24" sl="23" sc="13" el="23" ec="37" bec="0" bev="0" fileid="113" />
                <SequencePoint vc="0" uspid="3080" ordinal="3" offset="27" sl="25" sc="13" el="25" ec="28" bec="2" bev="0" fileid="113" />
                <SequencePoint vc="0" uspid="3081" ordinal="4" offset="31" sl="27" sc="17" el="27" ec="70" bec="0" bev="0" fileid="113" />
                <SequencePoint vc="0" uspid="3082" ordinal="5" offset="51" sl="30" sc="13" el="30" ec="29" bec="2" bev="0" fileid="113" />
                <SequencePoint vc="0" uspid="3083" ordinal="6" offset="54" sl="32" sc="17" el="32" ec="36" bec="0" bev="0" fileid="113" />
                <SequencePoint vc="0" uspid="3084" ordinal="7" offset="62" sl="35" sc="13" el="35" ec="44" bec="0" bev="0" fileid="113" />
                <SequencePoint vc="0" uspid="3085" ordinal="8" offset="68" sl="37" sc="13" el="37" ec="43" bec="2" bev="0" fileid="113" />
                <SequencePoint vc="0" uspid="3086" ordinal="9" offset="78" sl="39" sc="17" el="41" ec="85" bec="2" bev="0" fileid="113" />
                <SequencePoint vc="0" uspid="3087" ordinal="10" offset="125" sl="43" sc="17" el="43" ec="38" bec="0" bev="0" fileid="113" />
                <SequencePoint vc="0" uspid="3088" ordinal="11" offset="133" sl="46" sc="13" el="46" ec="40" bec="2" bev="0" fileid="113" />
                <SequencePoint vc="0" uspid="3089" ordinal="12" offset="143" sl="48" sc="17" el="50" ec="82" bec="2" bev="0" fileid="113" />
                <SequencePoint vc="0" uspid="3090" ordinal="13" offset="190" sl="52" sc="17" el="52" ec="35" bec="0" bev="0" fileid="113" />
                <SequencePoint vc="0" uspid="3091" ordinal="14" offset="198" sl="55" sc="13" el="55" ec="37" bec="2" bev="0" fileid="113" />
                <SequencePoint vc="0" uspid="3092" ordinal="15" offset="208" sl="57" sc="17" el="59" ec="77" bec="2" bev="0" fileid="113" />
                <SequencePoint vc="0" uspid="3093" ordinal="16" offset="255" sl="61" sc="17" el="61" ec="32" bec="0" bev="0" fileid="113" />
                <SequencePoint vc="0" uspid="3094" ordinal="17" offset="263" sl="64" sc="13" el="64" ec="36" bec="2" bev="0" fileid="113" />
                <SequencePoint vc="0" uspid="3095" ordinal="18" offset="270" sl="66" sc="17" el="68" ec="73" bec="2" bev="0" fileid="113" />
                <SequencePoint vc="0" uspid="3096" ordinal="19" offset="311" sl="70" sc="17" el="70" ec="31" bec="0" bev="0" fileid="113" />
                <SequencePoint vc="0" uspid="3097" ordinal="20" offset="316" sl="73" sc="13" el="73" ec="51" bec="3" bev="0" fileid="113" />
                <SequencePoint vc="0" uspid="3098" ordinal="21" offset="328" sl="75" sc="17" el="75" ec="79" bec="0" bev="0" fileid="113" />
                <SequencePoint vc="0" uspid="3099" ordinal="22" offset="355" sl="76" sc="17" el="76" ec="30" bec="0" bev="0" fileid="113" />
                <SequencePoint vc="0" uspid="3100" ordinal="23" offset="360" sl="77" sc="13" el="77" ec="14" bec="0" bev="0" fileid="113" />
                <SequencePoint vc="0" uspid="3101" ordinal="24" offset="362" sl="78" sc="18" el="78" ec="49" bec="3" bev="0" fileid="113" />
                <SequencePoint vc="0" uspid="3102" ordinal="25" offset="372" sl="80" sc="17" el="80" ec="78" bec="0" bev="0" fileid="113" />
                <SequencePoint vc="0" uspid="3103" ordinal="26" offset="398" sl="83" sc="13" el="83" ec="44" bec="3" bev="0" fileid="113" />
                <SequencePoint vc="0" uspid="3104" ordinal="27" offset="407" sl="85" sc="17" el="85" ec="45" bec="0" bev="0" fileid="113" />
                <SequencePoint vc="0" uspid="3105" ordinal="28" offset="420" sl="88" sc="13" el="88" ec="50" bec="0" bev="0" fileid="113" />
              </SequencePoints>
              <BranchPoints>
                <BranchPoint vc="0" uspid="3106" ordinal="0" offset="7" sl="19" path="0" offsetend="9" fileid="113" />
                <BranchPoint vc="0" uspid="3107" ordinal="1" offset="7" sl="19" path="1" offsetend="18" fileid="113" />
                <BranchPoint vc="0" uspid="3108" ordinal="2" offset="16" sl="19" path="0" offsetend="18" fileid="113" />
                <BranchPoint vc="0" uspid="3109" ordinal="3" offset="16" sl="19" path="1" offsetend="24" fileid="113" />
                <BranchPoint vc="0" uspid="3110" ordinal="4" offset="29" sl="25" path="0" offsetend="31" fileid="113" />
                <BranchPoint vc="0" uspid="3111" ordinal="5" offset="29" sl="25" path="1" offsetend="51" fileid="113" />
                <BranchPoint vc="0" uspid="3112" ordinal="6" offset="52" sl="30" path="0" offsetend="54" fileid="113" />
                <BranchPoint vc="0" uspid="3113" ordinal="7" offset="52" sl="30" path="1" offsetend="62" fileid="113" />
                <BranchPoint vc="0" uspid="3114" ordinal="8" offset="76" sl="37" path="0" offsetend="78" fileid="113" />
                <BranchPoint vc="0" uspid="3115" ordinal="9" offset="76" sl="37" path="1" offsetend="133" fileid="113" />
                <BranchPoint vc="0" uspid="3116" ordinal="10" offset="87" sl="39" path="0" offsetend="89" fileid="113" />
                <BranchPoint vc="0" uspid="3117" ordinal="11" offset="87" sl="39" path="1" offsetend="115" fileid="113" />
                <BranchPoint vc="0" uspid="3118" ordinal="12" offset="141" sl="46" path="0" offsetend="143" fileid="113" />
                <BranchPoint vc="0" uspid="3119" ordinal="13" offset="141" sl="46" path="1" offsetend="198" fileid="113" />
                <BranchPoint vc="0" uspid="3120" ordinal="14" offset="152" sl="48" path="0" offsetend="154" fileid="113" />
                <BranchPoint vc="0" uspid="3121" ordinal="15" offset="152" sl="48" path="1" offsetend="180" fileid="113" />
                <BranchPoint vc="0" uspid="3122" ordinal="16" offset="206" sl="55" path="0" offsetend="208" fileid="113" />
                <BranchPoint vc="0" uspid="3123" ordinal="17" offset="206" sl="55" path="1" offsetend="263" fileid="113" />
                <BranchPoint vc="0" uspid="3124" ordinal="18" offset="217" sl="57" path="0" offsetend="219" fileid="113" />
                <BranchPoint vc="0" uspid="3125" ordinal="19" offset="217" sl="57" path="1" offsetend="245" fileid="113" />
                <BranchPoint vc="0" uspid="3126" ordinal="20" offset="268" sl="64" path="0" offsetend="270" fileid="113" />
                <BranchPoint vc="0" uspid="3127" ordinal="21" offset="268" sl="64" path="1" offsetend="316" fileid="113" />
                <BranchPoint vc="0" uspid="3128" ordinal="22" offset="276" sl="66" path="0" offsetend="278" fileid="113" />
                <BranchPoint vc="0" uspid="3129" ordinal="23" offset="276" sl="66" path="1" offsetend="301" fileid="113" />
                <BranchPoint vc="0" uspid="3130" ordinal="24" offset="319" sl="73" path="0" offsetend="321" fileid="113" />
                <BranchPoint vc="0" uspid="3131" ordinal="25" offset="319" sl="73" path="1" offsetend="362" fileid="113" />
                <BranchPoint vc="0" uspid="3132" ordinal="26" offset="326" sl="73" path="0" offsetend="328" fileid="113" />
                <BranchPoint vc="0" uspid="3133" ordinal="27" offset="326" sl="73" path="1" offsetend="362" fileid="113" />
                <BranchPoint vc="0" uspid="3134" ordinal="28" offset="365" sl="78" path="0" offsetend="367" fileid="113" />
                <BranchPoint vc="0" uspid="3135" ordinal="29" offset="365" sl="78" path="1" offsetend="398" fileid="113" />
                <BranchPoint vc="0" uspid="3136" ordinal="30" offset="370" sl="78" path="0" offsetend="372" fileid="113" />
                <BranchPoint vc="0" uspid="3137" ordinal="31" offset="370" sl="78" path="1" offsetend="398" fileid="113" />
                <BranchPoint vc="0" uspid="3138" ordinal="32" offset="400" sl="83" path="0" offsetend="402" fileid="113" />
                <BranchPoint vc="0" uspid="3139" ordinal="33" offset="400" sl="83" path="1" offsetend="420" fileid="113" />
                <BranchPoint vc="0" uspid="3140" ordinal="34" offset="405" sl="83" path="0" offsetend="407" fileid="113" />
                <BranchPoint vc="0" uspid="3141" ordinal="35" offset="405" sl="83" path="1" offsetend="420" fileid="113" />
              </BranchPoints>
              <MethodPoint xsi:type="SequencePoint" vc="0" uspid="3077" ordinal="0" offset="0" sl="19" sc="13" el="19" ec="66" bec="3" bev="0" fileid="113" />
            </Method>
            <Method visited="false" cyclomaticComplexity="3" nPathComplexity="4" sequenceCoverage="0" branchCoverage="0" crapScore="12" isConstructor="false" isStatic="false" isGetter="false" isSetter="false">
              <Summary numSequencePoints="3" visitedSequencePoints="0" numBranchPoints="5" visitedBranchPoints="0" sequenceCoverage="0" branchCoverage="0" maxCyclomaticComplexity="3" minCyclomaticComplexity="3" maxCrapScore="12" minCrapScore="12" visitedClasses="0" numClasses="0" visitedMethods="0" numMethods="1" />
              <MetadataToken>100663726</MetadataToken>
              <Name>System.String Humanizer.Localisation.NumberToWords.FinnishNumberToWordsConverter::GetOrdinalUnit(System.Int32,System.Boolean)</Name>
              <FileRef uid="113" />
              <SequencePoints>
                <SequencePoint vc="0" uspid="3142" ordinal="0" offset="0" sl="93" sc="13" el="93" ec="72" bec="3" bev="0" fileid="113" />
                <SequencePoint vc="0" uspid="3143" ordinal="1" offset="16" sl="95" sc="17" el="95" ec="50" bec="0" bev="0" fileid="113" />
                <SequencePoint vc="0" uspid="3144" ordinal="2" offset="28" sl="98" sc="13" el="98" ec="44" bec="0" bev="0" fileid="113" />
              </SequencePoints>
              <BranchPoints>
                <BranchPoint vc="0" uspid="3145" ordinal="0" offset="1" sl="93" path="0" offsetend="3" fileid="113" />
                <BranchPoint vc="0" uspid="3146" ordinal="1" offset="1" sl="93" path="1" offsetend="28" fileid="113" />
                <BranchPoint vc="0" uspid="3147" ordinal="2" offset="14" sl="93" path="0" offsetend="16" fileid="113" />
                <BranchPoint vc="0" uspid="3148" ordinal="3" offset="14" sl="93" path="1" offsetend="28" fileid="113" />
              </BranchPoints>
              <MethodPoint xsi:type="SequencePoint" vc="0" uspid="3142" ordinal="0" offset="0" sl="93" sc="13" el="93" ec="72" bec="3" bev="0" fileid="113" />
            </Method>
            <Method visited="false" cyclomaticComplexity="16" nPathComplexity="32768" sequenceCoverage="0" branchCoverage="0" crapScore="272" isConstructor="false" isStatic="false" isGetter="false" isSetter="false">
              <Summary numSequencePoints="24" visitedSequencePoints="0" numBranchPoints="31" visitedBranchPoints="0" sequenceCoverage="0" branchCoverage="0" maxCyclomaticComplexity="16" minCyclomaticComplexity="16" maxCrapScore="272" minCrapScore="272" visitedClasses="0" numClasses="0" visitedMethods="0" numMethods="1" />
              <MetadataToken>100663727</MetadataToken>
              <Name>System.String Humanizer.Localisation.NumberToWords.FinnishNumberToWordsConverter::ToOrdinal(System.Int32,System.Boolean)</Name>
              <FileRef uid="113" />
              <SequencePoints>
                <SequencePoint vc="0" uspid="3149" ordinal="0" offset="0" sl="103" sc="13" el="103" ec="29" bec="2" bev="0" fileid="113" />
                <SequencePoint vc="0" uspid="3150" ordinal="1" offset="3" sl="105" sc="17" el="105" ec="43" bec="0" bev="0" fileid="113" />
                <SequencePoint vc="0" uspid="3151" ordinal="2" offset="11" sl="108" sc="13" el="108" ec="44" bec="0" bev="0" fileid="113" />
                <SequencePoint vc="0" uspid="3152" ordinal="3" offset="17" sl="110" sc="13" el="110" ec="43" bec="2" bev="0" fileid="113" />
                <SequencePoint vc="0" uspid="3153" ordinal="4" offset="27" sl="112" sc="17" el="112" ec="130" bec="2" bev="0" fileid="113" />
                <SequencePoint vc="0" uspid="3154" ordinal="5" offset="74" sl="113" sc="17" el="113" ec="38" bec="0" bev="0" fileid="113" />
                <SequencePoint vc="0" uspid="3155" ordinal="6" offset="83" sl="116" sc="13" el="116" ec="40" bec="2" bev="0" fileid="113" />
                <SequencePoint vc="0" uspid="3156" ordinal="7" offset="93" sl="118" sc="17" el="118" ec="124" bec="2" bev="0" fileid="113" />
                <SequencePoint vc="0" uspid="3157" ordinal="8" offset="140" sl="119" sc="17" el="119" ec="35" bec="0" bev="0" fileid="113" />
                <SequencePoint vc="0" uspid="3158" ordinal="9" offset="149" sl="122" sc="13" el="122" ec="37" bec="2" bev="0" fileid="113" />
                <SequencePoint vc="0" uspid="3159" ordinal="10" offset="159" sl="124" sc="17" el="124" ec="117" bec="2" bev="0" fileid="113" />
                <SequencePoint vc="0" uspid="3160" ordinal="11" offset="206" sl="125" sc="17" el="125" ec="32" bec="0" bev="0" fileid="113" />
                <SequencePoint vc="0" uspid="3161" ordinal="12" offset="215" sl="128" sc="13" el="128" ec="36" bec="2" bev="0" fileid="113" />
                <SequencePoint vc="0" uspid="3162" ordinal="13" offset="222" sl="130" sc="17" el="130" ec="112" bec="2" bev="0" fileid="113" />
                <SequencePoint vc="0" uspid="3163" ordinal="14" offset="263" sl="131" sc="17" el="131" ec="31" bec="0" bev="0" fileid="113" />
                <SequencePoint vc="0" uspid="3164" ordinal="15" offset="269" sl="134" sc="13" el="134" ec="51" bec="3" bev="0" fileid="113" />
                <SequencePoint vc="0" uspid="3165" ordinal="16" offset="281" sl="136" sc="17" el="136" ec="87" bec="0" bev="0" fileid="113" />
                <SequencePoint vc="0" uspid="3166" ordinal="17" offset="308" sl="137" sc="17" el="137" ec="30" bec="0" bev="0" fileid="113" />
                <SequencePoint vc="0" uspid="3167" ordinal="18" offset="314" sl="138" sc="13" el="138" ec="14" bec="0" bev="0" fileid="113" />
                <SequencePoint vc="0" uspid="3168" ordinal="19" offset="316" sl="139" sc="18" el="139" ec="49" bec="3" bev="0" fileid="113" />
                <SequencePoint vc="0" uspid="3169" ordinal="20" offset="326" sl="141" sc="17" el="141" ec="90" bec="0" bev="0" fileid="113" />
                <SequencePoint vc="0" uspid="3170" ordinal="21" offset="353" sl="144" sc="13" el="144" ec="44" bec="3" bev="0" fileid="113" />
                <SequencePoint vc="0" uspid="3171" ordinal="22" offset="362" sl="146" sc="17" el="146" ec="66" bec="0" bev="0" fileid="113" />
                <SequencePoint vc="0" uspid="3172" ordinal="23" offset="376" sl="149" sc="13" el="149" ec="43" bec="0" bev="0" fileid="113" />
              </SequencePoints>
              <BranchPoints>
                <BranchPoint vc="0" uspid="3173" ordinal="0" offset="1" sl="103" path="0" offsetend="3" fileid="113" />
                <BranchPoint vc="0" uspid="3174" ordinal="1" offset="1" sl="103" path="1" offsetend="11" fileid="113" />
                <BranchPoint vc="0" uspid="3175" ordinal="2" offset="25" sl="110" path="0" offsetend="27" fileid="113" />
                <BranchPoint vc="0" uspid="3176" ordinal="3" offset="25" sl="110" path="1" offsetend="83" fileid="113" />
                <BranchPoint vc="0" uspid="3177" ordinal="4" offset="41" sl="112" path="0" offsetend="43" fileid="113" />
                <BranchPoint vc="0" uspid="3178" ordinal="5" offset="41" sl="112" path="1" offsetend="59" fileid="113" />
                <BranchPoint vc="0" uspid="3179" ordinal="6" offset="91" sl="116" path="0" offsetend="93" fileid="113" />
                <BranchPoint vc="0" uspid="3180" ordinal="7" offset="91" sl="116" path="1" offsetend="149" fileid="113" />
                <BranchPoint vc="0" uspid="3181" ordinal="8" offset="107" sl="118" path="0" offsetend="109" fileid="113" />
                <BranchPoint vc="0" uspid="3182" ordinal="9" offset="107" sl="118" path="1" offsetend="125" fileid="113" />
                <BranchPoint vc="0" uspid="3183" ordinal="10" offset="157" sl="122" path="0" offsetend="159" fileid="113" />
                <BranchPoint vc="0" uspid="3184" ordinal="11" offset="157" sl="122" path="1" offsetend="215" fileid="113" />
                <BranchPoint vc="0" uspid="3185" ordinal="12" offset="173" sl="124" path="0" offsetend="175" fileid="113" />
                <BranchPoint vc="0" uspid="3186" ordinal="13" offset="173" sl="124" path="1" offsetend="191" fileid="113" />
                <BranchPoint vc="0" uspid="3187" ordinal="14" offset="220" sl="128" path="0" offsetend="222" fileid="113" />
                <BranchPoint vc="0" uspid="3188" ordinal="15" offset="220" sl="128" path="1" offsetend="269" fileid="113" />
                <BranchPoint vc="0" uspid="3189" ordinal="16" offset="233" sl="130" path="0" offsetend="235" fileid="113" />
                <BranchPoint vc="0" uspid="3190" ordinal="17" offset="233" sl="130" path="1" offsetend="248" fileid="113" />
                <BranchPoint vc="0" uspid="3191" ordinal="18" offset="272" sl="134" path="0" offsetend="274" fileid="113" />
                <BranchPoint vc="0" uspid="3192" ordinal="19" offset="272" sl="134" path="1" offsetend="316" fileid="113" />
                <BranchPoint vc="0" uspid="3193" ordinal="20" offset="279" sl="134" path="0" offsetend="281" fileid="113" />
                <BranchPoint vc="0" uspid="3194" ordinal="21" offset="279" sl="134" path="1" offsetend="316" fileid="113" />
                <BranchPoint vc="0" uspid="3195" ordinal="22" offset="319" sl="139" path="0" offsetend="321" fileid="113" />
                <BranchPoint vc="0" uspid="3196" ordinal="23" offset="319" sl="139" path="1" offsetend="353" fileid="113" />
                <BranchPoint vc="0" uspid="3197" ordinal="24" offset="324" sl="139" path="0" offsetend="326" fileid="113" />
                <BranchPoint vc="0" uspid="3198" ordinal="25" offset="324" sl="139" path="1" offsetend="353" fileid="113" />
                <BranchPoint vc="0" uspid="3199" ordinal="26" offset="355" sl="144" path="0" offsetend="357" fileid="113" />
                <BranchPoint vc="0" uspid="3200" ordinal="27" offset="355" sl="144" path="1" offsetend="376" fileid="113" />
                <BranchPoint vc="0" uspid="3201" ordinal="28" offset="360" sl="144" path="0" offsetend="362" fileid="113" />
                <BranchPoint vc="0" uspid="3202" ordinal="29" offset="360" sl="144" path="1" offsetend="376" fileid="113" />
              </BranchPoints>
              <MethodPoint xsi:type="SequencePoint" vc="0" uspid="3149" ordinal="0" offset="0" sl="103" sc="13" el="103" ec="29" bec="2" bev="0" fileid="113" />
            </Method>
            <Method visited="false" cyclomaticComplexity="1" nPathComplexity="0" sequenceCoverage="0" branchCoverage="0" crapScore="2" isConstructor="false" isStatic="false" isGetter="false" isSetter="false">
              <Summary numSequencePoints="1" visitedSequencePoints="0" numBranchPoints="1" visitedBranchPoints="0" sequenceCoverage="0" branchCoverage="0" maxCyclomaticComplexity="1" minCyclomaticComplexity="1" maxCrapScore="2" minCrapScore="2" visitedClasses="0" numClasses="0" visitedMethods="0" numMethods="1" />
              <MetadataToken>100663728</MetadataToken>
              <Name>System.String Humanizer.Localisation.NumberToWords.FinnishNumberToWordsConverter::ConvertToOrdinal(System.Int32)</Name>
              <FileRef uid="113" />
              <SequencePoints>
                <SequencePoint vc="0" uspid="3203" ordinal="0" offset="0" sl="154" sc="13" el="154" ec="45" bec="0" bev="0" fileid="113" />
              </SequencePoints>
              <BranchPoints />
              <MethodPoint xsi:type="SequencePoint" vc="0" uspid="3203" ordinal="0" offset="0" sl="154" sc="13" el="154" ec="45" bec="0" bev="0" fileid="113" />
            </Method>
            <Method visited="false" cyclomaticComplexity="1" nPathComplexity="0" sequenceCoverage="0" branchCoverage="0" crapScore="2" isConstructor="true" isStatic="false" isGetter="false" isSetter="false">
              <Summary numSequencePoints="0" visitedSequencePoints="0" numBranchPoints="0" visitedBranchPoints="0" sequenceCoverage="0" branchCoverage="0" maxCyclomaticComplexity="1" minCyclomaticComplexity="1" maxCrapScore="2" minCrapScore="2" visitedClasses="0" numClasses="0" visitedMethods="0" numMethods="0" />
              <MetadataToken>100663729</MetadataToken>
              <Name>System.Void Humanizer.Localisation.NumberToWords.FinnishNumberToWordsConverter::.ctor()</Name>
              <SequencePoints />
              <BranchPoints />
              <MethodPoint vc="0" uspid="3204" ordinal="0" offset="0" />
            </Method>
            <Method visited="false" cyclomaticComplexity="1" nPathComplexity="0" sequenceCoverage="0" branchCoverage="0" crapScore="2" isConstructor="true" isStatic="true" isGetter="false" isSetter="false">
              <Summary numSequencePoints="3" visitedSequencePoints="0" numBranchPoints="1" visitedBranchPoints="0" sequenceCoverage="0" branchCoverage="0" maxCyclomaticComplexity="1" minCyclomaticComplexity="1" maxCrapScore="2" minCrapScore="2" visitedClasses="0" numClasses="0" visitedMethods="0" numMethods="1" />
              <MetadataToken>100663730</MetadataToken>
              <Name>System.Void Humanizer.Localisation.NumberToWords.FinnishNumberToWordsConverter::.cctor()</Name>
              <FileRef uid="113" />
              <SequencePoints>
                <SequencePoint vc="0" uspid="3205" ordinal="0" offset="0" sl="8" sc="9" el="8" ec="168" bec="0" bev="0" fileid="113" />
                <SequencePoint vc="0" uspid="3206" ordinal="1" offset="102" sl="9" sc="9" el="9" ec="188" bec="0" bev="0" fileid="113" />
                <SequencePoint vc="0" uspid="3207" ordinal="2" offset="204" sl="11" sc="9" el="15" ec="11" bec="0" bev="0" fileid="113" />
              </SequencePoints>
              <BranchPoints />
              <MethodPoint xsi:type="SequencePoint" vc="0" uspid="3205" ordinal="0" offset="0" sl="8" sc="9" el="8" ec="168" bec="0" bev="0" fileid="113" />
            </Method>
          </Methods>
        </Class>
        <Class>
          <Summary numSequencePoints="11" visitedSequencePoints="0" numBranchPoints="12" visitedBranchPoints="0" sequenceCoverage="0" branchCoverage="0" maxCyclomaticComplexity="7" minCyclomaticComplexity="1" maxCrapScore="56" minCrapScore="2" visitedClasses="0" numClasses="1" visitedMethods="0" numMethods="2" />
          <FullName>Humanizer.Localisation.NumberToWords.FrenchBelgianNumberToWordsConverter</FullName>
          <Methods>
            <Method visited="false" cyclomaticComplexity="7" nPathComplexity="16" sequenceCoverage="0" branchCoverage="0" crapScore="56" isConstructor="false" isStatic="false" isGetter="false" isSetter="false">
              <Summary numSequencePoints="8" visitedSequencePoints="0" numBranchPoints="9" visitedBranchPoints="0" sequenceCoverage="0" branchCoverage="0" maxCyclomaticComplexity="7" minCyclomaticComplexity="7" maxCrapScore="56" minCrapScore="56" visitedClasses="0" numClasses="0" visitedMethods="0" numMethods="1" />
              <MetadataToken>100663731</MetadataToken>
              <Name>System.Void Humanizer.Localisation.NumberToWords.FrenchBelgianNumberToWordsConverter::CollectPartsUnderAHundred(System.Collections.Generic.ICollection`1&lt;System.String&gt;,System.Int32&amp;,Humanizer.GrammaticalGender,System.Boolean)</Name>
              <FileRef uid="114" />
              <SequencePoints>
                <SequencePoint vc="0" uspid="3208" ordinal="0" offset="0" sl="9" sc="13" el="9" ec="30" bec="2" bev="0" fileid="114" />
                <SequencePoint vc="0" uspid="3209" ordinal="1" offset="6" sl="11" sc="17" el="11" ec="73" bec="2" bev="0" fileid="114" />
                <SequencePoint vc="0" uspid="3210" ordinal="2" offset="28" sl="12" sc="13" el="12" ec="14" bec="0" bev="0" fileid="114" />
                <SequencePoint vc="0" uspid="3211" ordinal="3" offset="29" sl="13" sc="18" el="13" ec="35" bec="2" bev="0" fileid="114" />
                <SequencePoint vc="0" uspid="3212" ordinal="4" offset="35" sl="15" sc="17" el="15" ec="106" bec="2" bev="0" fileid="114" />
                <SequencePoint vc="0" uspid="3213" ordinal="5" offset="57" sl="16" sc="13" el="16" ec="14" bec="0" bev="0" fileid="114" />
                <SequencePoint vc="0" uspid="3214" ordinal="6" offset="58" sl="19" sc="17" el="19" ec="86" bec="0" bev="0" fileid="114" />
                <SequencePoint vc="0" uspid="3215" ordinal="7" offset="69" sl="21" sc="9" el="21" ec="10" bec="0" bev="0" fileid="114" />
              </SequencePoints>
              <BranchPoints>
                <BranchPoint vc="0" uspid="3216" ordinal="0" offset="4" sl="9" path="0" offsetend="6" fileid="114" />
                <BranchPoint vc="0" uspid="3217" ordinal="1" offset="4" sl="9" path="1" offsetend="29" fileid="114" />
                <BranchPoint vc="0" uspid="3218" ordinal="2" offset="9" sl="11" path="0" offsetend="11" fileid="114" />
                <BranchPoint vc="0" uspid="3219" ordinal="3" offset="9" sl="11" path="1" offsetend="18" fileid="114" />
                <BranchPoint vc="0" uspid="3220" ordinal="4" offset="33" sl="13" path="0" offsetend="35" fileid="114" />
                <BranchPoint vc="0" uspid="3221" ordinal="5" offset="33" sl="13" path="1" offsetend="58" fileid="114" />
                <BranchPoint vc="0" uspid="3222" ordinal="6" offset="38" sl="15" path="0" offsetend="40" fileid="114" />
                <BranchPoint vc="0" uspid="3223" ordinal="7" offset="38" sl="15" path="1" offsetend="47" fileid="114" />
              </BranchPoints>
              <MethodPoint xsi:type="SequencePoint" vc="0" uspid="3208" ordinal="0" offset="0" sl="9" sc="13" el="9" ec="30" bec="2" bev="0" fileid="114" />
            </Method>
            <Method visited="false" cyclomaticComplexity="2" nPathComplexity="2" sequenceCoverage="0" branchCoverage="0" crapScore="6" isConstructor="false" isStatic="false" isGetter="false" isSetter="false">
              <Summary numSequencePoints="3" visitedSequencePoints="0" numBranchPoints="3" visitedBranchPoints="0" sequenceCoverage="0" branchCoverage="0" maxCyclomaticComplexity="2" minCyclomaticComplexity="2" maxCrapScore="6" minCrapScore="6" visitedClasses="0" numClasses="0" visitedMethods="0" numMethods="1" />
              <MetadataToken>100663732</MetadataToken>
              <Name>System.String Humanizer.Localisation.NumberToWords.FrenchBelgianNumberToWordsConverter::GetTens(System.Int32)</Name>
              <FileRef uid="114" />
              <SequencePoints>
                <SequencePoint vc="0" uspid="3224" ordinal="0" offset="0" sl="25" sc="13" el="25" ec="27" bec="2" bev="0" fileid="114" />
                <SequencePoint vc="0" uspid="3225" ordinal="1" offset="4" sl="27" sc="17" el="27" ec="39" bec="0" bev="0" fileid="114" />
                <SequencePoint vc="0" uspid="3226" ordinal="2" offset="10" sl="30" sc="13" el="30" ec="39" bec="0" bev="0" fileid="114" />
              </SequencePoints>
              <BranchPoints>
                <BranchPoint vc="0" uspid="3227" ordinal="0" offset="2" sl="25" path="0" offsetend="4" fileid="114" />
                <BranchPoint vc="0" uspid="3228" ordinal="1" offset="2" sl="25" path="1" offsetend="10" fileid="114" />
              </BranchPoints>
              <MethodPoint xsi:type="SequencePoint" vc="0" uspid="3224" ordinal="0" offset="0" sl="25" sc="13" el="25" ec="27" bec="2" bev="0" fileid="114" />
            </Method>
            <Method visited="false" cyclomaticComplexity="1" nPathComplexity="0" sequenceCoverage="0" branchCoverage="0" crapScore="2" isConstructor="true" isStatic="false" isGetter="false" isSetter="false">
              <Summary numSequencePoints="0" visitedSequencePoints="0" numBranchPoints="0" visitedBranchPoints="0" sequenceCoverage="0" branchCoverage="0" maxCyclomaticComplexity="1" minCyclomaticComplexity="1" maxCrapScore="2" minCrapScore="2" visitedClasses="0" numClasses="0" visitedMethods="0" numMethods="0" />
              <MetadataToken>100663733</MetadataToken>
              <Name>System.Void Humanizer.Localisation.NumberToWords.FrenchBelgianNumberToWordsConverter::.ctor()</Name>
              <SequencePoints />
              <BranchPoints />
              <MethodPoint vc="0" uspid="3229" ordinal="0" offset="0" />
            </Method>
          </Methods>
        </Class>
        <Class>
          <Summary numSequencePoints="17" visitedSequencePoints="0" numBranchPoints="14" visitedBranchPoints="0" sequenceCoverage="0" branchCoverage="0" maxCyclomaticComplexity="8" minCyclomaticComplexity="1" maxCrapScore="72" minCrapScore="2" visitedClasses="0" numClasses="1" visitedMethods="0" numMethods="2" />
          <FullName>Humanizer.Localisation.NumberToWords.FrenchNumberToWordsConverter</FullName>
          <Methods>
            <Method visited="false" cyclomaticComplexity="8" nPathComplexity="32" sequenceCoverage="0" branchCoverage="0" crapScore="72" isConstructor="false" isStatic="false" isGetter="false" isSetter="false">
              <Summary numSequencePoints="14" visitedSequencePoints="0" numBranchPoints="11" visitedBranchPoints="0" sequenceCoverage="0" branchCoverage="0" maxCyclomaticComplexity="8" minCyclomaticComplexity="8" maxCrapScore="72" minCrapScore="72" visitedClasses="0" numClasses="0" visitedMethods="0" numMethods="1" />
              <MetadataToken>100663734</MetadataToken>
              <Name>System.Void Humanizer.Localisation.NumberToWords.FrenchNumberToWordsConverter::CollectPartsUnderAHundred(System.Collections.Generic.ICollection`1&lt;System.String&gt;,System.Int32&amp;,Humanizer.GrammaticalGender,System.Boolean)</Name>
              <FileRef uid="115" />
              <SequencePoints>
                <SequencePoint vc="0" uspid="3230" ordinal="0" offset="0" sl="9" sc="13" el="9" ec="30" bec="2" bev="0" fileid="115" />
                <SequencePoint vc="0" uspid="3231" ordinal="1" offset="6" sl="11" sc="17" el="11" ec="47" bec="0" bev="0" fileid="115" />
                <SequencePoint vc="0" uspid="3232" ordinal="2" offset="17" sl="12" sc="13" el="12" ec="14" bec="0" bev="0" fileid="115" />
                <SequencePoint vc="0" uspid="3233" ordinal="3" offset="18" sl="13" sc="18" el="13" ec="35" bec="2" bev="0" fileid="115" />
                <SequencePoint vc="0" uspid="3234" ordinal="4" offset="24" sl="15" sc="17" el="15" ec="73" bec="2" bev="0" fileid="115" />
                <SequencePoint vc="0" uspid="3235" ordinal="5" offset="46" sl="16" sc="13" el="16" ec="14" bec="0" bev="0" fileid="115" />
                <SequencePoint vc="0" uspid="3236" ordinal="6" offset="47" sl="17" sc="18" el="17" ec="35" bec="2" bev="0" fileid="115" />
                <SequencePoint vc="0" uspid="3237" ordinal="7" offset="53" sl="19" sc="17" el="19" ec="51" bec="2" bev="0" fileid="115" />
                <SequencePoint vc="0" uspid="3238" ordinal="8" offset="66" sl="20" sc="17" el="20" ec="44" bec="0" bev="0" fileid="115" />
                <SequencePoint vc="0" uspid="3239" ordinal="9" offset="71" sl="21" sc="17" el="21" ec="39" bec="0" bev="0" fileid="115" />
                <SequencePoint vc="0" uspid="3240" ordinal="10" offset="76" sl="22" sc="17" el="22" ec="73" bec="0" bev="0" fileid="115" />
                <SequencePoint vc="0" uspid="3241" ordinal="11" offset="106" sl="23" sc="13" el="23" ec="14" bec="0" bev="0" fileid="115" />
                <SequencePoint vc="0" uspid="3242" ordinal="12" offset="107" sl="26" sc="17" el="26" ec="86" bec="0" bev="0" fileid="115" />
                <SequencePoint vc="0" uspid="3243" ordinal="13" offset="118" sl="28" sc="9" el="28" ec="10" bec="0" bev="0" fileid="115" />
              </SequencePoints>
              <BranchPoints>
                <BranchPoint vc="0" uspid="3244" ordinal="0" offset="4" sl="9" path="0" offsetend="6" fileid="115" />
                <BranchPoint vc="0" uspid="3245" ordinal="1" offset="4" sl="9" path="1" offsetend="18" fileid="115" />
                <BranchPoint vc="0" uspid="3246" ordinal="2" offset="22" sl="13" path="0" offsetend="24" fileid="115" />
                <BranchPoint vc="0" uspid="3247" ordinal="3" offset="22" sl="13" path="1" offsetend="47" fileid="115" />
                <BranchPoint vc="0" uspid="3248" ordinal="4" offset="27" sl="15" path="0" offsetend="29" fileid="115" />
                <BranchPoint vc="0" uspid="3249" ordinal="5" offset="27" sl="15" path="1" offsetend="36" fileid="115" />
                <BranchPoint vc="0" uspid="3250" ordinal="6" offset="51" sl="17" path="0" offsetend="53" fileid="115" />
                <BranchPoint vc="0" uspid="3251" ordinal="7" offset="51" sl="17" path="1" offsetend="107" fileid="115" />
                <BranchPoint vc="0" uspid="3252" ordinal="8" offset="57" sl="19" path="0" offsetend="59" fileid="115" />
                <BranchPoint vc="0" uspid="3253" ordinal="9" offset="57" sl="19" path="1" offsetend="63" fileid="115" />
              </BranchPoints>
              <MethodPoint xsi:type="SequencePoint" vc="0" uspid="3230" ordinal="0" offset="0" sl="9" sc="13" el="9" ec="30" bec="2" bev="0" fileid="115" />
            </Method>
            <Method visited="false" cyclomaticComplexity="2" nPathComplexity="2" sequenceCoverage="0" branchCoverage="0" crapScore="6" isConstructor="false" isStatic="false" isGetter="false" isSetter="false">
              <Summary numSequencePoints="3" visitedSequencePoints="0" numBranchPoints="3" visitedBranchPoints="0" sequenceCoverage="0" branchCoverage="0" maxCyclomaticComplexity="2" minCyclomaticComplexity="2" maxCrapScore="6" minCrapScore="6" visitedClasses="0" numClasses="0" visitedMethods="0" numMethods="1" />
              <MetadataToken>100663735</MetadataToken>
              <Name>System.String Humanizer.Localisation.NumberToWords.FrenchNumberToWordsConverter::GetTens(System.Int32)</Name>
              <FileRef uid="115" />
              <SequencePoints>
                <SequencePoint vc="0" uspid="3254" ordinal="0" offset="0" sl="32" sc="13" el="32" ec="27" bec="2" bev="0" fileid="115" />
                <SequencePoint vc="0" uspid="3255" ordinal="1" offset="4" sl="34" sc="17" el="34" ec="39" bec="0" bev="0" fileid="115" />
                <SequencePoint vc="0" uspid="3256" ordinal="2" offset="10" sl="37" sc="13" el="37" ec="39" bec="0" bev="0" fileid="115" />
              </SequencePoints>
              <BranchPoints>
                <BranchPoint vc="0" uspid="3257" ordinal="0" offset="2" sl="32" path="0" offsetend="4" fileid="115" />
                <BranchPoint vc="0" uspid="3258" ordinal="1" offset="2" sl="32" path="1" offsetend="10" fileid="115" />
              </BranchPoints>
              <MethodPoint xsi:type="SequencePoint" vc="0" uspid="3254" ordinal="0" offset="0" sl="32" sc="13" el="32" ec="27" bec="2" bev="0" fileid="115" />
            </Method>
            <Method visited="false" cyclomaticComplexity="1" nPathComplexity="0" sequenceCoverage="0" branchCoverage="0" crapScore="2" isConstructor="true" isStatic="false" isGetter="false" isSetter="false">
              <Summary numSequencePoints="0" visitedSequencePoints="0" numBranchPoints="0" visitedBranchPoints="0" sequenceCoverage="0" branchCoverage="0" maxCyclomaticComplexity="1" minCyclomaticComplexity="1" maxCrapScore="2" minCrapScore="2" visitedClasses="0" numClasses="0" visitedMethods="0" numMethods="0" />
              <MetadataToken>100663736</MetadataToken>
              <Name>System.Void Humanizer.Localisation.NumberToWords.FrenchNumberToWordsConverter::.ctor()</Name>
              <SequencePoints />
              <BranchPoints />
              <MethodPoint vc="0" uspid="3259" ordinal="0" offset="0" />
            </Method>
          </Methods>
        </Class>
        <Class>
          <Summary numSequencePoints="88" visitedSequencePoints="0" numBranchPoints="60" visitedBranchPoints="0" sequenceCoverage="0" branchCoverage="0" maxCyclomaticComplexity="9" minCyclomaticComplexity="1" maxCrapScore="90" minCrapScore="2" visitedClasses="0" numClasses="1" visitedMethods="0" numMethods="10" />
          <FullName>Humanizer.Localisation.NumberToWords.FrenchNumberToWordsConverterBase</FullName>
          <Methods>
            <Method visited="false" cyclomaticComplexity="5" nPathComplexity="16" sequenceCoverage="0" branchCoverage="0" crapScore="30" isConstructor="false" isStatic="false" isGetter="false" isSetter="false">
              <Summary numSequencePoints="14" visitedSequencePoints="0" numBranchPoints="9" visitedBranchPoints="0" sequenceCoverage="0" branchCoverage="0" maxCyclomaticComplexity="5" minCyclomaticComplexity="5" maxCrapScore="30" minCrapScore="30" visitedClasses="0" numClasses="0" visitedMethods="0" numMethods="1" />
              <MetadataToken>100663737</MetadataToken>
              <Name>System.String Humanizer.Localisation.NumberToWords.FrenchNumberToWordsConverterBase::Convert(System.Int64,Humanizer.GrammaticalGender)</Name>
              <FileRef uid="116" />
              <SequencePoints>
                <SequencePoint vc="0" uspid="3260" ordinal="0" offset="0" sl="13" sc="13" el="13" ec="66" bec="3" bev="0" fileid="116" />
                <SequencePoint vc="0" uspid="3261" ordinal="1" offset="18" sl="15" sc="17" el="15" ec="53" bec="0" bev="0" fileid="116" />
                <SequencePoint vc="0" uspid="3262" ordinal="2" offset="24" sl="17" sc="13" el="17" ec="37" bec="0" bev="0" fileid="116" />
                <SequencePoint vc="0" uspid="3263" ordinal="3" offset="27" sl="19" sc="13" el="19" ec="29" bec="2" bev="0" fileid="116" />
                <SequencePoint vc="0" uspid="3264" ordinal="4" offset="30" sl="21" sc="17" el="21" ec="36" bec="0" bev="0" fileid="116" />
                <SequencePoint vc="0" uspid="3265" ordinal="5" offset="38" sl="24" sc="13" el="24" ec="44" bec="0" bev="0" fileid="116" />
                <SequencePoint vc="0" uspid="3266" ordinal="6" offset="44" sl="26" sc="13" el="26" ec="28" bec="2" bev="0" fileid="116" />
                <SequencePoint vc="0" uspid="3267" ordinal="7" offset="48" sl="28" sc="17" el="28" ec="36" bec="0" bev="0" fileid="116" />
                <SequencePoint vc="0" uspid="3268" ordinal="8" offset="59" sl="29" sc="17" el="29" ec="34" bec="0" bev="0" fileid="116" />
                <SequencePoint vc="0" uspid="3269" ordinal="9" offset="62" sl="32" sc="13" el="32" ec="69" bec="0" bev="0" fileid="116" />
                <SequencePoint vc="0" uspid="3270" ordinal="10" offset="81" sl="33" sc="13" el="33" ec="65" bec="0" bev="0" fileid="116" />
                <SequencePoint vc="0" uspid="3271" ordinal="11" offset="100" sl="34" sc="13" el="34" ec="64" bec="0" bev="0" fileid="116" />
                <SequencePoint vc="0" uspid="3272" ordinal="12" offset="119" sl="36" sc="13" el="36" ec="69" bec="0" bev="0" fileid="116" />
                <SequencePoint vc="0" uspid="3273" ordinal="13" offset="129" sl="38" sc="13" el="38" ec="44" bec="0" bev="0" fileid="116" />
              </SequencePoints>
              <BranchPoints>
                <BranchPoint vc="0" uspid="3274" ordinal="0" offset="7" sl="13" path="0" offsetend="9" fileid="116" />
                <BranchPoint vc="0" uspid="3275" ordinal="1" offset="7" sl="13" path="1" offsetend="18" fileid="116" />
                <BranchPoint vc="0" uspid="3276" ordinal="2" offset="16" sl="13" path="0" offsetend="18" fileid="116" />
                <BranchPoint vc="0" uspid="3277" ordinal="3" offset="16" sl="13" path="1" offsetend="24" fileid="116" />
                <BranchPoint vc="0" uspid="3278" ordinal="4" offset="28" sl="19" path="0" offsetend="30" fileid="116" />
                <BranchPoint vc="0" uspid="3279" ordinal="5" offset="28" sl="19" path="1" offsetend="38" fileid="116" />
                <BranchPoint vc="0" uspid="3280" ordinal="6" offset="46" sl="26" path="0" offsetend="48" fileid="116" />
                <BranchPoint vc="0" uspid="3281" ordinal="7" offset="46" sl="26" path="1" offsetend="62" fileid="116" />
              </BranchPoints>
              <MethodPoint xsi:type="SequencePoint" vc="0" uspid="3260" ordinal="0" offset="0" sl="13" sc="13" el="13" ec="66" bec="3" bev="0" fileid="116" />
            </Method>
            <Method visited="false" cyclomaticComplexity="9" nPathComplexity="256" sequenceCoverage="0" branchCoverage="0" crapScore="90" isConstructor="false" isStatic="false" isGetter="false" isSetter="false">
              <Summary numSequencePoints="18" visitedSequencePoints="0" numBranchPoints="17" visitedBranchPoints="0" sequenceCoverage="0" branchCoverage="0" maxCyclomaticComplexity="9" minCyclomaticComplexity="9" maxCrapScore="90" minCrapScore="90" visitedClasses="0" numClasses="0" visitedMethods="0" numMethods="1" />
              <MetadataToken>100663738</MetadataToken>
              <Name>System.String Humanizer.Localisation.NumberToWords.FrenchNumberToWordsConverterBase::ConvertToOrdinal(System.Int32,Humanizer.GrammaticalGender)</Name>
              <FileRef uid="116" />
              <SequencePoints>
                <SequencePoint vc="0" uspid="3282" ordinal="0" offset="0" sl="43" sc="13" el="43" ec="29" bec="2" bev="0" fileid="116" />
                <SequencePoint vc="0" uspid="3283" ordinal="1" offset="4" sl="45" sc="17" el="45" ec="86" bec="2" bev="0" fileid="116" />
                <SequencePoint vc="0" uspid="3284" ordinal="2" offset="20" sl="48" sc="13" el="48" ec="51" bec="0" bev="0" fileid="116" />
                <SequencePoint vc="0" uspid="3285" ordinal="3" offset="29" sl="50" sc="13" el="50" ec="85" bec="3" bev="0" fileid="116" />
                <SequencePoint vc="0" uspid="3286" ordinal="4" offset="55" sl="52" sc="17" el="52" ec="64" bec="0" bev="0" fileid="116" />
                <SequencePoint vc="0" uspid="3287" ordinal="5" offset="73" sl="53" sc="13" el="53" ec="14" bec="0" bev="0" fileid="116" />
                <SequencePoint vc="0" uspid="3288" ordinal="6" offset="75" sl="54" sc="18" el="54" ec="55" bec="2" bev="0" fileid="116" />
                <SequencePoint vc="0" uspid="3289" ordinal="7" offset="88" sl="56" sc="17" el="56" ec="40" bec="0" bev="0" fileid="116" />
                <SequencePoint vc="0" uspid="3290" ordinal="8" offset="100" sl="57" sc="13" el="57" ec="14" bec="0" bev="0" fileid="116" />
                <SequencePoint vc="0" uspid="3291" ordinal="9" offset="102" sl="58" sc="18" el="58" ec="55" bec="2" bev="0" fileid="116" />
                <SequencePoint vc="0" uspid="3292" ordinal="10" offset="115" sl="60" sc="17" el="60" ec="70" bec="0" bev="0" fileid="116" />
                <SequencePoint vc="0" uspid="3293" ordinal="11" offset="143" sl="63" sc="13" el="63" ec="51" bec="2" bev="0" fileid="116" />
                <SequencePoint vc="0" uspid="3294" ordinal="12" offset="156" sl="65" sc="17" el="65" ec="64" bec="0" bev="0" fileid="116" />
                <SequencePoint vc="0" uspid="3295" ordinal="13" offset="165" sl="68" sc="13" el="68" ec="29" bec="2" bev="0" fileid="116" />
                <SequencePoint vc="0" uspid="3296" ordinal="14" offset="168" sl="70" sc="17" el="70" ec="40" bec="0" bev="0" fileid="116" />
                <SequencePoint vc="0" uspid="3297" ordinal="15" offset="180" sl="73" sc="13" el="73" ec="60" bec="0" bev="0" fileid="116" />
                <SequencePoint vc="0" uspid="3298" ordinal="16" offset="198" sl="74" sc="13" el="74" ec="39" bec="0" bev="0" fileid="116" />
                <SequencePoint vc="0" uspid="3299" ordinal="17" offset="210" sl="75" sc="13" el="75" ec="36" bec="0" bev="0" fileid="116" />
              </SequencePoints>
              <BranchPoints>
                <BranchPoint vc="0" uspid="3300" ordinal="0" offset="2" sl="43" path="0" offsetend="4" fileid="116" />
                <BranchPoint vc="0" uspid="3301" ordinal="1" offset="2" sl="43" path="1" offsetend="20" fileid="116" />
                <BranchPoint vc="0" uspid="3302" ordinal="2" offset="6" sl="45" path="0" offsetend="8" fileid="116" />
                <BranchPoint vc="0" uspid="3303" ordinal="3" offset="6" sl="45" path="1" offsetend="14" fileid="116" />
                <BranchPoint vc="0" uspid="3304" ordinal="4" offset="40" sl="50" path="0" offsetend="42" fileid="116" />
                <BranchPoint vc="0" uspid="3305" ordinal="5" offset="40" sl="50" path="1" offsetend="75" fileid="116" />
                <BranchPoint vc="0" uspid="3306" ordinal="6" offset="53" sl="50" path="0" offsetend="55" fileid="116" />
                <BranchPoint vc="0" uspid="3307" ordinal="7" offset="53" sl="50" path="1" offsetend="75" fileid="116" />
                <BranchPoint vc="0" uspid="3308" ordinal="8" offset="86" sl="54" path="0" offsetend="88" fileid="116" />
                <BranchPoint vc="0" uspid="3309" ordinal="9" offset="86" sl="54" path="1" offsetend="102" fileid="116" />
                <BranchPoint vc="0" uspid="3310" ordinal="10" offset="113" sl="58" path="0" offsetend="115" fileid="116" />
                <BranchPoint vc="0" uspid="3311" ordinal="11" offset="113" sl="58" path="1" offsetend="143" fileid="116" />
                <BranchPoint vc="0" uspid="3312" ordinal="12" offset="154" sl="63" path="0" offsetend="156" fileid="116" />
                <BranchPoint vc="0" uspid="3313" ordinal="13" offset="154" sl="63" path="1" offsetend="165" fileid="116" />
                <BranchPoint vc="0" uspid="3314" ordinal="14" offset="166" sl="68" path="0" offsetend="168" fileid="116" />
                <BranchPoint vc="0" uspid="3315" ordinal="15" offset="166" sl="68" path="1" offsetend="180" fileid="116" />
              </BranchPoints>
              <MethodPoint xsi:type="SequencePoint" vc="0" uspid="3282" ordinal="0" offset="0" sl="43" sc="13" el="43" ec="29" bec="2" bev="0" fileid="116" />
            </Method>
            <Method visited="false" cyclomaticComplexity="3" nPathComplexity="4" sequenceCoverage="0" branchCoverage="0" crapScore="12" isConstructor="false" isStatic="true" isGetter="false" isSetter="false">
              <Summary numSequencePoints="3" visitedSequencePoints="0" numBranchPoints="5" visitedBranchPoints="0" sequenceCoverage="0" branchCoverage="0" maxCyclomaticComplexity="3" minCyclomaticComplexity="3" maxCrapScore="12" minCrapScore="12" visitedClasses="0" numClasses="0" visitedMethods="0" numMethods="1" />
              <MetadataToken>100663739</MetadataToken>
              <Name>System.String Humanizer.Localisation.NumberToWords.FrenchNumberToWordsConverterBase::GetUnits(System.Int32,Humanizer.GrammaticalGender)</Name>
              <FileRef uid="116" />
              <SequencePoints>
                <SequencePoint vc="0" uspid="3316" ordinal="0" offset="0" sl="80" sc="13" el="80" ec="69" bec="3" bev="0" fileid="116" />
                <SequencePoint vc="0" uspid="3317" ordinal="1" offset="8" sl="82" sc="17" el="82" ec="30" bec="0" bev="0" fileid="116" />
                <SequencePoint vc="0" uspid="3318" ordinal="2" offset="14" sl="85" sc="13" el="85" ec="37" bec="0" bev="0" fileid="116" />
              </SequencePoints>
              <BranchPoints>
                <BranchPoint vc="0" uspid="3319" ordinal="0" offset="2" sl="80" path="0" offsetend="4" fileid="116" />
                <BranchPoint vc="0" uspid="3320" ordinal="1" offset="2" sl="80" path="1" offsetend="14" fileid="116" />
                <BranchPoint vc="0" uspid="3321" ordinal="2" offset="6" sl="80" path="0" offsetend="8" fileid="116" />
                <BranchPoint vc="0" uspid="3322" ordinal="3" offset="6" sl="80" path="1" offsetend="14" fileid="116" />
              </BranchPoints>
              <MethodPoint xsi:type="SequencePoint" vc="0" uspid="3316" ordinal="0" offset="0" sl="80" sc="13" el="80" ec="69" bec="3" bev="0" fileid="116" />
            </Method>
            <Method visited="false" cyclomaticComplexity="4" nPathComplexity="8" sequenceCoverage="0" branchCoverage="0" crapScore="20" isConstructor="false" isStatic="true" isGetter="false" isSetter="false">
              <Summary numSequencePoints="13" visitedSequencePoints="0" numBranchPoints="7" visitedBranchPoints="0" sequenceCoverage="0" branchCoverage="0" maxCyclomaticComplexity="4" minCyclomaticComplexity="4" maxCrapScore="20" minCrapScore="20" visitedClasses="0" numClasses="0" visitedMethods="0" numMethods="1" />
              <MetadataToken>100663740</MetadataToken>
              <Name>System.Void Humanizer.Localisation.NumberToWords.FrenchNumberToWordsConverterBase::CollectHundreds(System.Collections.Generic.ICollection`1&lt;System.String&gt;,System.Int32&amp;,System.Int32,System.String,System.Boolean)</Name>
              <FileRef uid="116" />
              <SequencePoints>
                <SequencePoint vc="0" uspid="3323" ordinal="0" offset="0" sl="90" sc="13" el="90" ec="28" bec="2" bev="0" fileid="116" />
                <SequencePoint vc="0" uspid="3324" ordinal="1" offset="5" sl="92" sc="17" el="92" ec="24" bec="0" bev="0" fileid="116" />
                <SequencePoint vc="0" uspid="3325" ordinal="2" offset="6" sl="95" sc="13" el="95" ec="37" bec="0" bev="0" fileid="116" />
                <SequencePoint vc="0" uspid="3326" ordinal="3" offset="11" sl="96" sc="13" el="96" ec="29" bec="2" bev="0" fileid="116" />
                <SequencePoint vc="0" uspid="3327" ordinal="4" offset="15" sl="98" sc="17" el="98" ec="33" bec="0" bev="0" fileid="116" />
                <SequencePoint vc="0" uspid="3328" ordinal="5" offset="22" sl="99" sc="13" el="99" ec="14" bec="0" bev="0" fileid="116" />
                <SequencePoint vc="0" uspid="3329" ordinal="6" offset="24" sl="102" sc="17" el="102" ec="74" bec="0" bev="0" fileid="116" />
                <SequencePoint vc="0" uspid="3330" ordinal="7" offset="37" sl="103" sc="17" el="103" ec="50" bec="2" bev="0" fileid="116" />
                <SequencePoint vc="0" uspid="3331" ordinal="8" offset="49" sl="105" sc="21" el="105" ec="43" bec="0" bev="0" fileid="116" />
                <SequencePoint vc="0" uspid="3332" ordinal="9" offset="66" sl="106" sc="17" el="106" ec="18" bec="0" bev="0" fileid="116" />
                <SequencePoint vc="0" uspid="3333" ordinal="10" offset="68" sl="109" sc="21" el="109" ec="37" bec="0" bev="0" fileid="116" />
                <SequencePoint vc="0" uspid="3334" ordinal="11" offset="75" sl="113" sc="13" el="113" ec="25" bec="0" bev="0" fileid="116" />
                <SequencePoint vc="0" uspid="3335" ordinal="12" offset="81" sl="114" sc="9" el="114" ec="10" bec="0" bev="0" fileid="116" />
              </SequencePoints>
              <BranchPoints>
                <BranchPoint vc="0" uspid="3336" ordinal="0" offset="3" sl="90" path="0" offsetend="5" fileid="116" />
                <BranchPoint vc="0" uspid="3337" ordinal="1" offset="3" sl="90" path="1" offsetend="6" fileid="116" />
                <BranchPoint vc="0" uspid="3338" ordinal="2" offset="13" sl="96" path="0" offsetend="15" fileid="116" />
                <BranchPoint vc="0" uspid="3339" ordinal="3" offset="13" sl="96" path="1" offsetend="24" fileid="116" />
                <BranchPoint vc="0" uspid="3340" ordinal="4" offset="47" sl="103" path="0" offsetend="49" fileid="116" />
                <BranchPoint vc="0" uspid="3341" ordinal="5" offset="47" sl="103" path="1" offsetend="68" fileid="116" />
              </BranchPoints>
              <MethodPoint xsi:type="SequencePoint" vc="0" uspid="3323" ordinal="0" offset="0" sl="90" sc="13" el="90" ec="28" bec="2" bev="0" fileid="116" />
            </Method>
            <Method visited="false" cyclomaticComplexity="3" nPathComplexity="4" sequenceCoverage="0" branchCoverage="0" crapScore="12" isConstructor="false" isStatic="false" isGetter="false" isSetter="false">
              <Summary numSequencePoints="10" visitedSequencePoints="0" numBranchPoints="5" visitedBranchPoints="0" sequenceCoverage="0" branchCoverage="0" maxCyclomaticComplexity="3" minCyclomaticComplexity="3" maxCrapScore="12" minCrapScore="12" visitedClasses="0" numClasses="0" visitedMethods="0" numMethods="1" />
              <MetadataToken>100663741</MetadataToken>
              <Name>System.Void Humanizer.Localisation.NumberToWords.FrenchNumberToWordsConverterBase::CollectParts(System.Collections.Generic.ICollection`1&lt;System.String&gt;,System.Int32&amp;,System.Int32,System.String)</Name>
              <FileRef uid="116" />
              <SequencePoints>
                <SequencePoint vc="0" uspid="3342" ordinal="0" offset="0" sl="118" sc="13" el="118" ec="28" bec="2" bev="0" fileid="116" />
                <SequencePoint vc="0" uspid="3343" ordinal="1" offset="5" sl="120" sc="17" el="120" ec="24" bec="0" bev="0" fileid="116" />
                <SequencePoint vc="0" uspid="3344" ordinal="2" offset="6" sl="123" sc="13" el="123" ec="37" bec="0" bev="0" fileid="116" />
                <SequencePoint vc="0" uspid="3345" ordinal="3" offset="11" sl="125" sc="13" el="125" ec="90" bec="0" bev="0" fileid="116" />
                <SequencePoint vc="0" uspid="3346" ordinal="4" offset="21" sl="127" sc="13" el="127" ec="29" bec="2" bev="0" fileid="116" />
                <SequencePoint vc="0" uspid="3347" ordinal="5" offset="25" sl="129" sc="17" el="129" ec="33" bec="0" bev="0" fileid="116" />
                <SequencePoint vc="0" uspid="3348" ordinal="6" offset="33" sl="130" sc="13" el="130" ec="14" bec="0" bev="0" fileid="116" />
                <SequencePoint vc="0" uspid="3349" ordinal="7" offset="35" sl="133" sc="17" el="133" ec="39" bec="0" bev="0" fileid="116" />
                <SequencePoint vc="0" uspid="3350" ordinal="8" offset="53" sl="136" sc="13" el="136" ec="25" bec="0" bev="0" fileid="116" />
                <SequencePoint vc="0" uspid="3351" ordinal="9" offset="59" sl="137" sc="9" el="137" ec="10" bec="0" bev="0" fileid="116" />
              </SequencePoints>
              <BranchPoints>
                <BranchPoint vc="0" uspid="3352" ordinal="0" offset="3" sl="118" path="0" offsetend="5" fileid="116" />
                <BranchPoint vc="0" uspid="3353" ordinal="1" offset="3" sl="118" path="1" offsetend="6" fileid="116" />
                <BranchPoint vc="0" uspid="3354" ordinal="2" offset="23" sl="127" path="0" offsetend="25" fileid="116" />
                <BranchPoint vc="0" uspid="3355" ordinal="3" offset="23" sl="127" path="1" offsetend="35" fileid="116" />
              </BranchPoints>
              <MethodPoint xsi:type="SequencePoint" vc="0" uspid="3342" ordinal="0" offset="0" sl="118" sc="13" el="118" ec="28" bec="2" bev="0" fileid="116" />
            </Method>
            <Method visited="false" cyclomaticComplexity="2" nPathComplexity="2" sequenceCoverage="0" branchCoverage="0" crapScore="6" isConstructor="false" isStatic="false" isGetter="false" isSetter="false">
              <Summary numSequencePoints="4" visitedSequencePoints="0" numBranchPoints="3" visitedBranchPoints="0" sequenceCoverage="0" branchCoverage="0" maxCyclomaticComplexity="2" minCyclomaticComplexity="2" maxCrapScore="6" minCrapScore="6" visitedClasses="0" numClasses="0" visitedMethods="0" numMethods="1" />
              <MetadataToken>100663742</MetadataToken>
              <Name>System.Void Humanizer.Localisation.NumberToWords.FrenchNumberToWordsConverterBase::CollectPartsUnderAThousand(System.Collections.Generic.ICollection`1&lt;System.String&gt;,System.Int32,Humanizer.GrammaticalGender,System.Boolean)</Name>
              <FileRef uid="116" />
              <SequencePoints>
                <SequencePoint vc="0" uspid="3356" ordinal="0" offset="0" sl="141" sc="13" el="141" ec="72" bec="0" bev="0" fileid="116" />
                <SequencePoint vc="0" uspid="3357" ordinal="1" offset="17" sl="143" sc="13" el="143" ec="28" bec="2" bev="0" fileid="116" />
                <SequencePoint vc="0" uspid="3358" ordinal="2" offset="21" sl="145" sc="17" el="145" ec="81" bec="0" bev="0" fileid="116" />
                <SequencePoint vc="0" uspid="3359" ordinal="3" offset="33" sl="147" sc="9" el="147" ec="10" bec="0" bev="0" fileid="116" />
              </SequencePoints>
              <BranchPoints>
                <BranchPoint vc="0" uspid="3360" ordinal="0" offset="19" sl="143" path="0" offsetend="21" fileid="116" />
                <BranchPoint vc="0" uspid="3361" ordinal="1" offset="19" sl="143" path="1" offsetend="33" fileid="116" />
              </BranchPoints>
              <MethodPoint xsi:type="SequencePoint" vc="0" uspid="3356" ordinal="0" offset="0" sl="141" sc="13" el="141" ec="72" bec="0" bev="0" fileid="116" />
            </Method>
            <Method visited="false" cyclomaticComplexity="3" nPathComplexity="4" sequenceCoverage="0" branchCoverage="0" crapScore="12" isConstructor="false" isStatic="false" isGetter="false" isSetter="false">
              <Summary numSequencePoints="8" visitedSequencePoints="0" numBranchPoints="5" visitedBranchPoints="0" sequenceCoverage="0" branchCoverage="0" maxCyclomaticComplexity="3" minCyclomaticComplexity="3" maxCrapScore="12" minCrapScore="12" visitedClasses="0" numClasses="0" visitedMethods="0" numMethods="1" />
              <MetadataToken>100663743</MetadataToken>
              <Name>System.Void Humanizer.Localisation.NumberToWords.FrenchNumberToWordsConverterBase::CollectThousands(System.Collections.Generic.ICollection`1&lt;System.String&gt;,System.Int32&amp;,System.Int32,System.String)</Name>
              <FileRef uid="116" />
              <SequencePoints>
                <SequencePoint vc="0" uspid="3362" ordinal="0" offset="0" sl="151" sc="13" el="151" ec="28" bec="2" bev="0" fileid="116" />
                <SequencePoint vc="0" uspid="3363" ordinal="1" offset="5" sl="153" sc="17" el="153" ec="24" bec="0" bev="0" fileid="116" />
                <SequencePoint vc="0" uspid="3364" ordinal="2" offset="6" sl="156" sc="13" el="156" ec="37" bec="0" bev="0" fileid="116" />
                <SequencePoint vc="0" uspid="3365" ordinal="3" offset="11" sl="157" sc="13" el="157" ec="28" bec="2" bev="0" fileid="116" />
                <SequencePoint vc="0" uspid="3366" ordinal="4" offset="15" sl="159" sc="17" el="159" ec="95" bec="0" bev="0" fileid="116" />
                <SequencePoint vc="0" uspid="3367" ordinal="5" offset="25" sl="162" sc="13" el="162" ec="29" bec="0" bev="0" fileid="116" />
                <SequencePoint vc="0" uspid="3368" ordinal="6" offset="33" sl="164" sc="13" el="164" ec="25" bec="0" bev="0" fileid="116" />
                <SequencePoint vc="0" uspid="3369" ordinal="7" offset="39" sl="165" sc="9" el="165" ec="10" bec="0" bev="0" fileid="116" />
              </SequencePoints>
              <BranchPoints>
                <BranchPoint vc="0" uspid="3370" ordinal="0" offset="3" sl="151" path="0" offsetend="5" fileid="116" />
                <BranchPoint vc="0" uspid="3371" ordinal="1" offset="3" sl="151" path="1" offsetend="6" fileid="116" />
                <BranchPoint vc="0" uspid="3372" ordinal="2" offset="13" sl="157" path="0" offsetend="15" fileid="116" />
                <BranchPoint vc="0" uspid="3373" ordinal="3" offset="13" sl="157" path="1" offsetend="25" fileid="116" />
              </BranchPoints>
              <MethodPoint xsi:type="SequencePoint" vc="0" uspid="3362" ordinal="0" offset="0" sl="151" sc="13" el="151" ec="28" bec="2" bev="0" fileid="116" />
            </Method>
            <Method visited="false" cyclomaticComplexity="4" nPathComplexity="8" sequenceCoverage="0" branchCoverage="0" crapScore="20" isConstructor="false" isStatic="false" isGetter="false" isSetter="false">
              <Summary numSequencePoints="15" visitedSequencePoints="0" numBranchPoints="7" visitedBranchPoints="0" sequenceCoverage="0" branchCoverage="0" maxCyclomaticComplexity="4" minCyclomaticComplexity="4" maxCrapScore="20" minCrapScore="20" visitedClasses="0" numClasses="0" visitedMethods="0" numMethods="1" />
              <MetadataToken>100663744</MetadataToken>
              <Name>System.Void Humanizer.Localisation.NumberToWords.FrenchNumberToWordsConverterBase::CollectPartsUnderAHundred(System.Collections.Generic.ICollection`1&lt;System.String&gt;,System.Int32&amp;,Humanizer.GrammaticalGender,System.Boolean)</Name>
              <FileRef uid="116" />
              <SequencePoints>
                <SequencePoint vc="0" uspid="3374" ordinal="0" offset="0" sl="169" sc="13" el="169" ec="29" bec="2" bev="0" fileid="116" />
                <SequencePoint vc="0" uspid="3375" ordinal="1" offset="6" sl="171" sc="17" el="171" ec="53" bec="0" bev="0" fileid="116" />
                <SequencePoint vc="0" uspid="3376" ordinal="2" offset="20" sl="172" sc="13" el="172" ec="14" bec="0" bev="0" fileid="116" />
                <SequencePoint vc="0" uspid="3377" ordinal="3" offset="21" sl="175" sc="17" el="175" ec="41" bec="0" bev="0" fileid="116" />
                <SequencePoint vc="0" uspid="3378" ordinal="4" offset="27" sl="176" sc="17" el="176" ec="49" bec="0" bev="0" fileid="116" />
                <SequencePoint vc="0" uspid="3379" ordinal="5" offset="39" sl="177" sc="17" el="177" ec="32" bec="2" bev="0" fileid="116" />
                <SequencePoint vc="0" uspid="3380" ordinal="6" offset="42" sl="179" sc="21" el="179" ec="37" bec="0" bev="0" fileid="116" />
                <SequencePoint vc="0" uspid="3381" ordinal="7" offset="49" sl="180" sc="17" el="180" ec="18" bec="0" bev="0" fileid="116" />
                <SequencePoint vc="0" uspid="3382" ordinal="8" offset="50" sl="181" sc="22" el="181" ec="37" bec="2" bev="0" fileid="116" />
                <SequencePoint vc="0" uspid="3383" ordinal="9" offset="54" sl="183" sc="21" el="183" ec="37" bec="0" bev="0" fileid="116" />
                <SequencePoint vc="0" uspid="3384" ordinal="10" offset="61" sl="184" sc="21" el="184" ec="37" bec="0" bev="0" fileid="116" />
                <SequencePoint vc="0" uspid="3385" ordinal="11" offset="72" sl="185" sc="21" el="185" ec="52" bec="0" bev="0" fileid="116" />
                <SequencePoint vc="0" uspid="3386" ordinal="12" offset="85" sl="186" sc="17" el="186" ec="18" bec="0" bev="0" fileid="116" />
                <SequencePoint vc="0" uspid="3387" ordinal="13" offset="86" sl="189" sc="21" el="189" ec="68" bec="0" bev="0" fileid="116" />
                <SequencePoint vc="0" uspid="3388" ordinal="14" offset="110" sl="192" sc="9" el="192" ec="10" bec="0" bev="0" fileid="116" />
              </SequencePoints>
              <BranchPoints>
                <BranchPoint vc="0" uspid="3389" ordinal="0" offset="4" sl="169" path="0" offsetend="6" fileid="116" />
                <BranchPoint vc="0" uspid="3390" ordinal="1" offset="4" sl="169" path="1" offsetend="21" fileid="116" />
                <BranchPoint vc="0" uspid="3391" ordinal="2" offset="40" sl="177" path="0" offsetend="42" fileid="116" />
                <BranchPoint vc="0" uspid="3392" ordinal="3" offset="40" sl="177" path="1" offsetend="50" fileid="116" />
                <BranchPoint vc="0" uspid="3393" ordinal="4" offset="52" sl="181" path="0" offsetend="54" fileid="116" />
                <BranchPoint vc="0" uspid="3394" ordinal="5" offset="52" sl="181" path="1" offsetend="86" fileid="116" />
              </BranchPoints>
              <MethodPoint xsi:type="SequencePoint" vc="0" uspid="3374" ordinal="0" offset="0" sl="169" sc="13" el="169" ec="29" bec="2" bev="0" fileid="116" />
            </Method>
            <Method visited="false" cyclomaticComplexity="1" nPathComplexity="0" sequenceCoverage="0" branchCoverage="0" crapScore="2" isConstructor="false" isStatic="false" isGetter="false" isSetter="false">
              <Summary numSequencePoints="1" visitedSequencePoints="0" numBranchPoints="1" visitedBranchPoints="0" sequenceCoverage="0" branchCoverage="0" maxCyclomaticComplexity="1" minCyclomaticComplexity="1" maxCrapScore="2" minCrapScore="2" visitedClasses="0" numClasses="0" visitedMethods="0" numMethods="1" />
              <MetadataToken>100663745</MetadataToken>
              <Name>System.String Humanizer.Localisation.NumberToWords.FrenchNumberToWordsConverterBase::GetTens(System.Int32)</Name>
              <FileRef uid="116" />
              <SequencePoints>
                <SequencePoint vc="0" uspid="3395" ordinal="0" offset="0" sl="196" sc="13" el="196" ec="34" bec="0" bev="0" fileid="116" />
              </SequencePoints>
              <BranchPoints />
              <MethodPoint xsi:type="SequencePoint" vc="0" uspid="3395" ordinal="0" offset="0" sl="196" sc="13" el="196" ec="34" bec="0" bev="0" fileid="116" />
            </Method>
            <Method visited="false" cyclomaticComplexity="1" nPathComplexity="0" sequenceCoverage="0" branchCoverage="0" crapScore="2" isConstructor="true" isStatic="false" isGetter="false" isSetter="false">
              <Summary numSequencePoints="0" visitedSequencePoints="0" numBranchPoints="0" visitedBranchPoints="0" sequenceCoverage="0" branchCoverage="0" maxCyclomaticComplexity="1" minCyclomaticComplexity="1" maxCrapScore="2" minCrapScore="2" visitedClasses="0" numClasses="0" visitedMethods="0" numMethods="0" />
              <MetadataToken>100663746</MetadataToken>
              <Name>System.Void Humanizer.Localisation.NumberToWords.FrenchNumberToWordsConverterBase::.ctor()</Name>
              <SequencePoints />
              <BranchPoints />
              <MethodPoint vc="0" uspid="3396" ordinal="0" offset="0" />
            </Method>
            <Method visited="false" cyclomaticComplexity="1" nPathComplexity="0" sequenceCoverage="0" branchCoverage="0" crapScore="2" isConstructor="true" isStatic="true" isGetter="false" isSetter="false">
              <Summary numSequencePoints="2" visitedSequencePoints="0" numBranchPoints="1" visitedBranchPoints="0" sequenceCoverage="0" branchCoverage="0" maxCyclomaticComplexity="1" minCyclomaticComplexity="1" maxCrapScore="2" minCrapScore="2" visitedClasses="0" numClasses="0" visitedMethods="0" numMethods="1" />
              <MetadataToken>100663747</MetadataToken>
              <Name>System.Void Humanizer.Localisation.NumberToWords.FrenchNumberToWordsConverterBase::.cctor()</Name>
              <FileRef uid="116" />
              <SequencePoints>
                <SequencePoint vc="0" uspid="3397" ordinal="0" offset="0" sl="8" sc="9" el="8" ec="237" bec="0" bev="0" fileid="116" />
                <SequencePoint vc="0" uspid="3398" ordinal="1" offset="183" sl="9" sc="9" el="9" ec="160" bec="0" bev="0" fileid="116" />
              </SequencePoints>
              <BranchPoints />
              <MethodPoint xsi:type="SequencePoint" vc="0" uspid="3397" ordinal="0" offset="0" sl="8" sc="9" el="8" ec="237" bec="0" bev="0" fileid="116" />
            </Method>
          </Methods>
        </Class>
        <Class>
          <Summary numSequencePoints="0" visitedSequencePoints="0" numBranchPoints="0" visitedBranchPoints="0" sequenceCoverage="0" branchCoverage="0" maxCyclomaticComplexity="1" minCyclomaticComplexity="1" maxCrapScore="2" minCrapScore="2" visitedClasses="0" numClasses="0" visitedMethods="0" numMethods="0" />
          <FullName>Humanizer.Localisation.NumberToWords.FrenchSwissNumberToWordsConverter</FullName>
          <Methods>
            <Method visited="false" cyclomaticComplexity="1" nPathComplexity="0" sequenceCoverage="0" branchCoverage="0" crapScore="2" isConstructor="true" isStatic="false" isGetter="false" isSetter="false">
              <Summary numSequencePoints="0" visitedSequencePoints="0" numBranchPoints="0" visitedBranchPoints="0" sequenceCoverage="0" branchCoverage="0" maxCyclomaticComplexity="1" minCyclomaticComplexity="1" maxCrapScore="2" minCrapScore="2" visitedClasses="0" numClasses="0" visitedMethods="0" numMethods="0" />
              <MetadataToken>100663748</MetadataToken>
              <Name>System.Void Humanizer.Localisation.NumberToWords.FrenchSwissNumberToWordsConverter::.ctor()</Name>
              <SequencePoints />
              <BranchPoints />
              <MethodPoint vc="0" uspid="3399" ordinal="0" offset="0" />
            </Method>
          </Methods>
        </Class>
        <Class>
          <Summary numSequencePoints="5" visitedSequencePoints="3" numBranchPoints="3" visitedBranchPoints="1" sequenceCoverage="60" branchCoverage="33.33" maxCyclomaticComplexity="1" minCyclomaticComplexity="1" maxCrapScore="2" minCrapScore="1" visitedClasses="1" numClasses="1" visitedMethods="1" numMethods="3" />
          <FullName>Humanizer.Localisation.NumberToWords.GenderedNumberToWordsConverter</FullName>
          <Methods>
            <Method visited="true" cyclomaticComplexity="1" nPathComplexity="0" sequenceCoverage="100" branchCoverage="100" crapScore="1" isConstructor="true" isStatic="false" isGetter="false" isSetter="false">
              <Summary numSequencePoints="3" visitedSequencePoints="3" numBranchPoints="1" visitedBranchPoints="1" sequenceCoverage="100" branchCoverage="100" maxCyclomaticComplexity="1" minCyclomaticComplexity="1" maxCrapScore="1" minCrapScore="1" visitedClasses="0" numClasses="0" visitedMethods="1" numMethods="1" />
              <MetadataToken>100663749</MetadataToken>
              <Name>System.Void Humanizer.Localisation.NumberToWords.GenderedNumberToWordsConverter::.ctor(Humanizer.GrammaticalGender)</Name>
              <FileRef uid="117" />
              <SequencePoints>
                <SequencePoint vc="17" uspid="3400" ordinal="0" offset="0" sl="7" sc="9" el="7" ec="112" bec="0" bev="0" fileid="117" />
                <SequencePoint vc="17" uspid="3401" ordinal="1" offset="6" sl="9" sc="13" el="9" ec="44" bec="0" bev="0" fileid="117" />
                <SequencePoint vc="17" uspid="3402" ordinal="2" offset="13" sl="10" sc="9" el="10" ec="10" bec="0" bev="0" fileid="117" />
              </SequencePoints>
              <BranchPoints />
              <MethodPoint xsi:type="SequencePoint" vc="17" uspid="3400" ordinal="0" offset="0" sl="7" sc="9" el="7" ec="112" bec="0" bev="0" fileid="117" />
            </Method>
            <Method visited="false" cyclomaticComplexity="1" nPathComplexity="0" sequenceCoverage="0" branchCoverage="0" crapScore="2" isConstructor="false" isStatic="false" isGetter="false" isSetter="false">
              <Summary numSequencePoints="1" visitedSequencePoints="0" numBranchPoints="1" visitedBranchPoints="0" sequenceCoverage="0" branchCoverage="0" maxCyclomaticComplexity="1" minCyclomaticComplexity="1" maxCrapScore="2" minCrapScore="2" visitedClasses="0" numClasses="0" visitedMethods="0" numMethods="1" />
              <MetadataToken>100663750</MetadataToken>
              <Name>System.String Humanizer.Localisation.NumberToWords.GenderedNumberToWordsConverter::Convert(System.Int64)</Name>
              <FileRef uid="117" />
              <SequencePoints>
                <SequencePoint vc="0" uspid="3403" ordinal="0" offset="0" sl="19" sc="13" el="19" ec="52" bec="0" bev="0" fileid="117" />
              </SequencePoints>
              <BranchPoints />
              <MethodPoint xsi:type="SequencePoint" vc="0" uspid="3403" ordinal="0" offset="0" sl="19" sc="13" el="19" ec="52" bec="0" bev="0" fileid="117" />
            </Method>
            <Method visited="false" cyclomaticComplexity="1" nPathComplexity="0" sequenceCoverage="0" branchCoverage="0" crapScore="2" isConstructor="false" isStatic="false" isGetter="false" isSetter="false">
              <Summary numSequencePoints="1" visitedSequencePoints="0" numBranchPoints="1" visitedBranchPoints="0" sequenceCoverage="0" branchCoverage="0" maxCyclomaticComplexity="1" minCyclomaticComplexity="1" maxCrapScore="2" minCrapScore="2" visitedClasses="0" numClasses="0" visitedMethods="0" numMethods="1" />
              <MetadataToken>100663752</MetadataToken>
              <Name>System.String Humanizer.Localisation.NumberToWords.GenderedNumberToWordsConverter::ConvertToOrdinal(System.Int32)</Name>
              <FileRef uid="117" />
              <SequencePoints>
                <SequencePoint vc="0" uspid="3404" ordinal="0" offset="0" sl="37" sc="13" el="37" ec="61" bec="0" bev="0" fileid="117" />
              </SequencePoints>
              <BranchPoints />
              <MethodPoint xsi:type="SequencePoint" vc="0" uspid="3404" ordinal="0" offset="0" sl="37" sc="13" el="37" ec="61" bec="0" bev="0" fileid="117" />
            </Method>
          </Methods>
        </Class>
        <Class>
          <Summary numSequencePoints="2" visitedSequencePoints="0" numBranchPoints="2" visitedBranchPoints="0" sequenceCoverage="0" branchCoverage="0" maxCyclomaticComplexity="1" minCyclomaticComplexity="1" maxCrapScore="2" minCrapScore="2" visitedClasses="0" numClasses="1" visitedMethods="0" numMethods="2" />
          <FullName>Humanizer.Localisation.NumberToWords.GenderlessNumberToWordsConverter</FullName>
          <Methods>
            <Method visited="false" cyclomaticComplexity="1" nPathComplexity="0" sequenceCoverage="0" branchCoverage="0" crapScore="2" isConstructor="false" isStatic="false" isGetter="false" isSetter="false">
              <Summary numSequencePoints="1" visitedSequencePoints="0" numBranchPoints="1" visitedBranchPoints="0" sequenceCoverage="0" branchCoverage="0" maxCyclomaticComplexity="1" minCyclomaticComplexity="1" maxCrapScore="2" minCrapScore="2" visitedClasses="0" numClasses="0" visitedMethods="0" numMethods="1" />
              <MetadataToken>100663755</MetadataToken>
              <Name>System.String Humanizer.Localisation.NumberToWords.GenderlessNumberToWordsConverter::Convert(System.Int64,Humanizer.GrammaticalGender)</Name>
              <FileRef uid="118" />
              <SequencePoints>
                <SequencePoint vc="0" uspid="3405" ordinal="0" offset="0" sl="20" sc="13" el="20" ec="36" bec="0" bev="0" fileid="118" />
              </SequencePoints>
              <BranchPoints />
              <MethodPoint xsi:type="SequencePoint" vc="0" uspid="3405" ordinal="0" offset="0" sl="20" sc="13" el="20" ec="36" bec="0" bev="0" fileid="118" />
            </Method>
            <Method visited="false" cyclomaticComplexity="1" nPathComplexity="0" sequenceCoverage="0" branchCoverage="0" crapScore="2" isConstructor="false" isStatic="false" isGetter="false" isSetter="false">
              <Summary numSequencePoints="1" visitedSequencePoints="0" numBranchPoints="1" visitedBranchPoints="0" sequenceCoverage="0" branchCoverage="0" maxCyclomaticComplexity="1" minCyclomaticComplexity="1" maxCrapScore="2" minCrapScore="2" visitedClasses="0" numClasses="0" visitedMethods="0" numMethods="1" />
              <MetadataToken>100663757</MetadataToken>
              <Name>System.String Humanizer.Localisation.NumberToWords.GenderlessNumberToWordsConverter::ConvertToOrdinal(System.Int32,Humanizer.GrammaticalGender)</Name>
              <FileRef uid="118" />
              <SequencePoints>
                <SequencePoint vc="0" uspid="3406" ordinal="0" offset="0" sl="38" sc="13" el="38" ec="45" bec="0" bev="0" fileid="118" />
              </SequencePoints>
              <BranchPoints />
              <MethodPoint xsi:type="SequencePoint" vc="0" uspid="3406" ordinal="0" offset="0" sl="38" sc="13" el="38" ec="45" bec="0" bev="0" fileid="118" />
            </Method>
            <Method visited="false" cyclomaticComplexity="1" nPathComplexity="0" sequenceCoverage="0" branchCoverage="0" crapScore="2" isConstructor="true" isStatic="false" isGetter="false" isSetter="false">
              <Summary numSequencePoints="0" visitedSequencePoints="0" numBranchPoints="0" visitedBranchPoints="0" sequenceCoverage="0" branchCoverage="0" maxCyclomaticComplexity="1" minCyclomaticComplexity="1" maxCrapScore="2" minCrapScore="2" visitedClasses="0" numClasses="0" visitedMethods="0" numMethods="0" />
              <MetadataToken>100663758</MetadataToken>
              <Name>System.Void Humanizer.Localisation.NumberToWords.GenderlessNumberToWordsConverter::.ctor()</Name>
              <SequencePoints />
              <BranchPoints />
              <MethodPoint vc="0" uspid="3407" ordinal="0" offset="0" />
            </Method>
          </Methods>
        </Class>
        <Class>
          <Summary numSequencePoints="0" visitedSequencePoints="0" numBranchPoints="0" visitedBranchPoints="0" sequenceCoverage="0" branchCoverage="0" maxCyclomaticComplexity="1" minCyclomaticComplexity="1" maxCrapScore="2" minCrapScore="2" visitedClasses="0" numClasses="0" visitedMethods="0" numMethods="0" />
          <FullName>Humanizer.Localisation.NumberToWords.GermanNumberToWordsConverter</FullName>
          <Methods>
            <Method visited="false" cyclomaticComplexity="1" nPathComplexity="0" sequenceCoverage="0" branchCoverage="0" crapScore="2" isConstructor="true" isStatic="false" isGetter="false" isSetter="false">
              <Summary numSequencePoints="0" visitedSequencePoints="0" numBranchPoints="0" visitedBranchPoints="0" sequenceCoverage="0" branchCoverage="0" maxCyclomaticComplexity="1" minCyclomaticComplexity="1" maxCrapScore="2" minCrapScore="2" visitedClasses="0" numClasses="0" visitedMethods="0" numMethods="0" />
              <MetadataToken>100663759</MetadataToken>
              <Name>System.Void Humanizer.Localisation.NumberToWords.GermanNumberToWordsConverter::.ctor()</Name>
              <SequencePoints />
              <BranchPoints />
              <MethodPoint vc="0" uspid="3408" ordinal="0" offset="0" />
            </Method>
          </Methods>
        </Class>
        <Class>
          <Summary numSequencePoints="72" visitedSequencePoints="11" numBranchPoints="49" visitedBranchPoints="1" sequenceCoverage="15.28" branchCoverage="2.04" maxCyclomaticComplexity="8" minCyclomaticComplexity="1" maxCrapScore="72" minCrapScore="1" visitedClasses="1" numClasses="1" visitedMethods="1" numMethods="9" />
          <FullName>Humanizer.Localisation.NumberToWords.GermanNumberToWordsConverterBase</FullName>
          <Methods>
            <Method visited="false" cyclomaticComplexity="8" nPathComplexity="128" sequenceCoverage="0" branchCoverage="0" crapScore="72" isConstructor="false" isStatic="false" isGetter="false" isSetter="false">
              <Summary numSequencePoints="25" visitedSequencePoints="0" numBranchPoints="15" visitedBranchPoints="0" sequenceCoverage="0" branchCoverage="0" maxCyclomaticComplexity="8" minCyclomaticComplexity="8" maxCrapScore="72" minCrapScore="72" visitedClasses="0" numClasses="0" visitedMethods="0" numMethods="1" />
              <MetadataToken>100663760</MetadataToken>
              <Name>System.String Humanizer.Localisation.NumberToWords.GermanNumberToWordsConverterBase::Convert(System.Int64,Humanizer.GrammaticalGender)</Name>
              <FileRef uid="119" />
              <SequencePoints>
                <SequencePoint vc="0" uspid="3409" ordinal="0" offset="0" sl="22" sc="13" el="22" ec="29" bec="2" bev="0" fileid="119" />
                <SequencePoint vc="0" uspid="3410" ordinal="1" offset="3" sl="24" sc="17" el="24" ec="41" bec="0" bev="0" fileid="119" />
                <SequencePoint vc="0" uspid="3411" ordinal="2" offset="13" sl="27" sc="13" el="27" ec="44" bec="0" bev="0" fileid="119" />
                <SequencePoint vc="0" uspid="3412" ordinal="3" offset="19" sl="28" sc="13" el="28" ec="28" bec="2" bev="0" fileid="119" />
                <SequencePoint vc="0" uspid="3413" ordinal="4" offset="24" sl="30" sc="17" el="30" ec="37" bec="0" bev="0" fileid="119" />
                <SequencePoint vc="0" uspid="3414" ordinal="5" offset="35" sl="31" sc="17" el="31" ec="34" bec="0" bev="0" fileid="119" />
                <SequencePoint vc="0" uspid="3415" ordinal="6" offset="39" sl="34" sc="13" el="34" ec="107" bec="0" bev="0" fileid="119" />
                <SequencePoint vc="0" uspid="3416" ordinal="7" offset="68" sl="35" sc="13" el="35" ec="105" bec="0" bev="0" fileid="119" />
                <SequencePoint vc="0" uspid="3417" ordinal="8" offset="97" sl="36" sc="13" el="36" ec="99" bec="0" bev="0" fileid="119" />
                <SequencePoint vc="0" uspid="3418" ordinal="9" offset="126" sl="37" sc="13" el="37" ec="99" bec="0" bev="0" fileid="119" />
                <SequencePoint vc="0" uspid="3419" ordinal="10" offset="152" sl="38" sc="13" el="38" ec="93" bec="0" bev="0" fileid="119" />
                <SequencePoint vc="0" uspid="3420" ordinal="11" offset="178" sl="39" sc="13" el="39" ec="86" bec="0" bev="0" fileid="119" />
                <SequencePoint vc="0" uspid="3421" ordinal="12" offset="204" sl="40" sc="13" el="40" ec="85" bec="0" bev="0" fileid="119" />
                <SequencePoint vc="0" uspid="3422" ordinal="13" offset="227" sl="42" sc="13" el="42" ec="28" bec="2" bev="0" fileid="119" />
                <SequencePoint vc="0" uspid="3423" ordinal="14" offset="232" sl="44" sc="17" el="44" ec="33" bec="2" bev="0" fileid="119" />
                <SequencePoint vc="0" uspid="3424" ordinal="15" offset="238" sl="46" sc="21" el="46" ec="77" bec="3" bev="0" fileid="119" />
                <SequencePoint vc="0" uspid="3425" ordinal="16" offset="247" sl="48" sc="25" el="48" ec="43" bec="0" bev="0" fileid="119" />
                <SequencePoint vc="0" uspid="3426" ordinal="17" offset="258" sl="49" sc="21" el="49" ec="22" bec="0" bev="0" fileid="119" />
                <SequencePoint vc="0" uspid="3427" ordinal="18" offset="260" sl="52" sc="25" el="52" ec="53" bec="0" bev="0" fileid="119" />
                <SequencePoint vc="0" uspid="3428" ordinal="19" offset="275" sl="54" sc="17" el="54" ec="18" bec="0" bev="0" fileid="119" />
                <SequencePoint vc="0" uspid="3429" ordinal="20" offset="277" sl="57" sc="21" el="57" ec="45" bec="0" bev="0" fileid="119" />
                <SequencePoint vc="0" uspid="3430" ordinal="21" offset="283" sl="58" sc="21" el="58" ec="35" bec="2" bev="0" fileid="119" />
                <SequencePoint vc="0" uspid="3431" ordinal="22" offset="288" sl="60" sc="25" el="60" ec="77" bec="0" bev="0" fileid="119" />
                <SequencePoint vc="0" uspid="3432" ordinal="23" offset="313" sl="63" sc="21" el="63" ec="53" bec="0" bev="0" fileid="119" />
                <SequencePoint vc="0" uspid="3433" ordinal="24" offset="330" sl="67" sc="13" el="67" ec="43" bec="0" bev="0" fileid="119" />
              </SequencePoints>
              <BranchPoints>
                <BranchPoint vc="0" uspid="3434" ordinal="0" offset="1" sl="22" path="0" offsetend="3" fileid="119" />
                <BranchPoint vc="0" uspid="3435" ordinal="1" offset="1" sl="22" path="1" offsetend="13" fileid="119" />
                <BranchPoint vc="0" uspid="3436" ordinal="2" offset="22" sl="28" path="0" offsetend="24" fileid="119" />
                <BranchPoint vc="0" uspid="3437" ordinal="3" offset="22" sl="28" path="1" offsetend="39" fileid="119" />
                <BranchPoint vc="0" uspid="3438" ordinal="4" offset="230" sl="42" path="0" offsetend="232" fileid="119" />
                <BranchPoint vc="0" uspid="3439" ordinal="5" offset="230" sl="42" path="1" offsetend="330" fileid="119" />
                <BranchPoint vc="0" uspid="3440" ordinal="6" offset="236" sl="44" path="0" offsetend="238" fileid="119" />
                <BranchPoint vc="0" uspid="3441" ordinal="7" offset="236" sl="44" path="1" offsetend="277" fileid="119" />
                <BranchPoint vc="0" uspid="3442" ordinal="8" offset="241" sl="46" path="0" offsetend="243" fileid="119" />
                <BranchPoint vc="0" uspid="3443" ordinal="9" offset="241" sl="46" path="1" offsetend="260" fileid="119" />
                <BranchPoint vc="0" uspid="3444" ordinal="10" offset="245" sl="46" path="0" offsetend="247" fileid="119" />
                <BranchPoint vc="0" uspid="3445" ordinal="11" offset="245" sl="46" path="1" offsetend="260" fileid="119" />
                <BranchPoint vc="0" uspid="3446" ordinal="12" offset="286" sl="58" path="0" offsetend="288" fileid="119" />
                <BranchPoint vc="0" uspid="3447" ordinal="13" offset="286" sl="58" path="1" offsetend="313" fileid="119" />
              </BranchPoints>
              <MethodPoint xsi:type="SequencePoint" vc="0" uspid="3409" ordinal="0" offset="0" sl="22" sc="13" el="22" ec="29" bec="2" bev="0" fileid="119" />
            </Method>
            <Method visited="false" cyclomaticComplexity="7" nPathComplexity="64" sequenceCoverage="0" branchCoverage="0" crapScore="56" isConstructor="false" isStatic="false" isGetter="false" isSetter="false">
              <Summary numSequencePoints="16" visitedSequencePoints="0" numBranchPoints="13" visitedBranchPoints="0" sequenceCoverage="0" branchCoverage="0" maxCyclomaticComplexity="7" minCyclomaticComplexity="7" maxCrapScore="56" minCrapScore="56" visitedClasses="0" numClasses="0" visitedMethods="0" numMethods="1" />
              <MetadataToken>100663761</MetadataToken>
              <Name>System.String Humanizer.Localisation.NumberToWords.GermanNumberToWordsConverterBase::ConvertToOrdinal(System.Int32,Humanizer.GrammaticalGender)</Name>
              <FileRef uid="119" />
              <SequencePoints>
                <SequencePoint vc="0" uspid="3448" ordinal="0" offset="0" sl="72" sc="13" el="72" ec="29" bec="2" bev="0" fileid="119" />
                <SequencePoint vc="0" uspid="3449" ordinal="1" offset="3" sl="74" sc="17" el="74" ec="70" bec="0" bev="0" fileid="119" />
                <SequencePoint vc="0" uspid="3450" ordinal="2" offset="24" sl="77" sc="13" el="77" ec="44" bec="0" bev="0" fileid="119" />
                <SequencePoint vc="0" uspid="3451" ordinal="3" offset="30" sl="78" sc="13" el="78" ec="28" bec="2" bev="0" fileid="119" />
                <SequencePoint vc="0" uspid="3452" ordinal="4" offset="34" sl="80" sc="17" el="80" ec="37" bec="0" bev="0" fileid="119" />
                <SequencePoint vc="0" uspid="3453" ordinal="5" offset="45" sl="81" sc="17" el="81" ec="34" bec="0" bev="0" fileid="119" />
                <SequencePoint vc="0" uspid="3454" ordinal="6" offset="49" sl="84" sc="13" el="84" ec="116" bec="0" bev="0" fileid="119" />
                <SequencePoint vc="0" uspid="3455" ordinal="7" offset="76" sl="85" sc="13" el="85" ec="113" bec="0" bev="0" fileid="119" />
                <SequencePoint vc="0" uspid="3456" ordinal="8" offset="103" sl="86" sc="13" el="86" ec="113" bec="0" bev="0" fileid="119" />
                <SequencePoint vc="0" uspid="3457" ordinal="9" offset="130" sl="87" sc="13" el="87" ec="110" bec="0" bev="0" fileid="119" />
                <SequencePoint vc="0" uspid="3458" ordinal="10" offset="154" sl="89" sc="13" el="89" ec="28" bec="2" bev="0" fileid="119" />
                <SequencePoint vc="0" uspid="3459" ordinal="11" offset="158" sl="91" sc="17" el="91" ec="81" bec="2" bev="0" fileid="119" />
                <SequencePoint vc="0" uspid="3460" ordinal="12" offset="187" sl="94" sc="13" el="94" ec="45" bec="3" bev="0" fileid="119" />
                <SequencePoint vc="0" uspid="3461" ordinal="13" offset="195" sl="96" sc="17" el="96" ec="32" bec="0" bev="0" fileid="119" />
                <SequencePoint vc="0" uspid="3462" ordinal="14" offset="206" sl="99" sc="13" el="99" ec="51" bec="0" bev="0" fileid="119" />
                <SequencePoint vc="0" uspid="3463" ordinal="15" offset="219" sl="101" sc="13" el="101" ec="43" bec="0" bev="0" fileid="119" />
              </SequencePoints>
              <BranchPoints>
                <BranchPoint vc="0" uspid="3464" ordinal="0" offset="1" sl="72" path="0" offsetend="3" fileid="119" />
                <BranchPoint vc="0" uspid="3465" ordinal="1" offset="1" sl="72" path="1" offsetend="24" fileid="119" />
                <BranchPoint vc="0" uspid="3466" ordinal="2" offset="32" sl="78" path="0" offsetend="34" fileid="119" />
                <BranchPoint vc="0" uspid="3467" ordinal="3" offset="32" sl="78" path="1" offsetend="49" fileid="119" />
                <BranchPoint vc="0" uspid="3468" ordinal="4" offset="156" sl="89" path="0" offsetend="158" fileid="119" />
                <BranchPoint vc="0" uspid="3469" ordinal="5" offset="156" sl="89" path="1" offsetend="187" fileid="119" />
                <BranchPoint vc="0" uspid="3470" ordinal="6" offset="162" sl="91" path="0" offsetend="164" fileid="119" />
                <BranchPoint vc="0" uspid="3471" ordinal="7" offset="162" sl="91" path="1" offsetend="174" fileid="119" />
                <BranchPoint vc="0" uspid="3472" ordinal="8" offset="188" sl="94" path="0" offsetend="190" fileid="119" />
                <BranchPoint vc="0" uspid="3473" ordinal="9" offset="188" sl="94" path="1" offsetend="195" fileid="119" />
                <BranchPoint vc="0" uspid="3474" ordinal="10" offset="193" sl="94" path="0" offsetend="195" fileid="119" />
                <BranchPoint vc="0" uspid="3475" ordinal="11" offset="193" sl="94" path="1" offsetend="206" fileid="119" />
              </BranchPoints>
              <MethodPoint xsi:type="SequencePoint" vc="0" uspid="3448" ordinal="0" offset="0" sl="72" sc="13" el="72" ec="29" bec="2" bev="0" fileid="119" />
            </Method>
            <Method visited="false" cyclomaticComplexity="4" nPathComplexity="8" sequenceCoverage="0" branchCoverage="0" crapScore="20" isConstructor="false" isStatic="false" isGetter="false" isSetter="false">
              <Summary numSequencePoints="6" visitedSequencePoints="0" numBranchPoints="7" visitedBranchPoints="0" sequenceCoverage="0" branchCoverage="0" maxCyclomaticComplexity="4" minCyclomaticComplexity="4" maxCrapScore="20" minCrapScore="20" visitedClasses="0" numClasses="0" visitedMethods="0" numMethods="1" />
              <MetadataToken>100663762</MetadataToken>
              <Name>System.Void Humanizer.Localisation.NumberToWords.GermanNumberToWordsConverterBase::CollectParts(System.Collections.Generic.ICollection`1&lt;System.String&gt;,System.Int64&amp;,System.Int64,System.Boolean,System.String,System.String)</Name>
              <FileRef uid="119" />
              <SequencePoints>
                <SequencePoint vc="0" uspid="3476" ordinal="0" offset="0" sl="106" sc="13" el="106" ec="38" bec="2" bev="0" fileid="119" />
                <SequencePoint vc="0" uspid="3477" ordinal="1" offset="8" sl="108" sc="17" el="108" ec="75" bec="0" bev="0" fileid="119" />
                <SequencePoint vc="0" uspid="3478" ordinal="2" offset="28" sl="109" sc="17" el="109" ec="35" bec="0" bev="0" fileid="119" />
                <SequencePoint vc="0" uspid="3479" ordinal="3" offset="34" sl="110" sc="17" el="110" ec="58" bec="3" bev="0" fileid="119" />
                <SequencePoint vc="0" uspid="3480" ordinal="4" offset="44" sl="112" sc="21" el="112" ec="36" bec="0" bev="0" fileid="119" />
                <SequencePoint vc="0" uspid="3481" ordinal="5" offset="55" sl="115" sc="9" el="115" ec="10" bec="0" bev="0" fileid="119" />
              </SequencePoints>
              <BranchPoints>
                <BranchPoint vc="0" uspid="3482" ordinal="0" offset="6" sl="106" path="0" offsetend="8" fileid="119" />
                <BranchPoint vc="0" uspid="3483" ordinal="1" offset="6" sl="106" path="1" offsetend="55" fileid="119" />
                <BranchPoint vc="0" uspid="3484" ordinal="2" offset="36" sl="110" path="0" offsetend="38" fileid="119" />
                <BranchPoint vc="0" uspid="3485" ordinal="3" offset="36" sl="110" path="1" offsetend="55" fileid="119" />
                <BranchPoint vc="0" uspid="3486" ordinal="4" offset="42" sl="110" path="0" offsetend="44" fileid="119" />
                <BranchPoint vc="0" uspid="3487" ordinal="5" offset="42" sl="110" path="1" offsetend="55" fileid="119" />
              </BranchPoints>
              <MethodPoint xsi:type="SequencePoint" vc="0" uspid="3476" ordinal="0" offset="0" sl="106" sc="13" el="106" ec="38" bec="2" bev="0" fileid="119" />
            </Method>
            <Method visited="false" cyclomaticComplexity="4" nPathComplexity="4" sequenceCoverage="0" branchCoverage="0" crapScore="20" isConstructor="false" isStatic="false" isGetter="false" isSetter="false">
              <Summary numSequencePoints="5" visitedSequencePoints="0" numBranchPoints="5" visitedBranchPoints="0" sequenceCoverage="0" branchCoverage="0" maxCyclomaticComplexity="4" minCyclomaticComplexity="4" maxCrapScore="20" minCrapScore="20" visitedClasses="0" numClasses="0" visitedMethods="0" numMethods="1" />
              <MetadataToken>100663763</MetadataToken>
              <Name>System.Void Humanizer.Localisation.NumberToWords.GermanNumberToWordsConverterBase::CollectOrdinalParts(System.Collections.Generic.ICollection`1&lt;System.String&gt;,System.Int32&amp;,System.Int32,System.Boolean,System.String[],System.String[])</Name>
              <FileRef uid="119" />
              <SequencePoints>
                <SequencePoint vc="0" uspid="3488" ordinal="0" offset="0" sl="119" sc="13" el="119" ec="38" bec="2" bev="0" fileid="119" />
                <SequencePoint vc="0" uspid="3489" ordinal="1" offset="7" sl="121" sc="17" el="121" ec="81" bec="2" bev="0" fileid="119" />
                <SequencePoint vc="0" uspid="3490" ordinal="2" offset="25" sl="122" sc="17" el="122" ec="93" bec="0" bev="0" fileid="119" />
                <SequencePoint vc="0" uspid="3491" ordinal="3" offset="50" sl="123" sc="17" el="123" ec="35" bec="0" bev="0" fileid="119" />
                <SequencePoint vc="0" uspid="3492" ordinal="4" offset="56" sl="125" sc="9" el="125" ec="10" bec="0" bev="0" fileid="119" />
              </SequencePoints>
              <BranchPoints>
                <BranchPoint vc="0" uspid="3493" ordinal="0" offset="5" sl="119" path="0" offsetend="7" fileid="119" />
                <BranchPoint vc="0" uspid="3494" ordinal="1" offset="5" sl="119" path="1" offsetend="56" fileid="119" />
                <BranchPoint vc="0" uspid="3495" ordinal="2" offset="9" sl="121" path="0" offsetend="11" fileid="119" />
                <BranchPoint vc="0" uspid="3496" ordinal="3" offset="9" sl="121" path="1" offsetend="14" fileid="119" />
              </BranchPoints>
              <MethodPoint xsi:type="SequencePoint" vc="0" uspid="3488" ordinal="0" offset="0" sl="119" sc="13" el="119" ec="38" bec="2" bev="0" fileid="119" />
            </Method>
            <Method visited="false" cyclomaticComplexity="2" nPathComplexity="2" sequenceCoverage="0" branchCoverage="0" crapScore="6" isConstructor="false" isStatic="false" isGetter="false" isSetter="false">
              <Summary numSequencePoints="3" visitedSequencePoints="0" numBranchPoints="3" visitedBranchPoints="0" sequenceCoverage="0" branchCoverage="0" maxCyclomaticComplexity="2" minCyclomaticComplexity="2" maxCrapScore="6" minCrapScore="6" visitedClasses="0" numClasses="0" visitedMethods="0" numMethods="1" />
              <MetadataToken>100663764</MetadataToken>
              <Name>System.String Humanizer.Localisation.NumberToWords.GermanNumberToWordsConverterBase::Part(System.String,System.String,System.Int64)</Name>
              <FileRef uid="119" />
              <SequencePoints>
                <SequencePoint vc="0" uspid="3497" ordinal="0" offset="0" sl="129" sc="13" el="129" ec="29" bec="2" bev="0" fileid="119" />
                <SequencePoint vc="0" uspid="3498" ordinal="1" offset="5" sl="131" sc="17" el="131" ec="33" bec="0" bev="0" fileid="119" />
                <SequencePoint vc="0" uspid="3499" ordinal="2" offset="7" sl="134" sc="13" el="134" ec="65" bec="0" bev="0" fileid="119" />
              </SequencePoints>
              <BranchPoints>
                <BranchPoint vc="0" uspid="3500" ordinal="0" offset="3" sl="129" path="0" offsetend="5" fileid="119" />
                <BranchPoint vc="0" uspid="3501" ordinal="1" offset="3" sl="129" path="1" offsetend="7" fileid="119" />
              </BranchPoints>
              <MethodPoint xsi:type="SequencePoint" vc="0" uspid="3497" ordinal="0" offset="0" sl="129" sc="13" el="129" ec="29" bec="2" bev="0" fileid="119" />
            </Method>
            <Method visited="false" cyclomaticComplexity="2" nPathComplexity="2" sequenceCoverage="0" branchCoverage="0" crapScore="6" isConstructor="false" isStatic="false" isGetter="false" isSetter="false">
              <Summary numSequencePoints="1" visitedSequencePoints="0" numBranchPoints="3" visitedBranchPoints="0" sequenceCoverage="0" branchCoverage="0" maxCyclomaticComplexity="2" minCyclomaticComplexity="2" maxCrapScore="6" minCrapScore="6" visitedClasses="0" numClasses="0" visitedMethods="0" numMethods="1" />
              <MetadataToken>100663765</MetadataToken>
              <Name>System.Int32 Humanizer.Localisation.NumberToWords.GermanNumberToWordsConverterBase::NoRestIndex(System.Int32)</Name>
              <FileRef uid="119" />
              <SequencePoints>
                <SequencePoint vc="0" uspid="3502" ordinal="0" offset="0" sl="139" sc="13" el="139" ec="40" bec="2" bev="0" fileid="119" />
              </SequencePoints>
              <BranchPoints>
                <BranchPoint vc="0" uspid="3503" ordinal="0" offset="1" sl="139" path="0" offsetend="3" fileid="119" />
                <BranchPoint vc="0" uspid="3504" ordinal="1" offset="1" sl="139" path="1" offsetend="5" fileid="119" />
              </BranchPoints>
              <MethodPoint xsi:type="SequencePoint" vc="0" uspid="3502" ordinal="0" offset="0" sl="139" sc="13" el="139" ec="40" bec="2" bev="0" fileid="119" />
            </Method>
            <Method visited="false" cyclomaticComplexity="5" nPathComplexity="0" sequenceCoverage="0" branchCoverage="0" crapScore="30" isConstructor="false" isStatic="false" isGetter="false" isSetter="false">
              <Summary numSequencePoints="4" visitedSequencePoints="0" numBranchPoints="1" visitedBranchPoints="0" sequenceCoverage="0" branchCoverage="0" maxCyclomaticComplexity="5" minCyclomaticComplexity="5" maxCrapScore="30" minCrapScore="30" visitedClasses="0" numClasses="0" visitedMethods="0" numMethods="1" />
              <MetadataToken>100663766</MetadataToken>
              <Name>System.String Humanizer.Localisation.NumberToWords.GermanNumberToWordsConverterBase::GetEndingForGender(Humanizer.GrammaticalGender)</Name>
              <FileRef uid="119" />
              <SequencePoints>
                <SequencePoint vc="0" uspid="3505" ordinal="0" offset="20" sl="147" sc="21" el="147" ec="34" bec="0" bev="0" fileid="119" />
                <SequencePoint vc="0" uspid="3506" ordinal="1" offset="26" sl="149" sc="21" el="149" ec="33" bec="0" bev="0" fileid="119" />
                <SequencePoint vc="0" uspid="3507" ordinal="2" offset="32" sl="151" sc="21" el="151" ec="34" bec="0" bev="0" fileid="119" />
                <SequencePoint vc="0" uspid="3508" ordinal="3" offset="38" sl="153" sc="21" el="153" ec="75" bec="0" bev="0" fileid="119" />
              </SequencePoints>
              <BranchPoints />
              <MethodPoint vc="0" uspid="3513" ordinal="0" offset="0" />
            </Method>
            <Method visited="false" cyclomaticComplexity="1" nPathComplexity="0" sequenceCoverage="0" branchCoverage="0" crapScore="2" isConstructor="false" isStatic="false" isGetter="false" isSetter="false">
              <Summary numSequencePoints="1" visitedSequencePoints="0" numBranchPoints="1" visitedBranchPoints="0" sequenceCoverage="0" branchCoverage="0" maxCyclomaticComplexity="1" minCyclomaticComplexity="1" maxCrapScore="2" minCrapScore="2" visitedClasses="0" numClasses="0" visitedMethods="0" numMethods="1" />
              <MetadataToken>100663767</MetadataToken>
              <Name>System.String Humanizer.Localisation.NumberToWords.GermanNumberToWordsConverterBase::GetTens(System.Int64)</Name>
              <FileRef uid="119" />
              <SequencePoints>
                <SequencePoint vc="0" uspid="3514" ordinal="0" offset="0" sl="159" sc="13" el="159" ec="34" bec="0" bev="0" fileid="119" />
              </SequencePoints>
              <BranchPoints />
              <MethodPoint xsi:type="SequencePoint" vc="0" uspid="3514" ordinal="0" offset="0" sl="159" sc="13" el="159" ec="34" bec="0" bev="0" fileid="119" />
            </Method>
            <Method visited="true" cyclomaticComplexity="1" nPathComplexity="0" sequenceCoverage="100" branchCoverage="100" crapScore="1" isConstructor="true" isStatic="false" isGetter="false" isSetter="false">
              <Summary numSequencePoints="11" visitedSequencePoints="11" numBranchPoints="1" visitedBranchPoints="1" sequenceCoverage="100" branchCoverage="100" maxCyclomaticComplexity="1" minCyclomaticComplexity="1" maxCrapScore="1" minCrapScore="1" visitedClasses="0" numClasses="0" visitedMethods="1" numMethods="1" />
              <MetadataToken>100663768</MetadataToken>
              <Name>System.Void Humanizer.Localisation.NumberToWords.GermanNumberToWordsConverterBase::.ctor()</Name>
              <FileRef uid="119" />
              <SequencePoints>
                <SequencePoint vc="3" uspid="3515" ordinal="0" offset="0" sl="8" sc="9" el="8" ec="239" bec="0" bev="0" fileid="119" />
                <SequencePoint vc="3" uspid="3516" ordinal="1" offset="184" sl="9" sc="9" el="9" ec="152" bec="0" bev="0" fileid="119" />
                <SequencePoint vc="3" uspid="3517" ordinal="2" offset="278" sl="10" sc="9" el="10" ec="246" bec="0" bev="0" fileid="119" />
                <SequencePoint vc="3" uspid="3518" ordinal="3" offset="462" sl="11" sc="9" el="11" ec="77" bec="0" bev="0" fileid="119" />
                <SequencePoint vc="3" uspid="3519" ordinal="4" offset="482" sl="12" sc="9" el="12" ec="75" bec="0" bev="0" fileid="119" />
                <SequencePoint vc="3" uspid="3520" ordinal="5" offset="502" sl="13" sc="9" el="13" ec="78" bec="0" bev="0" fileid="119" />
                <SequencePoint vc="3" uspid="3521" ordinal="6" offset="522" sl="14" sc="9" el="14" ec="76" bec="0" bev="0" fileid="119" />
                <SequencePoint vc="3" uspid="3522" ordinal="7" offset="542" sl="15" sc="9" el="15" ec="92" bec="0" bev="0" fileid="119" />
                <SequencePoint vc="3" uspid="3523" ordinal="8" offset="570" sl="16" sc="9" el="16" ec="91" bec="0" bev="0" fileid="119" />
                <SequencePoint vc="3" uspid="3524" ordinal="9" offset="598" sl="17" sc="9" el="17" ec="95" bec="0" bev="0" fileid="119" />
                <SequencePoint vc="3" uspid="3525" ordinal="10" offset="626" sl="18" sc="9" el="18" ec="93" bec="0" bev="0" fileid="119" />
              </SequencePoints>
              <BranchPoints />
              <MethodPoint xsi:type="SequencePoint" vc="3" uspid="3515" ordinal="0" offset="0" sl="8" sc="9" el="8" ec="239" bec="0" bev="0" fileid="119" />
            </Method>
          </Methods>
        </Class>
        <Class>
          <Summary numSequencePoints="3" visitedSequencePoints="0" numBranchPoints="3" visitedBranchPoints="0" sequenceCoverage="0" branchCoverage="0" maxCyclomaticComplexity="2" minCyclomaticComplexity="1" maxCrapScore="6" minCrapScore="2" visitedClasses="0" numClasses="1" visitedMethods="0" numMethods="1" />
          <FullName>Humanizer.Localisation.NumberToWords.GermanSwissLiechtensteinNumberToWordsConverter</FullName>
          <Methods>
            <Method visited="false" cyclomaticComplexity="2" nPathComplexity="2" sequenceCoverage="0" branchCoverage="0" crapScore="6" isConstructor="false" isStatic="false" isGetter="false" isSetter="false">
              <Summary numSequencePoints="3" visitedSequencePoints="0" numBranchPoints="3" visitedBranchPoints="0" sequenceCoverage="0" branchCoverage="0" maxCyclomaticComplexity="2" minCyclomaticComplexity="2" maxCrapScore="6" minCrapScore="6" visitedClasses="0" numClasses="0" visitedMethods="0" numMethods="1" />
              <MetadataToken>100663769</MetadataToken>
              <Name>System.String Humanizer.Localisation.NumberToWords.GermanSwissLiechtensteinNumberToWordsConverter::GetTens(System.Int64)</Name>
              <FileRef uid="120" />
              <SequencePoints>
                <SequencePoint vc="0" uspid="3526" ordinal="0" offset="0" sl="7" sc="13" el="7" ec="27" bec="2" bev="0" fileid="120" />
                <SequencePoint vc="0" uspid="3527" ordinal="1" offset="5" sl="9" sc="17" el="9" ec="35" bec="0" bev="0" fileid="120" />
                <SequencePoint vc="0" uspid="3528" ordinal="2" offset="11" sl="12" sc="13" el="12" ec="39" bec="0" bev="0" fileid="120" />
              </SequencePoints>
              <BranchPoints>
                <BranchPoint vc="0" uspid="3529" ordinal="0" offset="3" sl="7" path="0" offsetend="5" fileid="120" />
                <BranchPoint vc="0" uspid="3530" ordinal="1" offset="3" sl="7" path="1" offsetend="11" fileid="120" />
              </BranchPoints>
              <MethodPoint xsi:type="SequencePoint" vc="0" uspid="3526" ordinal="0" offset="0" sl="7" sc="13" el="7" ec="27" bec="2" bev="0" fileid="120" />
            </Method>
            <Method visited="false" cyclomaticComplexity="1" nPathComplexity="0" sequenceCoverage="0" branchCoverage="0" crapScore="2" isConstructor="true" isStatic="false" isGetter="false" isSetter="false">
              <Summary numSequencePoints="0" visitedSequencePoints="0" numBranchPoints="0" visitedBranchPoints="0" sequenceCoverage="0" branchCoverage="0" maxCyclomaticComplexity="1" minCyclomaticComplexity="1" maxCrapScore="2" minCrapScore="2" visitedClasses="0" numClasses="0" visitedMethods="0" numMethods="0" />
              <MetadataToken>100663770</MetadataToken>
              <Name>System.Void Humanizer.Localisation.NumberToWords.GermanSwissLiechtensteinNumberToWordsConverter::.ctor()</Name>
              <SequencePoints />
              <BranchPoints />
              <MethodPoint vc="0" uspid="3531" ordinal="0" offset="0" />
            </Method>
          </Methods>
        </Class>
        <Class>
          <Summary numSequencePoints="82" visitedSequencePoints="0" numBranchPoints="55" visitedBranchPoints="0" sequenceCoverage="0" branchCoverage="0" maxCyclomaticComplexity="19" minCyclomaticComplexity="1" maxCrapScore="380" minCrapScore="2" visitedClasses="0" numClasses="1" visitedMethods="0" numMethods="7" />
          <FullName>Humanizer.Localisation.NumberToWords.HebrewNumberToWordsConverter</FullName>
          <Methods>
            <Method visited="false" cyclomaticComplexity="1" nPathComplexity="0" sequenceCoverage="0" branchCoverage="0" crapScore="2" isConstructor="true" isStatic="false" isGetter="false" isSetter="false">
              <Summary numSequencePoints="3" visitedSequencePoints="0" numBranchPoints="1" visitedBranchPoints="0" sequenceCoverage="0" branchCoverage="0" maxCyclomaticComplexity="1" minCyclomaticComplexity="1" maxCrapScore="2" minCrapScore="2" visitedClasses="0" numClasses="0" visitedMethods="0" numMethods="1" />
              <MetadataToken>100663771</MetadataToken>
              <Name>System.Void Humanizer.Localisation.NumberToWords.HebrewNumberToWordsConverter::.ctor(System.Globalization.CultureInfo)</Name>
              <FileRef uid="121" />
              <SequencePoints>
                <SequencePoint vc="0" uspid="3532" ordinal="0" offset="0" sl="36" sc="15" el="36" ec="47" bec="0" bev="0" fileid="121" />
                <SequencePoint vc="0" uspid="3533" ordinal="1" offset="7" sl="38" sc="13" el="38" ec="32" bec="0" bev="0" fileid="121" />
                <SequencePoint vc="0" uspid="3534" ordinal="2" offset="14" sl="39" sc="9" el="39" ec="10" bec="0" bev="0" fileid="121" />
              </SequencePoints>
              <BranchPoints />
              <MethodPoint xsi:type="SequencePoint" vc="0" uspid="3532" ordinal="0" offset="0" sl="36" sc="15" el="36" ec="47" bec="0" bev="0" fileid="121" />
            </Method>
            <Method visited="false" cyclomaticComplexity="19" nPathComplexity="65536" sequenceCoverage="0" branchCoverage="0" crapScore="380" isConstructor="false" isStatic="false" isGetter="false" isSetter="false">
              <Summary numSequencePoints="43" visitedSequencePoints="0" numBranchPoints="33" visitedBranchPoints="0" sequenceCoverage="0" branchCoverage="0" maxCyclomaticComplexity="19" minCyclomaticComplexity="19" maxCrapScore="380" minCrapScore="380" visitedClasses="0" numClasses="0" visitedMethods="0" numMethods="1" />
              <MetadataToken>100663772</MetadataToken>
              <Name>System.String Humanizer.Localisation.NumberToWords.HebrewNumberToWordsConverter::Convert(System.Int64,Humanizer.GrammaticalGender)</Name>
              <FileRef uid="121" />
              <SequencePoints>
                <SequencePoint vc="0" uspid="3535" ordinal="0" offset="0" sl="43" sc="13" el="43" ec="66" bec="3" bev="0" fileid="121" />
                <SequencePoint vc="0" uspid="3536" ordinal="1" offset="18" sl="45" sc="17" el="45" ec="53" bec="0" bev="0" fileid="121" />
                <SequencePoint vc="0" uspid="3537" ordinal="2" offset="24" sl="47" sc="13" el="47" ec="37" bec="0" bev="0" fileid="121" />
                <SequencePoint vc="0" uspid="3538" ordinal="3" offset="27" sl="49" sc="13" el="49" ec="28" bec="2" bev="0" fileid="121" />
                <SequencePoint vc="0" uspid="3539" ordinal="4" offset="31" sl="51" sc="17" el="51" ec="77" bec="0" bev="0" fileid="121" />
                <SequencePoint vc="0" uspid="3540" ordinal="5" offset="52" sl="54" sc="13" el="54" ec="29" bec="2" bev="0" fileid="121" />
                <SequencePoint vc="0" uspid="3541" ordinal="6" offset="55" sl="56" sc="17" el="56" ec="41" bec="0" bev="0" fileid="121" />
                <SequencePoint vc="0" uspid="3542" ordinal="7" offset="63" sl="59" sc="13" el="59" ec="44" bec="0" bev="0" fileid="121" />
                <SequencePoint vc="0" uspid="3543" ordinal="8" offset="69" sl="60" sc="13" el="60" ec="47" bec="2" bev="0" fileid="121" />
                <SequencePoint vc="0" uspid="3544" ordinal="9" offset="77" sl="62" sc="17" el="62" ec="60" bec="0" bev="0" fileid="121" />
                <SequencePoint vc="0" uspid="3545" ordinal="10" offset="90" sl="63" sc="17" el="63" ec="47" bec="0" bev="0" fileid="121" />
                <SequencePoint vc="0" uspid="3546" ordinal="11" offset="98" sl="66" sc="13" el="66" ec="47" bec="2" bev="0" fileid="121" />
                <SequencePoint vc="0" uspid="3547" ordinal="12" offset="106" sl="68" sc="17" el="68" ec="60" bec="0" bev="0" fileid="121" />
                <SequencePoint vc="0" uspid="3548" ordinal="13" offset="119" sl="69" sc="17" el="69" ec="47" bec="0" bev="0" fileid="121" />
                <SequencePoint vc="0" uspid="3549" ordinal="14" offset="127" sl="72" sc="13" el="72" ec="48" bec="2" bev="0" fileid="121" />
                <SequencePoint vc="0" uspid="3550" ordinal="15" offset="135" sl="74" sc="17" el="74" ec="44" bec="0" bev="0" fileid="121" />
                <SequencePoint vc="0" uspid="3551" ordinal="16" offset="143" sl="75" sc="17" el="75" ec="48" bec="0" bev="0" fileid="121" />
                <SequencePoint vc="0" uspid="3552" ordinal="17" offset="151" sl="78" sc="13" el="78" ec="47" bec="2" bev="0" fileid="121" />
                <SequencePoint vc="0" uspid="3553" ordinal="18" offset="156" sl="80" sc="17" el="80" ec="43" bec="0" bev="0" fileid="121" />
                <SequencePoint vc="0" uspid="3554" ordinal="19" offset="163" sl="81" sc="17" el="81" ec="47" bec="0" bev="0" fileid="121" />
                <SequencePoint vc="0" uspid="3555" ordinal="20" offset="168" sl="84" sc="13" el="84" ec="28" bec="2" bev="0" fileid="121" />
                <SequencePoint vc="0" uspid="3556" ordinal="21" offset="175" sl="86" sc="17" el="86" ec="50" bec="0" bev="0" fileid="121" />
                <SequencePoint vc="0" uspid="3557" ordinal="22" offset="185" sl="88" sc="17" el="88" ec="34" bec="2" bev="0" fileid="121" />
                <SequencePoint vc="0" uspid="3558" ordinal="23" offset="190" sl="90" sc="21" el="90" ec="119" bec="2" bev="0" fileid="121" />
                <SequencePoint vc="0" uspid="3559" ordinal="24" offset="210" sl="91" sc="21" el="91" ec="35" bec="2" bev="0" fileid="121" />
                <SequencePoint vc="0" uspid="3560" ordinal="25" offset="213" sl="93" sc="25" el="93" ec="43" bec="0" bev="0" fileid="121" />
                <SequencePoint vc="0" uspid="3561" ordinal="26" offset="225" sl="96" sc="21" el="96" ec="37" bec="0" bev="0" fileid="121" />
                <SequencePoint vc="0" uspid="3562" ordinal="27" offset="232" sl="97" sc="17" el="97" ec="18" bec="0" bev="0" fileid="121" />
                <SequencePoint vc="0" uspid="3563" ordinal="28" offset="237" sl="98" sc="22" el="98" ec="38" bec="2" bev="0" fileid="121" />
                <SequencePoint vc="0" uspid="3564" ordinal="29" offset="242" sl="100" sc="21" el="100" ec="61" bec="0" bev="0" fileid="121" />
                <SequencePoint vc="0" uspid="3565" ordinal="30" offset="256" sl="101" sc="21" el="101" ec="52" bec="0" bev="0" fileid="121" />
                <SequencePoint vc="0" uspid="3566" ordinal="31" offset="275" sl="102" sc="21" el="102" ec="115" bec="2" bev="0" fileid="121" />
                <SequencePoint vc="0" uspid="3567" ordinal="32" offset="304" sl="103" sc="21" el="103" ec="35" bec="2" bev="0" fileid="121" />
                <SequencePoint vc="0" uspid="3568" ordinal="33" offset="307" sl="105" sc="25" el="105" ec="43" bec="0" bev="0" fileid="121" />
                <SequencePoint vc="0" uspid="3569" ordinal="34" offset="321" sl="108" sc="21" el="108" ec="37" bec="0" bev="0" fileid="121" />
                <SequencePoint vc="0" uspid="3570" ordinal="35" offset="329" sl="109" sc="17" el="109" ec="18" bec="0" bev="0" fileid="121" />
                <SequencePoint vc="0" uspid="3571" ordinal="36" offset="331" sl="112" sc="21" el="112" ec="61" bec="0" bev="0" fileid="121" />
                <SequencePoint vc="0" uspid="3572" ordinal="37" offset="345" sl="113" sc="21" el="113" ec="42" bec="2" bev="0" fileid="121" />
                <SequencePoint vc="0" uspid="3573" ordinal="38" offset="351" sl="115" sc="25" el="115" ec="44" bec="0" bev="0" fileid="121" />
                <SequencePoint vc="0" uspid="3574" ordinal="39" offset="359" sl="116" sc="21" el="116" ec="22" bec="0" bev="0" fileid="121" />
                <SequencePoint vc="0" uspid="3575" ordinal="40" offset="361" sl="119" sc="25" el="119" ec="65" bec="0" bev="0" fileid="121" />
                <SequencePoint vc="0" uspid="3576" ordinal="41" offset="375" sl="120" sc="25" el="120" ec="77" bec="0" bev="0" fileid="121" />
                <SequencePoint vc="0" uspid="3577" ordinal="42" offset="395" sl="125" sc="13" el="125" ec="44" bec="0" bev="0" fileid="121" />
              </SequencePoints>
              <BranchPoints>
                <BranchPoint vc="0" uspid="3578" ordinal="0" offset="7" sl="43" path="0" offsetend="9" fileid="121" />
                <BranchPoint vc="0" uspid="3579" ordinal="1" offset="7" sl="43" path="1" offsetend="18" fileid="121" />
                <BranchPoint vc="0" uspid="3580" ordinal="2" offset="16" sl="43" path="0" offsetend="18" fileid="121" />
                <BranchPoint vc="0" uspid="3581" ordinal="3" offset="16" sl="43" path="1" offsetend="24" fileid="121" />
                <BranchPoint vc="0" uspid="3582" ordinal="4" offset="29" sl="49" path="0" offsetend="31" fileid="121" />
                <BranchPoint vc="0" uspid="3583" ordinal="5" offset="29" sl="49" path="1" offsetend="52" fileid="121" />
                <BranchPoint vc="0" uspid="3584" ordinal="6" offset="53" sl="54" path="0" offsetend="55" fileid="121" />
                <BranchPoint vc="0" uspid="3585" ordinal="7" offset="53" sl="54" path="1" offsetend="63" fileid="121" />
                <BranchPoint vc="0" uspid="3586" ordinal="8" offset="75" sl="60" path="0" offsetend="77" fileid="121" />
                <BranchPoint vc="0" uspid="3587" ordinal="9" offset="75" sl="60" path="1" offsetend="98" fileid="121" />
                <BranchPoint vc="0" uspid="3588" ordinal="10" offset="104" sl="66" path="0" offsetend="106" fileid="121" />
                <BranchPoint vc="0" uspid="3589" ordinal="11" offset="104" sl="66" path="1" offsetend="127" fileid="121" />
                <BranchPoint vc="0" uspid="3590" ordinal="12" offset="133" sl="72" path="0" offsetend="135" fileid="121" />
                <BranchPoint vc="0" uspid="3591" ordinal="13" offset="133" sl="72" path="1" offsetend="151" fileid="121" />
                <BranchPoint vc="0" uspid="3592" ordinal="14" offset="154" sl="78" path="0" offsetend="156" fileid="121" />
                <BranchPoint vc="0" uspid="3593" ordinal="15" offset="154" sl="78" path="1" offsetend="168" fileid="121" />
                <BranchPoint vc="0" uspid="3594" ordinal="16" offset="170" sl="84" path="0" offsetend="175" fileid="121" />
                <BranchPoint vc="0" uspid="3595" ordinal="17" offset="170" sl="84" path="1" offsetend="395" fileid="121" />
                <BranchPoint vc="0" uspid="3596" ordinal="18" offset="188" sl="88" path="0" offsetend="190" fileid="121" />
                <BranchPoint vc="0" uspid="3597" ordinal="19" offset="188" sl="88" path="1" offsetend="237" fileid="121" />
                <BranchPoint vc="0" uspid="3598" ordinal="20" offset="191" sl="90" path="0" offsetend="193" fileid="121" />
                <BranchPoint vc="0" uspid="3599" ordinal="21" offset="191" sl="90" path="1" offsetend="202" fileid="121" />
                <BranchPoint vc="0" uspid="3600" ordinal="22" offset="211" sl="91" path="0" offsetend="213" fileid="121" />
                <BranchPoint vc="0" uspid="3601" ordinal="23" offset="211" sl="91" path="1" offsetend="225" fileid="121" />
                <BranchPoint vc="0" uspid="3602" ordinal="24" offset="240" sl="98" path="0" offsetend="242" fileid="121" />
                <BranchPoint vc="0" uspid="3603" ordinal="25" offset="240" sl="98" path="1" offsetend="331" fileid="121" />
                <BranchPoint vc="0" uspid="3604" ordinal="26" offset="283" sl="102" path="0" offsetend="285" fileid="121" />
                <BranchPoint vc="0" uspid="3605" ordinal="27" offset="283" sl="102" path="1" offsetend="292" fileid="121" />
                <BranchPoint vc="0" uspid="3606" ordinal="28" offset="305" sl="103" path="0" offsetend="307" fileid="121" />
                <BranchPoint vc="0" uspid="3607" ordinal="29" offset="305" sl="103" path="1" offsetend="321" fileid="121" />
                <BranchPoint vc="0" uspid="3608" ordinal="30" offset="349" sl="113" path="0" offsetend="351" fileid="121" />
                <BranchPoint vc="0" uspid="3609" ordinal="31" offset="349" sl="113" path="1" offsetend="361" fileid="121" />
              </BranchPoints>
              <MethodPoint xsi:type="SequencePoint" vc="0" uspid="3535" ordinal="0" offset="0" sl="43" sc="13" el="43" ec="66" bec="3" bev="0" fileid="121" />
            </Method>
            <Method visited="false" cyclomaticComplexity="1" nPathComplexity="0" sequenceCoverage="0" branchCoverage="0" crapScore="2" isConstructor="false" isStatic="false" isGetter="false" isSetter="false">
              <Summary numSequencePoints="1" visitedSequencePoints="0" numBranchPoints="1" visitedBranchPoints="0" sequenceCoverage="0" branchCoverage="0" maxCyclomaticComplexity="1" minCyclomaticComplexity="1" maxCrapScore="2" minCrapScore="2" visitedClasses="0" numClasses="0" visitedMethods="0" numMethods="1" />
              <MetadataToken>100663773</MetadataToken>
              <Name>System.String Humanizer.Localisation.NumberToWords.HebrewNumberToWordsConverter::ConvertToOrdinal(System.Int32,Humanizer.GrammaticalGender)</Name>
              <FileRef uid="121" />
              <SequencePoints>
                <SequencePoint vc="0" uspid="3610" ordinal="0" offset="0" sl="130" sc="13" el="130" ec="46" bec="0" bev="0" fileid="121" />
              </SequencePoints>
              <BranchPoints />
              <MethodPoint xsi:type="SequencePoint" vc="0" uspid="3610" ordinal="0" offset="0" sl="130" sc="13" el="130" ec="46" bec="0" bev="0" fileid="121" />
            </Method>
            <Method visited="false" cyclomaticComplexity="3" nPathComplexity="4" sequenceCoverage="0" branchCoverage="0" crapScore="12" isConstructor="false" isStatic="false" isGetter="false" isSetter="false">
              <Summary numSequencePoints="8" visitedSequencePoints="0" numBranchPoints="5" visitedBranchPoints="0" sequenceCoverage="0" branchCoverage="0" maxCyclomaticComplexity="3" minCyclomaticComplexity="3" maxCrapScore="12" minCrapScore="12" visitedClasses="0" numClasses="0" visitedMethods="0" numMethods="1" />
              <MetadataToken>100663774</MetadataToken>
              <Name>System.Void Humanizer.Localisation.NumberToWords.HebrewNumberToWordsConverter::ToBigNumber(System.Int32,Humanizer.Localisation.NumberToWords.HebrewNumberToWordsConverter/Group,System.Collections.Generic.List`1&lt;System.String&gt;)</Name>
              <FileRef uid="121" />
              <SequencePoints>
                <SequencePoint vc="0" uspid="3611" ordinal="0" offset="0" sl="138" sc="13" el="138" ec="47" bec="0" bev="0" fileid="121" />
                <SequencePoint vc="0" uspid="3612" ordinal="1" offset="4" sl="139" sc="13" el="139" ec="29" bec="2" bev="0" fileid="121" />
                <SequencePoint vc="0" uspid="3613" ordinal="2" offset="8" sl="141" sc="17" el="141" ec="34" bec="0" bev="0" fileid="121" />
                <SequencePoint vc="0" uspid="3614" ordinal="3" offset="19" sl="142" sc="13" el="142" ec="14" bec="0" bev="0" fileid="121" />
                <SequencePoint vc="0" uspid="3615" ordinal="4" offset="21" sl="143" sc="18" el="143" ec="33" bec="2" bev="0" fileid="121" />
                <SequencePoint vc="0" uspid="3616" ordinal="5" offset="25" sl="145" sc="17" el="145" ec="73" bec="0" bev="0" fileid="121" />
                <SequencePoint vc="0" uspid="3617" ordinal="6" offset="40" sl="148" sc="13" el="148" ec="42" bec="0" bev="0" fileid="121" />
                <SequencePoint vc="0" uspid="3618" ordinal="7" offset="57" sl="149" sc="9" el="149" ec="10" bec="0" bev="0" fileid="121" />
              </SequencePoints>
              <BranchPoints>
                <BranchPoint vc="0" uspid="3619" ordinal="0" offset="6" sl="139" path="0" offsetend="8" fileid="121" />
                <BranchPoint vc="0" uspid="3620" ordinal="1" offset="6" sl="139" path="1" offsetend="21" fileid="121" />
                <BranchPoint vc="0" uspid="3621" ordinal="2" offset="23" sl="143" path="0" offsetend="25" fileid="121" />
                <BranchPoint vc="0" uspid="3622" ordinal="3" offset="23" sl="143" path="1" offsetend="40" fileid="121" />
              </BranchPoints>
              <MethodPoint xsi:type="SequencePoint" vc="0" uspid="3611" ordinal="0" offset="0" sl="138" sc="13" el="138" ec="47" bec="0" bev="0" fileid="121" />
            </Method>
            <Method visited="false" cyclomaticComplexity="5" nPathComplexity="16" sequenceCoverage="0" branchCoverage="0" crapScore="30" isConstructor="false" isStatic="false" isGetter="false" isSetter="false">
              <Summary numSequencePoints="15" visitedSequencePoints="0" numBranchPoints="9" visitedBranchPoints="0" sequenceCoverage="0" branchCoverage="0" maxCyclomaticComplexity="5" minCyclomaticComplexity="5" maxCrapScore="30" minCrapScore="30" visitedClasses="0" numClasses="0" visitedMethods="0" numMethods="1" />
              <MetadataToken>100663775</MetadataToken>
              <Name>System.Void Humanizer.Localisation.NumberToWords.HebrewNumberToWordsConverter::ToThousands(System.Int32,System.Collections.Generic.List`1&lt;System.String&gt;)</Name>
              <FileRef uid="121" />
              <SequencePoints>
                <SequencePoint vc="0" uspid="3623" ordinal="0" offset="0" sl="153" sc="13" el="153" ec="59" bec="0" bev="0" fileid="121" />
                <SequencePoint vc="0" uspid="3624" ordinal="1" offset="8" sl="155" sc="13" el="155" ec="32" bec="2" bev="0" fileid="121" />
                <SequencePoint vc="0" uspid="3625" ordinal="2" offset="12" sl="157" sc="17" el="157" ec="34" bec="0" bev="0" fileid="121" />
                <SequencePoint vc="0" uspid="3626" ordinal="3" offset="23" sl="158" sc="13" el="158" ec="14" bec="0" bev="0" fileid="121" />
                <SequencePoint vc="0" uspid="3627" ordinal="4" offset="24" sl="159" sc="18" el="159" ec="37" bec="2" bev="0" fileid="121" />
                <SequencePoint vc="0" uspid="3628" ordinal="5" offset="28" sl="161" sc="17" el="161" ec="37" bec="0" bev="0" fileid="121" />
                <SequencePoint vc="0" uspid="3629" ordinal="6" offset="39" sl="162" sc="13" el="162" ec="14" bec="0" bev="0" fileid="121" />
                <SequencePoint vc="0" uspid="3630" ordinal="7" offset="40" sl="163" sc="18" el="163" ec="37" bec="2" bev="0" fileid="121" />
                <SequencePoint vc="0" uspid="3631" ordinal="8" offset="44" sl="165" sc="17" el="165" ec="42" bec="0" bev="0" fileid="121" />
                <SequencePoint vc="0" uspid="3632" ordinal="9" offset="55" sl="166" sc="13" el="166" ec="14" bec="0" bev="0" fileid="121" />
                <SequencePoint vc="0" uspid="3633" ordinal="10" offset="56" sl="167" sc="18" el="167" ec="38" bec="2" bev="0" fileid="121" />
                <SequencePoint vc="0" uspid="3634" ordinal="11" offset="61" sl="169" sc="17" el="169" ec="70" bec="0" bev="0" fileid="121" />
                <SequencePoint vc="0" uspid="3635" ordinal="12" offset="84" sl="170" sc="13" el="170" ec="14" bec="0" bev="0" fileid="121" />
                <SequencePoint vc="0" uspid="3636" ordinal="13" offset="85" sl="173" sc="17" el="173" ec="56" bec="0" bev="0" fileid="121" />
                <SequencePoint vc="0" uspid="3637" ordinal="14" offset="109" sl="175" sc="9" el="175" ec="10" bec="0" bev="0" fileid="121" />
              </SequencePoints>
              <BranchPoints>
                <BranchPoint vc="0" uspid="3638" ordinal="0" offset="10" sl="155" path="0" offsetend="12" fileid="121" />
                <BranchPoint vc="0" uspid="3639" ordinal="1" offset="10" sl="155" path="1" offsetend="24" fileid="121" />
                <BranchPoint vc="0" uspid="3640" ordinal="2" offset="26" sl="159" path="0" offsetend="28" fileid="121" />
                <BranchPoint vc="0" uspid="3641" ordinal="3" offset="26" sl="159" path="1" offsetend="40" fileid="121" />
                <BranchPoint vc="0" uspid="3642" ordinal="4" offset="42" sl="163" path="0" offsetend="44" fileid="121" />
                <BranchPoint vc="0" uspid="3643" ordinal="5" offset="42" sl="163" path="1" offsetend="56" fileid="121" />
                <BranchPoint vc="0" uspid="3644" ordinal="6" offset="59" sl="167" path="0" offsetend="61" fileid="121" />
                <BranchPoint vc="0" uspid="3645" ordinal="7" offset="59" sl="167" path="1" offsetend="85" fileid="121" />
              </BranchPoints>
              <MethodPoint xsi:type="SequencePoint" vc="0" uspid="3623" ordinal="0" offset="0" sl="153" sc="13" el="153" ec="59" bec="0" bev="0" fileid="121" />
            </Method>
            <Method visited="false" cyclomaticComplexity="3" nPathComplexity="4" sequenceCoverage="0" branchCoverage="0" crapScore="12" isConstructor="false" isStatic="true" isGetter="false" isSetter="false">
              <Summary numSequencePoints="9" visitedSequencePoints="0" numBranchPoints="5" visitedBranchPoints="0" sequenceCoverage="0" branchCoverage="0" maxCyclomaticComplexity="3" minCyclomaticComplexity="3" maxCrapScore="12" minCrapScore="12" visitedClasses="0" numClasses="0" visitedMethods="0" numMethods="1" />
              <MetadataToken>100663776</MetadataToken>
              <Name>System.Void Humanizer.Localisation.NumberToWords.HebrewNumberToWordsConverter::ToHundreds(System.Int32,System.Collections.Generic.List`1&lt;System.String&gt;)</Name>
              <FileRef uid="121" />
              <SequencePoints>
                <SequencePoint vc="0" uspid="3646" ordinal="0" offset="0" sl="182" sc="13" el="182" ec="57" bec="0" bev="0" fileid="121" />
                <SequencePoint vc="0" uspid="3647" ordinal="1" offset="5" sl="184" sc="13" el="184" ec="31" bec="2" bev="0" fileid="121" />
                <SequencePoint vc="0" uspid="3648" ordinal="2" offset="9" sl="186" sc="17" el="186" ec="34" bec="0" bev="0" fileid="121" />
                <SequencePoint vc="0" uspid="3649" ordinal="3" offset="20" sl="187" sc="13" el="187" ec="14" bec="0" bev="0" fileid="121" />
                <SequencePoint vc="0" uspid="3650" ordinal="4" offset="21" sl="188" sc="18" el="188" ec="36" bec="2" bev="0" fileid="121" />
                <SequencePoint vc="0" uspid="3651" ordinal="5" offset="25" sl="190" sc="17" el="190" ec="37" bec="0" bev="0" fileid="121" />
                <SequencePoint vc="0" uspid="3652" ordinal="6" offset="36" sl="191" sc="13" el="191" ec="14" bec="0" bev="0" fileid="121" />
                <SequencePoint vc="0" uspid="3653" ordinal="7" offset="37" sl="194" sc="17" el="194" ec="62" bec="0" bev="0" fileid="121" />
                <SequencePoint vc="0" uspid="3654" ordinal="8" offset="60" sl="196" sc="9" el="196" ec="10" bec="0" bev="0" fileid="121" />
              </SequencePoints>
              <BranchPoints>
                <BranchPoint vc="0" uspid="3655" ordinal="0" offset="7" sl="184" path="0" offsetend="9" fileid="121" />
                <BranchPoint vc="0" uspid="3656" ordinal="1" offset="7" sl="184" path="1" offsetend="21" fileid="121" />
                <BranchPoint vc="0" uspid="3657" ordinal="2" offset="23" sl="188" path="0" offsetend="25" fileid="121" />
                <BranchPoint vc="0" uspid="3658" ordinal="3" offset="23" sl="188" path="1" offsetend="37" fileid="121" />
              </BranchPoints>
              <MethodPoint xsi:type="SequencePoint" vc="0" uspid="3646" ordinal="0" offset="0" sl="182" sc="13" el="182" ec="57" bec="0" bev="0" fileid="121" />
            </Method>
            <Method visited="false" cyclomaticComplexity="1" nPathComplexity="0" sequenceCoverage="0" branchCoverage="0" crapScore="2" isConstructor="true" isStatic="true" isGetter="false" isSetter="false">
              <Summary numSequencePoints="3" visitedSequencePoints="0" numBranchPoints="1" visitedBranchPoints="0" sequenceCoverage="0" branchCoverage="0" maxCyclomaticComplexity="1" minCyclomaticComplexity="1" maxCrapScore="2" minCrapScore="2" visitedClasses="0" numClasses="0" visitedMethods="0" numMethods="1" />
              <MetadataToken>100663777</MetadataToken>
              <Name>System.Void Humanizer.Localisation.NumberToWords.HebrewNumberToWordsConverter::.cctor()</Name>
              <FileRef uid="121" />
              <SequencePoints>
                <SequencePoint vc="0" uspid="3659" ordinal="0" offset="0" sl="9" sc="9" el="9" ec="143" bec="0" bev="0" fileid="121" />
                <SequencePoint vc="0" uspid="3660" ordinal="1" offset="102" sl="10" sc="9" el="10" ec="153" bec="0" bev="0" fileid="121" />
                <SequencePoint vc="0" uspid="3661" ordinal="2" offset="204" sl="11" sc="9" el="11" ec="139" bec="0" bev="0" fileid="121" />
              </SequencePoints>
              <BranchPoints />
              <MethodPoint xsi:type="SequencePoint" vc="0" uspid="3659" ordinal="0" offset="0" sl="9" sc="9" el="9" ec="143" bec="0" bev="0" fileid="121" />
            </Method>
          </Methods>
        </Class>
        <Class>
          <Summary numSequencePoints="5" visitedSequencePoints="0" numBranchPoints="3" visitedBranchPoints="0" sequenceCoverage="0" branchCoverage="0" maxCyclomaticComplexity="1" minCyclomaticComplexity="1" maxCrapScore="2" minCrapScore="2" visitedClasses="0" numClasses="1" visitedMethods="0" numMethods="3" />
          <FullName>Humanizer.Localisation.NumberToWords.HebrewNumberToWordsConverter/DescriptionAttribute</FullName>
          <Methods>
            <Method visited="false" cyclomaticComplexity="1" nPathComplexity="0" sequenceCoverage="0" branchCoverage="0" crapScore="2" isConstructor="false" isStatic="false" isGetter="true" isSetter="false">
              <Summary numSequencePoints="1" visitedSequencePoints="0" numBranchPoints="1" visitedBranchPoints="0" sequenceCoverage="0" branchCoverage="0" maxCyclomaticComplexity="1" minCyclomaticComplexity="1" maxCrapScore="2" minCrapScore="2" visitedClasses="0" numClasses="0" visitedMethods="0" numMethods="1" />
              <MetadataToken>100664677</MetadataToken>
              <Name>System.String Humanizer.Localisation.NumberToWords.HebrewNumberToWordsConverter/DescriptionAttribute::get_Description()</Name>
              <FileRef uid="121" />
              <SequencePoints>
                <SequencePoint vc="0" uspid="3662" ordinal="0" offset="0" sl="17" sc="41" el="17" ec="45" bec="0" bev="0" fileid="121" />
              </SequencePoints>
              <BranchPoints />
              <MethodPoint xsi:type="SequencePoint" vc="0" uspid="3662" ordinal="0" offset="0" sl="17" sc="41" el="17" ec="45" bec="0" bev="0" fileid="121" />
            </Method>
            <Method visited="false" cyclomaticComplexity="1" nPathComplexity="0" sequenceCoverage="0" branchCoverage="0" crapScore="2" isConstructor="false" isStatic="false" isGetter="false" isSetter="true">
              <Summary numSequencePoints="1" visitedSequencePoints="0" numBranchPoints="1" visitedBranchPoints="0" sequenceCoverage="0" branchCoverage="0" maxCyclomaticComplexity="1" minCyclomaticComplexity="1" maxCrapScore="2" minCrapScore="2" visitedClasses="0" numClasses="0" visitedMethods="0" numMethods="1" />
              <MetadataToken>100664678</MetadataToken>
              <Name>System.Void Humanizer.Localisation.NumberToWords.HebrewNumberToWordsConverter/DescriptionAttribute::set_Description(System.String)</Name>
              <FileRef uid="121" />
              <SequencePoints>
                <SequencePoint vc="0" uspid="3663" ordinal="0" offset="0" sl="17" sc="46" el="17" ec="50" bec="0" bev="0" fileid="121" />
              </SequencePoints>
              <BranchPoints />
              <MethodPoint xsi:type="SequencePoint" vc="0" uspid="3663" ordinal="0" offset="0" sl="17" sc="46" el="17" ec="50" bec="0" bev="0" fileid="121" />
            </Method>
            <Method visited="false" cyclomaticComplexity="1" nPathComplexity="0" sequenceCoverage="0" branchCoverage="0" crapScore="2" isConstructor="true" isStatic="false" isGetter="false" isSetter="false">
              <Summary numSequencePoints="3" visitedSequencePoints="0" numBranchPoints="1" visitedBranchPoints="0" sequenceCoverage="0" branchCoverage="0" maxCyclomaticComplexity="1" minCyclomaticComplexity="1" maxCrapScore="2" minCrapScore="2" visitedClasses="0" numClasses="0" visitedMethods="0" numMethods="1" />
              <MetadataToken>100664679</MetadataToken>
              <Name>System.Void Humanizer.Localisation.NumberToWords.HebrewNumberToWordsConverter/DescriptionAttribute::.ctor(System.String)</Name>
              <FileRef uid="121" />
              <SequencePoints>
                <SequencePoint vc="0" uspid="3664" ordinal="0" offset="0" sl="19" sc="13" el="19" ec="60" bec="0" bev="0" fileid="121" />
                <SequencePoint vc="0" uspid="3665" ordinal="1" offset="6" sl="21" sc="17" el="21" ec="43" bec="0" bev="0" fileid="121" />
                <SequencePoint vc="0" uspid="3666" ordinal="2" offset="13" sl="22" sc="13" el="22" ec="14" bec="0" bev="0" fileid="121" />
              </SequencePoints>
              <BranchPoints />
              <MethodPoint xsi:type="SequencePoint" vc="0" uspid="3664" ordinal="0" offset="0" sl="19" sc="13" el="19" ec="60" bec="0" bev="0" fileid="121" />
            </Method>
          </Methods>
        </Class>
        <Class>
          <Summary numSequencePoints="9" visitedSequencePoints="0" numBranchPoints="8" visitedBranchPoints="0" sequenceCoverage="0" branchCoverage="0" maxCyclomaticComplexity="4" minCyclomaticComplexity="1" maxCrapScore="20" minCrapScore="2" visitedClasses="0" numClasses="1" visitedMethods="0" numMethods="2" />
          <FullName>Humanizer.Localisation.NumberToWords.ItalianNumberToWordsConverter</FullName>
          <Methods>
            <Method visited="false" cyclomaticComplexity="4" nPathComplexity="8" sequenceCoverage="0" branchCoverage="0" crapScore="20" isConstructor="false" isStatic="false" isGetter="false" isSetter="false">
              <Summary numSequencePoints="7" visitedSequencePoints="0" numBranchPoints="7" visitedBranchPoints="0" sequenceCoverage="0" branchCoverage="0" maxCyclomaticComplexity="4" minCyclomaticComplexity="4" maxCrapScore="20" minCrapScore="20" visitedClasses="0" numClasses="0" visitedMethods="0" numMethods="1" />
              <MetadataToken>100663782</MetadataToken>
              <Name>System.String Humanizer.Localisation.NumberToWords.ItalianNumberToWordsConverter::Convert(System.Int64,Humanizer.GrammaticalGender)</Name>
              <FileRef uid="123" />
              <SequencePoints>
                <SequencePoint vc="0" uspid="3667" ordinal="0" offset="0" sl="10" sc="13" el="10" ec="66" bec="3" bev="0" fileid="123" />
                <SequencePoint vc="0" uspid="3668" ordinal="1" offset="18" sl="12" sc="17" el="12" ec="53" bec="0" bev="0" fileid="123" />
                <SequencePoint vc="0" uspid="3669" ordinal="2" offset="24" sl="14" sc="13" el="14" ec="37" bec="0" bev="0" fileid="123" />
                <SequencePoint vc="0" uspid="3670" ordinal="3" offset="27" sl="16" sc="13" el="16" ec="28" bec="2" bev="0" fileid="123" />
                <SequencePoint vc="0" uspid="3671" ordinal="4" offset="31" sl="18" sc="17" el="18" ec="68" bec="0" bev="0" fileid="123" />
                <SequencePoint vc="0" uspid="3672" ordinal="5" offset="56" sl="21" sc="13" el="21" ec="78" bec="0" bev="0" fileid="123" />
                <SequencePoint vc="0" uspid="3673" ordinal="6" offset="63" sl="23" sc="13" el="23" ec="39" bec="0" bev="0" fileid="123" />
              </SequencePoints>
              <BranchPoints>
                <BranchPoint vc="0" uspid="3674" ordinal="0" offset="7" sl="10" path="0" offsetend="9" fileid="123" />
                <BranchPoint vc="0" uspid="3675" ordinal="1" offset="7" sl="10" path="1" offsetend="18" fileid="123" />
                <BranchPoint vc="0" uspid="3676" ordinal="2" offset="16" sl="10" path="0" offsetend="18" fileid="123" />
                <BranchPoint vc="0" uspid="3677" ordinal="3" offset="16" sl="10" path="1" offsetend="24" fileid="123" />
                <BranchPoint vc="0" uspid="3678" ordinal="4" offset="29" sl="16" path="0" offsetend="31" fileid="123" />
                <BranchPoint vc="0" uspid="3679" ordinal="5" offset="29" sl="16" path="1" offsetend="56" fileid="123" />
              </BranchPoints>
              <MethodPoint xsi:type="SequencePoint" vc="0" uspid="3667" ordinal="0" offset="0" sl="10" sc="13" el="10" ec="66" bec="3" bev="0" fileid="123" />
            </Method>
            <Method visited="false" cyclomaticComplexity="1" nPathComplexity="0" sequenceCoverage="0" branchCoverage="0" crapScore="2" isConstructor="false" isStatic="false" isGetter="false" isSetter="false">
              <Summary numSequencePoints="2" visitedSequencePoints="0" numBranchPoints="1" visitedBranchPoints="0" sequenceCoverage="0" branchCoverage="0" maxCyclomaticComplexity="1" minCyclomaticComplexity="1" maxCrapScore="2" minCrapScore="2" visitedClasses="0" numClasses="0" visitedMethods="0" numMethods="1" />
              <MetadataToken>100663783</MetadataToken>
              <Name>System.String Humanizer.Localisation.NumberToWords.ItalianNumberToWordsConverter::ConvertToOrdinal(System.Int32,Humanizer.GrammaticalGender)</Name>
              <FileRef uid="123" />
              <SequencePoints>
                <SequencePoint vc="0" uspid="3680" ordinal="0" offset="0" sl="28" sc="13" el="28" ec="77" bec="0" bev="0" fileid="123" />
                <SequencePoint vc="0" uspid="3681" ordinal="1" offset="7" sl="30" sc="13" el="30" ec="39" bec="0" bev="0" fileid="123" />
              </SequencePoints>
              <BranchPoints />
              <MethodPoint xsi:type="SequencePoint" vc="0" uspid="3680" ordinal="0" offset="0" sl="28" sc="13" el="28" ec="77" bec="0" bev="0" fileid="123" />
            </Method>
            <Method visited="false" cyclomaticComplexity="1" nPathComplexity="0" sequenceCoverage="0" branchCoverage="0" crapScore="2" isConstructor="true" isStatic="false" isGetter="false" isSetter="false">
              <Summary numSequencePoints="0" visitedSequencePoints="0" numBranchPoints="0" visitedBranchPoints="0" sequenceCoverage="0" branchCoverage="0" maxCyclomaticComplexity="1" minCyclomaticComplexity="1" maxCrapScore="2" minCrapScore="2" visitedClasses="0" numClasses="0" visitedMethods="0" numMethods="0" />
              <MetadataToken>100663784</MetadataToken>
              <Name>System.Void Humanizer.Localisation.NumberToWords.ItalianNumberToWordsConverter::.ctor()</Name>
              <SequencePoints />
              <BranchPoints />
              <MethodPoint vc="0" uspid="3682" ordinal="0" offset="0" />
            </Method>
          </Methods>
        </Class>
        <Class>
          <Summary numSequencePoints="92" visitedSequencePoints="0" numBranchPoints="72" visitedBranchPoints="0" sequenceCoverage="0" branchCoverage="0" maxCyclomaticComplexity="10" minCyclomaticComplexity="1" maxCrapScore="110" minCrapScore="2" visitedClasses="0" numClasses="1" visitedMethods="0" numMethods="8" />
          <FullName>Humanizer.Localisation.NumberToWords.MalteseNumberToWordsConvertor</FullName>
          <Methods>
            <Method visited="false" cyclomaticComplexity="8" nPathComplexity="32" sequenceCoverage="0" branchCoverage="0" crapScore="72" isConstructor="false" isStatic="false" isGetter="false" isSetter="false">
              <Summary numSequencePoints="14" visitedSequencePoints="0" numBranchPoints="11" visitedBranchPoints="0" sequenceCoverage="0" branchCoverage="0" maxCyclomaticComplexity="8" minCyclomaticComplexity="8" maxCrapScore="72" minCrapScore="72" visitedClasses="0" numClasses="0" visitedMethods="0" numMethods="1" />
              <MetadataToken>100663785</MetadataToken>
              <Name>System.String Humanizer.Localisation.NumberToWords.MalteseNumberToWordsConvertor::Convert(System.Int64,Humanizer.GrammaticalGender)</Name>
              <FileRef uid="124" />
              <SequencePoints>
                <SequencePoint vc="0" uspid="3683" ordinal="0" offset="0" sl="39" sc="13" el="39" ec="41" bec="0" bev="0" fileid="124" />
                <SequencePoint vc="0" uspid="3684" ordinal="1" offset="2" sl="41" sc="13" el="41" ec="27" bec="2" bev="0" fileid="124" />
                <SequencePoint vc="0" uspid="3685" ordinal="2" offset="7" sl="43" sc="17" el="43" ec="39" bec="0" bev="0" fileid="124" />
                <SequencePoint vc="0" uspid="3686" ordinal="3" offset="9" sl="44" sc="17" el="44" ec="36" bec="0" bev="0" fileid="124" />
                <SequencePoint vc="0" uspid="3687" ordinal="4" offset="15" sl="47" sc="13" el="47" ec="36" bec="2" bev="0" fileid="124" />
                <SequencePoint vc="0" uspid="3688" ordinal="5" offset="24" sl="49" sc="17" el="49" ec="106" bec="2" bev="0" fileid="124" />
                <SequencePoint vc="0" uspid="3689" ordinal="6" offset="52" sl="52" sc="13" el="52" ec="47" bec="0" bev="0" fileid="124" />
                <SequencePoint vc="0" uspid="3690" ordinal="7" offset="60" sl="53" sc="13" el="53" ec="49" bec="0" bev="0" fileid="124" />
                <SequencePoint vc="0" uspid="3691" ordinal="8" offset="66" sl="54" sc="13" el="54" ec="47" bec="0" bev="0" fileid="124" />
                <SequencePoint vc="0" uspid="3692" ordinal="9" offset="75" sl="56" sc="13" el="56" ec="124" bec="0" bev="0" fileid="124" />
                <SequencePoint vc="0" uspid="3693" ordinal="10" offset="99" sl="57" sc="13" el="57" ec="62" bec="0" bev="0" fileid="124" />
                <SequencePoint vc="0" uspid="3694" ordinal="11" offset="108" sl="59" sc="13" el="59" ec="31" bec="2" bev="0" fileid="124" />
                <SequencePoint vc="0" uspid="3695" ordinal="12" offset="111" sl="61" sc="17" el="61" ec="37" bec="0" bev="0" fileid="124" />
                <SequencePoint vc="0" uspid="3696" ordinal="13" offset="113" sl="64" sc="13" el="64" ec="110" bec="2" bev="0" fileid="124" />
              </SequencePoints>
              <BranchPoints>
                <BranchPoint vc="0" uspid="3697" ordinal="0" offset="5" sl="41" path="0" offsetend="7" fileid="124" />
                <BranchPoint vc="0" uspid="3698" ordinal="1" offset="5" sl="41" path="1" offsetend="15" fileid="124" />
                <BranchPoint vc="0" uspid="3699" ordinal="2" offset="22" sl="47" path="0" offsetend="24" fileid="124" />
                <BranchPoint vc="0" uspid="3700" ordinal="3" offset="22" sl="47" path="1" offsetend="52" fileid="124" />
                <BranchPoint vc="0" uspid="3701" ordinal="4" offset="32" sl="49" path="0" offsetend="34" fileid="124" />
                <BranchPoint vc="0" uspid="3702" ordinal="5" offset="32" sl="49" path="1" offsetend="41" fileid="124" />
                <BranchPoint vc="0" uspid="3703" ordinal="6" offset="109" sl="59" path="0" offsetend="111" fileid="124" />
                <BranchPoint vc="0" uspid="3704" ordinal="7" offset="109" sl="59" path="1" offsetend="113" fileid="124" />
                <BranchPoint vc="0" uspid="3705" ordinal="8" offset="122" sl="64" path="0" offsetend="124" fileid="124" />
                <BranchPoint vc="0" uspid="3706" ordinal="9" offset="122" sl="64" path="1" offsetend="131" fileid="124" />
              </BranchPoints>
              <MethodPoint xsi:type="SequencePoint" vc="0" uspid="3683" ordinal="0" offset="0" sl="39" sc="13" el="39" ec="41" bec="0" bev="0" fileid="124" />
            </Method>
            <Method visited="false" cyclomaticComplexity="6" nPathComplexity="32" sequenceCoverage="0" branchCoverage="0" crapScore="42" isConstructor="false" isStatic="false" isGetter="false" isSetter="false">
              <Summary numSequencePoints="12" visitedSequencePoints="0" numBranchPoints="11" visitedBranchPoints="0" sequenceCoverage="0" branchCoverage="0" maxCyclomaticComplexity="6" minCyclomaticComplexity="6" maxCrapScore="42" minCrapScore="42" visitedClasses="0" numClasses="0" visitedMethods="0" numMethods="1" />
              <MetadataToken>100663786</MetadataToken>
              <Name>System.String Humanizer.Localisation.NumberToWords.MalteseNumberToWordsConvertor::ConvertToOrdinal(System.Int32,Humanizer.GrammaticalGender)</Name>
              <FileRef uid="124" />
              <SequencePoints>
                <SequencePoint vc="0" uspid="3707" ordinal="0" offset="0" sl="69" sc="13" el="69" ec="30" bec="2" bev="0" fileid="124" />
                <SequencePoint vc="0" uspid="3708" ordinal="1" offset="5" sl="71" sc="17" el="71" ec="51" bec="0" bev="0" fileid="124" />
                <SequencePoint vc="0" uspid="3709" ordinal="2" offset="13" sl="74" sc="13" el="74" ec="51" bec="0" bev="0" fileid="124" />
                <SequencePoint vc="0" uspid="3710" ordinal="3" offset="23" sl="76" sc="13" el="76" ec="41" bec="2" bev="0" fileid="124" />
                <SequencePoint vc="0" uspid="3711" ordinal="4" offset="36" sl="78" sc="17" el="78" ec="56" bec="0" bev="0" fileid="124" />
                <SequencePoint vc="0" uspid="3712" ordinal="5" offset="56" sl="80" sc="13" el="80" ec="41" bec="2" bev="0" fileid="124" />
                <SequencePoint vc="0" uspid="3713" ordinal="6" offset="69" sl="82" sc="17" el="82" ec="56" bec="0" bev="0" fileid="124" />
                <SequencePoint vc="0" uspid="3714" ordinal="7" offset="89" sl="84" sc="13" el="84" ec="41" bec="2" bev="0" fileid="124" />
                <SequencePoint vc="0" uspid="3715" ordinal="8" offset="102" sl="86" sc="17" el="86" ec="56" bec="0" bev="0" fileid="124" />
                <SequencePoint vc="0" uspid="3716" ordinal="9" offset="122" sl="88" sc="13" el="88" ec="41" bec="2" bev="0" fileid="124" />
                <SequencePoint vc="0" uspid="3717" ordinal="10" offset="135" sl="90" sc="17" el="90" ec="55" bec="0" bev="0" fileid="124" />
                <SequencePoint vc="0" uspid="3718" ordinal="11" offset="155" sl="92" sc="13" el="92" ec="52" bec="0" bev="0" fileid="124" />
              </SequencePoints>
              <BranchPoints>
                <BranchPoint vc="0" uspid="3719" ordinal="0" offset="3" sl="69" path="0" offsetend="5" fileid="124" />
                <BranchPoint vc="0" uspid="3720" ordinal="1" offset="3" sl="69" path="1" offsetend="13" fileid="124" />
                <BranchPoint vc="0" uspid="3721" ordinal="2" offset="34" sl="76" path="0" offsetend="36" fileid="124" />
                <BranchPoint vc="0" uspid="3722" ordinal="3" offset="34" sl="76" path="1" offsetend="56" fileid="124" />
                <BranchPoint vc="0" uspid="3723" ordinal="4" offset="67" sl="80" path="0" offsetend="69" fileid="124" />
                <BranchPoint vc="0" uspid="3724" ordinal="5" offset="67" sl="80" path="1" offsetend="89" fileid="124" />
                <BranchPoint vc="0" uspid="3725" ordinal="6" offset="100" sl="84" path="0" offsetend="102" fileid="124" />
                <BranchPoint vc="0" uspid="3726" ordinal="7" offset="100" sl="84" path="1" offsetend="122" fileid="124" />
                <BranchPoint vc="0" uspid="3727" ordinal="8" offset="133" sl="88" path="0" offsetend="135" fileid="124" />
                <BranchPoint vc="0" uspid="3728" ordinal="9" offset="133" sl="88" path="1" offsetend="155" fileid="124" />
              </BranchPoints>
              <MethodPoint xsi:type="SequencePoint" vc="0" uspid="3707" ordinal="0" offset="0" sl="69" sc="13" el="69" ec="30" bec="2" bev="0" fileid="124" />
            </Method>
            <Method visited="false" cyclomaticComplexity="10" nPathComplexity="512" sequenceCoverage="0" branchCoverage="0" crapScore="110" isConstructor="false" isStatic="true" isGetter="false" isSetter="false">
              <Summary numSequencePoints="15" visitedSequencePoints="0" numBranchPoints="19" visitedBranchPoints="0" sequenceCoverage="0" branchCoverage="0" maxCyclomaticComplexity="10" minCyclomaticComplexity="10" maxCrapScore="110" minCrapScore="110" visitedClasses="0" numClasses="0" visitedMethods="0" numMethods="1" />
              <MetadataToken>100663787</MetadataToken>
              <Name>System.String Humanizer.Localisation.NumberToWords.MalteseNumberToWordsConvertor::GetTens(System.Int64,System.Boolean,System.Boolean,Humanizer.GrammaticalGender)</Name>
              <FileRef uid="124" />
              <SequencePoints>
                <SequencePoint vc="0" uspid="3729" ordinal="0" offset="0" sl="97" sc="13" el="97" ec="68" bec="3" bev="0" fileid="124" />
                <SequencePoint vc="0" uspid="3730" ordinal="1" offset="9" sl="99" sc="17" el="99" ec="32" bec="0" bev="0" fileid="124" />
                <SequencePoint vc="0" uspid="3731" ordinal="2" offset="15" sl="102" sc="13" el="102" ec="74" bec="2" bev="0" fileid="124" />
                <SequencePoint vc="0" uspid="3732" ordinal="3" offset="27" sl="104" sc="17" el="104" ec="41" bec="0" bev="0" fileid="124" />
                <SequencePoint vc="0" uspid="3733" ordinal="4" offset="36" sl="107" sc="13" el="107" ec="75" bec="3" bev="0" fileid="124" />
                <SequencePoint vc="0" uspid="3734" ordinal="5" offset="49" sl="109" sc="17" el="109" ec="43" bec="0" bev="0" fileid="124" />
                <SequencePoint vc="0" uspid="3735" ordinal="6" offset="58" sl="112" sc="13" el="112" ec="58" bec="4" bev="0" fileid="124" />
                <SequencePoint vc="0" uspid="3736" ordinal="7" offset="77" sl="114" sc="17" el="114" ec="41" bec="0" bev="0" fileid="124" />
                <SequencePoint vc="0" uspid="3737" ordinal="8" offset="86" sl="117" sc="13" el="117" ec="28" bec="2" bev="0" fileid="124" />
                <SequencePoint vc="0" uspid="3738" ordinal="9" offset="92" sl="119" sc="17" el="119" ec="40" bec="0" bev="0" fileid="124" />
                <SequencePoint vc="0" uspid="3739" ordinal="10" offset="101" sl="122" sc="13" el="122" ec="37" bec="0" bev="0" fileid="124" />
                <SequencePoint vc="0" uspid="3740" ordinal="11" offset="107" sl="123" sc="13" el="123" ec="43" bec="0" bev="0" fileid="124" />
                <SequencePoint vc="0" uspid="3741" ordinal="12" offset="113" sl="124" sc="13" el="124" ec="29" bec="2" bev="0" fileid="124" />
                <SequencePoint vc="0" uspid="3742" ordinal="13" offset="116" sl="127" sc="17" el="127" ec="46" bec="0" bev="0" fileid="124" />
                <SequencePoint vc="0" uspid="3743" ordinal="14" offset="125" sl="130" sc="13" el="130" ec="68" bec="0" bev="0" fileid="124" />
              </SequencePoints>
              <BranchPoints>
                <BranchPoint vc="0" uspid="3744" ordinal="0" offset="3" sl="97" path="0" offsetend="5" fileid="124" />
                <BranchPoint vc="0" uspid="3745" ordinal="1" offset="3" sl="97" path="1" offsetend="15" fileid="124" />
                <BranchPoint vc="0" uspid="3746" ordinal="2" offset="7" sl="97" path="0" offsetend="9" fileid="124" />
                <BranchPoint vc="0" uspid="3747" ordinal="3" offset="7" sl="97" path="1" offsetend="15" fileid="124" />
                <BranchPoint vc="0" uspid="3748" ordinal="4" offset="25" sl="102" path="0" offsetend="27" fileid="124" />
                <BranchPoint vc="0" uspid="3749" ordinal="5" offset="25" sl="102" path="1" offsetend="36" fileid="124" />
                <BranchPoint vc="0" uspid="3750" ordinal="6" offset="44" sl="107" path="0" offsetend="46" fileid="124" />
                <BranchPoint vc="0" uspid="3751" ordinal="7" offset="44" sl="107" path="1" offsetend="58" fileid="124" />
                <BranchPoint vc="0" uspid="3752" ordinal="8" offset="47" sl="107" path="0" offsetend="49" fileid="124" />
                <BranchPoint vc="0" uspid="3753" ordinal="9" offset="47" sl="107" path="1" offsetend="58" fileid="124" />
                <BranchPoint vc="0" uspid="3754" ordinal="10" offset="62" sl="112" path="0" offsetend="64" fileid="124" />
                <BranchPoint vc="0" uspid="3755" ordinal="11" offset="62" sl="112" path="1" offsetend="72" fileid="124" />
                <BranchPoint vc="0" uspid="3756" ordinal="12" offset="75" sl="112" path="0" offsetend="77" fileid="124" />
                <BranchPoint vc="0" uspid="3757" ordinal="13" offset="75" sl="112" path="1" offsetend="86" fileid="124" />
                <BranchPoint vc="0" uspid="3758" ordinal="14" offset="90" sl="117" path="0" offsetend="92" fileid="124" />
                <BranchPoint vc="0" uspid="3759" ordinal="15" offset="90" sl="117" path="1" offsetend="101" fileid="124" />
                <BranchPoint vc="0" uspid="3760" ordinal="16" offset="114" sl="124" path="0" offsetend="116" fileid="124" />
                <BranchPoint vc="0" uspid="3761" ordinal="17" offset="114" sl="124" path="1" offsetend="125" fileid="124" />
              </BranchPoints>
              <MethodPoint xsi:type="SequencePoint" vc="0" uspid="3729" ordinal="0" offset="0" sl="97" sc="13" el="97" ec="68" bec="3" bev="0" fileid="124" />
            </Method>
            <Method visited="false" cyclomaticComplexity="5" nPathComplexity="16" sequenceCoverage="0" branchCoverage="0" crapScore="30" isConstructor="false" isStatic="true" isGetter="false" isSetter="false">
              <Summary numSequencePoints="15" visitedSequencePoints="0" numBranchPoints="9" visitedBranchPoints="0" sequenceCoverage="0" branchCoverage="0" maxCyclomaticComplexity="5" minCyclomaticComplexity="5" maxCrapScore="30" minCrapScore="30" visitedClasses="0" numClasses="0" visitedMethods="0" numMethods="1" />
              <MetadataToken>100663788</MetadataToken>
              <Name>System.String Humanizer.Localisation.NumberToWords.MalteseNumberToWordsConvertor::GetHundreds(System.Int64,System.Boolean,System.Boolean,Humanizer.GrammaticalGender)</Name>
              <FileRef uid="124" />
              <SequencePoints>
                <SequencePoint vc="0" uspid="3762" ordinal="0" offset="0" sl="135" sc="13" el="135" ec="29" bec="2" bev="0" fileid="124" />
                <SequencePoint vc="0" uspid="3763" ordinal="1" offset="6" sl="137" sc="17" el="137" ec="94" bec="0" bev="0" fileid="124" />
                <SequencePoint vc="0" uspid="3764" ordinal="2" offset="16" sl="140" sc="13" el="140" ec="36" bec="0" bev="0" fileid="124" />
                <SequencePoint vc="0" uspid="3765" ordinal="3" offset="22" sl="141" sc="13" el="141" ec="48" bec="0" bev="0" fileid="124" />
                <SequencePoint vc="0" uspid="3766" ordinal="4" offset="28" sl="143" sc="13" el="143" ec="45" bec="0" bev="0" fileid="124" />
                <SequencePoint vc="0" uspid="3767" ordinal="5" offset="34" sl="144" sc="13" el="144" ec="39" bec="2" bev="0" fileid="124" />
                <SequencePoint vc="0" uspid="3768" ordinal="6" offset="39" sl="146" sc="17" el="146" ec="39" bec="0" bev="0" fileid="124" />
                <SequencePoint vc="0" uspid="3769" ordinal="7" offset="45" sl="147" sc="13" el="147" ec="14" bec="0" bev="0" fileid="124" />
                <SequencePoint vc="0" uspid="3770" ordinal="8" offset="47" sl="148" sc="18" el="148" ec="44" bec="2" bev="0" fileid="124" />
                <SequencePoint vc="0" uspid="3771" ordinal="9" offset="52" sl="150" sc="17" el="150" ec="41" bec="0" bev="0" fileid="124" />
                <SequencePoint vc="0" uspid="3772" ordinal="10" offset="58" sl="151" sc="13" el="151" ec="14" bec="0" bev="0" fileid="124" />
                <SequencePoint vc="0" uspid="3773" ordinal="11" offset="60" sl="154" sc="17" el="154" ec="72" bec="0" bev="0" fileid="124" />
                <SequencePoint vc="0" uspid="3774" ordinal="12" offset="79" sl="157" sc="13" el="157" ec="27" bec="2" bev="0" fileid="124" />
                <SequencePoint vc="0" uspid="3775" ordinal="13" offset="82" sl="159" sc="17" el="159" ec="37" bec="0" bev="0" fileid="124" />
                <SequencePoint vc="0" uspid="3776" ordinal="14" offset="84" sl="162" sc="13" el="162" ec="111" bec="0" bev="0" fileid="124" />
              </SequencePoints>
              <BranchPoints>
                <BranchPoint vc="0" uspid="3777" ordinal="0" offset="4" sl="135" path="0" offsetend="6" fileid="124" />
                <BranchPoint vc="0" uspid="3778" ordinal="1" offset="4" sl="135" path="1" offsetend="16" fileid="124" />
                <BranchPoint vc="0" uspid="3779" ordinal="2" offset="37" sl="144" path="0" offsetend="39" fileid="124" />
                <BranchPoint vc="0" uspid="3780" ordinal="3" offset="37" sl="144" path="1" offsetend="47" fileid="124" />
                <BranchPoint vc="0" uspid="3781" ordinal="4" offset="50" sl="148" path="0" offsetend="52" fileid="124" />
                <BranchPoint vc="0" uspid="3782" ordinal="5" offset="50" sl="148" path="1" offsetend="60" fileid="124" />
                <BranchPoint vc="0" uspid="3783" ordinal="6" offset="80" sl="157" path="0" offsetend="82" fileid="124" />
                <BranchPoint vc="0" uspid="3784" ordinal="7" offset="80" sl="157" path="1" offsetend="84" fileid="124" />
              </BranchPoints>
              <MethodPoint xsi:type="SequencePoint" vc="0" uspid="3762" ordinal="0" offset="0" sl="135" sc="13" el="135" ec="29" bec="2" bev="0" fileid="124" />
            </Method>
            <Method visited="false" cyclomaticComplexity="3" nPathComplexity="4" sequenceCoverage="0" branchCoverage="0" crapScore="12" isConstructor="false" isStatic="true" isGetter="false" isSetter="false">
              <Summary numSequencePoints="10" visitedSequencePoints="0" numBranchPoints="5" visitedBranchPoints="0" sequenceCoverage="0" branchCoverage="0" maxCyclomaticComplexity="3" minCyclomaticComplexity="3" maxCrapScore="12" minCrapScore="12" visitedClasses="0" numClasses="0" visitedMethods="0" numMethods="1" />
              <MetadataToken>100663789</MetadataToken>
              <Name>System.String Humanizer.Localisation.NumberToWords.MalteseNumberToWordsConvertor::GetThousands(System.Int64,Humanizer.GrammaticalGender)</Name>
              <FileRef uid="124" />
              <SequencePoints>
                <SequencePoint vc="0" uspid="3785" ordinal="0" offset="0" sl="167" sc="13" el="167" ec="30" bec="2" bev="0" fileid="124" />
                <SequencePoint vc="0" uspid="3786" ordinal="1" offset="9" sl="169" sc="17" el="169" ec="65" bec="0" bev="0" fileid="124" />
                <SequencePoint vc="0" uspid="3787" ordinal="2" offset="19" sl="172" sc="13" el="172" ec="42" bec="0" bev="0" fileid="124" />
                <SequencePoint vc="0" uspid="3788" ordinal="3" offset="27" sl="173" sc="13" el="173" ec="51" bec="0" bev="0" fileid="124" />
                <SequencePoint vc="0" uspid="3789" ordinal="4" offset="33" sl="174" sc="13" el="174" ec="41" bec="0" bev="0" fileid="124" />
                <SequencePoint vc="0" uspid="3790" ordinal="5" offset="42" sl="176" sc="13" el="176" ec="116" bec="0" bev="0" fileid="124" />
                <SequencePoint vc="0" uspid="3791" ordinal="6" offset="66" sl="178" sc="13" el="178" ec="78" bec="0" bev="0" fileid="124" />
                <SequencePoint vc="0" uspid="3792" ordinal="7" offset="76" sl="180" sc="13" el="180" ec="31" bec="2" bev="0" fileid="124" />
                <SequencePoint vc="0" uspid="3793" ordinal="8" offset="79" sl="182" sc="17" el="182" ec="40" bec="0" bev="0" fileid="124" />
                <SequencePoint vc="0" uspid="3794" ordinal="9" offset="81" sl="185" sc="13" el="185" ec="60" bec="0" bev="0" fileid="124" />
              </SequencePoints>
              <BranchPoints>
                <BranchPoint vc="0" uspid="3795" ordinal="0" offset="7" sl="167" path="0" offsetend="9" fileid="124" />
                <BranchPoint vc="0" uspid="3796" ordinal="1" offset="7" sl="167" path="1" offsetend="19" fileid="124" />
                <BranchPoint vc="0" uspid="3797" ordinal="2" offset="77" sl="180" path="0" offsetend="79" fileid="124" />
                <BranchPoint vc="0" uspid="3798" ordinal="3" offset="77" sl="180" path="1" offsetend="81" fileid="124" />
              </BranchPoints>
              <MethodPoint xsi:type="SequencePoint" vc="0" uspid="3785" ordinal="0" offset="0" sl="167" sc="13" el="167" ec="30" bec="2" bev="0" fileid="124" />
            </Method>
            <Method visited="false" cyclomaticComplexity="3" nPathComplexity="4" sequenceCoverage="0" branchCoverage="0" crapScore="12" isConstructor="false" isStatic="true" isGetter="false" isSetter="false">
              <Summary numSequencePoints="10" visitedSequencePoints="0" numBranchPoints="5" visitedBranchPoints="0" sequenceCoverage="0" branchCoverage="0" maxCyclomaticComplexity="3" minCyclomaticComplexity="3" maxCrapScore="12" minCrapScore="12" visitedClasses="0" numClasses="0" visitedMethods="0" numMethods="1" />
              <MetadataToken>100663790</MetadataToken>
              <Name>System.String Humanizer.Localisation.NumberToWords.MalteseNumberToWordsConvertor::GetMillions(System.Int64,Humanizer.GrammaticalGender)</Name>
              <FileRef uid="124" />
              <SequencePoints>
                <SequencePoint vc="0" uspid="3799" ordinal="0" offset="0" sl="190" sc="13" el="190" ec="33" bec="2" bev="0" fileid="124" />
                <SequencePoint vc="0" uspid="3800" ordinal="1" offset="9" sl="192" sc="17" el="192" ec="52" bec="0" bev="0" fileid="124" />
                <SequencePoint vc="0" uspid="3801" ordinal="2" offset="17" sl="195" sc="13" el="195" ec="44" bec="0" bev="0" fileid="124" />
                <SequencePoint vc="0" uspid="3802" ordinal="3" offset="25" sl="196" sc="13" el="196" ec="49" bec="0" bev="0" fileid="124" />
                <SequencePoint vc="0" uspid="3803" ordinal="4" offset="31" sl="197" sc="13" el="197" ec="45" bec="0" bev="0" fileid="124" />
                <SequencePoint vc="0" uspid="3804" ordinal="5" offset="40" sl="199" sc="13" el="199" ec="124" bec="0" bev="0" fileid="124" />
                <SequencePoint vc="0" uspid="3805" ordinal="6" offset="64" sl="200" sc="13" el="200" ec="65" bec="0" bev="0" fileid="124" />
                <SequencePoint vc="0" uspid="3806" ordinal="7" offset="72" sl="202" sc="13" el="202" ec="32" bec="2" bev="0" fileid="124" />
                <SequencePoint vc="0" uspid="3807" ordinal="8" offset="75" sl="204" sc="17" el="204" ec="37" bec="0" bev="0" fileid="124" />
                <SequencePoint vc="0" uspid="3808" ordinal="9" offset="77" sl="207" sc="13" el="207" ec="56" bec="0" bev="0" fileid="124" />
              </SequencePoints>
              <BranchPoints>
                <BranchPoint vc="0" uspid="3809" ordinal="0" offset="7" sl="190" path="0" offsetend="9" fileid="124" />
                <BranchPoint vc="0" uspid="3810" ordinal="1" offset="7" sl="190" path="1" offsetend="17" fileid="124" />
                <BranchPoint vc="0" uspid="3811" ordinal="2" offset="73" sl="202" path="0" offsetend="75" fileid="124" />
                <BranchPoint vc="0" uspid="3812" ordinal="3" offset="73" sl="202" path="1" offsetend="77" fileid="124" />
              </BranchPoints>
              <MethodPoint xsi:type="SequencePoint" vc="0" uspid="3799" ordinal="0" offset="0" sl="190" sc="13" el="190" ec="33" bec="2" bev="0" fileid="124" />
            </Method>
            <Method visited="false" cyclomaticComplexity="6" nPathComplexity="32" sequenceCoverage="0" branchCoverage="0" crapScore="42" isConstructor="false" isStatic="true" isGetter="false" isSetter="false">
              <Summary numSequencePoints="11" visitedSequencePoints="0" numBranchPoints="11" visitedBranchPoints="0" sequenceCoverage="0" branchCoverage="0" maxCyclomaticComplexity="6" minCyclomaticComplexity="6" maxCrapScore="42" minCrapScore="42" visitedClasses="0" numClasses="0" visitedMethods="0" numMethods="1" />
              <MetadataToken>100663791</MetadataToken>
              <Name>System.String Humanizer.Localisation.NumberToWords.MalteseNumberToWordsConvertor::GetPrefixText(System.Int64,System.Int64,System.String,System.String,System.String,System.Boolean,Humanizer.GrammaticalGender)</Name>
              <FileRef uid="124" />
              <SequencePoints>
                <SequencePoint vc="0" uspid="3813" ordinal="0" offset="0" sl="212" sc="13" el="212" ec="32" bec="2" bev="0" fileid="124" />
                <SequencePoint vc="0" uspid="3814" ordinal="1" offset="5" sl="214" sc="17" el="214" ec="33" bec="0" bev="0" fileid="124" />
                <SequencePoint vc="0" uspid="3815" ordinal="2" offset="7" sl="217" sc="13" el="217" ec="32" bec="2" bev="0" fileid="124" />
                <SequencePoint vc="0" uspid="3816" ordinal="3" offset="12" sl="219" sc="17" el="219" ec="29" bec="0" bev="0" fileid="124" />
                <SequencePoint vc="0" uspid="3817" ordinal="4" offset="14" sl="222" sc="13" el="222" ec="38" bec="2" bev="0" fileid="124" />
                <SequencePoint vc="0" uspid="3818" ordinal="5" offset="20" sl="224" sc="17" el="224" ec="110" bec="0" bev="0" fileid="124" />
                <SequencePoint vc="0" uspid="3819" ordinal="6" offset="43" sl="227" sc="13" el="227" ec="34" bec="2" bev="0" fileid="124" />
                <SequencePoint vc="0" uspid="3820" ordinal="7" offset="49" sl="229" sc="17" el="229" ec="43" bec="0" bev="0" fileid="124" />
                <SequencePoint vc="0" uspid="3821" ordinal="8" offset="61" sl="232" sc="13" el="232" ec="34" bec="2" bev="0" fileid="124" />
                <SequencePoint vc="0" uspid="3822" ordinal="9" offset="67" sl="234" sc="17" el="234" ec="45" bec="0" bev="0" fileid="124" />
                <SequencePoint vc="0" uspid="3823" ordinal="10" offset="79" sl="237" sc="13" el="237" ec="104" bec="0" bev="0" fileid="124" />
              </SequencePoints>
              <BranchPoints>
                <BranchPoint vc="0" uspid="3824" ordinal="0" offset="3" sl="212" path="0" offsetend="5" fileid="124" />
                <BranchPoint vc="0" uspid="3825" ordinal="1" offset="3" sl="212" path="1" offsetend="7" fileid="124" />
                <BranchPoint vc="0" uspid="3826" ordinal="2" offset="10" sl="217" path="0" offsetend="12" fileid="124" />
                <BranchPoint vc="0" uspid="3827" ordinal="3" offset="10" sl="217" path="1" offsetend="14" fileid="124" />
                <BranchPoint vc="0" uspid="3828" ordinal="4" offset="18" sl="222" path="0" offsetend="20" fileid="124" />
                <BranchPoint vc="0" uspid="3829" ordinal="5" offset="18" sl="222" path="1" offsetend="43" fileid="124" />
                <BranchPoint vc="0" uspid="3830" ordinal="6" offset="47" sl="227" path="0" offsetend="49" fileid="124" />
                <BranchPoint vc="0" uspid="3831" ordinal="7" offset="47" sl="227" path="1" offsetend="61" fileid="124" />
                <BranchPoint vc="0" uspid="3832" ordinal="8" offset="65" sl="232" path="0" offsetend="67" fileid="124" />
                <BranchPoint vc="0" uspid="3833" ordinal="9" offset="65" sl="232" path="1" offsetend="79" fileid="124" />
              </BranchPoints>
              <MethodPoint xsi:type="SequencePoint" vc="0" uspid="3813" ordinal="0" offset="0" sl="212" sc="13" el="212" ec="32" bec="2" bev="0" fileid="124" />
            </Method>
            <Method visited="false" cyclomaticComplexity="1" nPathComplexity="0" sequenceCoverage="0" branchCoverage="0" crapScore="2" isConstructor="true" isStatic="false" isGetter="false" isSetter="false">
              <Summary numSequencePoints="0" visitedSequencePoints="0" numBranchPoints="0" visitedBranchPoints="0" sequenceCoverage="0" branchCoverage="0" maxCyclomaticComplexity="1" minCyclomaticComplexity="1" maxCrapScore="2" minCrapScore="2" visitedClasses="0" numClasses="0" visitedMethods="0" numMethods="0" />
              <MetadataToken>100663792</MetadataToken>
              <Name>System.Void Humanizer.Localisation.NumberToWords.MalteseNumberToWordsConvertor::.ctor()</Name>
              <SequencePoints />
              <BranchPoints />
              <MethodPoint vc="0" uspid="3834" ordinal="0" offset="0" />
            </Method>
            <Method visited="false" cyclomaticComplexity="1" nPathComplexity="0" sequenceCoverage="0" branchCoverage="0" crapScore="2" isConstructor="true" isStatic="true" isGetter="false" isSetter="false">
              <Summary numSequencePoints="5" visitedSequencePoints="0" numBranchPoints="1" visitedBranchPoints="0" sequenceCoverage="0" branchCoverage="0" maxCyclomaticComplexity="1" minCyclomaticComplexity="1" maxCrapScore="2" minCrapScore="2" visitedClasses="0" numClasses="0" visitedMethods="0" numMethods="1" />
              <MetadataToken>100663793</MetadataToken>
              <Name>System.Void Humanizer.Localisation.NumberToWords.MalteseNumberToWordsConvertor::.cctor()</Name>
              <FileRef uid="124" />
              <SequencePoints>
                <SequencePoint vc="0" uspid="3835" ordinal="0" offset="0" sl="8" sc="9" el="13" ec="11" bec="0" bev="0" fileid="124" />
                <SequencePoint vc="0" uspid="3836" ordinal="1" offset="192" sl="15" sc="9" el="19" ec="11" bec="0" bev="0" fileid="124" />
                <SequencePoint vc="0" uspid="3837" ordinal="2" offset="375" sl="21" sc="9" el="22" ec="116" bec="0" bev="0" fileid="124" />
                <SequencePoint vc="0" uspid="3838" ordinal="3" offset="468" sl="24" sc="9" el="28" ec="11" bec="0" bev="0" fileid="124" />
                <SequencePoint vc="0" uspid="3839" ordinal="4" offset="570" sl="30" sc="9" el="35" ec="11" bec="0" bev="0" fileid="124" />
              </SequencePoints>
              <BranchPoints />
              <MethodPoint xsi:type="SequencePoint" vc="0" uspid="3835" ordinal="0" offset="0" sl="8" sc="9" el="13" ec="11" bec="0" bev="0" fileid="124" />
            </Method>
          </Methods>
        </Class>
        <Class>
          <Summary numSequencePoints="69" visitedSequencePoints="0" numBranchPoints="77" visitedBranchPoints="0" sequenceCoverage="0" branchCoverage="0" maxCyclomaticComplexity="37" minCyclomaticComplexity="1" maxCrapScore="1406" minCrapScore="2" visitedClasses="0" numClasses="1" visitedMethods="0" numMethods="7" />
          <FullName>Humanizer.Localisation.NumberToWords.NorwegianBokmalNumberToWordsConverter</FullName>
          <Methods>
            <Method visited="false" cyclomaticComplexity="3" nPathComplexity="4" sequenceCoverage="0" branchCoverage="0" crapScore="12" isConstructor="false" isStatic="false" isGetter="false" isSetter="false">
              <Summary numSequencePoints="3" visitedSequencePoints="0" numBranchPoints="5" visitedBranchPoints="0" sequenceCoverage="0" branchCoverage="0" maxCyclomaticComplexity="3" minCyclomaticComplexity="3" maxCrapScore="12" minCrapScore="12" visitedClasses="0" numClasses="0" visitedMethods="0" numMethods="1" />
              <MetadataToken>100663794</MetadataToken>
              <Name>System.String Humanizer.Localisation.NumberToWords.NorwegianBokmalNumberToWordsConverter::Convert(System.Int64,Humanizer.GrammaticalGender)</Name>
              <FileRef uid="125" />
              <SequencePoints>
                <SequencePoint vc="0" uspid="3840" ordinal="0" offset="0" sl="26" sc="13" el="26" ec="68" bec="3" bev="0" fileid="125" />
                <SequencePoint vc="0" uspid="3841" ordinal="1" offset="18" sl="28" sc="17" el="28" ec="53" bec="0" bev="0" fileid="125" />
                <SequencePoint vc="0" uspid="3842" ordinal="2" offset="24" sl="31" sc="13" el="31" ec="56" bec="0" bev="0" fileid="125" />
              </SequencePoints>
              <BranchPoints>
                <BranchPoint vc="0" uspid="3843" ordinal="0" offset="7" sl="26" path="0" offsetend="9" fileid="125" />
                <BranchPoint vc="0" uspid="3844" ordinal="1" offset="7" sl="26" path="1" offsetend="18" fileid="125" />
                <BranchPoint vc="0" uspid="3845" ordinal="2" offset="16" sl="26" path="0" offsetend="18" fileid="125" />
                <BranchPoint vc="0" uspid="3846" ordinal="3" offset="16" sl="26" path="1" offsetend="24" fileid="125" />
              </BranchPoints>
              <MethodPoint xsi:type="SequencePoint" vc="0" uspid="3840" ordinal="0" offset="0" sl="26" sc="13" el="26" ec="68" bec="3" bev="0" fileid="125" />
            </Method>
            <Method visited="false" cyclomaticComplexity="1" nPathComplexity="0" sequenceCoverage="0" branchCoverage="0" crapScore="2" isConstructor="false" isStatic="false" isGetter="false" isSetter="false">
              <Summary numSequencePoints="1" visitedSequencePoints="0" numBranchPoints="1" visitedBranchPoints="0" sequenceCoverage="0" branchCoverage="0" maxCyclomaticComplexity="1" minCyclomaticComplexity="1" maxCrapScore="2" minCrapScore="2" visitedClasses="0" numClasses="0" visitedMethods="0" numMethods="1" />
              <MetadataToken>100663795</MetadataToken>
              <Name>System.String Humanizer.Localisation.NumberToWords.NorwegianBokmalNumberToWordsConverter::ConvertToOrdinal(System.Int32,Humanizer.GrammaticalGender)</Name>
              <FileRef uid="125" />
              <SequencePoints>
                <SequencePoint vc="0" uspid="3847" ordinal="0" offset="0" sl="36" sc="13" el="36" ec="50" bec="0" bev="0" fileid="125" />
              </SequencePoints>
              <BranchPoints />
              <MethodPoint xsi:type="SequencePoint" vc="0" uspid="3847" ordinal="0" offset="0" sl="36" sc="13" el="36" ec="50" bec="0" bev="0" fileid="125" />
            </Method>
            <Method visited="false" cyclomaticComplexity="37" nPathComplexity="268435456" sequenceCoverage="0" branchCoverage="0" crapScore="1406" isConstructor="false" isStatic="false" isGetter="false" isSetter="false">
              <Summary numSequencePoints="50" visitedSequencePoints="0" numBranchPoints="57" visitedBranchPoints="0" sequenceCoverage="0" branchCoverage="0" maxCyclomaticComplexity="37" minCyclomaticComplexity="37" maxCrapScore="1406" minCrapScore="1406" visitedClasses="0" numClasses="0" visitedMethods="0" numMethods="1" />
              <MetadataToken>100663796</MetadataToken>
              <Name>System.String Humanizer.Localisation.NumberToWords.NorwegianBokmalNumberToWordsConverter::Convert(System.Int32,System.Boolean,Humanizer.GrammaticalGender)</Name>
              <FileRef uid="125" />
              <SequencePoints>
                <SequencePoint vc="0" uspid="3848" ordinal="0" offset="0" sl="41" sc="13" el="41" ec="29" bec="2" bev="0" fileid="125" />
                <SequencePoint vc="0" uspid="3849" ordinal="1" offset="3" sl="43" sc="17" el="43" ec="51" bec="0" bev="0" fileid="125" />
                <SequencePoint vc="0" uspid="3850" ordinal="2" offset="11" sl="46" sc="13" el="46" ec="28" bec="2" bev="0" fileid="125" />
                <SequencePoint vc="0" uspid="3851" ordinal="3" offset="15" sl="48" sc="17" el="48" ec="88" bec="0" bev="0" fileid="125" />
                <SequencePoint vc="0" uspid="3852" ordinal="4" offset="36" sl="51" sc="13" el="51" ec="29" bec="5" bev="0" fileid="125" />
                <SequencePoint vc="0" uspid="3853" ordinal="5" offset="50" sl="56" sc="25" el="56" ec="37" bec="0" bev="0" fileid="125" />
                <SequencePoint vc="0" uspid="3854" ordinal="6" offset="56" sl="58" sc="25" el="58" ec="37" bec="0" bev="0" fileid="125" />
                <SequencePoint vc="0" uspid="3855" ordinal="7" offset="62" sl="62" sc="13" el="62" ec="44" bec="0" bev="0" fileid="125" />
                <SequencePoint vc="0" uspid="3856" ordinal="8" offset="68" sl="64" sc="13" el="64" ec="39" bec="0" bev="0" fileid="125" />
                <SequencePoint vc="0" uspid="3857" ordinal="9" offset="70" sl="67" sc="13" el="67" ec="40" bec="2" bev="0" fileid="125" />
                <SequencePoint vc="0" uspid="3858" ordinal="10" offset="80" sl="69" sc="17" el="69" ec="38" bec="0" bev="0" fileid="125" />
                <SequencePoint vc="0" uspid="3859" ordinal="11" offset="82" sl="70" sc="17" el="70" ec="73" bec="2" bev="0" fileid="125" />
                <SequencePoint vc="0" uspid="3860" ordinal="12" offset="100" sl="71" sc="17" el="71" ec="159" bec="4" bev="0" fileid="125" />
                <SequencePoint vc="0" uspid="3861" ordinal="13" offset="176" sl="72" sc="17" el="72" ec="35" bec="0" bev="0" fileid="125" />
                <SequencePoint vc="0" uspid="3862" ordinal="14" offset="185" sl="76" sc="13" el="76" ec="40" bec="2" bev="0" fileid="125" />
                <SequencePoint vc="0" uspid="3863" ordinal="15" offset="195" sl="78" sc="17" el="78" ec="38" bec="0" bev="0" fileid="125" />
                <SequencePoint vc="0" uspid="3864" ordinal="16" offset="197" sl="79" sc="17" el="79" ec="73" bec="2" bev="0" fileid="125" />
                <SequencePoint vc="0" uspid="3865" ordinal="17" offset="215" sl="80" sc="17" el="80" ec="157" bec="4" bev="0" fileid="125" />
                <SequencePoint vc="0" uspid="3866" ordinal="18" offset="291" sl="81" sc="17" el="81" ec="35" bec="0" bev="0" fileid="125" />
                <SequencePoint vc="0" uspid="3867" ordinal="19" offset="300" sl="84" sc="13" el="84" ec="34" bec="0" bev="0" fileid="125" />
                <SequencePoint vc="0" uspid="3868" ordinal="20" offset="302" sl="85" sc="13" el="85" ec="37" bec="2" bev="0" fileid="125" />
                <SequencePoint vc="0" uspid="3869" ordinal="21" offset="312" sl="87" sc="17" el="87" ec="33" bec="0" bev="0" fileid="125" />
                <SequencePoint vc="0" uspid="3870" ordinal="22" offset="314" sl="88" sc="17" el="88" ec="103" bec="2" bev="0" fileid="125" />
                <SequencePoint vc="0" uspid="3871" ordinal="23" offset="362" sl="89" sc="17" el="89" ec="32" bec="0" bev="0" fileid="125" />
                <SequencePoint vc="0" uspid="3872" ordinal="24" offset="371" sl="92" sc="13" el="92" ec="33" bec="0" bev="0" fileid="125" />
                <SequencePoint vc="0" uspid="3873" ordinal="25" offset="373" sl="93" sc="13" el="93" ec="36" bec="2" bev="0" fileid="125" />
                <SequencePoint vc="0" uspid="3874" ordinal="26" offset="380" sl="95" sc="17" el="95" ec="32" bec="0" bev="0" fileid="125" />
                <SequencePoint vc="0" uspid="3875" ordinal="27" offset="382" sl="96" sc="17" el="96" ec="111" bec="2" bev="0" fileid="125" />
                <SequencePoint vc="0" uspid="3876" ordinal="28" offset="421" sl="97" sc="17" el="97" ec="31" bec="0" bev="0" fileid="125" />
                <SequencePoint vc="0" uspid="3877" ordinal="29" offset="427" sl="100" sc="13" el="100" ec="28" bec="2" bev="0" fileid="125" />
                <SequencePoint vc="0" uspid="3878" ordinal="30" offset="434" sl="102" sc="17" el="102" ec="38" bec="2" bev="0" fileid="125" />
                <SequencePoint vc="0" uspid="3879" ordinal="31" offset="442" sl="104" sc="21" el="104" ec="64" bec="4" bev="0" fileid="125" />
                <SequencePoint vc="0" uspid="3880" ordinal="32" offset="451" sl="106" sc="25" el="106" ec="42" bec="0" bev="0" fileid="125" />
                <SequencePoint vc="0" uspid="3881" ordinal="33" offset="462" sl="107" sc="21" el="107" ec="22" bec="0" bev="0" fileid="125" />
                <SequencePoint vc="0" uspid="3882" ordinal="34" offset="464" sl="110" sc="25" el="110" ec="41" bec="0" bev="0" fileid="125" />
                <SequencePoint vc="0" uspid="3883" ordinal="35" offset="475" sl="114" sc="17" el="114" ec="33" bec="2" bev="0" fileid="125" />
                <SequencePoint vc="0" uspid="3884" ordinal="36" offset="480" sl="116" sc="21" el="116" ec="64" bec="0" bev="0" fileid="125" />
                <SequencePoint vc="0" uspid="3885" ordinal="37" offset="493" sl="117" sc="17" el="117" ec="18" bec="0" bev="0" fileid="125" />
                <SequencePoint vc="0" uspid="3886" ordinal="38" offset="498" sl="120" sc="21" el="120" ec="57" bec="0" bev="0" fileid="125" />
                <SequencePoint vc="0" uspid="3887" ordinal="39" offset="510" sl="121" sc="21" el="121" ec="43" bec="2" bev="0" fileid="125" />
                <SequencePoint vc="0" uspid="3888" ordinal="40" offset="517" sl="123" sc="25" el="123" ec="96" bec="0" bev="0" fileid="125" />
                <SequencePoint vc="0" uspid="3889" ordinal="41" offset="546" sl="124" sc="21" el="124" ec="22" bec="0" bev="0" fileid="125" />
                <SequencePoint vc="0" uspid="3890" ordinal="42" offset="548" sl="125" sc="26" el="125" ec="40" bec="2" bev="0" fileid="125" />
                <SequencePoint vc="0" uspid="3891" ordinal="43" offset="551" sl="127" sc="25" el="127" ec="67" bec="0" bev="0" fileid="125" />
                <SequencePoint vc="0" uspid="3892" ordinal="44" offset="581" sl="130" sc="21" el="130" ec="41" bec="0" bev="0" fileid="125" />
                <SequencePoint vc="0" uspid="3893" ordinal="45" offset="589" sl="132" sc="13" el="132" ec="14" bec="0" bev="0" fileid="125" />
                <SequencePoint vc="0" uspid="3894" ordinal="46" offset="591" sl="133" sc="18" el="133" ec="32" bec="2" bev="0" fileid="125" />
                <SequencePoint vc="0" uspid="3895" ordinal="47" offset="594" sl="135" sc="17" el="135" ec="101" bec="4" bev="0" fileid="125" />
                <SequencePoint vc="0" uspid="3896" ordinal="48" offset="660" sl="138" sc="13" el="138" ec="67" bec="0" bev="0" fileid="125" />
                <SequencePoint vc="0" uspid="3897" ordinal="49" offset="681" sl="140" sc="13" el="140" ec="28" bec="0" bev="0" fileid="125" />
              </SequencePoints>
              <BranchPoints>
                <BranchPoint vc="0" uspid="3898" ordinal="0" offset="1" sl="41" path="0" offsetend="3" fileid="125" />
                <BranchPoint vc="0" uspid="3899" ordinal="1" offset="1" sl="41" path="1" offsetend="11" fileid="125" />
                <BranchPoint vc="0" uspid="3900" ordinal="2" offset="13" sl="46" path="0" offsetend="15" fileid="125" />
                <BranchPoint vc="0" uspid="3901" ordinal="3" offset="13" sl="46" path="1" offsetend="36" fileid="125" />
                <BranchPoint vc="0" uspid="3902" ordinal="4" offset="38" sl="51" path="0" offsetend="40" fileid="125" />
                <BranchPoint vc="0" uspid="3903" ordinal="5" offset="38" sl="51" path="1" offsetend="62" fileid="125" />
                <BranchPoint vc="0" uspid="3904" ordinal="6" offset="42" sl="51" path="0" offsetend="44" fileid="125" />
                <BranchPoint vc="0" uspid="3905" ordinal="7" offset="42" sl="51" path="1" offsetend="50" fileid="125" />
                <BranchPoint vc="0" uspid="3906" ordinal="8" offset="46" sl="51" path="0" offsetchain="48" offsetend="62" fileid="125" />
                <BranchPoint vc="0" uspid="3907" ordinal="9" offset="46" sl="51" path="1" offsetend="56" fileid="125" />
                <BranchPoint vc="0" uspid="3908" ordinal="10" offset="78" sl="67" path="0" offsetend="80" fileid="125" />
                <BranchPoint vc="0" uspid="3909" ordinal="11" offset="78" sl="67" path="1" offsetend="185" fileid="125" />
                <BranchPoint vc="0" uspid="3910" ordinal="12" offset="83" sl="70" path="0" offsetend="85" fileid="125" />
                <BranchPoint vc="0" uspid="3911" ordinal="13" offset="83" sl="70" path="1" offsetend="97" fileid="125" />
                <BranchPoint vc="0" uspid="3912" ordinal="14" offset="109" sl="71" path="0" offsetend="111" fileid="125" />
                <BranchPoint vc="0" uspid="3913" ordinal="15" offset="109" sl="71" path="1" offsetend="118" fileid="125" />
                <BranchPoint vc="0" uspid="3914" ordinal="16" offset="130" sl="71" path="0" offsetend="132" fileid="125" />
                <BranchPoint vc="0" uspid="3915" ordinal="17" offset="130" sl="71" path="1" offsetend="139" fileid="125" />
                <BranchPoint vc="0" uspid="3916" ordinal="18" offset="193" sl="76" path="0" offsetend="195" fileid="125" />
                <BranchPoint vc="0" uspid="3917" ordinal="19" offset="193" sl="76" path="1" offsetend="300" fileid="125" />
                <BranchPoint vc="0" uspid="3918" ordinal="20" offset="198" sl="79" path="0" offsetend="200" fileid="125" />
                <BranchPoint vc="0" uspid="3919" ordinal="21" offset="198" sl="79" path="1" offsetend="212" fileid="125" />
                <BranchPoint vc="0" uspid="3920" ordinal="22" offset="224" sl="80" path="0" offsetend="226" fileid="125" />
                <BranchPoint vc="0" uspid="3921" ordinal="23" offset="224" sl="80" path="1" offsetend="233" fileid="125" />
                <BranchPoint vc="0" uspid="3922" ordinal="24" offset="245" sl="80" path="0" offsetend="247" fileid="125" />
                <BranchPoint vc="0" uspid="3923" ordinal="25" offset="245" sl="80" path="1" offsetend="254" fileid="125" />
                <BranchPoint vc="0" uspid="3924" ordinal="26" offset="310" sl="85" path="0" offsetend="312" fileid="125" />
                <BranchPoint vc="0" uspid="3925" ordinal="27" offset="310" sl="85" path="1" offsetend="371" fileid="125" />
                <BranchPoint vc="0" uspid="3926" ordinal="28" offset="330" sl="88" path="0" offsetend="332" fileid="125" />
                <BranchPoint vc="0" uspid="3927" ordinal="29" offset="330" sl="88" path="1" offsetend="339" fileid="125" />
                <BranchPoint vc="0" uspid="3928" ordinal="30" offset="378" sl="93" path="0" offsetend="380" fileid="125" />
                <BranchPoint vc="0" uspid="3929" ordinal="31" offset="378" sl="93" path="1" offsetend="427" fileid="125" />
                <BranchPoint vc="0" uspid="3930" ordinal="32" offset="392" sl="96" path="0" offsetend="394" fileid="125" />
                <BranchPoint vc="0" uspid="3931" ordinal="33" offset="392" sl="96" path="1" offsetend="401" fileid="125" />
                <BranchPoint vc="0" uspid="3932" ordinal="34" offset="429" sl="100" path="0" offsetend="434" fileid="125" />
                <BranchPoint vc="0" uspid="3933" ordinal="35" offset="429" sl="100" path="1" offsetend="591" fileid="125" />
                <BranchPoint vc="0" uspid="3934" ordinal="36" offset="440" sl="102" path="0" offsetend="442" fileid="125" />
                <BranchPoint vc="0" uspid="3935" ordinal="37" offset="440" sl="102" path="1" offsetend="475" fileid="125" />
                <BranchPoint vc="0" uspid="3936" ordinal="38" offset="443" sl="104" path="0" offsetend="445" fileid="125" />
                <BranchPoint vc="0" uspid="3937" ordinal="39" offset="443" sl="104" path="1" offsetend="464" fileid="125" />
                <BranchPoint vc="0" uspid="3938" ordinal="40" offset="446" sl="104" path="0" offsetend="448" fileid="125" />
                <BranchPoint vc="0" uspid="3939" ordinal="41" offset="446" sl="104" path="1" offsetend="464" fileid="125" />
                <BranchPoint vc="0" uspid="3940" ordinal="42" offset="449" sl="104" path="0" offsetend="451" fileid="125" />
                <BranchPoint vc="0" uspid="3941" ordinal="43" offset="449" sl="104" path="1" offsetend="464" fileid="125" />
                <BranchPoint vc="0" uspid="3942" ordinal="44" offset="478" sl="114" path="0" offsetend="480" fileid="125" />
                <BranchPoint vc="0" uspid="3943" ordinal="45" offset="478" sl="114" path="1" offsetend="498" fileid="125" />
                <BranchPoint vc="0" uspid="3944" ordinal="46" offset="515" sl="121" path="0" offsetend="517" fileid="125" />
                <BranchPoint vc="0" uspid="3945" ordinal="47" offset="515" sl="121" path="1" offsetend="548" fileid="125" />
                <BranchPoint vc="0" uspid="3946" ordinal="48" offset="549" sl="125" path="0" offsetend="551" fileid="125" />
                <BranchPoint vc="0" uspid="3947" ordinal="49" offset="549" sl="125" path="1" offsetend="581" fileid="125" />
                <BranchPoint vc="0" uspid="3948" ordinal="50" offset="592" sl="133" path="0" offsetend="594" fileid="125" />
                <BranchPoint vc="0" uspid="3949" ordinal="51" offset="592" sl="133" path="1" offsetend="660" fileid="125" />
                <BranchPoint vc="0" uspid="3950" ordinal="52" offset="621" sl="135" path="0" offsetend="623" fileid="125" />
                <BranchPoint vc="0" uspid="3951" ordinal="53" offset="621" sl="135" path="1" offsetend="630" fileid="125" />
                <BranchPoint vc="0" uspid="3952" ordinal="54" offset="636" sl="135" path="0" offsetend="638" fileid="125" />
                <BranchPoint vc="0" uspid="3953" ordinal="55" offset="636" sl="135" path="1" offsetend="645" fileid="125" />
              </BranchPoints>
              <MethodPoint xsi:type="SequencePoint" vc="0" uspid="3848" ordinal="0" offset="0" sl="41" sc="13" el="41" ec="29" bec="2" bev="0" fileid="125" />
            </Method>
            <Method visited="false" cyclomaticComplexity="4" nPathComplexity="8" sequenceCoverage="0" branchCoverage="0" crapScore="20" isConstructor="false" isStatic="true" isGetter="false" isSetter="false">
              <Summary numSequencePoints="7" visitedSequencePoints="0" numBranchPoints="7" visitedBranchPoints="0" sequenceCoverage="0" branchCoverage="0" maxCyclomaticComplexity="4" minCyclomaticComplexity="4" maxCrapScore="20" minCrapScore="20" visitedClasses="0" numClasses="0" visitedMethods="0" numMethods="1" />
              <MetadataToken>100663797</MetadataToken>
              <Name>System.String Humanizer.Localisation.NumberToWords.NorwegianBokmalNumberToWordsConverter::GetUnitValue(System.Int32,System.Boolean)</Name>
              <FileRef uid="125" />
              <SequencePoints>
                <SequencePoint vc="0" uspid="3954" ordinal="0" offset="0" sl="145" sc="13" el="145" ec="27" bec="2" bev="0" fileid="125" />
                <SequencePoint vc="0" uspid="3955" ordinal="1" offset="3" sl="147" sc="17" el="147" ec="78" bec="2" bev="0" fileid="125" />
                <SequencePoint vc="0" uspid="3956" ordinal="2" offset="13" sl="149" sc="21" el="149" ec="44" bec="0" bev="0" fileid="125" />
                <SequencePoint vc="0" uspid="3957" ordinal="3" offset="15" sl="151" sc="22" el="151" ec="38" bec="2" bev="0" fileid="125" />
                <SequencePoint vc="0" uspid="3958" ordinal="4" offset="20" sl="153" sc="21" el="153" ec="67" bec="0" bev="0" fileid="125" />
                <SequencePoint vc="0" uspid="3959" ordinal="5" offset="54" sl="157" sc="21" el="157" ec="52" bec="0" bev="0" fileid="125" />
                <SequencePoint vc="0" uspid="3960" ordinal="6" offset="72" sl="162" sc="17" el="162" ec="41" bec="0" bev="0" fileid="125" />
              </SequencePoints>
              <BranchPoints>
                <BranchPoint vc="0" uspid="3961" ordinal="0" offset="1" sl="145" path="0" offsetend="3" fileid="125" />
                <BranchPoint vc="0" uspid="3962" ordinal="1" offset="1" sl="145" path="1" offsetend="72" fileid="125" />
                <BranchPoint vc="0" uspid="3963" ordinal="2" offset="11" sl="147" path="0" offsetend="13" fileid="125" />
                <BranchPoint vc="0" uspid="3964" ordinal="3" offset="11" sl="147" path="1" offsetend="15" fileid="125" />
                <BranchPoint vc="0" uspid="3965" ordinal="4" offset="18" sl="151" path="0" offsetend="20" fileid="125" />
                <BranchPoint vc="0" uspid="3966" ordinal="5" offset="18" sl="151" path="1" offsetend="54" fileid="125" />
              </BranchPoints>
              <MethodPoint xsi:type="SequencePoint" vc="0" uspid="3954" ordinal="0" offset="0" sl="145" sc="13" el="145" ec="27" bec="2" bev="0" fileid="125" />
            </Method>
            <Method visited="false" cyclomaticComplexity="1" nPathComplexity="0" sequenceCoverage="0" branchCoverage="0" crapScore="2" isConstructor="false" isStatic="true" isGetter="false" isSetter="false">
              <Summary numSequencePoints="1" visitedSequencePoints="0" numBranchPoints="1" visitedBranchPoints="0" sequenceCoverage="0" branchCoverage="0" maxCyclomaticComplexity="1" minCyclomaticComplexity="1" maxCrapScore="2" minCrapScore="2" visitedClasses="0" numClasses="0" visitedMethods="0" numMethods="1" />
              <MetadataToken>100663798</MetadataToken>
              <Name>System.Boolean Humanizer.Localisation.NumberToWords.NorwegianBokmalNumberToWordsConverter::ExceptionNumbersToWords(System.Int32,System.String&amp;)</Name>
              <FileRef uid="125" />
              <SequencePoints>
                <SequencePoint vc="0" uspid="3967" ordinal="0" offset="0" sl="168" sc="13" el="168" ec="69" bec="0" bev="0" fileid="125" />
              </SequencePoints>
              <BranchPoints />
              <MethodPoint xsi:type="SequencePoint" vc="0" uspid="3967" ordinal="0" offset="0" sl="168" sc="13" el="168" ec="69" bec="0" bev="0" fileid="125" />
            </Method>
            <Method visited="false" cyclomaticComplexity="4" nPathComplexity="4" sequenceCoverage="0" branchCoverage="0" crapScore="20" isConstructor="false" isStatic="false" isGetter="false" isSetter="false">
              <Summary numSequencePoints="4" visitedSequencePoints="0" numBranchPoints="5" visitedBranchPoints="0" sequenceCoverage="0" branchCoverage="0" maxCyclomaticComplexity="4" minCyclomaticComplexity="4" maxCrapScore="20" minCrapScore="20" visitedClasses="0" numClasses="0" visitedMethods="0" numMethods="1" />
              <MetadataToken>100663799</MetadataToken>
              <Name>System.String Humanizer.Localisation.NumberToWords.NorwegianBokmalNumberToWordsConverter::Part(System.String,System.String,System.Int32,System.Boolean)</Name>
              <FileRef uid="125" />
              <SequencePoints>
                <SequencePoint vc="0" uspid="3968" ordinal="0" offset="0" sl="173" sc="13" el="173" ec="51" bec="2" bev="0" fileid="125" />
                <SequencePoint vc="0" uspid="3969" ordinal="1" offset="17" sl="174" sc="13" el="174" ec="29" bec="2" bev="0" fileid="125" />
                <SequencePoint vc="0" uspid="3970" ordinal="2" offset="21" sl="176" sc="17" el="176" ec="43" bec="0" bev="0" fileid="125" />
                <SequencePoint vc="0" uspid="3971" ordinal="3" offset="29" sl="179" sc="13" el="179" ec="75" bec="0" bev="0" fileid="125" />
              </SequencePoints>
              <BranchPoints>
                <BranchPoint vc="0" uspid="3972" ordinal="0" offset="2" sl="173" path="0" offsetend="4" fileid="125" />
                <BranchPoint vc="0" uspid="3973" ordinal="1" offset="2" sl="173" path="1" offsetend="11" fileid="125" />
                <BranchPoint vc="0" uspid="3974" ordinal="2" offset="19" sl="174" path="0" offsetend="21" fileid="125" />
                <BranchPoint vc="0" uspid="3975" ordinal="3" offset="19" sl="174" path="1" offsetend="29" fileid="125" />
              </BranchPoints>
              <MethodPoint xsi:type="SequencePoint" vc="0" uspid="3968" ordinal="0" offset="0" sl="173" sc="13" el="173" ec="51" bec="2" bev="0" fileid="125" />
            </Method>
            <Method visited="false" cyclomaticComplexity="1" nPathComplexity="0" sequenceCoverage="0" branchCoverage="0" crapScore="2" isConstructor="true" isStatic="false" isGetter="false" isSetter="false">
              <Summary numSequencePoints="0" visitedSequencePoints="0" numBranchPoints="0" visitedBranchPoints="0" sequenceCoverage="0" branchCoverage="0" maxCyclomaticComplexity="1" minCyclomaticComplexity="1" maxCrapScore="2" minCrapScore="2" visitedClasses="0" numClasses="0" visitedMethods="0" numMethods="0" />
              <MetadataToken>100663800</MetadataToken>
              <Name>System.Void Humanizer.Localisation.NumberToWords.NorwegianBokmalNumberToWordsConverter::.ctor()</Name>
              <SequencePoints />
              <BranchPoints />
              <MethodPoint vc="0" uspid="3976" ordinal="0" offset="0" />
            </Method>
            <Method visited="false" cyclomaticComplexity="1" nPathComplexity="0" sequenceCoverage="0" branchCoverage="0" crapScore="2" isConstructor="true" isStatic="true" isGetter="false" isSetter="false">
              <Summary numSequencePoints="3" visitedSequencePoints="0" numBranchPoints="1" visitedBranchPoints="0" sequenceCoverage="0" branchCoverage="0" maxCyclomaticComplexity="1" minCyclomaticComplexity="1" maxCrapScore="2" minCrapScore="2" visitedClasses="0" numClasses="0" visitedMethods="0" numMethods="1" />
              <MetadataToken>100663801</MetadataToken>
              <Name>System.Void Humanizer.Localisation.NumberToWords.NorwegianBokmalNumberToWordsConverter::.cctor()</Name>
              <FileRef uid="125" />
              <SequencePoints>
                <SequencePoint vc="0" uspid="3977" ordinal="0" offset="0" sl="8" sc="9" el="8" ec="223" bec="0" bev="0" fileid="125" />
                <SequencePoint vc="0" uspid="3978" ordinal="1" offset="183" sl="9" sc="9" el="9" ec="141" bec="0" bev="0" fileid="125" />
                <SequencePoint vc="0" uspid="3979" ordinal="2" offset="276" sl="11" sc="9" el="22" ec="11" bec="0" bev="0" fileid="125" />
              </SequencePoints>
              <BranchPoints />
              <MethodPoint xsi:type="SequencePoint" vc="0" uspid="3977" ordinal="0" offset="0" sl="8" sc="9" el="8" ec="223" bec="0" bev="0" fileid="125" />
            </Method>
          </Methods>
        </Class>
        <Class>
          <Summary numSequencePoints="62" visitedSequencePoints="0" numBranchPoints="46" visitedBranchPoints="0" sequenceCoverage="0" branchCoverage="0" maxCyclomaticComplexity="12" minCyclomaticComplexity="1" maxCrapScore="156" minCrapScore="2" visitedClasses="0" numClasses="1" visitedMethods="0" numMethods="6" />
          <FullName>Humanizer.Localisation.NumberToWords.PolishNumberToWordsConverter</FullName>
          <Methods>
            <Method visited="false" cyclomaticComplexity="1" nPathComplexity="0" sequenceCoverage="0" branchCoverage="0" crapScore="2" isConstructor="true" isStatic="false" isGetter="false" isSetter="false">
              <Summary numSequencePoints="3" visitedSequencePoints="0" numBranchPoints="1" visitedBranchPoints="0" sequenceCoverage="0" branchCoverage="0" maxCyclomaticComplexity="1" minCyclomaticComplexity="1" maxCrapScore="2" minCrapScore="2" visitedClasses="0" numClasses="0" visitedMethods="0" numMethods="1" />
              <MetadataToken>100663802</MetadataToken>
              <Name>System.Void Humanizer.Localisation.NumberToWords.PolishNumberToWordsConverter::.ctor(System.Globalization.CultureInfo)</Name>
              <FileRef uid="126" />
              <SequencePoints>
                <SequencePoint vc="0" uspid="3980" ordinal="0" offset="0" sl="15" sc="9" el="15" ec="65" bec="0" bev="0" fileid="126" />
                <SequencePoint vc="0" uspid="3981" ordinal="1" offset="6" sl="17" sc="13" el="17" ec="32" bec="0" bev="0" fileid="126" />
                <SequencePoint vc="0" uspid="3982" ordinal="2" offset="13" sl="18" sc="9" el="18" ec="10" bec="0" bev="0" fileid="126" />
              </SequencePoints>
              <BranchPoints />
              <MethodPoint xsi:type="SequencePoint" vc="0" uspid="3980" ordinal="0" offset="0" sl="15" sc="9" el="15" ec="65" bec="0" bev="0" fileid="126" />
            </Method>
            <Method visited="false" cyclomaticComplexity="4" nPathComplexity="8" sequenceCoverage="0" branchCoverage="0" crapScore="20" isConstructor="false" isStatic="true" isGetter="false" isSetter="false">
              <Summary numSequencePoints="11" visitedSequencePoints="0" numBranchPoints="7" visitedBranchPoints="0" sequenceCoverage="0" branchCoverage="0" maxCyclomaticComplexity="4" minCyclomaticComplexity="4" maxCrapScore="20" minCrapScore="20" visitedClasses="0" numClasses="0" visitedMethods="0" numMethods="1" />
              <MetadataToken>100663803</MetadataToken>
              <Name>System.Void Humanizer.Localisation.NumberToWords.PolishNumberToWordsConverter::CollectPartsUnderThousand(System.Collections.Generic.ICollection`1&lt;System.String&gt;,System.Int32)</Name>
              <FileRef uid="126" />
              <SequencePoints>
                <SequencePoint vc="0" uspid="3983" ordinal="0" offset="0" sl="22" sc="13" el="22" ec="41" bec="0" bev="0" fileid="126" />
                <SequencePoint vc="0" uspid="3984" ordinal="1" offset="5" sl="23" sc="13" el="23" ec="30" bec="2" bev="0" fileid="126" />
                <SequencePoint vc="0" uspid="3985" ordinal="2" offset="9" sl="25" sc="17" el="25" ec="50" bec="0" bev="0" fileid="126" />
                <SequencePoint vc="0" uspid="3986" ordinal="3" offset="22" sl="26" sc="17" el="26" ec="39" bec="0" bev="0" fileid="126" />
                <SequencePoint vc="0" uspid="3987" ordinal="4" offset="28" sl="29" sc="13" el="29" ec="36" bec="0" bev="0" fileid="126" />
                <SequencePoint vc="0" uspid="3988" ordinal="5" offset="33" sl="30" sc="13" el="30" ec="26" bec="2" bev="0" fileid="126" />
                <SequencePoint vc="0" uspid="3989" ordinal="6" offset="37" sl="32" sc="17" el="32" ec="42" bec="0" bev="0" fileid="126" />
                <SequencePoint vc="0" uspid="3990" ordinal="7" offset="50" sl="33" sc="17" el="33" ec="38" bec="0" bev="0" fileid="126" />
                <SequencePoint vc="0" uspid="3991" ordinal="8" offset="56" sl="36" sc="13" el="36" ec="28" bec="2" bev="0" fileid="126" />
                <SequencePoint vc="0" uspid="3992" ordinal="9" offset="60" sl="38" sc="17" el="38" ec="45" bec="0" bev="0" fileid="126" />
                <SequencePoint vc="0" uspid="3993" ordinal="10" offset="73" sl="40" sc="9" el="40" ec="10" bec="0" bev="0" fileid="126" />
              </SequencePoints>
              <BranchPoints>
                <BranchPoint vc="0" uspid="3994" ordinal="0" offset="7" sl="23" path="0" offsetend="9" fileid="126" />
                <BranchPoint vc="0" uspid="3995" ordinal="1" offset="7" sl="23" path="1" offsetend="28" fileid="126" />
                <BranchPoint vc="0" uspid="3996" ordinal="2" offset="35" sl="30" path="0" offsetend="37" fileid="126" />
                <BranchPoint vc="0" uspid="3997" ordinal="3" offset="35" sl="30" path="1" offsetend="56" fileid="126" />
                <BranchPoint vc="0" uspid="3998" ordinal="4" offset="58" sl="36" path="0" offsetend="60" fileid="126" />
                <BranchPoint vc="0" uspid="3999" ordinal="5" offset="58" sl="36" path="1" offsetend="73" fileid="126" />
              </BranchPoints>
              <MethodPoint xsi:type="SequencePoint" vc="0" uspid="3983" ordinal="0" offset="0" sl="22" sc="13" el="22" ec="41" bec="0" bev="0" fileid="126" />
            </Method>
            <Method visited="false" cyclomaticComplexity="7" nPathComplexity="64" sequenceCoverage="0" branchCoverage="0" crapScore="56" isConstructor="false" isStatic="true" isGetter="false" isSetter="false">
              <Summary numSequencePoints="10" visitedSequencePoints="0" numBranchPoints="13" visitedBranchPoints="0" sequenceCoverage="0" branchCoverage="0" maxCyclomaticComplexity="7" minCyclomaticComplexity="7" maxCrapScore="56" minCrapScore="56" visitedClasses="0" numClasses="0" visitedMethods="0" numMethods="1" />
              <MetadataToken>100663804</MetadataToken>
              <Name>System.Int32 Humanizer.Localisation.NumberToWords.PolishNumberToWordsConverter::GetMappingIndex(System.Int32)</Name>
              <FileRef uid="126" />
              <SequencePoints>
                <SequencePoint vc="0" uspid="4000" ordinal="0" offset="0" sl="44" sc="13" el="44" ec="29" bec="2" bev="0" fileid="126" />
                <SequencePoint vc="0" uspid="4001" ordinal="1" offset="4" sl="46" sc="17" el="46" ec="26" bec="0" bev="0" fileid="126" />
                <SequencePoint vc="0" uspid="4002" ordinal="2" offset="6" sl="49" sc="13" el="49" ec="42" bec="3" bev="0" fileid="126" />
                <SequencePoint vc="0" uspid="4003" ordinal="3" offset="14" sl="51" sc="17" el="51" ec="26" bec="0" bev="0" fileid="126" />
                <SequencePoint vc="0" uspid="4004" ordinal="4" offset="16" sl="54" sc="13" el="54" ec="36" bec="0" bev="0" fileid="126" />
                <SequencePoint vc="0" uspid="4005" ordinal="5" offset="20" sl="55" sc="13" el="55" ec="26" bec="2" bev="0" fileid="126" />
                <SequencePoint vc="0" uspid="4006" ordinal="6" offset="23" sl="57" sc="17" el="57" ec="41" bec="0" bev="0" fileid="126" />
                <SequencePoint vc="0" uspid="4007" ordinal="7" offset="28" sl="58" sc="17" el="58" ec="44" bec="3" bev="0" fileid="126" />
                <SequencePoint vc="0" uspid="4008" ordinal="8" offset="36" sl="60" sc="21" el="60" ec="30" bec="0" bev="0" fileid="126" />
                <SequencePoint vc="0" uspid="4009" ordinal="9" offset="38" sl="64" sc="13" el="64" ec="22" bec="0" bev="0" fileid="126" />
              </SequencePoints>
              <BranchPoints>
                <BranchPoint vc="0" uspid="4010" ordinal="0" offset="2" sl="44" path="0" offsetend="4" fileid="126" />
                <BranchPoint vc="0" uspid="4011" ordinal="1" offset="2" sl="44" path="1" offsetend="6" fileid="126" />
                <BranchPoint vc="0" uspid="4012" ordinal="2" offset="8" sl="49" path="0" offsetend="10" fileid="126" />
                <BranchPoint vc="0" uspid="4013" ordinal="3" offset="8" sl="49" path="1" offsetend="16" fileid="126" />
                <BranchPoint vc="0" uspid="4014" ordinal="4" offset="12" sl="49" path="0" offsetend="14" fileid="126" />
                <BranchPoint vc="0" uspid="4015" ordinal="5" offset="12" sl="49" path="1" offsetend="16" fileid="126" />
                <BranchPoint vc="0" uspid="4016" ordinal="6" offset="21" sl="55" path="0" offsetend="23" fileid="126" />
                <BranchPoint vc="0" uspid="4017" ordinal="7" offset="21" sl="55" path="1" offsetend="38" fileid="126" />
                <BranchPoint vc="0" uspid="4018" ordinal="8" offset="30" sl="58" path="0" offsetend="32" fileid="126" />
                <BranchPoint vc="0" uspid="4019" ordinal="9" offset="30" sl="58" path="1" offsetend="38" fileid="126" />
                <BranchPoint vc="0" uspid="4020" ordinal="10" offset="34" sl="58" path="0" offsetend="36" fileid="126" />
                <BranchPoint vc="0" uspid="4021" ordinal="11" offset="34" sl="58" path="1" offsetend="38" fileid="126" />
              </BranchPoints>
              <MethodPoint xsi:type="SequencePoint" vc="0" uspid="4000" ordinal="0" offset="0" sl="44" sc="13" el="44" ec="29" bec="2" bev="0" fileid="126" />
            </Method>
            <Method visited="false" cyclomaticComplexity="12" nPathComplexity="2048" sequenceCoverage="0" branchCoverage="0" crapScore="156" isConstructor="false" isStatic="false" isGetter="false" isSetter="false">
              <Summary numSequencePoints="34" visitedSequencePoints="0" numBranchPoints="23" visitedBranchPoints="0" sequenceCoverage="0" branchCoverage="0" maxCyclomaticComplexity="12" minCyclomaticComplexity="12" maxCrapScore="156" minCrapScore="156" visitedClasses="0" numClasses="0" visitedMethods="0" numMethods="1" />
              <MetadataToken>100663805</MetadataToken>
              <Name>System.String Humanizer.Localisation.NumberToWords.PolishNumberToWordsConverter::Convert(System.Int64)</Name>
              <FileRef uid="126" />
              <SequencePoints>
                <SequencePoint vc="0" uspid="4022" ordinal="0" offset="0" sl="69" sc="13" el="69" ec="66" bec="3" bev="0" fileid="126" />
                <SequencePoint vc="0" uspid="4023" ordinal="1" offset="18" sl="71" sc="17" el="71" ec="53" bec="0" bev="0" fileid="126" />
                <SequencePoint vc="0" uspid="4024" ordinal="2" offset="24" sl="73" sc="13" el="73" ec="37" bec="0" bev="0" fileid="126" />
                <SequencePoint vc="0" uspid="4025" ordinal="3" offset="27" sl="74" sc="13" el="74" ec="29" bec="2" bev="0" fileid="126" />
                <SequencePoint vc="0" uspid="4026" ordinal="4" offset="30" sl="76" sc="17" el="76" ec="31" bec="0" bev="0" fileid="126" />
                <SequencePoint vc="0" uspid="4027" ordinal="5" offset="36" sl="79" sc="13" el="79" ec="44" bec="0" bev="0" fileid="126" />
                <SequencePoint vc="0" uspid="4028" ordinal="6" offset="42" sl="81" sc="13" el="81" ec="28" bec="2" bev="0" fileid="126" />
                <SequencePoint vc="0" uspid="4029" ordinal="7" offset="46" sl="83" sc="17" el="83" ec="36" bec="0" bev="0" fileid="126" />
                <SequencePoint vc="0" uspid="4030" ordinal="8" offset="57" sl="84" sc="17" el="84" ec="34" bec="0" bev="0" fileid="126" />
                <SequencePoint vc="0" uspid="4031" ordinal="9" offset="60" sl="87" sc="13" el="87" ec="48" bec="0" bev="0" fileid="126" />
                <SequencePoint vc="0" uspid="4032" ordinal="10" offset="68" sl="88" sc="13" el="88" ec="30" bec="2" bev="0" fileid="126" />
                <SequencePoint vc="0" uspid="4033" ordinal="11" offset="72" sl="90" sc="17" el="90" ec="34" bec="2" bev="0" fileid="126" />
                <SequencePoint vc="0" uspid="4034" ordinal="12" offset="76" sl="92" sc="21" el="92" ec="64" bec="0" bev="0" fileid="126" />
                <SequencePoint vc="0" uspid="4035" ordinal="13" offset="83" sl="95" sc="17" el="95" ec="72" bec="0" bev="0" fileid="126" />
                <SequencePoint vc="0" uspid="4036" ordinal="14" offset="115" sl="96" sc="17" el="96" ec="59" bec="0" bev="0" fileid="126" />
                <SequencePoint vc="0" uspid="4037" ordinal="15" offset="130" sl="97" sc="17" el="97" ec="38" bec="0" bev="0" fileid="126" />
                <SequencePoint vc="0" uspid="4038" ordinal="16" offset="138" sl="100" sc="13" el="100" ec="44" bec="0" bev="0" fileid="126" />
                <SequencePoint vc="0" uspid="4039" ordinal="17" offset="146" sl="101" sc="13" el="101" ec="29" bec="2" bev="0" fileid="126" />
                <SequencePoint vc="0" uspid="4040" ordinal="18" offset="150" sl="103" sc="17" el="103" ec="33" bec="2" bev="0" fileid="126" />
                <SequencePoint vc="0" uspid="4041" ordinal="19" offset="154" sl="105" sc="21" el="105" ec="63" bec="0" bev="0" fileid="126" />
                <SequencePoint vc="0" uspid="4042" ordinal="20" offset="161" sl="108" sc="17" el="108" ec="69" bec="0" bev="0" fileid="126" />
                <SequencePoint vc="0" uspid="4043" ordinal="21" offset="193" sl="109" sc="17" el="109" ec="58" bec="0" bev="0" fileid="126" />
                <SequencePoint vc="0" uspid="4044" ordinal="22" offset="208" sl="110" sc="17" el="110" ec="35" bec="0" bev="0" fileid="126" />
                <SequencePoint vc="0" uspid="4045" ordinal="23" offset="216" sl="113" sc="13" el="113" ec="43" bec="0" bev="0" fileid="126" />
                <SequencePoint vc="0" uspid="4046" ordinal="24" offset="225" sl="114" sc="13" el="114" ec="31" bec="2" bev="0" fileid="126" />
                <SequencePoint vc="0" uspid="4047" ordinal="25" offset="230" sl="116" sc="17" el="116" ec="35" bec="2" bev="0" fileid="126" />
                <SequencePoint vc="0" uspid="4048" ordinal="26" offset="235" sl="118" sc="21" el="118" ec="65" bec="0" bev="0" fileid="126" />
                <SequencePoint vc="0" uspid="4049" ordinal="27" offset="243" sl="121" sc="17" el="121" ec="73" bec="0" bev="0" fileid="126" />
                <SequencePoint vc="0" uspid="4050" ordinal="28" offset="275" sl="122" sc="17" el="122" ec="65" bec="0" bev="0" fileid="126" />
                <SequencePoint vc="0" uspid="4051" ordinal="29" offset="291" sl="123" sc="17" el="123" ec="32" bec="0" bev="0" fileid="126" />
                <SequencePoint vc="0" uspid="4052" ordinal="30" offset="299" sl="126" sc="13" el="126" ec="36" bec="0" bev="0" fileid="126" />
                <SequencePoint vc="0" uspid="4053" ordinal="31" offset="304" sl="127" sc="13" el="127" ec="27" bec="2" bev="0" fileid="126" />
                <SequencePoint vc="0" uspid="4054" ordinal="32" offset="309" sl="129" sc="17" el="129" ec="57" bec="0" bev="0" fileid="126" />
                <SequencePoint vc="0" uspid="4055" ordinal="33" offset="317" sl="132" sc="13" el="132" ec="44" bec="0" bev="0" fileid="126" />
              </SequencePoints>
              <BranchPoints>
                <BranchPoint vc="0" uspid="4056" ordinal="0" offset="7" sl="69" path="0" offsetend="9" fileid="126" />
                <BranchPoint vc="0" uspid="4057" ordinal="1" offset="7" sl="69" path="1" offsetend="18" fileid="126" />
                <BranchPoint vc="0" uspid="4058" ordinal="2" offset="16" sl="69" path="0" offsetend="18" fileid="126" />
                <BranchPoint vc="0" uspid="4059" ordinal="3" offset="16" sl="69" path="1" offsetend="24" fileid="126" />
                <BranchPoint vc="0" uspid="4060" ordinal="4" offset="28" sl="74" path="0" offsetend="30" fileid="126" />
                <BranchPoint vc="0" uspid="4061" ordinal="5" offset="28" sl="74" path="1" offsetend="36" fileid="126" />
                <BranchPoint vc="0" uspid="4062" ordinal="6" offset="44" sl="81" path="0" offsetend="46" fileid="126" />
                <BranchPoint vc="0" uspid="4063" ordinal="7" offset="44" sl="81" path="1" offsetend="60" fileid="126" />
                <BranchPoint vc="0" uspid="4064" ordinal="8" offset="70" sl="88" path="0" offsetend="72" fileid="126" />
                <BranchPoint vc="0" uspid="4065" ordinal="9" offset="70" sl="88" path="1" offsetend="138" fileid="126" />
                <BranchPoint vc="0" uspid="4066" ordinal="10" offset="74" sl="90" path="0" offsetend="76" fileid="126" />
                <BranchPoint vc="0" uspid="4067" ordinal="11" offset="74" sl="90" path="1" offsetend="83" fileid="126" />
                <BranchPoint vc="0" uspid="4068" ordinal="12" offset="148" sl="101" path="0" offsetend="150" fileid="126" />
                <BranchPoint vc="0" uspid="4069" ordinal="13" offset="148" sl="101" path="1" offsetend="216" fileid="126" />
                <BranchPoint vc="0" uspid="4070" ordinal="14" offset="152" sl="103" path="0" offsetend="154" fileid="126" />
                <BranchPoint vc="0" uspid="4071" ordinal="15" offset="152" sl="103" path="1" offsetend="161" fileid="126" />
                <BranchPoint vc="0" uspid="4072" ordinal="16" offset="228" sl="114" path="0" offsetend="230" fileid="126" />
                <BranchPoint vc="0" uspid="4073" ordinal="17" offset="228" sl="114" path="1" offsetend="299" fileid="126" />
                <BranchPoint vc="0" uspid="4074" ordinal="18" offset="233" sl="116" path="0" offsetend="235" fileid="126" />
                <BranchPoint vc="0" uspid="4075" ordinal="19" offset="233" sl="116" path="1" offsetend="243" fileid="126" />
                <BranchPoint vc="0" uspid="4076" ordinal="20" offset="307" sl="127" path="0" offsetend="309" fileid="126" />
                <BranchPoint vc="0" uspid="4077" ordinal="21" offset="307" sl="127" path="1" offsetend="317" fileid="126" />
              </BranchPoints>
              <MethodPoint xsi:type="SequencePoint" vc="0" uspid="4022" ordinal="0" offset="0" sl="69" sc="13" el="69" ec="66" bec="3" bev="0" fileid="126" />
            </Method>
            <Method visited="false" cyclomaticComplexity="1" nPathComplexity="0" sequenceCoverage="0" branchCoverage="0" crapScore="2" isConstructor="false" isStatic="false" isGetter="false" isSetter="false">
              <Summary numSequencePoints="1" visitedSequencePoints="0" numBranchPoints="1" visitedBranchPoints="0" sequenceCoverage="0" branchCoverage="0" maxCyclomaticComplexity="1" minCyclomaticComplexity="1" maxCrapScore="2" minCrapScore="2" visitedClasses="0" numClasses="0" visitedMethods="0" numMethods="1" />
              <MetadataToken>100663806</MetadataToken>
              <Name>System.String Humanizer.Localisation.NumberToWords.PolishNumberToWordsConverter::ConvertToOrdinal(System.Int32)</Name>
              <FileRef uid="126" />
              <SequencePoints>
                <SequencePoint vc="0" uspid="4078" ordinal="0" offset="0" sl="137" sc="13" el="137" ec="46" bec="0" bev="0" fileid="126" />
              </SequencePoints>
              <BranchPoints />
              <MethodPoint xsi:type="SequencePoint" vc="0" uspid="4078" ordinal="0" offset="0" sl="137" sc="13" el="137" ec="46" bec="0" bev="0" fileid="126" />
            </Method>
            <Method visited="false" cyclomaticComplexity="1" nPathComplexity="0" sequenceCoverage="0" branchCoverage="0" crapScore="2" isConstructor="true" isStatic="true" isGetter="false" isSetter="false">
              <Summary numSequencePoints="3" visitedSequencePoints="0" numBranchPoints="1" visitedBranchPoints="0" sequenceCoverage="0" branchCoverage="0" maxCyclomaticComplexity="1" minCyclomaticComplexity="1" maxCrapScore="2" minCrapScore="2" visitedClasses="0" numClasses="0" visitedMethods="0" numMethods="1" />
              <MetadataToken>100663807</MetadataToken>
              <Name>System.Void Humanizer.Localisation.NumberToWords.PolishNumberToWordsConverter::.cctor()</Name>
              <FileRef uid="126" />
              <SequencePoints>
                <SequencePoint vc="0" uspid="4079" ordinal="0" offset="0" sl="9" sc="9" el="9" ec="173" bec="0" bev="0" fileid="126" />
                <SequencePoint vc="0" uspid="4080" ordinal="1" offset="93" sl="10" sc="9" el="10" ec="209" bec="0" bev="0" fileid="126" />
                <SequencePoint vc="0" uspid="4081" ordinal="2" offset="186" sl="11" sc="9" el="11" ec="291" bec="0" bev="0" fileid="126" />
              </SequencePoints>
              <BranchPoints />
              <MethodPoint xsi:type="SequencePoint" vc="0" uspid="4079" ordinal="0" offset="0" sl="9" sc="9" el="9" ec="173" bec="0" bev="0" fileid="126" />
            </Method>
          </Methods>
        </Class>
        <Class>
          <Summary numSequencePoints="73" visitedSequencePoints="0" numBranchPoints="69" visitedBranchPoints="0" sequenceCoverage="0" branchCoverage="0" maxCyclomaticComplexity="19" minCyclomaticComplexity="1" maxCrapScore="380" minCrapScore="2" visitedClasses="0" numClasses="1" visitedMethods="0" numMethods="5" />
          <FullName>Humanizer.Localisation.NumberToWords.PortugueseNumberToWordsConverter</FullName>
          <Methods>
            <Method visited="false" cyclomaticComplexity="19" nPathComplexity="131072" sequenceCoverage="0" branchCoverage="0" crapScore="380" isConstructor="false" isStatic="false" isGetter="false" isSetter="false">
              <Summary numSequencePoints="34" visitedSequencePoints="0" numBranchPoints="35" visitedBranchPoints="0" sequenceCoverage="0" branchCoverage="0" maxCyclomaticComplexity="19" minCyclomaticComplexity="19" maxCrapScore="380" minCrapScore="380" visitedClasses="0" numClasses="0" visitedMethods="0" numMethods="1" />
              <MetadataToken>100663808</MetadataToken>
              <Name>System.String Humanizer.Localisation.NumberToWords.PortugueseNumberToWordsConverter::Convert(System.Int64,Humanizer.GrammaticalGender)</Name>
              <FileRef uid="127" />
              <SequencePoints>
                <SequencePoint vc="0" uspid="4082" ordinal="0" offset="0" sl="18" sc="13" el="18" ec="63" bec="3" bev="0" fileid="127" />
                <SequencePoint vc="0" uspid="4083" ordinal="1" offset="24" sl="20" sc="17" el="20" ec="53" bec="0" bev="0" fileid="127" />
                <SequencePoint vc="0" uspid="4084" ordinal="2" offset="30" sl="23" sc="13" el="23" ec="32" bec="0" bev="0" fileid="127" />
                <SequencePoint vc="0" uspid="4085" ordinal="3" offset="32" sl="25" sc="13" el="25" ec="29" bec="2" bev="0" fileid="127" />
                <SequencePoint vc="0" uspid="4086" ordinal="4" offset="35" sl="27" sc="17" el="27" ec="31" bec="0" bev="0" fileid="127" />
                <SequencePoint vc="0" uspid="4087" ordinal="5" offset="41" sl="30" sc="13" el="30" ec="28" bec="2" bev="0" fileid="127" />
                <SequencePoint vc="0" uspid="4088" ordinal="6" offset="46" sl="32" sc="17" el="32" ec="86" bec="0" bev="0" fileid="127" />
                <SequencePoint vc="0" uspid="4089" ordinal="7" offset="70" sl="35" sc="13" el="35" ec="44" bec="0" bev="0" fileid="127" />
                <SequencePoint vc="0" uspid="4090" ordinal="8" offset="76" sl="37" sc="13" el="37" ec="43" bec="2" bev="0" fileid="127" />
                <SequencePoint vc="0" uspid="4091" ordinal="9" offset="88" sl="40" sc="17" el="42" ec="87" bec="2" bev="0" fileid="127" />
                <SequencePoint vc="0" uspid="4092" ordinal="10" offset="137" sl="44" sc="17" el="44" ec="38" bec="0" bev="0" fileid="127" />
                <SequencePoint vc="0" uspid="4093" ordinal="11" offset="146" sl="47" sc="13" el="47" ec="40" bec="2" bev="0" fileid="127" />
                <SequencePoint vc="0" uspid="4094" ordinal="12" offset="158" sl="50" sc="17" el="52" ec="108" bec="2" bev="0" fileid="127" />
                <SequencePoint vc="0" uspid="4095" ordinal="13" offset="228" sl="54" sc="17" el="54" ec="35" bec="0" bev="0" fileid="127" />
                <SequencePoint vc="0" uspid="4096" ordinal="14" offset="237" sl="57" sc="13" el="57" ec="37" bec="2" bev="0" fileid="127" />
                <SequencePoint vc="0" uspid="4097" ordinal="15" offset="249" sl="60" sc="17" el="60" ec="135" bec="2" bev="0" fileid="127" />
                <SequencePoint vc="0" uspid="4098" ordinal="16" offset="299" sl="61" sc="17" el="61" ec="32" bec="0" bev="0" fileid="127" />
                <SequencePoint vc="0" uspid="4099" ordinal="17" offset="308" sl="64" sc="13" el="64" ec="36" bec="2" bev="0" fileid="127" />
                <SequencePoint vc="0" uspid="4100" ordinal="18" offset="317" sl="66" sc="17" el="66" ec="35" bec="2" bev="0" fileid="127" />
                <SequencePoint vc="0" uspid="4101" ordinal="19" offset="323" sl="68" sc="21" el="68" ec="66" bec="2" bev="0" fileid="127" />
                <SequencePoint vc="0" uspid="4102" ordinal="20" offset="350" sl="69" sc="17" el="69" ec="18" bec="0" bev="0" fileid="127" />
                <SequencePoint vc="0" uspid="4103" ordinal="21" offset="352" sl="73" sc="21" el="73" ec="91" bec="0" bev="0" fileid="127" />
                <SequencePoint vc="0" uspid="4104" ordinal="22" offset="376" sl="76" sc="17" el="76" ec="31" bec="0" bev="0" fileid="127" />
                <SequencePoint vc="0" uspid="4105" ordinal="23" offset="382" sl="79" sc="13" el="79" ec="28" bec="2" bev="0" fileid="127" />
                <SequencePoint vc="0" uspid="4106" ordinal="24" offset="387" sl="81" sc="17" el="81" ec="38" bec="2" bev="0" fileid="127" />
                <SequencePoint vc="0" uspid="4107" ordinal="25" offset="395" sl="83" sc="21" el="83" ec="36" bec="0" bev="0" fileid="127" />
                <SequencePoint vc="0" uspid="4108" ordinal="26" offset="406" sl="86" sc="17" el="86" ec="33" bec="2" bev="0" fileid="127" />
                <SequencePoint vc="0" uspid="4109" ordinal="27" offset="412" sl="88" sc="21" el="88" ec="80" bec="0" bev="0" fileid="127" />
                <SequencePoint vc="0" uspid="4110" ordinal="28" offset="432" sl="89" sc="17" el="89" ec="18" bec="0" bev="0" fileid="127" />
                <SequencePoint vc="0" uspid="4111" ordinal="29" offset="434" sl="92" sc="21" el="92" ec="67" bec="0" bev="0" fileid="127" />
                <SequencePoint vc="0" uspid="4112" ordinal="30" offset="447" sl="93" sc="21" el="93" ec="43" bec="2" bev="0" fileid="127" />
                <SequencePoint vc="0" uspid="4113" ordinal="31" offset="456" sl="95" sc="25" el="95" ec="115" bec="0" bev="0" fileid="127" />
                <SequencePoint vc="0" uspid="4114" ordinal="32" offset="491" sl="98" sc="21" el="98" ec="41" bec="0" bev="0" fileid="127" />
                <SequencePoint vc="0" uspid="4115" ordinal="33" offset="498" sl="102" sc="13" el="102" ec="54" bec="0" bev="0" fileid="127" />
              </SequencePoints>
              <BranchPoints>
                <BranchPoint vc="0" uspid="4116" ordinal="0" offset="10" sl="18" path="0" offsetend="12" fileid="127" />
                <BranchPoint vc="0" uspid="4117" ordinal="1" offset="10" sl="18" path="1" offsetend="24" fileid="127" />
                <BranchPoint vc="0" uspid="4118" ordinal="2" offset="22" sl="18" path="0" offsetend="24" fileid="127" />
                <BranchPoint vc="0" uspid="4119" ordinal="3" offset="22" sl="18" path="1" offsetend="30" fileid="127" />
                <BranchPoint vc="0" uspid="4120" ordinal="4" offset="33" sl="25" path="0" offsetend="35" fileid="127" />
                <BranchPoint vc="0" uspid="4121" ordinal="5" offset="33" sl="25" path="1" offsetend="41" fileid="127" />
                <BranchPoint vc="0" uspid="4122" ordinal="6" offset="44" sl="30" path="0" offsetend="46" fileid="127" />
                <BranchPoint vc="0" uspid="4123" ordinal="7" offset="44" sl="30" path="1" offsetend="70" fileid="127" />
                <BranchPoint vc="0" uspid="4124" ordinal="8" offset="86" sl="37" path="0" offsetend="88" fileid="127" />
                <BranchPoint vc="0" uspid="4125" ordinal="9" offset="86" sl="37" path="1" offsetend="146" fileid="127" />
                <BranchPoint vc="0" uspid="4126" ordinal="10" offset="99" sl="40" path="0" offsetend="101" fileid="127" />
                <BranchPoint vc="0" uspid="4127" ordinal="11" offset="99" sl="40" path="1" offsetend="127" fileid="127" />
                <BranchPoint vc="0" uspid="4128" ordinal="12" offset="156" sl="47" path="0" offsetend="158" fileid="127" />
                <BranchPoint vc="0" uspid="4129" ordinal="13" offset="156" sl="47" path="1" offsetend="237" fileid="127" />
                <BranchPoint vc="0" uspid="4130" ordinal="14" offset="169" sl="50" path="0" offsetend="171" fileid="127" />
                <BranchPoint vc="0" uspid="4131" ordinal="15" offset="169" sl="50" path="1" offsetend="198" fileid="127" />
                <BranchPoint vc="0" uspid="4132" ordinal="16" offset="247" sl="57" path="0" offsetend="249" fileid="127" />
                <BranchPoint vc="0" uspid="4133" ordinal="17" offset="247" sl="57" path="1" offsetend="308" fileid="127" />
                <BranchPoint vc="0" uspid="4134" ordinal="18" offset="260" sl="60" path="0" offsetend="262" fileid="127" />
                <BranchPoint vc="0" uspid="4135" ordinal="19" offset="260" sl="60" path="1" offsetend="289" fileid="127" />
                <BranchPoint vc="0" uspid="4136" ordinal="20" offset="315" sl="64" path="0" offsetend="317" fileid="127" />
                <BranchPoint vc="0" uspid="4137" ordinal="21" offset="315" sl="64" path="1" offsetend="382" fileid="127" />
                <BranchPoint vc="0" uspid="4138" ordinal="22" offset="321" sl="66" path="0" offsetend="323" fileid="127" />
                <BranchPoint vc="0" uspid="4139" ordinal="23" offset="321" sl="66" path="1" offsetend="352" fileid="127" />
                <BranchPoint vc="0" uspid="4140" ordinal="24" offset="331" sl="68" path="0" offsetend="333" fileid="127" />
                <BranchPoint vc="0" uspid="4141" ordinal="25" offset="331" sl="68" path="1" offsetend="340" fileid="127" />
                <BranchPoint vc="0" uspid="4142" ordinal="26" offset="385" sl="79" path="0" offsetend="387" fileid="127" />
                <BranchPoint vc="0" uspid="4143" ordinal="27" offset="385" sl="79" path="1" offsetend="498" fileid="127" />
                <BranchPoint vc="0" uspid="4144" ordinal="28" offset="393" sl="81" path="0" offsetend="395" fileid="127" />
                <BranchPoint vc="0" uspid="4145" ordinal="29" offset="393" sl="81" path="1" offsetend="406" fileid="127" />
                <BranchPoint vc="0" uspid="4146" ordinal="30" offset="410" sl="86" path="0" offsetend="412" fileid="127" />
                <BranchPoint vc="0" uspid="4147" ordinal="31" offset="410" sl="86" path="1" offsetend="434" fileid="127" />
                <BranchPoint vc="0" uspid="4148" ordinal="32" offset="454" sl="93" path="0" offsetend="456" fileid="127" />
                <BranchPoint vc="0" uspid="4149" ordinal="33" offset="454" sl="93" path="1" offsetend="491" fileid="127" />
              </BranchPoints>
              <MethodPoint xsi:type="SequencePoint" vc="0" uspid="4082" ordinal="0" offset="0" sl="18" sc="13" el="18" ec="63" bec="3" bev="0" fileid="127" />
            </Method>
            <Method visited="false" cyclomaticComplexity="11" nPathComplexity="1024" sequenceCoverage="0" branchCoverage="0" crapScore="132" isConstructor="false" isStatic="false" isGetter="false" isSetter="false">
              <Summary numSequencePoints="21" visitedSequencePoints="0" numBranchPoints="21" visitedBranchPoints="0" sequenceCoverage="0" branchCoverage="0" maxCyclomaticComplexity="11" minCyclomaticComplexity="11" maxCrapScore="132" minCrapScore="132" visitedClasses="0" numClasses="0" visitedMethods="0" numMethods="1" />
              <MetadataToken>100663809</MetadataToken>
              <Name>System.String Humanizer.Localisation.NumberToWords.PortugueseNumberToWordsConverter::ConvertToOrdinal(System.Int32,Humanizer.GrammaticalGender)</Name>
              <FileRef uid="127" />
              <SequencePoints>
                <SequencePoint vc="0" uspid="4150" ordinal="0" offset="0" sl="108" sc="13" el="108" ec="29" bec="2" bev="0" fileid="127" />
                <SequencePoint vc="0" uspid="4151" ordinal="1" offset="3" sl="110" sc="17" el="110" ec="31" bec="0" bev="0" fileid="127" />
                <SequencePoint vc="0" uspid="4152" ordinal="2" offset="9" sl="113" sc="13" el="113" ec="44" bec="0" bev="0" fileid="127" />
                <SequencePoint vc="0" uspid="4153" ordinal="3" offset="15" sl="115" sc="13" el="115" ec="43" bec="2" bev="0" fileid="127" />
                <SequencePoint vc="0" uspid="4154" ordinal="4" offset="25" sl="117" sc="17" el="119" ec="166" bec="2" bev="0" fileid="127" />
                <SequencePoint vc="0" uspid="4155" ordinal="5" offset="121" sl="121" sc="17" el="121" ec="38" bec="0" bev="0" fileid="127" />
                <SequencePoint vc="0" uspid="4156" ordinal="6" offset="130" sl="124" sc="13" el="124" ec="40" bec="2" bev="0" fileid="127" />
                <SequencePoint vc="0" uspid="4157" ordinal="7" offset="140" sl="126" sc="17" el="128" ec="137" bec="2" bev="0" fileid="127" />
                <SequencePoint vc="0" uspid="4158" ordinal="8" offset="209" sl="130" sc="17" el="130" ec="35" bec="0" bev="0" fileid="127" />
                <SequencePoint vc="0" uspid="4159" ordinal="9" offset="218" sl="133" sc="13" el="133" ec="37" bec="2" bev="0" fileid="127" />
                <SequencePoint vc="0" uspid="4160" ordinal="10" offset="228" sl="135" sc="17" el="137" ec="128" bec="2" bev="0" fileid="127" />
                <SequencePoint vc="0" uspid="4161" ordinal="11" offset="297" sl="139" sc="17" el="139" ec="32" bec="0" bev="0" fileid="127" />
                <SequencePoint vc="0" uspid="4162" ordinal="12" offset="306" sl="142" sc="13" el="142" ec="36" bec="2" bev="0" fileid="127" />
                <SequencePoint vc="0" uspid="4163" ordinal="13" offset="313" sl="144" sc="17" el="144" ec="99" bec="0" bev="0" fileid="127" />
                <SequencePoint vc="0" uspid="4164" ordinal="14" offset="335" sl="145" sc="17" el="145" ec="31" bec="0" bev="0" fileid="127" />
                <SequencePoint vc="0" uspid="4165" ordinal="15" offset="341" sl="148" sc="13" el="148" ec="35" bec="2" bev="0" fileid="127" />
                <SequencePoint vc="0" uspid="4166" ordinal="16" offset="348" sl="150" sc="17" el="150" ec="94" bec="0" bev="0" fileid="127" />
                <SequencePoint vc="0" uspid="4167" ordinal="17" offset="370" sl="151" sc="17" el="151" ec="30" bec="0" bev="0" fileid="127" />
                <SequencePoint vc="0" uspid="4168" ordinal="18" offset="376" sl="154" sc="13" el="154" ec="28" bec="2" bev="0" fileid="127" />
                <SequencePoint vc="0" uspid="4169" ordinal="19" offset="380" sl="156" sc="17" el="156" ec="90" bec="0" bev="0" fileid="127" />
                <SequencePoint vc="0" uspid="4170" ordinal="20" offset="399" sl="159" sc="13" el="159" ec="54" bec="0" bev="0" fileid="127" />
              </SequencePoints>
              <BranchPoints>
                <BranchPoint vc="0" uspid="4171" ordinal="0" offset="1" sl="108" path="0" offsetend="3" fileid="127" />
                <BranchPoint vc="0" uspid="4172" ordinal="1" offset="1" sl="108" path="1" offsetend="9" fileid="127" />
                <BranchPoint vc="0" uspid="4173" ordinal="2" offset="23" sl="115" path="0" offsetend="25" fileid="127" />
                <BranchPoint vc="0" uspid="4174" ordinal="3" offset="23" sl="115" path="1" offsetend="130" fileid="127" />
                <BranchPoint vc="0" uspid="4175" ordinal="4" offset="34" sl="117" path="0" offsetend="36" fileid="127" />
                <BranchPoint vc="0" uspid="4176" ordinal="5" offset="34" sl="117" path="1" offsetend="84" fileid="127" />
                <BranchPoint vc="0" uspid="4177" ordinal="6" offset="138" sl="124" path="0" offsetend="140" fileid="127" />
                <BranchPoint vc="0" uspid="4178" ordinal="7" offset="138" sl="124" path="1" offsetend="218" fileid="127" />
                <BranchPoint vc="0" uspid="4179" ordinal="8" offset="149" sl="126" path="0" offsetend="151" fileid="127" />
                <BranchPoint vc="0" uspid="4180" ordinal="9" offset="149" sl="126" path="1" offsetend="193" fileid="127" />
                <BranchPoint vc="0" uspid="4181" ordinal="10" offset="226" sl="133" path="0" offsetend="228" fileid="127" />
                <BranchPoint vc="0" uspid="4182" ordinal="11" offset="226" sl="133" path="1" offsetend="306" fileid="127" />
                <BranchPoint vc="0" uspid="4183" ordinal="12" offset="237" sl="135" path="0" offsetend="239" fileid="127" />
                <BranchPoint vc="0" uspid="4184" ordinal="13" offset="237" sl="135" path="1" offsetend="281" fileid="127" />
                <BranchPoint vc="0" uspid="4185" ordinal="14" offset="311" sl="142" path="0" offsetend="313" fileid="127" />
                <BranchPoint vc="0" uspid="4186" ordinal="15" offset="311" sl="142" path="1" offsetend="341" fileid="127" />
                <BranchPoint vc="0" uspid="4187" ordinal="16" offset="346" sl="148" path="0" offsetend="348" fileid="127" />
                <BranchPoint vc="0" uspid="4188" ordinal="17" offset="346" sl="148" path="1" offsetend="376" fileid="127" />
                <BranchPoint vc="0" uspid="4189" ordinal="18" offset="378" sl="154" path="0" offsetend="380" fileid="127" />
                <BranchPoint vc="0" uspid="4190" ordinal="19" offset="378" sl="154" path="1" offsetend="399" fileid="127" />
              </BranchPoints>
              <MethodPoint xsi:type="SequencePoint" vc="0" uspid="4150" ordinal="0" offset="0" sl="108" sc="13" el="108" ec="29" bec="2" bev="0" fileid="127" />
            </Method>
            <Method visited="false" cyclomaticComplexity="5" nPathComplexity="16" sequenceCoverage="0" branchCoverage="0" crapScore="30" isConstructor="false" isStatic="true" isGetter="false" isSetter="false">
              <Summary numSequencePoints="9" visitedSequencePoints="0" numBranchPoints="9" visitedBranchPoints="0" sequenceCoverage="0" branchCoverage="0" maxCyclomaticComplexity="5" minCyclomaticComplexity="5" maxCrapScore="30" minCrapScore="30" visitedClasses="0" numClasses="0" visitedMethods="0" numMethods="1" />
              <MetadataToken>100663810</MetadataToken>
              <Name>System.String Humanizer.Localisation.NumberToWords.PortugueseNumberToWordsConverter::ApplyGender(System.String,Humanizer.GrammaticalGender)</Name>
              <FileRef uid="127" />
              <SequencePoints>
                <SequencePoint vc="0" uspid="4191" ordinal="0" offset="0" sl="164" sc="13" el="164" ec="54" bec="2" bev="0" fileid="127" />
                <SequencePoint vc="0" uspid="4192" ordinal="1" offset="4" sl="166" sc="17" el="166" ec="32" bec="0" bev="0" fileid="127" />
                <SequencePoint vc="0" uspid="4193" ordinal="2" offset="6" sl="169" sc="13" el="169" ec="40" bec="2" bev="0" fileid="127" />
                <SequencePoint vc="0" uspid="4194" ordinal="3" offset="19" sl="171" sc="17" el="171" ec="72" bec="0" bev="0" fileid="127" />
                <SequencePoint vc="0" uspid="4195" ordinal="4" offset="45" sl="174" sc="13" el="174" ec="40" bec="2" bev="0" fileid="127" />
                <SequencePoint vc="0" uspid="4196" ordinal="5" offset="58" sl="176" sc="17" el="176" ec="73" bec="0" bev="0" fileid="127" />
                <SequencePoint vc="0" uspid="4197" ordinal="6" offset="84" sl="179" sc="13" el="179" ec="42" bec="2" bev="0" fileid="127" />
                <SequencePoint vc="0" uspid="4198" ordinal="7" offset="97" sl="181" sc="17" el="181" ec="74" bec="0" bev="0" fileid="127" />
                <SequencePoint vc="0" uspid="4199" ordinal="8" offset="123" sl="184" sc="13" el="184" ec="28" bec="0" bev="0" fileid="127" />
              </SequencePoints>
              <BranchPoints>
                <BranchPoint vc="0" uspid="4200" ordinal="0" offset="2" sl="164" path="0" offsetend="4" fileid="127" />
                <BranchPoint vc="0" uspid="4201" ordinal="1" offset="2" sl="164" path="1" offsetend="6" fileid="127" />
                <BranchPoint vc="0" uspid="4202" ordinal="2" offset="17" sl="169" path="0" offsetend="19" fileid="127" />
                <BranchPoint vc="0" uspid="4203" ordinal="3" offset="17" sl="169" path="1" offsetend="45" fileid="127" />
                <BranchPoint vc="0" uspid="4204" ordinal="4" offset="56" sl="174" path="0" offsetend="58" fileid="127" />
                <BranchPoint vc="0" uspid="4205" ordinal="5" offset="56" sl="174" path="1" offsetend="84" fileid="127" />
                <BranchPoint vc="0" uspid="4206" ordinal="6" offset="95" sl="179" path="0" offsetend="97" fileid="127" />
                <BranchPoint vc="0" uspid="4207" ordinal="7" offset="95" sl="179" path="1" offsetend="123" fileid="127" />
              </BranchPoints>
              <MethodPoint xsi:type="SequencePoint" vc="0" uspid="4191" ordinal="0" offset="0" sl="164" sc="13" el="164" ec="54" bec="2" bev="0" fileid="127" />
            </Method>
            <Method visited="false" cyclomaticComplexity="2" nPathComplexity="2" sequenceCoverage="0" branchCoverage="0" crapScore="6" isConstructor="false" isStatic="true" isGetter="false" isSetter="false">
              <Summary numSequencePoints="3" visitedSequencePoints="0" numBranchPoints="3" visitedBranchPoints="0" sequenceCoverage="0" branchCoverage="0" maxCyclomaticComplexity="2" minCyclomaticComplexity="2" maxCrapScore="6" minCrapScore="6" visitedClasses="0" numClasses="0" visitedMethods="0" numMethods="1" />
              <MetadataToken>100663811</MetadataToken>
              <Name>System.String Humanizer.Localisation.NumberToWords.PortugueseNumberToWordsConverter::ApplyOrdinalGender(System.String,Humanizer.GrammaticalGender)</Name>
              <FileRef uid="127" />
              <SequencePoints>
                <SequencePoint vc="0" uspid="4208" ordinal="0" offset="0" sl="189" sc="13" el="189" ec="54" bec="2" bev="0" fileid="127" />
                <SequencePoint vc="0" uspid="4209" ordinal="1" offset="4" sl="191" sc="17" el="191" ec="51" bec="0" bev="0" fileid="127" />
                <SequencePoint vc="0" uspid="4210" ordinal="2" offset="32" sl="194" sc="13" el="194" ec="28" bec="0" bev="0" fileid="127" />
              </SequencePoints>
              <BranchPoints>
                <BranchPoint vc="0" uspid="4211" ordinal="0" offset="2" sl="189" path="0" offsetend="4" fileid="127" />
                <BranchPoint vc="0" uspid="4212" ordinal="1" offset="2" sl="189" path="1" offsetend="32" fileid="127" />
              </BranchPoints>
              <MethodPoint xsi:type="SequencePoint" vc="0" uspid="4208" ordinal="0" offset="0" sl="189" sc="13" el="189" ec="54" bec="2" bev="0" fileid="127" />
            </Method>
            <Method visited="false" cyclomaticComplexity="1" nPathComplexity="0" sequenceCoverage="0" branchCoverage="0" crapScore="2" isConstructor="true" isStatic="false" isGetter="false" isSetter="false">
              <Summary numSequencePoints="0" visitedSequencePoints="0" numBranchPoints="0" visitedBranchPoints="0" sequenceCoverage="0" branchCoverage="0" maxCyclomaticComplexity="1" minCyclomaticComplexity="1" maxCrapScore="2" minCrapScore="2" visitedClasses="0" numClasses="0" visitedMethods="0" numMethods="0" />
              <MetadataToken>100663812</MetadataToken>
              <Name>System.Void Humanizer.Localisation.NumberToWords.PortugueseNumberToWordsConverter::.ctor()</Name>
              <SequencePoints />
              <BranchPoints />
              <MethodPoint vc="0" uspid="4213" ordinal="0" offset="0" />
            </Method>
            <Method visited="false" cyclomaticComplexity="1" nPathComplexity="0" sequenceCoverage="0" branchCoverage="0" crapScore="2" isConstructor="true" isStatic="true" isGetter="false" isSetter="false">
              <Summary numSequencePoints="6" visitedSequencePoints="0" numBranchPoints="1" visitedBranchPoints="0" sequenceCoverage="0" branchCoverage="0" maxCyclomaticComplexity="1" minCyclomaticComplexity="1" maxCrapScore="2" minCrapScore="2" visitedClasses="0" numClasses="0" visitedMethods="0" numMethods="1" />
              <MetadataToken>100663813</MetadataToken>
              <Name>System.Void Humanizer.Localisation.NumberToWords.PortugueseNumberToWordsConverter::.cctor()</Name>
              <FileRef uid="127" />
              <SequencePoints>
                <SequencePoint vc="0" uspid="4214" ordinal="0" offset="0" sl="8" sc="9" el="8" ec="250" bec="0" bev="0" fileid="127" />
                <SequencePoint vc="0" uspid="4215" ordinal="1" offset="183" sl="9" sc="9" el="9" ec="169" bec="0" bev="0" fileid="127" />
                <SequencePoint vc="0" uspid="4216" ordinal="2" offset="276" sl="10" sc="9" el="10" ec="197" bec="0" bev="0" fileid="127" />
                <SequencePoint vc="0" uspid="4217" ordinal="3" offset="369" sl="12" sc="9" el="12" ec="173" bec="0" bev="0" fileid="127" />
                <SequencePoint vc="0" uspid="4218" ordinal="4" offset="462" sl="13" sc="9" el="13" ec="206" bec="0" bev="0" fileid="127" />
                <SequencePoint vc="0" uspid="4219" ordinal="5" offset="555" sl="14" sc="9" el="14" ec="236" bec="0" bev="0" fileid="127" />
              </SequencePoints>
              <BranchPoints />
              <MethodPoint xsi:type="SequencePoint" vc="0" uspid="4214" ordinal="0" offset="0" sl="8" sc="9" el="8" ec="250" bec="0" bev="0" fileid="127" />
            </Method>
          </Methods>
        </Class>
        <Class>
          <Summary numSequencePoints="6" visitedSequencePoints="0" numBranchPoints="6" visitedBranchPoints="0" sequenceCoverage="0" branchCoverage="0" maxCyclomaticComplexity="3" minCyclomaticComplexity="1" maxCrapScore="12" minCrapScore="2" visitedClasses="0" numClasses="1" visitedMethods="0" numMethods="2" />
          <FullName>Humanizer.Localisation.NumberToWords.RomanianNumberToWordsConverter</FullName>
          <Methods>
            <Method visited="false" cyclomaticComplexity="3" nPathComplexity="4" sequenceCoverage="0" branchCoverage="0" crapScore="12" isConstructor="false" isStatic="false" isGetter="false" isSetter="false">
              <Summary numSequencePoints="4" visitedSequencePoints="0" numBranchPoints="5" visitedBranchPoints="0" sequenceCoverage="0" branchCoverage="0" maxCyclomaticComplexity="3" minCyclomaticComplexity="3" maxCrapScore="12" minCrapScore="12" visitedClasses="0" numClasses="0" visitedMethods="0" numMethods="1" />
              <MetadataToken>100663814</MetadataToken>
              <Name>System.String Humanizer.Localisation.NumberToWords.RomanianNumberToWordsConverter::Convert(System.Int64,Humanizer.GrammaticalGender)</Name>
              <FileRef uid="128" />
              <SequencePoints>
                <SequencePoint vc="0" uspid="4220" ordinal="0" offset="0" sl="10" sc="13" el="10" ec="68" bec="3" bev="0" fileid="128" />
                <SequencePoint vc="0" uspid="4221" ordinal="1" offset="18" sl="12" sc="17" el="12" ec="53" bec="0" bev="0" fileid="128" />
                <SequencePoint vc="0" uspid="4222" ordinal="2" offset="24" sl="14" sc="13" el="14" ec="67" bec="0" bev="0" fileid="128" />
                <SequencePoint vc="0" uspid="4223" ordinal="3" offset="29" sl="15" sc="13" el="15" ec="59" bec="0" bev="0" fileid="128" />
              </SequencePoints>
              <BranchPoints>
                <BranchPoint vc="0" uspid="4224" ordinal="0" offset="7" sl="10" path="0" offsetend="9" fileid="128" />
                <BranchPoint vc="0" uspid="4225" ordinal="1" offset="7" sl="10" path="1" offsetend="18" fileid="128" />
                <BranchPoint vc="0" uspid="4226" ordinal="2" offset="16" sl="10" path="0" offsetend="18" fileid="128" />
                <BranchPoint vc="0" uspid="4227" ordinal="3" offset="16" sl="10" path="1" offsetend="24" fileid="128" />
              </BranchPoints>
              <MethodPoint xsi:type="SequencePoint" vc="0" uspid="4220" ordinal="0" offset="0" sl="10" sc="13" el="10" ec="68" bec="3" bev="0" fileid="128" />
            </Method>
            <Method visited="false" cyclomaticComplexity="1" nPathComplexity="0" sequenceCoverage="0" branchCoverage="0" crapScore="2" isConstructor="false" isStatic="false" isGetter="false" isSetter="false">
              <Summary numSequencePoints="2" visitedSequencePoints="0" numBranchPoints="1" visitedBranchPoints="0" sequenceCoverage="0" branchCoverage="0" maxCyclomaticComplexity="1" minCyclomaticComplexity="1" maxCrapScore="2" minCrapScore="2" visitedClasses="0" numClasses="0" visitedMethods="0" numMethods="1" />
              <MetadataToken>100663815</MetadataToken>
              <Name>System.String Humanizer.Localisation.NumberToWords.RomanianNumberToWordsConverter::ConvertToOrdinal(System.Int32,Humanizer.GrammaticalGender)</Name>
              <FileRef uid="128" />
              <SequencePoints>
                <SequencePoint vc="0" uspid="4228" ordinal="0" offset="0" sl="20" sc="13" el="20" ec="66" bec="0" bev="0" fileid="128" />
                <SequencePoint vc="0" uspid="4229" ordinal="1" offset="5" sl="21" sc="13" el="21" ec="54" bec="0" bev="0" fileid="128" />
              </SequencePoints>
              <BranchPoints />
              <MethodPoint xsi:type="SequencePoint" vc="0" uspid="4228" ordinal="0" offset="0" sl="20" sc="13" el="20" ec="66" bec="0" bev="0" fileid="128" />
            </Method>
            <Method visited="false" cyclomaticComplexity="1" nPathComplexity="0" sequenceCoverage="0" branchCoverage="0" crapScore="2" isConstructor="true" isStatic="false" isGetter="false" isSetter="false">
              <Summary numSequencePoints="0" visitedSequencePoints="0" numBranchPoints="0" visitedBranchPoints="0" sequenceCoverage="0" branchCoverage="0" maxCyclomaticComplexity="1" minCyclomaticComplexity="1" maxCrapScore="2" minCrapScore="2" visitedClasses="0" numClasses="0" visitedMethods="0" numMethods="0" />
              <MetadataToken>100663816</MetadataToken>
              <Name>System.Void Humanizer.Localisation.NumberToWords.RomanianNumberToWordsConverter::.ctor()</Name>
              <SequencePoints />
              <BranchPoints />
              <MethodPoint vc="0" uspid="4230" ordinal="0" offset="0" />
            </Method>
          </Methods>
        </Class>
        <Class>
          <Summary numSequencePoints="124" visitedSequencePoints="0" numBranchPoints="90" visitedBranchPoints="0" sequenceCoverage="0" branchCoverage="0" maxCyclomaticComplexity="14" minCyclomaticComplexity="1" maxCrapScore="210" minCrapScore="2" visitedClasses="0" numClasses="1" visitedMethods="0" numMethods="10" />
          <FullName>Humanizer.Localisation.NumberToWords.RussianNumberToWordsConverter</FullName>
          <Methods>
            <Method visited="false" cyclomaticComplexity="4" nPathComplexity="8" sequenceCoverage="0" branchCoverage="0" crapScore="20" isConstructor="false" isStatic="false" isGetter="false" isSetter="false">
              <Summary numSequencePoints="14" visitedSequencePoints="0" numBranchPoints="7" visitedBranchPoints="0" sequenceCoverage="0" branchCoverage="0" maxCyclomaticComplexity="4" minCyclomaticComplexity="4" maxCrapScore="20" minCrapScore="20" visitedClasses="0" numClasses="0" visitedMethods="0" numMethods="1" />
              <MetadataToken>100663817</MetadataToken>
              <Name>System.String Humanizer.Localisation.NumberToWords.RussianNumberToWordsConverter::Convert(System.Int64,Humanizer.GrammaticalGender)</Name>
              <FileRef uid="129" />
              <SequencePoints>
                <SequencePoint vc="0" uspid="4231" ordinal="0" offset="0" sl="19" sc="13" el="19" ec="28" bec="2" bev="0" fileid="129" />
                <SequencePoint vc="0" uspid="4232" ordinal="1" offset="3" sl="21" sc="17" el="21" ec="31" bec="0" bev="0" fileid="129" />
                <SequencePoint vc="0" uspid="4233" ordinal="2" offset="9" sl="24" sc="13" el="24" ec="44" bec="0" bev="0" fileid="129" />
                <SequencePoint vc="0" uspid="4234" ordinal="3" offset="15" sl="26" sc="13" el="26" ec="27" bec="2" bev="0" fileid="129" />
                <SequencePoint vc="0" uspid="4235" ordinal="4" offset="20" sl="28" sc="17" el="28" ec="36" bec="0" bev="0" fileid="129" />
                <SequencePoint vc="0" uspid="4236" ordinal="5" offset="31" sl="31" sc="13" el="31" ec="142" bec="0" bev="0" fileid="129" />
                <SequencePoint vc="0" uspid="4237" ordinal="6" offset="79" sl="32" sc="13" el="32" ec="139" bec="0" bev="0" fileid="129" />
                <SequencePoint vc="0" uspid="4238" ordinal="7" offset="127" sl="33" sc="13" el="33" ec="127" bec="0" bev="0" fileid="129" />
                <SequencePoint vc="0" uspid="4239" ordinal="8" offset="175" sl="34" sc="13" el="34" ec="124" bec="0" bev="0" fileid="129" />
                <SequencePoint vc="0" uspid="4240" ordinal="9" offset="220" sl="35" sc="13" el="35" ec="118" bec="0" bev="0" fileid="129" />
                <SequencePoint vc="0" uspid="4241" ordinal="10" offset="265" sl="36" sc="13" el="36" ec="107" bec="0" bev="0" fileid="129" />
                <SequencePoint vc="0" uspid="4242" ordinal="11" offset="310" sl="38" sc="13" el="38" ec="27" bec="2" bev="0" fileid="129" />
                <SequencePoint vc="0" uspid="4243" ordinal="12" offset="315" sl="40" sc="17" el="40" ec="68" bec="0" bev="0" fileid="129" />
                <SequencePoint vc="0" uspid="4244" ordinal="13" offset="323" sl="43" sc="13" el="43" ec="44" bec="0" bev="0" fileid="129" />
              </SequencePoints>
              <BranchPoints>
                <BranchPoint vc="0" uspid="4245" ordinal="0" offset="1" sl="19" path="0" offsetend="3" fileid="129" />
                <BranchPoint vc="0" uspid="4246" ordinal="1" offset="1" sl="19" path="1" offsetend="9" fileid="129" />
                <BranchPoint vc="0" uspid="4247" ordinal="2" offset="18" sl="26" path="0" offsetend="20" fileid="129" />
                <BranchPoint vc="0" uspid="4248" ordinal="3" offset="18" sl="26" path="1" offsetend="31" fileid="129" />
                <BranchPoint vc="0" uspid="4249" ordinal="4" offset="313" sl="38" path="0" offsetend="315" fileid="129" />
                <BranchPoint vc="0" uspid="4250" ordinal="5" offset="313" sl="38" path="1" offsetend="323" fileid="129" />
              </BranchPoints>
              <MethodPoint xsi:type="SequencePoint" vc="0" uspid="4231" ordinal="0" offset="0" sl="19" sc="13" el="19" ec="28" bec="2" bev="0" fileid="129" />
            </Method>
            <Method visited="false" cyclomaticComplexity="8" nPathComplexity="128" sequenceCoverage="0" branchCoverage="0" crapScore="72" isConstructor="false" isStatic="false" isGetter="false" isSetter="false">
              <Summary numSequencePoints="29" visitedSequencePoints="0" numBranchPoints="15" visitedBranchPoints="0" sequenceCoverage="0" branchCoverage="0" maxCyclomaticComplexity="8" minCyclomaticComplexity="8" maxCrapScore="72" minCrapScore="72" visitedClasses="0" numClasses="0" visitedMethods="0" numMethods="1" />
              <MetadataToken>100663818</MetadataToken>
              <Name>System.String Humanizer.Localisation.NumberToWords.RussianNumberToWordsConverter::ConvertToOrdinal(System.Int32,Humanizer.GrammaticalGender)</Name>
              <FileRef uid="129" />
              <SequencePoints>
                <SequencePoint vc="0" uspid="4251" ordinal="0" offset="0" sl="48" sc="13" el="48" ec="28" bec="2" bev="0" fileid="129" />
                <SequencePoint vc="0" uspid="4252" ordinal="1" offset="3" sl="50" sc="17" el="50" ec="68" bec="0" bev="0" fileid="129" />
                <SequencePoint vc="0" uspid="4253" ordinal="2" offset="22" sl="53" sc="13" el="53" ec="44" bec="0" bev="0" fileid="129" />
                <SequencePoint vc="0" uspid="4254" ordinal="3" offset="28" sl="55" sc="13" el="55" ec="27" bec="2" bev="0" fileid="129" />
                <SequencePoint vc="0" uspid="4255" ordinal="4" offset="32" sl="57" sc="17" el="57" ec="36" bec="0" bev="0" fileid="129" />
                <SequencePoint vc="0" uspid="4256" ordinal="5" offset="43" sl="58" sc="17" el="58" ec="32" bec="0" bev="0" fileid="129" />
                <SequencePoint vc="0" uspid="4257" ordinal="6" offset="47" sl="61" sc="13" el="61" ec="38" bec="0" bev="0" fileid="129" />
                <SequencePoint vc="0" uspid="4258" ordinal="7" offset="50" sl="62" sc="13" el="62" ec="182" bec="0" bev="0" fileid="129" />
                <SequencePoint vc="0" uspid="4259" ordinal="8" offset="111" sl="63" sc="13" el="63" ec="175" bec="0" bev="0" fileid="129" />
                <SequencePoint vc="0" uspid="4260" ordinal="9" offset="172" sl="64" sc="13" el="64" ec="162" bec="0" bev="0" fileid="129" />
                <SequencePoint vc="0" uspid="4261" ordinal="10" offset="233" sl="66" sc="13" el="66" ec="31" bec="2" bev="0" fileid="129" />
                <SequencePoint vc="0" uspid="4262" ordinal="11" offset="239" sl="68" sc="17" el="68" ec="65" bec="0" bev="0" fileid="129" />
                <SequencePoint vc="0" uspid="4263" ordinal="12" offset="247" sl="69" sc="17" el="69" ec="45" bec="0" bev="0" fileid="129" />
                <SequencePoint vc="0" uspid="4264" ordinal="13" offset="253" sl="70" sc="17" el="70" ec="31" bec="0" bev="0" fileid="129" />
                <SequencePoint vc="0" uspid="4265" ordinal="14" offset="259" sl="71" sc="17" el="71" ec="33" bec="2" bev="0" fileid="129" />
                <SequencePoint vc="0" uspid="4266" ordinal="15" offset="262" sl="73" sc="21" el="73" ec="80" bec="0" bev="0" fileid="129" />
                <SequencePoint vc="0" uspid="4267" ordinal="16" offset="287" sl="74" sc="17" el="74" ec="18" bec="0" bev="0" fileid="129" />
                <SequencePoint vc="0" uspid="4268" ordinal="17" offset="289" sl="77" sc="21" el="77" ec="54" bec="0" bev="0" fileid="129" />
                <SequencePoint vc="0" uspid="4269" ordinal="18" offset="303" sl="81" sc="13" el="81" ec="30" bec="2" bev="0" fileid="129" />
                <SequencePoint vc="0" uspid="4270" ordinal="19" offset="309" sl="83" sc="17" el="83" ec="65" bec="0" bev="0" fileid="129" />
                <SequencePoint vc="0" uspid="4271" ordinal="20" offset="318" sl="84" sc="17" el="84" ec="40" bec="0" bev="0" fileid="129" />
                <SequencePoint vc="0" uspid="4272" ordinal="21" offset="325" sl="85" sc="17" el="85" ec="30" bec="0" bev="0" fileid="129" />
                <SequencePoint vc="0" uspid="4273" ordinal="22" offset="331" sl="86" sc="17" el="86" ec="33" bec="2" bev="0" fileid="129" />
                <SequencePoint vc="0" uspid="4274" ordinal="23" offset="334" sl="88" sc="21" el="88" ec="59" bec="0" bev="0" fileid="129" />
                <SequencePoint vc="0" uspid="4275" ordinal="24" offset="356" sl="89" sc="17" el="89" ec="18" bec="0" bev="0" fileid="129" />
                <SequencePoint vc="0" uspid="4276" ordinal="25" offset="358" sl="92" sc="21" el="92" ec="46" bec="0" bev="0" fileid="129" />
                <SequencePoint vc="0" uspid="4277" ordinal="26" offset="373" sl="96" sc="13" el="96" ec="28" bec="2" bev="0" fileid="129" />
                <SequencePoint vc="0" uspid="4278" ordinal="27" offset="378" sl="98" sc="17" el="98" ec="86" bec="0" bev="0" fileid="129" />
                <SequencePoint vc="0" uspid="4279" ordinal="28" offset="404" sl="101" sc="13" el="101" ec="44" bec="0" bev="0" fileid="129" />
              </SequencePoints>
              <BranchPoints>
                <BranchPoint vc="0" uspid="4280" ordinal="0" offset="1" sl="48" path="0" offsetend="3" fileid="129" />
                <BranchPoint vc="0" uspid="4281" ordinal="1" offset="1" sl="48" path="1" offsetend="22" fileid="129" />
                <BranchPoint vc="0" uspid="4282" ordinal="2" offset="30" sl="55" path="0" offsetend="32" fileid="129" />
                <BranchPoint vc="0" uspid="4283" ordinal="3" offset="30" sl="55" path="1" offsetend="47" fileid="129" />
                <BranchPoint vc="0" uspid="4284" ordinal="4" offset="237" sl="66" path="0" offsetend="239" fileid="129" />
                <BranchPoint vc="0" uspid="4285" ordinal="5" offset="237" sl="66" path="1" offsetend="303" fileid="129" />
                <BranchPoint vc="0" uspid="4286" ordinal="6" offset="260" sl="71" path="0" offsetend="262" fileid="129" />
                <BranchPoint vc="0" uspid="4287" ordinal="7" offset="260" sl="71" path="1" offsetend="289" fileid="129" />
                <BranchPoint vc="0" uspid="4288" ordinal="8" offset="307" sl="81" path="0" offsetend="309" fileid="129" />
                <BranchPoint vc="0" uspid="4289" ordinal="9" offset="307" sl="81" path="1" offsetend="373" fileid="129" />
                <BranchPoint vc="0" uspid="4290" ordinal="10" offset="332" sl="86" path="0" offsetend="334" fileid="129" />
                <BranchPoint vc="0" uspid="4291" ordinal="11" offset="332" sl="86" path="1" offsetend="358" fileid="129" />
                <BranchPoint vc="0" uspid="4292" ordinal="12" offset="376" sl="96" path="0" offsetend="378" fileid="129" />
                <BranchPoint vc="0" uspid="4293" ordinal="13" offset="376" sl="96" path="1" offsetend="404" fileid="129" />
              </BranchPoints>
              <MethodPoint xsi:type="SequencePoint" vc="0" uspid="4251" ordinal="0" offset="0" sl="48" sc="13" el="48" ec="28" bec="2" bev="0" fileid="129" />
            </Method>
            <Method visited="false" cyclomaticComplexity="11" nPathComplexity="1024" sequenceCoverage="0" branchCoverage="0" crapScore="132" isConstructor="false" isStatic="true" isGetter="false" isSetter="false">
              <Summary numSequencePoints="21" visitedSequencePoints="0" numBranchPoints="21" visitedBranchPoints="0" sequenceCoverage="0" branchCoverage="0" maxCyclomaticComplexity="11" minCyclomaticComplexity="11" maxCrapScore="132" minCrapScore="132" visitedClasses="0" numClasses="0" visitedMethods="0" numMethods="1" />
              <MetadataToken>100663819</MetadataToken>
              <Name>System.Void Humanizer.Localisation.NumberToWords.RussianNumberToWordsConverter::CollectPartsUnderOneThousand(System.Collections.Generic.ICollection`1&lt;System.String&gt;,System.Int64,Humanizer.GrammaticalGender)</Name>
              <FileRef uid="129" />
              <SequencePoints>
                <SequencePoint vc="0" uspid="4294" ordinal="0" offset="0" sl="106" sc="13" el="106" ec="31" bec="2" bev="0" fileid="129" />
                <SequencePoint vc="0" uspid="4295" ordinal="1" offset="6" sl="108" sc="17" el="108" ec="45" bec="0" bev="0" fileid="129" />
                <SequencePoint vc="0" uspid="4296" ordinal="2" offset="12" sl="109" sc="17" el="109" ec="31" bec="0" bev="0" fileid="129" />
                <SequencePoint vc="0" uspid="4297" ordinal="3" offset="19" sl="110" sc="17" el="110" ec="50" bec="0" bev="0" fileid="129" />
                <SequencePoint vc="0" uspid="4298" ordinal="4" offset="33" sl="113" sc="13" el="113" ec="30" bec="2" bev="0" fileid="129" />
                <SequencePoint vc="0" uspid="4299" ordinal="5" offset="39" sl="115" sc="17" el="115" ec="40" bec="0" bev="0" fileid="129" />
                <SequencePoint vc="0" uspid="4300" ordinal="6" offset="45" sl="116" sc="17" el="116" ec="42" bec="0" bev="0" fileid="129" />
                <SequencePoint vc="0" uspid="4301" ordinal="7" offset="59" sl="117" sc="17" el="117" ec="30" bec="0" bev="0" fileid="129" />
                <SequencePoint vc="0" uspid="4302" ordinal="8" offset="66" sl="120" sc="13" el="120" ec="28" bec="2" bev="0" fileid="129" />
                <SequencePoint vc="0" uspid="4303" ordinal="9" offset="71" sl="122" sc="17" el="122" ec="73" bec="3" bev="0" fileid="129" />
                <SequencePoint vc="0" uspid="4304" ordinal="10" offset="80" sl="124" sc="21" el="124" ec="39" bec="0" bev="0" fileid="129" />
                <SequencePoint vc="0" uspid="4305" ordinal="11" offset="91" sl="125" sc="17" el="125" ec="18" bec="0" bev="0" fileid="129" />
                <SequencePoint vc="0" uspid="4306" ordinal="12" offset="92" sl="126" sc="22" el="126" ec="76" bec="3" bev="0" fileid="129" />
                <SequencePoint vc="0" uspid="4307" ordinal="13" offset="101" sl="128" sc="21" el="128" ec="39" bec="0" bev="0" fileid="129" />
                <SequencePoint vc="0" uspid="4308" ordinal="14" offset="112" sl="129" sc="17" el="129" ec="18" bec="0" bev="0" fileid="129" />
                <SequencePoint vc="0" uspid="4309" ordinal="15" offset="113" sl="130" sc="22" el="130" ec="78" bec="3" bev="0" fileid="129" />
                <SequencePoint vc="0" uspid="4310" ordinal="16" offset="122" sl="132" sc="21" el="132" ec="38" bec="0" bev="0" fileid="129" />
                <SequencePoint vc="0" uspid="4311" ordinal="17" offset="133" sl="133" sc="17" el="133" ec="18" bec="0" bev="0" fileid="129" />
                <SequencePoint vc="0" uspid="4312" ordinal="18" offset="134" sl="134" sc="22" el="134" ec="38" bec="2" bev="0" fileid="129" />
                <SequencePoint vc="0" uspid="4313" ordinal="19" offset="140" sl="136" sc="21" el="136" ec="49" bec="0" bev="0" fileid="129" />
                <SequencePoint vc="0" uspid="4314" ordinal="20" offset="154" sl="139" sc="9" el="139" ec="10" bec="0" bev="0" fileid="129" />
              </SequencePoints>
              <BranchPoints>
                <BranchPoint vc="0" uspid="4315" ordinal="0" offset="4" sl="106" path="0" offsetend="6" fileid="129" />
                <BranchPoint vc="0" uspid="4316" ordinal="1" offset="4" sl="106" path="1" offsetend="33" fileid="129" />
                <BranchPoint vc="0" uspid="4317" ordinal="2" offset="37" sl="113" path="0" offsetend="39" fileid="129" />
                <BranchPoint vc="0" uspid="4318" ordinal="3" offset="37" sl="113" path="1" offsetend="66" fileid="129" />
                <BranchPoint vc="0" uspid="4319" ordinal="4" offset="69" sl="120" path="0" offsetend="71" fileid="129" />
                <BranchPoint vc="0" uspid="4320" ordinal="5" offset="69" sl="120" path="1" offsetend="154" fileid="129" />
                <BranchPoint vc="0" uspid="4321" ordinal="6" offset="74" sl="122" path="0" offsetend="76" fileid="129" />
                <BranchPoint vc="0" uspid="4322" ordinal="7" offset="74" sl="122" path="1" offsetend="92" fileid="129" />
                <BranchPoint vc="0" uspid="4323" ordinal="8" offset="78" sl="122" path="0" offsetend="80" fileid="129" />
                <BranchPoint vc="0" uspid="4324" ordinal="9" offset="78" sl="122" path="1" offsetend="92" fileid="129" />
                <BranchPoint vc="0" uspid="4325" ordinal="10" offset="95" sl="126" path="0" offsetend="97" fileid="129" />
                <BranchPoint vc="0" uspid="4326" ordinal="11" offset="95" sl="126" path="1" offsetend="113" fileid="129" />
                <BranchPoint vc="0" uspid="4327" ordinal="12" offset="99" sl="126" path="0" offsetend="101" fileid="129" />
                <BranchPoint vc="0" uspid="4328" ordinal="13" offset="99" sl="126" path="1" offsetend="113" fileid="129" />
                <BranchPoint vc="0" uspid="4329" ordinal="14" offset="116" sl="130" path="0" offsetend="118" fileid="129" />
                <BranchPoint vc="0" uspid="4330" ordinal="15" offset="116" sl="130" path="1" offsetend="134" fileid="129" />
                <BranchPoint vc="0" uspid="4331" ordinal="16" offset="120" sl="130" path="0" offsetend="122" fileid="129" />
                <BranchPoint vc="0" uspid="4332" ordinal="17" offset="120" sl="130" path="1" offsetend="134" fileid="129" />
                <BranchPoint vc="0" uspid="4333" ordinal="18" offset="138" sl="134" path="0" offsetend="140" fileid="129" />
                <BranchPoint vc="0" uspid="4334" ordinal="19" offset="138" sl="134" path="1" offsetend="154" fileid="129" />
              </BranchPoints>
              <MethodPoint xsi:type="SequencePoint" vc="0" uspid="4294" ordinal="0" offset="0" sl="106" sc="13" el="106" ec="31" bec="2" bev="0" fileid="129" />
            </Method>
            <Method visited="false" cyclomaticComplexity="7" nPathComplexity="32" sequenceCoverage="0" branchCoverage="0" crapScore="56" isConstructor="false" isStatic="true" isGetter="false" isSetter="false">
              <Summary numSequencePoints="15" visitedSequencePoints="0" numBranchPoints="11" visitedBranchPoints="0" sequenceCoverage="0" branchCoverage="0" maxCyclomaticComplexity="7" minCyclomaticComplexity="7" maxCrapScore="56" minCrapScore="56" visitedClasses="0" numClasses="0" visitedMethods="0" numMethods="1" />
              <MetadataToken>100663820</MetadataToken>
              <Name>System.String Humanizer.Localisation.NumberToWords.RussianNumberToWordsConverter::GetPrefix(System.Int64)</Name>
              <FileRef uid="129" />
              <SequencePoints>
                <SequencePoint vc="0" uspid="4335" ordinal="0" offset="0" sl="143" sc="13" el="143" ec="44" bec="0" bev="0" fileid="129" />
                <SequencePoint vc="0" uspid="4336" ordinal="1" offset="6" sl="145" sc="13" el="145" ec="31" bec="2" bev="0" fileid="129" />
                <SequencePoint vc="0" uspid="4337" ordinal="2" offset="12" sl="147" sc="17" el="147" ec="45" bec="0" bev="0" fileid="129" />
                <SequencePoint vc="0" uspid="4338" ordinal="3" offset="18" sl="148" sc="17" el="148" ec="31" bec="0" bev="0" fileid="129" />
                <SequencePoint vc="0" uspid="4339" ordinal="4" offset="25" sl="149" sc="17" el="149" ec="35" bec="2" bev="0" fileid="129" />
                <SequencePoint vc="0" uspid="4340" ordinal="5" offset="30" sl="151" sc="21" el="151" ec="71" bec="0" bev="0" fileid="129" />
                <SequencePoint vc="0" uspid="4341" ordinal="6" offset="54" sl="152" sc="17" el="152" ec="18" bec="0" bev="0" fileid="129" />
                <SequencePoint vc="0" uspid="4342" ordinal="7" offset="56" sl="155" sc="21" el="155" ec="38" bec="0" bev="0" fileid="129" />
                <SequencePoint vc="0" uspid="4343" ordinal="8" offset="67" sl="159" sc="13" el="159" ec="30" bec="2" bev="0" fileid="129" />
                <SequencePoint vc="0" uspid="4344" ordinal="9" offset="73" sl="161" sc="17" el="161" ec="40" bec="0" bev="0" fileid="129" />
                <SequencePoint vc="0" uspid="4345" ordinal="10" offset="79" sl="162" sc="17" el="162" ec="30" bec="0" bev="0" fileid="129" />
                <SequencePoint vc="0" uspid="4346" ordinal="11" offset="86" sl="163" sc="17" el="163" ec="54" bec="0" bev="0" fileid="129" />
                <SequencePoint vc="0" uspid="4347" ordinal="12" offset="100" sl="166" sc="13" el="166" ec="28" bec="2" bev="0" fileid="129" />
                <SequencePoint vc="0" uspid="4348" ordinal="13" offset="105" sl="168" sc="17" el="168" ec="80" bec="2" bev="0" fileid="129" />
                <SequencePoint vc="0" uspid="4349" ordinal="14" offset="131" sl="171" sc="13" el="171" ec="43" bec="0" bev="0" fileid="129" />
              </SequencePoints>
              <BranchPoints>
                <BranchPoint vc="0" uspid="4350" ordinal="0" offset="10" sl="145" path="0" offsetend="12" fileid="129" />
                <BranchPoint vc="0" uspid="4351" ordinal="1" offset="10" sl="145" path="1" offsetend="67" fileid="129" />
                <BranchPoint vc="0" uspid="4352" ordinal="2" offset="28" sl="149" path="0" offsetend="30" fileid="129" />
                <BranchPoint vc="0" uspid="4353" ordinal="3" offset="28" sl="149" path="1" offsetend="56" fileid="129" />
                <BranchPoint vc="0" uspid="4354" ordinal="4" offset="71" sl="159" path="0" offsetend="73" fileid="129" />
                <BranchPoint vc="0" uspid="4355" ordinal="5" offset="71" sl="159" path="1" offsetend="100" fileid="129" />
                <BranchPoint vc="0" uspid="4356" ordinal="6" offset="103" sl="166" path="0" offsetend="105" fileid="129" />
                <BranchPoint vc="0" uspid="4357" ordinal="7" offset="103" sl="166" path="1" offsetend="131" fileid="129" />
                <BranchPoint vc="0" uspid="4358" ordinal="8" offset="109" sl="168" path="0" offsetend="111" fileid="129" />
                <BranchPoint vc="0" uspid="4359" ordinal="9" offset="109" sl="168" path="1" offsetend="121" fileid="129" />
              </BranchPoints>
              <MethodPoint xsi:type="SequencePoint" vc="0" uspid="4335" ordinal="0" offset="0" sl="143" sc="13" el="143" ec="44" bec="0" bev="0" fileid="129" />
            </Method>
            <Method visited="false" cyclomaticComplexity="2" nPathComplexity="2" sequenceCoverage="0" branchCoverage="0" crapScore="6" isConstructor="false" isStatic="true" isGetter="false" isSetter="false">
              <Summary numSequencePoints="7" visitedSequencePoints="0" numBranchPoints="3" visitedBranchPoints="0" sequenceCoverage="0" branchCoverage="0" maxCyclomaticComplexity="2" minCyclomaticComplexity="2" maxCrapScore="6" minCrapScore="6" visitedClasses="0" numClasses="0" visitedMethods="0" numMethods="1" />
              <MetadataToken>100663821</MetadataToken>
              <Name>System.Void Humanizer.Localisation.NumberToWords.RussianNumberToWordsConverter::CollectParts(System.Collections.Generic.ICollection`1&lt;System.String&gt;,System.Int64&amp;,System.Int64,Humanizer.GrammaticalGender,System.String[])</Name>
              <FileRef uid="129" />
              <SequencePoints>
                <SequencePoint vc="0" uspid="4360" ordinal="0" offset="0" sl="176" sc="13" el="176" ec="53" bec="0" bev="0" fileid="129" />
                <SequencePoint vc="0" uspid="4361" ordinal="1" offset="10" sl="177" sc="13" el="177" ec="29" bec="2" bev="0" fileid="129" />
                <SequencePoint vc="0" uspid="4362" ordinal="2" offset="13" sl="179" sc="17" el="179" ec="24" bec="0" bev="0" fileid="129" />
                <SequencePoint vc="0" uspid="4363" ordinal="3" offset="14" sl="182" sc="13" el="182" ec="49" bec="0" bev="0" fileid="129" />
                <SequencePoint vc="0" uspid="4364" ordinal="4" offset="25" sl="184" sc="13" el="184" ec="65" bec="0" bev="0" fileid="129" />
                <SequencePoint vc="0" uspid="4365" ordinal="5" offset="33" sl="185" sc="13" el="185" ec="69" bec="0" bev="0" fileid="129" />
                <SequencePoint vc="0" uspid="4366" ordinal="6" offset="47" sl="186" sc="9" el="186" ec="10" bec="0" bev="0" fileid="129" />
              </SequencePoints>
              <BranchPoints>
                <BranchPoint vc="0" uspid="4367" ordinal="0" offset="11" sl="177" path="0" offsetend="13" fileid="129" />
                <BranchPoint vc="0" uspid="4368" ordinal="1" offset="11" sl="177" path="1" offsetend="14" fileid="129" />
              </BranchPoints>
              <MethodPoint xsi:type="SequencePoint" vc="0" uspid="4360" ordinal="0" offset="0" sl="176" sc="13" el="176" ec="53" bec="0" bev="0" fileid="129" />
            </Method>
            <Method visited="false" cyclomaticComplexity="4" nPathComplexity="8" sequenceCoverage="0" branchCoverage="0" crapScore="20" isConstructor="false" isStatic="true" isGetter="false" isSetter="false">
              <Summary numSequencePoints="13" visitedSequencePoints="0" numBranchPoints="7" visitedBranchPoints="0" sequenceCoverage="0" branchCoverage="0" maxCyclomaticComplexity="4" minCyclomaticComplexity="4" maxCrapScore="20" minCrapScore="20" visitedClasses="0" numClasses="0" visitedMethods="0" numMethods="1" />
              <MetadataToken>100663822</MetadataToken>
              <Name>System.Void Humanizer.Localisation.NumberToWords.RussianNumberToWordsConverter::CollectOrdinalParts(System.Collections.Generic.ICollection`1&lt;System.String&gt;,System.Int64&amp;,System.Int32,Humanizer.GrammaticalGender,System.String,System.String[])</Name>
              <FileRef uid="129" />
              <SequencePoints>
                <SequencePoint vc="0" uspid="4369" ordinal="0" offset="0" sl="190" sc="13" el="190" ec="34" bec="2" bev="0" fileid="129" />
                <SequencePoint vc="0" uspid="4370" ordinal="1" offset="6" sl="192" sc="17" el="192" ec="24" bec="0" bev="0" fileid="129" />
                <SequencePoint vc="0" uspid="4371" ordinal="2" offset="7" sl="195" sc="13" el="195" ec="43" bec="0" bev="0" fileid="129" />
                <SequencePoint vc="0" uspid="4372" ordinal="3" offset="13" sl="196" sc="13" el="196" ec="31" bec="0" bev="0" fileid="129" />
                <SequencePoint vc="0" uspid="4373" ordinal="4" offset="20" sl="197" sc="13" el="197" ec="29" bec="2" bev="0" fileid="129" />
                <SequencePoint vc="0" uspid="4374" ordinal="5" offset="24" sl="199" sc="17" el="199" ec="33" bec="2" bev="0" fileid="129" />
                <SequencePoint vc="0" uspid="4375" ordinal="6" offset="29" sl="201" sc="21" el="201" ec="45" bec="0" bev="0" fileid="129" />
                <SequencePoint vc="0" uspid="4376" ordinal="7" offset="37" sl="202" sc="17" el="202" ec="18" bec="0" bev="0" fileid="129" />
                <SequencePoint vc="0" uspid="4377" ordinal="8" offset="38" sl="205" sc="21" el="205" ec="65" bec="0" bev="0" fileid="129" />
                <SequencePoint vc="0" uspid="4378" ordinal="9" offset="57" sl="207" sc="13" el="207" ec="14" bec="0" bev="0" fileid="129" />
                <SequencePoint vc="0" uspid="4379" ordinal="10" offset="58" sl="210" sc="17" el="210" ec="69" bec="0" bev="0" fileid="129" />
                <SequencePoint vc="0" uspid="4380" ordinal="11" offset="66" sl="211" sc="17" el="211" ec="73" bec="0" bev="0" fileid="129" />
                <SequencePoint vc="0" uspid="4381" ordinal="12" offset="80" sl="213" sc="9" el="213" ec="10" bec="0" bev="0" fileid="129" />
              </SequencePoints>
              <BranchPoints>
                <BranchPoint vc="0" uspid="4382" ordinal="0" offset="4" sl="190" path="0" offsetend="6" fileid="129" />
                <BranchPoint vc="0" uspid="4383" ordinal="1" offset="4" sl="190" path="1" offsetend="7" fileid="129" />
                <BranchPoint vc="0" uspid="4384" ordinal="2" offset="22" sl="197" path="0" offsetend="24" fileid="129" />
                <BranchPoint vc="0" uspid="4385" ordinal="3" offset="22" sl="197" path="1" offsetend="58" fileid="129" />
                <BranchPoint vc="0" uspid="4386" ordinal="4" offset="27" sl="199" path="0" offsetend="29" fileid="129" />
                <BranchPoint vc="0" uspid="4387" ordinal="5" offset="27" sl="199" path="1" offsetend="38" fileid="129" />
              </BranchPoints>
              <MethodPoint xsi:type="SequencePoint" vc="0" uspid="4369" ordinal="0" offset="0" sl="190" sc="13" el="190" ec="34" bec="2" bev="0" fileid="129" />
            </Method>
            <Method visited="false" cyclomaticComplexity="3" nPathComplexity="4" sequenceCoverage="0" branchCoverage="0" crapScore="12" isConstructor="false" isStatic="true" isGetter="false" isSetter="false">
              <Summary numSequencePoints="5" visitedSequencePoints="0" numBranchPoints="5" visitedBranchPoints="0" sequenceCoverage="0" branchCoverage="0" maxCyclomaticComplexity="3" minCyclomaticComplexity="3" maxCrapScore="12" minCrapScore="12" visitedClasses="0" numClasses="0" visitedMethods="0" numMethods="1" />
              <MetadataToken>100663823</MetadataToken>
              <Name>System.Int32 Humanizer.Localisation.NumberToWords.RussianNumberToWordsConverter::GetIndex(Humanizer.Localisation.GrammaticalNumber.RussianGrammaticalNumber)</Name>
              <FileRef uid="129" />
              <SequencePoints>
                <SequencePoint vc="0" uspid="4388" ordinal="0" offset="0" sl="217" sc="13" el="217" ec="61" bec="2" bev="0" fileid="129" />
                <SequencePoint vc="0" uspid="4389" ordinal="1" offset="3" sl="219" sc="17" el="219" ec="26" bec="0" bev="0" fileid="129" />
                <SequencePoint vc="0" uspid="4390" ordinal="2" offset="5" sl="222" sc="13" el="222" ec="59" bec="2" bev="0" fileid="129" />
                <SequencePoint vc="0" uspid="4391" ordinal="3" offset="9" sl="224" sc="17" el="224" ec="26" bec="0" bev="0" fileid="129" />
                <SequencePoint vc="0" uspid="4392" ordinal="4" offset="11" sl="227" sc="13" el="227" ec="22" bec="0" bev="0" fileid="129" />
              </SequencePoints>
              <BranchPoints>
                <BranchPoint vc="0" uspid="4393" ordinal="0" offset="1" sl="217" path="0" offsetend="3" fileid="129" />
                <BranchPoint vc="0" uspid="4394" ordinal="1" offset="1" sl="217" path="1" offsetend="5" fileid="129" />
                <BranchPoint vc="0" uspid="4395" ordinal="2" offset="7" sl="222" path="0" offsetend="9" fileid="129" />
                <BranchPoint vc="0" uspid="4396" ordinal="3" offset="7" sl="222" path="1" offsetend="11" fileid="129" />
              </BranchPoints>
              <MethodPoint xsi:type="SequencePoint" vc="0" uspid="4388" ordinal="0" offset="0" sl="217" sc="13" el="217" ec="61" bec="2" bev="0" fileid="129" />
            </Method>
            <Method visited="false" cyclomaticComplexity="1" nPathComplexity="0" sequenceCoverage="0" branchCoverage="0" crapScore="2" isConstructor="false" isStatic="true" isGetter="false" isSetter="false">
              <Summary numSequencePoints="1" visitedSequencePoints="0" numBranchPoints="1" visitedBranchPoints="0" sequenceCoverage="0" branchCoverage="0" maxCyclomaticComplexity="1" minCyclomaticComplexity="1" maxCrapScore="2" minCrapScore="2" visitedClasses="0" numClasses="0" visitedMethods="0" numMethods="1" />
              <MetadataToken>100663824</MetadataToken>
              <Name>System.String Humanizer.Localisation.NumberToWords.RussianNumberToWordsConverter::ChooseOneForGrammaticalNumber(System.Int64,System.String[])</Name>
              <FileRef uid="129" />
              <SequencePoints>
                <SequencePoint vc="0" uspid="4397" ordinal="0" offset="0" sl="232" sc="13" el="232" ec="85" bec="0" bev="0" fileid="129" />
              </SequencePoints>
              <BranchPoints />
              <MethodPoint xsi:type="SequencePoint" vc="0" uspid="4397" ordinal="0" offset="0" sl="232" sc="13" el="232" ec="85" bec="0" bev="0" fileid="129" />
            </Method>
            <Method visited="false" cyclomaticComplexity="14" nPathComplexity="512" sequenceCoverage="0" branchCoverage="0" crapScore="210" isConstructor="false" isStatic="true" isGetter="false" isSetter="false">
              <Summary numSequencePoints="12" visitedSequencePoints="0" numBranchPoints="19" visitedBranchPoints="0" sequenceCoverage="0" branchCoverage="0" maxCyclomaticComplexity="14" minCyclomaticComplexity="14" maxCrapScore="210" minCrapScore="210" visitedClasses="0" numClasses="0" visitedMethods="0" numMethods="1" />
              <MetadataToken>100663825</MetadataToken>
              <Name>System.String Humanizer.Localisation.NumberToWords.RussianNumberToWordsConverter::GetEndingForGender(Humanizer.GrammaticalGender,System.Int64)</Name>
              <FileRef uid="129" />
              <SequencePoints>
                <SequencePoint vc="0" uspid="4398" ordinal="0" offset="20" sl="240" sc="21" el="240" ec="113" bec="7" bev="0" fileid="129" />
                <SequencePoint vc="0" uspid="4399" ordinal="1" offset="49" sl="242" sc="25" el="242" ec="37" bec="0" bev="0" fileid="129" />
                <SequencePoint vc="0" uspid="4400" ordinal="2" offset="55" sl="245" sc="21" el="245" ec="37" bec="2" bev="0" fileid="129" />
                <SequencePoint vc="0" uspid="4401" ordinal="3" offset="60" sl="247" sc="25" el="247" ec="37" bec="0" bev="0" fileid="129" />
                <SequencePoint vc="0" uspid="4402" ordinal="4" offset="66" sl="250" sc="21" el="250" ec="33" bec="0" bev="0" fileid="129" />
                <SequencePoint vc="0" uspid="4403" ordinal="5" offset="72" sl="252" sc="21" el="252" ec="37" bec="2" bev="0" fileid="129" />
                <SequencePoint vc="0" uspid="4404" ordinal="6" offset="77" sl="254" sc="25" el="254" ec="37" bec="0" bev="0" fileid="129" />
                <SequencePoint vc="0" uspid="4405" ordinal="7" offset="83" sl="257" sc="21" el="257" ec="33" bec="0" bev="0" fileid="129" />
                <SequencePoint vc="0" uspid="4406" ordinal="8" offset="89" sl="259" sc="21" el="259" ec="37" bec="2" bev="0" fileid="129" />
                <SequencePoint vc="0" uspid="4407" ordinal="9" offset="94" sl="261" sc="25" el="261" ec="37" bec="0" bev="0" fileid="129" />
                <SequencePoint vc="0" uspid="4408" ordinal="10" offset="100" sl="264" sc="21" el="264" ec="33" bec="0" bev="0" fileid="129" />
                <SequencePoint vc="0" uspid="4409" ordinal="11" offset="106" sl="266" sc="21" el="266" ec="75" bec="0" bev="0" fileid="129" />
              </SequencePoints>
              <BranchPoints>
                <BranchPoint vc="0" uspid="4414" ordinal="4" offset="21" sl="240" path="0" offsetend="23" fileid="129" />
                <BranchPoint vc="0" uspid="4415" ordinal="5" offset="21" sl="240" path="1" offsetend="49" fileid="129" />
                <BranchPoint vc="0" uspid="4416" ordinal="6" offset="26" sl="240" path="0" offsetend="28" fileid="129" />
                <BranchPoint vc="0" uspid="4417" ordinal="7" offset="26" sl="240" path="1" offsetend="49" fileid="129" />
                <BranchPoint vc="0" uspid="4418" ordinal="8" offset="31" sl="240" path="0" offsetend="33" fileid="129" />
                <BranchPoint vc="0" uspid="4419" ordinal="9" offset="31" sl="240" path="1" offsetend="49" fileid="129" />
                <BranchPoint vc="0" uspid="4420" ordinal="10" offset="36" sl="240" path="0" offsetend="38" fileid="129" />
                <BranchPoint vc="0" uspid="4421" ordinal="11" offset="36" sl="240" path="1" offsetend="49" fileid="129" />
                <BranchPoint vc="0" uspid="4422" ordinal="12" offset="41" sl="240" path="0" offsetend="43" fileid="129" />
                <BranchPoint vc="0" uspid="4423" ordinal="13" offset="41" sl="240" path="1" offsetend="49" fileid="129" />
                <BranchPoint vc="0" uspid="4424" ordinal="14" offset="47" sl="240" path="0" offsetend="49" fileid="129" />
                <BranchPoint vc="0" uspid="4425" ordinal="15" offset="47" sl="240" path="1" offsetend="55" fileid="129" />
                <BranchPoint vc="0" uspid="4426" ordinal="16" offset="58" sl="245" path="0" offsetend="60" fileid="129" />
                <BranchPoint vc="0" uspid="4427" ordinal="17" offset="58" sl="245" path="1" offsetend="66" fileid="129" />
                <BranchPoint vc="0" uspid="4428" ordinal="18" offset="75" sl="252" path="0" offsetend="77" fileid="129" />
                <BranchPoint vc="0" uspid="4429" ordinal="19" offset="75" sl="252" path="1" offsetend="83" fileid="129" />
                <BranchPoint vc="0" uspid="4430" ordinal="20" offset="92" sl="259" path="0" offsetend="94" fileid="129" />
                <BranchPoint vc="0" uspid="4431" ordinal="21" offset="92" sl="259" path="1" offsetend="100" fileid="129" />
              </BranchPoints>
              <MethodPoint vc="0" uspid="4432" ordinal="0" offset="0" />
            </Method>
            <Method visited="false" cyclomaticComplexity="1" nPathComplexity="0" sequenceCoverage="0" branchCoverage="0" crapScore="2" isConstructor="true" isStatic="false" isGetter="false" isSetter="false">
              <Summary numSequencePoints="0" visitedSequencePoints="0" numBranchPoints="0" visitedBranchPoints="0" sequenceCoverage="0" branchCoverage="0" maxCyclomaticComplexity="1" minCyclomaticComplexity="1" maxCrapScore="2" minCrapScore="2" visitedClasses="0" numClasses="0" visitedMethods="0" numMethods="0" />
              <MetadataToken>100663826</MetadataToken>
              <Name>System.Void Humanizer.Localisation.NumberToWords.RussianNumberToWordsConverter::.ctor()</Name>
              <SequencePoints />
              <BranchPoints />
              <MethodPoint vc="0" uspid="4433" ordinal="0" offset="0" />
            </Method>
            <Method visited="false" cyclomaticComplexity="1" nPathComplexity="0" sequenceCoverage="0" branchCoverage="0" crapScore="2" isConstructor="true" isStatic="true" isGetter="false" isSetter="false">
              <Summary numSequencePoints="7" visitedSequencePoints="0" numBranchPoints="1" visitedBranchPoints="0" sequenceCoverage="0" branchCoverage="0" maxCyclomaticComplexity="1" minCyclomaticComplexity="1" maxCrapScore="2" minCrapScore="2" visitedClasses="0" numClasses="0" visitedMethods="0" numMethods="1" />
              <MetadataToken>100663827</MetadataToken>
              <Name>System.Void Humanizer.Localisation.NumberToWords.RussianNumberToWordsConverter::.cctor()</Name>
              <FileRef uid="129" />
              <SequencePoints>
                <SequencePoint vc="0" uspid="4434" ordinal="0" offset="0" sl="9" sc="9" el="9" ec="167" bec="0" bev="0" fileid="129" />
                <SequencePoint vc="0" uspid="4435" ordinal="1" offset="93" sl="10" sc="9" el="10" ec="174" bec="0" bev="0" fileid="129" />
                <SequencePoint vc="0" uspid="4436" ordinal="2" offset="186" sl="11" sc="9" el="11" ec="285" bec="0" bev="0" fileid="129" />
                <SequencePoint vc="0" uspid="4437" ordinal="3" offset="369" sl="12" sc="9" el="12" ec="312" bec="0" bev="0" fileid="129" />
                <SequencePoint vc="0" uspid="4438" ordinal="4" offset="552" sl="13" sc="9" el="13" ec="197" bec="0" bev="0" fileid="129" />
                <SequencePoint vc="0" uspid="4439" ordinal="5" offset="645" sl="14" sc="9" el="14" ec="182" bec="0" bev="0" fileid="129" />
                <SequencePoint vc="0" uspid="4440" ordinal="6" offset="738" sl="15" sc="9" el="15" ec="285" bec="0" bev="0" fileid="129" />
              </SequencePoints>
              <BranchPoints />
              <MethodPoint xsi:type="SequencePoint" vc="0" uspid="4434" ordinal="0" offset="0" sl="9" sc="9" el="9" ec="167" bec="0" bev="0" fileid="129" />
            </Method>
          </Methods>
        </Class>
        <Class>
          <Summary numSequencePoints="51" visitedSequencePoints="0" numBranchPoints="35" visitedBranchPoints="0" sequenceCoverage="0" branchCoverage="0" maxCyclomaticComplexity="16" minCyclomaticComplexity="1" maxCrapScore="272" minCrapScore="2" visitedClasses="0" numClasses="1" visitedMethods="0" numMethods="5" />
          <FullName>Humanizer.Localisation.NumberToWords.SerbianCyrlNumberToWordsConverter</FullName>
          <Methods>
            <Method visited="false" cyclomaticComplexity="1" nPathComplexity="0" sequenceCoverage="0" branchCoverage="0" crapScore="2" isConstructor="true" isStatic="false" isGetter="false" isSetter="false">
              <Summary numSequencePoints="3" visitedSequencePoints="0" numBranchPoints="1" visitedBranchPoints="0" sequenceCoverage="0" branchCoverage="0" maxCyclomaticComplexity="1" minCyclomaticComplexity="1" maxCrapScore="2" minCrapScore="2" visitedClasses="0" numClasses="0" visitedMethods="0" numMethods="1" />
              <MetadataToken>100663828</MetadataToken>
              <Name>System.Void Humanizer.Localisation.NumberToWords.SerbianCyrlNumberToWordsConverter::.ctor(System.Globalization.CultureInfo)</Name>
              <FileRef uid="130" />
              <SequencePoints>
                <SequencePoint vc="0" uspid="4441" ordinal="0" offset="0" sl="14" sc="9" el="14" ec="70" bec="0" bev="0" fileid="130" />
                <SequencePoint vc="0" uspid="4442" ordinal="1" offset="6" sl="16" sc="13" el="16" ec="32" bec="0" bev="0" fileid="130" />
                <SequencePoint vc="0" uspid="4443" ordinal="2" offset="13" sl="17" sc="9" el="17" ec="10" bec="0" bev="0" fileid="130" />
              </SequencePoints>
              <BranchPoints />
              <MethodPoint xsi:type="SequencePoint" vc="0" uspid="4441" ordinal="0" offset="0" sl="14" sc="9" el="14" ec="70" bec="0" bev="0" fileid="130" />
            </Method>
            <Method visited="false" cyclomaticComplexity="16" nPathComplexity="32768" sequenceCoverage="0" branchCoverage="0" crapScore="272" isConstructor="false" isStatic="false" isGetter="false" isSetter="false">
              <Summary numSequencePoints="41" visitedSequencePoints="0" numBranchPoints="31" visitedBranchPoints="0" sequenceCoverage="0" branchCoverage="0" maxCyclomaticComplexity="16" minCyclomaticComplexity="16" maxCrapScore="272" minCrapScore="272" visitedClasses="0" numClasses="0" visitedMethods="0" numMethods="1" />
              <MetadataToken>100663829</MetadataToken>
              <Name>System.String Humanizer.Localisation.NumberToWords.SerbianCyrlNumberToWordsConverter::Convert(System.Int64)</Name>
              <FileRef uid="130" />
              <SequencePoints>
                <SequencePoint vc="0" uspid="4444" ordinal="0" offset="0" sl="21" sc="13" el="21" ec="66" bec="3" bev="0" fileid="130" />
                <SequencePoint vc="0" uspid="4445" ordinal="1" offset="18" sl="23" sc="17" el="23" ec="53" bec="0" bev="0" fileid="130" />
                <SequencePoint vc="0" uspid="4446" ordinal="2" offset="24" sl="25" sc="13" el="25" ec="37" bec="0" bev="0" fileid="130" />
                <SequencePoint vc="0" uspid="4447" ordinal="3" offset="27" sl="27" sc="13" el="27" ec="29" bec="2" bev="0" fileid="130" />
                <SequencePoint vc="0" uspid="4448" ordinal="4" offset="30" sl="29" sc="17" el="29" ec="31" bec="0" bev="0" fileid="130" />
                <SequencePoint vc="0" uspid="4449" ordinal="5" offset="36" sl="32" sc="13" el="32" ec="28" bec="2" bev="0" fileid="130" />
                <SequencePoint vc="0" uspid="4450" ordinal="6" offset="40" sl="34" sc="17" el="34" ec="65" bec="0" bev="0" fileid="130" />
                <SequencePoint vc="0" uspid="4451" ordinal="7" offset="60" sl="37" sc="13" el="37" ec="44" bec="0" bev="0" fileid="130" />
                <SequencePoint vc="0" uspid="4452" ordinal="8" offset="66" sl="38" sc="13" el="38" ec="48" bec="0" bev="0" fileid="130" />
                <SequencePoint vc="0" uspid="4453" ordinal="9" offset="74" sl="40" sc="13" el="40" ec="30" bec="2" bev="0" fileid="130" />
                <SequencePoint vc="0" uspid="4454" ordinal="10" offset="78" sl="42" sc="17" el="42" ec="107" bec="0" bev="0" fileid="130" />
                <SequencePoint vc="0" uspid="4455" ordinal="11" offset="111" sl="43" sc="17" el="43" ec="38" bec="0" bev="0" fileid="130" />
                <SequencePoint vc="0" uspid="4456" ordinal="12" offset="119" sl="45" sc="17" el="45" ec="32" bec="2" bev="0" fileid="130" />
                <SequencePoint vc="0" uspid="4457" ordinal="13" offset="123" sl="47" sc="21" el="47" ec="36" bec="0" bev="0" fileid="130" />
                <SequencePoint vc="0" uspid="4458" ordinal="14" offset="134" sl="51" sc="13" el="51" ec="45" bec="0" bev="0" fileid="130" />
                <SequencePoint vc="0" uspid="4459" ordinal="15" offset="142" sl="53" sc="13" el="53" ec="30" bec="2" bev="0" fileid="130" />
                <SequencePoint vc="0" uspid="4460" ordinal="16" offset="146" sl="55" sc="17" el="55" ec="98" bec="0" bev="0" fileid="130" />
                <SequencePoint vc="0" uspid="4461" ordinal="17" offset="179" sl="56" sc="17" el="56" ec="35" bec="0" bev="0" fileid="130" />
                <SequencePoint vc="0" uspid="4462" ordinal="18" offset="187" sl="58" sc="17" el="58" ec="32" bec="2" bev="0" fileid="130" />
                <SequencePoint vc="0" uspid="4463" ordinal="19" offset="191" sl="60" sc="21" el="60" ec="36" bec="0" bev="0" fileid="130" />
                <SequencePoint vc="0" uspid="4464" ordinal="20" offset="202" sl="64" sc="13" el="64" ec="43" bec="0" bev="0" fileid="130" />
                <SequencePoint vc="0" uspid="4465" ordinal="21" offset="211" sl="66" sc="13" el="66" ec="31" bec="2" bev="0" fileid="130" />
                <SequencePoint vc="0" uspid="4466" ordinal="22" offset="216" sl="68" sc="17" el="68" ec="96" bec="0" bev="0" fileid="130" />
                <SequencePoint vc="0" uspid="4467" ordinal="23" offset="250" sl="69" sc="17" el="69" ec="32" bec="0" bev="0" fileid="130" />
                <SequencePoint vc="0" uspid="4468" ordinal="24" offset="258" sl="71" sc="17" el="71" ec="32" bec="2" bev="0" fileid="130" />
                <SequencePoint vc="0" uspid="4469" ordinal="25" offset="262" sl="73" sc="21" el="73" ec="36" bec="0" bev="0" fileid="130" />
                <SequencePoint vc="0" uspid="4470" ordinal="26" offset="273" sl="77" sc="13" el="77" ec="41" bec="0" bev="0" fileid="130" />
                <SequencePoint vc="0" uspid="4471" ordinal="27" offset="279" sl="79" sc="13" el="79" ec="30" bec="2" bev="0" fileid="130" />
                <SequencePoint vc="0" uspid="4472" ordinal="28" offset="284" sl="81" sc="17" el="81" ec="80" bec="0" bev="0" fileid="130" />
                <SequencePoint vc="0" uspid="4473" ordinal="29" offset="318" sl="82" sc="17" el="82" ec="31" bec="0" bev="0" fileid="130" />
                <SequencePoint vc="0" uspid="4474" ordinal="30" offset="323" sl="84" sc="17" el="84" ec="32" bec="2" bev="0" fileid="130" />
                <SequencePoint vc="0" uspid="4475" ordinal="31" offset="327" sl="86" sc="21" el="86" ec="36" bec="0" bev="0" fileid="130" />
                <SequencePoint vc="0" uspid="4476" ordinal="32" offset="338" sl="90" sc="13" el="90" ec="28" bec="2" bev="0" fileid="130" />
                <SequencePoint vc="0" uspid="4477" ordinal="33" offset="342" sl="92" sc="17" el="92" ec="33" bec="2" bev="0" fileid="130" />
                <SequencePoint vc="0" uspid="4478" ordinal="34" offset="347" sl="94" sc="21" el="94" ec="49" bec="0" bev="0" fileid="130" />
                <SequencePoint vc="0" uspid="4479" ordinal="35" offset="360" sl="95" sc="17" el="95" ec="18" bec="0" bev="0" fileid="130" />
                <SequencePoint vc="0" uspid="4480" ordinal="36" offset="362" sl="98" sc="21" el="98" ec="53" bec="0" bev="0" fileid="130" />
                <SequencePoint vc="0" uspid="4481" ordinal="37" offset="378" sl="100" sc="21" el="100" ec="45" bec="0" bev="0" fileid="130" />
                <SequencePoint vc="0" uspid="4482" ordinal="38" offset="384" sl="102" sc="21" el="102" ec="35" bec="2" bev="0" fileid="130" />
                <SequencePoint vc="0" uspid="4483" ordinal="39" offset="389" sl="104" sc="25" el="104" ec="75" bec="0" bev="0" fileid="130" />
                <SequencePoint vc="0" uspid="4484" ordinal="40" offset="413" sl="109" sc="13" el="109" ec="43" bec="0" bev="0" fileid="130" />
              </SequencePoints>
              <BranchPoints>
                <BranchPoint vc="0" uspid="4485" ordinal="0" offset="7" sl="21" path="0" offsetend="9" fileid="130" />
                <BranchPoint vc="0" uspid="4486" ordinal="1" offset="7" sl="21" path="1" offsetend="18" fileid="130" />
                <BranchPoint vc="0" uspid="4487" ordinal="2" offset="16" sl="21" path="0" offsetend="18" fileid="130" />
                <BranchPoint vc="0" uspid="4488" ordinal="3" offset="16" sl="21" path="1" offsetend="24" fileid="130" />
                <BranchPoint vc="0" uspid="4489" ordinal="4" offset="28" sl="27" path="0" offsetend="30" fileid="130" />
                <BranchPoint vc="0" uspid="4490" ordinal="5" offset="28" sl="27" path="1" offsetend="36" fileid="130" />
                <BranchPoint vc="0" uspid="4491" ordinal="6" offset="38" sl="32" path="0" offsetend="40" fileid="130" />
                <BranchPoint vc="0" uspid="4492" ordinal="7" offset="38" sl="32" path="1" offsetend="60" fileid="130" />
                <BranchPoint vc="0" uspid="4493" ordinal="8" offset="76" sl="40" path="0" offsetend="78" fileid="130" />
                <BranchPoint vc="0" uspid="4494" ordinal="9" offset="76" sl="40" path="1" offsetend="134" fileid="130" />
                <BranchPoint vc="0" uspid="4495" ordinal="10" offset="121" sl="45" path="0" offsetend="123" fileid="130" />
                <BranchPoint vc="0" uspid="4496" ordinal="11" offset="121" sl="45" path="1" offsetend="134" fileid="130" />
                <BranchPoint vc="0" uspid="4497" ordinal="12" offset="144" sl="53" path="0" offsetend="146" fileid="130" />
                <BranchPoint vc="0" uspid="4498" ordinal="13" offset="144" sl="53" path="1" offsetend="202" fileid="130" />
                <BranchPoint vc="0" uspid="4499" ordinal="14" offset="189" sl="58" path="0" offsetend="191" fileid="130" />
                <BranchPoint vc="0" uspid="4500" ordinal="15" offset="189" sl="58" path="1" offsetend="202" fileid="130" />
                <BranchPoint vc="0" uspid="4501" ordinal="16" offset="214" sl="66" path="0" offsetend="216" fileid="130" />
                <BranchPoint vc="0" uspid="4502" ordinal="17" offset="214" sl="66" path="1" offsetend="273" fileid="130" />
                <BranchPoint vc="0" uspid="4503" ordinal="18" offset="260" sl="71" path="0" offsetend="262" fileid="130" />
                <BranchPoint vc="0" uspid="4504" ordinal="19" offset="260" sl="71" path="1" offsetend="273" fileid="130" />
                <BranchPoint vc="0" uspid="4505" ordinal="20" offset="282" sl="79" path="0" offsetend="284" fileid="130" />
                <BranchPoint vc="0" uspid="4506" ordinal="21" offset="282" sl="79" path="1" offsetend="338" fileid="130" />
                <BranchPoint vc="0" uspid="4507" ordinal="22" offset="325" sl="84" path="0" offsetend="327" fileid="130" />
                <BranchPoint vc="0" uspid="4508" ordinal="23" offset="325" sl="84" path="1" offsetend="338" fileid="130" />
                <BranchPoint vc="0" uspid="4509" ordinal="24" offset="340" sl="90" path="0" offsetend="342" fileid="130" />
                <BranchPoint vc="0" uspid="4510" ordinal="25" offset="340" sl="90" path="1" offsetend="413" fileid="130" />
                <BranchPoint vc="0" uspid="4511" ordinal="26" offset="345" sl="92" path="0" offsetend="347" fileid="130" />
                <BranchPoint vc="0" uspid="4512" ordinal="27" offset="345" sl="92" path="1" offsetend="362" fileid="130" />
                <BranchPoint vc="0" uspid="4513" ordinal="28" offset="387" sl="102" path="0" offsetend="389" fileid="130" />
                <BranchPoint vc="0" uspid="4514" ordinal="29" offset="387" sl="102" path="1" offsetend="413" fileid="130" />
              </BranchPoints>
              <MethodPoint xsi:type="SequencePoint" vc="0" uspid="4444" ordinal="0" offset="0" sl="21" sc="13" el="21" ec="66" bec="3" bev="0" fileid="130" />
            </Method>
            <Method visited="false" cyclomaticComplexity="1" nPathComplexity="0" sequenceCoverage="0" branchCoverage="0" crapScore="2" isConstructor="false" isStatic="false" isGetter="false" isSetter="false">
              <Summary numSequencePoints="1" visitedSequencePoints="0" numBranchPoints="1" visitedBranchPoints="0" sequenceCoverage="0" branchCoverage="0" maxCyclomaticComplexity="1" minCyclomaticComplexity="1" maxCrapScore="2" minCrapScore="2" visitedClasses="0" numClasses="0" visitedMethods="0" numMethods="1" />
              <MetadataToken>100663830</MetadataToken>
              <Name>System.String Humanizer.Localisation.NumberToWords.SerbianCyrlNumberToWordsConverter::ConvertToOrdinal(System.Int32)</Name>
              <FileRef uid="130" />
              <SequencePoints>
                <SequencePoint vc="0" uspid="4515" ordinal="0" offset="0" sl="115" sc="13" el="115" ec="46" bec="0" bev="0" fileid="130" />
              </SequencePoints>
              <BranchPoints />
              <MethodPoint xsi:type="SequencePoint" vc="0" uspid="4515" ordinal="0" offset="0" sl="115" sc="13" el="115" ec="46" bec="0" bev="0" fileid="130" />
            </Method>
            <Method visited="false" cyclomaticComplexity="5" nPathComplexity="0" sequenceCoverage="0" branchCoverage="0" crapScore="30" isConstructor="false" isStatic="false" isGetter="false" isSetter="false">
              <Summary numSequencePoints="4" visitedSequencePoints="0" numBranchPoints="1" visitedBranchPoints="0" sequenceCoverage="0" branchCoverage="0" maxCyclomaticComplexity="5" minCyclomaticComplexity="5" maxCrapScore="30" minCrapScore="30" visitedClasses="0" numClasses="0" visitedMethods="0" numMethods="1" />
              <MetadataToken>100663831</MetadataToken>
              <Name>System.String Humanizer.Localisation.NumberToWords.SerbianCyrlNumberToWordsConverter::Part(System.String,System.String,System.String,System.String,System.Int32)</Name>
              <FileRef uid="130" />
              <SequencePoints>
                <SequencePoint vc="0" uspid="4516" ordinal="0" offset="27" sl="123" sc="21" el="123" ec="37" bec="0" bev="0" fileid="130" />
                <SequencePoint vc="0" uspid="4517" ordinal="1" offset="29" sl="125" sc="21" el="125" ec="33" bec="0" bev="0" fileid="130" />
                <SequencePoint vc="0" uspid="4518" ordinal="2" offset="31" sl="128" sc="21" el="128" ec="73" bec="0" bev="0" fileid="130" />
                <SequencePoint vc="0" uspid="4519" ordinal="3" offset="47" sl="130" sc="21" el="130" ec="67" bec="0" bev="0" fileid="130" />
              </SequencePoints>
              <BranchPoints />
              <MethodPoint vc="0" uspid="4525" ordinal="0" offset="0" />
            </Method>
            <Method visited="false" cyclomaticComplexity="1" nPathComplexity="0" sequenceCoverage="0" branchCoverage="0" crapScore="2" isConstructor="true" isStatic="true" isGetter="false" isSetter="false">
              <Summary numSequencePoints="2" visitedSequencePoints="0" numBranchPoints="1" visitedBranchPoints="0" sequenceCoverage="0" branchCoverage="0" maxCyclomaticComplexity="1" minCyclomaticComplexity="1" maxCrapScore="2" minCrapScore="2" visitedClasses="0" numClasses="0" visitedMethods="0" numMethods="1" />
              <MetadataToken>100663832</MetadataToken>
              <Name>System.Void Humanizer.Localisation.NumberToWords.SerbianCyrlNumberToWordsConverter::.cctor()</Name>
              <FileRef uid="130" />
              <SequencePoints>
                <SequencePoint vc="0" uspid="4526" ordinal="0" offset="0" sl="9" sc="9" el="9" ec="261" bec="0" bev="0" fileid="130" />
                <SequencePoint vc="0" uspid="4527" ordinal="1" offset="183" sl="10" sc="9" el="10" ec="175" bec="0" bev="0" fileid="130" />
              </SequencePoints>
              <BranchPoints />
              <MethodPoint xsi:type="SequencePoint" vc="0" uspid="4526" ordinal="0" offset="0" sl="9" sc="9" el="9" ec="261" bec="0" bev="0" fileid="130" />
            </Method>
          </Methods>
        </Class>
        <Class>
          <Summary numSequencePoints="51" visitedSequencePoints="0" numBranchPoints="35" visitedBranchPoints="0" sequenceCoverage="0" branchCoverage="0" maxCyclomaticComplexity="16" minCyclomaticComplexity="1" maxCrapScore="272" minCrapScore="2" visitedClasses="0" numClasses="1" visitedMethods="0" numMethods="5" />
          <FullName>Humanizer.Localisation.NumberToWords.SerbianNumberToWordsConverter</FullName>
          <Methods>
            <Method visited="false" cyclomaticComplexity="1" nPathComplexity="0" sequenceCoverage="0" branchCoverage="0" crapScore="2" isConstructor="true" isStatic="false" isGetter="false" isSetter="false">
              <Summary numSequencePoints="3" visitedSequencePoints="0" numBranchPoints="1" visitedBranchPoints="0" sequenceCoverage="0" branchCoverage="0" maxCyclomaticComplexity="1" minCyclomaticComplexity="1" maxCrapScore="2" minCrapScore="2" visitedClasses="0" numClasses="0" visitedMethods="0" numMethods="1" />
              <MetadataToken>100663833</MetadataToken>
              <Name>System.Void Humanizer.Localisation.NumberToWords.SerbianNumberToWordsConverter::.ctor(System.Globalization.CultureInfo)</Name>
              <FileRef uid="131" />
              <SequencePoints>
                <SequencePoint vc="0" uspid="4528" ordinal="0" offset="0" sl="14" sc="9" el="14" ec="66" bec="0" bev="0" fileid="131" />
                <SequencePoint vc="0" uspid="4529" ordinal="1" offset="6" sl="16" sc="13" el="16" ec="32" bec="0" bev="0" fileid="131" />
                <SequencePoint vc="0" uspid="4530" ordinal="2" offset="13" sl="17" sc="9" el="17" ec="10" bec="0" bev="0" fileid="131" />
              </SequencePoints>
              <BranchPoints />
              <MethodPoint xsi:type="SequencePoint" vc="0" uspid="4528" ordinal="0" offset="0" sl="14" sc="9" el="14" ec="66" bec="0" bev="0" fileid="131" />
            </Method>
            <Method visited="false" cyclomaticComplexity="16" nPathComplexity="32768" sequenceCoverage="0" branchCoverage="0" crapScore="272" isConstructor="false" isStatic="false" isGetter="false" isSetter="false">
              <Summary numSequencePoints="41" visitedSequencePoints="0" numBranchPoints="31" visitedBranchPoints="0" sequenceCoverage="0" branchCoverage="0" maxCyclomaticComplexity="16" minCyclomaticComplexity="16" maxCrapScore="272" minCrapScore="272" visitedClasses="0" numClasses="0" visitedMethods="0" numMethods="1" />
              <MetadataToken>100663834</MetadataToken>
              <Name>System.String Humanizer.Localisation.NumberToWords.SerbianNumberToWordsConverter::Convert(System.Int64)</Name>
              <FileRef uid="131" />
              <SequencePoints>
                <SequencePoint vc="0" uspid="4531" ordinal="0" offset="0" sl="21" sc="13" el="21" ec="66" bec="3" bev="0" fileid="131" />
                <SequencePoint vc="0" uspid="4532" ordinal="1" offset="18" sl="23" sc="17" el="23" ec="53" bec="0" bev="0" fileid="131" />
                <SequencePoint vc="0" uspid="4533" ordinal="2" offset="24" sl="25" sc="13" el="25" ec="37" bec="0" bev="0" fileid="131" />
                <SequencePoint vc="0" uspid="4534" ordinal="3" offset="27" sl="26" sc="13" el="26" ec="29" bec="2" bev="0" fileid="131" />
                <SequencePoint vc="0" uspid="4535" ordinal="4" offset="30" sl="28" sc="17" el="28" ec="31" bec="0" bev="0" fileid="131" />
                <SequencePoint vc="0" uspid="4536" ordinal="5" offset="36" sl="31" sc="13" el="31" ec="28" bec="2" bev="0" fileid="131" />
                <SequencePoint vc="0" uspid="4537" ordinal="6" offset="40" sl="33" sc="17" el="33" ec="65" bec="0" bev="0" fileid="131" />
                <SequencePoint vc="0" uspid="4538" ordinal="7" offset="60" sl="36" sc="13" el="36" ec="44" bec="0" bev="0" fileid="131" />
                <SequencePoint vc="0" uspid="4539" ordinal="8" offset="66" sl="37" sc="13" el="37" ec="48" bec="0" bev="0" fileid="131" />
                <SequencePoint vc="0" uspid="4540" ordinal="9" offset="74" sl="39" sc="13" el="39" ec="30" bec="2" bev="0" fileid="131" />
                <SequencePoint vc="0" uspid="4541" ordinal="10" offset="78" sl="41" sc="17" el="41" ec="107" bec="0" bev="0" fileid="131" />
                <SequencePoint vc="0" uspid="4542" ordinal="11" offset="111" sl="42" sc="17" el="42" ec="38" bec="0" bev="0" fileid="131" />
                <SequencePoint vc="0" uspid="4543" ordinal="12" offset="119" sl="44" sc="17" el="44" ec="32" bec="2" bev="0" fileid="131" />
                <SequencePoint vc="0" uspid="4544" ordinal="13" offset="123" sl="46" sc="21" el="46" ec="36" bec="0" bev="0" fileid="131" />
                <SequencePoint vc="0" uspid="4545" ordinal="14" offset="134" sl="50" sc="13" el="50" ec="45" bec="0" bev="0" fileid="131" />
                <SequencePoint vc="0" uspid="4546" ordinal="15" offset="142" sl="52" sc="13" el="52" ec="30" bec="2" bev="0" fileid="131" />
                <SequencePoint vc="0" uspid="4547" ordinal="16" offset="146" sl="54" sc="17" el="54" ec="98" bec="0" bev="0" fileid="131" />
                <SequencePoint vc="0" uspid="4548" ordinal="17" offset="179" sl="55" sc="17" el="55" ec="35" bec="0" bev="0" fileid="131" />
                <SequencePoint vc="0" uspid="4549" ordinal="18" offset="187" sl="57" sc="17" el="57" ec="32" bec="2" bev="0" fileid="131" />
                <SequencePoint vc="0" uspid="4550" ordinal="19" offset="191" sl="59" sc="21" el="59" ec="36" bec="0" bev="0" fileid="131" />
                <SequencePoint vc="0" uspid="4551" ordinal="20" offset="202" sl="63" sc="13" el="63" ec="43" bec="0" bev="0" fileid="131" />
                <SequencePoint vc="0" uspid="4552" ordinal="21" offset="211" sl="65" sc="13" el="65" ec="31" bec="2" bev="0" fileid="131" />
                <SequencePoint vc="0" uspid="4553" ordinal="22" offset="216" sl="67" sc="17" el="67" ec="100" bec="0" bev="0" fileid="131" />
                <SequencePoint vc="0" uspid="4554" ordinal="23" offset="250" sl="68" sc="17" el="68" ec="32" bec="0" bev="0" fileid="131" />
                <SequencePoint vc="0" uspid="4555" ordinal="24" offset="258" sl="70" sc="17" el="70" ec="32" bec="2" bev="0" fileid="131" />
                <SequencePoint vc="0" uspid="4556" ordinal="25" offset="262" sl="72" sc="21" el="72" ec="36" bec="0" bev="0" fileid="131" />
                <SequencePoint vc="0" uspid="4557" ordinal="26" offset="273" sl="76" sc="13" el="76" ec="41" bec="0" bev="0" fileid="131" />
                <SequencePoint vc="0" uspid="4558" ordinal="27" offset="279" sl="78" sc="13" el="78" ec="30" bec="2" bev="0" fileid="131" />
                <SequencePoint vc="0" uspid="4559" ordinal="28" offset="284" sl="80" sc="17" el="80" ec="80" bec="0" bev="0" fileid="131" />
                <SequencePoint vc="0" uspid="4560" ordinal="29" offset="318" sl="81" sc="17" el="81" ec="31" bec="0" bev="0" fileid="131" />
                <SequencePoint vc="0" uspid="4561" ordinal="30" offset="323" sl="83" sc="17" el="83" ec="32" bec="2" bev="0" fileid="131" />
                <SequencePoint vc="0" uspid="4562" ordinal="31" offset="327" sl="85" sc="21" el="85" ec="36" bec="0" bev="0" fileid="131" />
                <SequencePoint vc="0" uspid="4563" ordinal="32" offset="338" sl="89" sc="13" el="89" ec="28" bec="2" bev="0" fileid="131" />
                <SequencePoint vc="0" uspid="4564" ordinal="33" offset="342" sl="91" sc="17" el="91" ec="33" bec="2" bev="0" fileid="131" />
                <SequencePoint vc="0" uspid="4565" ordinal="34" offset="347" sl="93" sc="21" el="93" ec="49" bec="0" bev="0" fileid="131" />
                <SequencePoint vc="0" uspid="4566" ordinal="35" offset="360" sl="94" sc="17" el="94" ec="18" bec="0" bev="0" fileid="131" />
                <SequencePoint vc="0" uspid="4567" ordinal="36" offset="362" sl="97" sc="21" el="97" ec="53" bec="0" bev="0" fileid="131" />
                <SequencePoint vc="0" uspid="4568" ordinal="37" offset="378" sl="98" sc="21" el="98" ec="45" bec="0" bev="0" fileid="131" />
                <SequencePoint vc="0" uspid="4569" ordinal="38" offset="384" sl="100" sc="21" el="100" ec="35" bec="2" bev="0" fileid="131" />
                <SequencePoint vc="0" uspid="4570" ordinal="39" offset="389" sl="102" sc="25" el="102" ec="75" bec="0" bev="0" fileid="131" />
                <SequencePoint vc="0" uspid="4571" ordinal="40" offset="413" sl="107" sc="13" el="107" ec="43" bec="0" bev="0" fileid="131" />
              </SequencePoints>
              <BranchPoints>
                <BranchPoint vc="0" uspid="4572" ordinal="0" offset="7" sl="21" path="0" offsetend="9" fileid="131" />
                <BranchPoint vc="0" uspid="4573" ordinal="1" offset="7" sl="21" path="1" offsetend="18" fileid="131" />
                <BranchPoint vc="0" uspid="4574" ordinal="2" offset="16" sl="21" path="0" offsetend="18" fileid="131" />
                <BranchPoint vc="0" uspid="4575" ordinal="3" offset="16" sl="21" path="1" offsetend="24" fileid="131" />
                <BranchPoint vc="0" uspid="4576" ordinal="4" offset="28" sl="26" path="0" offsetend="30" fileid="131" />
                <BranchPoint vc="0" uspid="4577" ordinal="5" offset="28" sl="26" path="1" offsetend="36" fileid="131" />
                <BranchPoint vc="0" uspid="4578" ordinal="6" offset="38" sl="31" path="0" offsetend="40" fileid="131" />
                <BranchPoint vc="0" uspid="4579" ordinal="7" offset="38" sl="31" path="1" offsetend="60" fileid="131" />
                <BranchPoint vc="0" uspid="4580" ordinal="8" offset="76" sl="39" path="0" offsetend="78" fileid="131" />
                <BranchPoint vc="0" uspid="4581" ordinal="9" offset="76" sl="39" path="1" offsetend="134" fileid="131" />
                <BranchPoint vc="0" uspid="4582" ordinal="10" offset="121" sl="44" path="0" offsetend="123" fileid="131" />
                <BranchPoint vc="0" uspid="4583" ordinal="11" offset="121" sl="44" path="1" offsetend="134" fileid="131" />
                <BranchPoint vc="0" uspid="4584" ordinal="12" offset="144" sl="52" path="0" offsetend="146" fileid="131" />
                <BranchPoint vc="0" uspid="4585" ordinal="13" offset="144" sl="52" path="1" offsetend="202" fileid="131" />
                <BranchPoint vc="0" uspid="4586" ordinal="14" offset="189" sl="57" path="0" offsetend="191" fileid="131" />
                <BranchPoint vc="0" uspid="4587" ordinal="15" offset="189" sl="57" path="1" offsetend="202" fileid="131" />
                <BranchPoint vc="0" uspid="4588" ordinal="16" offset="214" sl="65" path="0" offsetend="216" fileid="131" />
                <BranchPoint vc="0" uspid="4589" ordinal="17" offset="214" sl="65" path="1" offsetend="273" fileid="131" />
                <BranchPoint vc="0" uspid="4590" ordinal="18" offset="260" sl="70" path="0" offsetend="262" fileid="131" />
                <BranchPoint vc="0" uspid="4591" ordinal="19" offset="260" sl="70" path="1" offsetend="273" fileid="131" />
                <BranchPoint vc="0" uspid="4592" ordinal="20" offset="282" sl="78" path="0" offsetend="284" fileid="131" />
                <BranchPoint vc="0" uspid="4593" ordinal="21" offset="282" sl="78" path="1" offsetend="338" fileid="131" />
                <BranchPoint vc="0" uspid="4594" ordinal="22" offset="325" sl="83" path="0" offsetend="327" fileid="131" />
                <BranchPoint vc="0" uspid="4595" ordinal="23" offset="325" sl="83" path="1" offsetend="338" fileid="131" />
                <BranchPoint vc="0" uspid="4596" ordinal="24" offset="340" sl="89" path="0" offsetend="342" fileid="131" />
                <BranchPoint vc="0" uspid="4597" ordinal="25" offset="340" sl="89" path="1" offsetend="413" fileid="131" />
                <BranchPoint vc="0" uspid="4598" ordinal="26" offset="345" sl="91" path="0" offsetend="347" fileid="131" />
                <BranchPoint vc="0" uspid="4599" ordinal="27" offset="345" sl="91" path="1" offsetend="362" fileid="131" />
                <BranchPoint vc="0" uspid="4600" ordinal="28" offset="387" sl="100" path="0" offsetend="389" fileid="131" />
                <BranchPoint vc="0" uspid="4601" ordinal="29" offset="387" sl="100" path="1" offsetend="413" fileid="131" />
              </BranchPoints>
              <MethodPoint xsi:type="SequencePoint" vc="0" uspid="4531" ordinal="0" offset="0" sl="21" sc="13" el="21" ec="66" bec="3" bev="0" fileid="131" />
            </Method>
            <Method visited="false" cyclomaticComplexity="1" nPathComplexity="0" sequenceCoverage="0" branchCoverage="0" crapScore="2" isConstructor="false" isStatic="false" isGetter="false" isSetter="false">
              <Summary numSequencePoints="1" visitedSequencePoints="0" numBranchPoints="1" visitedBranchPoints="0" sequenceCoverage="0" branchCoverage="0" maxCyclomaticComplexity="1" minCyclomaticComplexity="1" maxCrapScore="2" minCrapScore="2" visitedClasses="0" numClasses="0" visitedMethods="0" numMethods="1" />
              <MetadataToken>100663835</MetadataToken>
              <Name>System.String Humanizer.Localisation.NumberToWords.SerbianNumberToWordsConverter::ConvertToOrdinal(System.Int32)</Name>
              <FileRef uid="131" />
              <SequencePoints>
                <SequencePoint vc="0" uspid="4602" ordinal="0" offset="0" sl="113" sc="13" el="113" ec="46" bec="0" bev="0" fileid="131" />
              </SequencePoints>
              <BranchPoints />
              <MethodPoint xsi:type="SequencePoint" vc="0" uspid="4602" ordinal="0" offset="0" sl="113" sc="13" el="113" ec="46" bec="0" bev="0" fileid="131" />
            </Method>
            <Method visited="false" cyclomaticComplexity="5" nPathComplexity="0" sequenceCoverage="0" branchCoverage="0" crapScore="30" isConstructor="false" isStatic="false" isGetter="false" isSetter="false">
              <Summary numSequencePoints="4" visitedSequencePoints="0" numBranchPoints="1" visitedBranchPoints="0" sequenceCoverage="0" branchCoverage="0" maxCyclomaticComplexity="5" minCyclomaticComplexity="5" maxCrapScore="30" minCrapScore="30" visitedClasses="0" numClasses="0" visitedMethods="0" numMethods="1" />
              <MetadataToken>100663836</MetadataToken>
              <Name>System.String Humanizer.Localisation.NumberToWords.SerbianNumberToWordsConverter::Part(System.String,System.String,System.String,System.String,System.Int32)</Name>
              <FileRef uid="131" />
              <SequencePoints>
                <SequencePoint vc="0" uspid="4603" ordinal="0" offset="27" sl="121" sc="21" el="121" ec="37" bec="0" bev="0" fileid="131" />
                <SequencePoint vc="0" uspid="4604" ordinal="1" offset="29" sl="123" sc="21" el="123" ec="33" bec="0" bev="0" fileid="131" />
                <SequencePoint vc="0" uspid="4605" ordinal="2" offset="31" sl="126" sc="21" el="126" ec="73" bec="0" bev="0" fileid="131" />
                <SequencePoint vc="0" uspid="4606" ordinal="3" offset="47" sl="128" sc="21" el="128" ec="67" bec="0" bev="0" fileid="131" />
              </SequencePoints>
              <BranchPoints />
              <MethodPoint vc="0" uspid="4612" ordinal="0" offset="0" />
            </Method>
            <Method visited="false" cyclomaticComplexity="1" nPathComplexity="0" sequenceCoverage="0" branchCoverage="0" crapScore="2" isConstructor="true" isStatic="true" isGetter="false" isSetter="false">
              <Summary numSequencePoints="2" visitedSequencePoints="0" numBranchPoints="1" visitedBranchPoints="0" sequenceCoverage="0" branchCoverage="0" maxCyclomaticComplexity="1" minCyclomaticComplexity="1" maxCrapScore="2" minCrapScore="2" visitedClasses="0" numClasses="0" visitedMethods="0" numMethods="1" />
              <MetadataToken>100663837</MetadataToken>
              <Name>System.Void Humanizer.Localisation.NumberToWords.SerbianNumberToWordsConverter::.cctor()</Name>
              <FileRef uid="131" />
              <SequencePoints>
                <SequencePoint vc="0" uspid="4613" ordinal="0" offset="0" sl="9" sc="9" el="9" ec="263" bec="0" bev="0" fileid="131" />
                <SequencePoint vc="0" uspid="4614" ordinal="1" offset="183" sl="10" sc="9" el="10" ec="175" bec="0" bev="0" fileid="131" />
              </SequencePoints>
              <BranchPoints />
              <MethodPoint xsi:type="SequencePoint" vc="0" uspid="4613" ordinal="0" offset="0" sl="9" sc="9" el="9" ec="263" bec="0" bev="0" fileid="131" />
            </Method>
          </Methods>
        </Class>
        <Class>
          <Summary numSequencePoints="57" visitedSequencePoints="0" numBranchPoints="45" visitedBranchPoints="0" sequenceCoverage="0" branchCoverage="0" maxCyclomaticComplexity="17" minCyclomaticComplexity="1" maxCrapScore="306" minCrapScore="2" visitedClasses="0" numClasses="1" visitedMethods="0" numMethods="5" />
          <FullName>Humanizer.Localisation.NumberToWords.SlovenianNumberToWordsConverter</FullName>
          <Methods>
            <Method visited="false" cyclomaticComplexity="1" nPathComplexity="0" sequenceCoverage="0" branchCoverage="0" crapScore="2" isConstructor="true" isStatic="false" isGetter="false" isSetter="false">
              <Summary numSequencePoints="3" visitedSequencePoints="0" numBranchPoints="1" visitedBranchPoints="0" sequenceCoverage="0" branchCoverage="0" maxCyclomaticComplexity="1" minCyclomaticComplexity="1" maxCrapScore="2" minCrapScore="2" visitedClasses="0" numClasses="0" visitedMethods="0" numMethods="1" />
              <MetadataToken>100663838</MetadataToken>
              <Name>System.Void Humanizer.Localisation.NumberToWords.SlovenianNumberToWordsConverter::.ctor(System.Globalization.CultureInfo)</Name>
              <FileRef uid="132" />
              <SequencePoints>
                <SequencePoint vc="0" uspid="4615" ordinal="0" offset="0" sl="14" sc="9" el="14" ec="68" bec="0" bev="0" fileid="132" />
                <SequencePoint vc="0" uspid="4616" ordinal="1" offset="6" sl="16" sc="13" el="16" ec="32" bec="0" bev="0" fileid="132" />
                <SequencePoint vc="0" uspid="4617" ordinal="2" offset="13" sl="17" sc="9" el="17" ec="10" bec="0" bev="0" fileid="132" />
              </SequencePoints>
              <BranchPoints />
              <MethodPoint xsi:type="SequencePoint" vc="0" uspid="4615" ordinal="0" offset="0" sl="14" sc="9" el="14" ec="68" bec="0" bev="0" fileid="132" />
            </Method>
            <Method visited="false" cyclomaticComplexity="17" nPathComplexity="65536" sequenceCoverage="0" branchCoverage="0" crapScore="306" isConstructor="false" isStatic="false" isGetter="false" isSetter="false">
              <Summary numSequencePoints="44" visitedSequencePoints="0" numBranchPoints="33" visitedBranchPoints="0" sequenceCoverage="0" branchCoverage="0" maxCyclomaticComplexity="17" minCyclomaticComplexity="17" maxCrapScore="306" minCrapScore="306" visitedClasses="0" numClasses="0" visitedMethods="0" numMethods="1" />
              <MetadataToken>100663839</MetadataToken>
              <Name>System.String Humanizer.Localisation.NumberToWords.SlovenianNumberToWordsConverter::Convert(System.Int64)</Name>
              <FileRef uid="132" />
              <SequencePoints>
                <SequencePoint vc="0" uspid="4618" ordinal="0" offset="0" sl="21" sc="13" el="21" ec="66" bec="3" bev="0" fileid="132" />
                <SequencePoint vc="0" uspid="4619" ordinal="1" offset="18" sl="23" sc="17" el="23" ec="53" bec="0" bev="0" fileid="132" />
                <SequencePoint vc="0" uspid="4620" ordinal="2" offset="24" sl="25" sc="13" el="25" ec="37" bec="0" bev="0" fileid="132" />
                <SequencePoint vc="0" uspid="4621" ordinal="3" offset="27" sl="26" sc="13" el="26" ec="29" bec="2" bev="0" fileid="132" />
                <SequencePoint vc="0" uspid="4622" ordinal="4" offset="30" sl="28" sc="17" el="28" ec="30" bec="0" bev="0" fileid="132" />
                <SequencePoint vc="0" uspid="4623" ordinal="5" offset="36" sl="31" sc="13" el="31" ec="28" bec="2" bev="0" fileid="132" />
                <SequencePoint vc="0" uspid="4624" ordinal="6" offset="40" sl="33" sc="17" el="33" ec="69" bec="0" bev="0" fileid="132" />
                <SequencePoint vc="0" uspid="4625" ordinal="7" offset="60" sl="36" sc="13" el="36" ec="44" bec="0" bev="0" fileid="132" />
                <SequencePoint vc="0" uspid="4626" ordinal="8" offset="66" sl="38" sc="13" el="38" ec="48" bec="0" bev="0" fileid="132" />
                <SequencePoint vc="0" uspid="4627" ordinal="9" offset="74" sl="39" sc="13" el="39" ec="30" bec="2" bev="0" fileid="132" />
                <SequencePoint vc="0" uspid="4628" ordinal="10" offset="78" sl="41" sc="17" el="41" ec="106" bec="0" bev="0" fileid="132" />
                <SequencePoint vc="0" uspid="4629" ordinal="11" offset="111" sl="42" sc="17" el="42" ec="38" bec="0" bev="0" fileid="132" />
                <SequencePoint vc="0" uspid="4630" ordinal="12" offset="119" sl="43" sc="17" el="43" ec="32" bec="2" bev="0" fileid="132" />
                <SequencePoint vc="0" uspid="4631" ordinal="13" offset="123" sl="45" sc="21" el="45" ec="36" bec="0" bev="0" fileid="132" />
                <SequencePoint vc="0" uspid="4632" ordinal="14" offset="134" sl="49" sc="13" el="49" ec="45" bec="0" bev="0" fileid="132" />
                <SequencePoint vc="0" uspid="4633" ordinal="15" offset="142" sl="50" sc="13" el="50" ec="30" bec="2" bev="0" fileid="132" />
                <SequencePoint vc="0" uspid="4634" ordinal="16" offset="146" sl="52" sc="17" el="52" ec="103" bec="0" bev="0" fileid="132" />
                <SequencePoint vc="0" uspid="4635" ordinal="17" offset="179" sl="53" sc="17" el="53" ec="35" bec="0" bev="0" fileid="132" />
                <SequencePoint vc="0" uspid="4636" ordinal="18" offset="187" sl="54" sc="17" el="54" ec="32" bec="2" bev="0" fileid="132" />
                <SequencePoint vc="0" uspid="4637" ordinal="19" offset="191" sl="56" sc="21" el="56" ec="36" bec="0" bev="0" fileid="132" />
                <SequencePoint vc="0" uspid="4638" ordinal="20" offset="202" sl="60" sc="13" el="60" ec="43" bec="0" bev="0" fileid="132" />
                <SequencePoint vc="0" uspid="4639" ordinal="21" offset="211" sl="61" sc="13" el="61" ec="31" bec="2" bev="0" fileid="132" />
                <SequencePoint vc="0" uspid="4640" ordinal="22" offset="216" sl="63" sc="17" el="63" ec="92" bec="0" bev="0" fileid="132" />
                <SequencePoint vc="0" uspid="4641" ordinal="23" offset="250" sl="64" sc="17" el="64" ec="32" bec="0" bev="0" fileid="132" />
                <SequencePoint vc="0" uspid="4642" ordinal="24" offset="258" sl="65" sc="17" el="65" ec="32" bec="2" bev="0" fileid="132" />
                <SequencePoint vc="0" uspid="4643" ordinal="25" offset="262" sl="67" sc="21" el="67" ec="36" bec="0" bev="0" fileid="132" />
                <SequencePoint vc="0" uspid="4644" ordinal="26" offset="273" sl="71" sc="13" el="71" ec="41" bec="0" bev="0" fileid="132" />
                <SequencePoint vc="0" uspid="4645" ordinal="27" offset="279" sl="72" sc="13" el="72" ec="30" bec="2" bev="0" fileid="132" />
                <SequencePoint vc="0" uspid="4646" ordinal="28" offset="284" sl="74" sc="17" el="74" ec="80" bec="0" bev="0" fileid="132" />
                <SequencePoint vc="0" uspid="4647" ordinal="29" offset="318" sl="75" sc="17" el="75" ec="31" bec="0" bev="0" fileid="132" />
                <SequencePoint vc="0" uspid="4648" ordinal="30" offset="323" sl="76" sc="17" el="76" ec="32" bec="2" bev="0" fileid="132" />
                <SequencePoint vc="0" uspid="4649" ordinal="31" offset="327" sl="78" sc="21" el="78" ec="36" bec="0" bev="0" fileid="132" />
                <SequencePoint vc="0" uspid="4650" ordinal="32" offset="338" sl="82" sc="13" el="82" ec="28" bec="2" bev="0" fileid="132" />
                <SequencePoint vc="0" uspid="4651" ordinal="33" offset="342" sl="84" sc="17" el="84" ec="33" bec="2" bev="0" fileid="132" />
                <SequencePoint vc="0" uspid="4652" ordinal="34" offset="347" sl="86" sc="21" el="86" ec="36" bec="2" bev="0" fileid="132" />
                <SequencePoint vc="0" uspid="4653" ordinal="35" offset="351" sl="88" sc="25" el="88" ec="53" bec="0" bev="0" fileid="132" />
                <SequencePoint vc="0" uspid="4654" ordinal="36" offset="364" sl="89" sc="21" el="89" ec="22" bec="0" bev="0" fileid="132" />
                <SequencePoint vc="0" uspid="4655" ordinal="37" offset="366" sl="92" sc="25" el="92" ec="42" bec="0" bev="0" fileid="132" />
                <SequencePoint vc="0" uspid="4656" ordinal="38" offset="377" sl="94" sc="17" el="94" ec="18" bec="0" bev="0" fileid="132" />
                <SequencePoint vc="0" uspid="4657" ordinal="39" offset="379" sl="97" sc="21" el="97" ec="45" bec="0" bev="0" fileid="132" />
                <SequencePoint vc="0" uspid="4658" ordinal="40" offset="385" sl="98" sc="21" el="98" ec="35" bec="2" bev="0" fileid="132" />
                <SequencePoint vc="0" uspid="4659" ordinal="41" offset="390" sl="100" sc="25" el="100" ec="76" bec="0" bev="0" fileid="132" />
                <SequencePoint vc="0" uspid="4660" ordinal="42" offset="414" sl="103" sc="21" el="103" ec="53" bec="0" bev="0" fileid="132" />
                <SequencePoint vc="0" uspid="4661" ordinal="43" offset="430" sl="107" sc="13" el="107" ec="43" bec="0" bev="0" fileid="132" />
              </SequencePoints>
              <BranchPoints>
                <BranchPoint vc="0" uspid="4662" ordinal="0" offset="7" sl="21" path="0" offsetend="9" fileid="132" />
                <BranchPoint vc="0" uspid="4663" ordinal="1" offset="7" sl="21" path="1" offsetend="18" fileid="132" />
                <BranchPoint vc="0" uspid="4664" ordinal="2" offset="16" sl="21" path="0" offsetend="18" fileid="132" />
                <BranchPoint vc="0" uspid="4665" ordinal="3" offset="16" sl="21" path="1" offsetend="24" fileid="132" />
                <BranchPoint vc="0" uspid="4666" ordinal="4" offset="28" sl="26" path="0" offsetend="30" fileid="132" />
                <BranchPoint vc="0" uspid="4667" ordinal="5" offset="28" sl="26" path="1" offsetend="36" fileid="132" />
                <BranchPoint vc="0" uspid="4668" ordinal="6" offset="38" sl="31" path="0" offsetend="40" fileid="132" />
                <BranchPoint vc="0" uspid="4669" ordinal="7" offset="38" sl="31" path="1" offsetend="60" fileid="132" />
                <BranchPoint vc="0" uspid="4670" ordinal="8" offset="76" sl="39" path="0" offsetend="78" fileid="132" />
                <BranchPoint vc="0" uspid="4671" ordinal="9" offset="76" sl="39" path="1" offsetend="134" fileid="132" />
                <BranchPoint vc="0" uspid="4672" ordinal="10" offset="121" sl="43" path="0" offsetend="123" fileid="132" />
                <BranchPoint vc="0" uspid="4673" ordinal="11" offset="121" sl="43" path="1" offsetend="134" fileid="132" />
                <BranchPoint vc="0" uspid="4674" ordinal="12" offset="144" sl="50" path="0" offsetend="146" fileid="132" />
                <BranchPoint vc="0" uspid="4675" ordinal="13" offset="144" sl="50" path="1" offsetend="202" fileid="132" />
                <BranchPoint vc="0" uspid="4676" ordinal="14" offset="189" sl="54" path="0" offsetend="191" fileid="132" />
                <BranchPoint vc="0" uspid="4677" ordinal="15" offset="189" sl="54" path="1" offsetend="202" fileid="132" />
                <BranchPoint vc="0" uspid="4678" ordinal="16" offset="214" sl="61" path="0" offsetend="216" fileid="132" />
                <BranchPoint vc="0" uspid="4679" ordinal="17" offset="214" sl="61" path="1" offsetend="273" fileid="132" />
                <BranchPoint vc="0" uspid="4680" ordinal="18" offset="260" sl="65" path="0" offsetend="262" fileid="132" />
                <BranchPoint vc="0" uspid="4681" ordinal="19" offset="260" sl="65" path="1" offsetend="273" fileid="132" />
                <BranchPoint vc="0" uspid="4682" ordinal="20" offset="282" sl="72" path="0" offsetend="284" fileid="132" />
                <BranchPoint vc="0" uspid="4683" ordinal="21" offset="282" sl="72" path="1" offsetend="338" fileid="132" />
                <BranchPoint vc="0" uspid="4684" ordinal="22" offset="325" sl="76" path="0" offsetend="327" fileid="132" />
                <BranchPoint vc="0" uspid="4685" ordinal="23" offset="325" sl="76" path="1" offsetend="338" fileid="132" />
                <BranchPoint vc="0" uspid="4686" ordinal="24" offset="340" sl="82" path="0" offsetend="342" fileid="132" />
                <BranchPoint vc="0" uspid="4687" ordinal="25" offset="340" sl="82" path="1" offsetend="430" fileid="132" />
                <BranchPoint vc="0" uspid="4688" ordinal="26" offset="345" sl="84" path="0" offsetend="347" fileid="132" />
                <BranchPoint vc="0" uspid="4689" ordinal="27" offset="345" sl="84" path="1" offsetend="379" fileid="132" />
                <BranchPoint vc="0" uspid="4690" ordinal="28" offset="349" sl="86" path="0" offsetend="351" fileid="132" />
                <BranchPoint vc="0" uspid="4691" ordinal="29" offset="349" sl="86" path="1" offsetend="366" fileid="132" />
                <BranchPoint vc="0" uspid="4692" ordinal="30" offset="388" sl="98" path="0" offsetend="390" fileid="132" />
                <BranchPoint vc="0" uspid="4693" ordinal="31" offset="388" sl="98" path="1" offsetend="414" fileid="132" />
              </BranchPoints>
              <MethodPoint xsi:type="SequencePoint" vc="0" uspid="4618" ordinal="0" offset="0" sl="21" sc="13" el="21" ec="66" bec="3" bev="0" fileid="132" />
            </Method>
            <Method visited="false" cyclomaticComplexity="1" nPathComplexity="0" sequenceCoverage="0" branchCoverage="0" crapScore="2" isConstructor="false" isStatic="false" isGetter="false" isSetter="false">
              <Summary numSequencePoints="1" visitedSequencePoints="0" numBranchPoints="1" visitedBranchPoints="0" sequenceCoverage="0" branchCoverage="0" maxCyclomaticComplexity="1" minCyclomaticComplexity="1" maxCrapScore="2" minCrapScore="2" visitedClasses="0" numClasses="0" visitedMethods="0" numMethods="1" />
              <MetadataToken>100663840</MetadataToken>
              <Name>System.String Humanizer.Localisation.NumberToWords.SlovenianNumberToWordsConverter::ConvertToOrdinal(System.Int32)</Name>
              <FileRef uid="132" />
              <SequencePoints>
                <SequencePoint vc="0" uspid="4694" ordinal="0" offset="0" sl="112" sc="13" el="112" ec="46" bec="0" bev="0" fileid="132" />
              </SequencePoints>
              <BranchPoints />
              <MethodPoint xsi:type="SequencePoint" vc="0" uspid="4694" ordinal="0" offset="0" sl="112" sc="13" el="112" ec="46" bec="0" bev="0" fileid="132" />
            </Method>
            <Method visited="false" cyclomaticComplexity="5" nPathComplexity="16" sequenceCoverage="0" branchCoverage="0" crapScore="30" isConstructor="false" isStatic="false" isGetter="false" isSetter="false">
              <Summary numSequencePoints="7" visitedSequencePoints="0" numBranchPoints="9" visitedBranchPoints="0" sequenceCoverage="0" branchCoverage="0" maxCyclomaticComplexity="5" minCyclomaticComplexity="5" maxCrapScore="30" minCrapScore="30" visitedClasses="0" numClasses="0" visitedMethods="0" numMethods="1" />
              <MetadataToken>100663841</MetadataToken>
              <Name>System.String Humanizer.Localisation.NumberToWords.SlovenianNumberToWordsConverter::Part(System.String,System.String,System.String,System.String,System.Int32)</Name>
              <FileRef uid="132" />
              <SequencePoints>
                <SequencePoint vc="0" uspid="4695" ordinal="0" offset="0" sl="117" sc="13" el="117" ec="29" bec="2" bev="0" fileid="132" />
                <SequencePoint vc="0" uspid="4696" ordinal="1" offset="5" sl="119" sc="17" el="119" ec="33" bec="0" bev="0" fileid="132" />
                <SequencePoint vc="0" uspid="4697" ordinal="2" offset="7" sl="122" sc="13" el="122" ec="29" bec="2" bev="0" fileid="132" />
                <SequencePoint vc="0" uspid="4698" ordinal="3" offset="12" sl="124" sc="17" el="124" ec="29" bec="0" bev="0" fileid="132" />
                <SequencePoint vc="0" uspid="4699" ordinal="4" offset="14" sl="127" sc="13" el="127" ec="44" bec="3" bev="0" fileid="132" />
                <SequencePoint vc="0" uspid="4700" ordinal="5" offset="24" sl="129" sc="17" el="129" ec="69" bec="0" bev="0" fileid="132" />
                <SequencePoint vc="0" uspid="4701" ordinal="6" offset="40" sl="132" sc="13" el="132" ec="59" bec="0" bev="0" fileid="132" />
              </SequencePoints>
              <BranchPoints>
                <BranchPoint vc="0" uspid="4702" ordinal="0" offset="3" sl="117" path="0" offsetend="5" fileid="132" />
                <BranchPoint vc="0" uspid="4703" ordinal="1" offset="3" sl="117" path="1" offsetend="7" fileid="132" />
                <BranchPoint vc="0" uspid="4704" ordinal="2" offset="10" sl="122" path="0" offsetend="12" fileid="132" />
                <BranchPoint vc="0" uspid="4705" ordinal="3" offset="10" sl="122" path="1" offsetend="14" fileid="132" />
                <BranchPoint vc="0" uspid="4706" ordinal="4" offset="17" sl="127" path="0" offsetend="19" fileid="132" />
                <BranchPoint vc="0" uspid="4707" ordinal="5" offset="17" sl="127" path="1" offsetend="24" fileid="132" />
                <BranchPoint vc="0" uspid="4708" ordinal="6" offset="22" sl="127" path="0" offsetend="24" fileid="132" />
                <BranchPoint vc="0" uspid="4709" ordinal="7" offset="22" sl="127" path="1" offsetend="40" fileid="132" />
              </BranchPoints>
              <MethodPoint xsi:type="SequencePoint" vc="0" uspid="4695" ordinal="0" offset="0" sl="117" sc="13" el="117" ec="29" bec="2" bev="0" fileid="132" />
            </Method>
            <Method visited="false" cyclomaticComplexity="1" nPathComplexity="0" sequenceCoverage="0" branchCoverage="0" crapScore="2" isConstructor="true" isStatic="true" isGetter="false" isSetter="false">
              <Summary numSequencePoints="2" visitedSequencePoints="0" numBranchPoints="1" visitedBranchPoints="0" sequenceCoverage="0" branchCoverage="0" maxCyclomaticComplexity="1" minCyclomaticComplexity="1" maxCrapScore="2" minCrapScore="2" visitedClasses="0" numClasses="0" visitedMethods="0" numMethods="1" />
              <MetadataToken>100663842</MetadataToken>
              <Name>System.Void Humanizer.Localisation.NumberToWords.SlovenianNumberToWordsConverter::.cctor()</Name>
              <FileRef uid="132" />
              <SequencePoints>
                <SequencePoint vc="0" uspid="4710" ordinal="0" offset="0" sl="9" sc="9" el="9" ec="257" bec="0" bev="0" fileid="132" />
                <SequencePoint vc="0" uspid="4711" ordinal="1" offset="183" sl="10" sc="9" el="10" ec="174" bec="0" bev="0" fileid="132" />
              </SequencePoints>
              <BranchPoints />
              <MethodPoint xsi:type="SequencePoint" vc="0" uspid="4710" ordinal="0" offset="0" sl="9" sc="9" el="9" ec="257" bec="0" bev="0" fileid="132" />
            </Method>
          </Methods>
        </Class>
        <Class>
          <Summary numSequencePoints="77" visitedSequencePoints="0" numBranchPoints="75" visitedBranchPoints="0" sequenceCoverage="0" branchCoverage="0" maxCyclomaticComplexity="26" minCyclomaticComplexity="1" maxCrapScore="702" minCrapScore="2" visitedClasses="0" numClasses="1" visitedMethods="0" numMethods="3" />
          <FullName>Humanizer.Localisation.NumberToWords.SpanishNumberToWordsConverter</FullName>
          <Methods>
            <Method visited="false" cyclomaticComplexity="26" nPathComplexity="4194304" sequenceCoverage="0" branchCoverage="0" crapScore="702" isConstructor="false" isStatic="false" isGetter="false" isSetter="false">
              <Summary numSequencePoints="36" visitedSequencePoints="0" numBranchPoints="45" visitedBranchPoints="0" sequenceCoverage="0" branchCoverage="0" maxCyclomaticComplexity="26" minCyclomaticComplexity="26" maxCrapScore="702" minCrapScore="702" visitedClasses="0" numClasses="0" visitedMethods="0" numMethods="1" />
              <MetadataToken>100663843</MetadataToken>
              <Name>System.String Humanizer.Localisation.NumberToWords.SpanishNumberToWordsConverter::Convert(System.Int64,Humanizer.GrammaticalGender)</Name>
              <FileRef uid="133" />
              <SequencePoints>
                <SequencePoint vc="0" uspid="4712" ordinal="0" offset="0" sl="34" sc="13" el="34" ec="66" bec="3" bev="0" fileid="133" />
                <SequencePoint vc="0" uspid="4713" ordinal="1" offset="18" sl="36" sc="17" el="36" ec="53" bec="0" bev="0" fileid="133" />
                <SequencePoint vc="0" uspid="4714" ordinal="2" offset="24" sl="38" sc="13" el="38" ec="37" bec="0" bev="0" fileid="133" />
                <SequencePoint vc="0" uspid="4715" ordinal="3" offset="27" sl="39" sc="13" el="39" ec="29" bec="2" bev="0" fileid="133" />
                <SequencePoint vc="0" uspid="4716" ordinal="4" offset="30" sl="41" sc="17" el="41" ec="31" bec="0" bev="0" fileid="133" />
                <SequencePoint vc="0" uspid="4717" ordinal="5" offset="36" sl="44" sc="13" el="44" ec="28" bec="2" bev="0" fileid="133" />
                <SequencePoint vc="0" uspid="4718" ordinal="6" offset="40" sl="46" sc="17" el="46" ec="78" bec="0" bev="0" fileid="133" />
                <SequencePoint vc="0" uspid="4719" ordinal="7" offset="64" sl="49" sc="13" el="49" ec="44" bec="0" bev="0" fileid="133" />
                <SequencePoint vc="0" uspid="4720" ordinal="8" offset="70" sl="51" sc="13" el="51" ec="43" bec="2" bev="0" fileid="133" />
                <SequencePoint vc="0" uspid="4721" ordinal="9" offset="80" sl="53" sc="17" el="55" ec="88" bec="2" bev="0" fileid="133" />
                <SequencePoint vc="0" uspid="4722" ordinal="10" offset="127" sl="57" sc="17" el="57" ec="38" bec="0" bev="0" fileid="133" />
                <SequencePoint vc="0" uspid="4723" ordinal="11" offset="135" sl="60" sc="13" el="60" ec="40" bec="2" bev="0" fileid="133" />
                <SequencePoint vc="0" uspid="4724" ordinal="12" offset="145" sl="62" sc="17" el="64" ec="81" bec="2" bev="0" fileid="133" />
                <SequencePoint vc="0" uspid="4725" ordinal="13" offset="192" sl="66" sc="17" el="66" ec="35" bec="0" bev="0" fileid="133" />
                <SequencePoint vc="0" uspid="4726" ordinal="14" offset="200" sl="69" sc="13" el="69" ec="37" bec="2" bev="0" fileid="133" />
                <SequencePoint vc="0" uspid="4727" ordinal="15" offset="210" sl="71" sc="17" el="73" ec="81" bec="2" bev="0" fileid="133" />
                <SequencePoint vc="0" uspid="4728" ordinal="16" offset="258" sl="75" sc="17" el="75" ec="32" bec="0" bev="0" fileid="133" />
                <SequencePoint vc="0" uspid="4729" ordinal="17" offset="266" sl="78" sc="13" el="78" ec="36" bec="2" bev="0" fileid="133" />
                <SequencePoint vc="0" uspid="4730" ordinal="18" offset="273" sl="80" sc="17" el="84" ec="56" bec="4" bev="0" fileid="133" />
                <SequencePoint vc="0" uspid="4731" ordinal="19" offset="317" sl="85" sc="17" el="85" ec="31" bec="0" bev="0" fileid="133" />
                <SequencePoint vc="0" uspid="4732" ordinal="20" offset="322" sl="88" sc="13" el="88" ec="28" bec="2" bev="0" fileid="133" />
                <SequencePoint vc="0" uspid="4733" ordinal="21" offset="329" sl="90" sc="17" el="90" ec="33" bec="2" bev="0" fileid="133" />
                <SequencePoint vc="0" uspid="4734" ordinal="22" offset="334" sl="92" sc="21" el="92" ec="95" bec="4" bev="0" fileid="133" />
                <SequencePoint vc="0" uspid="4735" ordinal="23" offset="347" sl="94" sc="25" el="94" ec="73" bec="2" bev="0" fileid="133" />
                <SequencePoint vc="0" uspid="4736" ordinal="24" offset="369" sl="95" sc="21" el="95" ec="22" bec="0" bev="0" fileid="133" />
                <SequencePoint vc="0" uspid="4737" ordinal="25" offset="371" sl="98" sc="25" el="98" ec="53" bec="0" bev="0" fileid="133" />
                <SequencePoint vc="0" uspid="4738" ordinal="26" offset="384" sl="100" sc="17" el="100" ec="18" bec="0" bev="0" fileid="133" />
                <SequencePoint vc="0" uspid="4739" ordinal="27" offset="386" sl="103" sc="21" el="103" ec="57" bec="0" bev="0" fileid="133" />
                <SequencePoint vc="0" uspid="4740" ordinal="28" offset="397" sl="104" sc="21" el="104" ec="45" bec="0" bev="0" fileid="133" />
                <SequencePoint vc="0" uspid="4741" ordinal="29" offset="402" sl="105" sc="21" el="105" ec="76" bec="3" bev="0" fileid="133" />
                <SequencePoint vc="0" uspid="4742" ordinal="30" offset="410" sl="107" sc="25" el="107" ec="46" bec="0" bev="0" fileid="133" />
                <SequencePoint vc="0" uspid="4743" ordinal="31" offset="422" sl="108" sc="21" el="108" ec="22" bec="0" bev="0" fileid="133" />
                <SequencePoint vc="0" uspid="4744" ordinal="32" offset="424" sl="109" sc="26" el="109" ec="40" bec="2" bev="0" fileid="133" />
                <SequencePoint vc="0" uspid="4745" ordinal="33" offset="428" sl="111" sc="25" el="111" ec="84" bec="0" bev="0" fileid="133" />
                <SequencePoint vc="0" uspid="4746" ordinal="34" offset="455" sl="114" sc="21" el="114" ec="41" bec="0" bev="0" fileid="133" />
                <SequencePoint vc="0" uspid="4747" ordinal="35" offset="462" sl="118" sc="13" el="118" ec="54" bec="0" bev="0" fileid="133" />
              </SequencePoints>
              <BranchPoints>
                <BranchPoint vc="0" uspid="4748" ordinal="0" offset="7" sl="34" path="0" offsetend="9" fileid="133" />
                <BranchPoint vc="0" uspid="4749" ordinal="1" offset="7" sl="34" path="1" offsetend="18" fileid="133" />
                <BranchPoint vc="0" uspid="4750" ordinal="2" offset="16" sl="34" path="0" offsetend="18" fileid="133" />
                <BranchPoint vc="0" uspid="4751" ordinal="3" offset="16" sl="34" path="1" offsetend="24" fileid="133" />
                <BranchPoint vc="0" uspid="4752" ordinal="4" offset="28" sl="39" path="0" offsetend="30" fileid="133" />
                <BranchPoint vc="0" uspid="4753" ordinal="5" offset="28" sl="39" path="1" offsetend="36" fileid="133" />
                <BranchPoint vc="0" uspid="4754" ordinal="6" offset="38" sl="44" path="0" offsetend="40" fileid="133" />
                <BranchPoint vc="0" uspid="4755" ordinal="7" offset="38" sl="44" path="1" offsetend="64" fileid="133" />
                <BranchPoint vc="0" uspid="4756" ordinal="8" offset="78" sl="51" path="0" offsetend="80" fileid="133" />
                <BranchPoint vc="0" uspid="4757" ordinal="9" offset="78" sl="51" path="1" offsetend="135" fileid="133" />
                <BranchPoint vc="0" uspid="4758" ordinal="10" offset="89" sl="53" path="0" offsetend="91" fileid="133" />
                <BranchPoint vc="0" uspid="4759" ordinal="11" offset="89" sl="53" path="1" offsetend="117" fileid="133" />
                <BranchPoint vc="0" uspid="4760" ordinal="12" offset="143" sl="60" path="0" offsetend="145" fileid="133" />
                <BranchPoint vc="0" uspid="4761" ordinal="13" offset="143" sl="60" path="1" offsetend="200" fileid="133" />
                <BranchPoint vc="0" uspid="4762" ordinal="14" offset="154" sl="62" path="0" offsetend="156" fileid="133" />
                <BranchPoint vc="0" uspid="4763" ordinal="15" offset="154" sl="62" path="1" offsetend="182" fileid="133" />
                <BranchPoint vc="0" uspid="4764" ordinal="16" offset="208" sl="69" path="0" offsetend="210" fileid="133" />
                <BranchPoint vc="0" uspid="4765" ordinal="17" offset="208" sl="69" path="1" offsetend="266" fileid="133" />
                <BranchPoint vc="0" uspid="4766" ordinal="18" offset="219" sl="71" path="0" offsetend="221" fileid="133" />
                <BranchPoint vc="0" uspid="4767" ordinal="19" offset="219" sl="71" path="1" offsetend="248" fileid="133" />
                <BranchPoint vc="0" uspid="4768" ordinal="20" offset="271" sl="78" path="0" offsetend="273" fileid="133" />
                <BranchPoint vc="0" uspid="4769" ordinal="21" offset="271" sl="78" path="1" offsetend="322" fileid="133" />
                <BranchPoint vc="0" uspid="4770" ordinal="22" offset="277" sl="80" path="0" offsetend="279" fileid="133" />
                <BranchPoint vc="0" uspid="4771" ordinal="23" offset="277" sl="80" path="1" offsetend="307" fileid="133" />
                <BranchPoint vc="0" uspid="4772" ordinal="24" offset="281" sl="80" path="0" offsetend="283" fileid="133" />
                <BranchPoint vc="0" uspid="4773" ordinal="25" offset="281" sl="80" path="1" offsetend="295" fileid="133" />
                <BranchPoint vc="0" uspid="4774" ordinal="26" offset="324" sl="88" path="0" offsetend="329" fileid="133" />
                <BranchPoint vc="0" uspid="4775" ordinal="27" offset="324" sl="88" path="1" offsetend="462" fileid="133" />
                <BranchPoint vc="0" uspid="4776" ordinal="28" offset="332" sl="90" path="0" offsetend="334" fileid="133" />
                <BranchPoint vc="0" uspid="4777" ordinal="29" offset="332" sl="90" path="1" offsetend="386" fileid="133" />
                <BranchPoint vc="0" uspid="4778" ordinal="30" offset="336" sl="92" path="0" offsetend="338" fileid="133" />
                <BranchPoint vc="0" uspid="4779" ordinal="31" offset="336" sl="92" path="1" offsetend="371" fileid="133" />
                <BranchPoint vc="0" uspid="4780" ordinal="32" offset="340" sl="92" path="0" offsetend="342" fileid="133" />
                <BranchPoint vc="0" uspid="4781" ordinal="33" offset="340" sl="92" path="1" offsetend="347" fileid="133" />
                <BranchPoint vc="0" uspid="4782" ordinal="34" offset="345" sl="92" path="0" offsetend="347" fileid="133" />
                <BranchPoint vc="0" uspid="4783" ordinal="35" offset="345" sl="92" path="1" offsetend="371" fileid="133" />
                <BranchPoint vc="0" uspid="4784" ordinal="36" offset="350" sl="94" path="0" offsetend="352" fileid="133" />
                <BranchPoint vc="0" uspid="4785" ordinal="37" offset="350" sl="94" path="1" offsetend="359" fileid="133" />
                <BranchPoint vc="0" uspid="4786" ordinal="38" offset="404" sl="105" path="0" offsetend="406" fileid="133" />
                <BranchPoint vc="0" uspid="4787" ordinal="39" offset="404" sl="105" path="1" offsetend="424" fileid="133" />
                <BranchPoint vc="0" uspid="4788" ordinal="40" offset="408" sl="105" path="0" offsetend="410" fileid="133" />
                <BranchPoint vc="0" uspid="4789" ordinal="41" offset="408" sl="105" path="1" offsetend="424" fileid="133" />
                <BranchPoint vc="0" uspid="4790" ordinal="42" offset="426" sl="109" path="0" offsetend="428" fileid="133" />
                <BranchPoint vc="0" uspid="4791" ordinal="43" offset="426" sl="109" path="1" offsetend="455" fileid="133" />
              </BranchPoints>
              <MethodPoint xsi:type="SequencePoint" vc="0" uspid="4712" ordinal="0" offset="0" sl="34" sc="13" el="34" ec="66" bec="3" bev="0" fileid="133" />
            </Method>
            <Method visited="false" cyclomaticComplexity="15" nPathComplexity="16384" sequenceCoverage="0" branchCoverage="0" crapScore="240" isConstructor="false" isStatic="false" isGetter="false" isSetter="false">
              <Summary numSequencePoints="33" visitedSequencePoints="0" numBranchPoints="29" visitedBranchPoints="0" sequenceCoverage="0" branchCoverage="0" maxCyclomaticComplexity="15" minCyclomaticComplexity="15" maxCrapScore="240" minCrapScore="240" visitedClasses="0" numClasses="0" visitedMethods="0" numMethods="1" />
              <MetadataToken>100663844</MetadataToken>
              <Name>System.String Humanizer.Localisation.NumberToWords.SpanishNumberToWordsConverter::ConvertToOrdinal(System.Int32,Humanizer.GrammaticalGender)</Name>
              <FileRef uid="133" />
              <SequencePoints>
                <SequencePoint vc="0" uspid="4792" ordinal="0" offset="0" sl="123" sc="13" el="123" ec="44" bec="0" bev="0" fileid="133" />
                <SequencePoint vc="0" uspid="4793" ordinal="1" offset="6" sl="125" sc="13" el="125" ec="31" bec="2" bev="0" fileid="133" />
                <SequencePoint vc="0" uspid="4794" ordinal="2" offset="14" sl="127" sc="17" el="127" ec="48" bec="0" bev="0" fileid="133" />
                <SequencePoint vc="0" uspid="4795" ordinal="3" offset="24" sl="130" sc="13" el="130" ec="28" bec="2" bev="0" fileid="133" />
                <SequencePoint vc="0" uspid="4796" ordinal="4" offset="28" sl="132" sc="17" el="132" ec="78" bec="0" bev="0" fileid="133" />
                <SequencePoint vc="0" uspid="4797" ordinal="5" offset="52" sl="135" sc="13" el="135" ec="29" bec="2" bev="0" fileid="133" />
                <SequencePoint vc="0" uspid="4798" ordinal="6" offset="55" sl="137" sc="17" el="137" ec="46" bec="0" bev="0" fileid="133" />
                <SequencePoint vc="0" uspid="4799" ordinal="7" offset="71" sl="140" sc="13" el="140" ec="37" bec="2" bev="0" fileid="133" />
                <SequencePoint vc="0" uspid="4800" ordinal="8" offset="81" sl="142" sc="17" el="142" ec="74" bec="0" bev="0" fileid="133" />
                <SequencePoint vc="0" uspid="4801" ordinal="9" offset="95" sl="143" sc="17" el="143" ec="58" bec="2" bev="0" fileid="133" />
                <SequencePoint vc="0" uspid="4802" ordinal="10" offset="99" sl="145" sc="21" el="145" ec="70" bec="0" bev="0" fileid="133" />
                <SequencePoint vc="0" uspid="4803" ordinal="11" offset="127" sl="148" sc="17" el="148" ec="42" bec="0" bev="0" fileid="133" />
                <SequencePoint vc="0" uspid="4804" ordinal="12" offset="134" sl="149" sc="17" el="149" ec="32" bec="0" bev="0" fileid="133" />
                <SequencePoint vc="0" uspid="4805" ordinal="13" offset="143" sl="152" sc="13" el="152" ec="36" bec="2" bev="0" fileid="133" />
                <SequencePoint vc="0" uspid="4806" ordinal="14" offset="150" sl="154" sc="17" el="154" ec="71" bec="0" bev="0" fileid="133" />
                <SequencePoint vc="0" uspid="4807" ordinal="15" offset="161" sl="155" sc="17" el="155" ec="58" bec="2" bev="0" fileid="133" />
                <SequencePoint vc="0" uspid="4808" ordinal="16" offset="165" sl="157" sc="21" el="157" ec="68" bec="0" bev="0" fileid="133" />
                <SequencePoint vc="0" uspid="4809" ordinal="17" offset="193" sl="160" sc="17" el="160" ec="41" bec="0" bev="0" fileid="133" />
                <SequencePoint vc="0" uspid="4810" ordinal="18" offset="200" sl="161" sc="17" el="161" ec="31" bec="0" bev="0" fileid="133" />
                <SequencePoint vc="0" uspid="4811" ordinal="19" offset="206" sl="164" sc="13" el="164" ec="35" bec="2" bev="0" fileid="133" />
                <SequencePoint vc="0" uspid="4812" ordinal="20" offset="213" sl="166" sc="17" el="166" ec="62" bec="0" bev="0" fileid="133" />
                <SequencePoint vc="0" uspid="4813" ordinal="21" offset="225" sl="167" sc="17" el="167" ec="58" bec="2" bev="0" fileid="133" />
                <SequencePoint vc="0" uspid="4814" ordinal="22" offset="229" sl="169" sc="21" el="169" ec="60" bec="0" bev="0" fileid="133" />
                <SequencePoint vc="0" uspid="4815" ordinal="23" offset="259" sl="172" sc="17" el="172" ec="37" bec="0" bev="0" fileid="133" />
                <SequencePoint vc="0" uspid="4816" ordinal="24" offset="267" sl="173" sc="17" el="173" ec="30" bec="0" bev="0" fileid="133" />
                <SequencePoint vc="0" uspid="4817" ordinal="25" offset="273" sl="176" sc="13" el="176" ec="63" bec="2" bev="0" fileid="133" />
                <SequencePoint vc="0" uspid="4818" ordinal="26" offset="288" sl="178" sc="17" el="178" ec="58" bec="2" bev="0" fileid="133" />
                <SequencePoint vc="0" uspid="4819" ordinal="27" offset="292" sl="180" sc="21" el="180" ec="58" bec="0" bev="0" fileid="133" />
                <SequencePoint vc="0" uspid="4820" ordinal="28" offset="320" sl="181" sc="17" el="181" ec="18" bec="0" bev="0" fileid="133" />
                <SequencePoint vc="0" uspid="4821" ordinal="29" offset="322" sl="182" sc="22" el="182" ec="93" bec="4" bev="0" fileid="133" />
                <SequencePoint vc="0" uspid="4822" ordinal="30" offset="334" sl="184" sc="21" el="184" ec="52" bec="0" bev="0" fileid="133" />
                <SequencePoint vc="0" uspid="4823" ordinal="31" offset="352" sl="187" sc="17" el="187" ec="36" bec="0" bev="0" fileid="133" />
                <SequencePoint vc="0" uspid="4824" ordinal="32" offset="359" sl="190" sc="13" el="190" ec="54" bec="0" bev="0" fileid="133" />
              </SequencePoints>
              <BranchPoints>
                <BranchPoint vc="0" uspid="4825" ordinal="0" offset="12" sl="125" path="0" offsetend="14" fileid="133" />
                <BranchPoint vc="0" uspid="4826" ordinal="1" offset="12" sl="125" path="1" offsetend="24" fileid="133" />
                <BranchPoint vc="0" uspid="4827" ordinal="2" offset="26" sl="130" path="0" offsetend="28" fileid="133" />
                <BranchPoint vc="0" uspid="4828" ordinal="3" offset="26" sl="130" path="1" offsetend="52" fileid="133" />
                <BranchPoint vc="0" uspid="4829" ordinal="4" offset="53" sl="135" path="0" offsetend="55" fileid="133" />
                <BranchPoint vc="0" uspid="4830" ordinal="5" offset="53" sl="135" path="1" offsetend="71" fileid="133" />
                <BranchPoint vc="0" uspid="4831" ordinal="6" offset="79" sl="140" path="0" offsetend="81" fileid="133" />
                <BranchPoint vc="0" uspid="4832" ordinal="7" offset="79" sl="140" path="1" offsetend="143" fileid="133" />
                <BranchPoint vc="0" uspid="4833" ordinal="8" offset="97" sl="143" path="0" offsetend="99" fileid="133" />
                <BranchPoint vc="0" uspid="4834" ordinal="9" offset="97" sl="143" path="1" offsetend="127" fileid="133" />
                <BranchPoint vc="0" uspid="4835" ordinal="10" offset="148" sl="152" path="0" offsetend="150" fileid="133" />
                <BranchPoint vc="0" uspid="4836" ordinal="11" offset="148" sl="152" path="1" offsetend="206" fileid="133" />
                <BranchPoint vc="0" uspid="4837" ordinal="12" offset="163" sl="155" path="0" offsetend="165" fileid="133" />
                <BranchPoint vc="0" uspid="4838" ordinal="13" offset="163" sl="155" path="1" offsetend="193" fileid="133" />
                <BranchPoint vc="0" uspid="4839" ordinal="14" offset="211" sl="164" path="0" offsetend="213" fileid="133" />
                <BranchPoint vc="0" uspid="4840" ordinal="15" offset="211" sl="164" path="1" offsetend="273" fileid="133" />
                <BranchPoint vc="0" uspid="4841" ordinal="16" offset="227" sl="167" path="0" offsetend="229" fileid="133" />
                <BranchPoint vc="0" uspid="4842" ordinal="17" offset="227" sl="167" path="1" offsetend="259" fileid="133" />
                <BranchPoint vc="0" uspid="4843" ordinal="18" offset="286" sl="176" path="0" offsetend="288" fileid="133" />
                <BranchPoint vc="0" uspid="4844" ordinal="19" offset="286" sl="176" path="1" offsetend="359" fileid="133" />
                <BranchPoint vc="0" uspid="4845" ordinal="20" offset="290" sl="178" path="0" offsetend="292" fileid="133" />
                <BranchPoint vc="0" uspid="4846" ordinal="21" offset="290" sl="178" path="1" offsetend="322" fileid="133" />
                <BranchPoint vc="0" uspid="4847" ordinal="22" offset="324" sl="182" path="0" offsetend="326" fileid="133" />
                <BranchPoint vc="0" uspid="4848" ordinal="23" offset="324" sl="182" path="1" offsetend="352" fileid="133" />
                <BranchPoint vc="0" uspid="4849" ordinal="24" offset="328" sl="182" path="0" offsetend="330" fileid="133" />
                <BranchPoint vc="0" uspid="4850" ordinal="25" offset="328" sl="182" path="1" offsetend="334" fileid="133" />
                <BranchPoint vc="0" uspid="4851" ordinal="26" offset="332" sl="182" path="0" offsetend="334" fileid="133" />
                <BranchPoint vc="0" uspid="4852" ordinal="27" offset="332" sl="182" path="1" offsetend="352" fileid="133" />
              </BranchPoints>
              <MethodPoint xsi:type="SequencePoint" vc="0" uspid="4792" ordinal="0" offset="0" sl="123" sc="13" el="123" ec="44" bec="0" bev="0" fileid="133" />
            </Method>
            <Method visited="false" cyclomaticComplexity="1" nPathComplexity="0" sequenceCoverage="0" branchCoverage="0" crapScore="2" isConstructor="true" isStatic="false" isGetter="false" isSetter="false">
              <Summary numSequencePoints="0" visitedSequencePoints="0" numBranchPoints="0" visitedBranchPoints="0" sequenceCoverage="0" branchCoverage="0" maxCyclomaticComplexity="1" minCyclomaticComplexity="1" maxCrapScore="2" minCrapScore="2" visitedClasses="0" numClasses="0" visitedMethods="0" numMethods="0" />
              <MetadataToken>100663845</MetadataToken>
              <Name>System.Void Humanizer.Localisation.NumberToWords.SpanishNumberToWordsConverter::.ctor()</Name>
              <SequencePoints />
              <BranchPoints />
              <MethodPoint vc="0" uspid="4853" ordinal="0" offset="0" />
            </Method>
            <Method visited="false" cyclomaticComplexity="1" nPathComplexity="0" sequenceCoverage="0" branchCoverage="0" crapScore="2" isConstructor="true" isStatic="true" isGetter="false" isSetter="false">
              <Summary numSequencePoints="8" visitedSequencePoints="0" numBranchPoints="1" visitedBranchPoints="0" sequenceCoverage="0" branchCoverage="0" maxCyclomaticComplexity="1" minCyclomaticComplexity="1" maxCrapScore="2" minCrapScore="2" visitedClasses="0" numClasses="0" visitedMethods="0" numMethods="1" />
              <MetadataToken>100663846</MetadataToken>
              <Name>System.Void Humanizer.Localisation.NumberToWords.SpanishNumberToWordsConverter::.cctor()</Name>
              <FileRef uid="133" />
              <SequencePoints>
                <SequencePoint vc="0" uspid="4854" ordinal="0" offset="0" sl="8" sc="9" el="10" ec="173" bec="0" bev="0" fileid="133" />
                <SequencePoint vc="0" uspid="4855" ordinal="1" offset="273" sl="13" sc="9" el="13" ec="161" bec="0" bev="0" fileid="133" />
                <SequencePoint vc="0" uspid="4856" ordinal="2" offset="366" sl="14" sc="9" el="14" ec="197" bec="0" bev="0" fileid="133" />
                <SequencePoint vc="0" uspid="4857" ordinal="3" offset="459" sl="15" sc="9" el="15" ec="205" bec="0" bev="0" fileid="133" />
                <SequencePoint vc="0" uspid="4858" ordinal="4" offset="552" sl="16" sc="9" el="16" ec="192" bec="0" bev="0" fileid="133" />
                <SequencePoint vc="0" uspid="4859" ordinal="5" offset="645" sl="17" sc="9" el="17" ec="222" bec="0" bev="0" fileid="133" />
                <SequencePoint vc="0" uspid="4860" ordinal="6" offset="738" sl="18" sc="9" el="18" ec="215" bec="0" bev="0" fileid="133" />
                <SequencePoint vc="0" uspid="4861" ordinal="7" offset="831" sl="19" sc="9" el="30" ec="11" bec="0" bev="0" fileid="133" />
              </SequencePoints>
              <BranchPoints />
              <MethodPoint xsi:type="SequencePoint" vc="0" uspid="4854" ordinal="0" offset="0" sl="8" sc="9" el="10" ec="173" bec="0" bev="0" fileid="133" />
            </Method>
          </Methods>
        </Class>
        <Class>
          <Summary numSequencePoints="75" visitedSequencePoints="0" numBranchPoints="56" visitedBranchPoints="0" sequenceCoverage="0" branchCoverage="0" maxCyclomaticComplexity="17" minCyclomaticComplexity="1" maxCrapScore="306" minCrapScore="2" visitedClasses="0" numClasses="1" visitedMethods="0" numMethods="4" />
          <FullName>Humanizer.Localisation.NumberToWords.SwedishNumberToWordsConverter</FullName>
          <Methods>
            <Method visited="false" cyclomaticComplexity="17" nPathComplexity="32768" sequenceCoverage="0" branchCoverage="0" crapScore="306" isConstructor="false" isStatic="false" isGetter="false" isSetter="false">
              <Summary numSequencePoints="37" visitedSequencePoints="0" numBranchPoints="31" visitedBranchPoints="0" sequenceCoverage="0" branchCoverage="0" maxCyclomaticComplexity="17" minCyclomaticComplexity="17" maxCrapScore="306" minCrapScore="306" visitedClasses="0" numClasses="0" visitedMethods="0" numMethods="1" />
              <MetadataToken>100663847</MetadataToken>
              <Name>System.String Humanizer.Localisation.NumberToWords.SwedishNumberToWordsConverter::Convert(System.Int64,Humanizer.GrammaticalGender)</Name>
              <FileRef uid="134" />
              <SequencePoints>
                <SequencePoint vc="0" uspid="4862" ordinal="0" offset="0" sl="32" sc="13" el="32" ec="66" bec="3" bev="0" fileid="134" />
                <SequencePoint vc="0" uspid="4863" ordinal="1" offset="18" sl="34" sc="17" el="34" ec="53" bec="0" bev="0" fileid="134" />
                <SequencePoint vc="0" uspid="4864" ordinal="2" offset="24" sl="36" sc="13" el="36" ec="37" bec="0" bev="0" fileid="134" />
                <SequencePoint vc="0" uspid="4865" ordinal="3" offset="27" sl="38" sc="13" el="38" ec="29" bec="2" bev="0" fileid="134" />
                <SequencePoint vc="0" uspid="4866" ordinal="4" offset="30" sl="40" sc="17" el="40" ec="36" bec="0" bev="0" fileid="134" />
                <SequencePoint vc="0" uspid="4867" ordinal="5" offset="38" sl="43" sc="13" el="43" ec="28" bec="2" bev="0" fileid="134" />
                <SequencePoint vc="0" uspid="4868" ordinal="6" offset="42" sl="45" sc="17" el="45" ec="77" bec="0" bev="0" fileid="134" />
                <SequencePoint vc="0" uspid="4869" ordinal="7" offset="63" sl="48" sc="13" el="48" ec="27" bec="0" bev="0" fileid="134" />
                <SequencePoint vc="0" uspid="4870" ordinal="8" offset="69" sl="50" sc="31" el="50" ec="39" bec="0" bev="0" fileid="134" />
                <SequencePoint vc="0" uspid="4871" ordinal="9" offset="82" sl="50" sc="22" el="50" ec="27" bec="0" bev="0" fileid="134" />
                <SequencePoint vc="0" uspid="4872" ordinal="10" offset="87" sl="52" sc="17" el="52" ec="48" bec="0" bev="0" fileid="134" />
                <SequencePoint vc="0" uspid="4873" ordinal="11" offset="98" sl="54" sc="17" el="54" ec="34" bec="2" bev="0" fileid="134" />
                <SequencePoint vc="0" uspid="4874" ordinal="12" offset="103" sl="59" sc="17" el="59" ec="55" bec="3" bev="0" fileid="134" />
                <SequencePoint vc="0" uspid="4875" ordinal="13" offset="117" sl="61" sc="21" el="61" ec="36" bec="0" bev="0" fileid="134" />
                <SequencePoint vc="0" uspid="4876" ordinal="14" offset="131" sl="62" sc="17" el="62" ec="18" bec="0" bev="0" fileid="134" />
                <SequencePoint vc="0" uspid="4877" ordinal="15" offset="133" sl="65" sc="21" el="65" ec="76" bec="0" bev="0" fileid="134" />
                <SequencePoint vc="0" uspid="4878" ordinal="16" offset="170" sl="69" sc="17" el="69" ec="55" bec="3" bev="0" fileid="134" />
                <SequencePoint vc="0" uspid="4879" ordinal="17" offset="184" sl="71" sc="21" el="71" ec="34" bec="0" bev="0" fileid="134" />
                <SequencePoint vc="0" uspid="4880" ordinal="18" offset="196" sl="74" sc="17" el="74" ec="35" bec="0" bev="0" fileid="134" />
                <SequencePoint vc="0" uspid="4881" ordinal="19" offset="206" sl="75" sc="17" el="75" ec="32" bec="2" bev="0" fileid="134" />
                <SequencePoint vc="0" uspid="4882" ordinal="20" offset="210" sl="77" sc="21" el="77" ec="39" bec="0" bev="0" fileid="134" />
                <SequencePoint vc="0" uspid="4883" ordinal="21" offset="228" sl="50" sc="28" el="50" ec="30" bec="0" bev="0" fileid="134" />
                <SequencePoint vc="0" uspid="4884" ordinal="22" offset="237" sl="81" sc="13" el="81" ec="28" bec="2" bev="0" fileid="134" />
                <SequencePoint vc="0" uspid="4885" ordinal="23" offset="241" sl="83" sc="17" el="83" ec="33" bec="2" bev="0" fileid="134" />
                <SequencePoint vc="0" uspid="4886" ordinal="24" offset="246" sl="85" sc="21" el="85" ec="78" bec="3" bev="0" fileid="134" />
                <SequencePoint vc="0" uspid="4887" ordinal="25" offset="253" sl="87" sc="25" el="87" ec="38" bec="0" bev="0" fileid="134" />
                <SequencePoint vc="0" uspid="4888" ordinal="26" offset="265" sl="88" sc="21" el="88" ec="22" bec="0" bev="0" fileid="134" />
                <SequencePoint vc="0" uspid="4889" ordinal="27" offset="267" sl="91" sc="25" el="91" ec="50" bec="0" bev="0" fileid="134" />
                <SequencePoint vc="0" uspid="4890" ordinal="28" offset="281" sl="93" sc="17" el="93" ec="18" bec="0" bev="0" fileid="134" />
                <SequencePoint vc="0" uspid="4891" ordinal="29" offset="283" sl="96" sc="21" el="96" ec="53" bec="0" bev="0" fileid="134" />
                <SequencePoint vc="0" uspid="4892" ordinal="30" offset="295" sl="97" sc="21" el="97" ec="44" bec="0" bev="0" fileid="134" />
                <SequencePoint vc="0" uspid="4893" ordinal="31" offset="301" sl="98" sc="21" el="98" ec="34" bec="2" bev="0" fileid="134" />
                <SequencePoint vc="0" uspid="4894" ordinal="32" offset="306" sl="100" sc="25" el="100" ec="52" bec="0" bev="0" fileid="134" />
                <SequencePoint vc="0" uspid="4895" ordinal="33" offset="316" sl="101" sc="25" el="101" ec="46" bec="0" bev="0" fileid="134" />
                <SequencePoint vc="0" uspid="4896" ordinal="34" offset="327" sl="102" sc="21" el="102" ec="22" bec="0" bev="0" fileid="134" />
                <SequencePoint vc="0" uspid="4897" ordinal="35" offset="329" sl="105" sc="25" el="105" ec="38" bec="0" bev="0" fileid="134" />
                <SequencePoint vc="0" uspid="4898" ordinal="36" offset="338" sl="110" sc="13" el="110" ec="25" bec="0" bev="0" fileid="134" />
              </SequencePoints>
              <BranchPoints>
                <BranchPoint vc="0" uspid="4899" ordinal="0" offset="7" sl="32" path="0" offsetend="9" fileid="134" />
                <BranchPoint vc="0" uspid="4900" ordinal="1" offset="7" sl="32" path="1" offsetend="18" fileid="134" />
                <BranchPoint vc="0" uspid="4901" ordinal="2" offset="16" sl="32" path="0" offsetend="18" fileid="134" />
                <BranchPoint vc="0" uspid="4902" ordinal="3" offset="16" sl="32" path="1" offsetend="24" fileid="134" />
                <BranchPoint vc="0" uspid="4903" ordinal="4" offset="28" sl="38" path="0" offsetend="30" fileid="134" />
                <BranchPoint vc="0" uspid="4904" ordinal="5" offset="28" sl="38" path="1" offsetend="38" fileid="134" />
                <BranchPoint vc="0" uspid="4905" ordinal="6" offset="40" sl="43" path="0" offsetend="42" fileid="134" />
                <BranchPoint vc="0" uspid="4906" ordinal="7" offset="40" sl="43" path="1" offsetend="63" fileid="134" />
                <BranchPoint vc="0" uspid="4907" ordinal="8" offset="101" sl="54" path="0" offsetend="103" fileid="134" />
                <BranchPoint vc="0" uspid="4908" ordinal="9" offset="101" sl="54" path="1" offsetend="224" fileid="134" />
                <BranchPoint vc="0" uspid="4909" ordinal="10" offset="106" sl="59" path="0" offsetend="108" fileid="134" />
                <BranchPoint vc="0" uspid="4910" ordinal="11" offset="106" sl="59" path="1" offsetend="133" fileid="134" />
                <BranchPoint vc="0" uspid="4911" ordinal="12" offset="115" sl="59" path="0" offsetend="117" fileid="134" />
                <BranchPoint vc="0" uspid="4912" ordinal="13" offset="115" sl="59" path="1" offsetend="133" fileid="134" />
                <BranchPoint vc="0" uspid="4913" ordinal="14" offset="173" sl="69" path="0" offsetend="175" fileid="134" />
                <BranchPoint vc="0" uspid="4914" ordinal="15" offset="173" sl="69" path="1" offsetend="196" fileid="134" />
                <BranchPoint vc="0" uspid="4915" ordinal="16" offset="182" sl="69" path="0" offsetend="184" fileid="134" />
                <BranchPoint vc="0" uspid="4916" ordinal="17" offset="182" sl="69" path="1" offsetend="196" fileid="134" />
                <BranchPoint vc="0" uspid="4917" ordinal="18" offset="208" sl="75" path="0" offsetend="210" fileid="134" />
                <BranchPoint vc="0" uspid="4918" ordinal="19" offset="208" sl="75" path="1" offsetend="224" fileid="134" />
                <BranchPoint vc="0" uspid="4921" ordinal="22" offset="239" sl="81" path="0" offsetend="241" fileid="134" />
                <BranchPoint vc="0" uspid="4922" ordinal="23" offset="239" sl="81" path="1" offsetend="338" fileid="134" />
                <BranchPoint vc="0" uspid="4923" ordinal="24" offset="244" sl="83" path="0" offsetend="246" fileid="134" />
                <BranchPoint vc="0" uspid="4924" ordinal="25" offset="244" sl="83" path="1" offsetend="283" fileid="134" />
                <BranchPoint vc="0" uspid="4925" ordinal="26" offset="248" sl="85" path="0" offsetend="250" fileid="134" />
                <BranchPoint vc="0" uspid="4926" ordinal="27" offset="248" sl="85" path="1" offsetend="267" fileid="134" />
                <BranchPoint vc="0" uspid="4927" ordinal="28" offset="251" sl="85" path="0" offsetend="253" fileid="134" />
                <BranchPoint vc="0" uspid="4928" ordinal="29" offset="251" sl="85" path="1" offsetend="267" fileid="134" />
                <BranchPoint vc="0" uspid="4929" ordinal="30" offset="304" sl="98" path="0" offsetend="306" fileid="134" />
                <BranchPoint vc="0" uspid="4930" ordinal="31" offset="304" sl="98" path="1" offsetend="329" fileid="134" />
              </BranchPoints>
              <MethodPoint xsi:type="SequencePoint" vc="0" uspid="4862" ordinal="0" offset="0" sl="32" sc="13" el="32" ec="66" bec="3" bev="0" fileid="134" />
            </Method>
            <Method visited="false" cyclomaticComplexity="1" nPathComplexity="0" sequenceCoverage="0" branchCoverage="0" crapScore="2" isConstructor="false" isStatic="false" isGetter="false" isSetter="false">
              <Summary numSequencePoints="1" visitedSequencePoints="0" numBranchPoints="1" visitedBranchPoints="0" sequenceCoverage="0" branchCoverage="0" maxCyclomaticComplexity="1" minCyclomaticComplexity="1" maxCrapScore="2" minCrapScore="2" visitedClasses="0" numClasses="0" visitedMethods="0" numMethods="1" />
              <MetadataToken>100663848</MetadataToken>
              <Name>System.String Humanizer.Localisation.NumberToWords.SwedishNumberToWordsConverter::Convert(System.Int64)</Name>
              <FileRef uid="134" />
              <SequencePoints>
                <SequencePoint vc="0" uspid="4931" ordinal="0" offset="0" sl="114" sc="13" el="114" ec="61" bec="0" bev="0" fileid="134" />
              </SequencePoints>
              <BranchPoints />
              <MethodPoint xsi:type="SequencePoint" vc="0" uspid="4931" ordinal="0" offset="0" sl="114" sc="13" el="114" ec="61" bec="0" bev="0" fileid="134" />
            </Method>
            <Method visited="false" cyclomaticComplexity="13" nPathComplexity="2048" sequenceCoverage="0" branchCoverage="0" crapScore="182" isConstructor="false" isStatic="false" isGetter="false" isSetter="false">
              <Summary numSequencePoints="33" visitedSequencePoints="0" numBranchPoints="23" visitedBranchPoints="0" sequenceCoverage="0" branchCoverage="0" maxCyclomaticComplexity="13" minCyclomaticComplexity="13" maxCrapScore="182" minCrapScore="182" visitedClasses="0" numClasses="0" visitedMethods="0" numMethods="1" />
              <MetadataToken>100663849</MetadataToken>
              <Name>System.String Humanizer.Localisation.NumberToWords.SwedishNumberToWordsConverter::ConvertToOrdinal(System.Int32)</Name>
              <FileRef uid="134" />
              <SequencePoints>
                <SequencePoint vc="0" uspid="4932" ordinal="0" offset="0" sl="144" sc="13" el="144" ec="27" bec="0" bev="0" fileid="134" />
                <SequencePoint vc="0" uspid="4933" ordinal="1" offset="6" sl="146" sc="13" el="146" ec="28" bec="2" bev="0" fileid="134" />
                <SequencePoint vc="0" uspid="4934" ordinal="2" offset="10" sl="148" sc="17" el="148" ec="61" bec="0" bev="0" fileid="134" />
                <SequencePoint vc="0" uspid="4935" ordinal="3" offset="29" sl="151" sc="13" el="151" ec="30" bec="2" bev="0" fileid="134" />
                <SequencePoint vc="0" uspid="4936" ordinal="4" offset="34" sl="153" sc="17" el="153" ec="47" bec="0" bev="0" fileid="134" />
                <SequencePoint vc="0" uspid="4937" ordinal="5" offset="42" sl="157" sc="13" el="157" ec="31" bec="2" bev="0" fileid="134" />
                <SequencePoint vc="0" uspid="4938" ordinal="6" offset="47" sl="159" sc="17" el="159" ec="49" bec="0" bev="0" fileid="134" />
                <SequencePoint vc="0" uspid="4939" ordinal="7" offset="58" sl="160" sc="17" el="160" ec="40" bec="0" bev="0" fileid="134" />
                <SequencePoint vc="0" uspid="4940" ordinal="8" offset="63" sl="161" sc="17" el="161" ec="30" bec="2" bev="0" fileid="134" />
                <SequencePoint vc="0" uspid="4941" ordinal="9" offset="67" sl="163" sc="21" el="163" ec="59" bec="0" bev="0" fileid="134" />
                <SequencePoint vc="0" uspid="4942" ordinal="10" offset="82" sl="164" sc="17" el="164" ec="18" bec="0" bev="0" fileid="134" />
                <SequencePoint vc="0" uspid="4943" ordinal="11" offset="84" sl="165" sc="22" el="165" ec="40" bec="2" bev="0" fileid="134" />
                <SequencePoint vc="0" uspid="4944" ordinal="12" offset="89" sl="167" sc="21" el="167" ec="41" bec="0" bev="0" fileid="134" />
                <SequencePoint vc="0" uspid="4945" ordinal="13" offset="102" sl="168" sc="17" el="168" ec="18" bec="0" bev="0" fileid="134" />
                <SequencePoint vc="0" uspid="4946" ordinal="14" offset="104" sl="170" sc="21" el="170" ec="42" bec="0" bev="0" fileid="134" />
                <SequencePoint vc="0" uspid="4947" ordinal="15" offset="117" sl="173" sc="17" el="173" ec="29" bec="0" bev="0" fileid="134" />
                <SequencePoint vc="0" uspid="4948" ordinal="16" offset="119" sl="177" sc="31" el="177" ec="39" bec="0" bev="0" fileid="134" />
                <SequencePoint vc="0" uspid="4949" ordinal="17" offset="133" sl="177" sc="22" el="177" ec="27" bec="0" bev="0" fileid="134" />
                <SequencePoint vc="0" uspid="4950" ordinal="18" offset="139" sl="179" sc="17" el="179" ec="48" bec="0" bev="0" fileid="134" />
                <SequencePoint vc="0" uspid="4951" ordinal="19" offset="150" sl="181" sc="17" el="181" ec="34" bec="2" bev="0" fileid="134" />
                <SequencePoint vc="0" uspid="4952" ordinal="20" offset="158" sl="186" sc="17" el="186" ec="55" bec="3" bev="0" fileid="134" />
                <SequencePoint vc="0" uspid="4953" ordinal="21" offset="172" sl="188" sc="21" el="188" ec="36" bec="0" bev="0" fileid="134" />
                <SequencePoint vc="0" uspid="4954" ordinal="22" offset="186" sl="189" sc="17" el="189" ec="18" bec="0" bev="0" fileid="134" />
                <SequencePoint vc="0" uspid="4955" ordinal="23" offset="188" sl="192" sc="21" el="192" ec="76" bec="0" bev="0" fileid="134" />
                <SequencePoint vc="0" uspid="4956" ordinal="24" offset="225" sl="196" sc="17" el="196" ec="33" bec="4" bev="0" fileid="134" />
                <SequencePoint vc="0" uspid="4957" ordinal="25" offset="238" sl="201" sc="29" el="201" ec="42" bec="0" bev="0" fileid="134" />
                <SequencePoint vc="0" uspid="4958" ordinal="26" offset="250" sl="202" sc="29" el="202" ec="35" bec="0" bev="0" fileid="134" />
                <SequencePoint vc="0" uspid="4959" ordinal="27" offset="252" sl="204" sc="29" el="204" ec="42" bec="0" bev="0" fileid="134" />
                <SequencePoint vc="0" uspid="4960" ordinal="28" offset="264" sl="209" sc="17" el="209" ec="35" bec="0" bev="0" fileid="134" />
                <SequencePoint vc="0" uspid="4961" ordinal="29" offset="275" sl="210" sc="17" el="210" ec="32" bec="2" bev="0" fileid="134" />
                <SequencePoint vc="0" uspid="4962" ordinal="30" offset="279" sl="212" sc="21" el="212" ec="39" bec="0" bev="0" fileid="134" />
                <SequencePoint vc="0" uspid="4963" ordinal="31" offset="299" sl="177" sc="28" el="177" ec="30" bec="0" bev="0" fileid="134" />
                <SequencePoint vc="0" uspid="4964" ordinal="32" offset="309" sl="216" sc="13" el="216" ec="25" bec="0" bev="0" fileid="134" />
              </SequencePoints>
              <BranchPoints>
                <BranchPoint vc="0" uspid="4965" ordinal="0" offset="8" sl="146" path="0" offsetend="10" fileid="134" />
                <BranchPoint vc="0" uspid="4966" ordinal="1" offset="8" sl="146" path="1" offsetend="29" fileid="134" />
                <BranchPoint vc="0" uspid="4967" ordinal="2" offset="32" sl="151" path="0" offsetend="34" fileid="134" />
                <BranchPoint vc="0" uspid="4968" ordinal="3" offset="32" sl="151" path="1" offsetend="42" fileid="134" />
                <BranchPoint vc="0" uspid="4969" ordinal="4" offset="45" sl="157" path="0" offsetend="47" fileid="134" />
                <BranchPoint vc="0" uspid="4970" ordinal="5" offset="45" sl="157" path="1" offsetend="119" fileid="134" />
                <BranchPoint vc="0" uspid="4971" ordinal="6" offset="65" sl="161" path="0" offsetend="67" fileid="134" />
                <BranchPoint vc="0" uspid="4972" ordinal="7" offset="65" sl="161" path="1" offsetend="84" fileid="134" />
                <BranchPoint vc="0" uspid="4973" ordinal="8" offset="87" sl="165" path="0" offsetend="89" fileid="134" />
                <BranchPoint vc="0" uspid="4974" ordinal="9" offset="87" sl="165" path="1" offsetend="104" fileid="134" />
                <BranchPoint vc="0" uspid="4975" ordinal="10" offset="153" sl="181" path="0" offsetend="158" fileid="134" />
                <BranchPoint vc="0" uspid="4976" ordinal="11" offset="153" sl="181" path="1" offsetend="293" fileid="134" />
                <BranchPoint vc="0" uspid="4977" ordinal="12" offset="161" sl="186" path="0" offsetend="163" fileid="134" />
                <BranchPoint vc="0" uspid="4978" ordinal="13" offset="161" sl="186" path="1" offsetend="188" fileid="134" />
                <BranchPoint vc="0" uspid="4979" ordinal="14" offset="170" sl="186" path="0" offsetend="172" fileid="134" />
                <BranchPoint vc="0" uspid="4980" ordinal="15" offset="170" sl="186" path="1" offsetend="188" fileid="134" />
                <BranchPoint vc="0" uspid="4981" ordinal="16" offset="228" sl="196" path="0" offsetend="230" fileid="134" />
                <BranchPoint vc="0" uspid="4982" ordinal="17" offset="228" sl="196" path="1" offsetend="264" fileid="134" />
                <BranchPoint vc="0" uspid="4983" ordinal="18" offset="236" sl="196" path="0" offsetend="238" fileid="134" />
                <BranchPoint vc="0" uspid="4984" ordinal="19" offset="236" sl="196" path="1" offsetend="252" fileid="134" />
                <BranchPoint vc="0" uspid="4985" ordinal="20" offset="277" sl="210" path="0" offsetend="279" fileid="134" />
                <BranchPoint vc="0" uspid="4986" ordinal="21" offset="277" sl="210" path="1" offsetend="293" fileid="134" />
              </BranchPoints>
              <MethodPoint xsi:type="SequencePoint" vc="0" uspid="4932" ordinal="0" offset="0" sl="144" sc="13" el="144" ec="27" bec="0" bev="0" fileid="134" />
            </Method>
            <Method visited="false" cyclomaticComplexity="1" nPathComplexity="0" sequenceCoverage="0" branchCoverage="0" crapScore="2" isConstructor="true" isStatic="false" isGetter="false" isSetter="false">
              <Summary numSequencePoints="0" visitedSequencePoints="0" numBranchPoints="0" visitedBranchPoints="0" sequenceCoverage="0" branchCoverage="0" maxCyclomaticComplexity="1" minCyclomaticComplexity="1" maxCrapScore="2" minCrapScore="2" visitedClasses="0" numClasses="0" visitedMethods="0" numMethods="0" />
              <MetadataToken>100663850</MetadataToken>
              <Name>System.Void Humanizer.Localisation.NumberToWords.SwedishNumberToWordsConverter::.ctor()</Name>
              <SequencePoints />
              <BranchPoints />
              <MethodPoint vc="0" uspid="4989" ordinal="0" offset="0" />
            </Method>
            <Method visited="false" cyclomaticComplexity="1" nPathComplexity="0" sequenceCoverage="0" branchCoverage="0" crapScore="2" isConstructor="true" isStatic="true" isGetter="false" isSetter="false">
              <Summary numSequencePoints="4" visitedSequencePoints="0" numBranchPoints="1" visitedBranchPoints="0" sequenceCoverage="0" branchCoverage="0" maxCyclomaticComplexity="1" minCyclomaticComplexity="1" maxCrapScore="2" minCrapScore="2" visitedClasses="0" numClasses="0" visitedMethods="0" numMethods="1" />
              <MetadataToken>100663851</MetadataToken>
              <Name>System.Void Humanizer.Localisation.NumberToWords.SwedishNumberToWordsConverter::.cctor()</Name>
              <FileRef uid="134" />
              <SequencePoints>
                <SequencePoint vc="0" uspid="4990" ordinal="0" offset="0" sl="9" sc="9" el="9" ec="224" bec="0" bev="0" fileid="134" />
                <SequencePoint vc="0" uspid="4991" ordinal="1" offset="183" sl="10" sc="9" el="10" ec="160" bec="0" bev="0" fileid="134" />
                <SequencePoint vc="0" uspid="4992" ordinal="2" offset="285" sl="22" sc="9" el="28" ec="11" bec="0" bev="0" fileid="134" />
                <SequencePoint vc="0" uspid="4993" ordinal="3" offset="543" sl="117" sc="9" el="140" ec="11" bec="0" bev="0" fileid="134" />
              </SequencePoints>
              <BranchPoints />
              <MethodPoint xsi:type="SequencePoint" vc="0" uspid="4990" ordinal="0" offset="0" sl="9" sc="9" el="9" ec="224" bec="0" bev="0" fileid="134" />
            </Method>
          </Methods>
        </Class>
        <Class>
          <Summary numSequencePoints="13" visitedSequencePoints="0" numBranchPoints="13" visitedBranchPoints="0" sequenceCoverage="0" branchCoverage="0" maxCyclomaticComplexity="1" minCyclomaticComplexity="1" maxCrapScore="2" minCrapScore="2" visitedClasses="0" numClasses="1" visitedMethods="0" numMethods="13" />
          <FullName>Humanizer.Localisation.NumberToWords.SwedishNumberToWordsConverter/Fact</FullName>
          <Methods>
            <Method visited="false" cyclomaticComplexity="1" nPathComplexity="0" sequenceCoverage="0" branchCoverage="0" crapScore="2" isConstructor="false" isStatic="false" isGetter="true" isSetter="false">
              <Summary numSequencePoints="1" visitedSequencePoints="0" numBranchPoints="1" visitedBranchPoints="0" sequenceCoverage="0" branchCoverage="0" maxCyclomaticComplexity="1" minCyclomaticComplexity="1" maxCrapScore="2" minCrapScore="2" visitedClasses="0" numClasses="0" visitedMethods="0" numMethods="1" />
              <MetadataToken>100664680</MetadataToken>
              <Name>System.Int32 Humanizer.Localisation.NumberToWords.SwedishNumberToWordsConverter/Fact::get_Value()</Name>
              <FileRef uid="134" />
              <SequencePoints>
                <SequencePoint vc="0" uspid="4994" ordinal="0" offset="0" sl="14" sc="32" el="14" ec="36" bec="0" bev="0" fileid="134" />
              </SequencePoints>
              <BranchPoints />
              <MethodPoint xsi:type="SequencePoint" vc="0" uspid="4994" ordinal="0" offset="0" sl="14" sc="32" el="14" ec="36" bec="0" bev="0" fileid="134" />
            </Method>
            <Method visited="false" cyclomaticComplexity="1" nPathComplexity="0" sequenceCoverage="0" branchCoverage="0" crapScore="2" isConstructor="false" isStatic="false" isGetter="false" isSetter="true">
              <Summary numSequencePoints="1" visitedSequencePoints="0" numBranchPoints="1" visitedBranchPoints="0" sequenceCoverage="0" branchCoverage="0" maxCyclomaticComplexity="1" minCyclomaticComplexity="1" maxCrapScore="2" minCrapScore="2" visitedClasses="0" numClasses="0" visitedMethods="0" numMethods="1" />
              <MetadataToken>100664681</MetadataToken>
              <Name>System.Void Humanizer.Localisation.NumberToWords.SwedishNumberToWordsConverter/Fact::set_Value(System.Int32)</Name>
              <FileRef uid="134" />
              <SequencePoints>
                <SequencePoint vc="0" uspid="4995" ordinal="0" offset="0" sl="14" sc="37" el="14" ec="41" bec="0" bev="0" fileid="134" />
              </SequencePoints>
              <BranchPoints />
              <MethodPoint xsi:type="SequencePoint" vc="0" uspid="4995" ordinal="0" offset="0" sl="14" sc="37" el="14" ec="41" bec="0" bev="0" fileid="134" />
            </Method>
            <Method visited="false" cyclomaticComplexity="1" nPathComplexity="0" sequenceCoverage="0" branchCoverage="0" crapScore="2" isConstructor="false" isStatic="false" isGetter="true" isSetter="false">
              <Summary numSequencePoints="1" visitedSequencePoints="0" numBranchPoints="1" visitedBranchPoints="0" sequenceCoverage="0" branchCoverage="0" maxCyclomaticComplexity="1" minCyclomaticComplexity="1" maxCrapScore="2" minCrapScore="2" visitedClasses="0" numClasses="0" visitedMethods="0" numMethods="1" />
              <MetadataToken>100664682</MetadataToken>
              <Name>System.String Humanizer.Localisation.NumberToWords.SwedishNumberToWordsConverter/Fact::get_Name()</Name>
              <FileRef uid="134" />
              <SequencePoints>
                <SequencePoint vc="0" uspid="4996" ordinal="0" offset="0" sl="15" sc="34" el="15" ec="38" bec="0" bev="0" fileid="134" />
              </SequencePoints>
              <BranchPoints />
              <MethodPoint xsi:type="SequencePoint" vc="0" uspid="4996" ordinal="0" offset="0" sl="15" sc="34" el="15" ec="38" bec="0" bev="0" fileid="134" />
            </Method>
            <Method visited="false" cyclomaticComplexity="1" nPathComplexity="0" sequenceCoverage="0" branchCoverage="0" crapScore="2" isConstructor="false" isStatic="false" isGetter="false" isSetter="true">
              <Summary numSequencePoints="1" visitedSequencePoints="0" numBranchPoints="1" visitedBranchPoints="0" sequenceCoverage="0" branchCoverage="0" maxCyclomaticComplexity="1" minCyclomaticComplexity="1" maxCrapScore="2" minCrapScore="2" visitedClasses="0" numClasses="0" visitedMethods="0" numMethods="1" />
              <MetadataToken>100664683</MetadataToken>
              <Name>System.Void Humanizer.Localisation.NumberToWords.SwedishNumberToWordsConverter/Fact::set_Name(System.String)</Name>
              <FileRef uid="134" />
              <SequencePoints>
                <SequencePoint vc="0" uspid="4997" ordinal="0" offset="0" sl="15" sc="39" el="15" ec="43" bec="0" bev="0" fileid="134" />
              </SequencePoints>
              <BranchPoints />
              <MethodPoint xsi:type="SequencePoint" vc="0" uspid="4997" ordinal="0" offset="0" sl="15" sc="39" el="15" ec="43" bec="0" bev="0" fileid="134" />
            </Method>
            <Method visited="false" cyclomaticComplexity="1" nPathComplexity="0" sequenceCoverage="0" branchCoverage="0" crapScore="2" isConstructor="false" isStatic="false" isGetter="true" isSetter="false">
              <Summary numSequencePoints="1" visitedSequencePoints="0" numBranchPoints="1" visitedBranchPoints="0" sequenceCoverage="0" branchCoverage="0" maxCyclomaticComplexity="1" minCyclomaticComplexity="1" maxCrapScore="2" minCrapScore="2" visitedClasses="0" numClasses="0" visitedMethods="0" numMethods="1" />
              <MetadataToken>100664684</MetadataToken>
              <Name>System.String Humanizer.Localisation.NumberToWords.SwedishNumberToWordsConverter/Fact::get_Prefix()</Name>
              <FileRef uid="134" />
              <SequencePoints>
                <SequencePoint vc="0" uspid="4998" ordinal="0" offset="0" sl="16" sc="36" el="16" ec="40" bec="0" bev="0" fileid="134" />
              </SequencePoints>
              <BranchPoints />
              <MethodPoint xsi:type="SequencePoint" vc="0" uspid="4998" ordinal="0" offset="0" sl="16" sc="36" el="16" ec="40" bec="0" bev="0" fileid="134" />
            </Method>
            <Method visited="false" cyclomaticComplexity="1" nPathComplexity="0" sequenceCoverage="0" branchCoverage="0" crapScore="2" isConstructor="false" isStatic="false" isGetter="false" isSetter="true">
              <Summary numSequencePoints="1" visitedSequencePoints="0" numBranchPoints="1" visitedBranchPoints="0" sequenceCoverage="0" branchCoverage="0" maxCyclomaticComplexity="1" minCyclomaticComplexity="1" maxCrapScore="2" minCrapScore="2" visitedClasses="0" numClasses="0" visitedMethods="0" numMethods="1" />
              <MetadataToken>100664685</MetadataToken>
              <Name>System.Void Humanizer.Localisation.NumberToWords.SwedishNumberToWordsConverter/Fact::set_Prefix(System.String)</Name>
              <FileRef uid="134" />
              <SequencePoints>
                <SequencePoint vc="0" uspid="4999" ordinal="0" offset="0" sl="16" sc="41" el="16" ec="45" bec="0" bev="0" fileid="134" />
              </SequencePoints>
              <BranchPoints />
              <MethodPoint xsi:type="SequencePoint" vc="0" uspid="4999" ordinal="0" offset="0" sl="16" sc="41" el="16" ec="45" bec="0" bev="0" fileid="134" />
            </Method>
            <Method visited="false" cyclomaticComplexity="1" nPathComplexity="0" sequenceCoverage="0" branchCoverage="0" crapScore="2" isConstructor="false" isStatic="false" isGetter="true" isSetter="false">
              <Summary numSequencePoints="1" visitedSequencePoints="0" numBranchPoints="1" visitedBranchPoints="0" sequenceCoverage="0" branchCoverage="0" maxCyclomaticComplexity="1" minCyclomaticComplexity="1" maxCrapScore="2" minCrapScore="2" visitedClasses="0" numClasses="0" visitedMethods="0" numMethods="1" />
              <MetadataToken>100664686</MetadataToken>
              <Name>System.String Humanizer.Localisation.NumberToWords.SwedishNumberToWordsConverter/Fact::get_Postfix()</Name>
              <FileRef uid="134" />
              <SequencePoints>
                <SequencePoint vc="0" uspid="5000" ordinal="0" offset="0" sl="17" sc="37" el="17" ec="41" bec="0" bev="0" fileid="134" />
              </SequencePoints>
              <BranchPoints />
              <MethodPoint xsi:type="SequencePoint" vc="0" uspid="5000" ordinal="0" offset="0" sl="17" sc="37" el="17" ec="41" bec="0" bev="0" fileid="134" />
            </Method>
            <Method visited="false" cyclomaticComplexity="1" nPathComplexity="0" sequenceCoverage="0" branchCoverage="0" crapScore="2" isConstructor="false" isStatic="false" isGetter="false" isSetter="true">
              <Summary numSequencePoints="1" visitedSequencePoints="0" numBranchPoints="1" visitedBranchPoints="0" sequenceCoverage="0" branchCoverage="0" maxCyclomaticComplexity="1" minCyclomaticComplexity="1" maxCrapScore="2" minCrapScore="2" visitedClasses="0" numClasses="0" visitedMethods="0" numMethods="1" />
              <MetadataToken>100664687</MetadataToken>
              <Name>System.Void Humanizer.Localisation.NumberToWords.SwedishNumberToWordsConverter/Fact::set_Postfix(System.String)</Name>
              <FileRef uid="134" />
              <SequencePoints>
                <SequencePoint vc="0" uspid="5001" ordinal="0" offset="0" sl="17" sc="42" el="17" ec="46" bec="0" bev="0" fileid="134" />
              </SequencePoints>
              <BranchPoints />
              <MethodPoint xsi:type="SequencePoint" vc="0" uspid="5001" ordinal="0" offset="0" sl="17" sc="42" el="17" ec="46" bec="0" bev="0" fileid="134" />
            </Method>
            <Method visited="false" cyclomaticComplexity="1" nPathComplexity="0" sequenceCoverage="0" branchCoverage="0" crapScore="2" isConstructor="false" isStatic="false" isGetter="true" isSetter="false">
              <Summary numSequencePoints="1" visitedSequencePoints="0" numBranchPoints="1" visitedBranchPoints="0" sequenceCoverage="0" branchCoverage="0" maxCyclomaticComplexity="1" minCyclomaticComplexity="1" maxCrapScore="2" minCrapScore="2" visitedClasses="0" numClasses="0" visitedMethods="0" numMethods="1" />
              <MetadataToken>100664688</MetadataToken>
              <Name>System.Boolean Humanizer.Localisation.NumberToWords.SwedishNumberToWordsConverter/Fact::get_DisplayOneUnit()</Name>
              <FileRef uid="134" />
              <SequencePoints>
                <SequencePoint vc="0" uspid="5002" ordinal="0" offset="0" sl="18" sc="42" el="18" ec="46" bec="0" bev="0" fileid="134" />
              </SequencePoints>
              <BranchPoints />
              <MethodPoint xsi:type="SequencePoint" vc="0" uspid="5002" ordinal="0" offset="0" sl="18" sc="42" el="18" ec="46" bec="0" bev="0" fileid="134" />
            </Method>
            <Method visited="false" cyclomaticComplexity="1" nPathComplexity="0" sequenceCoverage="0" branchCoverage="0" crapScore="2" isConstructor="false" isStatic="false" isGetter="false" isSetter="true">
              <Summary numSequencePoints="1" visitedSequencePoints="0" numBranchPoints="1" visitedBranchPoints="0" sequenceCoverage="0" branchCoverage="0" maxCyclomaticComplexity="1" minCyclomaticComplexity="1" maxCrapScore="2" minCrapScore="2" visitedClasses="0" numClasses="0" visitedMethods="0" numMethods="1" />
              <MetadataToken>100664689</MetadataToken>
              <Name>System.Void Humanizer.Localisation.NumberToWords.SwedishNumberToWordsConverter/Fact::set_DisplayOneUnit(System.Boolean)</Name>
              <FileRef uid="134" />
              <SequencePoints>
                <SequencePoint vc="0" uspid="5003" ordinal="0" offset="0" sl="18" sc="47" el="18" ec="51" bec="0" bev="0" fileid="134" />
              </SequencePoints>
              <BranchPoints />
              <MethodPoint xsi:type="SequencePoint" vc="0" uspid="5003" ordinal="0" offset="0" sl="18" sc="47" el="18" ec="51" bec="0" bev="0" fileid="134" />
            </Method>
            <Method visited="false" cyclomaticComplexity="1" nPathComplexity="0" sequenceCoverage="0" branchCoverage="0" crapScore="2" isConstructor="false" isStatic="false" isGetter="true" isSetter="false">
              <Summary numSequencePoints="1" visitedSequencePoints="0" numBranchPoints="1" visitedBranchPoints="0" sequenceCoverage="0" branchCoverage="0" maxCyclomaticComplexity="1" minCyclomaticComplexity="1" maxCrapScore="2" minCrapScore="2" visitedClasses="0" numClasses="0" visitedMethods="0" numMethods="1" />
              <MetadataToken>100664690</MetadataToken>
              <Name>Humanizer.GrammaticalGender Humanizer.Localisation.NumberToWords.SwedishNumberToWordsConverter/Fact::get_Gender()</Name>
              <FileRef uid="134" />
              <SequencePoints>
                <SequencePoint vc="0" uspid="5004" ordinal="0" offset="0" sl="19" sc="47" el="19" ec="51" bec="0" bev="0" fileid="134" />
              </SequencePoints>
              <BranchPoints />
              <MethodPoint xsi:type="SequencePoint" vc="0" uspid="5004" ordinal="0" offset="0" sl="19" sc="47" el="19" ec="51" bec="0" bev="0" fileid="134" />
            </Method>
            <Method visited="false" cyclomaticComplexity="1" nPathComplexity="0" sequenceCoverage="0" branchCoverage="0" crapScore="2" isConstructor="false" isStatic="false" isGetter="false" isSetter="true">
              <Summary numSequencePoints="1" visitedSequencePoints="0" numBranchPoints="1" visitedBranchPoints="0" sequenceCoverage="0" branchCoverage="0" maxCyclomaticComplexity="1" minCyclomaticComplexity="1" maxCrapScore="2" minCrapScore="2" visitedClasses="0" numClasses="0" visitedMethods="0" numMethods="1" />
              <MetadataToken>100664691</MetadataToken>
              <Name>System.Void Humanizer.Localisation.NumberToWords.SwedishNumberToWordsConverter/Fact::set_Gender(Humanizer.GrammaticalGender)</Name>
              <FileRef uid="134" />
              <SequencePoints>
                <SequencePoint vc="0" uspid="5005" ordinal="0" offset="0" sl="19" sc="52" el="19" ec="56" bec="0" bev="0" fileid="134" />
              </SequencePoints>
              <BranchPoints />
              <MethodPoint xsi:type="SequencePoint" vc="0" uspid="5005" ordinal="0" offset="0" sl="19" sc="52" el="19" ec="56" bec="0" bev="0" fileid="134" />
            </Method>
            <Method visited="false" cyclomaticComplexity="1" nPathComplexity="0" sequenceCoverage="0" branchCoverage="0" crapScore="2" isConstructor="true" isStatic="false" isGetter="false" isSetter="false">
              <Summary numSequencePoints="1" visitedSequencePoints="0" numBranchPoints="1" visitedBranchPoints="0" sequenceCoverage="0" branchCoverage="0" maxCyclomaticComplexity="1" minCyclomaticComplexity="1" maxCrapScore="2" minCrapScore="2" visitedClasses="0" numClasses="0" visitedMethods="0" numMethods="1" />
              <MetadataToken>100664692</MetadataToken>
              <Name>System.Void Humanizer.Localisation.NumberToWords.SwedishNumberToWordsConverter/Fact::.ctor()</Name>
              <FileRef uid="134" />
              <SequencePoints>
                <SequencePoint vc="0" uspid="5006" ordinal="0" offset="0" sl="19" sc="61" el="19" ec="85" bec="0" bev="0" fileid="134" />
              </SequencePoints>
              <BranchPoints />
              <MethodPoint xsi:type="SequencePoint" vc="0" uspid="5006" ordinal="0" offset="0" sl="19" sc="61" el="19" ec="85" bec="0" bev="0" fileid="134" />
            </Method>
          </Methods>
        </Class>
        <Class>
          <Summary numSequencePoints="46" visitedSequencePoints="0" numBranchPoints="35" visitedBranchPoints="0" sequenceCoverage="0" branchCoverage="0" maxCyclomaticComplexity="15" minCyclomaticComplexity="1" maxCrapScore="240" minCrapScore="2" visitedClasses="0" numClasses="1" visitedMethods="0" numMethods="3" />
          <FullName>Humanizer.Localisation.NumberToWords.TurkishNumberToWordConverter</FullName>
          <Methods>
            <Method visited="false" cyclomaticComplexity="15" nPathComplexity="4096" sequenceCoverage="0" branchCoverage="0" crapScore="240" isConstructor="false" isStatic="false" isGetter="false" isSetter="false">
              <Summary numSequencePoints="29" visitedSequencePoints="0" numBranchPoints="25" visitedBranchPoints="0" sequenceCoverage="0" branchCoverage="0" maxCyclomaticComplexity="15" minCyclomaticComplexity="15" maxCrapScore="240" minCrapScore="240" visitedClasses="0" numClasses="0" visitedMethods="0" numMethods="1" />
              <MetadataToken>100663852</MetadataToken>
              <Name>System.String Humanizer.Localisation.NumberToWords.TurkishNumberToWordConverter::Convert(System.Int64)</Name>
              <FileRef uid="136" />
              <SequencePoints>
                <SequencePoint vc="0" uspid="5007" ordinal="0" offset="0" sl="25" sc="13" el="25" ec="66" bec="3" bev="0" fileid="136" />
                <SequencePoint vc="0" uspid="5008" ordinal="1" offset="18" sl="27" sc="17" el="27" ec="53" bec="0" bev="0" fileid="136" />
                <SequencePoint vc="0" uspid="5009" ordinal="2" offset="24" sl="29" sc="13" el="29" ec="37" bec="0" bev="0" fileid="136" />
                <SequencePoint vc="0" uspid="5010" ordinal="3" offset="27" sl="30" sc="13" el="30" ec="29" bec="2" bev="0" fileid="136" />
                <SequencePoint vc="0" uspid="5011" ordinal="4" offset="30" sl="32" sc="17" el="32" ec="36" bec="0" bev="0" fileid="136" />
                <SequencePoint vc="0" uspid="5012" ordinal="5" offset="38" sl="35" sc="13" el="35" ec="28" bec="2" bev="0" fileid="136" />
                <SequencePoint vc="0" uspid="5013" ordinal="6" offset="42" sl="37" sc="17" el="37" ec="68" bec="0" bev="0" fileid="136" />
                <SequencePoint vc="0" uspid="5014" ordinal="7" offset="62" sl="40" sc="13" el="40" ec="44" bec="0" bev="0" fileid="136" />
                <SequencePoint vc="0" uspid="5015" ordinal="8" offset="68" sl="42" sc="13" el="42" ec="43" bec="2" bev="0" fileid="136" />
                <SequencePoint vc="0" uspid="5016" ordinal="9" offset="78" sl="44" sc="17" el="44" ec="86" bec="0" bev="0" fileid="136" />
                <SequencePoint vc="0" uspid="5017" ordinal="10" offset="108" sl="45" sc="17" el="45" ec="38" bec="0" bev="0" fileid="136" />
                <SequencePoint vc="0" uspid="5018" ordinal="11" offset="116" sl="48" sc="13" el="48" ec="40" bec="2" bev="0" fileid="136" />
                <SequencePoint vc="0" uspid="5019" ordinal="12" offset="126" sl="50" sc="17" el="50" ec="83" bec="0" bev="0" fileid="136" />
                <SequencePoint vc="0" uspid="5020" ordinal="13" offset="156" sl="51" sc="17" el="51" ec="35" bec="0" bev="0" fileid="136" />
                <SequencePoint vc="0" uspid="5021" ordinal="14" offset="164" sl="54" sc="13" el="54" ec="44" bec="0" bev="0" fileid="136" />
                <SequencePoint vc="0" uspid="5022" ordinal="15" offset="172" sl="55" sc="13" el="55" ec="30" bec="2" bev="0" fileid="136" />
                <SequencePoint vc="0" uspid="5023" ordinal="16" offset="176" sl="57" sc="17" el="57" ec="99" bec="2" bev="0" fileid="136" />
                <SequencePoint vc="0" uspid="5024" ordinal="17" offset="216" sl="58" sc="17" el="58" ec="32" bec="0" bev="0" fileid="136" />
                <SequencePoint vc="0" uspid="5025" ordinal="18" offset="224" sl="61" sc="13" el="61" ec="42" bec="0" bev="0" fileid="136" />
                <SequencePoint vc="0" uspid="5026" ordinal="19" offset="229" sl="62" sc="13" el="62" ec="29" bec="2" bev="0" fileid="136" />
                <SequencePoint vc="0" uspid="5027" ordinal="20" offset="233" sl="64" sc="17" el="64" ec="97" bec="2" bev="0" fileid="136" />
                <SequencePoint vc="0" uspid="5028" ordinal="21" offset="273" sl="65" sc="17" el="65" ec="31" bec="0" bev="0" fileid="136" />
                <SequencePoint vc="0" uspid="5029" ordinal="22" offset="278" sl="68" sc="13" el="68" ec="35" bec="2" bev="0" fileid="136" />
                <SequencePoint vc="0" uspid="5030" ordinal="23" offset="285" sl="70" sc="17" el="70" ec="49" bec="0" bev="0" fileid="136" />
                <SequencePoint vc="0" uspid="5031" ordinal="24" offset="301" sl="71" sc="17" el="71" ec="30" bec="0" bev="0" fileid="136" />
                <SequencePoint vc="0" uspid="5032" ordinal="25" offset="306" sl="74" sc="13" el="74" ec="28" bec="2" bev="0" fileid="136" />
                <SequencePoint vc="0" uspid="5033" ordinal="26" offset="310" sl="76" sc="17" el="76" ec="45" bec="0" bev="0" fileid="136" />
                <SequencePoint vc="0" uspid="5034" ordinal="27" offset="323" sl="79" sc="13" el="79" ec="61" bec="0" bev="0" fileid="136" />
                <SequencePoint vc="0" uspid="5035" ordinal="28" offset="339" sl="81" sc="13" el="81" ec="28" bec="0" bev="0" fileid="136" />
              </SequencePoints>
              <BranchPoints>
                <BranchPoint vc="0" uspid="5036" ordinal="0" offset="7" sl="25" path="0" offsetend="9" fileid="136" />
                <BranchPoint vc="0" uspid="5037" ordinal="1" offset="7" sl="25" path="1" offsetend="18" fileid="136" />
                <BranchPoint vc="0" uspid="5038" ordinal="2" offset="16" sl="25" path="0" offsetend="18" fileid="136" />
                <BranchPoint vc="0" uspid="5039" ordinal="3" offset="16" sl="25" path="1" offsetend="24" fileid="136" />
                <BranchPoint vc="0" uspid="5040" ordinal="4" offset="28" sl="30" path="0" offsetend="30" fileid="136" />
                <BranchPoint vc="0" uspid="5041" ordinal="5" offset="28" sl="30" path="1" offsetend="38" fileid="136" />
                <BranchPoint vc="0" uspid="5042" ordinal="6" offset="40" sl="35" path="0" offsetend="42" fileid="136" />
                <BranchPoint vc="0" uspid="5043" ordinal="7" offset="40" sl="35" path="1" offsetend="62" fileid="136" />
                <BranchPoint vc="0" uspid="5044" ordinal="8" offset="76" sl="42" path="0" offsetend="78" fileid="136" />
                <BranchPoint vc="0" uspid="5045" ordinal="9" offset="76" sl="42" path="1" offsetend="116" fileid="136" />
                <BranchPoint vc="0" uspid="5046" ordinal="10" offset="124" sl="48" path="0" offsetend="126" fileid="136" />
                <BranchPoint vc="0" uspid="5047" ordinal="11" offset="124" sl="48" path="1" offsetend="164" fileid="136" />
                <BranchPoint vc="0" uspid="5048" ordinal="12" offset="174" sl="55" path="0" offsetend="176" fileid="136" />
                <BranchPoint vc="0" uspid="5049" ordinal="13" offset="174" sl="55" path="1" offsetend="224" fileid="136" />
                <BranchPoint vc="0" uspid="5050" ordinal="14" offset="184" sl="57" path="0" offsetend="186" fileid="136" />
                <BranchPoint vc="0" uspid="5051" ordinal="15" offset="184" sl="57" path="1" offsetend="193" fileid="136" />
                <BranchPoint vc="0" uspid="5052" ordinal="16" offset="231" sl="62" path="0" offsetend="233" fileid="136" />
                <BranchPoint vc="0" uspid="5053" ordinal="17" offset="231" sl="62" path="1" offsetend="278" fileid="136" />
                <BranchPoint vc="0" uspid="5054" ordinal="18" offset="241" sl="64" path="0" offsetend="243" fileid="136" />
                <BranchPoint vc="0" uspid="5055" ordinal="19" offset="241" sl="64" path="1" offsetend="250" fileid="136" />
                <BranchPoint vc="0" uspid="5056" ordinal="20" offset="283" sl="68" path="0" offsetend="285" fileid="136" />
                <BranchPoint vc="0" uspid="5057" ordinal="21" offset="283" sl="68" path="1" offsetend="306" fileid="136" />
                <BranchPoint vc="0" uspid="5058" ordinal="22" offset="308" sl="74" path="0" offsetend="310" fileid="136" />
                <BranchPoint vc="0" uspid="5059" ordinal="23" offset="308" sl="74" path="1" offsetend="323" fileid="136" />
              </BranchPoints>
              <MethodPoint xsi:type="SequencePoint" vc="0" uspid="5007" ordinal="0" offset="0" sl="25" sc="13" el="25" ec="66" bec="3" bev="0" fileid="136" />
            </Method>
            <Method visited="false" cyclomaticComplexity="5" nPathComplexity="16" sequenceCoverage="0" branchCoverage="0" crapScore="30" isConstructor="false" isStatic="false" isGetter="false" isSetter="false">
              <Summary numSequencePoints="14" visitedSequencePoints="0" numBranchPoints="9" visitedBranchPoints="0" sequenceCoverage="0" branchCoverage="0" maxCyclomaticComplexity="5" minCyclomaticComplexity="5" maxCrapScore="30" minCrapScore="30" visitedClasses="0" numClasses="0" visitedMethods="0" numMethods="1" />
              <MetadataToken>100663853</MetadataToken>
              <Name>System.String Humanizer.Localisation.NumberToWords.TurkishNumberToWordConverter::ConvertToOrdinal(System.Int32)</Name>
              <FileRef uid="136" />
              <SequencePoints>
                <SequencePoint vc="0" uspid="5060" ordinal="0" offset="0" sl="86" sc="13" el="86" ec="40" bec="0" bev="0" fileid="136" />
                <SequencePoint vc="0" uspid="5061" ordinal="1" offset="9" sl="87" sc="13" el="87" ec="43" bec="0" bev="0" fileid="136" />
                <SequencePoint vc="0" uspid="5062" ordinal="2" offset="15" sl="88" sc="13" el="88" ec="48" bec="0" bev="0" fileid="136" />
                <SequencePoint vc="0" uspid="5063" ordinal="3" offset="17" sl="90" sc="18" el="90" ec="41" bec="0" bev="0" fileid="136" />
                <SequencePoint vc="0" uspid="5064" ordinal="4" offset="28" sl="92" sc="17" el="92" ec="72" bec="2" bev="0" fileid="136" />
                <SequencePoint vc="0" uspid="5065" ordinal="5" offset="49" sl="94" sc="21" el="94" ec="67" bec="0" bev="0" fileid="136" />
                <SequencePoint vc="0" uspid="5066" ordinal="6" offset="61" sl="95" sc="21" el="95" ec="27" bec="0" bev="0" fileid="136" />
                <SequencePoint vc="0" uspid="5067" ordinal="7" offset="63" sl="90" sc="51" el="90" ec="54" bec="0" bev="0" fileid="136" />
                <SequencePoint vc="0" uspid="5068" ordinal="8" offset="67" sl="90" sc="43" el="90" ec="49" bec="2" bev="0" fileid="136" />
                <SequencePoint vc="0" uspid="5069" ordinal="9" offset="71" sl="99" sc="13" el="99" ec="46" bec="2" bev="0" fileid="136" />
                <SequencePoint vc="0" uspid="5070" ordinal="10" offset="89" sl="101" sc="17" el="101" ec="65" bec="0" bev="0" fileid="136" />
                <SequencePoint vc="0" uspid="5071" ordinal="11" offset="115" sl="104" sc="13" el="104" ec="40" bec="2" bev="0" fileid="136" />
                <SequencePoint vc="0" uspid="5072" ordinal="12" offset="118" sl="106" sc="17" el="106" ec="59" bec="0" bev="0" fileid="136" />
                <SequencePoint vc="0" uspid="5073" ordinal="13" offset="134" sl="109" sc="13" el="109" ec="62" bec="0" bev="0" fileid="136" />
              </SequencePoints>
              <BranchPoints>
                <BranchPoint vc="0" uspid="5074" ordinal="0" offset="47" sl="92" path="0" offsetend="49" fileid="136" />
                <BranchPoint vc="0" uspid="5075" ordinal="1" offset="47" sl="92" path="1" offsetend="63" fileid="136" />
                <BranchPoint vc="0" uspid="5076" ordinal="2" offset="69" sl="90" path="0" offsetend="71" fileid="136" />
                <BranchPoint vc="0" uspid="5077" ordinal="3" offset="69" sl="90" path="1" offsetend="28" fileid="136" />
                <BranchPoint vc="0" uspid="5078" ordinal="4" offset="87" sl="99" path="0" offsetend="89" fileid="136" />
                <BranchPoint vc="0" uspid="5079" ordinal="5" offset="87" sl="99" path="1" offsetend="115" fileid="136" />
                <BranchPoint vc="0" uspid="5080" ordinal="6" offset="116" sl="104" path="0" offsetend="118" fileid="136" />
                <BranchPoint vc="0" uspid="5081" ordinal="7" offset="116" sl="104" path="1" offsetend="134" fileid="136" />
              </BranchPoints>
              <MethodPoint xsi:type="SequencePoint" vc="0" uspid="5060" ordinal="0" offset="0" sl="86" sc="13" el="86" ec="40" bec="0" bev="0" fileid="136" />
            </Method>
            <Method visited="false" cyclomaticComplexity="1" nPathComplexity="0" sequenceCoverage="0" branchCoverage="0" crapScore="2" isConstructor="true" isStatic="false" isGetter="false" isSetter="false">
              <Summary numSequencePoints="0" visitedSequencePoints="0" numBranchPoints="0" visitedBranchPoints="0" sequenceCoverage="0" branchCoverage="0" maxCyclomaticComplexity="1" minCyclomaticComplexity="1" maxCrapScore="2" minCrapScore="2" visitedClasses="0" numClasses="0" visitedMethods="0" numMethods="0" />
              <MetadataToken>100663854</MetadataToken>
              <Name>System.Void Humanizer.Localisation.NumberToWords.TurkishNumberToWordConverter::.ctor()</Name>
              <SequencePoints />
              <BranchPoints />
              <MethodPoint vc="0" uspid="5082" ordinal="0" offset="0" />
            </Method>
            <Method visited="false" cyclomaticComplexity="1" nPathComplexity="0" sequenceCoverage="0" branchCoverage="0" crapScore="2" isConstructor="true" isStatic="true" isGetter="false" isSetter="false">
              <Summary numSequencePoints="3" visitedSequencePoints="0" numBranchPoints="1" visitedBranchPoints="0" sequenceCoverage="0" branchCoverage="0" maxCyclomaticComplexity="1" minCyclomaticComplexity="1" maxCrapScore="2" minCrapScore="2" visitedClasses="0" numClasses="0" visitedMethods="0" numMethods="1" />
              <MetadataToken>100663855</MetadataToken>
              <Name>System.Void Humanizer.Localisation.NumberToWords.TurkishNumberToWordConverter::.cctor()</Name>
              <FileRef uid="136" />
              <SequencePoints>
                <SequencePoint vc="0" uspid="5083" ordinal="0" offset="0" sl="8" sc="9" el="8" ec="134" bec="0" bev="0" fileid="136" />
                <SequencePoint vc="0" uspid="5084" ordinal="1" offset="93" sl="9" sc="9" el="9" ec="143" bec="0" bev="0" fileid="136" />
                <SequencePoint vc="0" uspid="5085" ordinal="2" offset="186" sl="11" sc="9" el="21" ec="11" bec="0" bev="0" fileid="136" />
              </SequencePoints>
              <BranchPoints />
              <MethodPoint xsi:type="SequencePoint" vc="0" uspid="5083" ordinal="0" offset="0" sl="8" sc="9" el="8" ec="134" bec="0" bev="0" fileid="136" />
            </Method>
          </Methods>
        </Class>
        <Class>
          <Summary numSequencePoints="121" visitedSequencePoints="0" numBranchPoints="78" visitedBranchPoints="0" sequenceCoverage="0" branchCoverage="0" maxCyclomaticComplexity="11" minCyclomaticComplexity="1" maxCrapScore="132" minCrapScore="2" visitedClasses="0" numClasses="1" visitedMethods="0" numMethods="10" />
          <FullName>Humanizer.Localisation.NumberToWords.UkrainianNumberToWordsConverter</FullName>
          <Methods>
            <Method visited="false" cyclomaticComplexity="4" nPathComplexity="8" sequenceCoverage="0" branchCoverage="0" crapScore="20" isConstructor="false" isStatic="false" isGetter="false" isSetter="false">
              <Summary numSequencePoints="14" visitedSequencePoints="0" numBranchPoints="7" visitedBranchPoints="0" sequenceCoverage="0" branchCoverage="0" maxCyclomaticComplexity="4" minCyclomaticComplexity="4" maxCrapScore="20" minCrapScore="20" visitedClasses="0" numClasses="0" visitedMethods="0" numMethods="1" />
              <MetadataToken>100663856</MetadataToken>
              <Name>System.String Humanizer.Localisation.NumberToWords.UkrainianNumberToWordsConverter::Convert(System.Int64,Humanizer.GrammaticalGender)</Name>
              <FileRef uid="137" />
              <SequencePoints>
                <SequencePoint vc="0" uspid="5086" ordinal="0" offset="0" sl="19" sc="13" el="19" ec="28" bec="2" bev="0" fileid="137" />
                <SequencePoint vc="0" uspid="5087" ordinal="1" offset="3" sl="21" sc="17" el="21" ec="31" bec="0" bev="0" fileid="137" />
                <SequencePoint vc="0" uspid="5088" ordinal="2" offset="9" sl="24" sc="13" el="24" ec="44" bec="0" bev="0" fileid="137" />
                <SequencePoint vc="0" uspid="5089" ordinal="3" offset="15" sl="26" sc="13" el="26" ec="27" bec="2" bev="0" fileid="137" />
                <SequencePoint vc="0" uspid="5090" ordinal="4" offset="20" sl="28" sc="17" el="28" ec="36" bec="0" bev="0" fileid="137" />
                <SequencePoint vc="0" uspid="5091" ordinal="5" offset="31" sl="31" sc="13" el="31" ec="142" bec="0" bev="0" fileid="137" />
                <SequencePoint vc="0" uspid="5092" ordinal="6" offset="79" sl="32" sc="13" el="32" ec="139" bec="0" bev="0" fileid="137" />
                <SequencePoint vc="0" uspid="5093" ordinal="7" offset="127" sl="33" sc="13" el="33" ec="127" bec="0" bev="0" fileid="137" />
                <SequencePoint vc="0" uspid="5094" ordinal="8" offset="175" sl="34" sc="13" el="34" ec="121" bec="0" bev="0" fileid="137" />
                <SequencePoint vc="0" uspid="5095" ordinal="9" offset="220" sl="35" sc="13" el="35" ec="118" bec="0" bev="0" fileid="137" />
                <SequencePoint vc="0" uspid="5096" ordinal="10" offset="265" sl="36" sc="13" el="36" ec="107" bec="0" bev="0" fileid="137" />
                <SequencePoint vc="0" uspid="5097" ordinal="11" offset="310" sl="38" sc="13" el="38" ec="27" bec="2" bev="0" fileid="137" />
                <SequencePoint vc="0" uspid="5098" ordinal="12" offset="315" sl="40" sc="17" el="40" ec="68" bec="0" bev="0" fileid="137" />
                <SequencePoint vc="0" uspid="5099" ordinal="13" offset="323" sl="43" sc="13" el="43" ec="44" bec="0" bev="0" fileid="137" />
              </SequencePoints>
              <BranchPoints>
                <BranchPoint vc="0" uspid="5100" ordinal="0" offset="1" sl="19" path="0" offsetend="3" fileid="137" />
                <BranchPoint vc="0" uspid="5101" ordinal="1" offset="1" sl="19" path="1" offsetend="9" fileid="137" />
                <BranchPoint vc="0" uspid="5102" ordinal="2" offset="18" sl="26" path="0" offsetend="20" fileid="137" />
                <BranchPoint vc="0" uspid="5103" ordinal="3" offset="18" sl="26" path="1" offsetend="31" fileid="137" />
                <BranchPoint vc="0" uspid="5104" ordinal="4" offset="313" sl="38" path="0" offsetend="315" fileid="137" />
                <BranchPoint vc="0" uspid="5105" ordinal="5" offset="313" sl="38" path="1" offsetend="323" fileid="137" />
              </BranchPoints>
              <MethodPoint xsi:type="SequencePoint" vc="0" uspid="5086" ordinal="0" offset="0" sl="19" sc="13" el="19" ec="28" bec="2" bev="0" fileid="137" />
            </Method>
            <Method visited="false" cyclomaticComplexity="8" nPathComplexity="128" sequenceCoverage="0" branchCoverage="0" crapScore="72" isConstructor="false" isStatic="false" isGetter="false" isSetter="false">
              <Summary numSequencePoints="28" visitedSequencePoints="0" numBranchPoints="15" visitedBranchPoints="0" sequenceCoverage="0" branchCoverage="0" maxCyclomaticComplexity="8" minCyclomaticComplexity="8" maxCrapScore="72" minCrapScore="72" visitedClasses="0" numClasses="0" visitedMethods="0" numMethods="1" />
              <MetadataToken>100663857</MetadataToken>
              <Name>System.String Humanizer.Localisation.NumberToWords.UkrainianNumberToWordsConverter::ConvertToOrdinal(System.Int32,Humanizer.GrammaticalGender)</Name>
              <FileRef uid="137" />
              <SequencePoints>
                <SequencePoint vc="0" uspid="5106" ordinal="0" offset="0" sl="48" sc="13" el="48" ec="29" bec="2" bev="0" fileid="137" />
                <SequencePoint vc="0" uspid="5107" ordinal="1" offset="3" sl="50" sc="17" el="50" ec="70" bec="0" bev="0" fileid="137" />
                <SequencePoint vc="0" uspid="5108" ordinal="2" offset="21" sl="53" sc="13" el="53" ec="44" bec="0" bev="0" fileid="137" />
                <SequencePoint vc="0" uspid="5109" ordinal="3" offset="27" sl="55" sc="13" el="55" ec="28" bec="2" bev="0" fileid="137" />
                <SequencePoint vc="0" uspid="5110" ordinal="4" offset="31" sl="57" sc="17" el="57" ec="36" bec="0" bev="0" fileid="137" />
                <SequencePoint vc="0" uspid="5111" ordinal="5" offset="42" sl="58" sc="17" el="58" ec="34" bec="0" bev="0" fileid="137" />
                <SequencePoint vc="0" uspid="5112" ordinal="6" offset="46" sl="61" sc="13" el="61" ec="178" bec="0" bev="0" fileid="137" />
                <SequencePoint vc="0" uspid="5113" ordinal="7" offset="107" sl="62" sc="13" el="62" ec="175" bec="0" bev="0" fileid="137" />
                <SequencePoint vc="0" uspid="5114" ordinal="8" offset="168" sl="63" sc="13" el="63" ec="162" bec="0" bev="0" fileid="137" />
                <SequencePoint vc="0" uspid="5115" ordinal="9" offset="229" sl="65" sc="13" el="65" ec="31" bec="2" bev="0" fileid="137" />
                <SequencePoint vc="0" uspid="5116" ordinal="10" offset="234" sl="67" sc="17" el="67" ec="65" bec="0" bev="0" fileid="137" />
                <SequencePoint vc="0" uspid="5117" ordinal="11" offset="242" sl="68" sc="17" el="68" ec="45" bec="0" bev="0" fileid="137" />
                <SequencePoint vc="0" uspid="5118" ordinal="12" offset="247" sl="69" sc="17" el="69" ec="31" bec="0" bev="0" fileid="137" />
                <SequencePoint vc="0" uspid="5119" ordinal="13" offset="253" sl="70" sc="17" el="70" ec="33" bec="2" bev="0" fileid="137" />
                <SequencePoint vc="0" uspid="5120" ordinal="14" offset="256" sl="72" sc="21" el="72" ec="80" bec="0" bev="0" fileid="137" />
                <SequencePoint vc="0" uspid="5121" ordinal="15" offset="280" sl="73" sc="17" el="73" ec="18" bec="0" bev="0" fileid="137" />
                <SequencePoint vc="0" uspid="5122" ordinal="16" offset="282" sl="76" sc="21" el="76" ec="54" bec="0" bev="0" fileid="137" />
                <SequencePoint vc="0" uspid="5123" ordinal="17" offset="295" sl="80" sc="13" el="80" ec="30" bec="2" bev="0" fileid="137" />
                <SequencePoint vc="0" uspid="5124" ordinal="18" offset="300" sl="82" sc="17" el="82" ec="65" bec="0" bev="0" fileid="137" />
                <SequencePoint vc="0" uspid="5125" ordinal="19" offset="308" sl="83" sc="17" el="83" ec="40" bec="0" bev="0" fileid="137" />
                <SequencePoint vc="0" uspid="5126" ordinal="20" offset="314" sl="84" sc="17" el="84" ec="30" bec="0" bev="0" fileid="137" />
                <SequencePoint vc="0" uspid="5127" ordinal="21" offset="320" sl="85" sc="17" el="85" ec="33" bec="2" bev="0" fileid="137" />
                <SequencePoint vc="0" uspid="5128" ordinal="22" offset="323" sl="87" sc="21" el="87" ec="59" bec="0" bev="0" fileid="137" />
                <SequencePoint vc="0" uspid="5129" ordinal="23" offset="343" sl="88" sc="17" el="88" ec="18" bec="0" bev="0" fileid="137" />
                <SequencePoint vc="0" uspid="5130" ordinal="24" offset="345" sl="91" sc="21" el="91" ec="46" bec="0" bev="0" fileid="137" />
                <SequencePoint vc="0" uspid="5131" ordinal="25" offset="359" sl="95" sc="13" el="95" ec="28" bec="2" bev="0" fileid="137" />
                <SequencePoint vc="0" uspid="5132" ordinal="26" offset="363" sl="97" sc="17" el="97" ec="86" bec="0" bev="0" fileid="137" />
                <SequencePoint vc="0" uspid="5133" ordinal="27" offset="388" sl="100" sc="13" el="100" ec="44" bec="0" bev="0" fileid="137" />
              </SequencePoints>
              <BranchPoints>
                <BranchPoint vc="0" uspid="5134" ordinal="0" offset="1" sl="48" path="0" offsetend="3" fileid="137" />
                <BranchPoint vc="0" uspid="5135" ordinal="1" offset="1" sl="48" path="1" offsetend="21" fileid="137" />
                <BranchPoint vc="0" uspid="5136" ordinal="2" offset="29" sl="55" path="0" offsetend="31" fileid="137" />
                <BranchPoint vc="0" uspid="5137" ordinal="3" offset="29" sl="55" path="1" offsetend="46" fileid="137" />
                <BranchPoint vc="0" uspid="5138" ordinal="4" offset="232" sl="65" path="0" offsetend="234" fileid="137" />
                <BranchPoint vc="0" uspid="5139" ordinal="5" offset="232" sl="65" path="1" offsetend="295" fileid="137" />
                <BranchPoint vc="0" uspid="5140" ordinal="6" offset="254" sl="70" path="0" offsetend="256" fileid="137" />
                <BranchPoint vc="0" uspid="5141" ordinal="7" offset="254" sl="70" path="1" offsetend="282" fileid="137" />
                <BranchPoint vc="0" uspid="5142" ordinal="8" offset="298" sl="80" path="0" offsetend="300" fileid="137" />
                <BranchPoint vc="0" uspid="5143" ordinal="9" offset="298" sl="80" path="1" offsetend="359" fileid="137" />
                <BranchPoint vc="0" uspid="5144" ordinal="10" offset="321" sl="85" path="0" offsetend="323" fileid="137" />
                <BranchPoint vc="0" uspid="5145" ordinal="11" offset="321" sl="85" path="1" offsetend="345" fileid="137" />
                <BranchPoint vc="0" uspid="5146" ordinal="12" offset="361" sl="95" path="0" offsetend="363" fileid="137" />
                <BranchPoint vc="0" uspid="5147" ordinal="13" offset="361" sl="95" path="1" offsetend="388" fileid="137" />
              </BranchPoints>
              <MethodPoint xsi:type="SequencePoint" vc="0" uspid="5106" ordinal="0" offset="0" sl="48" sc="13" el="48" ec="29" bec="2" bev="0" fileid="137" />
            </Method>
            <Method visited="false" cyclomaticComplexity="11" nPathComplexity="1024" sequenceCoverage="0" branchCoverage="0" crapScore="132" isConstructor="false" isStatic="true" isGetter="false" isSetter="false">
              <Summary numSequencePoints="21" visitedSequencePoints="0" numBranchPoints="21" visitedBranchPoints="0" sequenceCoverage="0" branchCoverage="0" maxCyclomaticComplexity="11" minCyclomaticComplexity="11" maxCrapScore="132" minCrapScore="132" visitedClasses="0" numClasses="0" visitedMethods="0" numMethods="1" />
              <MetadataToken>100663858</MetadataToken>
              <Name>System.Void Humanizer.Localisation.NumberToWords.UkrainianNumberToWordsConverter::CollectPartsUnderOneThousand(System.Collections.Generic.ICollection`1&lt;System.String&gt;,System.Int64,Humanizer.GrammaticalGender)</Name>
              <FileRef uid="137" />
              <SequencePoints>
                <SequencePoint vc="0" uspid="5148" ordinal="0" offset="0" sl="105" sc="13" el="105" ec="31" bec="2" bev="0" fileid="137" />
                <SequencePoint vc="0" uspid="5149" ordinal="1" offset="6" sl="107" sc="17" el="107" ec="45" bec="0" bev="0" fileid="137" />
                <SequencePoint vc="0" uspid="5150" ordinal="2" offset="12" sl="108" sc="17" el="108" ec="31" bec="0" bev="0" fileid="137" />
                <SequencePoint vc="0" uspid="5151" ordinal="3" offset="19" sl="109" sc="17" el="109" ec="50" bec="0" bev="0" fileid="137" />
                <SequencePoint vc="0" uspid="5152" ordinal="4" offset="33" sl="112" sc="13" el="112" ec="30" bec="2" bev="0" fileid="137" />
                <SequencePoint vc="0" uspid="5153" ordinal="5" offset="39" sl="114" sc="17" el="114" ec="40" bec="0" bev="0" fileid="137" />
                <SequencePoint vc="0" uspid="5154" ordinal="6" offset="45" sl="115" sc="17" el="115" ec="42" bec="0" bev="0" fileid="137" />
                <SequencePoint vc="0" uspid="5155" ordinal="7" offset="59" sl="116" sc="17" el="116" ec="30" bec="0" bev="0" fileid="137" />
                <SequencePoint vc="0" uspid="5156" ordinal="8" offset="66" sl="119" sc="13" el="119" ec="28" bec="2" bev="0" fileid="137" />
                <SequencePoint vc="0" uspid="5157" ordinal="9" offset="71" sl="121" sc="17" el="121" ec="73" bec="3" bev="0" fileid="137" />
                <SequencePoint vc="0" uspid="5158" ordinal="10" offset="80" sl="123" sc="21" el="123" ec="39" bec="0" bev="0" fileid="137" />
                <SequencePoint vc="0" uspid="5159" ordinal="11" offset="91" sl="124" sc="17" el="124" ec="18" bec="0" bev="0" fileid="137" />
                <SequencePoint vc="0" uspid="5160" ordinal="12" offset="92" sl="125" sc="22" el="125" ec="76" bec="3" bev="0" fileid="137" />
                <SequencePoint vc="0" uspid="5161" ordinal="13" offset="101" sl="127" sc="21" el="127" ec="39" bec="0" bev="0" fileid="137" />
                <SequencePoint vc="0" uspid="5162" ordinal="14" offset="112" sl="128" sc="17" el="128" ec="18" bec="0" bev="0" fileid="137" />
                <SequencePoint vc="0" uspid="5163" ordinal="15" offset="113" sl="129" sc="22" el="129" ec="78" bec="3" bev="0" fileid="137" />
                <SequencePoint vc="0" uspid="5164" ordinal="16" offset="122" sl="131" sc="21" el="131" ec="38" bec="0" bev="0" fileid="137" />
                <SequencePoint vc="0" uspid="5165" ordinal="17" offset="133" sl="132" sc="17" el="132" ec="18" bec="0" bev="0" fileid="137" />
                <SequencePoint vc="0" uspid="5166" ordinal="18" offset="134" sl="133" sc="22" el="133" ec="38" bec="2" bev="0" fileid="137" />
                <SequencePoint vc="0" uspid="5167" ordinal="19" offset="140" sl="135" sc="21" el="135" ec="49" bec="0" bev="0" fileid="137" />
                <SequencePoint vc="0" uspid="5168" ordinal="20" offset="154" sl="138" sc="9" el="138" ec="10" bec="0" bev="0" fileid="137" />
              </SequencePoints>
              <BranchPoints>
                <BranchPoint vc="0" uspid="5169" ordinal="0" offset="4" sl="105" path="0" offsetend="6" fileid="137" />
                <BranchPoint vc="0" uspid="5170" ordinal="1" offset="4" sl="105" path="1" offsetend="33" fileid="137" />
                <BranchPoint vc="0" uspid="5171" ordinal="2" offset="37" sl="112" path="0" offsetend="39" fileid="137" />
                <BranchPoint vc="0" uspid="5172" ordinal="3" offset="37" sl="112" path="1" offsetend="66" fileid="137" />
                <BranchPoint vc="0" uspid="5173" ordinal="4" offset="69" sl="119" path="0" offsetend="71" fileid="137" />
                <BranchPoint vc="0" uspid="5174" ordinal="5" offset="69" sl="119" path="1" offsetend="154" fileid="137" />
                <BranchPoint vc="0" uspid="5175" ordinal="6" offset="74" sl="121" path="0" offsetend="76" fileid="137" />
                <BranchPoint vc="0" uspid="5176" ordinal="7" offset="74" sl="121" path="1" offsetend="92" fileid="137" />
                <BranchPoint vc="0" uspid="5177" ordinal="8" offset="78" sl="121" path="0" offsetend="80" fileid="137" />
                <BranchPoint vc="0" uspid="5178" ordinal="9" offset="78" sl="121" path="1" offsetend="92" fileid="137" />
                <BranchPoint vc="0" uspid="5179" ordinal="10" offset="95" sl="125" path="0" offsetend="97" fileid="137" />
                <BranchPoint vc="0" uspid="5180" ordinal="11" offset="95" sl="125" path="1" offsetend="113" fileid="137" />
                <BranchPoint vc="0" uspid="5181" ordinal="12" offset="99" sl="125" path="0" offsetend="101" fileid="137" />
                <BranchPoint vc="0" uspid="5182" ordinal="13" offset="99" sl="125" path="1" offsetend="113" fileid="137" />
                <BranchPoint vc="0" uspid="5183" ordinal="14" offset="116" sl="129" path="0" offsetend="118" fileid="137" />
                <BranchPoint vc="0" uspid="5184" ordinal="15" offset="116" sl="129" path="1" offsetend="134" fileid="137" />
                <BranchPoint vc="0" uspid="5185" ordinal="16" offset="120" sl="129" path="0" offsetend="122" fileid="137" />
                <BranchPoint vc="0" uspid="5186" ordinal="17" offset="120" sl="129" path="1" offsetend="134" fileid="137" />
                <BranchPoint vc="0" uspid="5187" ordinal="18" offset="138" sl="133" path="0" offsetend="140" fileid="137" />
                <BranchPoint vc="0" uspid="5188" ordinal="19" offset="138" sl="133" path="1" offsetend="154" fileid="137" />
              </BranchPoints>
              <MethodPoint xsi:type="SequencePoint" vc="0" uspid="5148" ordinal="0" offset="0" sl="105" sc="13" el="105" ec="31" bec="2" bev="0" fileid="137" />
            </Method>
            <Method visited="false" cyclomaticComplexity="7" nPathComplexity="32" sequenceCoverage="0" branchCoverage="0" crapScore="56" isConstructor="false" isStatic="true" isGetter="false" isSetter="false">
              <Summary numSequencePoints="15" visitedSequencePoints="0" numBranchPoints="11" visitedBranchPoints="0" sequenceCoverage="0" branchCoverage="0" maxCyclomaticComplexity="7" minCyclomaticComplexity="7" maxCrapScore="56" minCrapScore="56" visitedClasses="0" numClasses="0" visitedMethods="0" numMethods="1" />
              <MetadataToken>100663859</MetadataToken>
              <Name>System.String Humanizer.Localisation.NumberToWords.UkrainianNumberToWordsConverter::GetPrefix(System.Int32)</Name>
              <FileRef uid="137" />
              <SequencePoints>
                <SequencePoint vc="0" uspid="5189" ordinal="0" offset="0" sl="142" sc="13" el="142" ec="44" bec="0" bev="0" fileid="137" />
                <SequencePoint vc="0" uspid="5190" ordinal="1" offset="6" sl="144" sc="13" el="144" ec="31" bec="2" bev="0" fileid="137" />
                <SequencePoint vc="0" uspid="5191" ordinal="2" offset="11" sl="146" sc="17" el="146" ec="45" bec="0" bev="0" fileid="137" />
                <SequencePoint vc="0" uspid="5192" ordinal="3" offset="16" sl="147" sc="17" el="147" ec="31" bec="0" bev="0" fileid="137" />
                <SequencePoint vc="0" uspid="5193" ordinal="4" offset="22" sl="148" sc="17" el="148" ec="35" bec="2" bev="0" fileid="137" />
                <SequencePoint vc="0" uspid="5194" ordinal="5" offset="26" sl="150" sc="21" el="150" ec="71" bec="0" bev="0" fileid="137" />
                <SequencePoint vc="0" uspid="5195" ordinal="6" offset="49" sl="151" sc="17" el="151" ec="18" bec="0" bev="0" fileid="137" />
                <SequencePoint vc="0" uspid="5196" ordinal="7" offset="51" sl="154" sc="21" el="154" ec="38" bec="0" bev="0" fileid="137" />
                <SequencePoint vc="0" uspid="5197" ordinal="8" offset="62" sl="158" sc="13" el="158" ec="30" bec="2" bev="0" fileid="137" />
                <SequencePoint vc="0" uspid="5198" ordinal="9" offset="67" sl="160" sc="17" el="160" ec="40" bec="0" bev="0" fileid="137" />
                <SequencePoint vc="0" uspid="5199" ordinal="10" offset="72" sl="161" sc="17" el="161" ec="30" bec="0" bev="0" fileid="137" />
                <SequencePoint vc="0" uspid="5200" ordinal="11" offset="78" sl="162" sc="17" el="162" ec="54" bec="0" bev="0" fileid="137" />
                <SequencePoint vc="0" uspid="5201" ordinal="12" offset="91" sl="165" sc="13" el="165" ec="28" bec="2" bev="0" fileid="137" />
                <SequencePoint vc="0" uspid="5202" ordinal="13" offset="95" sl="167" sc="17" el="167" ec="80" bec="2" bev="0" fileid="137" />
                <SequencePoint vc="0" uspid="5203" ordinal="14" offset="119" sl="170" sc="13" el="170" ec="43" bec="0" bev="0" fileid="137" />
              </SequencePoints>
              <BranchPoints>
                <BranchPoint vc="0" uspid="5204" ordinal="0" offset="9" sl="144" path="0" offsetend="11" fileid="137" />
                <BranchPoint vc="0" uspid="5205" ordinal="1" offset="9" sl="144" path="1" offsetend="62" fileid="137" />
                <BranchPoint vc="0" uspid="5206" ordinal="2" offset="24" sl="148" path="0" offsetend="26" fileid="137" />
                <BranchPoint vc="0" uspid="5207" ordinal="3" offset="24" sl="148" path="1" offsetend="51" fileid="137" />
                <BranchPoint vc="0" uspid="5208" ordinal="4" offset="65" sl="158" path="0" offsetend="67" fileid="137" />
                <BranchPoint vc="0" uspid="5209" ordinal="5" offset="65" sl="158" path="1" offsetend="91" fileid="137" />
                <BranchPoint vc="0" uspid="5210" ordinal="6" offset="93" sl="165" path="0" offsetend="95" fileid="137" />
                <BranchPoint vc="0" uspid="5211" ordinal="7" offset="93" sl="165" path="1" offsetend="119" fileid="137" />
                <BranchPoint vc="0" uspid="5212" ordinal="8" offset="98" sl="167" path="0" offsetend="100" fileid="137" />
                <BranchPoint vc="0" uspid="5213" ordinal="9" offset="98" sl="167" path="1" offsetend="109" fileid="137" />
              </BranchPoints>
              <MethodPoint xsi:type="SequencePoint" vc="0" uspid="5189" ordinal="0" offset="0" sl="142" sc="13" el="142" ec="44" bec="0" bev="0" fileid="137" />
            </Method>
            <Method visited="false" cyclomaticComplexity="2" nPathComplexity="2" sequenceCoverage="0" branchCoverage="0" crapScore="6" isConstructor="false" isStatic="true" isGetter="false" isSetter="false">
              <Summary numSequencePoints="7" visitedSequencePoints="0" numBranchPoints="3" visitedBranchPoints="0" sequenceCoverage="0" branchCoverage="0" maxCyclomaticComplexity="2" minCyclomaticComplexity="2" maxCrapScore="6" minCrapScore="6" visitedClasses="0" numClasses="0" visitedMethods="0" numMethods="1" />
              <MetadataToken>100663860</MetadataToken>
              <Name>System.Void Humanizer.Localisation.NumberToWords.UkrainianNumberToWordsConverter::CollectParts(System.Collections.Generic.ICollection`1&lt;System.String&gt;,System.Int64&amp;,System.Int64,Humanizer.GrammaticalGender,System.String[])</Name>
              <FileRef uid="137" />
              <SequencePoints>
                <SequencePoint vc="0" uspid="5214" ordinal="0" offset="0" sl="175" sc="13" el="175" ec="53" bec="0" bev="0" fileid="137" />
                <SequencePoint vc="0" uspid="5215" ordinal="1" offset="10" sl="176" sc="13" el="176" ec="29" bec="2" bev="0" fileid="137" />
                <SequencePoint vc="0" uspid="5216" ordinal="2" offset="13" sl="178" sc="17" el="178" ec="24" bec="0" bev="0" fileid="137" />
                <SequencePoint vc="0" uspid="5217" ordinal="3" offset="14" sl="181" sc="13" el="181" ec="49" bec="0" bev="0" fileid="137" />
                <SequencePoint vc="0" uspid="5218" ordinal="4" offset="25" sl="183" sc="13" el="183" ec="65" bec="0" bev="0" fileid="137" />
                <SequencePoint vc="0" uspid="5219" ordinal="5" offset="33" sl="184" sc="13" el="184" ec="69" bec="0" bev="0" fileid="137" />
                <SequencePoint vc="0" uspid="5220" ordinal="6" offset="47" sl="185" sc="9" el="185" ec="10" bec="0" bev="0" fileid="137" />
              </SequencePoints>
              <BranchPoints>
                <BranchPoint vc="0" uspid="5221" ordinal="0" offset="11" sl="176" path="0" offsetend="13" fileid="137" />
                <BranchPoint vc="0" uspid="5222" ordinal="1" offset="11" sl="176" path="1" offsetend="14" fileid="137" />
              </BranchPoints>
              <MethodPoint xsi:type="SequencePoint" vc="0" uspid="5214" ordinal="0" offset="0" sl="175" sc="13" el="175" ec="53" bec="0" bev="0" fileid="137" />
            </Method>
            <Method visited="false" cyclomaticComplexity="4" nPathComplexity="8" sequenceCoverage="0" branchCoverage="0" crapScore="20" isConstructor="false" isStatic="true" isGetter="false" isSetter="false">
              <Summary numSequencePoints="13" visitedSequencePoints="0" numBranchPoints="7" visitedBranchPoints="0" sequenceCoverage="0" branchCoverage="0" maxCyclomaticComplexity="4" minCyclomaticComplexity="4" maxCrapScore="20" minCrapScore="20" visitedClasses="0" numClasses="0" visitedMethods="0" numMethods="1" />
              <MetadataToken>100663861</MetadataToken>
              <Name>System.Void Humanizer.Localisation.NumberToWords.UkrainianNumberToWordsConverter::CollectOrdinalParts(System.Collections.Generic.ICollection`1&lt;System.String&gt;,System.Int32&amp;,System.Int32,Humanizer.GrammaticalGender,System.String,System.String[])</Name>
              <FileRef uid="137" />
              <SequencePoints>
                <SequencePoint vc="0" uspid="5223" ordinal="0" offset="0" sl="189" sc="13" el="189" ec="34" bec="2" bev="0" fileid="137" />
                <SequencePoint vc="0" uspid="5224" ordinal="1" offset="5" sl="191" sc="17" el="191" ec="24" bec="0" bev="0" fileid="137" />
                <SequencePoint vc="0" uspid="5225" ordinal="2" offset="6" sl="194" sc="13" el="194" ec="43" bec="0" bev="0" fileid="137" />
                <SequencePoint vc="0" uspid="5226" ordinal="3" offset="11" sl="195" sc="13" el="195" ec="31" bec="0" bev="0" fileid="137" />
                <SequencePoint vc="0" uspid="5227" ordinal="4" offset="17" sl="196" sc="13" el="196" ec="29" bec="2" bev="0" fileid="137" />
                <SequencePoint vc="0" uspid="5228" ordinal="5" offset="21" sl="198" sc="17" el="198" ec="33" bec="2" bev="0" fileid="137" />
                <SequencePoint vc="0" uspid="5229" ordinal="6" offset="25" sl="200" sc="21" el="200" ec="45" bec="0" bev="0" fileid="137" />
                <SequencePoint vc="0" uspid="5230" ordinal="7" offset="33" sl="201" sc="17" el="201" ec="18" bec="0" bev="0" fileid="137" />
                <SequencePoint vc="0" uspid="5231" ordinal="8" offset="34" sl="204" sc="21" el="204" ec="65" bec="0" bev="0" fileid="137" />
                <SequencePoint vc="0" uspid="5232" ordinal="9" offset="53" sl="206" sc="13" el="206" ec="14" bec="0" bev="0" fileid="137" />
                <SequencePoint vc="0" uspid="5233" ordinal="10" offset="54" sl="209" sc="17" el="209" ec="69" bec="0" bev="0" fileid="137" />
                <SequencePoint vc="0" uspid="5234" ordinal="11" offset="63" sl="210" sc="17" el="210" ec="73" bec="0" bev="0" fileid="137" />
                <SequencePoint vc="0" uspid="5235" ordinal="12" offset="78" sl="212" sc="9" el="212" ec="10" bec="0" bev="0" fileid="137" />
              </SequencePoints>
              <BranchPoints>
                <BranchPoint vc="0" uspid="5236" ordinal="0" offset="3" sl="189" path="0" offsetend="5" fileid="137" />
                <BranchPoint vc="0" uspid="5237" ordinal="1" offset="3" sl="189" path="1" offsetend="6" fileid="137" />
                <BranchPoint vc="0" uspid="5238" ordinal="2" offset="19" sl="196" path="0" offsetend="21" fileid="137" />
                <BranchPoint vc="0" uspid="5239" ordinal="3" offset="19" sl="196" path="1" offsetend="54" fileid="137" />
                <BranchPoint vc="0" uspid="5240" ordinal="4" offset="23" sl="198" path="0" offsetend="25" fileid="137" />
                <BranchPoint vc="0" uspid="5241" ordinal="5" offset="23" sl="198" path="1" offsetend="34" fileid="137" />
              </BranchPoints>
              <MethodPoint xsi:type="SequencePoint" vc="0" uspid="5223" ordinal="0" offset="0" sl="189" sc="13" el="189" ec="34" bec="2" bev="0" fileid="137" />
            </Method>
            <Method visited="false" cyclomaticComplexity="3" nPathComplexity="4" sequenceCoverage="0" branchCoverage="0" crapScore="12" isConstructor="false" isStatic="true" isGetter="false" isSetter="false">
              <Summary numSequencePoints="5" visitedSequencePoints="0" numBranchPoints="5" visitedBranchPoints="0" sequenceCoverage="0" branchCoverage="0" maxCyclomaticComplexity="3" minCyclomaticComplexity="3" maxCrapScore="12" minCrapScore="12" visitedClasses="0" numClasses="0" visitedMethods="0" numMethods="1" />
              <MetadataToken>100663862</MetadataToken>
              <Name>System.Int32 Humanizer.Localisation.NumberToWords.UkrainianNumberToWordsConverter::GetIndex(Humanizer.Localisation.GrammaticalNumber.RussianGrammaticalNumber)</Name>
              <FileRef uid="137" />
              <SequencePoints>
                <SequencePoint vc="0" uspid="5242" ordinal="0" offset="0" sl="216" sc="13" el="216" ec="61" bec="2" bev="0" fileid="137" />
                <SequencePoint vc="0" uspid="5243" ordinal="1" offset="3" sl="218" sc="17" el="218" ec="26" bec="0" bev="0" fileid="137" />
                <SequencePoint vc="0" uspid="5244" ordinal="2" offset="5" sl="221" sc="13" el="221" ec="59" bec="2" bev="0" fileid="137" />
                <SequencePoint vc="0" uspid="5245" ordinal="3" offset="9" sl="223" sc="17" el="223" ec="26" bec="0" bev="0" fileid="137" />
                <SequencePoint vc="0" uspid="5246" ordinal="4" offset="11" sl="226" sc="13" el="226" ec="22" bec="0" bev="0" fileid="137" />
              </SequencePoints>
              <BranchPoints>
                <BranchPoint vc="0" uspid="5247" ordinal="0" offset="1" sl="216" path="0" offsetend="3" fileid="137" />
                <BranchPoint vc="0" uspid="5248" ordinal="1" offset="1" sl="216" path="1" offsetend="5" fileid="137" />
                <BranchPoint vc="0" uspid="5249" ordinal="2" offset="7" sl="221" path="0" offsetend="9" fileid="137" />
                <BranchPoint vc="0" uspid="5250" ordinal="3" offset="7" sl="221" path="1" offsetend="11" fileid="137" />
              </BranchPoints>
              <MethodPoint xsi:type="SequencePoint" vc="0" uspid="5242" ordinal="0" offset="0" sl="216" sc="13" el="216" ec="61" bec="2" bev="0" fileid="137" />
            </Method>
            <Method visited="false" cyclomaticComplexity="1" nPathComplexity="0" sequenceCoverage="0" branchCoverage="0" crapScore="2" isConstructor="false" isStatic="true" isGetter="false" isSetter="false">
              <Summary numSequencePoints="1" visitedSequencePoints="0" numBranchPoints="1" visitedBranchPoints="0" sequenceCoverage="0" branchCoverage="0" maxCyclomaticComplexity="1" minCyclomaticComplexity="1" maxCrapScore="2" minCrapScore="2" visitedClasses="0" numClasses="0" visitedMethods="0" numMethods="1" />
              <MetadataToken>100663863</MetadataToken>
              <Name>System.String Humanizer.Localisation.NumberToWords.UkrainianNumberToWordsConverter::ChooseOneForGrammaticalNumber(System.Int64,System.String[])</Name>
              <FileRef uid="137" />
              <SequencePoints>
                <SequencePoint vc="0" uspid="5251" ordinal="0" offset="0" sl="231" sc="13" el="231" ec="85" bec="0" bev="0" fileid="137" />
              </SequencePoints>
              <BranchPoints />
              <MethodPoint xsi:type="SequencePoint" vc="0" uspid="5251" ordinal="0" offset="0" sl="231" sc="13" el="231" ec="85" bec="0" bev="0" fileid="137" />
            </Method>
            <Method visited="false" cyclomaticComplexity="8" nPathComplexity="8" sequenceCoverage="0" branchCoverage="0" crapScore="72" isConstructor="false" isStatic="true" isGetter="false" isSetter="false">
              <Summary numSequencePoints="10" visitedSequencePoints="0" numBranchPoints="7" visitedBranchPoints="0" sequenceCoverage="0" branchCoverage="0" maxCyclomaticComplexity="8" minCyclomaticComplexity="8" maxCrapScore="72" minCrapScore="72" visitedClasses="0" numClasses="0" visitedMethods="0" numMethods="1" />
              <MetadataToken>100663864</MetadataToken>
              <Name>System.String Humanizer.Localisation.NumberToWords.UkrainianNumberToWordsConverter::GetEndingForGender(Humanizer.GrammaticalGender,System.Int32)</Name>
              <FileRef uid="137" />
              <SequencePoints>
                <SequencePoint vc="0" uspid="5252" ordinal="0" offset="20" sl="239" sc="21" el="239" ec="37" bec="2" bev="0" fileid="137" />
                <SequencePoint vc="0" uspid="5253" ordinal="1" offset="24" sl="241" sc="25" el="241" ec="37" bec="0" bev="0" fileid="137" />
                <SequencePoint vc="0" uspid="5254" ordinal="2" offset="30" sl="244" sc="21" el="244" ec="33" bec="0" bev="0" fileid="137" />
                <SequencePoint vc="0" uspid="5255" ordinal="3" offset="36" sl="246" sc="21" el="246" ec="37" bec="2" bev="0" fileid="137" />
                <SequencePoint vc="0" uspid="5256" ordinal="4" offset="40" sl="248" sc="25" el="248" ec="36" bec="0" bev="0" fileid="137" />
                <SequencePoint vc="0" uspid="5257" ordinal="5" offset="46" sl="251" sc="21" el="251" ec="32" bec="0" bev="0" fileid="137" />
                <SequencePoint vc="0" uspid="5258" ordinal="6" offset="52" sl="253" sc="21" el="253" ec="37" bec="2" bev="0" fileid="137" />
                <SequencePoint vc="0" uspid="5259" ordinal="7" offset="56" sl="255" sc="25" el="255" ec="36" bec="0" bev="0" fileid="137" />
                <SequencePoint vc="0" uspid="5260" ordinal="8" offset="62" sl="258" sc="21" el="258" ec="32" bec="0" bev="0" fileid="137" />
                <SequencePoint vc="0" uspid="5261" ordinal="9" offset="68" sl="260" sc="21" el="260" ec="75" bec="0" bev="0" fileid="137" />
              </SequencePoints>
              <BranchPoints>
                <BranchPoint vc="0" uspid="5266" ordinal="4" offset="22" sl="239" path="0" offsetend="24" fileid="137" />
                <BranchPoint vc="0" uspid="5267" ordinal="5" offset="22" sl="239" path="1" offsetend="30" fileid="137" />
                <BranchPoint vc="0" uspid="5268" ordinal="6" offset="38" sl="246" path="0" offsetend="40" fileid="137" />
                <BranchPoint vc="0" uspid="5269" ordinal="7" offset="38" sl="246" path="1" offsetend="46" fileid="137" />
                <BranchPoint vc="0" uspid="5270" ordinal="8" offset="54" sl="253" path="0" offsetend="56" fileid="137" />
                <BranchPoint vc="0" uspid="5271" ordinal="9" offset="54" sl="253" path="1" offsetend="62" fileid="137" />
              </BranchPoints>
              <MethodPoint vc="0" uspid="5272" ordinal="0" offset="0" />
            </Method>
            <Method visited="false" cyclomaticComplexity="1" nPathComplexity="0" sequenceCoverage="0" branchCoverage="0" crapScore="2" isConstructor="true" isStatic="false" isGetter="false" isSetter="false">
              <Summary numSequencePoints="0" visitedSequencePoints="0" numBranchPoints="0" visitedBranchPoints="0" sequenceCoverage="0" branchCoverage="0" maxCyclomaticComplexity="1" minCyclomaticComplexity="1" maxCrapScore="2" minCrapScore="2" visitedClasses="0" numClasses="0" visitedMethods="0" numMethods="0" />
              <MetadataToken>100663865</MetadataToken>
              <Name>System.Void Humanizer.Localisation.NumberToWords.UkrainianNumberToWordsConverter::.ctor()</Name>
              <SequencePoints />
              <BranchPoints />
              <MethodPoint vc="0" uspid="5273" ordinal="0" offset="0" />
            </Method>
            <Method visited="false" cyclomaticComplexity="1" nPathComplexity="0" sequenceCoverage="0" branchCoverage="0" crapScore="2" isConstructor="true" isStatic="true" isGetter="false" isSetter="false">
              <Summary numSequencePoints="7" visitedSequencePoints="0" numBranchPoints="1" visitedBranchPoints="0" sequenceCoverage="0" branchCoverage="0" maxCyclomaticComplexity="1" minCyclomaticComplexity="1" maxCrapScore="2" minCrapScore="2" visitedClasses="0" numClasses="0" visitedMethods="0" numMethods="1" />
              <MetadataToken>100663866</MetadataToken>
              <Name>System.Void Humanizer.Localisation.NumberToWords.UkrainianNumberToWordsConverter::.cctor()</Name>
              <FileRef uid="137" />
              <SequencePoints>
                <SequencePoint vc="0" uspid="5274" ordinal="0" offset="0" sl="9" sc="9" el="9" ec="164" bec="0" bev="0" fileid="137" />
                <SequencePoint vc="0" uspid="5275" ordinal="1" offset="93" sl="10" sc="9" el="10" ec="172" bec="0" bev="0" fileid="137" />
                <SequencePoint vc="0" uspid="5276" ordinal="2" offset="186" sl="11" sc="9" el="11" ec="286" bec="0" bev="0" fileid="137" />
                <SequencePoint vc="0" uspid="5277" ordinal="3" offset="369" sl="12" sc="9" el="12" ec="329" bec="0" bev="0" fileid="137" />
                <SequencePoint vc="0" uspid="5278" ordinal="4" offset="561" sl="13" sc="9" el="13" ec="195" bec="0" bev="0" fileid="137" />
                <SequencePoint vc="0" uspid="5279" ordinal="5" offset="654" sl="14" sc="9" el="14" ec="180" bec="0" bev="0" fileid="137" />
                <SequencePoint vc="0" uspid="5280" ordinal="6" offset="747" sl="15" sc="9" el="15" ec="283" bec="0" bev="0" fileid="137" />
              </SequencePoints>
              <BranchPoints />
              <MethodPoint xsi:type="SequencePoint" vc="0" uspid="5274" ordinal="0" offset="0" sl="9" sc="9" el="9" ec="164" bec="0" bev="0" fileid="137" />
            </Method>
          </Methods>
        </Class>
        <Class>
          <Summary numSequencePoints="42" visitedSequencePoints="0" numBranchPoints="34" visitedBranchPoints="0" sequenceCoverage="0" branchCoverage="0" maxCyclomaticComplexity="10" minCyclomaticComplexity="1" maxCrapScore="110" minCrapScore="2" visitedClasses="0" numClasses="1" visitedMethods="0" numMethods="4" />
          <FullName>Humanizer.Localisation.NumberToWords.UzbekCyrlNumberToWordConverter</FullName>
          <Methods>
            <Method visited="false" cyclomaticComplexity="4" nPathComplexity="8" sequenceCoverage="0" branchCoverage="0" crapScore="20" isConstructor="false" isStatic="false" isGetter="false" isSetter="false">
              <Summary numSequencePoints="6" visitedSequencePoints="0" numBranchPoints="7" visitedBranchPoints="0" sequenceCoverage="0" branchCoverage="0" maxCyclomaticComplexity="4" minCyclomaticComplexity="4" maxCrapScore="20" minCrapScore="20" visitedClasses="0" numClasses="0" visitedMethods="0" numMethods="1" />
              <MetadataToken>100663867</MetadataToken>
              <Name>System.String Humanizer.Localisation.NumberToWords.UzbekCyrlNumberToWordConverter::Convert(System.Int64)</Name>
              <FileRef uid="138" />
              <SequencePoints>
                <SequencePoint vc="0" uspid="5281" ordinal="0" offset="0" sl="15" sc="13" el="15" ec="66" bec="3" bev="0" fileid="138" />
                <SequencePoint vc="0" uspid="5282" ordinal="1" offset="18" sl="17" sc="17" el="17" ec="53" bec="0" bev="0" fileid="138" />
                <SequencePoint vc="0" uspid="5283" ordinal="2" offset="24" sl="19" sc="13" el="19" ec="37" bec="0" bev="0" fileid="138" />
                <SequencePoint vc="0" uspid="5284" ordinal="3" offset="27" sl="20" sc="13" el="20" ec="28" bec="2" bev="0" fileid="138" />
                <SequencePoint vc="0" uspid="5285" ordinal="4" offset="31" sl="22" sc="17" el="22" ec="75" bec="0" bev="0" fileid="138" />
                <SequencePoint vc="0" uspid="5286" ordinal="5" offset="51" sl="25" sc="13" el="25" ec="42" bec="0" bev="0" fileid="138" />
              </SequencePoints>
              <BranchPoints>
                <BranchPoint vc="0" uspid="5287" ordinal="0" offset="7" sl="15" path="0" offsetend="9" fileid="138" />
                <BranchPoint vc="0" uspid="5288" ordinal="1" offset="7" sl="15" path="1" offsetend="18" fileid="138" />
                <BranchPoint vc="0" uspid="5289" ordinal="2" offset="16" sl="15" path="0" offsetend="18" fileid="138" />
                <BranchPoint vc="0" uspid="5290" ordinal="3" offset="16" sl="15" path="1" offsetend="24" fileid="138" />
                <BranchPoint vc="0" uspid="5291" ordinal="4" offset="29" sl="20" path="0" offsetend="31" fileid="138" />
                <BranchPoint vc="0" uspid="5292" ordinal="5" offset="29" sl="20" path="1" offsetend="51" fileid="138" />
              </BranchPoints>
              <MethodPoint xsi:type="SequencePoint" vc="0" uspid="5281" ordinal="0" offset="0" sl="15" sc="13" el="15" ec="66" bec="3" bev="0" fileid="138" />
            </Method>
            <Method visited="false" cyclomaticComplexity="10" nPathComplexity="512" sequenceCoverage="0" branchCoverage="0" crapScore="110" isConstructor="false" isStatic="false" isGetter="false" isSetter="false">
              <Summary numSequencePoints="25" visitedSequencePoints="0" numBranchPoints="19" visitedBranchPoints="0" sequenceCoverage="0" branchCoverage="0" maxCyclomaticComplexity="10" minCyclomaticComplexity="10" maxCrapScore="110" minCrapScore="110" visitedClasses="0" numClasses="0" visitedMethods="0" numMethods="1" />
              <MetadataToken>100663868</MetadataToken>
              <Name>System.String Humanizer.Localisation.NumberToWords.UzbekCyrlNumberToWordConverter::Convert(System.Int32,System.Boolean)</Name>
              <FileRef uid="138" />
              <SequencePoints>
                <SequencePoint vc="0" uspid="5293" ordinal="0" offset="0" sl="30" sc="13" el="30" ec="29" bec="2" bev="0" fileid="138" />
                <SequencePoint vc="0" uspid="5294" ordinal="1" offset="3" sl="32" sc="17" el="32" ec="36" bec="0" bev="0" fileid="138" />
                <SequencePoint vc="0" uspid="5295" ordinal="2" offset="11" sl="35" sc="13" el="35" ec="55" bec="3" bev="0" fileid="138" />
                <SequencePoint vc="0" uspid="5296" ordinal="3" offset="19" sl="37" sc="17" el="37" ec="29" bec="0" bev="0" fileid="138" />
                <SequencePoint vc="0" uspid="5297" ordinal="4" offset="25" sl="40" sc="13" el="40" ec="42" bec="0" bev="0" fileid="138" />
                <SequencePoint vc="0" uspid="5298" ordinal="5" offset="31" sl="42" sc="13" el="42" ec="43" bec="2" bev="0" fileid="138" />
                <SequencePoint vc="0" uspid="5299" ordinal="6" offset="41" sl="44" sc="17" el="44" ec="87" bec="0" bev="0" fileid="138" />
                <SequencePoint vc="0" uspid="5300" ordinal="7" offset="67" sl="45" sc="17" el="45" ec="38" bec="0" bev="0" fileid="138" />
                <SequencePoint vc="0" uspid="5301" ordinal="8" offset="76" sl="48" sc="13" el="48" ec="40" bec="2" bev="0" fileid="138" />
                <SequencePoint vc="0" uspid="5302" ordinal="9" offset="86" sl="50" sc="17" el="50" ec="82" bec="0" bev="0" fileid="138" />
                <SequencePoint vc="0" uspid="5303" ordinal="10" offset="112" sl="51" sc="17" el="51" ec="35" bec="0" bev="0" fileid="138" />
                <SequencePoint vc="0" uspid="5304" ordinal="11" offset="121" sl="54" sc="13" el="54" ec="44" bec="0" bev="0" fileid="138" />
                <SequencePoint vc="0" uspid="5305" ordinal="12" offset="129" sl="55" sc="13" el="55" ec="30" bec="2" bev="0" fileid="138" />
                <SequencePoint vc="0" uspid="5306" ordinal="13" offset="133" sl="57" sc="17" el="57" ec="71" bec="0" bev="0" fileid="138" />
                <SequencePoint vc="0" uspid="5307" ordinal="14" offset="153" sl="58" sc="17" el="58" ec="32" bec="0" bev="0" fileid="138" />
                <SequencePoint vc="0" uspid="5308" ordinal="15" offset="162" sl="61" sc="13" el="61" ec="42" bec="0" bev="0" fileid="138" />
                <SequencePoint vc="0" uspid="5309" ordinal="16" offset="167" sl="62" sc="13" el="62" ec="29" bec="2" bev="0" fileid="138" />
                <SequencePoint vc="0" uspid="5310" ordinal="17" offset="171" sl="64" sc="17" el="64" ec="69" bec="0" bev="0" fileid="138" />
                <SequencePoint vc="0" uspid="5311" ordinal="18" offset="191" sl="65" sc="17" el="65" ec="31" bec="0" bev="0" fileid="138" />
                <SequencePoint vc="0" uspid="5312" ordinal="19" offset="197" sl="68" sc="13" el="68" ec="35" bec="2" bev="0" fileid="138" />
                <SequencePoint vc="0" uspid="5313" ordinal="20" offset="204" sl="70" sc="17" el="70" ec="63" bec="0" bev="0" fileid="138" />
                <SequencePoint vc="0" uspid="5314" ordinal="21" offset="226" sl="71" sc="17" el="71" ec="30" bec="0" bev="0" fileid="138" />
                <SequencePoint vc="0" uspid="5315" ordinal="22" offset="232" sl="74" sc="13" el="74" ec="28" bec="2" bev="0" fileid="138" />
                <SequencePoint vc="0" uspid="5316" ordinal="23" offset="236" sl="76" sc="17" el="76" ec="59" bec="0" bev="0" fileid="138" />
                <SequencePoint vc="0" uspid="5317" ordinal="24" offset="255" sl="79" sc="13" el="79" ec="41" bec="0" bev="0" fileid="138" />
              </SequencePoints>
              <BranchPoints>
                <BranchPoint vc="0" uspid="5318" ordinal="0" offset="1" sl="30" path="0" offsetend="3" fileid="138" />
                <BranchPoint vc="0" uspid="5319" ordinal="1" offset="1" sl="30" path="1" offsetend="11" fileid="138" />
                <BranchPoint vc="0" uspid="5320" ordinal="2" offset="12" sl="35" path="0" offsetend="14" fileid="138" />
                <BranchPoint vc="0" uspid="5321" ordinal="3" offset="12" sl="35" path="1" offsetend="25" fileid="138" />
                <BranchPoint vc="0" uspid="5322" ordinal="4" offset="17" sl="35" path="0" offsetend="19" fileid="138" />
                <BranchPoint vc="0" uspid="5323" ordinal="5" offset="17" sl="35" path="1" offsetend="25" fileid="138" />
                <BranchPoint vc="0" uspid="5324" ordinal="6" offset="39" sl="42" path="0" offsetend="41" fileid="138" />
                <BranchPoint vc="0" uspid="5325" ordinal="7" offset="39" sl="42" path="1" offsetend="76" fileid="138" />
                <BranchPoint vc="0" uspid="5326" ordinal="8" offset="84" sl="48" path="0" offsetend="86" fileid="138" />
                <BranchPoint vc="0" uspid="5327" ordinal="9" offset="84" sl="48" path="1" offsetend="121" fileid="138" />
                <BranchPoint vc="0" uspid="5328" ordinal="10" offset="131" sl="55" path="0" offsetend="133" fileid="138" />
                <BranchPoint vc="0" uspid="5329" ordinal="11" offset="131" sl="55" path="1" offsetend="162" fileid="138" />
                <BranchPoint vc="0" uspid="5330" ordinal="12" offset="169" sl="62" path="0" offsetend="171" fileid="138" />
                <BranchPoint vc="0" uspid="5331" ordinal="13" offset="169" sl="62" path="1" offsetend="197" fileid="138" />
                <BranchPoint vc="0" uspid="5332" ordinal="14" offset="202" sl="68" path="0" offsetend="204" fileid="138" />
                <BranchPoint vc="0" uspid="5333" ordinal="15" offset="202" sl="68" path="1" offsetend="232" fileid="138" />
                <BranchPoint vc="0" uspid="5334" ordinal="16" offset="234" sl="74" path="0" offsetend="236" fileid="138" />
                <BranchPoint vc="0" uspid="5335" ordinal="17" offset="234" sl="74" path="1" offsetend="255" fileid="138" />
              </BranchPoints>
              <MethodPoint xsi:type="SequencePoint" vc="0" uspid="5293" ordinal="0" offset="0" sl="30" sc="13" el="30" ec="29" bec="2" bev="0" fileid="138" />
            </Method>
            <Method visited="false" cyclomaticComplexity="4" nPathComplexity="8" sequenceCoverage="0" branchCoverage="0" crapScore="20" isConstructor="false" isStatic="false" isGetter="false" isSetter="false">
              <Summary numSequencePoints="8" visitedSequencePoints="0" numBranchPoints="7" visitedBranchPoints="0" sequenceCoverage="0" branchCoverage="0" maxCyclomaticComplexity="4" minCyclomaticComplexity="4" maxCrapScore="20" minCrapScore="20" visitedClasses="0" numClasses="0" visitedMethods="0" numMethods="1" />
              <MetadataToken>100663869</MetadataToken>
              <Name>System.String Humanizer.Localisation.NumberToWords.UzbekCyrlNumberToWordConverter::ConvertToOrdinal(System.Int32)</Name>
              <FileRef uid="138" />
              <SequencePoints>
                <SequencePoint vc="0" uspid="5336" ordinal="0" offset="0" sl="84" sc="13" el="84" ec="40" bec="0" bev="0" fileid="138" />
                <SequencePoint vc="0" uspid="5337" ordinal="1" offset="9" sl="85" sc="13" el="85" ec="23" bec="0" bev="0" fileid="138" />
                <SequencePoint vc="0" uspid="5338" ordinal="2" offset="11" sl="86" sc="13" el="86" ec="44" bec="2" bev="0" fileid="138" />
                <SequencePoint vc="0" uspid="5339" ordinal="3" offset="19" sl="88" sc="17" el="88" ec="37" bec="0" bev="0" fileid="138" />
                <SequencePoint vc="0" uspid="5340" ordinal="4" offset="25" sl="91" sc="13" el="91" ec="50" bec="0" bev="0" fileid="138" />
                <SequencePoint vc="0" uspid="5341" ordinal="5" offset="40" sl="92" sc="13" el="92" ec="52" bec="3" bev="0" fileid="138" />
                <SequencePoint vc="0" uspid="5342" ordinal="6" offset="56" sl="94" sc="17" el="94" ec="23" bec="0" bev="0" fileid="138" />
                <SequencePoint vc="0" uspid="5343" ordinal="7" offset="58" sl="97" sc="13" el="97" ec="70" bec="0" bev="0" fileid="138" />
              </SequencePoints>
              <BranchPoints>
                <BranchPoint vc="0" uspid="5344" ordinal="0" offset="17" sl="86" path="0" offsetend="19" fileid="138" />
                <BranchPoint vc="0" uspid="5345" ordinal="1" offset="17" sl="86" path="1" offsetend="25" fileid="138" />
                <BranchPoint vc="0" uspid="5346" ordinal="2" offset="46" sl="92" path="0" offsetend="48" fileid="138" />
                <BranchPoint vc="0" uspid="5347" ordinal="3" offset="46" sl="92" path="1" offsetend="56" fileid="138" />
                <BranchPoint vc="0" uspid="5348" ordinal="4" offset="54" sl="92" path="0" offsetend="56" fileid="138" />
                <BranchPoint vc="0" uspid="5349" ordinal="5" offset="54" sl="92" path="1" offsetend="58" fileid="138" />
              </BranchPoints>
              <MethodPoint xsi:type="SequencePoint" vc="0" uspid="5336" ordinal="0" offset="0" sl="84" sc="13" el="84" ec="40" bec="0" bev="0" fileid="138" />
            </Method>
            <Method visited="false" cyclomaticComplexity="1" nPathComplexity="0" sequenceCoverage="0" branchCoverage="0" crapScore="2" isConstructor="true" isStatic="false" isGetter="false" isSetter="false">
              <Summary numSequencePoints="0" visitedSequencePoints="0" numBranchPoints="0" visitedBranchPoints="0" sequenceCoverage="0" branchCoverage="0" maxCyclomaticComplexity="1" minCyclomaticComplexity="1" maxCrapScore="2" minCrapScore="2" visitedClasses="0" numClasses="0" visitedMethods="0" numMethods="0" />
              <MetadataToken>100663870</MetadataToken>
              <Name>System.Void Humanizer.Localisation.NumberToWords.UzbekCyrlNumberToWordConverter::.ctor()</Name>
              <SequencePoints />
              <BranchPoints />
              <MethodPoint vc="0" uspid="5350" ordinal="0" offset="0" />
            </Method>
            <Method visited="false" cyclomaticComplexity="1" nPathComplexity="0" sequenceCoverage="0" branchCoverage="0" crapScore="2" isConstructor="true" isStatic="true" isGetter="false" isSetter="false">
              <Summary numSequencePoints="3" visitedSequencePoints="0" numBranchPoints="1" visitedBranchPoints="0" sequenceCoverage="0" branchCoverage="0" maxCyclomaticComplexity="1" minCyclomaticComplexity="1" maxCrapScore="2" minCrapScore="2" visitedClasses="0" numClasses="0" visitedMethods="0" numMethods="1" />
              <MetadataToken>100663871</MetadataToken>
              <Name>System.Void Humanizer.Localisation.NumberToWords.UzbekCyrlNumberToWordConverter::.cctor()</Name>
              <FileRef uid="138" />
              <SequencePoints>
                <SequencePoint vc="0" uspid="5351" ordinal="0" offset="0" sl="8" sc="9" el="8" ec="135" bec="0" bev="0" fileid="138" />
                <SequencePoint vc="0" uspid="5352" ordinal="1" offset="93" sl="9" sc="9" el="9" ec="144" bec="0" bev="0" fileid="138" />
                <SequencePoint vc="0" uspid="5353" ordinal="2" offset="186" sl="11" sc="9" el="11" ec="91" bec="0" bev="0" fileid="138" />
              </SequencePoints>
              <BranchPoints />
              <MethodPoint xsi:type="SequencePoint" vc="0" uspid="5351" ordinal="0" offset="0" sl="8" sc="9" el="8" ec="135" bec="0" bev="0" fileid="138" />
            </Method>
          </Methods>
        </Class>
        <Class>
          <Summary numSequencePoints="42" visitedSequencePoints="0" numBranchPoints="34" visitedBranchPoints="0" sequenceCoverage="0" branchCoverage="0" maxCyclomaticComplexity="10" minCyclomaticComplexity="1" maxCrapScore="110" minCrapScore="2" visitedClasses="0" numClasses="1" visitedMethods="0" numMethods="4" />
          <FullName>Humanizer.Localisation.NumberToWords.UzbekLatnNumberToWordConverter</FullName>
          <Methods>
            <Method visited="false" cyclomaticComplexity="4" nPathComplexity="8" sequenceCoverage="0" branchCoverage="0" crapScore="20" isConstructor="false" isStatic="false" isGetter="false" isSetter="false">
              <Summary numSequencePoints="6" visitedSequencePoints="0" numBranchPoints="7" visitedBranchPoints="0" sequenceCoverage="0" branchCoverage="0" maxCyclomaticComplexity="4" minCyclomaticComplexity="4" maxCrapScore="20" minCrapScore="20" visitedClasses="0" numClasses="0" visitedMethods="0" numMethods="1" />
              <MetadataToken>100663872</MetadataToken>
              <Name>System.String Humanizer.Localisation.NumberToWords.UzbekLatnNumberToWordConverter::Convert(System.Int64)</Name>
              <FileRef uid="139" />
              <SequencePoints>
                <SequencePoint vc="0" uspid="5354" ordinal="0" offset="0" sl="15" sc="13" el="15" ec="66" bec="3" bev="0" fileid="139" />
                <SequencePoint vc="0" uspid="5355" ordinal="1" offset="18" sl="17" sc="17" el="17" ec="53" bec="0" bev="0" fileid="139" />
                <SequencePoint vc="0" uspid="5356" ordinal="2" offset="24" sl="19" sc="13" el="19" ec="37" bec="0" bev="0" fileid="139" />
                <SequencePoint vc="0" uspid="5357" ordinal="3" offset="27" sl="20" sc="13" el="20" ec="28" bec="2" bev="0" fileid="139" />
                <SequencePoint vc="0" uspid="5358" ordinal="4" offset="31" sl="22" sc="17" el="22" ec="75" bec="0" bev="0" fileid="139" />
                <SequencePoint vc="0" uspid="5359" ordinal="5" offset="51" sl="25" sc="13" el="25" ec="42" bec="0" bev="0" fileid="139" />
              </SequencePoints>
              <BranchPoints>
                <BranchPoint vc="0" uspid="5360" ordinal="0" offset="7" sl="15" path="0" offsetend="9" fileid="139" />
                <BranchPoint vc="0" uspid="5361" ordinal="1" offset="7" sl="15" path="1" offsetend="18" fileid="139" />
                <BranchPoint vc="0" uspid="5362" ordinal="2" offset="16" sl="15" path="0" offsetend="18" fileid="139" />
                <BranchPoint vc="0" uspid="5363" ordinal="3" offset="16" sl="15" path="1" offsetend="24" fileid="139" />
                <BranchPoint vc="0" uspid="5364" ordinal="4" offset="29" sl="20" path="0" offsetend="31" fileid="139" />
                <BranchPoint vc="0" uspid="5365" ordinal="5" offset="29" sl="20" path="1" offsetend="51" fileid="139" />
              </BranchPoints>
              <MethodPoint xsi:type="SequencePoint" vc="0" uspid="5354" ordinal="0" offset="0" sl="15" sc="13" el="15" ec="66" bec="3" bev="0" fileid="139" />
            </Method>
            <Method visited="false" cyclomaticComplexity="10" nPathComplexity="512" sequenceCoverage="0" branchCoverage="0" crapScore="110" isConstructor="false" isStatic="false" isGetter="false" isSetter="false">
              <Summary numSequencePoints="25" visitedSequencePoints="0" numBranchPoints="19" visitedBranchPoints="0" sequenceCoverage="0" branchCoverage="0" maxCyclomaticComplexity="10" minCyclomaticComplexity="10" maxCrapScore="110" minCrapScore="110" visitedClasses="0" numClasses="0" visitedMethods="0" numMethods="1" />
              <MetadataToken>100663873</MetadataToken>
              <Name>System.String Humanizer.Localisation.NumberToWords.UzbekLatnNumberToWordConverter::Convert(System.Int32,System.Boolean)</Name>
              <FileRef uid="139" />
              <SequencePoints>
                <SequencePoint vc="0" uspid="5366" ordinal="0" offset="0" sl="30" sc="13" el="30" ec="29" bec="2" bev="0" fileid="139" />
                <SequencePoint vc="0" uspid="5367" ordinal="1" offset="3" sl="32" sc="17" el="32" ec="36" bec="0" bev="0" fileid="139" />
                <SequencePoint vc="0" uspid="5368" ordinal="2" offset="11" sl="35" sc="13" el="35" ec="55" bec="3" bev="0" fileid="139" />
                <SequencePoint vc="0" uspid="5369" ordinal="3" offset="19" sl="37" sc="17" el="37" ec="30" bec="0" bev="0" fileid="139" />
                <SequencePoint vc="0" uspid="5370" ordinal="4" offset="25" sl="40" sc="13" el="40" ec="42" bec="0" bev="0" fileid="139" />
                <SequencePoint vc="0" uspid="5371" ordinal="5" offset="31" sl="42" sc="13" el="42" ec="43" bec="2" bev="0" fileid="139" />
                <SequencePoint vc="0" uspid="5372" ordinal="6" offset="41" sl="44" sc="17" el="44" ec="87" bec="0" bev="0" fileid="139" />
                <SequencePoint vc="0" uspid="5373" ordinal="7" offset="67" sl="45" sc="17" el="45" ec="38" bec="0" bev="0" fileid="139" />
                <SequencePoint vc="0" uspid="5374" ordinal="8" offset="76" sl="48" sc="13" el="48" ec="40" bec="2" bev="0" fileid="139" />
                <SequencePoint vc="0" uspid="5375" ordinal="9" offset="86" sl="50" sc="17" el="50" ec="82" bec="0" bev="0" fileid="139" />
                <SequencePoint vc="0" uspid="5376" ordinal="10" offset="112" sl="51" sc="17" el="51" ec="35" bec="0" bev="0" fileid="139" />
                <SequencePoint vc="0" uspid="5377" ordinal="11" offset="121" sl="54" sc="13" el="54" ec="44" bec="0" bev="0" fileid="139" />
                <SequencePoint vc="0" uspid="5378" ordinal="12" offset="129" sl="55" sc="13" el="55" ec="30" bec="2" bev="0" fileid="139" />
                <SequencePoint vc="0" uspid="5379" ordinal="13" offset="133" sl="57" sc="17" el="57" ec="71" bec="0" bev="0" fileid="139" />
                <SequencePoint vc="0" uspid="5380" ordinal="14" offset="153" sl="58" sc="17" el="58" ec="32" bec="0" bev="0" fileid="139" />
                <SequencePoint vc="0" uspid="5381" ordinal="15" offset="162" sl="61" sc="13" el="61" ec="42" bec="0" bev="0" fileid="139" />
                <SequencePoint vc="0" uspid="5382" ordinal="16" offset="167" sl="62" sc="13" el="62" ec="29" bec="2" bev="0" fileid="139" />
                <SequencePoint vc="0" uspid="5383" ordinal="17" offset="171" sl="64" sc="17" el="64" ec="70" bec="0" bev="0" fileid="139" />
                <SequencePoint vc="0" uspid="5384" ordinal="18" offset="191" sl="65" sc="17" el="65" ec="31" bec="0" bev="0" fileid="139" />
                <SequencePoint vc="0" uspid="5385" ordinal="19" offset="197" sl="68" sc="13" el="68" ec="35" bec="2" bev="0" fileid="139" />
                <SequencePoint vc="0" uspid="5386" ordinal="20" offset="204" sl="70" sc="17" el="70" ec="63" bec="0" bev="0" fileid="139" />
                <SequencePoint vc="0" uspid="5387" ordinal="21" offset="226" sl="71" sc="17" el="71" ec="30" bec="0" bev="0" fileid="139" />
                <SequencePoint vc="0" uspid="5388" ordinal="22" offset="232" sl="74" sc="13" el="74" ec="28" bec="2" bev="0" fileid="139" />
                <SequencePoint vc="0" uspid="5389" ordinal="23" offset="236" sl="76" sc="17" el="76" ec="59" bec="0" bev="0" fileid="139" />
                <SequencePoint vc="0" uspid="5390" ordinal="24" offset="255" sl="79" sc="13" el="79" ec="41" bec="0" bev="0" fileid="139" />
              </SequencePoints>
              <BranchPoints>
                <BranchPoint vc="0" uspid="5391" ordinal="0" offset="1" sl="30" path="0" offsetend="3" fileid="139" />
                <BranchPoint vc="0" uspid="5392" ordinal="1" offset="1" sl="30" path="1" offsetend="11" fileid="139" />
                <BranchPoint vc="0" uspid="5393" ordinal="2" offset="12" sl="35" path="0" offsetend="14" fileid="139" />
                <BranchPoint vc="0" uspid="5394" ordinal="3" offset="12" sl="35" path="1" offsetend="25" fileid="139" />
                <BranchPoint vc="0" uspid="5395" ordinal="4" offset="17" sl="35" path="0" offsetend="19" fileid="139" />
                <BranchPoint vc="0" uspid="5396" ordinal="5" offset="17" sl="35" path="1" offsetend="25" fileid="139" />
                <BranchPoint vc="0" uspid="5397" ordinal="6" offset="39" sl="42" path="0" offsetend="41" fileid="139" />
                <BranchPoint vc="0" uspid="5398" ordinal="7" offset="39" sl="42" path="1" offsetend="76" fileid="139" />
                <BranchPoint vc="0" uspid="5399" ordinal="8" offset="84" sl="48" path="0" offsetend="86" fileid="139" />
                <BranchPoint vc="0" uspid="5400" ordinal="9" offset="84" sl="48" path="1" offsetend="121" fileid="139" />
                <BranchPoint vc="0" uspid="5401" ordinal="10" offset="131" sl="55" path="0" offsetend="133" fileid="139" />
                <BranchPoint vc="0" uspid="5402" ordinal="11" offset="131" sl="55" path="1" offsetend="162" fileid="139" />
                <BranchPoint vc="0" uspid="5403" ordinal="12" offset="169" sl="62" path="0" offsetend="171" fileid="139" />
                <BranchPoint vc="0" uspid="5404" ordinal="13" offset="169" sl="62" path="1" offsetend="197" fileid="139" />
                <BranchPoint vc="0" uspid="5405" ordinal="14" offset="202" sl="68" path="0" offsetend="204" fileid="139" />
                <BranchPoint vc="0" uspid="5406" ordinal="15" offset="202" sl="68" path="1" offsetend="232" fileid="139" />
                <BranchPoint vc="0" uspid="5407" ordinal="16" offset="234" sl="74" path="0" offsetend="236" fileid="139" />
                <BranchPoint vc="0" uspid="5408" ordinal="17" offset="234" sl="74" path="1" offsetend="255" fileid="139" />
              </BranchPoints>
              <MethodPoint xsi:type="SequencePoint" vc="0" uspid="5366" ordinal="0" offset="0" sl="30" sc="13" el="30" ec="29" bec="2" bev="0" fileid="139" />
            </Method>
            <Method visited="false" cyclomaticComplexity="4" nPathComplexity="8" sequenceCoverage="0" branchCoverage="0" crapScore="20" isConstructor="false" isStatic="false" isGetter="false" isSetter="false">
              <Summary numSequencePoints="8" visitedSequencePoints="0" numBranchPoints="7" visitedBranchPoints="0" sequenceCoverage="0" branchCoverage="0" maxCyclomaticComplexity="4" minCyclomaticComplexity="4" maxCrapScore="20" minCrapScore="20" visitedClasses="0" numClasses="0" visitedMethods="0" numMethods="1" />
              <MetadataToken>100663874</MetadataToken>
              <Name>System.String Humanizer.Localisation.NumberToWords.UzbekLatnNumberToWordConverter::ConvertToOrdinal(System.Int32)</Name>
              <FileRef uid="139" />
              <SequencePoints>
                <SequencePoint vc="0" uspid="5409" ordinal="0" offset="0" sl="84" sc="13" el="84" ec="40" bec="0" bev="0" fileid="139" />
                <SequencePoint vc="0" uspid="5410" ordinal="1" offset="9" sl="85" sc="13" el="85" ec="23" bec="0" bev="0" fileid="139" />
                <SequencePoint vc="0" uspid="5411" ordinal="2" offset="11" sl="86" sc="13" el="86" ec="44" bec="2" bev="0" fileid="139" />
                <SequencePoint vc="0" uspid="5412" ordinal="3" offset="19" sl="88" sc="17" el="88" ec="37" bec="0" bev="0" fileid="139" />
                <SequencePoint vc="0" uspid="5413" ordinal="4" offset="25" sl="91" sc="13" el="91" ec="50" bec="0" bev="0" fileid="139" />
                <SequencePoint vc="0" uspid="5414" ordinal="5" offset="40" sl="92" sc="13" el="92" ec="52" bec="3" bev="0" fileid="139" />
                <SequencePoint vc="0" uspid="5415" ordinal="6" offset="50" sl="94" sc="17" el="94" ec="23" bec="0" bev="0" fileid="139" />
                <SequencePoint vc="0" uspid="5416" ordinal="7" offset="52" sl="97" sc="13" el="97" ec="70" bec="0" bev="0" fileid="139" />
              </SequencePoints>
              <BranchPoints>
                <BranchPoint vc="0" uspid="5417" ordinal="0" offset="17" sl="86" path="0" offsetend="19" fileid="139" />
                <BranchPoint vc="0" uspid="5418" ordinal="1" offset="17" sl="86" path="1" offsetend="25" fileid="139" />
                <BranchPoint vc="0" uspid="5419" ordinal="2" offset="43" sl="92" path="0" offsetend="45" fileid="139" />
                <BranchPoint vc="0" uspid="5420" ordinal="3" offset="43" sl="92" path="1" offsetend="50" fileid="139" />
                <BranchPoint vc="0" uspid="5421" ordinal="4" offset="48" sl="92" path="0" offsetend="50" fileid="139" />
                <BranchPoint vc="0" uspid="5422" ordinal="5" offset="48" sl="92" path="1" offsetend="52" fileid="139" />
              </BranchPoints>
              <MethodPoint xsi:type="SequencePoint" vc="0" uspid="5409" ordinal="0" offset="0" sl="84" sc="13" el="84" ec="40" bec="0" bev="0" fileid="139" />
            </Method>
            <Method visited="false" cyclomaticComplexity="1" nPathComplexity="0" sequenceCoverage="0" branchCoverage="0" crapScore="2" isConstructor="true" isStatic="false" isGetter="false" isSetter="false">
              <Summary numSequencePoints="0" visitedSequencePoints="0" numBranchPoints="0" visitedBranchPoints="0" sequenceCoverage="0" branchCoverage="0" maxCyclomaticComplexity="1" minCyclomaticComplexity="1" maxCrapScore="2" minCrapScore="2" visitedClasses="0" numClasses="0" visitedMethods="0" numMethods="0" />
              <MetadataToken>100663875</MetadataToken>
              <Name>System.Void Humanizer.Localisation.NumberToWords.UzbekLatnNumberToWordConverter::.ctor()</Name>
              <SequencePoints />
              <BranchPoints />
              <MethodPoint vc="0" uspid="5423" ordinal="0" offset="0" />
            </Method>
            <Method visited="false" cyclomaticComplexity="1" nPathComplexity="0" sequenceCoverage="0" branchCoverage="0" crapScore="2" isConstructor="true" isStatic="true" isGetter="false" isSetter="false">
              <Summary numSequencePoints="3" visitedSequencePoints="0" numBranchPoints="1" visitedBranchPoints="0" sequenceCoverage="0" branchCoverage="0" maxCyclomaticComplexity="1" minCyclomaticComplexity="1" maxCrapScore="2" minCrapScore="2" visitedClasses="0" numClasses="0" visitedMethods="0" numMethods="1" />
              <MetadataToken>100663876</MetadataToken>
              <Name>System.Void Humanizer.Localisation.NumberToWords.UzbekLatnNumberToWordConverter::.cctor()</Name>
              <FileRef uid="139" />
              <SequencePoints>
                <SequencePoint vc="0" uspid="5424" ordinal="0" offset="0" sl="8" sc="9" el="8" ec="140" bec="0" bev="0" fileid="139" />
                <SequencePoint vc="0" uspid="5425" ordinal="1" offset="93" sl="9" sc="9" el="9" ec="150" bec="0" bev="0" fileid="139" />
                <SequencePoint vc="0" uspid="5426" ordinal="2" offset="186" sl="11" sc="9" el="11" ec="93" bec="0" bev="0" fileid="139" />
              </SequencePoints>
              <BranchPoints />
              <MethodPoint xsi:type="SequencePoint" vc="0" uspid="5424" ordinal="0" offset="0" sl="8" sc="9" el="8" ec="140" bec="0" bev="0" fileid="139" />
            </Method>
          </Methods>
        </Class>
        <Class>
          <Summary numSequencePoints="32" visitedSequencePoints="0" numBranchPoints="33" visitedBranchPoints="0" sequenceCoverage="0" branchCoverage="0" maxCyclomaticComplexity="14" minCyclomaticComplexity="1" maxCrapScore="210" minCrapScore="2" visitedClasses="0" numClasses="1" visitedMethods="0" numMethods="5" />
          <FullName>Humanizer.Localisation.NumberToWords.VietnameseNumberToWordsConverter</FullName>
          <Methods>
            <Method visited="false" cyclomaticComplexity="2" nPathComplexity="2" sequenceCoverage="0" branchCoverage="0" crapScore="6" isConstructor="false" isStatic="false" isGetter="false" isSetter="false">
              <Summary numSequencePoints="1" visitedSequencePoints="0" numBranchPoints="3" visitedBranchPoints="0" sequenceCoverage="0" branchCoverage="0" maxCyclomaticComplexity="2" minCyclomaticComplexity="2" maxCrapScore="6" minCrapScore="6" visitedClasses="0" numClasses="0" visitedMethods="0" numMethods="1" />
              <MetadataToken>100663877</MetadataToken>
              <Name>System.String Humanizer.Localisation.NumberToWords.VietnameseNumberToWordsConverter::Convert(System.Int64)</Name>
              <FileRef uid="140" />
              <SequencePoints>
                <SequencePoint vc="0" uspid="5427" ordinal="0" offset="0" sl="17" sc="13" el="19" ec="39" bec="2" bev="0" fileid="140" />
              </SequencePoints>
              <BranchPoints>
                <BranchPoint vc="0" uspid="5428" ordinal="0" offset="1" sl="17" path="0" offsetend="3" fileid="140" />
                <BranchPoint vc="0" uspid="5429" ordinal="1" offset="1" sl="17" path="1" offsetend="12" fileid="140" />
              </BranchPoints>
              <MethodPoint xsi:type="SequencePoint" vc="0" uspid="5427" ordinal="0" offset="0" sl="17" sc="13" el="19" ec="39" bec="2" bev="0" fileid="140" />
            </Method>
            <Method visited="false" cyclomaticComplexity="1" nPathComplexity="0" sequenceCoverage="0" branchCoverage="0" crapScore="2" isConstructor="false" isStatic="false" isGetter="false" isSetter="false">
              <Summary numSequencePoints="1" visitedSequencePoints="0" numBranchPoints="1" visitedBranchPoints="0" sequenceCoverage="0" branchCoverage="0" maxCyclomaticComplexity="1" minCyclomaticComplexity="1" maxCrapScore="2" minCrapScore="2" visitedClasses="0" numClasses="0" visitedMethods="0" numMethods="1" />
              <MetadataToken>100663878</MetadataToken>
              <Name>System.String Humanizer.Localisation.NumberToWords.VietnameseNumberToWordsConverter::ConvertToOrdinal(System.Int32)</Name>
              <FileRef uid="140" />
              <SequencePoints>
                <SequencePoint vc="0" uspid="5430" ordinal="0" offset="0" sl="24" sc="13" el="24" ec="58" bec="0" bev="0" fileid="140" />
              </SequencePoints>
              <BranchPoints />
              <MethodPoint xsi:type="SequencePoint" vc="0" uspid="5430" ordinal="0" offset="0" sl="24" sc="13" el="24" ec="58" bec="0" bev="0" fileid="140" />
            </Method>
            <Method visited="false" cyclomaticComplexity="5" nPathComplexity="0" sequenceCoverage="0" branchCoverage="0" crapScore="30" isConstructor="false" isStatic="false" isGetter="false" isSetter="false">
              <Summary numSequencePoints="4" visitedSequencePoints="0" numBranchPoints="1" visitedBranchPoints="0" sequenceCoverage="0" branchCoverage="0" maxCyclomaticComplexity="5" minCyclomaticComplexity="5" maxCrapScore="30" minCrapScore="30" visitedClasses="0" numClasses="0" visitedMethods="0" numMethods="1" />
              <MetadataToken>100663879</MetadataToken>
              <Name>System.String Humanizer.Localisation.NumberToWords.VietnameseNumberToWordsConverter::ConvertToOrdinalImpl(System.Int32)</Name>
              <FileRef uid="140" />
              <SequencePoints>
                <SequencePoint vc="0" uspid="5431" ordinal="0" offset="26" sl="32" sc="21" el="32" ec="35" bec="0" bev="0" fileid="140" />
                <SequencePoint vc="0" uspid="5432" ordinal="1" offset="32" sl="34" sc="21" el="34" ec="34" bec="0" bev="0" fileid="140" />
                <SequencePoint vc="0" uspid="5433" ordinal="2" offset="38" sl="36" sc="21" el="36" ec="33" bec="0" bev="0" fileid="140" />
                <SequencePoint vc="0" uspid="5434" ordinal="3" offset="44" sl="38" sc="21" el="38" ec="44" bec="0" bev="0" fileid="140" />
              </SequencePoints>
              <BranchPoints />
              <MethodPoint vc="0" uspid="5440" ordinal="0" offset="0" />
            </Method>
            <Method visited="false" cyclomaticComplexity="14" nPathComplexity="8192" sequenceCoverage="0" branchCoverage="0" crapScore="210" isConstructor="false" isStatic="true" isGetter="false" isSetter="false">
              <Summary numSequencePoints="25" visitedSequencePoints="0" numBranchPoints="27" visitedBranchPoints="0" sequenceCoverage="0" branchCoverage="0" maxCyclomaticComplexity="14" minCyclomaticComplexity="14" maxCrapScore="210" minCrapScore="210" visitedClasses="0" numClasses="0" visitedMethods="0" numMethods="1" />
              <MetadataToken>100663880</MetadataToken>
              <Name>System.String Humanizer.Localisation.NumberToWords.VietnameseNumberToWordsConverter::ConvertImpl(System.Int64,System.Boolean,System.Boolean)</Name>
              <FileRef uid="140" />
              <SequencePoints>
                <SequencePoint vc="0" uspid="5441" ordinal="0" offset="0" sl="44" sc="13" el="44" ec="38" bec="2" bev="0" fileid="140" />
                <SequencePoint vc="0" uspid="5442" ordinal="1" offset="9" sl="46" sc="17" el="51" ec="32" bec="0" bev="0" fileid="140" />
                <SequencePoint vc="0" uspid="5443" ordinal="2" offset="60" sl="54" sc="13" el="54" ec="38" bec="2" bev="0" fileid="140" />
                <SequencePoint vc="0" uspid="5444" ordinal="3" offset="69" sl="56" sc="17" el="61" ec="32" bec="0" bev="0" fileid="140" />
                <SequencePoint vc="0" uspid="5445" ordinal="4" offset="120" sl="64" sc="13" el="64" ec="32" bec="2" bev="0" fileid="140" />
                <SequencePoint vc="0" uspid="5446" ordinal="5" offset="129" sl="66" sc="17" el="71" ec="32" bec="0" bev="0" fileid="140" />
                <SequencePoint vc="0" uspid="5447" ordinal="6" offset="180" sl="74" sc="13" el="74" ec="31" bec="2" bev="0" fileid="140" />
                <SequencePoint vc="0" uspid="5448" ordinal="7" offset="186" sl="76" sc="17" el="81" ec="32" bec="0" bev="0" fileid="140" />
                <SequencePoint vc="0" uspid="5449" ordinal="8" offset="231" sl="84" sc="13" el="84" ec="30" bec="2" bev="0" fileid="140" />
                <SequencePoint vc="0" uspid="5450" ordinal="9" offset="237" sl="86" sc="17" el="91" ec="32" bec="0" bev="0" fileid="140" />
                <SequencePoint vc="0" uspid="5451" ordinal="10" offset="282" sl="94" sc="13" el="94" ec="30" bec="2" bev="0" fileid="140" />
                <SequencePoint vc="0" uspid="5452" ordinal="11" offset="288" sl="96" sc="17" el="96" ec="35" bec="0" bev="0" fileid="140" />
                <SequencePoint vc="0" uspid="5453" ordinal="12" offset="294" sl="99" sc="13" el="99" ec="30" bec="2" bev="0" fileid="140" />
                <SequencePoint vc="0" uspid="5454" ordinal="13" offset="300" sl="101" sc="17" el="101" ec="35" bec="0" bev="0" fileid="140" />
                <SequencePoint vc="0" uspid="5455" ordinal="14" offset="306" sl="104" sc="13" el="104" ec="30" bec="2" bev="0" fileid="140" />
                <SequencePoint vc="0" uspid="5456" ordinal="15" offset="312" sl="106" sc="17" el="106" ec="84" bec="0" bev="0" fileid="140" />
                <SequencePoint vc="0" uspid="5457" ordinal="16" offset="345" sl="109" sc="13" el="109" ec="40" bec="2" bev="0" fileid="140" />
                <SequencePoint vc="0" uspid="5458" ordinal="17" offset="354" sl="111" sc="17" el="111" ec="30" bec="0" bev="0" fileid="140" />
                <SequencePoint vc="0" uspid="5459" ordinal="18" offset="360" sl="114" sc="13" el="114" ec="40" bec="2" bev="0" fileid="140" />
                <SequencePoint vc="0" uspid="5460" ordinal="19" offset="369" sl="116" sc="17" el="116" ec="29" bec="0" bev="0" fileid="140" />
                <SequencePoint vc="0" uspid="5461" ordinal="20" offset="375" sl="119" sc="13" el="119" ec="40" bec="2" bev="0" fileid="140" />
                <SequencePoint vc="0" uspid="5462" ordinal="21" offset="384" sl="121" sc="17" el="121" ec="30" bec="0" bev="0" fileid="140" />
                <SequencePoint vc="0" uspid="5463" ordinal="22" offset="390" sl="124" sc="13" el="124" ec="67" bec="3" bev="0" fileid="140" />
                <SequencePoint vc="0" uspid="5464" ordinal="23" offset="402" sl="126" sc="17" el="126" ec="60" bec="0" bev="0" fileid="140" />
                <SequencePoint vc="0" uspid="5465" ordinal="24" offset="421" sl="129" sc="13" el="129" ec="46" bec="0" bev="0" fileid="140" />
              </SequencePoints>
              <BranchPoints>
                <BranchPoint vc="0" uspid="5466" ordinal="0" offset="7" sl="44" path="0" offsetend="9" fileid="140" />
                <BranchPoint vc="0" uspid="5467" ordinal="1" offset="7" sl="44" path="1" offsetend="60" fileid="140" />
                <BranchPoint vc="0" uspid="5468" ordinal="2" offset="67" sl="54" path="0" offsetend="69" fileid="140" />
                <BranchPoint vc="0" uspid="5469" ordinal="3" offset="67" sl="54" path="1" offsetend="120" fileid="140" />
                <BranchPoint vc="0" uspid="5470" ordinal="4" offset="127" sl="64" path="0" offsetend="129" fileid="140" />
                <BranchPoint vc="0" uspid="5471" ordinal="5" offset="127" sl="64" path="1" offsetend="180" fileid="140" />
                <BranchPoint vc="0" uspid="5472" ordinal="6" offset="184" sl="74" path="0" offsetend="186" fileid="140" />
                <BranchPoint vc="0" uspid="5473" ordinal="7" offset="184" sl="74" path="1" offsetend="231" fileid="140" />
                <BranchPoint vc="0" uspid="5474" ordinal="8" offset="235" sl="84" path="0" offsetend="237" fileid="140" />
                <BranchPoint vc="0" uspid="5475" ordinal="9" offset="235" sl="84" path="1" offsetend="282" fileid="140" />
                <BranchPoint vc="0" uspid="5476" ordinal="10" offset="286" sl="94" path="0" offsetend="288" fileid="140" />
                <BranchPoint vc="0" uspid="5477" ordinal="11" offset="286" sl="94" path="1" offsetend="294" fileid="140" />
                <BranchPoint vc="0" uspid="5478" ordinal="12" offset="298" sl="99" path="0" offsetend="300" fileid="140" />
                <BranchPoint vc="0" uspid="5479" ordinal="13" offset="298" sl="99" path="1" offsetend="306" fileid="140" />
                <BranchPoint vc="0" uspid="5480" ordinal="14" offset="310" sl="104" path="0" offsetend="312" fileid="140" />
                <BranchPoint vc="0" uspid="5481" ordinal="15" offset="310" sl="104" path="1" offsetend="345" fileid="140" />
                <BranchPoint vc="0" uspid="5482" ordinal="16" offset="352" sl="109" path="0" offsetend="354" fileid="140" />
                <BranchPoint vc="0" uspid="5483" ordinal="17" offset="352" sl="109" path="1" offsetend="360" fileid="140" />
                <BranchPoint vc="0" uspid="5484" ordinal="18" offset="367" sl="114" path="0" offsetend="369" fileid="140" />
                <BranchPoint vc="0" uspid="5485" ordinal="19" offset="367" sl="114" path="1" offsetend="375" fileid="140" />
                <BranchPoint vc="0" uspid="5486" ordinal="20" offset="382" sl="119" path="0" offsetend="384" fileid="140" />
                <BranchPoint vc="0" uspid="5487" ordinal="21" offset="382" sl="119" path="1" offsetend="390" fileid="140" />
                <BranchPoint vc="0" uspid="5488" ordinal="22" offset="397" sl="124" path="0" offsetend="399" fileid="140" />
                <BranchPoint vc="0" uspid="5489" ordinal="23" offset="397" sl="124" path="1" offsetend="421" fileid="140" />
                <BranchPoint vc="0" uspid="5490" ordinal="24" offset="400" sl="124" path="0" offsetend="402" fileid="140" />
                <BranchPoint vc="0" uspid="5491" ordinal="25" offset="400" sl="124" path="1" offsetend="421" fileid="140" />
              </BranchPoints>
              <MethodPoint xsi:type="SequencePoint" vc="0" uspid="5441" ordinal="0" offset="0" sl="44" sc="13" el="44" ec="38" bec="2" bev="0" fileid="140" />
            </Method>
            <Method visited="false" cyclomaticComplexity="1" nPathComplexity="0" sequenceCoverage="0" branchCoverage="0" crapScore="2" isConstructor="true" isStatic="false" isGetter="false" isSetter="false">
              <Summary numSequencePoints="0" visitedSequencePoints="0" numBranchPoints="0" visitedBranchPoints="0" sequenceCoverage="0" branchCoverage="0" maxCyclomaticComplexity="1" minCyclomaticComplexity="1" maxCrapScore="2" minCrapScore="2" visitedClasses="0" numClasses="0" visitedMethods="0" numMethods="0" />
              <MetadataToken>100663881</MetadataToken>
              <Name>System.Void Humanizer.Localisation.NumberToWords.VietnameseNumberToWordsConverter::.ctor()</Name>
              <SequencePoints />
              <BranchPoints />
              <MethodPoint vc="0" uspid="5492" ordinal="0" offset="0" />
            </Method>
            <Method visited="false" cyclomaticComplexity="1" nPathComplexity="0" sequenceCoverage="0" branchCoverage="0" crapScore="2" isConstructor="true" isStatic="true" isGetter="false" isSetter="false">
              <Summary numSequencePoints="1" visitedSequencePoints="0" numBranchPoints="1" visitedBranchPoints="0" sequenceCoverage="0" branchCoverage="0" maxCyclomaticComplexity="1" minCyclomaticComplexity="1" maxCrapScore="2" minCrapScore="2" visitedClasses="0" numClasses="0" visitedMethods="0" numMethods="1" />
              <MetadataToken>100663882</MetadataToken>
              <Name>System.Void Humanizer.Localisation.NumberToWords.VietnameseNumberToWordsConverter::.cctor()</Name>
              <FileRef uid="140" />
              <SequencePoints>
                <SequencePoint vc="0" uspid="5493" ordinal="0" offset="0" sl="10" sc="9" el="13" ec="11" bec="0" bev="0" fileid="140" />
              </SequencePoints>
              <BranchPoints />
              <MethodPoint xsi:type="SequencePoint" vc="0" uspid="5493" ordinal="0" offset="0" sl="10" sc="9" el="13" ec="11" bec="0" bev="0" fileid="140" />
            </Method>
          </Methods>
        </Class>
        <Class>
          <Summary numSequencePoints="90" visitedSequencePoints="0" numBranchPoints="58" visitedBranchPoints="0" sequenceCoverage="0" branchCoverage="0" maxCyclomaticComplexity="7" minCyclomaticComplexity="1" maxCrapScore="56" minCrapScore="2" visitedClasses="0" numClasses="1" visitedMethods="0" numMethods="12" />
          <FullName>Humanizer.Localisation.NumberToWords.Romanian.RomanianCardinalNumberConverter</FullName>
          <Methods>
            <Method visited="false" cyclomaticComplexity="5" nPathComplexity="16" sequenceCoverage="0" branchCoverage="0" crapScore="30" isConstructor="false" isStatic="false" isGetter="false" isSetter="false">
              <Summary numSequencePoints="17" visitedSequencePoints="0" numBranchPoints="9" visitedBranchPoints="0" sequenceCoverage="0" branchCoverage="0" maxCyclomaticComplexity="5" minCyclomaticComplexity="5" maxCrapScore="30" minCrapScore="30" visitedClasses="0" numClasses="0" visitedMethods="0" numMethods="1" />
              <MetadataToken>100663883</MetadataToken>
              <Name>System.String Humanizer.Localisation.NumberToWords.Romanian.RomanianCardinalNumberConverter::Convert(System.Int32,Humanizer.GrammaticalGender)</Name>
              <FileRef uid="141" />
              <SequencePoints>
                <SequencePoint vc="0" uspid="5494" ordinal="0" offset="0" sl="100" sc="13" el="100" ec="29" bec="2" bev="0" fileid="141" />
                <SequencePoint vc="0" uspid="5495" ordinal="1" offset="3" sl="102" sc="17" el="102" ec="31" bec="0" bev="0" fileid="141" />
                <SequencePoint vc="0" uspid="5496" ordinal="2" offset="9" sl="105" sc="13" el="105" ec="38" bec="0" bev="0" fileid="141" />
                <SequencePoint vc="0" uspid="5497" ordinal="3" offset="15" sl="107" sc="13" el="107" ec="41" bec="0" bev="0" fileid="141" />
                <SequencePoint vc="0" uspid="5498" ordinal="4" offset="17" sl="109" sc="13" el="109" ec="28" bec="2" bev="0" fileid="141" />
                <SequencePoint vc="0" uspid="5499" ordinal="5" offset="21" sl="111" sc="17" el="111" ec="40" bec="0" bev="0" fileid="141" />
                <SequencePoint vc="0" uspid="5500" ordinal="6" offset="23" sl="112" sc="17" el="112" ec="34" bec="0" bev="0" fileid="141" />
                <SequencePoint vc="0" uspid="5501" ordinal="7" offset="27" sl="115" sc="13" el="115" ec="66" bec="0" bev="0" fileid="141" />
                <SequencePoint vc="0" uspid="5502" ordinal="8" offset="35" sl="117" sc="18" el="117" ec="27" bec="0" bev="0" fileid="141" />
                <SequencePoint vc="0" uspid="5503" ordinal="9" offset="39" sl="120" sc="17" el="120" ec="91" bec="0" bev="0" fileid="141" />
                <SequencePoint vc="0" uspid="5504" ordinal="10" offset="62" sl="122" sc="17" el="122" ec="69" bec="0" bev="0" fileid="141" />
                <SequencePoint vc="0" uspid="5505" ordinal="11" offset="70" sl="124" sc="17" el="124" ec="95" bec="0" bev="0" fileid="141" />
                <SequencePoint vc="0" uspid="5506" ordinal="12" offset="105" sl="117" sc="57" el="117" ec="60" bec="0" bev="0" fileid="141" />
                <SequencePoint vc="0" uspid="5507" ordinal="13" offset="109" sl="117" sc="29" el="117" ec="55" bec="2" bev="0" fileid="141" />
                <SequencePoint vc="0" uspid="5508" ordinal="14" offset="118" sl="127" sc="13" el="127" ec="33" bec="2" bev="0" fileid="141" />
                <SequencePoint vc="0" uspid="5509" ordinal="15" offset="121" sl="129" sc="17" el="129" ec="50" bec="0" bev="0" fileid="141" />
                <SequencePoint vc="0" uspid="5510" ordinal="16" offset="139" sl="133" sc="13" el="133" ec="55" bec="0" bev="0" fileid="141" />
              </SequencePoints>
              <BranchPoints>
                <BranchPoint vc="0" uspid="5511" ordinal="0" offset="1" sl="100" path="0" offsetend="3" fileid="141" />
                <BranchPoint vc="0" uspid="5512" ordinal="1" offset="1" sl="100" path="1" offsetend="9" fileid="141" />
                <BranchPoint vc="0" uspid="5513" ordinal="2" offset="19" sl="109" path="0" offsetend="21" fileid="141" />
                <BranchPoint vc="0" uspid="5514" ordinal="3" offset="19" sl="109" path="1" offsetend="27" fileid="141" />
                <BranchPoint vc="0" uspid="5515" ordinal="4" offset="116" sl="117" path="0" offsetend="118" fileid="141" />
                <BranchPoint vc="0" uspid="5516" ordinal="5" offset="116" sl="117" path="1" offsetend="39" fileid="141" />
                <BranchPoint vc="0" uspid="5517" ordinal="6" offset="119" sl="127" path="0" offsetend="121" fileid="141" />
                <BranchPoint vc="0" uspid="5518" ordinal="7" offset="119" sl="127" path="1" offsetend="139" fileid="141" />
              </BranchPoints>
              <MethodPoint xsi:type="SequencePoint" vc="0" uspid="5494" ordinal="0" offset="0" sl="100" sc="13" el="100" ec="29" bec="2" bev="0" fileid="141" />
            </Method>
            <Method visited="false" cyclomaticComplexity="2" nPathComplexity="2" sequenceCoverage="0" branchCoverage="0" crapScore="6" isConstructor="false" isStatic="false" isGetter="false" isSetter="false">
              <Summary numSequencePoints="7" visitedSequencePoints="0" numBranchPoints="3" visitedBranchPoints="0" sequenceCoverage="0" branchCoverage="0" maxCyclomaticComplexity="2" minCyclomaticComplexity="2" maxCrapScore="6" minCrapScore="6" visitedClasses="0" numClasses="0" visitedMethods="0" numMethods="1" />
              <MetadataToken>100663884</MetadataToken>
              <Name>System.Collections.Generic.List`1&lt;System.Int32&gt; Humanizer.Localisation.NumberToWords.Romanian.RomanianCardinalNumberConverter::SplitEveryThreeDigits(System.Int32)</Name>
              <FileRef uid="141" />
              <SequencePoints>
                <SequencePoint vc="0" uspid="5519" ordinal="0" offset="0" sl="144" sc="13" el="144" ec="41" bec="0" bev="0" fileid="141" />
                <SequencePoint vc="0" uspid="5520" ordinal="1" offset="6" sl="145" sc="13" el="145" ec="31" bec="0" bev="0" fileid="141" />
                <SequencePoint vc="0" uspid="5521" ordinal="2" offset="10" sl="149" sc="17" el="149" ec="46" bec="0" bev="0" fileid="141" />
                <SequencePoint vc="0" uspid="5522" ordinal="3" offset="18" sl="151" sc="17" el="151" ec="39" bec="0" bev="0" fileid="141" />
                <SequencePoint vc="0" uspid="5523" ordinal="4" offset="25" sl="153" sc="17" el="153" ec="36" bec="0" bev="0" fileid="141" />
                <SequencePoint vc="0" uspid="5524" ordinal="5" offset="33" sl="147" sc="13" el="147" ec="29" bec="2" bev="0" fileid="141" />
                <SequencePoint vc="0" uspid="5525" ordinal="6" offset="37" sl="156" sc="13" el="156" ec="26" bec="0" bev="0" fileid="141" />
              </SequencePoints>
              <BranchPoints>
                <BranchPoint vc="0" uspid="5526" ordinal="0" offset="35" sl="147" path="0" offsetend="37" fileid="141" />
                <BranchPoint vc="0" uspid="5527" ordinal="1" offset="35" sl="147" path="1" offsetend="10" fileid="141" />
              </BranchPoints>
              <MethodPoint xsi:type="SequencePoint" vc="0" uspid="5519" ordinal="0" offset="0" sl="144" sc="13" el="144" ec="41" bec="0" bev="0" fileid="141" />
            </Method>
            <Method visited="false" cyclomaticComplexity="7" nPathComplexity="0" sequenceCoverage="0" branchCoverage="0" crapScore="56" isConstructor="false" isStatic="false" isGetter="false" isSetter="false">
              <Summary numSequencePoints="12" visitedSequencePoints="0" numBranchPoints="1" visitedBranchPoints="0" sequenceCoverage="0" branchCoverage="0" maxCyclomaticComplexity="7" minCyclomaticComplexity="7" maxCrapScore="56" minCrapScore="56" visitedClasses="0" numClasses="0" visitedMethods="0" numMethods="1" />
              <MetadataToken>100663885</MetadataToken>
              <Name>System.Func`3&lt;System.Int32,Humanizer.GrammaticalGender,System.String&gt; Humanizer.Localisation.NumberToWords.Romanian.RomanianCardinalNumberConverter::GetNextPartConverter(Humanizer.Localisation.NumberToWords.Romanian.RomanianCardinalNumberConverter/ThreeDigitSets)</Name>
              <FileRef uid="141" />
              <SequencePoints>
                <SequencePoint vc="0" uspid="5528" ordinal="0" offset="28" sl="171" sc="21" el="171" ec="48" bec="0" bev="0" fileid="141" />
                <SequencePoint vc="0" uspid="5529" ordinal="1" offset="41" sl="172" sc="21" el="172" ec="27" bec="0" bev="0" fileid="141" />
                <SequencePoint vc="0" uspid="5530" ordinal="2" offset="43" sl="175" sc="21" el="175" ec="52" bec="0" bev="0" fileid="141" />
                <SequencePoint vc="0" uspid="5531" ordinal="3" offset="56" sl="176" sc="21" el="176" ec="27" bec="0" bev="0" fileid="141" />
                <SequencePoint vc="0" uspid="5532" ordinal="4" offset="58" sl="179" sc="21" el="179" ec="51" bec="0" bev="0" fileid="141" />
                <SequencePoint vc="0" uspid="5533" ordinal="5" offset="71" sl="180" sc="21" el="180" ec="27" bec="0" bev="0" fileid="141" />
                <SequencePoint vc="0" uspid="5534" ordinal="6" offset="73" sl="183" sc="21" el="183" ec="51" bec="0" bev="0" fileid="141" />
                <SequencePoint vc="0" uspid="5535" ordinal="7" offset="86" sl="184" sc="21" el="184" ec="27" bec="0" bev="0" fileid="141" />
                <SequencePoint vc="0" uspid="5536" ordinal="8" offset="88" sl="187" sc="21" el="187" ec="38" bec="0" bev="0" fileid="141" />
                <SequencePoint vc="0" uspid="5537" ordinal="9" offset="90" sl="188" sc="21" el="188" ec="27" bec="0" bev="0" fileid="141" />
                <SequencePoint vc="0" uspid="5538" ordinal="10" offset="92" sl="191" sc="21" el="191" ec="98" bec="0" bev="0" fileid="141" />
                <SequencePoint vc="0" uspid="5539" ordinal="11" offset="121" sl="194" sc="13" el="194" ec="30" bec="0" bev="0" fileid="141" />
              </SequencePoints>
              <BranchPoints />
              <MethodPoint vc="0" uspid="5546" ordinal="0" offset="0" />
            </Method>
            <Method visited="false" cyclomaticComplexity="7" nPathComplexity="32" sequenceCoverage="0" branchCoverage="0" crapScore="56" isConstructor="false" isStatic="false" isGetter="false" isSetter="false">
              <Summary numSequencePoints="18" visitedSequencePoints="0" numBranchPoints="11" visitedBranchPoints="0" sequenceCoverage="0" branchCoverage="0" maxCyclomaticComplexity="7" minCyclomaticComplexity="7" maxCrapScore="56" minCrapScore="56" visitedClasses="0" numClasses="0" visitedMethods="0" numMethods="1" />
              <MetadataToken>100663886</MetadataToken>
              <Name>System.String Humanizer.Localisation.NumberToWords.Romanian.RomanianCardinalNumberConverter::ThreeDigitSetConverter(System.Int32,Humanizer.GrammaticalGender,System.Boolean)</Name>
              <FileRef uid="141" />
              <SequencePoints>
                <SequencePoint vc="0" uspid="5547" ordinal="0" offset="0" sl="206" sc="13" el="206" ec="29" bec="2" bev="0" fileid="141" />
                <SequencePoint vc="0" uspid="5548" ordinal="1" offset="3" sl="208" sc="17" el="208" ec="37" bec="0" bev="0" fileid="141" />
                <SequencePoint vc="0" uspid="5549" ordinal="2" offset="9" sl="212" sc="13" el="212" ec="45" bec="0" bev="0" fileid="141" />
                <SequencePoint vc="0" uspid="5550" ordinal="3" offset="14" sl="214" sc="13" el="214" ec="41" bec="0" bev="0" fileid="141" />
                <SequencePoint vc="0" uspid="5551" ordinal="4" offset="19" sl="217" sc="13" el="217" ec="43" bec="0" bev="0" fileid="141" />
                <SequencePoint vc="0" uspid="5552" ordinal="5" offset="24" sl="218" sc="13" el="218" ec="42" bec="0" bev="0" fileid="141" />
                <SequencePoint vc="0" uspid="5553" ordinal="6" offset="29" sl="220" sc="13" el="220" ec="38" bec="0" bev="0" fileid="141" />
                <SequencePoint vc="0" uspid="5554" ordinal="7" offset="36" sl="223" sc="13" el="223" ec="47" bec="0" bev="0" fileid="141" />
                <SequencePoint vc="0" uspid="5555" ordinal="8" offset="52" sl="226" sc="13" el="226" ec="89" bec="2" bev="0" fileid="141" />
                <SequencePoint vc="0" uspid="5556" ordinal="9" offset="85" sl="228" sc="13" el="228" ec="35" bec="2" bev="0" fileid="141" />
                <SequencePoint vc="0" uspid="5557" ordinal="10" offset="90" sl="231" sc="17" el="231" ec="78" bec="0" bev="0" fileid="141" />
                <SequencePoint vc="0" uspid="5558" ordinal="11" offset="119" sl="232" sc="13" el="232" ec="14" bec="0" bev="0" fileid="141" />
                <SequencePoint vc="0" uspid="5559" ordinal="12" offset="121" sl="233" sc="18" el="233" ec="41" bec="2" bev="0" fileid="141" />
                <SequencePoint vc="0" uspid="5560" ordinal="13" offset="126" sl="236" sc="17" el="236" ec="102" bec="0" bev="0" fileid="141" />
                <SequencePoint vc="0" uspid="5561" ordinal="14" offset="158" sl="237" sc="13" el="237" ec="14" bec="0" bev="0" fileid="141" />
                <SequencePoint vc="0" uspid="5562" ordinal="15" offset="160" sl="241" sc="17" el="241" ec="130" bec="2" bev="0" fileid="141" />
                <SequencePoint vc="0" uspid="5563" ordinal="16" offset="208" sl="243" sc="17" el="243" ec="36" bec="0" bev="0" fileid="141" />
                <SequencePoint vc="0" uspid="5564" ordinal="17" offset="219" sl="246" sc="13" el="246" ec="26" bec="0" bev="0" fileid="141" />
              </SequencePoints>
              <BranchPoints>
                <BranchPoint vc="0" uspid="5565" ordinal="0" offset="1" sl="206" path="0" offsetend="3" fileid="141" />
                <BranchPoint vc="0" uspid="5566" ordinal="1" offset="1" sl="206" path="1" offsetend="9" fileid="141" />
                <BranchPoint vc="0" uspid="5567" ordinal="2" offset="56" sl="226" path="0" offsetend="58" fileid="141" />
                <BranchPoint vc="0" uspid="5568" ordinal="3" offset="56" sl="226" path="1" offsetend="65" fileid="141" />
                <BranchPoint vc="0" uspid="5569" ordinal="4" offset="88" sl="228" path="0" offsetend="90" fileid="141" />
                <BranchPoint vc="0" uspid="5570" ordinal="5" offset="88" sl="228" path="1" offsetend="121" fileid="141" />
                <BranchPoint vc="0" uspid="5571" ordinal="6" offset="124" sl="233" path="0" offsetend="126" fileid="141" />
                <BranchPoint vc="0" uspid="5572" ordinal="7" offset="124" sl="233" path="1" offsetend="160" fileid="141" />
                <BranchPoint vc="0" uspid="5573" ordinal="8" offset="161" sl="241" path="0" offsetend="163" fileid="141" />
                <BranchPoint vc="0" uspid="5574" ordinal="9" offset="161" sl="241" path="1" offsetend="201" fileid="141" />
              </BranchPoints>
              <MethodPoint xsi:type="SequencePoint" vc="0" uspid="5547" ordinal="0" offset="0" sl="206" sc="13" el="206" ec="29" bec="2" bev="0" fileid="141" />
            </Method>
            <Method visited="false" cyclomaticComplexity="4" nPathComplexity="8" sequenceCoverage="0" branchCoverage="0" crapScore="20" isConstructor="false" isStatic="false" isGetter="false" isSetter="false">
              <Summary numSequencePoints="8" visitedSequencePoints="0" numBranchPoints="7" visitedBranchPoints="0" sequenceCoverage="0" branchCoverage="0" maxCyclomaticComplexity="4" minCyclomaticComplexity="4" maxCrapScore="20" minCrapScore="20" visitedClasses="0" numClasses="0" visitedMethods="0" numMethods="1" />
              <MetadataToken>100663887</MetadataToken>
              <Name>System.String Humanizer.Localisation.NumberToWords.Romanian.RomanianCardinalNumberConverter::getPartByGender(System.String,Humanizer.GrammaticalGender)</Name>
              <FileRef uid="141" />
              <SequencePoints>
                <SequencePoint vc="0" uspid="5575" ordinal="0" offset="0" sl="251" sc="13" el="251" ec="47" bec="2" bev="0" fileid="141" />
                <SequencePoint vc="0" uspid="5576" ordinal="1" offset="13" sl="253" sc="17" el="253" ec="56" bec="0" bev="0" fileid="141" />
                <SequencePoint vc="0" uspid="5577" ordinal="2" offset="31" sl="254" sc="17" el="254" ec="58" bec="2" bev="0" fileid="141" />
                <SequencePoint vc="0" uspid="5578" ordinal="3" offset="35" sl="256" sc="21" el="256" ec="37" bec="0" bev="0" fileid="141" />
                <SequencePoint vc="0" uspid="5579" ordinal="4" offset="39" sl="259" sc="17" el="259" ec="56" bec="2" bev="0" fileid="141" />
                <SequencePoint vc="0" uspid="5580" ordinal="5" offset="43" sl="261" sc="21" el="261" ec="37" bec="0" bev="0" fileid="141" />
                <SequencePoint vc="0" uspid="5581" ordinal="6" offset="47" sl="265" sc="21" el="265" ec="37" bec="0" bev="0" fileid="141" />
                <SequencePoint vc="0" uspid="5582" ordinal="7" offset="51" sl="270" sc="17" el="270" ec="40" bec="0" bev="0" fileid="141" />
              </SequencePoints>
              <BranchPoints>
                <BranchPoint vc="0" uspid="5583" ordinal="0" offset="11" sl="251" path="0" offsetend="13" fileid="141" />
                <BranchPoint vc="0" uspid="5584" ordinal="1" offset="11" sl="251" path="1" offsetend="51" fileid="141" />
                <BranchPoint vc="0" uspid="5585" ordinal="2" offset="33" sl="254" path="0" offsetend="35" fileid="141" />
                <BranchPoint vc="0" uspid="5586" ordinal="3" offset="33" sl="254" path="1" offsetend="39" fileid="141" />
                <BranchPoint vc="0" uspid="5587" ordinal="4" offset="41" sl="259" path="0" offsetend="43" fileid="141" />
                <BranchPoint vc="0" uspid="5588" ordinal="5" offset="41" sl="259" path="1" offsetend="47" fileid="141" />
              </BranchPoints>
              <MethodPoint xsi:type="SequencePoint" vc="0" uspid="5575" ordinal="0" offset="0" sl="251" sc="13" el="251" ec="47" bec="2" bev="0" fileid="141" />
            </Method>
            <Method visited="false" cyclomaticComplexity="1" nPathComplexity="0" sequenceCoverage="0" branchCoverage="0" crapScore="2" isConstructor="false" isStatic="false" isGetter="false" isSetter="false">
              <Summary numSequencePoints="1" visitedSequencePoints="0" numBranchPoints="1" visitedBranchPoints="0" sequenceCoverage="0" branchCoverage="0" maxCyclomaticComplexity="1" minCyclomaticComplexity="1" maxCrapScore="2" minCrapScore="2" visitedClasses="0" numClasses="0" visitedMethods="0" numMethods="1" />
              <MetadataToken>100663888</MetadataToken>
              <Name>System.Boolean Humanizer.Localisation.NumberToWords.Romanian.RomanianCardinalNumberConverter::IsAbove20(System.Int32)</Name>
              <FileRef uid="141" />
              <SequencePoints>
                <SequencePoint vc="0" uspid="5589" ordinal="0" offset="0" sl="276" sc="13" el="276" ec="35" bec="0" bev="0" fileid="141" />
              </SequencePoints>
              <BranchPoints />
              <MethodPoint xsi:type="SequencePoint" vc="0" uspid="5589" ordinal="0" offset="0" sl="276" sc="13" el="276" ec="35" bec="0" bev="0" fileid="141" />
            </Method>
            <Method visited="false" cyclomaticComplexity="3" nPathComplexity="4" sequenceCoverage="0" branchCoverage="0" crapScore="12" isConstructor="false" isStatic="false" isGetter="false" isSetter="false">
              <Summary numSequencePoints="5" visitedSequencePoints="0" numBranchPoints="5" visitedBranchPoints="0" sequenceCoverage="0" branchCoverage="0" maxCyclomaticComplexity="3" minCyclomaticComplexity="3" maxCrapScore="12" minCrapScore="12" visitedClasses="0" numClasses="0" visitedMethods="0" numMethods="1" />
              <MetadataToken>100663889</MetadataToken>
              <Name>System.String Humanizer.Localisation.NumberToWords.Romanian.RomanianCardinalNumberConverter::HundredsToText(System.Int32)</Name>
              <FileRef uid="141" />
              <SequencePoints>
                <SequencePoint vc="0" uspid="5590" ordinal="0" offset="0" sl="281" sc="13" el="281" ec="31" bec="2" bev="0" fileid="141" />
                <SequencePoint vc="0" uspid="5591" ordinal="1" offset="3" sl="283" sc="17" el="283" ec="37" bec="0" bev="0" fileid="141" />
                <SequencePoint vc="0" uspid="5592" ordinal="2" offset="9" sl="285" sc="18" el="285" ec="36" bec="2" bev="0" fileid="141" />
                <SequencePoint vc="0" uspid="5593" ordinal="3" offset="13" sl="287" sc="17" el="287" ec="52" bec="0" bev="0" fileid="141" />
                <SequencePoint vc="0" uspid="5594" ordinal="4" offset="30" sl="291" sc="17" el="291" ec="96" bec="0" bev="0" fileid="141" />
              </SequencePoints>
              <BranchPoints>
                <BranchPoint vc="0" uspid="5595" ordinal="0" offset="1" sl="281" path="0" offsetend="3" fileid="141" />
                <BranchPoint vc="0" uspid="5596" ordinal="1" offset="1" sl="281" path="1" offsetend="9" fileid="141" />
                <BranchPoint vc="0" uspid="5597" ordinal="2" offset="11" sl="285" path="0" offsetend="13" fileid="141" />
                <BranchPoint vc="0" uspid="5598" ordinal="3" offset="11" sl="285" path="1" offsetend="30" fileid="141" />
              </BranchPoints>
              <MethodPoint xsi:type="SequencePoint" vc="0" uspid="5590" ordinal="0" offset="0" sl="281" sc="13" el="281" ec="31" bec="2" bev="0" fileid="141" />
            </Method>
            <Method visited="false" cyclomaticComplexity="1" nPathComplexity="0" sequenceCoverage="0" branchCoverage="0" crapScore="2" isConstructor="false" isStatic="false" isGetter="false" isSetter="false">
              <Summary numSequencePoints="1" visitedSequencePoints="0" numBranchPoints="1" visitedBranchPoints="0" sequenceCoverage="0" branchCoverage="0" maxCyclomaticComplexity="1" minCyclomaticComplexity="1" maxCrapScore="2" minCrapScore="2" visitedClasses="0" numClasses="0" visitedMethods="0" numMethods="1" />
              <MetadataToken>100663890</MetadataToken>
              <Name>System.String Humanizer.Localisation.NumberToWords.Romanian.RomanianCardinalNumberConverter::UnitsConverter(System.Int32,Humanizer.GrammaticalGender)</Name>
              <FileRef uid="141" />
              <SequencePoints>
                <SequencePoint vc="0" uspid="5599" ordinal="0" offset="0" sl="303" sc="13" el="303" ec="65" bec="0" bev="0" fileid="141" />
              </SequencePoints>
              <BranchPoints />
              <MethodPoint xsi:type="SequencePoint" vc="0" uspid="5599" ordinal="0" offset="0" sl="303" sc="13" el="303" ec="65" bec="0" bev="0" fileid="141" />
            </Method>
            <Method visited="false" cyclomaticComplexity="5" nPathComplexity="8" sequenceCoverage="0" branchCoverage="0" crapScore="30" isConstructor="false" isStatic="false" isGetter="false" isSetter="false">
              <Summary numSequencePoints="5" visitedSequencePoints="0" numBranchPoints="7" visitedBranchPoints="0" sequenceCoverage="0" branchCoverage="0" maxCyclomaticComplexity="5" minCyclomaticComplexity="5" maxCrapScore="30" minCrapScore="30" visitedClasses="0" numClasses="0" visitedMethods="0" numMethods="1" />
              <MetadataToken>100663891</MetadataToken>
              <Name>System.String Humanizer.Localisation.NumberToWords.Romanian.RomanianCardinalNumberConverter::ThousandsConverter(System.Int32,Humanizer.GrammaticalGender)</Name>
              <FileRef uid="141" />
              <SequencePoints>
                <SequencePoint vc="0" uspid="5600" ordinal="0" offset="0" sl="315" sc="13" el="315" ec="29" bec="2" bev="0" fileid="141" />
                <SequencePoint vc="0" uspid="5601" ordinal="1" offset="3" sl="317" sc="17" el="317" ec="37" bec="0" bev="0" fileid="141" />
                <SequencePoint vc="0" uspid="5602" ordinal="2" offset="9" sl="319" sc="18" el="319" ec="34" bec="2" bev="0" fileid="141" />
                <SequencePoint vc="0" uspid="5603" ordinal="3" offset="13" sl="321" sc="17" el="321" ec="51" bec="0" bev="0" fileid="141" />
                <SequencePoint vc="0" uspid="5604" ordinal="4" offset="30" sl="325" sc="17" el="325" ec="150" bec="2" bev="0" fileid="141" />
              </SequencePoints>
              <BranchPoints>
                <BranchPoint vc="0" uspid="5605" ordinal="0" offset="1" sl="315" path="0" offsetend="3" fileid="141" />
                <BranchPoint vc="0" uspid="5606" ordinal="1" offset="1" sl="315" path="1" offsetend="9" fileid="141" />
                <BranchPoint vc="0" uspid="5607" ordinal="2" offset="11" sl="319" path="0" offsetend="13" fileid="141" />
                <BranchPoint vc="0" uspid="5608" ordinal="3" offset="11" sl="319" path="1" offsetend="30" fileid="141" />
                <BranchPoint vc="0" uspid="5609" ordinal="4" offset="46" sl="325" path="0" offsetend="48" fileid="141" />
                <BranchPoint vc="0" uspid="5610" ordinal="5" offset="46" sl="325" path="1" offsetend="55" fileid="141" />
              </BranchPoints>
              <MethodPoint xsi:type="SequencePoint" vc="0" uspid="5600" ordinal="0" offset="0" sl="315" sc="13" el="315" ec="29" bec="2" bev="0" fileid="141" />
            </Method>
            <Method visited="false" cyclomaticComplexity="5" nPathComplexity="8" sequenceCoverage="0" branchCoverage="0" crapScore="30" isConstructor="false" isStatic="false" isGetter="false" isSetter="false">
              <Summary numSequencePoints="5" visitedSequencePoints="0" numBranchPoints="7" visitedBranchPoints="0" sequenceCoverage="0" branchCoverage="0" maxCyclomaticComplexity="5" minCyclomaticComplexity="5" maxCrapScore="30" minCrapScore="30" visitedClasses="0" numClasses="0" visitedMethods="0" numMethods="1" />
              <MetadataToken>100663892</MetadataToken>
              <Name>System.String Humanizer.Localisation.NumberToWords.Romanian.RomanianCardinalNumberConverter::MillionsConverter(System.Int32,Humanizer.GrammaticalGender)</Name>
              <FileRef uid="141" />
              <SequencePoints>
                <SequencePoint vc="0" uspid="5611" ordinal="0" offset="0" sl="349" sc="13" el="349" ec="29" bec="2" bev="0" fileid="141" />
                <SequencePoint vc="0" uspid="5612" ordinal="1" offset="3" sl="351" sc="17" el="351" ec="37" bec="0" bev="0" fileid="141" />
                <SequencePoint vc="0" uspid="5613" ordinal="2" offset="9" sl="353" sc="18" el="353" ec="34" bec="2" bev="0" fileid="141" />
                <SequencePoint vc="0" uspid="5614" ordinal="3" offset="13" sl="355" sc="17" el="355" ec="55" bec="0" bev="0" fileid="141" />
                <SequencePoint vc="0" uspid="5615" ordinal="4" offset="30" sl="359" sc="17" el="359" ec="161" bec="2" bev="0" fileid="141" />
              </SequencePoints>
              <BranchPoints>
                <BranchPoint vc="0" uspid="5616" ordinal="0" offset="1" sl="349" path="0" offsetend="3" fileid="141" />
                <BranchPoint vc="0" uspid="5617" ordinal="1" offset="1" sl="349" path="1" offsetend="9" fileid="141" />
                <BranchPoint vc="0" uspid="5618" ordinal="2" offset="11" sl="353" path="0" offsetend="13" fileid="141" />
                <BranchPoint vc="0" uspid="5619" ordinal="3" offset="11" sl="353" path="1" offsetend="30" fileid="141" />
                <BranchPoint vc="0" uspid="5620" ordinal="4" offset="46" sl="359" path="0" offsetend="48" fileid="141" />
                <BranchPoint vc="0" uspid="5621" ordinal="5" offset="46" sl="359" path="1" offsetend="55" fileid="141" />
              </BranchPoints>
              <MethodPoint xsi:type="SequencePoint" vc="0" uspid="5611" ordinal="0" offset="0" sl="349" sc="13" el="349" ec="29" bec="2" bev="0" fileid="141" />
            </Method>
            <Method visited="false" cyclomaticComplexity="4" nPathComplexity="4" sequenceCoverage="0" branchCoverage="0" crapScore="20" isConstructor="false" isStatic="false" isGetter="false" isSetter="false">
              <Summary numSequencePoints="3" visitedSequencePoints="0" numBranchPoints="5" visitedBranchPoints="0" sequenceCoverage="0" branchCoverage="0" maxCyclomaticComplexity="4" minCyclomaticComplexity="4" maxCrapScore="20" minCrapScore="20" visitedClasses="0" numClasses="0" visitedMethods="0" numMethods="1" />
              <MetadataToken>100663893</MetadataToken>
              <Name>System.String Humanizer.Localisation.NumberToWords.Romanian.RomanianCardinalNumberConverter::BillionsConverter(System.Int32,Humanizer.GrammaticalGender)</Name>
              <FileRef uid="141" />
              <SequencePoints>
                <SequencePoint vc="0" uspid="5622" ordinal="0" offset="0" sl="371" sc="13" el="371" ec="29" bec="2" bev="0" fileid="141" />
                <SequencePoint vc="0" uspid="5623" ordinal="1" offset="4" sl="373" sc="17" el="373" ec="56" bec="0" bev="0" fileid="141" />
                <SequencePoint vc="0" uspid="5624" ordinal="2" offset="21" sl="377" sc="17" el="377" ec="155" bec="2" bev="0" fileid="141" />
              </SequencePoints>
              <BranchPoints>
                <BranchPoint vc="0" uspid="5625" ordinal="0" offset="2" sl="371" path="0" offsetend="4" fileid="141" />
                <BranchPoint vc="0" uspid="5626" ordinal="1" offset="2" sl="371" path="1" offsetend="21" fileid="141" />
                <BranchPoint vc="0" uspid="5627" ordinal="2" offset="37" sl="377" path="0" offsetend="39" fileid="141" />
                <BranchPoint vc="0" uspid="5628" ordinal="3" offset="37" sl="377" path="1" offsetend="46" fileid="141" />
              </BranchPoints>
              <MethodPoint xsi:type="SequencePoint" vc="0" uspid="5622" ordinal="0" offset="0" sl="371" sc="13" el="371" ec="29" bec="2" bev="0" fileid="141" />
            </Method>
            <Method visited="false" cyclomaticComplexity="1" nPathComplexity="0" sequenceCoverage="0" branchCoverage="0" crapScore="2" isConstructor="true" isStatic="false" isGetter="false" isSetter="false">
              <Summary numSequencePoints="8" visitedSequencePoints="0" numBranchPoints="1" visitedBranchPoints="0" sequenceCoverage="0" branchCoverage="0" maxCyclomaticComplexity="1" minCyclomaticComplexity="1" maxCrapScore="2" minCrapScore="2" visitedClasses="0" numClasses="0" visitedMethods="0" numMethods="1" />
              <MetadataToken>100663894</MetadataToken>
              <Name>System.Void Humanizer.Localisation.NumberToWords.Romanian.RomanianCardinalNumberConverter::.ctor()</Name>
              <FileRef uid="141" />
              <SequencePoints>
                <SequencePoint vc="0" uspid="5629" ordinal="0" offset="0" sl="12" sc="9" el="24" ec="15" bec="0" bev="0" fileid="141" />
                <SequencePoint vc="0" uspid="5630" ordinal="1" offset="94" sl="29" sc="9" el="41" ec="15" bec="0" bev="0" fileid="141" />
                <SequencePoint vc="0" uspid="5631" ordinal="2" offset="188" sl="46" sc="9" el="58" ec="15" bec="0" bev="0" fileid="141" />
                <SequencePoint vc="0" uspid="5632" ordinal="3" offset="282" sl="60" sc="9" el="60" ec="57" bec="0" bev="0" fileid="141" />
                <SequencePoint vc="0" uspid="5633" ordinal="4" offset="293" sl="61" sc="9" el="61" ec="59" bec="0" bev="0" fileid="141" />
                <SequencePoint vc="0" uspid="5634" ordinal="5" offset="304" sl="63" sc="9" el="63" ec="52" bec="0" bev="0" fileid="141" />
                <SequencePoint vc="0" uspid="5635" ordinal="6" offset="315" sl="64" sc="9" el="64" ec="53" bec="0" bev="0" fileid="141" />
                <SequencePoint vc="0" uspid="5636" ordinal="7" offset="326" sl="65" sc="9" el="65" ec="54" bec="0" bev="0" fileid="141" />
              </SequencePoints>
              <BranchPoints />
              <MethodPoint xsi:type="SequencePoint" vc="0" uspid="5629" ordinal="0" offset="0" sl="12" sc="9" el="24" ec="15" bec="0" bev="0" fileid="141" />
            </Method>
          </Methods>
        </Class>
        <Class>
          <Summary numSequencePoints="43" visitedSequencePoints="0" numBranchPoints="59" visitedBranchPoints="0" sequenceCoverage="0" branchCoverage="0" maxCyclomaticComplexity="30" minCyclomaticComplexity="1" maxCrapScore="930" minCrapScore="2" visitedClasses="0" numClasses="1" visitedMethods="0" numMethods="3" />
          <FullName>Humanizer.Localisation.NumberToWords.Romanian.RomanianOrdinalNumberConverter</FullName>
          <Methods>
            <Method visited="false" cyclomaticComplexity="30" nPathComplexity="67108864" sequenceCoverage="0" branchCoverage="0" crapScore="930" isConstructor="false" isStatic="false" isGetter="false" isSetter="false">
              <Summary numSequencePoints="32" visitedSequencePoints="0" numBranchPoints="53" visitedBranchPoints="0" sequenceCoverage="0" branchCoverage="0" maxCyclomaticComplexity="30" minCyclomaticComplexity="30" maxCrapScore="930" minCrapScore="930" visitedClasses="0" numClasses="0" visitedMethods="0" numMethods="1" />
              <MetadataToken>100663895</MetadataToken>
              <Name>System.String Humanizer.Localisation.NumberToWords.Romanian.RomanianOrdinalNumberConverter::Convert(System.Int32,Humanizer.GrammaticalGender)</Name>
              <FileRef uid="142" />
              <SequencePoints>
                <SequencePoint vc="0" uspid="5637" ordinal="0" offset="0" sl="31" sc="13" el="31" ec="29" bec="2" bev="0" fileid="142" />
                <SequencePoint vc="0" uspid="5638" ordinal="1" offset="3" sl="33" sc="17" el="33" ec="31" bec="0" bev="0" fileid="142" />
                <SequencePoint vc="0" uspid="5639" ordinal="2" offset="9" sl="35" sc="18" el="35" ec="34" bec="2" bev="0" fileid="142" />
                <SequencePoint vc="0" uspid="5640" ordinal="3" offset="13" sl="38" sc="17" el="38" ec="79" bec="0" bev="0" fileid="142" />
                <SequencePoint vc="0" uspid="5641" ordinal="4" offset="33" sl="40" sc="18" el="40" ec="34" bec="2" bev="0" fileid="142" />
                <SequencePoint vc="0" uspid="5642" ordinal="5" offset="38" sl="43" sc="17" el="46" ec="40" bec="2" bev="0" fileid="142" />
                <SequencePoint vc="0" uspid="5643" ordinal="6" offset="86" sl="50" sc="17" el="50" ec="70" bec="0" bev="0" fileid="142" />
                <SequencePoint vc="0" uspid="5644" ordinal="7" offset="91" sl="51" sc="17" el="51" ec="62" bec="0" bev="0" fileid="142" />
                <SequencePoint vc="0" uspid="5645" ordinal="8" offset="99" sl="54" sc="17" el="54" ec="52" bec="0" bev="0" fileid="142" />
                <SequencePoint vc="0" uspid="5646" ordinal="9" offset="116" sl="56" sc="17" el="56" ec="86" bec="3" bev="0" fileid="142" />
                <SequencePoint vc="0" uspid="5647" ordinal="10" offset="133" sl="58" sc="21" el="58" ec="75" bec="0" bev="0" fileid="142" />
                <SequencePoint vc="0" uspid="5648" ordinal="11" offset="159" sl="59" sc="17" el="59" ec="18" bec="0" bev="0" fileid="142" />
                <SequencePoint vc="0" uspid="5649" ordinal="12" offset="161" sl="60" sc="22" el="60" ec="153" bec="5" bev="0" fileid="142" />
                <SequencePoint vc="0" uspid="5650" ordinal="13" offset="204" sl="62" sc="21" el="62" ec="60" bec="0" bev="0" fileid="142" />
                <SequencePoint vc="0" uspid="5651" ordinal="14" offset="221" sl="65" sc="17" el="65" ec="87" bec="3" bev="0" fileid="142" />
                <SequencePoint vc="0" uspid="5652" ordinal="15" offset="238" sl="67" sc="21" el="67" ec="60" bec="0" bev="0" fileid="142" />
                <SequencePoint vc="0" uspid="5653" ordinal="16" offset="256" sl="70" sc="17" el="70" ec="48" bec="2" bev="0" fileid="142" />
                <SequencePoint vc="0" uspid="5654" ordinal="17" offset="269" sl="72" sc="21" el="72" ec="62" bec="2" bev="0" fileid="142" />
                <SequencePoint vc="0" uspid="5655" ordinal="18" offset="273" sl="74" sc="25" el="74" ec="83" bec="0" bev="0" fileid="142" />
                <SequencePoint vc="0" uspid="5656" ordinal="19" offset="299" sl="78" sc="17" el="78" ec="62" bec="0" bev="0" fileid="142" />
                <SequencePoint vc="0" uspid="5657" ordinal="20" offset="306" sl="79" sc="17" el="79" ec="46" bec="2" bev="0" fileid="142" />
                <SequencePoint vc="0" uspid="5658" ordinal="21" offset="319" sl="81" sc="21" el="81" ec="62" bec="2" bev="0" fileid="142" />
                <SequencePoint vc="0" uspid="5659" ordinal="22" offset="323" sl="83" sc="25" el="83" ec="83" bec="0" bev="0" fileid="142" />
                <SequencePoint vc="0" uspid="5660" ordinal="23" offset="349" sl="84" sc="21" el="84" ec="22" bec="0" bev="0" fileid="142" />
                <SequencePoint vc="0" uspid="5661" ordinal="24" offset="351" sl="87" sc="25" el="87" ec="72" bec="0" bev="0" fileid="142" />
                <SequencePoint vc="0" uspid="5662" ordinal="25" offset="368" sl="89" sc="17" el="89" ec="18" bec="0" bev="0" fileid="142" />
                <SequencePoint vc="0" uspid="5663" ordinal="26" offset="370" sl="90" sc="22" el="90" ec="52" bec="2" bev="0" fileid="142" />
                <SequencePoint vc="0" uspid="5664" ordinal="27" offset="383" sl="92" sc="21" el="92" ec="63" bec="2" bev="0" fileid="142" />
                <SequencePoint vc="0" uspid="5665" ordinal="28" offset="386" sl="94" sc="25" el="94" ec="72" bec="0" bev="0" fileid="142" />
                <SequencePoint vc="0" uspid="5666" ordinal="29" offset="403" sl="99" sc="17" el="103" ec="86" bec="7" bev="0" fileid="142" />
                <SequencePoint vc="0" uspid="5667" ordinal="30" offset="472" sl="105" sc="21" el="105" ec="66" bec="0" bev="0" fileid="142" />
                <SequencePoint vc="0" uspid="5668" ordinal="31" offset="488" sl="108" sc="17" el="112" ec="39" bec="4" bev="0" fileid="142" />
              </SequencePoints>
              <BranchPoints>
                <BranchPoint vc="0" uspid="5669" ordinal="0" offset="1" sl="31" path="0" offsetend="3" fileid="142" />
                <BranchPoint vc="0" uspid="5670" ordinal="1" offset="1" sl="31" path="1" offsetend="9" fileid="142" />
                <BranchPoint vc="0" uspid="5671" ordinal="2" offset="11" sl="35" path="0" offsetend="13" fileid="142" />
                <BranchPoint vc="0" uspid="5672" ordinal="3" offset="11" sl="35" path="1" offsetend="33" fileid="142" />
                <BranchPoint vc="0" uspid="5673" ordinal="4" offset="36" sl="40" path="0" offsetend="38" fileid="142" />
                <BranchPoint vc="0" uspid="5674" ordinal="5" offset="36" sl="40" path="1" offsetend="86" fileid="142" />
                <BranchPoint vc="0" uspid="5675" ordinal="6" offset="45" sl="43" path="0" offsetend="47" fileid="142" />
                <BranchPoint vc="0" uspid="5676" ordinal="7" offset="45" sl="43" path="1" offsetend="55" fileid="142" />
                <BranchPoint vc="0" uspid="5677" ordinal="8" offset="118" sl="56" path="0" offsetend="120" fileid="142" />
                <BranchPoint vc="0" uspid="5678" ordinal="9" offset="118" sl="56" path="1" offsetend="161" fileid="142" />
                <BranchPoint vc="0" uspid="5679" ordinal="10" offset="131" sl="56" path="0" offsetend="133" fileid="142" />
                <BranchPoint vc="0" uspid="5680" ordinal="11" offset="131" sl="56" path="1" offsetend="161" fileid="142" />
                <BranchPoint vc="0" uspid="5681" ordinal="12" offset="163" sl="60" path="0" offsetend="165" fileid="142" />
                <BranchPoint vc="0" uspid="5682" ordinal="13" offset="163" sl="60" path="1" offsetend="221" fileid="142" />
                <BranchPoint vc="0" uspid="5683" ordinal="14" offset="176" sl="60" path="0" offsetend="178" fileid="142" />
                <BranchPoint vc="0" uspid="5684" ordinal="15" offset="176" sl="60" path="1" offsetend="221" fileid="142" />
                <BranchPoint vc="0" uspid="5685" ordinal="16" offset="189" sl="60" path="0" offsetend="191" fileid="142" />
                <BranchPoint vc="0" uspid="5686" ordinal="17" offset="189" sl="60" path="1" offsetend="204" fileid="142" />
                <BranchPoint vc="0" uspid="5687" ordinal="18" offset="202" sl="60" path="0" offsetend="204" fileid="142" />
                <BranchPoint vc="0" uspid="5688" ordinal="19" offset="202" sl="60" path="1" offsetend="221" fileid="142" />
                <BranchPoint vc="0" uspid="5689" ordinal="20" offset="223" sl="65" path="0" offsetend="225" fileid="142" />
                <BranchPoint vc="0" uspid="5690" ordinal="21" offset="223" sl="65" path="1" offsetend="256" fileid="142" />
                <BranchPoint vc="0" uspid="5691" ordinal="22" offset="236" sl="65" path="0" offsetend="238" fileid="142" />
                <BranchPoint vc="0" uspid="5692" ordinal="23" offset="236" sl="65" path="1" offsetend="256" fileid="142" />
                <BranchPoint vc="0" uspid="5693" ordinal="24" offset="267" sl="70" path="0" offsetend="269" fileid="142" />
                <BranchPoint vc="0" uspid="5694" ordinal="25" offset="267" sl="70" path="1" offsetend="299" fileid="142" />
                <BranchPoint vc="0" uspid="5695" ordinal="26" offset="271" sl="72" path="0" offsetend="273" fileid="142" />
                <BranchPoint vc="0" uspid="5696" ordinal="27" offset="271" sl="72" path="1" offsetend="299" fileid="142" />
                <BranchPoint vc="0" uspid="5697" ordinal="28" offset="317" sl="79" path="0" offsetend="319" fileid="142" />
                <BranchPoint vc="0" uspid="5698" ordinal="29" offset="317" sl="79" path="1" offsetend="370" fileid="142" />
                <BranchPoint vc="0" uspid="5699" ordinal="30" offset="321" sl="81" path="0" offsetend="323" fileid="142" />
                <BranchPoint vc="0" uspid="5700" ordinal="31" offset="321" sl="81" path="1" offsetend="351" fileid="142" />
                <BranchPoint vc="0" uspid="5701" ordinal="32" offset="381" sl="90" path="0" offsetend="383" fileid="142" />
                <BranchPoint vc="0" uspid="5702" ordinal="33" offset="381" sl="90" path="1" offsetend="403" fileid="142" />
                <BranchPoint vc="0" uspid="5703" ordinal="34" offset="384" sl="92" path="0" offsetend="386" fileid="142" />
                <BranchPoint vc="0" uspid="5704" ordinal="35" offset="384" sl="92" path="1" offsetend="403" fileid="142" />
                <BranchPoint vc="0" uspid="5705" ordinal="36" offset="405" sl="99" path="0" offsetend="407" fileid="142" />
                <BranchPoint vc="0" uspid="5706" ordinal="37" offset="405" sl="99" path="1" offsetend="488" fileid="142" />
                <BranchPoint vc="0" uspid="5707" ordinal="38" offset="418" sl="99" path="0" offsetend="420" fileid="142" />
                <BranchPoint vc="0" uspid="5708" ordinal="39" offset="418" sl="99" path="1" offsetend="488" fileid="142" />
                <BranchPoint vc="0" uspid="5709" ordinal="40" offset="431" sl="99" path="0" offsetend="433" fileid="142" />
                <BranchPoint vc="0" uspid="5710" ordinal="41" offset="431" sl="99" path="1" offsetend="472" fileid="142" />
                <BranchPoint vc="0" uspid="5711" ordinal="42" offset="444" sl="99" path="0" offsetend="446" fileid="142" />
                <BranchPoint vc="0" uspid="5712" ordinal="43" offset="444" sl="99" path="1" offsetend="472" fileid="142" />
                <BranchPoint vc="0" uspid="5713" ordinal="44" offset="457" sl="99" path="0" offsetend="459" fileid="142" />
                <BranchPoint vc="0" uspid="5714" ordinal="45" offset="457" sl="99" path="1" offsetend="472" fileid="142" />
                <BranchPoint vc="0" uspid="5715" ordinal="46" offset="470" sl="99" path="0" offsetend="472" fileid="142" />
                <BranchPoint vc="0" uspid="5716" ordinal="47" offset="470" sl="99" path="1" offsetend="488" fileid="142" />
                <BranchPoint vc="0" uspid="5717" ordinal="48" offset="495" sl="108" path="0" offsetend="497" fileid="142" />
                <BranchPoint vc="0" uspid="5718" ordinal="49" offset="495" sl="108" path="1" offsetend="505" fileid="142" />
                <BranchPoint vc="0" uspid="5719" ordinal="50" offset="514" sl="108" path="0" offsetend="516" fileid="142" />
                <BranchPoint vc="0" uspid="5720" ordinal="51" offset="514" sl="108" path="1" offsetend="519" fileid="142" />
              </BranchPoints>
              <MethodPoint xsi:type="SequencePoint" vc="0" uspid="5637" ordinal="0" offset="0" sl="31" sc="13" el="31" ec="29" bec="2" bev="0" fileid="142" />
            </Method>
            <Method visited="false" cyclomaticComplexity="3" nPathComplexity="4" sequenceCoverage="0" branchCoverage="0" crapScore="12" isConstructor="false" isStatic="false" isGetter="false" isSetter="false">
              <Summary numSequencePoints="6" visitedSequencePoints="0" numBranchPoints="5" visitedBranchPoints="0" sequenceCoverage="0" branchCoverage="0" maxCyclomaticComplexity="3" minCyclomaticComplexity="3" maxCrapScore="12" minCrapScore="12" visitedClasses="0" numClasses="0" visitedMethods="0" numMethods="1" />
              <MetadataToken>100663896</MetadataToken>
              <Name>System.String Humanizer.Localisation.NumberToWords.Romanian.RomanianOrdinalNumberConverter::getPartByGender(System.String,Humanizer.GrammaticalGender)</Name>
              <FileRef uid="142" />
              <SequencePoints>
                <SequencePoint vc="0" uspid="5721" ordinal="0" offset="0" sl="118" sc="13" el="118" ec="47" bec="2" bev="0" fileid="142" />
                <SequencePoint vc="0" uspid="5722" ordinal="1" offset="13" sl="120" sc="17" el="120" ec="56" bec="0" bev="0" fileid="142" />
                <SequencePoint vc="0" uspid="5723" ordinal="2" offset="31" sl="121" sc="17" el="121" ec="58" bec="2" bev="0" fileid="142" />
                <SequencePoint vc="0" uspid="5724" ordinal="3" offset="35" sl="123" sc="21" el="123" ec="37" bec="0" bev="0" fileid="142" />
                <SequencePoint vc="0" uspid="5725" ordinal="4" offset="39" sl="127" sc="21" el="127" ec="37" bec="0" bev="0" fileid="142" />
                <SequencePoint vc="0" uspid="5726" ordinal="5" offset="43" sl="132" sc="17" el="132" ec="40" bec="0" bev="0" fileid="142" />
              </SequencePoints>
              <BranchPoints>
                <BranchPoint vc="0" uspid="5727" ordinal="0" offset="11" sl="118" path="0" offsetend="13" fileid="142" />
                <BranchPoint vc="0" uspid="5728" ordinal="1" offset="11" sl="118" path="1" offsetend="43" fileid="142" />
                <BranchPoint vc="0" uspid="5729" ordinal="2" offset="33" sl="121" path="0" offsetend="35" fileid="142" />
                <BranchPoint vc="0" uspid="5730" ordinal="3" offset="33" sl="121" path="1" offsetend="39" fileid="142" />
              </BranchPoints>
              <MethodPoint xsi:type="SequencePoint" vc="0" uspid="5721" ordinal="0" offset="0" sl="118" sc="13" el="118" ec="47" bec="2" bev="0" fileid="142" />
            </Method>
            <Method visited="false" cyclomaticComplexity="1" nPathComplexity="0" sequenceCoverage="0" branchCoverage="0" crapScore="2" isConstructor="true" isStatic="false" isGetter="false" isSetter="false">
              <Summary numSequencePoints="5" visitedSequencePoints="0" numBranchPoints="1" visitedBranchPoints="0" sequenceCoverage="0" branchCoverage="0" maxCyclomaticComplexity="1" minCyclomaticComplexity="1" maxCrapScore="2" minCrapScore="2" visitedClasses="0" numClasses="0" visitedMethods="0" numMethods="1" />
              <MetadataToken>100663897</MetadataToken>
              <Name>System.Void Humanizer.Localisation.NumberToWords.Romanian.RomanianOrdinalNumberConverter::.ctor()</Name>
              <FileRef uid="142" />
              <SequencePoints>
                <SequencePoint vc="0" uspid="5731" ordinal="0" offset="0" sl="10" sc="9" el="21" ec="15" bec="0" bev="0" fileid="142" />
                <SequencePoint vc="0" uspid="5732" ordinal="1" offset="120" sl="23" sc="9" el="23" ec="55" bec="0" bev="0" fileid="142" />
                <SequencePoint vc="0" uspid="5733" ordinal="2" offset="131" sl="24" sc="9" el="24" ec="57" bec="0" bev="0" fileid="142" />
                <SequencePoint vc="0" uspid="5734" ordinal="3" offset="142" sl="25" sc="9" el="25" ec="55" bec="0" bev="0" fileid="142" />
                <SequencePoint vc="0" uspid="5735" ordinal="4" offset="153" sl="26" sc="9" el="26" ec="58" bec="0" bev="0" fileid="142" />
              </SequencePoints>
              <BranchPoints />
              <MethodPoint xsi:type="SequencePoint" vc="0" uspid="5731" ordinal="0" offset="0" sl="10" sc="9" el="21" ec="15" bec="0" bev="0" fileid="142" />
            </Method>
          </Methods>
        </Class>
        <Class>
          <Summary numSequencePoints="79" visitedSequencePoints="0" numBranchPoints="48" visitedBranchPoints="0" sequenceCoverage="0" branchCoverage="0" maxCyclomaticComplexity="9" minCyclomaticComplexity="1" maxCrapScore="90" minCrapScore="2" visitedClasses="0" numClasses="1" visitedMethods="0" numMethods="10" />
          <FullName>Humanizer.Localisation.NumberToWords.Italian.ItalianCardinalNumberCruncher</FullName>
          <Methods>
            <Method visited="false" cyclomaticComplexity="1" nPathComplexity="0" sequenceCoverage="0" branchCoverage="0" crapScore="2" isConstructor="true" isStatic="false" isGetter="false" isSetter="false">
              <Summary numSequencePoints="6" visitedSequencePoints="0" numBranchPoints="1" visitedBranchPoints="0" sequenceCoverage="0" branchCoverage="0" maxCyclomaticComplexity="1" minCyclomaticComplexity="1" maxCrapScore="2" minCrapScore="2" visitedClasses="0" numClasses="0" visitedMethods="0" numMethods="1" />
              <MetadataToken>100663898</MetadataToken>
              <Name>System.Void Humanizer.Localisation.NumberToWords.Italian.ItalianCardinalNumberCruncher::.ctor(System.Int32,Humanizer.GrammaticalGender)</Name>
              <FileRef uid="143" />
              <SequencePoints>
                <SequencePoint vc="0" uspid="5736" ordinal="0" offset="0" sl="8" sc="9" el="8" ec="83" bec="0" bev="0" fileid="143" />
                <SequencePoint vc="0" uspid="5737" ordinal="1" offset="6" sl="10" sc="13" el="10" ec="34" bec="0" bev="0" fileid="143" />
                <SequencePoint vc="0" uspid="5738" ordinal="2" offset="13" sl="11" sc="13" el="11" ec="62" bec="0" bev="0" fileid="143" />
                <SequencePoint vc="0" uspid="5739" ordinal="3" offset="25" sl="12" sc="13" el="12" ec="30" bec="0" bev="0" fileid="143" />
                <SequencePoint vc="0" uspid="5740" ordinal="4" offset="32" sl="13" sc="13" el="13" ec="45" bec="0" bev="0" fileid="143" />
                <SequencePoint vc="0" uspid="5741" ordinal="5" offset="39" sl="14" sc="9" el="14" ec="10" bec="0" bev="0" fileid="143" />
              </SequencePoints>
              <BranchPoints />
              <MethodPoint xsi:type="SequencePoint" vc="0" uspid="5736" ordinal="0" offset="0" sl="8" sc="9" el="8" ec="83" bec="0" bev="0" fileid="143" />
            </Method>
            <Method visited="false" cyclomaticComplexity="3" nPathComplexity="2" sequenceCoverage="0" branchCoverage="0" crapScore="12" isConstructor="false" isStatic="false" isGetter="false" isSetter="false">
              <Summary numSequencePoints="9" visitedSequencePoints="0" numBranchPoints="3" visitedBranchPoints="0" sequenceCoverage="0" branchCoverage="0" maxCyclomaticComplexity="3" minCyclomaticComplexity="3" maxCrapScore="12" minCrapScore="12" visitedClasses="0" numClasses="0" visitedMethods="0" numMethods="1" />
              <MetadataToken>100663899</MetadataToken>
              <Name>System.String Humanizer.Localisation.NumberToWords.Italian.ItalianCardinalNumberCruncher::Convert()</Name>
              <FileRef uid="143" />
              <SequencePoints>
                <SequencePoint vc="0" uspid="5742" ordinal="0" offset="0" sl="19" sc="13" el="19" ec="34" bec="2" bev="0" fileid="143" />
                <SequencePoint vc="0" uspid="5743" ordinal="1" offset="8" sl="21" sc="17" el="21" ec="31" bec="0" bev="0" fileid="143" />
                <SequencePoint vc="0" uspid="5744" ordinal="2" offset="14" sl="24" sc="13" el="24" ec="38" bec="0" bev="0" fileid="143" />
                <SequencePoint vc="0" uspid="5745" ordinal="3" offset="20" sl="26" sc="34" el="26" ec="50" bec="0" bev="0" fileid="143" />
                <SequencePoint vc="0" uspid="5746" ordinal="4" offset="34" sl="26" sc="22" el="26" ec="30" bec="0" bev="0" fileid="143" />
                <SequencePoint vc="0" uspid="5747" ordinal="5" offset="42" sl="28" sc="17" el="28" ec="59" bec="0" bev="0" fileid="143" />
                <SequencePoint vc="0" uspid="5748" ordinal="6" offset="48" sl="30" sc="17" el="30" ec="52" bec="0" bev="0" fileid="143" />
                <SequencePoint vc="0" uspid="5749" ordinal="7" offset="61" sl="26" sc="31" el="26" ec="33" bec="0" bev="0" fileid="143" />
                <SequencePoint vc="0" uspid="5750" ordinal="8" offset="86" sl="34" sc="13" el="34" ec="36" bec="0" bev="0" fileid="143" />
              </SequencePoints>
              <BranchPoints>
                <BranchPoint vc="0" uspid="5751" ordinal="0" offset="6" sl="19" path="0" offsetend="8" fileid="143" />
                <BranchPoint vc="0" uspid="5752" ordinal="1" offset="6" sl="19" path="1" offsetend="14" fileid="143" />
              </BranchPoints>
              <MethodPoint xsi:type="SequencePoint" vc="0" uspid="5742" ordinal="0" offset="0" sl="19" sc="13" el="19" ec="34" bec="2" bev="0" fileid="143" />
            </Method>
            <Method visited="false" cyclomaticComplexity="2" nPathComplexity="2" sequenceCoverage="0" branchCoverage="0" crapScore="6" isConstructor="false" isStatic="true" isGetter="false" isSetter="false">
              <Summary numSequencePoints="7" visitedSequencePoints="0" numBranchPoints="3" visitedBranchPoints="0" sequenceCoverage="0" branchCoverage="0" maxCyclomaticComplexity="2" minCyclomaticComplexity="2" maxCrapScore="6" minCrapScore="6" visitedClasses="0" numClasses="0" visitedMethods="0" numMethods="1" />
              <MetadataToken>100663900</MetadataToken>
              <Name>System.Collections.Generic.List`1&lt;System.Int32&gt; Humanizer.Localisation.NumberToWords.Italian.ItalianCardinalNumberCruncher::SplitEveryThreeDigits(System.Int32)</Name>
              <FileRef uid="143" />
              <SequencePoints>
                <SequencePoint vc="0" uspid="5755" ordinal="0" offset="0" sl="51" sc="13" el="51" ec="41" bec="0" bev="0" fileid="143" />
                <SequencePoint vc="0" uspid="5756" ordinal="1" offset="6" sl="52" sc="13" el="52" ec="31" bec="0" bev="0" fileid="143" />
                <SequencePoint vc="0" uspid="5757" ordinal="2" offset="10" sl="56" sc="17" el="56" ec="46" bec="0" bev="0" fileid="143" />
                <SequencePoint vc="0" uspid="5758" ordinal="3" offset="18" sl="58" sc="17" el="58" ec="39" bec="0" bev="0" fileid="143" />
                <SequencePoint vc="0" uspid="5759" ordinal="4" offset="25" sl="60" sc="17" el="60" ec="36" bec="0" bev="0" fileid="143" />
                <SequencePoint vc="0" uspid="5760" ordinal="5" offset="33" sl="54" sc="13" el="54" ec="29" bec="2" bev="0" fileid="143" />
                <SequencePoint vc="0" uspid="5761" ordinal="6" offset="37" sl="63" sc="13" el="63" ec="26" bec="0" bev="0" fileid="143" />
              </SequencePoints>
              <BranchPoints>
                <BranchPoint vc="0" uspid="5762" ordinal="0" offset="35" sl="54" path="0" offsetend="37" fileid="143" />
                <BranchPoint vc="0" uspid="5763" ordinal="1" offset="35" sl="54" path="1" offsetend="10" fileid="143" />
              </BranchPoints>
              <MethodPoint xsi:type="SequencePoint" vc="0" uspid="5755" ordinal="0" offset="0" sl="51" sc="13" el="51" ec="41" bec="0" bev="0" fileid="143" />
            </Method>
            <Method visited="false" cyclomaticComplexity="7" nPathComplexity="6" sequenceCoverage="0" branchCoverage="0" crapScore="56" isConstructor="false" isStatic="false" isGetter="false" isSetter="false">
              <Summary numSequencePoints="17" visitedSequencePoints="0" numBranchPoints="7" visitedBranchPoints="0" sequenceCoverage="0" branchCoverage="0" maxCyclomaticComplexity="7" minCyclomaticComplexity="7" maxCrapScore="56" minCrapScore="56" visitedClasses="0" numClasses="0" visitedMethods="0" numMethods="1" />
              <MetadataToken>100663901</MetadataToken>
              <Name>System.Func`2&lt;System.Int32,System.String&gt; Humanizer.Localisation.NumberToWords.Italian.ItalianCardinalNumberCruncher::GetNextPartConverter()</Name>
              <FileRef uid="143" />
              <SequencePoints>
                <SequencePoint vc="0" uspid="5764" ordinal="0" offset="0" sl="75" sc="13" el="75" ec="30" bec="6" bev="0" fileid="143" />
                <SequencePoint vc="0" uspid="5765" ordinal="1" offset="35" sl="78" sc="21" el="78" ec="48" bec="0" bev="0" fileid="143" />
                <SequencePoint vc="0" uspid="5766" ordinal="2" offset="48" sl="79" sc="21" el="79" ec="57" bec="0" bev="0" fileid="143" />
                <SequencePoint vc="0" uspid="5767" ordinal="3" offset="55" sl="80" sc="21" el="80" ec="27" bec="0" bev="0" fileid="143" />
                <SequencePoint vc="0" uspid="5768" ordinal="4" offset="57" sl="83" sc="21" el="83" ec="52" bec="0" bev="0" fileid="143" />
                <SequencePoint vc="0" uspid="5769" ordinal="5" offset="70" sl="84" sc="21" el="84" ec="56" bec="0" bev="0" fileid="143" />
                <SequencePoint vc="0" uspid="5770" ordinal="6" offset="77" sl="85" sc="21" el="85" ec="27" bec="0" bev="0" fileid="143" />
                <SequencePoint vc="0" uspid="5771" ordinal="7" offset="79" sl="88" sc="21" el="88" ec="51" bec="0" bev="0" fileid="143" />
                <SequencePoint vc="0" uspid="5772" ordinal="8" offset="92" sl="89" sc="21" el="89" ec="56" bec="0" bev="0" fileid="143" />
                <SequencePoint vc="0" uspid="5773" ordinal="9" offset="99" sl="90" sc="21" el="90" ec="27" bec="0" bev="0" fileid="143" />
                <SequencePoint vc="0" uspid="5774" ordinal="10" offset="101" sl="93" sc="21" el="93" ec="51" bec="0" bev="0" fileid="143" />
                <SequencePoint vc="0" uspid="5775" ordinal="11" offset="114" sl="94" sc="21" el="94" ec="52" bec="0" bev="0" fileid="143" />
                <SequencePoint vc="0" uspid="5776" ordinal="12" offset="121" sl="95" sc="21" el="95" ec="27" bec="0" bev="0" fileid="143" />
                <SequencePoint vc="0" uspid="5777" ordinal="13" offset="123" sl="98" sc="21" el="98" ec="38" bec="0" bev="0" fileid="143" />
                <SequencePoint vc="0" uspid="5778" ordinal="14" offset="125" sl="99" sc="21" el="99" ec="27" bec="0" bev="0" fileid="143" />
                <SequencePoint vc="0" uspid="5779" ordinal="15" offset="127" sl="102" sc="21" el="102" ec="96" bec="0" bev="0" fileid="143" />
                <SequencePoint vc="0" uspid="5780" ordinal="16" offset="160" sl="105" sc="13" el="105" ec="30" bec="0" bev="0" fileid="143" />
              </SequencePoints>
              <BranchPoints>
                <BranchPoint vc="0" uspid="5781" ordinal="0" offset="8" sl="75" path="0" offsetchain="33" offsetend="127" fileid="143" />
                <BranchPoint vc="0" uspid="5782" ordinal="1" offset="8" sl="75" path="1" offsetend="35" fileid="143" />
                <BranchPoint vc="0" uspid="5783" ordinal="2" offset="8" sl="75" path="2" offsetend="57" fileid="143" />
                <BranchPoint vc="0" uspid="5784" ordinal="3" offset="8" sl="75" path="3" offsetend="79" fileid="143" />
                <BranchPoint vc="0" uspid="5785" ordinal="4" offset="8" sl="75" path="4" offsetend="101" fileid="143" />
                <BranchPoint vc="0" uspid="5786" ordinal="5" offset="8" sl="75" path="5" offsetend="123" fileid="143" />
              </BranchPoints>
              <MethodPoint xsi:type="SequencePoint" vc="0" uspid="5764" ordinal="0" offset="0" sl="75" sc="13" el="75" ec="30" bec="6" bev="0" fileid="143" />
            </Method>
            <Method visited="false" cyclomaticComplexity="9" nPathComplexity="128" sequenceCoverage="0" branchCoverage="0" crapScore="90" isConstructor="false" isStatic="true" isGetter="false" isSetter="false">
              <Summary numSequencePoints="20" visitedSequencePoints="0" numBranchPoints="15" visitedBranchPoints="0" sequenceCoverage="0" branchCoverage="0" maxCyclomaticComplexity="9" minCyclomaticComplexity="9" maxCrapScore="90" minCrapScore="90" visitedClasses="0" numClasses="0" visitedMethods="0" numMethods="1" />
              <MetadataToken>100663902</MetadataToken>
              <Name>System.String Humanizer.Localisation.NumberToWords.Italian.ItalianCardinalNumberCruncher::ThreeDigitSetConverter(System.Int32,System.Boolean)</Name>
              <FileRef uid="143" />
              <SequencePoints>
                <SequencePoint vc="0" uspid="5787" ordinal="0" offset="0" sl="116" sc="13" el="116" ec="29" bec="2" bev="0" fileid="143" />
                <SequencePoint vc="0" uspid="5788" ordinal="1" offset="3" sl="118" sc="17" el="118" ec="37" bec="0" bev="0" fileid="143" />
                <SequencePoint vc="0" uspid="5789" ordinal="2" offset="9" sl="122" sc="13" el="122" ec="45" bec="0" bev="0" fileid="143" />
                <SequencePoint vc="0" uspid="5790" ordinal="3" offset="14" sl="124" sc="13" el="124" ec="41" bec="0" bev="0" fileid="143" />
                <SequencePoint vc="0" uspid="5791" ordinal="4" offset="19" sl="127" sc="13" el="127" ec="43" bec="0" bev="0" fileid="143" />
                <SequencePoint vc="0" uspid="5792" ordinal="5" offset="24" sl="128" sc="13" el="128" ec="42" bec="0" bev="0" fileid="143" />
                <SequencePoint vc="0" uspid="5793" ordinal="6" offset="29" sl="130" sc="13" el="130" ec="38" bec="0" bev="0" fileid="143" />
                <SequencePoint vc="0" uspid="5794" ordinal="7" offset="36" sl="133" sc="13" el="133" ec="53" bec="0" bev="0" fileid="143" />
                <SequencePoint vc="0" uspid="5795" ordinal="8" offset="52" sl="136" sc="13" el="136" ec="52" bec="0" bev="0" fileid="143" />
                <SequencePoint vc="0" uspid="5796" ordinal="9" offset="68" sl="138" sc="13" el="138" ec="35" bec="2" bev="0" fileid="143" />
                <SequencePoint vc="0" uspid="5797" ordinal="10" offset="73" sl="141" sc="17" el="141" ec="59" bec="0" bev="0" fileid="143" />
                <SequencePoint vc="0" uspid="5798" ordinal="11" offset="89" sl="142" sc="13" el="142" ec="14" bec="0" bev="0" fileid="143" />
                <SequencePoint vc="0" uspid="5799" ordinal="12" offset="91" sl="143" sc="18" el="143" ec="41" bec="2" bev="0" fileid="143" />
                <SequencePoint vc="0" uspid="5800" ordinal="13" offset="96" sl="146" sc="17" el="146" ec="71" bec="0" bev="0" fileid="143" />
                <SequencePoint vc="0" uspid="5801" ordinal="14" offset="115" sl="147" sc="13" el="147" ec="14" bec="0" bev="0" fileid="143" />
                <SequencePoint vc="0" uspid="5802" ordinal="15" offset="117" sl="153" sc="17" el="153" ec="46" bec="3" bev="0" fileid="143" />
                <SequencePoint vc="0" uspid="5803" ordinal="16" offset="125" sl="155" sc="21" el="155" ec="60" bec="0" bev="0" fileid="143" />
                <SequencePoint vc="0" uspid="5804" ordinal="17" offset="143" sl="159" sc="17" el="159" ec="99" bec="3" bev="0" fileid="143" />
                <SequencePoint vc="0" uspid="5805" ordinal="18" offset="166" sl="161" sc="17" el="161" ec="36" bec="0" bev="0" fileid="143" />
                <SequencePoint vc="0" uspid="5806" ordinal="19" offset="177" sl="164" sc="13" el="164" ec="26" bec="0" bev="0" fileid="143" />
              </SequencePoints>
              <BranchPoints>
                <BranchPoint vc="0" uspid="5807" ordinal="0" offset="1" sl="116" path="0" offsetend="3" fileid="143" />
                <BranchPoint vc="0" uspid="5808" ordinal="1" offset="1" sl="116" path="1" offsetend="9" fileid="143" />
                <BranchPoint vc="0" uspid="5809" ordinal="2" offset="71" sl="138" path="0" offsetend="73" fileid="143" />
                <BranchPoint vc="0" uspid="5810" ordinal="3" offset="71" sl="138" path="1" offsetend="91" fileid="143" />
                <BranchPoint vc="0" uspid="5811" ordinal="4" offset="94" sl="143" path="0" offsetend="96" fileid="143" />
                <BranchPoint vc="0" uspid="5812" ordinal="5" offset="94" sl="143" path="1" offsetend="117" fileid="143" />
                <BranchPoint vc="0" uspid="5813" ordinal="6" offset="119" sl="153" path="0" offsetend="121" fileid="143" />
                <BranchPoint vc="0" uspid="5814" ordinal="7" offset="119" sl="153" path="1" offsetend="125" fileid="143" />
                <BranchPoint vc="0" uspid="5815" ordinal="8" offset="123" sl="153" path="0" offsetend="125" fileid="143" />
                <BranchPoint vc="0" uspid="5816" ordinal="9" offset="123" sl="153" path="1" offsetend="143" fileid="143" />
                <BranchPoint vc="0" uspid="5817" ordinal="10" offset="144" sl="159" path="0" offsetend="146" fileid="143" />
                <BranchPoint vc="0" uspid="5818" ordinal="11" offset="144" sl="159" path="1" offsetend="150" fileid="143" />
                <BranchPoint vc="0" uspid="5819" ordinal="12" offset="148" sl="159" path="0" offsetend="150" fileid="143" />
                <BranchPoint vc="0" uspid="5820" ordinal="13" offset="148" sl="159" path="1" offsetend="159" fileid="143" />
              </BranchPoints>
              <MethodPoint xsi:type="SequencePoint" vc="0" uspid="5787" ordinal="0" offset="0" sl="116" sc="13" el="116" ec="29" bec="2" bev="0" fileid="143" />
            </Method>
            <Method visited="false" cyclomaticComplexity="3" nPathComplexity="4" sequenceCoverage="0" branchCoverage="0" crapScore="12" isConstructor="false" isStatic="false" isGetter="false" isSetter="false">
              <Summary numSequencePoints="3" visitedSequencePoints="0" numBranchPoints="5" visitedBranchPoints="0" sequenceCoverage="0" branchCoverage="0" maxCyclomaticComplexity="3" minCyclomaticComplexity="3" maxCrapScore="12" minCrapScore="12" visitedClasses="0" numClasses="0" visitedMethods="0" numMethods="1" />
              <MetadataToken>100663903</MetadataToken>
              <Name>System.String Humanizer.Localisation.NumberToWords.Italian.ItalianCardinalNumberCruncher::UnitsConverter(System.Int32)</Name>
              <FileRef uid="143" />
              <SequencePoints>
                <SequencePoint vc="0" uspid="5821" ordinal="0" offset="0" sl="175" sc="13" el="175" ec="75" bec="3" bev="0" fileid="143" />
                <SequencePoint vc="0" uspid="5822" ordinal="1" offset="18" sl="177" sc="17" el="177" ec="30" bec="0" bev="0" fileid="143" />
                <SequencePoint vc="0" uspid="5823" ordinal="2" offset="24" sl="180" sc="13" el="180" ec="57" bec="0" bev="0" fileid="143" />
              </SequencePoints>
              <BranchPoints>
                <BranchPoint vc="0" uspid="5824" ordinal="0" offset="7" sl="175" path="0" offsetend="9" fileid="143" />
                <BranchPoint vc="0" uspid="5825" ordinal="1" offset="7" sl="175" path="1" offsetend="24" fileid="143" />
                <BranchPoint vc="0" uspid="5826" ordinal="2" offset="16" sl="175" path="0" offsetend="18" fileid="143" />
                <BranchPoint vc="0" uspid="5827" ordinal="3" offset="16" sl="175" path="1" offsetend="24" fileid="143" />
              </BranchPoints>
              <MethodPoint xsi:type="SequencePoint" vc="0" uspid="5821" ordinal="0" offset="0" sl="175" sc="13" el="175" ec="75" bec="3" bev="0" fileid="143" />
            </Method>
            <Method visited="false" cyclomaticComplexity="3" nPathComplexity="4" sequenceCoverage="0" branchCoverage="0" crapScore="12" isConstructor="false" isStatic="true" isGetter="false" isSetter="false">
              <Summary numSequencePoints="5" visitedSequencePoints="0" numBranchPoints="5" visitedBranchPoints="0" sequenceCoverage="0" branchCoverage="0" maxCyclomaticComplexity="3" minCyclomaticComplexity="3" maxCrapScore="12" minCrapScore="12" visitedClasses="0" numClasses="0" visitedMethods="0" numMethods="1" />
              <MetadataToken>100663904</MetadataToken>
              <Name>System.String Humanizer.Localisation.NumberToWords.Italian.ItalianCardinalNumberCruncher::ThousandsConverter(System.Int32)</Name>
              <FileRef uid="143" />
              <SequencePoints>
                <SequencePoint vc="0" uspid="5828" ordinal="0" offset="0" sl="190" sc="13" el="190" ec="29" bec="2" bev="0" fileid="143" />
                <SequencePoint vc="0" uspid="5829" ordinal="1" offset="3" sl="192" sc="17" el="192" ec="37" bec="0" bev="0" fileid="143" />
                <SequencePoint vc="0" uspid="5830" ordinal="2" offset="9" sl="195" sc="13" el="195" ec="29" bec="2" bev="0" fileid="143" />
                <SequencePoint vc="0" uspid="5831" ordinal="3" offset="13" sl="197" sc="17" el="197" ec="32" bec="0" bev="0" fileid="143" />
                <SequencePoint vc="0" uspid="5832" ordinal="4" offset="19" sl="200" sc="13" el="200" ec="60" bec="0" bev="0" fileid="143" />
              </SequencePoints>
              <BranchPoints>
                <BranchPoint vc="0" uspid="5833" ordinal="0" offset="1" sl="190" path="0" offsetend="3" fileid="143" />
                <BranchPoint vc="0" uspid="5834" ordinal="1" offset="1" sl="190" path="1" offsetend="9" fileid="143" />
                <BranchPoint vc="0" uspid="5835" ordinal="2" offset="11" sl="195" path="0" offsetend="13" fileid="143" />
                <BranchPoint vc="0" uspid="5836" ordinal="3" offset="11" sl="195" path="1" offsetend="19" fileid="143" />
              </BranchPoints>
              <MethodPoint xsi:type="SequencePoint" vc="0" uspid="5828" ordinal="0" offset="0" sl="190" sc="13" el="190" ec="29" bec="2" bev="0" fileid="143" />
            </Method>
            <Method visited="false" cyclomaticComplexity="3" nPathComplexity="4" sequenceCoverage="0" branchCoverage="0" crapScore="12" isConstructor="false" isStatic="true" isGetter="false" isSetter="false">
              <Summary numSequencePoints="5" visitedSequencePoints="0" numBranchPoints="5" visitedBranchPoints="0" sequenceCoverage="0" branchCoverage="0" maxCyclomaticComplexity="3" minCyclomaticComplexity="3" maxCrapScore="12" minCrapScore="12" visitedClasses="0" numClasses="0" visitedMethods="0" numMethods="1" />
              <MetadataToken>100663905</MetadataToken>
              <Name>System.String Humanizer.Localisation.NumberToWords.Italian.ItalianCardinalNumberCruncher::MillionsConverter(System.Int32)</Name>
              <FileRef uid="143" />
              <SequencePoints>
                <SequencePoint vc="0" uspid="5837" ordinal="0" offset="0" sl="210" sc="13" el="210" ec="29" bec="2" bev="0" fileid="143" />
                <SequencePoint vc="0" uspid="5838" ordinal="1" offset="3" sl="212" sc="17" el="212" ec="37" bec="0" bev="0" fileid="143" />
                <SequencePoint vc="0" uspid="5839" ordinal="2" offset="9" sl="215" sc="13" el="215" ec="29" bec="2" bev="0" fileid="143" />
                <SequencePoint vc="0" uspid="5840" ordinal="3" offset="13" sl="217" sc="17" el="217" ec="38" bec="0" bev="0" fileid="143" />
                <SequencePoint vc="0" uspid="5841" ordinal="4" offset="19" sl="220" sc="13" el="220" ec="71" bec="0" bev="0" fileid="143" />
              </SequencePoints>
              <BranchPoints>
                <BranchPoint vc="0" uspid="5842" ordinal="0" offset="1" sl="210" path="0" offsetend="3" fileid="143" />
                <BranchPoint vc="0" uspid="5843" ordinal="1" offset="1" sl="210" path="1" offsetend="9" fileid="143" />
                <BranchPoint vc="0" uspid="5844" ordinal="2" offset="11" sl="215" path="0" offsetend="13" fileid="143" />
                <BranchPoint vc="0" uspid="5845" ordinal="3" offset="11" sl="215" path="1" offsetend="19" fileid="143" />
              </BranchPoints>
              <MethodPoint xsi:type="SequencePoint" vc="0" uspid="5837" ordinal="0" offset="0" sl="210" sc="13" el="210" ec="29" bec="2" bev="0" fileid="143" />
            </Method>
            <Method visited="false" cyclomaticComplexity="2" nPathComplexity="2" sequenceCoverage="0" branchCoverage="0" crapScore="6" isConstructor="false" isStatic="true" isGetter="false" isSetter="false">
              <Summary numSequencePoints="3" visitedSequencePoints="0" numBranchPoints="3" visitedBranchPoints="0" sequenceCoverage="0" branchCoverage="0" maxCyclomaticComplexity="2" minCyclomaticComplexity="2" maxCrapScore="6" minCrapScore="6" visitedClasses="0" numClasses="0" visitedMethods="0" numMethods="1" />
              <MetadataToken>100663906</MetadataToken>
              <Name>System.String Humanizer.Localisation.NumberToWords.Italian.ItalianCardinalNumberCruncher::BillionsConverter(System.Int32)</Name>
              <FileRef uid="143" />
              <SequencePoints>
                <SequencePoint vc="0" uspid="5846" ordinal="0" offset="0" sl="230" sc="13" el="230" ec="29" bec="2" bev="0" fileid="143" />
                <SequencePoint vc="0" uspid="5847" ordinal="1" offset="4" sl="232" sc="17" el="232" ec="39" bec="0" bev="0" fileid="143" />
                <SequencePoint vc="0" uspid="5848" ordinal="2" offset="10" sl="235" sc="13" el="235" ec="66" bec="0" bev="0" fileid="143" />
              </SequencePoints>
              <BranchPoints>
                <BranchPoint vc="0" uspid="5849" ordinal="0" offset="2" sl="230" path="0" offsetend="4" fileid="143" />
                <BranchPoint vc="0" uspid="5850" ordinal="1" offset="2" sl="230" path="1" offsetend="10" fileid="143" />
              </BranchPoints>
              <MethodPoint xsi:type="SequencePoint" vc="0" uspid="5846" ordinal="0" offset="0" sl="230" sc="13" el="230" ec="29" bec="2" bev="0" fileid="143" />
            </Method>
            <Method visited="false" cyclomaticComplexity="1" nPathComplexity="0" sequenceCoverage="0" branchCoverage="0" crapScore="2" isConstructor="true" isStatic="true" isGetter="false" isSetter="false">
              <Summary numSequencePoints="4" visitedSequencePoints="0" numBranchPoints="1" visitedBranchPoints="0" sequenceCoverage="0" branchCoverage="0" maxCyclomaticComplexity="1" minCyclomaticComplexity="1" maxCrapScore="2" minCrapScore="2" visitedClasses="0" numClasses="0" visitedMethods="0" numMethods="1" />
              <MetadataToken>100663907</MetadataToken>
              <Name>System.Void Humanizer.Localisation.NumberToWords.Italian.ItalianCardinalNumberCruncher::.cctor()</Name>
              <FileRef uid="143" />
              <SequencePoints>
                <SequencePoint vc="0" uspid="5851" ordinal="0" offset="0" sl="241" sc="9" el="253" ec="11" bec="0" bev="0" fileid="143" />
                <SequencePoint vc="0" uspid="5852" ordinal="1" offset="93" sl="258" sc="9" el="270" ec="11" bec="0" bev="0" fileid="143" />
                <SequencePoint vc="0" uspid="5853" ordinal="2" offset="186" sl="275" sc="9" el="287" ec="11" bec="0" bev="0" fileid="143" />
                <SequencePoint vc="0" uspid="5854" ordinal="3" offset="279" sl="292" sc="9" el="304" ec="11" bec="0" bev="0" fileid="143" />
              </SequencePoints>
              <BranchPoints />
              <MethodPoint xsi:type="SequencePoint" vc="0" uspid="5851" ordinal="0" offset="0" sl="241" sc="9" el="253" ec="11" bec="0" bev="0" fileid="143" />
            </Method>
          </Methods>
        </Class>
        <Class>
          <Summary numSequencePoints="41" visitedSequencePoints="0" numBranchPoints="27" visitedBranchPoints="0" sequenceCoverage="0" branchCoverage="0" maxCyclomaticComplexity="12" minCyclomaticComplexity="1" maxCrapScore="156" minCrapScore="2" visitedClasses="0" numClasses="1" visitedMethods="0" numMethods="3" />
          <FullName>Humanizer.Localisation.NumberToWords.Italian.ItalianOrdinalNumberCruncher</FullName>
          <Methods>
            <Method visited="false" cyclomaticComplexity="3" nPathComplexity="2" sequenceCoverage="0" branchCoverage="0" crapScore="12" isConstructor="true" isStatic="false" isGetter="false" isSetter="false">
              <Summary numSequencePoints="5" visitedSequencePoints="0" numBranchPoints="3" visitedBranchPoints="0" sequenceCoverage="0" branchCoverage="0" maxCyclomaticComplexity="3" minCyclomaticComplexity="3" maxCrapScore="12" minCrapScore="12" visitedClasses="0" numClasses="0" visitedMethods="0" numMethods="1" />
              <MetadataToken>100663908</MetadataToken>
              <Name>System.Void Humanizer.Localisation.NumberToWords.Italian.ItalianOrdinalNumberCruncher::.ctor(System.Int32,Humanizer.GrammaticalGender)</Name>
              <FileRef uid="144" />
              <SequencePoints>
                <SequencePoint vc="0" uspid="5855" ordinal="0" offset="0" sl="5" sc="9" el="5" ec="82" bec="0" bev="0" fileid="144" />
                <SequencePoint vc="0" uspid="5856" ordinal="1" offset="6" sl="7" sc="13" el="7" ec="34" bec="0" bev="0" fileid="144" />
                <SequencePoint vc="0" uspid="5857" ordinal="2" offset="13" sl="8" sc="13" el="8" ec="30" bec="0" bev="0" fileid="144" />
                <SequencePoint vc="0" uspid="5858" ordinal="3" offset="20" sl="9" sc="13" el="9" ec="80" bec="2" bev="0" fileid="144" />
                <SequencePoint vc="0" uspid="5859" ordinal="4" offset="42" sl="10" sc="9" el="10" ec="10" bec="0" bev="0" fileid="144" />
              </SequencePoints>
              <BranchPoints>
                <BranchPoint vc="0" uspid="5860" ordinal="0" offset="23" sl="9" path="0" offsetend="25" fileid="144" />
                <BranchPoint vc="0" uspid="5861" ordinal="1" offset="23" sl="9" path="1" offsetend="32" fileid="144" />
              </BranchPoints>
              <MethodPoint xsi:type="SequencePoint" vc="0" uspid="5855" ordinal="0" offset="0" sl="5" sc="9" el="5" ec="82" bec="0" bev="0" fileid="144" />
            </Method>
            <Method visited="false" cyclomaticComplexity="12" nPathComplexity="2048" sequenceCoverage="0" branchCoverage="0" crapScore="156" isConstructor="false" isStatic="false" isGetter="false" isSetter="false">
              <Summary numSequencePoints="34" visitedSequencePoints="0" numBranchPoints="23" visitedBranchPoints="0" sequenceCoverage="0" branchCoverage="0" maxCyclomaticComplexity="12" minCyclomaticComplexity="12" maxCrapScore="156" minCrapScore="156" visitedClasses="0" numClasses="0" visitedMethods="0" numMethods="1" />
              <MetadataToken>100663909</MetadataToken>
              <Name>System.String Humanizer.Localisation.NumberToWords.Italian.ItalianOrdinalNumberCruncher::Convert()</Name>
              <FileRef uid="144" />
              <SequencePoints>
                <SequencePoint vc="0" uspid="5862" ordinal="0" offset="0" sl="15" sc="13" el="15" ec="34" bec="2" bev="0" fileid="144" />
                <SequencePoint vc="0" uspid="5863" ordinal="1" offset="8" sl="17" sc="17" el="17" ec="31" bec="0" bev="0" fileid="144" />
                <SequencePoint vc="0" uspid="5864" ordinal="2" offset="14" sl="20" sc="13" el="20" ec="34" bec="2" bev="0" fileid="144" />
                <SequencePoint vc="0" uspid="5865" ordinal="3" offset="24" sl="23" sc="17" el="23" ec="79" bec="0" bev="0" fileid="144" />
                <SequencePoint vc="0" uspid="5866" ordinal="4" offset="48" sl="26" sc="13" el="26" ec="92" bec="0" bev="0" fileid="144" />
                <SequencePoint vc="0" uspid="5867" ordinal="5" offset="65" sl="28" sc="13" el="28" ec="52" bec="0" bev="0" fileid="144" />
                <SequencePoint vc="0" uspid="5868" ordinal="6" offset="71" sl="30" sc="13" el="30" ec="50" bec="0" bev="0" fileid="144" />
                <SequencePoint vc="0" uspid="5869" ordinal="7" offset="80" sl="32" sc="13" el="32" ec="36" bec="2" bev="0" fileid="144" />
                <SequencePoint vc="0" uspid="5870" ordinal="8" offset="84" sl="35" sc="17" el="35" ec="102" bec="0" bev="0" fileid="144" />
                <SequencePoint vc="0" uspid="5871" ordinal="9" offset="119" sl="36" sc="13" el="36" ec="14" bec="0" bev="0" fileid="144" />
                <SequencePoint vc="0" uspid="5872" ordinal="10" offset="124" sl="40" sc="17" el="40" ec="56" bec="0" bev="0" fileid="144" />
                <SequencePoint vc="0" uspid="5873" ordinal="11" offset="139" sl="42" sc="17" el="42" ec="46" bec="0" bev="0" fileid="144" />
                <SequencePoint vc="0" uspid="5874" ordinal="12" offset="149" sl="45" sc="17" el="45" ec="32" bec="2" bev="0" fileid="144" />
                <SequencePoint vc="0" uspid="5875" ordinal="13" offset="153" sl="47" sc="21" el="47" ec="34" bec="0" bev="0" fileid="144" />
                <SequencePoint vc="0" uspid="5876" ordinal="14" offset="165" sl="48" sc="17" el="48" ec="18" bec="0" bev="0" fileid="144" />
                <SequencePoint vc="0" uspid="5877" ordinal="15" offset="167" sl="49" sc="22" el="49" ec="37" bec="2" bev="0" fileid="144" />
                <SequencePoint vc="0" uspid="5878" ordinal="16" offset="171" sl="51" sc="21" el="51" ec="34" bec="0" bev="0" fileid="144" />
                <SequencePoint vc="0" uspid="5879" ordinal="17" offset="183" sl="54" sc="17" el="54" ec="60" bec="0" bev="0" fileid="144" />
                <SequencePoint vc="0" uspid="5880" ordinal="18" offset="196" sl="55" sc="17" el="55" ec="61" bec="0" bev="0" fileid="144" />
                <SequencePoint vc="0" uspid="5881" ordinal="19" offset="209" sl="56" sc="17" el="56" ec="65" bec="0" bev="0" fileid="144" />
                <SequencePoint vc="0" uspid="5882" ordinal="20" offset="221" sl="58" sc="17" el="58" ec="43" bec="2" bev="0" fileid="144" />
                <SequencePoint vc="0" uspid="5883" ordinal="21" offset="223" sl="61" sc="21" el="61" ec="66" bec="0" bev="0" fileid="144" />
                <SequencePoint vc="0" uspid="5884" ordinal="22" offset="240" sl="64" sc="21" el="64" ec="51" bec="2" bev="0" fileid="144" />
                <SequencePoint vc="0" uspid="5885" ordinal="23" offset="253" sl="66" sc="25" el="66" ec="67" bec="0" bev="0" fileid="144" />
                <SequencePoint vc="0" uspid="5886" ordinal="24" offset="270" sl="68" sc="17" el="68" ec="18" bec="0" bev="0" fileid="144" />
                <SequencePoint vc="0" uspid="5887" ordinal="25" offset="272" sl="69" sc="22" el="69" ec="47" bec="2" bev="0" fileid="144" />
                <SequencePoint vc="0" uspid="5888" ordinal="26" offset="275" sl="72" sc="21" el="72" ec="64" bec="0" bev="0" fileid="144" />
                <SequencePoint vc="0" uspid="5889" ordinal="27" offset="292" sl="75" sc="21" el="75" ec="48" bec="2" bev="0" fileid="144" />
                <SequencePoint vc="0" uspid="5890" ordinal="28" offset="305" sl="77" sc="25" el="77" ec="67" bec="0" bev="0" fileid="144" />
                <SequencePoint vc="0" uspid="5891" ordinal="29" offset="322" sl="79" sc="17" el="79" ec="18" bec="0" bev="0" fileid="144" />
                <SequencePoint vc="0" uspid="5892" ordinal="30" offset="324" sl="80" sc="22" el="80" ec="71" bec="3" bev="0" fileid="144" />
                <SequencePoint vc="0" uspid="5893" ordinal="31" offset="340" sl="83" sc="21" el="83" ec="34" bec="0" bev="0" fileid="144" />
                <SequencePoint vc="0" uspid="5894" ordinal="32" offset="352" sl="87" sc="17" el="87" ec="49" bec="0" bev="0" fileid="144" />
                <SequencePoint vc="0" uspid="5895" ordinal="33" offset="370" sl="90" sc="13" el="90" ec="26" bec="0" bev="0" fileid="144" />
              </SequencePoints>
              <BranchPoints>
                <BranchPoint vc="0" uspid="5896" ordinal="0" offset="6" sl="15" path="0" offsetend="8" fileid="144" />
                <BranchPoint vc="0" uspid="5897" ordinal="1" offset="6" sl="15" path="1" offsetend="14" fileid="144" />
                <BranchPoint vc="0" uspid="5898" ordinal="2" offset="22" sl="20" path="0" offsetend="24" fileid="144" />
                <BranchPoint vc="0" uspid="5899" ordinal="3" offset="22" sl="20" path="1" offsetend="48" fileid="144" />
                <BranchPoint vc="0" uspid="5900" ordinal="4" offset="82" sl="32" path="0" offsetend="84" fileid="144" />
                <BranchPoint vc="0" uspid="5901" ordinal="5" offset="82" sl="32" path="1" offsetend="124" fileid="144" />
                <BranchPoint vc="0" uspid="5902" ordinal="6" offset="151" sl="45" path="0" offsetend="153" fileid="144" />
                <BranchPoint vc="0" uspid="5903" ordinal="7" offset="151" sl="45" path="1" offsetend="167" fileid="144" />
                <BranchPoint vc="0" uspid="5904" ordinal="8" offset="169" sl="49" path="0" offsetend="171" fileid="144" />
                <BranchPoint vc="0" uspid="5905" ordinal="9" offset="169" sl="49" path="1" offsetend="183" fileid="144" />
                <BranchPoint vc="0" uspid="5906" ordinal="10" offset="221" sl="58" path="0" offsetend="223" fileid="144" />
                <BranchPoint vc="0" uspid="5907" ordinal="11" offset="221" sl="58" path="1" offsetend="272" fileid="144" />
                <BranchPoint vc="0" uspid="5908" ordinal="12" offset="251" sl="64" path="0" offsetend="253" fileid="144" />
                <BranchPoint vc="0" uspid="5909" ordinal="13" offset="251" sl="64" path="1" offsetend="352" fileid="144" />
                <BranchPoint vc="0" uspid="5910" ordinal="14" offset="273" sl="69" path="0" offsetend="275" fileid="144" />
                <BranchPoint vc="0" uspid="5911" ordinal="15" offset="273" sl="69" path="1" offsetend="324" fileid="144" />
                <BranchPoint vc="0" uspid="5912" ordinal="16" offset="303" sl="75" path="0" offsetend="305" fileid="144" />
                <BranchPoint vc="0" uspid="5913" ordinal="17" offset="303" sl="75" path="1" offsetend="352" fileid="144" />
                <BranchPoint vc="0" uspid="5914" ordinal="18" offset="325" sl="80" path="0" offsetend="327" fileid="144" />
                <BranchPoint vc="0" uspid="5915" ordinal="19" offset="325" sl="80" path="1" offsetend="352" fileid="144" />
                <BranchPoint vc="0" uspid="5916" ordinal="20" offset="338" sl="80" path="0" offsetend="340" fileid="144" />
                <BranchPoint vc="0" uspid="5917" ordinal="21" offset="338" sl="80" path="1" offsetend="352" fileid="144" />
              </BranchPoints>
              <MethodPoint xsi:type="SequencePoint" vc="0" uspid="5862" ordinal="0" offset="0" sl="15" sc="13" el="15" ec="34" bec="2" bev="0" fileid="144" />
            </Method>
            <Method visited="false" cyclomaticComplexity="1" nPathComplexity="0" sequenceCoverage="0" branchCoverage="0" crapScore="2" isConstructor="true" isStatic="true" isGetter="false" isSetter="false">
              <Summary numSequencePoints="2" visitedSequencePoints="0" numBranchPoints="1" visitedBranchPoints="0" sequenceCoverage="0" branchCoverage="0" maxCyclomaticComplexity="1" minCyclomaticComplexity="1" maxCrapScore="2" minCrapScore="2" visitedClasses="0" numClasses="0" visitedMethods="0" numMethods="1" />
              <MetadataToken>100663910</MetadataToken>
              <Name>System.Void Humanizer.Localisation.NumberToWords.Italian.ItalianOrdinalNumberCruncher::.cctor()</Name>
              <FileRef uid="144" />
              <SequencePoints>
                <SequencePoint vc="0" uspid="5918" ordinal="0" offset="0" sl="100" sc="9" el="112" ec="11" bec="0" bev="0" fileid="144" />
                <SequencePoint vc="0" uspid="5919" ordinal="1" offset="93" sl="114" sc="9" el="114" ec="69" bec="0" bev="0" fileid="144" />
              </SequencePoints>
              <BranchPoints />
              <MethodPoint xsi:type="SequencePoint" vc="0" uspid="5918" ordinal="0" offset="0" sl="100" sc="9" el="112" ec="11" bec="0" bev="0" fileid="144" />
            </Method>
          </Methods>
        </Class>
        <Class>
          <Summary numSequencePoints="8" visitedSequencePoints="0" numBranchPoints="9" visitedBranchPoints="0" sequenceCoverage="0" branchCoverage="0" maxCyclomaticComplexity="5" minCyclomaticComplexity="5" maxCrapScore="30" minCrapScore="30" visitedClasses="0" numClasses="1" visitedMethods="0" numMethods="1" />
          <FullName>Humanizer.Localisation.GrammaticalNumber.RussianGrammaticalNumberDetector</FullName>
          <Methods>
            <Method visited="false" cyclomaticComplexity="5" nPathComplexity="16" sequenceCoverage="0" branchCoverage="0" crapScore="30" isConstructor="false" isStatic="true" isGetter="false" isSetter="false">
              <Summary numSequencePoints="8" visitedSequencePoints="0" numBranchPoints="9" visitedBranchPoints="0" sequenceCoverage="0" branchCoverage="0" maxCyclomaticComplexity="5" minCyclomaticComplexity="5" maxCrapScore="30" minCrapScore="30" visitedClasses="0" numClasses="0" visitedMethods="0" numMethods="1" />
              <MetadataToken>100663911</MetadataToken>
              <Name>Humanizer.Localisation.GrammaticalNumber.RussianGrammaticalNumber Humanizer.Localisation.GrammaticalNumber.RussianGrammaticalNumberDetector::Detect(System.Int64)</Name>
              <FileRef uid="145" />
              <SequencePoints>
                <SequencePoint vc="0" uspid="5920" ordinal="0" offset="0" sl="7" sc="13" el="7" ec="42" bec="0" bev="0" fileid="145" />
                <SequencePoint vc="0" uspid="5921" ordinal="1" offset="9" sl="8" sc="13" el="8" ec="27" bec="2" bev="0" fileid="145" />
                <SequencePoint vc="0" uspid="5922" ordinal="2" offset="13" sl="10" sc="17" el="10" ec="41" bec="0" bev="0" fileid="145" />
                <SequencePoint vc="0" uspid="5923" ordinal="3" offset="19" sl="12" sc="17" el="12" ec="32" bec="2" bev="0" fileid="145" />
                <SequencePoint vc="0" uspid="5924" ordinal="4" offset="24" sl="14" sc="21" el="14" ec="62" bec="0" bev="0" fileid="145" />
                <SequencePoint vc="0" uspid="5925" ordinal="5" offset="26" sl="17" sc="17" el="17" ec="44" bec="3" bev="0" fileid="145" />
                <SequencePoint vc="0" uspid="5926" ordinal="6" offset="36" sl="19" sc="21" el="19" ec="60" bec="0" bev="0" fileid="145" />
                <SequencePoint vc="0" uspid="5927" ordinal="7" offset="38" sl="23" sc="13" el="23" ec="52" bec="0" bev="0" fileid="145" />
              </SequencePoints>
              <BranchPoints>
                <BranchPoint vc="0" uspid="5928" ordinal="0" offset="11" sl="8" path="0" offsetend="13" fileid="145" />
                <BranchPoint vc="0" uspid="5929" ordinal="1" offset="11" sl="8" path="1" offsetend="38" fileid="145" />
                <BranchPoint vc="0" uspid="5930" ordinal="2" offset="22" sl="12" path="0" offsetend="24" fileid="145" />
                <BranchPoint vc="0" uspid="5931" ordinal="3" offset="22" sl="12" path="1" offsetend="26" fileid="145" />
                <BranchPoint vc="0" uspid="5932" ordinal="4" offset="29" sl="17" path="0" offsetend="31" fileid="145" />
                <BranchPoint vc="0" uspid="5933" ordinal="5" offset="29" sl="17" path="1" offsetend="38" fileid="145" />
                <BranchPoint vc="0" uspid="5934" ordinal="6" offset="34" sl="17" path="0" offsetend="36" fileid="145" />
                <BranchPoint vc="0" uspid="5935" ordinal="7" offset="34" sl="17" path="1" offsetend="38" fileid="145" />
              </BranchPoints>
              <MethodPoint xsi:type="SequencePoint" vc="0" uspid="5920" ordinal="0" offset="0" sl="7" sc="13" el="7" ec="42" bec="0" bev="0" fileid="145" />
            </Method>
          </Methods>
        </Class>
        <Class>
          <Summary numSequencePoints="7" visitedSequencePoints="2" numBranchPoints="8" visitedBranchPoints="1" sequenceCoverage="28.57" branchCoverage="12.5" maxCyclomaticComplexity="4" minCyclomaticComplexity="1" maxCrapScore="20" minCrapScore="1" visitedClasses="1" numClasses="1" visitedMethods="1" numMethods="2" />
          <FullName>Humanizer.Localisation.Formatters.ArabicFormatter</FullName>
          <Methods>
            <Method visited="true" cyclomaticComplexity="1" nPathComplexity="0" sequenceCoverage="100" branchCoverage="100" crapScore="1" isConstructor="true" isStatic="false" isGetter="false" isSetter="false">
              <Summary numSequencePoints="2" visitedSequencePoints="2" numBranchPoints="1" visitedBranchPoints="1" sequenceCoverage="100" branchCoverage="100" maxCyclomaticComplexity="1" minCyclomaticComplexity="1" maxCrapScore="1" minCrapScore="1" visitedClasses="0" numClasses="0" visitedMethods="1" numMethods="1" />
              <MetadataToken>100663912</MetadataToken>
              <Name>System.Void Humanizer.Localisation.Formatters.ArabicFormatter::.ctor()</Name>
              <FileRef uid="146" />
              <SequencePoints>
                <SequencePoint vc="1" uspid="5936" ordinal="0" offset="0" sl="9" sc="15" el="9" ec="25" bec="0" bev="0" fileid="146" />
                <SequencePoint vc="1" uspid="5937" ordinal="1" offset="11" sl="11" sc="9" el="11" ec="10" bec="0" bev="0" fileid="146" />
              </SequencePoints>
              <BranchPoints />
              <MethodPoint xsi:type="SequencePoint" vc="1" uspid="5936" ordinal="0" offset="0" sl="9" sc="15" el="9" ec="25" bec="0" bev="0" fileid="146" />
            </Method>
            <Method visited="false" cyclomaticComplexity="4" nPathComplexity="8" sequenceCoverage="0" branchCoverage="0" crapScore="20" isConstructor="false" isStatic="false" isGetter="false" isSetter="false">
              <Summary numSequencePoints="5" visitedSequencePoints="0" numBranchPoints="7" visitedBranchPoints="0" sequenceCoverage="0" branchCoverage="0" maxCyclomaticComplexity="4" minCyclomaticComplexity="4" maxCrapScore="20" minCrapScore="20" visitedClasses="0" numClasses="0" visitedMethods="0" numMethods="1" />
              <MetadataToken>100663913</MetadataToken>
              <Name>System.String Humanizer.Localisation.Formatters.ArabicFormatter::GetResourceKey(System.String,System.Int32)</Name>
              <FileRef uid="146" />
              <SequencePoints>
                <SequencePoint vc="0" uspid="5938" ordinal="0" offset="0" sl="16" sc="13" el="16" ec="29" bec="2" bev="0" fileid="146" />
                <SequencePoint vc="0" uspid="5939" ordinal="1" offset="4" sl="18" sc="17" el="18" ec="50" bec="0" bev="0" fileid="146" />
                <SequencePoint vc="0" uspid="5940" ordinal="2" offset="16" sl="22" sc="13" el="22" ec="45" bec="3" bev="0" fileid="146" />
                <SequencePoint vc="0" uspid="5941" ordinal="3" offset="25" sl="24" sc="17" el="24" ec="52" bec="0" bev="0" fileid="146" />
                <SequencePoint vc="0" uspid="5942" ordinal="4" offset="37" sl="27" sc="13" el="27" ec="32" bec="0" bev="0" fileid="146" />
              </SequencePoints>
              <BranchPoints>
                <BranchPoint vc="0" uspid="5943" ordinal="0" offset="2" sl="16" path="0" offsetend="4" fileid="146" />
                <BranchPoint vc="0" uspid="5944" ordinal="1" offset="2" sl="16" path="1" offsetend="16" fileid="146" />
                <BranchPoint vc="0" uspid="5945" ordinal="2" offset="18" sl="22" path="0" offsetend="20" fileid="146" />
                <BranchPoint vc="0" uspid="5946" ordinal="3" offset="18" sl="22" path="1" offsetend="37" fileid="146" />
                <BranchPoint vc="0" uspid="5947" ordinal="4" offset="23" sl="22" path="0" offsetend="25" fileid="146" />
                <BranchPoint vc="0" uspid="5948" ordinal="5" offset="23" sl="22" path="1" offsetend="37" fileid="146" />
              </BranchPoints>
              <MethodPoint xsi:type="SequencePoint" vc="0" uspid="5938" ordinal="0" offset="0" sl="16" sc="13" el="16" ec="29" bec="2" bev="0" fileid="146" />
            </Method>
          </Methods>
        </Class>
        <Class>
          <Summary numSequencePoints="5" visitedSequencePoints="2" numBranchPoints="14" visitedBranchPoints="1" sequenceCoverage="40" branchCoverage="7.14" maxCyclomaticComplexity="7" minCyclomaticComplexity="1" maxCrapScore="56" minCrapScore="1" visitedClasses="1" numClasses="1" visitedMethods="1" numMethods="2" />
          <FullName>Humanizer.Localisation.Formatters.CroatianFormatter</FullName>
          <Methods>
            <Method visited="true" cyclomaticComplexity="1" nPathComplexity="0" sequenceCoverage="100" branchCoverage="100" crapScore="1" isConstructor="true" isStatic="false" isGetter="false" isSetter="false">
              <Summary numSequencePoints="2" visitedSequencePoints="2" numBranchPoints="1" visitedBranchPoints="1" sequenceCoverage="100" branchCoverage="100" maxCyclomaticComplexity="1" minCyclomaticComplexity="1" maxCrapScore="1" minCrapScore="1" visitedClasses="0" numClasses="0" visitedMethods="1" numMethods="1" />
              <MetadataToken>100663914</MetadataToken>
              <Name>System.Void Humanizer.Localisation.Formatters.CroatianFormatter::.ctor()</Name>
              <FileRef uid="147" />
              <SequencePoints>
                <SequencePoint vc="1" uspid="5949" ordinal="0" offset="0" sl="8" sc="15" el="8" ec="25" bec="0" bev="0" fileid="147" />
                <SequencePoint vc="1" uspid="5950" ordinal="1" offset="11" sl="10" sc="9" el="10" ec="10" bec="0" bev="0" fileid="147" />
              </SequencePoints>
              <BranchPoints />
              <MethodPoint xsi:type="SequencePoint" vc="1" uspid="5949" ordinal="0" offset="0" sl="8" sc="15" el="8" ec="25" bec="0" bev="0" fileid="147" />
            </Method>
            <Method visited="false" cyclomaticComplexity="7" nPathComplexity="64" sequenceCoverage="0" branchCoverage="0" crapScore="56" isConstructor="false" isStatic="false" isGetter="false" isSetter="false">
              <Summary numSequencePoints="3" visitedSequencePoints="0" numBranchPoints="13" visitedBranchPoints="0" sequenceCoverage="0" branchCoverage="0" maxCyclomaticComplexity="7" minCyclomaticComplexity="7" maxCrapScore="56" minCrapScore="56" visitedClasses="0" numClasses="0" visitedMethods="0" numMethods="1" />
              <MetadataToken>100663915</MetadataToken>
              <Name>System.String Humanizer.Localisation.Formatters.CroatianFormatter::GetResourceKey(System.String,System.Int32)</Name>
              <FileRef uid="147" />
              <SequencePoints>
                <SequencePoint vc="0" uspid="5951" ordinal="0" offset="0" sl="14" sc="13" el="14" ec="124" bec="7" bev="0" fileid="147" />
                <SequencePoint vc="0" uspid="5952" ordinal="1" offset="36" sl="16" sc="17" el="16" ec="62" bec="0" bev="0" fileid="147" />
                <SequencePoint vc="0" uspid="5953" ordinal="2" offset="48" sl="19" sc="13" el="19" ec="32" bec="0" bev="0" fileid="147" />
              </SequencePoints>
              <BranchPoints>
                <BranchPoint vc="0" uspid="5954" ordinal="0" offset="5" sl="14" path="0" offsetend="7" fileid="147" />
                <BranchPoint vc="0" uspid="5955" ordinal="1" offset="5" sl="14" path="1" offsetend="21" fileid="147" />
                <BranchPoint vc="0" uspid="5956" ordinal="2" offset="12" sl="14" path="0" offsetend="14" fileid="147" />
                <BranchPoint vc="0" uspid="5957" ordinal="3" offset="12" sl="14" path="1" offsetend="21" fileid="147" />
                <BranchPoint vc="0" uspid="5958" ordinal="4" offset="19" sl="14" path="0" offsetend="21" fileid="147" />
                <BranchPoint vc="0" uspid="5959" ordinal="5" offset="19" sl="14" path="1" offsetend="48" fileid="147" />
                <BranchPoint vc="0" uspid="5960" ordinal="6" offset="24" sl="14" path="0" offsetend="26" fileid="147" />
                <BranchPoint vc="0" uspid="5961" ordinal="7" offset="24" sl="14" path="1" offsetend="48" fileid="147" />
                <BranchPoint vc="0" uspid="5962" ordinal="8" offset="29" sl="14" path="0" offsetend="31" fileid="147" />
                <BranchPoint vc="0" uspid="5963" ordinal="9" offset="29" sl="14" path="1" offsetend="48" fileid="147" />
                <BranchPoint vc="0" uspid="5964" ordinal="10" offset="34" sl="14" path="0" offsetend="36" fileid="147" />
                <BranchPoint vc="0" uspid="5965" ordinal="11" offset="34" sl="14" path="1" offsetend="48" fileid="147" />
              </BranchPoints>
              <MethodPoint xsi:type="SequencePoint" vc="0" uspid="5951" ordinal="0" offset="0" sl="14" sc="13" el="14" ec="124" bec="7" bev="0" fileid="147" />
            </Method>
          </Methods>
        </Class>
        <Class>
          <Summary numSequencePoints="5" visitedSequencePoints="2" numBranchPoints="6" visitedBranchPoints="1" sequenceCoverage="40" branchCoverage="16.67" maxCyclomaticComplexity="3" minCyclomaticComplexity="1" maxCrapScore="12" minCrapScore="1" visitedClasses="1" numClasses="1" visitedMethods="1" numMethods="2" />
          <FullName>Humanizer.Localisation.Formatters.CzechSlovakPolishFormatter</FullName>
          <Methods>
            <Method visited="true" cyclomaticComplexity="1" nPathComplexity="0" sequenceCoverage="100" branchCoverage="100" crapScore="1" isConstructor="true" isStatic="false" isGetter="false" isSetter="false">
              <Summary numSequencePoints="2" visitedSequencePoints="2" numBranchPoints="1" visitedBranchPoints="1" sequenceCoverage="100" branchCoverage="100" maxCyclomaticComplexity="1" minCyclomaticComplexity="1" maxCrapScore="1" minCrapScore="1" visitedClasses="0" numClasses="0" visitedMethods="1" numMethods="1" />
              <MetadataToken>100663916</MetadataToken>
              <Name>System.Void Humanizer.Localisation.Formatters.CzechSlovakPolishFormatter::.ctor(System.String)</Name>
              <FileRef uid="148" />
              <SequencePoints>
                <SequencePoint vc="3" uspid="5966" ordinal="0" offset="0" sl="8" sc="15" el="8" ec="31" bec="0" bev="0" fileid="148" />
                <SequencePoint vc="3" uspid="5967" ordinal="1" offset="7" sl="10" sc="9" el="10" ec="10" bec="0" bev="0" fileid="148" />
              </SequencePoints>
              <BranchPoints />
              <MethodPoint xsi:type="SequencePoint" vc="3" uspid="5966" ordinal="0" offset="0" sl="8" sc="15" el="8" ec="31" bec="0" bev="0" fileid="148" />
            </Method>
            <Method visited="false" cyclomaticComplexity="3" nPathComplexity="4" sequenceCoverage="0" branchCoverage="0" crapScore="12" isConstructor="false" isStatic="false" isGetter="false" isSetter="false">
              <Summary numSequencePoints="3" visitedSequencePoints="0" numBranchPoints="5" visitedBranchPoints="0" sequenceCoverage="0" branchCoverage="0" maxCyclomaticComplexity="3" minCyclomaticComplexity="3" maxCrapScore="12" minCrapScore="12" visitedClasses="0" numClasses="0" visitedMethods="0" numMethods="1" />
              <MetadataToken>100663917</MetadataToken>
              <Name>System.String Humanizer.Localisation.Formatters.CzechSlovakPolishFormatter::GetResourceKey(System.String,System.Int32)</Name>
              <FileRef uid="148" />
              <SequencePoints>
                <SequencePoint vc="0" uspid="5968" ordinal="0" offset="0" sl="14" sc="13" el="14" ec="42" bec="3" bev="0" fileid="148" />
                <SequencePoint vc="0" uspid="5969" ordinal="1" offset="8" sl="16" sc="17" el="16" ec="52" bec="0" bev="0" fileid="148" />
                <SequencePoint vc="0" uspid="5970" ordinal="2" offset="20" sl="19" sc="13" el="19" ec="32" bec="0" bev="0" fileid="148" />
              </SequencePoints>
              <BranchPoints>
                <BranchPoint vc="0" uspid="5971" ordinal="0" offset="2" sl="14" path="0" offsetend="4" fileid="148" />
                <BranchPoint vc="0" uspid="5972" ordinal="1" offset="2" sl="14" path="1" offsetend="20" fileid="148" />
                <BranchPoint vc="0" uspid="5973" ordinal="2" offset="6" sl="14" path="0" offsetend="8" fileid="148" />
                <BranchPoint vc="0" uspid="5974" ordinal="3" offset="6" sl="14" path="1" offsetend="20" fileid="148" />
              </BranchPoints>
              <MethodPoint xsi:type="SequencePoint" vc="0" uspid="5968" ordinal="0" offset="0" sl="14" sc="13" el="14" ec="42" bec="3" bev="0" fileid="148" />
            </Method>
          </Methods>
        </Class>
        <Class>
          <Summary numSequencePoints="22" visitedSequencePoints="3" numBranchPoints="24" visitedBranchPoints="1" sequenceCoverage="13.64" branchCoverage="4.17" maxCyclomaticComplexity="4" minCyclomaticComplexity="1" maxCrapScore="20" minCrapScore="1" visitedClasses="1" numClasses="1" visitedMethods="1" numMethods="12" />
          <FullName>Humanizer.Localisation.Formatters.DefaultFormatter</FullName>
          <Methods>
            <Method visited="true" cyclomaticComplexity="1" nPathComplexity="0" sequenceCoverage="100" branchCoverage="100" crapScore="1" isConstructor="true" isStatic="false" isGetter="false" isSetter="false">
              <Summary numSequencePoints="3" visitedSequencePoints="3" numBranchPoints="1" visitedBranchPoints="1" sequenceCoverage="100" branchCoverage="100" maxCyclomaticComplexity="1" minCyclomaticComplexity="1" maxCrapScore="1" minCrapScore="1" visitedClasses="0" numClasses="0" visitedMethods="1" numMethods="1" />
              <MetadataToken>100663918</MetadataToken>
              <Name>System.Void Humanizer.Localisation.Formatters.DefaultFormatter::.ctor(System.String)</Name>
              <FileRef uid="149" />
              <SequencePoints>
                <SequencePoint vc="44" uspid="5975" ordinal="0" offset="0" sl="17" sc="9" el="17" ec="51" bec="0" bev="0" fileid="149" />
                <SequencePoint vc="44" uspid="5976" ordinal="1" offset="6" sl="19" sc="13" el="19" ec="52" bec="0" bev="0" fileid="149" />
                <SequencePoint vc="44" uspid="5977" ordinal="2" offset="18" sl="20" sc="9" el="20" ec="10" bec="0" bev="0" fileid="149" />
              </SequencePoints>
              <BranchPoints />
              <MethodPoint xsi:type="SequencePoint" vc="44" uspid="5975" ordinal="0" offset="0" sl="17" sc="9" el="17" ec="51" bec="0" bev="0" fileid="149" />
            </Method>
            <Method visited="false" cyclomaticComplexity="1" nPathComplexity="0" sequenceCoverage="0" branchCoverage="0" crapScore="2" isConstructor="false" isStatic="false" isGetter="false" isSetter="false">
              <Summary numSequencePoints="1" visitedSequencePoints="0" numBranchPoints="1" visitedBranchPoints="0" sequenceCoverage="0" branchCoverage="0" maxCyclomaticComplexity="1" minCyclomaticComplexity="1" maxCrapScore="2" minCrapScore="2" visitedClasses="0" numClasses="0" visitedMethods="0" numMethods="1" />
              <MetadataToken>100663919</MetadataToken>
              <Name>System.String Humanizer.Localisation.Formatters.DefaultFormatter::DateHumanize_Now()</Name>
              <FileRef uid="149" />
              <SequencePoints>
                <SequencePoint vc="0" uspid="5978" ordinal="0" offset="0" sl="28" sc="13" el="28" ec="76" bec="0" bev="0" fileid="149" />
              </SequencePoints>
              <BranchPoints />
              <MethodPoint xsi:type="SequencePoint" vc="0" uspid="5978" ordinal="0" offset="0" sl="28" sc="13" el="28" ec="76" bec="0" bev="0" fileid="149" />
            </Method>
            <Method visited="false" cyclomaticComplexity="1" nPathComplexity="0" sequenceCoverage="0" branchCoverage="0" crapScore="2" isConstructor="false" isStatic="false" isGetter="false" isSetter="false">
              <Summary numSequencePoints="1" visitedSequencePoints="0" numBranchPoints="1" visitedBranchPoints="0" sequenceCoverage="0" branchCoverage="0" maxCyclomaticComplexity="1" minCyclomaticComplexity="1" maxCrapScore="2" minCrapScore="2" visitedClasses="0" numClasses="0" visitedMethods="0" numMethods="1" />
              <MetadataToken>100663920</MetadataToken>
              <Name>System.String Humanizer.Localisation.Formatters.DefaultFormatter::DateHumanize_Never()</Name>
              <FileRef uid="149" />
              <SequencePoints>
                <SequencePoint vc="0" uspid="5979" ordinal="0" offset="0" sl="37" sc="13" el="37" ec="60" bec="0" bev="0" fileid="149" />
              </SequencePoints>
              <BranchPoints />
              <MethodPoint xsi:type="SequencePoint" vc="0" uspid="5979" ordinal="0" offset="0" sl="37" sc="13" el="37" ec="60" bec="0" bev="0" fileid="149" />
            </Method>
            <Method visited="false" cyclomaticComplexity="1" nPathComplexity="0" sequenceCoverage="0" branchCoverage="0" crapScore="2" isConstructor="false" isStatic="false" isGetter="false" isSetter="false">
              <Summary numSequencePoints="1" visitedSequencePoints="0" numBranchPoints="1" visitedBranchPoints="0" sequenceCoverage="0" branchCoverage="0" maxCyclomaticComplexity="1" minCyclomaticComplexity="1" maxCrapScore="2" minCrapScore="2" visitedClasses="0" numClasses="0" visitedMethods="0" numMethods="1" />
              <MetadataToken>100663921</MetadataToken>
              <Name>System.String Humanizer.Localisation.Formatters.DefaultFormatter::DateHumanize(Humanizer.Localisation.TimeUnit,Humanizer.Localisation.Tense,System.Int32)</Name>
              <FileRef uid="149" />
              <SequencePoints>
                <SequencePoint vc="0" uspid="5980" ordinal="0" offset="0" sl="49" sc="13" el="49" ec="70" bec="0" bev="0" fileid="149" />
              </SequencePoints>
              <BranchPoints />
              <MethodPoint xsi:type="SequencePoint" vc="0" uspid="5980" ordinal="0" offset="0" sl="49" sc="13" el="49" ec="70" bec="0" bev="0" fileid="149" />
            </Method>
            <Method visited="false" cyclomaticComplexity="1" nPathComplexity="0" sequenceCoverage="0" branchCoverage="0" crapScore="2" isConstructor="false" isStatic="false" isGetter="false" isSetter="false">
              <Summary numSequencePoints="1" visitedSequencePoints="0" numBranchPoints="1" visitedBranchPoints="0" sequenceCoverage="0" branchCoverage="0" maxCyclomaticComplexity="1" minCyclomaticComplexity="1" maxCrapScore="2" minCrapScore="2" visitedClasses="0" numClasses="0" visitedMethods="0" numMethods="1" />
              <MetadataToken>100663922</MetadataToken>
              <Name>System.String Humanizer.Localisation.Formatters.DefaultFormatter::TimeSpanHumanize_Zero()</Name>
              <FileRef uid="149" />
              <SequencePoints>
                <SequencePoint vc="0" uspid="5981" ordinal="0" offset="0" sl="58" sc="13" el="58" ec="74" bec="0" bev="0" fileid="149" />
              </SequencePoints>
              <BranchPoints />
              <MethodPoint xsi:type="SequencePoint" vc="0" uspid="5981" ordinal="0" offset="0" sl="58" sc="13" el="58" ec="74" bec="0" bev="0" fileid="149" />
            </Method>
            <Method visited="false" cyclomaticComplexity="1" nPathComplexity="0" sequenceCoverage="0" branchCoverage="0" crapScore="2" isConstructor="false" isStatic="false" isGetter="false" isSetter="false">
              <Summary numSequencePoints="1" visitedSequencePoints="0" numBranchPoints="1" visitedBranchPoints="0" sequenceCoverage="0" branchCoverage="0" maxCyclomaticComplexity="1" minCyclomaticComplexity="1" maxCrapScore="2" minCrapScore="2" visitedClasses="0" numClasses="0" visitedMethods="0" numMethods="1" />
              <MetadataToken>100663923</MetadataToken>
              <Name>System.String Humanizer.Localisation.Formatters.DefaultFormatter::TimeSpanHumanize(Humanizer.Localisation.TimeUnit,System.Int32,System.Boolean)</Name>
              <FileRef uid="149" />
              <SequencePoints>
                <SequencePoint vc="0" uspid="5982" ordinal="0" offset="0" sl="71" sc="13" el="71" ec="68" bec="0" bev="0" fileid="149" />
              </SequencePoints>
              <BranchPoints />
              <MethodPoint xsi:type="SequencePoint" vc="0" uspid="5982" ordinal="0" offset="0" sl="71" sc="13" el="71" ec="68" bec="0" bev="0" fileid="149" />
            </Method>
            <Method visited="false" cyclomaticComplexity="2" nPathComplexity="2" sequenceCoverage="0" branchCoverage="0" crapScore="6" isConstructor="false" isStatic="false" isGetter="false" isSetter="false">
              <Summary numSequencePoints="2" visitedSequencePoints="0" numBranchPoints="3" visitedBranchPoints="0" sequenceCoverage="0" branchCoverage="0" maxCyclomaticComplexity="2" minCyclomaticComplexity="2" maxCrapScore="6" minCrapScore="6" visitedClasses="0" numClasses="0" visitedMethods="0" numMethods="1" />
              <MetadataToken>100663924</MetadataToken>
              <Name>System.String Humanizer.Localisation.Formatters.DefaultFormatter::GetResourceForDate(Humanizer.Localisation.TimeUnit,Humanizer.Localisation.Tense,System.Int32)</Name>
              <FileRef uid="149" />
              <SequencePoints>
                <SequencePoint vc="0" uspid="5983" ordinal="0" offset="0" sl="76" sc="13" el="76" ec="122" bec="0" bev="0" fileid="149" />
                <SequencePoint vc="0" uspid="5984" ordinal="1" offset="9" sl="77" sc="13" el="77" ec="82" bec="2" bev="0" fileid="149" />
              </SequencePoints>
              <BranchPoints>
                <BranchPoint vc="0" uspid="5985" ordinal="0" offset="11" sl="77" path="0" offsetend="13" fileid="149" />
                <BranchPoint vc="0" uspid="5986" ordinal="1" offset="11" sl="77" path="1" offsetend="23" fileid="149" />
              </BranchPoints>
              <MethodPoint xsi:type="SequencePoint" vc="0" uspid="5983" ordinal="0" offset="0" sl="76" sc="13" el="76" ec="122" bec="0" bev="0" fileid="149" />
            </Method>
            <Method visited="false" cyclomaticComplexity="4" nPathComplexity="4" sequenceCoverage="0" branchCoverage="0" crapScore="20" isConstructor="false" isStatic="false" isGetter="false" isSetter="false">
              <Summary numSequencePoints="2" visitedSequencePoints="0" numBranchPoints="5" visitedBranchPoints="0" sequenceCoverage="0" branchCoverage="0" maxCyclomaticComplexity="4" minCyclomaticComplexity="4" maxCrapScore="20" minCrapScore="20" visitedClasses="0" numClasses="0" visitedMethods="0" numMethods="1" />
              <MetadataToken>100663925</MetadataToken>
              <Name>System.String Humanizer.Localisation.Formatters.DefaultFormatter::GetResourceForTimeSpan(Humanizer.Localisation.TimeUnit,System.Int32,System.Boolean)</Name>
              <FileRef uid="149" />
              <SequencePoints>
                <SequencePoint vc="0" uspid="5987" ordinal="0" offset="0" sl="82" sc="13" el="82" ec="98" bec="0" bev="0" fileid="149" />
                <SequencePoint vc="0" uspid="5988" ordinal="1" offset="9" sl="83" sc="13" el="83" ec="119" bec="4" bev="0" fileid="149" />
              </SequencePoints>
              <BranchPoints>
                <BranchPoint vc="0" uspid="5989" ordinal="0" offset="11" sl="83" path="0" offsetend="13" fileid="149" />
                <BranchPoint vc="0" uspid="5990" ordinal="1" offset="11" sl="83" path="1" offsetend="23" fileid="149" />
                <BranchPoint vc="0" uspid="5991" ordinal="2" offset="26" sl="83" path="0" offsetend="28" fileid="149" />
                <BranchPoint vc="0" uspid="5992" ordinal="3" offset="26" sl="83" path="1" offsetend="35" fileid="149" />
              </BranchPoints>
              <MethodPoint xsi:type="SequencePoint" vc="0" uspid="5987" ordinal="0" offset="0" sl="82" sc="13" el="82" ec="98" bec="0" bev="0" fileid="149" />
            </Method>
            <Method visited="false" cyclomaticComplexity="2" nPathComplexity="2" sequenceCoverage="0" branchCoverage="0" crapScore="6" isConstructor="false" isStatic="false" isGetter="false" isSetter="false">
              <Summary numSequencePoints="4" visitedSequencePoints="0" numBranchPoints="3" visitedBranchPoints="0" sequenceCoverage="0" branchCoverage="0" maxCyclomaticComplexity="2" minCyclomaticComplexity="2" maxCrapScore="6" minCrapScore="6" visitedClasses="0" numClasses="0" visitedMethods="0" numMethods="1" />
              <MetadataToken>100663926</MetadataToken>
              <Name>System.String Humanizer.Localisation.Formatters.DefaultFormatter::Format(System.String)</Name>
              <FileRef uid="149" />
              <SequencePoints>
                <SequencePoint vc="0" uspid="5993" ordinal="0" offset="0" sl="94" sc="13" el="94" ec="95" bec="0" bev="0" fileid="149" />
                <SequencePoint vc="0" uspid="5994" ordinal="1" offset="18" sl="96" sc="13" el="96" ec="54" bec="2" bev="0" fileid="149" />
                <SequencePoint vc="0" uspid="5995" ordinal="2" offset="26" sl="98" sc="17" el="98" ec="129" bec="0" bev="0" fileid="149" />
                <SequencePoint vc="0" uspid="5996" ordinal="3" offset="53" sl="101" sc="13" el="101" ec="35" bec="0" bev="0" fileid="149" />
              </SequencePoints>
              <BranchPoints>
                <BranchPoint vc="0" uspid="5997" ordinal="0" offset="24" sl="96" path="0" offsetend="26" fileid="149" />
                <BranchPoint vc="0" uspid="5998" ordinal="1" offset="24" sl="96" path="1" offsetend="53" fileid="149" />
              </BranchPoints>
              <MethodPoint xsi:type="SequencePoint" vc="0" uspid="5993" ordinal="0" offset="0" sl="94" sc="13" el="94" ec="95" bec="0" bev="0" fileid="149" />
            </Method>
            <Method visited="false" cyclomaticComplexity="3" nPathComplexity="4" sequenceCoverage="0" branchCoverage="0" crapScore="12" isConstructor="false" isStatic="false" isGetter="false" isSetter="false">
              <Summary numSequencePoints="4" visitedSequencePoints="0" numBranchPoints="5" visitedBranchPoints="0" sequenceCoverage="0" branchCoverage="0" maxCyclomaticComplexity="3" minCyclomaticComplexity="3" maxCrapScore="12" minCrapScore="12" visitedClasses="0" numClasses="0" visitedMethods="0" numMethods="1" />
              <MetadataToken>100663927</MetadataToken>
              <Name>System.String Humanizer.Localisation.Formatters.DefaultFormatter::Format(System.String,System.Int32,System.Boolean)</Name>
              <FileRef uid="149" />
              <SequencePoints>
                <SequencePoint vc="0" uspid="5999" ordinal="0" offset="0" sl="114" sc="13" el="114" ec="103" bec="0" bev="0" fileid="149" />
                <SequencePoint vc="0" uspid="6000" ordinal="1" offset="20" sl="116" sc="13" el="116" ec="54" bec="2" bev="0" fileid="149" />
                <SequencePoint vc="0" uspid="6001" ordinal="2" offset="28" sl="118" sc="17" el="118" ec="129" bec="0" bev="0" fileid="149" />
                <SequencePoint vc="0" uspid="6002" ordinal="3" offset="55" sl="121" sc="13" el="123" ec="53" bec="2" bev="0" fileid="149" />
              </SequencePoints>
              <BranchPoints>
                <BranchPoint vc="0" uspid="6003" ordinal="0" offset="26" sl="116" path="0" offsetend="28" fileid="149" />
                <BranchPoint vc="0" uspid="6004" ordinal="1" offset="26" sl="116" path="1" offsetend="55" fileid="149" />
                <BranchPoint vc="0" uspid="6005" ordinal="2" offset="56" sl="121" path="0" offsetend="58" fileid="149" />
                <BranchPoint vc="0" uspid="6006" ordinal="3" offset="56" sl="121" path="1" offsetend="80" fileid="149" />
              </BranchPoints>
              <MethodPoint xsi:type="SequencePoint" vc="0" uspid="5999" ordinal="0" offset="0" sl="114" sc="13" el="114" ec="103" bec="0" bev="0" fileid="149" />
            </Method>
            <Method visited="false" cyclomaticComplexity="1" nPathComplexity="0" sequenceCoverage="0" branchCoverage="0" crapScore="2" isConstructor="false" isStatic="false" isGetter="false" isSetter="false">
              <Summary numSequencePoints="1" visitedSequencePoints="0" numBranchPoints="1" visitedBranchPoints="0" sequenceCoverage="0" branchCoverage="0" maxCyclomaticComplexity="1" minCyclomaticComplexity="1" maxCrapScore="2" minCrapScore="2" visitedClasses="0" numClasses="0" visitedMethods="0" numMethods="1" />
              <MetadataToken>100663928</MetadataToken>
              <Name>System.String Humanizer.Localisation.Formatters.DefaultFormatter::GetResourceKey(System.String,System.Int32)</Name>
              <FileRef uid="149" />
              <SequencePoints>
                <SequencePoint vc="0" uspid="6007" ordinal="0" offset="0" sl="134" sc="13" el="134" ec="32" bec="0" bev="0" fileid="149" />
              </SequencePoints>
              <BranchPoints />
              <MethodPoint xsi:type="SequencePoint" vc="0" uspid="6007" ordinal="0" offset="0" sl="134" sc="13" el="134" ec="32" bec="0" bev="0" fileid="149" />
            </Method>
            <Method visited="false" cyclomaticComplexity="1" nPathComplexity="0" sequenceCoverage="0" branchCoverage="0" crapScore="2" isConstructor="false" isStatic="false" isGetter="false" isSetter="false">
              <Summary numSequencePoints="1" visitedSequencePoints="0" numBranchPoints="1" visitedBranchPoints="0" sequenceCoverage="0" branchCoverage="0" maxCyclomaticComplexity="1" minCyclomaticComplexity="1" maxCrapScore="2" minCrapScore="2" visitedClasses="0" numClasses="0" visitedMethods="0" numMethods="1" />
              <MetadataToken>100663929</MetadataToken>
              <Name>System.String Humanizer.Localisation.Formatters.DefaultFormatter::GetResourceKey(System.String)</Name>
              <FileRef uid="149" />
              <SequencePoints>
                <SequencePoint vc="0" uspid="6008" ordinal="0" offset="0" sl="144" sc="13" el="144" ec="32" bec="0" bev="0" fileid="149" />
              </SequencePoints>
              <BranchPoints />
              <MethodPoint xsi:type="SequencePoint" vc="0" uspid="6008" ordinal="0" offset="0" sl="144" sc="13" el="144" ec="32" bec="0" bev="0" fileid="149" />
            </Method>
          </Methods>
        </Class>
        <Class>
          <Summary numSequencePoints="5" visitedSequencePoints="2" numBranchPoints="8" visitedBranchPoints="1" sequenceCoverage="40" branchCoverage="12.5" maxCyclomaticComplexity="4" minCyclomaticComplexity="1" maxCrapScore="20" minCrapScore="1" visitedClasses="1" numClasses="1" visitedMethods="1" numMethods="2" />
          <FullName>Humanizer.Localisation.Formatters.FrenchFormatter</FullName>
          <Methods>
            <Method visited="true" cyclomaticComplexity="1" nPathComplexity="0" sequenceCoverage="100" branchCoverage="100" crapScore="1" isConstructor="true" isStatic="false" isGetter="false" isSetter="false">
              <Summary numSequencePoints="2" visitedSequencePoints="2" numBranchPoints="1" visitedBranchPoints="1" sequenceCoverage="100" branchCoverage="100" maxCyclomaticComplexity="1" minCyclomaticComplexity="1" maxCrapScore="1" minCrapScore="1" visitedClasses="0" numClasses="0" visitedMethods="1" numMethods="1" />
              <MetadataToken>100663930</MetadataToken>
              <Name>System.Void Humanizer.Localisation.Formatters.FrenchFormatter::.ctor(System.String)</Name>
              <FileRef uid="150" />
              <SequencePoints>
                <SequencePoint vc="2" uspid="6009" ordinal="0" offset="0" sl="8" sc="15" el="8" ec="31" bec="0" bev="0" fileid="150" />
                <SequencePoint vc="2" uspid="6010" ordinal="1" offset="7" sl="10" sc="9" el="10" ec="10" bec="0" bev="0" fileid="150" />
              </SequencePoints>
              <BranchPoints />
              <MethodPoint xsi:type="SequencePoint" vc="2" uspid="6009" ordinal="0" offset="0" sl="8" sc="15" el="8" ec="31" bec="0" bev="0" fileid="150" />
            </Method>
            <Method visited="false" cyclomaticComplexity="4" nPathComplexity="8" sequenceCoverage="0" branchCoverage="0" crapScore="20" isConstructor="false" isStatic="false" isGetter="false" isSetter="false">
              <Summary numSequencePoints="3" visitedSequencePoints="0" numBranchPoints="7" visitedBranchPoints="0" sequenceCoverage="0" branchCoverage="0" maxCyclomaticComplexity="4" minCyclomaticComplexity="4" maxCrapScore="20" minCrapScore="20" visitedClasses="0" numClasses="0" visitedMethods="0" numMethods="1" />
              <MetadataToken>100663931</MetadataToken>
              <Name>System.String Humanizer.Localisation.Formatters.FrenchFormatter::GetResourceKey(System.String,System.Int32)</Name>
              <FileRef uid="150" />
              <SequencePoints>
                <SequencePoint vc="0" uspid="6011" ordinal="0" offset="0" sl="14" sc="13" el="14" ec="133" bec="4" bev="0" fileid="150" />
                <SequencePoint vc="0" uspid="6012" ordinal="1" offset="30" sl="16" sc="17" el="16" ec="50" bec="0" bev="0" fileid="150" />
                <SequencePoint vc="0" uspid="6013" ordinal="2" offset="42" sl="19" sc="13" el="19" ec="32" bec="0" bev="0" fileid="150" />
              </SequencePoints>
              <BranchPoints>
                <BranchPoint vc="0" uspid="6014" ordinal="0" offset="2" sl="14" path="0" offsetend="4" fileid="150" />
                <BranchPoint vc="0" uspid="6015" ordinal="1" offset="2" sl="14" path="1" offsetend="42" fileid="150" />
                <BranchPoint vc="0" uspid="6016" ordinal="2" offset="15" sl="14" path="0" offsetend="17" fileid="150" />
                <BranchPoint vc="0" uspid="6017" ordinal="3" offset="15" sl="14" path="1" offsetend="30" fileid="150" />
                <BranchPoint vc="0" uspid="6018" ordinal="4" offset="28" sl="14" path="0" offsetend="30" fileid="150" />
                <BranchPoint vc="0" uspid="6019" ordinal="5" offset="28" sl="14" path="1" offsetend="42" fileid="150" />
              </BranchPoints>
              <MethodPoint xsi:type="SequencePoint" vc="0" uspid="6011" ordinal="0" offset="0" sl="14" sc="13" el="14" ec="133" bec="4" bev="0" fileid="150" />
            </Method>
          </Methods>
        </Class>
        <Class>
          <Summary numSequencePoints="7" visitedSequencePoints="2" numBranchPoints="8" visitedBranchPoints="1" sequenceCoverage="28.57" branchCoverage="12.5" maxCyclomaticComplexity="4" minCyclomaticComplexity="1" maxCrapScore="20" minCrapScore="1" visitedClasses="1" numClasses="1" visitedMethods="1" numMethods="2" />
          <FullName>Humanizer.Localisation.Formatters.HebrewFormatter</FullName>
          <Methods>
            <Method visited="true" cyclomaticComplexity="1" nPathComplexity="0" sequenceCoverage="100" branchCoverage="100" crapScore="1" isConstructor="true" isStatic="false" isGetter="false" isSetter="false">
              <Summary numSequencePoints="2" visitedSequencePoints="2" numBranchPoints="1" visitedBranchPoints="1" sequenceCoverage="100" branchCoverage="100" maxCyclomaticComplexity="1" minCyclomaticComplexity="1" maxCrapScore="1" minCrapScore="1" visitedClasses="0" numClasses="0" visitedMethods="1" numMethods="1" />
              <MetadataToken>100663932</MetadataToken>
              <Name>System.Void Humanizer.Localisation.Formatters.HebrewFormatter::.ctor()</Name>
              <FileRef uid="151" />
              <SequencePoints>
                <SequencePoint vc="1" uspid="6020" ordinal="0" offset="0" sl="9" sc="15" el="9" ec="25" bec="0" bev="0" fileid="151" />
                <SequencePoint vc="1" uspid="6021" ordinal="1" offset="11" sl="11" sc="9" el="11" ec="10" bec="0" bev="0" fileid="151" />
              </SequencePoints>
              <BranchPoints />
              <MethodPoint xsi:type="SequencePoint" vc="1" uspid="6020" ordinal="0" offset="0" sl="9" sc="15" el="9" ec="25" bec="0" bev="0" fileid="151" />
            </Method>
            <Method visited="false" cyclomaticComplexity="4" nPathComplexity="8" sequenceCoverage="0" branchCoverage="0" crapScore="20" isConstructor="false" isStatic="false" isGetter="false" isSetter="false">
              <Summary numSequencePoints="5" visitedSequencePoints="0" numBranchPoints="7" visitedBranchPoints="0" sequenceCoverage="0" branchCoverage="0" maxCyclomaticComplexity="4" minCyclomaticComplexity="4" maxCrapScore="20" minCrapScore="20" visitedClasses="0" numClasses="0" visitedMethods="0" numMethods="1" />
              <MetadataToken>100663933</MetadataToken>
              <Name>System.String Humanizer.Localisation.Formatters.HebrewFormatter::GetResourceKey(System.String,System.Int32)</Name>
              <FileRef uid="151" />
              <SequencePoints>
                <SequencePoint vc="0" uspid="6022" ordinal="0" offset="0" sl="16" sc="13" el="16" ec="29" bec="2" bev="0" fileid="151" />
                <SequencePoint vc="0" uspid="6023" ordinal="1" offset="4" sl="18" sc="17" el="18" ec="50" bec="0" bev="0" fileid="151" />
                <SequencePoint vc="0" uspid="6024" ordinal="2" offset="16" sl="23" sc="13" el="23" ec="45" bec="3" bev="0" fileid="151" />
                <SequencePoint vc="0" uspid="6025" ordinal="3" offset="25" sl="25" sc="17" el="25" ec="52" bec="0" bev="0" fileid="151" />
                <SequencePoint vc="0" uspid="6026" ordinal="4" offset="37" sl="28" sc="13" el="28" ec="32" bec="0" bev="0" fileid="151" />
              </SequencePoints>
              <BranchPoints>
                <BranchPoint vc="0" uspid="6027" ordinal="0" offset="2" sl="16" path="0" offsetend="4" fileid="151" />
                <BranchPoint vc="0" uspid="6028" ordinal="1" offset="2" sl="16" path="1" offsetend="16" fileid="151" />
                <BranchPoint vc="0" uspid="6029" ordinal="2" offset="18" sl="23" path="0" offsetend="20" fileid="151" />
                <BranchPoint vc="0" uspid="6030" ordinal="3" offset="18" sl="23" path="1" offsetend="37" fileid="151" />
                <BranchPoint vc="0" uspid="6031" ordinal="4" offset="23" sl="23" path="0" offsetend="25" fileid="151" />
                <BranchPoint vc="0" uspid="6032" ordinal="5" offset="23" sl="23" path="1" offsetend="37" fileid="151" />
              </BranchPoints>
              <MethodPoint xsi:type="SequencePoint" vc="0" uspid="6022" ordinal="0" offset="0" sl="16" sc="13" el="16" ec="29" bec="2" bev="0" fileid="151" />
            </Method>
          </Methods>
        </Class>
        <Class>
          <Summary numSequencePoints="6" visitedSequencePoints="2" numBranchPoints="7" visitedBranchPoints="1" sequenceCoverage="33.33" branchCoverage="14.29" maxCyclomaticComplexity="3" minCyclomaticComplexity="1" maxCrapScore="12" minCrapScore="1" visitedClasses="1" numClasses="1" visitedMethods="1" numMethods="3" />
          <FullName>Humanizer.Localisation.Formatters.MalteseFormatter</FullName>
          <Methods>
            <Method visited="true" cyclomaticComplexity="1" nPathComplexity="0" sequenceCoverage="100" branchCoverage="100" crapScore="1" isConstructor="true" isStatic="false" isGetter="false" isSetter="false">
              <Summary numSequencePoints="2" visitedSequencePoints="2" numBranchPoints="1" visitedBranchPoints="1" sequenceCoverage="100" branchCoverage="100" maxCyclomaticComplexity="1" minCyclomaticComplexity="1" maxCrapScore="1" minCrapScore="1" visitedClasses="0" numClasses="0" visitedMethods="1" numMethods="1" />
              <MetadataToken>100663939</MetadataToken>
              <Name>System.Void Humanizer.Localisation.Formatters.MalteseFormatter::.ctor(System.String)</Name>
              <FileRef uid="152" />
              <SequencePoints>
                <SequencePoint vc="1" uspid="6033" ordinal="0" offset="0" sl="21" sc="15" el="21" ec="31" bec="0" bev="0" fileid="152" />
                <SequencePoint vc="1" uspid="6034" ordinal="1" offset="7" sl="23" sc="9" el="23" ec="10" bec="0" bev="0" fileid="152" />
              </SequencePoints>
              <BranchPoints />
              <MethodPoint xsi:type="SequencePoint" vc="1" uspid="6033" ordinal="0" offset="0" sl="21" sc="15" el="21" ec="31" bec="0" bev="0" fileid="152" />
            </Method>
            <Method visited="false" cyclomaticComplexity="3" nPathComplexity="4" sequenceCoverage="0" branchCoverage="0" crapScore="12" isConstructor="false" isStatic="false" isGetter="false" isSetter="false">
              <Summary numSequencePoints="3" visitedSequencePoints="0" numBranchPoints="5" visitedBranchPoints="0" sequenceCoverage="0" branchCoverage="0" maxCyclomaticComplexity="3" minCyclomaticComplexity="3" maxCrapScore="12" minCrapScore="12" visitedClasses="0" numClasses="0" visitedMethods="0" numMethods="1" />
              <MetadataToken>100663940</MetadataToken>
              <Name>System.String Humanizer.Localisation.Formatters.MalteseFormatter::GetResourceKey(System.String,System.Int32)</Name>
              <FileRef uid="152" />
              <SequencePoints>
                <SequencePoint vc="0" uspid="6035" ordinal="0" offset="0" sl="27" sc="13" el="27" ec="71" bec="3" bev="0" fileid="152" />
                <SequencePoint vc="0" uspid="6036" ordinal="1" offset="17" sl="29" sc="17" el="29" ec="50" bec="0" bev="0" fileid="152" />
                <SequencePoint vc="0" uspid="6037" ordinal="2" offset="29" sl="32" sc="13" el="32" ec="32" bec="0" bev="0" fileid="152" />
              </SequencePoints>
              <BranchPoints>
                <BranchPoint vc="0" uspid="6038" ordinal="0" offset="2" sl="27" path="0" offsetend="4" fileid="152" />
                <BranchPoint vc="0" uspid="6039" ordinal="1" offset="2" sl="27" path="1" offsetend="29" fileid="152" />
                <BranchPoint vc="0" uspid="6040" ordinal="2" offset="15" sl="27" path="0" offsetend="17" fileid="152" />
                <BranchPoint vc="0" uspid="6041" ordinal="3" offset="15" sl="27" path="1" offsetend="29" fileid="152" />
              </BranchPoints>
              <MethodPoint xsi:type="SequencePoint" vc="0" uspid="6035" ordinal="0" offset="0" sl="27" sc="13" el="27" ec="71" bec="3" bev="0" fileid="152" />
            </Method>
            <Method visited="false" cyclomaticComplexity="1" nPathComplexity="0" sequenceCoverage="0" branchCoverage="0" crapScore="2" isConstructor="true" isStatic="true" isGetter="false" isSetter="false">
              <Summary numSequencePoints="1" visitedSequencePoints="0" numBranchPoints="1" visitedBranchPoints="0" sequenceCoverage="0" branchCoverage="0" maxCyclomaticComplexity="1" minCyclomaticComplexity="1" maxCrapScore="2" minCrapScore="2" visitedClasses="0" numClasses="0" visitedMethods="0" numMethods="1" />
              <MetadataToken>100663941</MetadataToken>
              <Name>System.Void Humanizer.Localisation.Formatters.MalteseFormatter::.cctor()</Name>
              <FileRef uid="152" />
              <SequencePoints>
                <SequencePoint vc="0" uspid="6042" ordinal="0" offset="0" sl="12" sc="9" el="18" ec="11" bec="0" bev="0" fileid="152" />
              </SequencePoints>
              <BranchPoints />
              <MethodPoint xsi:type="SequencePoint" vc="0" uspid="6042" ordinal="0" offset="0" sl="12" sc="9" el="18" ec="11" bec="0" bev="0" fileid="152" />
            </Method>
          </Methods>
        </Class>
        <Class>
          <Summary numSequencePoints="9" visitedSequencePoints="3" numBranchPoints="8" visitedBranchPoints="1" sequenceCoverage="33.33" branchCoverage="12.5" maxCyclomaticComplexity="3" minCyclomaticComplexity="1" maxCrapScore="12" minCrapScore="1" visitedClasses="1" numClasses="1" visitedMethods="1" numMethods="4" />
          <FullName>Humanizer.Localisation.Formatters.RomanianFormatter</FullName>
          <Methods>
            <Method visited="true" cyclomaticComplexity="1" nPathComplexity="0" sequenceCoverage="100" branchCoverage="100" crapScore="1" isConstructor="true" isStatic="false" isGetter="false" isSetter="false">
              <Summary numSequencePoints="3" visitedSequencePoints="3" numBranchPoints="1" visitedBranchPoints="1" sequenceCoverage="100" branchCoverage="100" maxCyclomaticComplexity="1" minCyclomaticComplexity="1" maxCrapScore="1" minCrapScore="1" visitedClasses="0" numClasses="0" visitedMethods="1" numMethods="1" />
              <MetadataToken>100663942</MetadataToken>
              <Name>System.Void Humanizer.Localisation.Formatters.RomanianFormatter::.ctor()</Name>
              <FileRef uid="153" />
              <SequencePoints>
                <SequencePoint vc="1" uspid="6043" ordinal="0" offset="0" sl="19" sc="15" el="19" ec="40" bec="0" bev="0" fileid="153" />
                <SequencePoint vc="1" uspid="6044" ordinal="1" offset="11" sl="21" sc="13" el="21" ec="69" bec="0" bev="0" fileid="153" />
                <SequencePoint vc="1" uspid="6045" ordinal="2" offset="27" sl="22" sc="9" el="22" ec="10" bec="0" bev="0" fileid="153" />
              </SequencePoints>
              <BranchPoints />
              <MethodPoint xsi:type="SequencePoint" vc="1" uspid="6043" ordinal="0" offset="0" sl="19" sc="15" el="19" ec="40" bec="0" bev="0" fileid="153" />
            </Method>
            <Method visited="false" cyclomaticComplexity="3" nPathComplexity="2" sequenceCoverage="0" branchCoverage="0" crapScore="12" isConstructor="false" isStatic="false" isGetter="false" isSetter="false">
              <Summary numSequencePoints="3" visitedSequencePoints="0" numBranchPoints="3" visitedBranchPoints="0" sequenceCoverage="0" branchCoverage="0" maxCyclomaticComplexity="3" minCyclomaticComplexity="3" maxCrapScore="12" minCrapScore="12" visitedClasses="0" numClasses="0" visitedMethods="0" numMethods="1" />
              <MetadataToken>100663943</MetadataToken>
              <Name>System.String Humanizer.Localisation.Formatters.RomanianFormatter::Format(System.String,System.Int32,System.Boolean)</Name>
              <FileRef uid="153" />
              <SequencePoints>
                <SequencePoint vc="0" uspid="6046" ordinal="0" offset="0" sl="26" sc="13" el="26" ec="103" bec="0" bev="0" fileid="153" />
                <SequencePoint vc="0" uspid="6047" ordinal="1" offset="19" sl="27" sc="13" el="29" ec="53" bec="2" bev="0" fileid="153" />
                <SequencePoint vc="0" uspid="6048" ordinal="2" offset="40" sl="31" sc="13" el="31" ec="59" bec="0" bev="0" fileid="153" />
              </SequencePoints>
              <BranchPoints>
                <BranchPoint vc="0" uspid="6049" ordinal="0" offset="25" sl="27" path="0" offsetend="27" fileid="153" />
                <BranchPoint vc="0" uspid="6050" ordinal="1" offset="25" sl="27" path="1" offsetend="34" fileid="153" />
              </BranchPoints>
              <MethodPoint xsi:type="SequencePoint" vc="0" uspid="6046" ordinal="0" offset="0" sl="26" sc="13" el="26" ec="103" bec="0" bev="0" fileid="153" />
            </Method>
            <Method visited="false" cyclomaticComplexity="2" nPathComplexity="2" sequenceCoverage="0" branchCoverage="0" crapScore="6" isConstructor="false" isStatic="true" isGetter="false" isSetter="false">
              <Summary numSequencePoints="2" visitedSequencePoints="0" numBranchPoints="3" visitedBranchPoints="0" sequenceCoverage="0" branchCoverage="0" maxCyclomaticComplexity="2" minCyclomaticComplexity="2" maxCrapScore="6" minCrapScore="6" visitedClasses="0" numClasses="0" visitedMethods="0" numMethods="1" />
              <MetadataToken>100663944</MetadataToken>
              <Name>System.Boolean Humanizer.Localisation.Formatters.RomanianFormatter::ShouldUsePreposition(System.Int32)</Name>
              <FileRef uid="153" />
              <SequencePoints>
                <SequencePoint vc="0" uspid="6051" ordinal="0" offset="0" sl="36" sc="13" el="36" ec="75" bec="0" bev="0" fileid="153" />
                <SequencePoint vc="0" uspid="6052" ordinal="1" offset="14" sl="37" sc="13" el="38" ec="82" bec="2" bev="0" fileid="153" />
              </SequencePoints>
              <BranchPoints>
                <BranchPoint vc="0" uspid="6053" ordinal="0" offset="24" sl="37" path="0" offsetend="26" fileid="153" />
                <BranchPoint vc="0" uspid="6054" ordinal="1" offset="24" sl="37" path="1" offsetend="39" fileid="153" />
              </BranchPoints>
              <MethodPoint xsi:type="SequencePoint" vc="0" uspid="6051" ordinal="0" offset="0" sl="36" sc="13" el="36" ec="75" bec="0" bev="0" fileid="153" />
            </Method>
            <Method visited="false" cyclomaticComplexity="1" nPathComplexity="0" sequenceCoverage="0" branchCoverage="0" crapScore="2" isConstructor="true" isStatic="true" isGetter="false" isSetter="false">
              <Summary numSequencePoints="1" visitedSequencePoints="0" numBranchPoints="1" visitedBranchPoints="0" sequenceCoverage="0" branchCoverage="0" maxCyclomaticComplexity="1" minCyclomaticComplexity="1" maxCrapScore="2" minCrapScore="2" visitedClasses="0" numClasses="0" visitedMethods="0" numMethods="1" />
              <MetadataToken>100663945</MetadataToken>
              <Name>System.Void Humanizer.Localisation.Formatters.RomanianFormatter::.cctor()</Name>
              <FileRef uid="153" />
              <SequencePoints>
                <SequencePoint vc="0" uspid="6055" ordinal="0" offset="0" sl="14" sc="9" el="14" ec="94" bec="0" bev="0" fileid="153" />
              </SequencePoints>
              <BranchPoints />
              <MethodPoint xsi:type="SequencePoint" vc="0" uspid="6055" ordinal="0" offset="0" sl="14" sc="9" el="14" ec="94" bec="0" bev="0" fileid="153" />
            </Method>
          </Methods>
        </Class>
        <Class>
          <Summary numSequencePoints="10" visitedSequencePoints="2" numBranchPoints="7" visitedBranchPoints="1" sequenceCoverage="20" branchCoverage="14.29" maxCyclomaticComplexity="3" minCyclomaticComplexity="1" maxCrapScore="12" minCrapScore="1" visitedClasses="1" numClasses="1" visitedMethods="1" numMethods="3" />
          <FullName>Humanizer.Localisation.Formatters.RussianFormatter</FullName>
          <Methods>
            <Method visited="true" cyclomaticComplexity="1" nPathComplexity="0" sequenceCoverage="100" branchCoverage="100" crapScore="1" isConstructor="true" isStatic="false" isGetter="false" isSetter="false">
              <Summary numSequencePoints="2" visitedSequencePoints="2" numBranchPoints="1" visitedBranchPoints="1" sequenceCoverage="100" branchCoverage="100" maxCyclomaticComplexity="1" minCyclomaticComplexity="1" maxCrapScore="1" minCrapScore="1" visitedClasses="0" numClasses="0" visitedMethods="1" numMethods="1" />
              <MetadataToken>100663946</MetadataToken>
              <Name>System.Void Humanizer.Localisation.Formatters.RussianFormatter::.ctor()</Name>
              <FileRef uid="154" />
              <SequencePoints>
                <SequencePoint vc="1" uspid="6056" ordinal="0" offset="0" sl="8" sc="15" el="8" ec="25" bec="0" bev="0" fileid="154" />
                <SequencePoint vc="1" uspid="6057" ordinal="1" offset="11" sl="10" sc="9" el="10" ec="10" bec="0" bev="0" fileid="154" />
              </SequencePoints>
              <BranchPoints />
              <MethodPoint xsi:type="SequencePoint" vc="1" uspid="6056" ordinal="0" offset="0" sl="8" sc="15" el="8" ec="25" bec="0" bev="0" fileid="154" />
            </Method>
            <Method visited="false" cyclomaticComplexity="1" nPathComplexity="0" sequenceCoverage="0" branchCoverage="0" crapScore="2" isConstructor="false" isStatic="false" isGetter="false" isSetter="false">
              <Summary numSequencePoints="3" visitedSequencePoints="0" numBranchPoints="1" visitedBranchPoints="0" sequenceCoverage="0" branchCoverage="0" maxCyclomaticComplexity="1" minCyclomaticComplexity="1" maxCrapScore="2" minCrapScore="2" visitedClasses="0" numClasses="0" visitedMethods="0" numMethods="1" />
              <MetadataToken>100663947</MetadataToken>
              <Name>System.String Humanizer.Localisation.Formatters.RussianFormatter::GetResourceKey(System.String,System.Int32)</Name>
              <FileRef uid="154" />
              <SequencePoints>
                <SequencePoint vc="0" uspid="6058" ordinal="0" offset="0" sl="14" sc="13" el="14" ec="85" bec="0" bev="0" fileid="154" />
                <SequencePoint vc="0" uspid="6059" ordinal="1" offset="8" sl="15" sc="13" el="15" ec="55" bec="0" bev="0" fileid="154" />
                <SequencePoint vc="0" uspid="6060" ordinal="2" offset="16" sl="16" sc="13" el="16" ec="41" bec="0" bev="0" fileid="154" />
              </SequencePoints>
              <BranchPoints />
              <MethodPoint xsi:type="SequencePoint" vc="0" uspid="6058" ordinal="0" offset="0" sl="14" sc="13" el="14" ec="85" bec="0" bev="0" fileid="154" />
            </Method>
            <Method visited="false" cyclomaticComplexity="3" nPathComplexity="4" sequenceCoverage="0" branchCoverage="0" crapScore="12" isConstructor="false" isStatic="false" isGetter="false" isSetter="false">
              <Summary numSequencePoints="5" visitedSequencePoints="0" numBranchPoints="5" visitedBranchPoints="0" sequenceCoverage="0" branchCoverage="0" maxCyclomaticComplexity="3" minCyclomaticComplexity="3" maxCrapScore="12" minCrapScore="12" visitedClasses="0" numClasses="0" visitedMethods="0" numMethods="1" />
              <MetadataToken>100663948</MetadataToken>
              <Name>System.String Humanizer.Localisation.Formatters.RussianFormatter::GetSuffix(Humanizer.Localisation.GrammaticalNumber.RussianGrammaticalNumber)</Name>
              <FileRef uid="154" />
              <SequencePoints>
                <SequencePoint vc="0" uspid="6061" ordinal="0" offset="0" sl="21" sc="13" el="21" ec="72" bec="2" bev="0" fileid="154" />
                <SequencePoint vc="0" uspid="6062" ordinal="1" offset="3" sl="23" sc="17" el="23" ec="36" bec="0" bev="0" fileid="154" />
                <SequencePoint vc="0" uspid="6063" ordinal="2" offset="9" sl="26" sc="13" el="26" ec="70" bec="2" bev="0" fileid="154" />
                <SequencePoint vc="0" uspid="6064" ordinal="3" offset="13" sl="28" sc="17" el="28" ec="34" bec="0" bev="0" fileid="154" />
                <SequencePoint vc="0" uspid="6065" ordinal="4" offset="19" sl="31" sc="13" el="31" ec="23" bec="0" bev="0" fileid="154" />
              </SequencePoints>
              <BranchPoints>
                <BranchPoint vc="0" uspid="6066" ordinal="0" offset="1" sl="21" path="0" offsetend="3" fileid="154" />
                <BranchPoint vc="0" uspid="6067" ordinal="1" offset="1" sl="21" path="1" offsetend="9" fileid="154" />
                <BranchPoint vc="0" uspid="6068" ordinal="2" offset="11" sl="26" path="0" offsetend="13" fileid="154" />
                <BranchPoint vc="0" uspid="6069" ordinal="3" offset="11" sl="26" path="1" offsetend="19" fileid="154" />
              </BranchPoints>
              <MethodPoint xsi:type="SequencePoint" vc="0" uspid="6061" ordinal="0" offset="0" sl="21" sc="13" el="21" ec="72" bec="2" bev="0" fileid="154" />
            </Method>
          </Methods>
        </Class>
        <Class>
          <Summary numSequencePoints="6" visitedSequencePoints="2" numBranchPoints="6" visitedBranchPoints="1" sequenceCoverage="33.33" branchCoverage="16.67" maxCyclomaticComplexity="3" minCyclomaticComplexity="1" maxCrapScore="12" minCrapScore="1" visitedClasses="1" numClasses="1" visitedMethods="1" numMethods="2" />
          <FullName>Humanizer.Localisation.Formatters.SerbianFormatter</FullName>
          <Methods>
            <Method visited="true" cyclomaticComplexity="1" nPathComplexity="0" sequenceCoverage="100" branchCoverage="100" crapScore="1" isConstructor="true" isStatic="false" isGetter="false" isSetter="false">
              <Summary numSequencePoints="2" visitedSequencePoints="2" numBranchPoints="1" visitedBranchPoints="1" sequenceCoverage="100" branchCoverage="100" maxCyclomaticComplexity="1" minCyclomaticComplexity="1" maxCrapScore="1" minCrapScore="1" visitedClasses="0" numClasses="0" visitedMethods="1" numMethods="1" />
              <MetadataToken>100663949</MetadataToken>
              <Name>System.Void Humanizer.Localisation.Formatters.SerbianFormatter::.ctor(System.String)</Name>
              <FileRef uid="155" />
              <SequencePoints>
                <SequencePoint vc="2" uspid="6070" ordinal="0" offset="0" sl="8" sc="15" el="8" ec="31" bec="0" bev="0" fileid="155" />
                <SequencePoint vc="2" uspid="6071" ordinal="1" offset="7" sl="10" sc="9" el="10" ec="10" bec="0" bev="0" fileid="155" />
              </SequencePoints>
              <BranchPoints />
              <MethodPoint xsi:type="SequencePoint" vc="2" uspid="6070" ordinal="0" offset="0" sl="8" sc="15" el="8" ec="31" bec="0" bev="0" fileid="155" />
            </Method>
            <Method visited="false" cyclomaticComplexity="3" nPathComplexity="4" sequenceCoverage="0" branchCoverage="0" crapScore="12" isConstructor="false" isStatic="false" isGetter="false" isSetter="false">
              <Summary numSequencePoints="4" visitedSequencePoints="0" numBranchPoints="5" visitedBranchPoints="0" sequenceCoverage="0" branchCoverage="0" maxCyclomaticComplexity="3" minCyclomaticComplexity="3" maxCrapScore="12" minCrapScore="12" visitedClasses="0" numClasses="0" visitedMethods="0" numMethods="1" />
              <MetadataToken>100663950</MetadataToken>
              <Name>System.String Humanizer.Localisation.Formatters.SerbianFormatter::GetResourceKey(System.String,System.Int32)</Name>
              <FileRef uid="155" />
              <SequencePoints>
                <SequencePoint vc="0" uspid="6072" ordinal="0" offset="0" sl="14" sc="13" el="14" ec="37" bec="0" bev="0" fileid="155" />
                <SequencePoint vc="0" uspid="6073" ordinal="1" offset="5" sl="16" sc="13" el="16" ec="40" bec="3" bev="0" fileid="155" />
                <SequencePoint vc="0" uspid="6074" ordinal="2" offset="13" sl="18" sc="17" el="18" ec="52" bec="0" bev="0" fileid="155" />
                <SequencePoint vc="0" uspid="6075" ordinal="3" offset="25" sl="21" sc="13" el="21" ec="32" bec="0" bev="0" fileid="155" />
              </SequencePoints>
              <BranchPoints>
                <BranchPoint vc="0" uspid="6076" ordinal="0" offset="7" sl="16" path="0" offsetend="9" fileid="155" />
                <BranchPoint vc="0" uspid="6077" ordinal="1" offset="7" sl="16" path="1" offsetend="25" fileid="155" />
                <BranchPoint vc="0" uspid="6078" ordinal="2" offset="11" sl="16" path="0" offsetend="13" fileid="155" />
                <BranchPoint vc="0" uspid="6079" ordinal="3" offset="11" sl="16" path="1" offsetend="25" fileid="155" />
              </BranchPoints>
              <MethodPoint xsi:type="SequencePoint" vc="0" uspid="6072" ordinal="0" offset="0" sl="14" sc="13" el="14" ec="37" bec="0" bev="0" fileid="155" />
            </Method>
          </Methods>
        </Class>
        <Class>
          <Summary numSequencePoints="7" visitedSequencePoints="2" numBranchPoints="8" visitedBranchPoints="1" sequenceCoverage="28.57" branchCoverage="12.5" maxCyclomaticComplexity="4" minCyclomaticComplexity="1" maxCrapScore="20" minCrapScore="1" visitedClasses="1" numClasses="1" visitedMethods="1" numMethods="2" />
          <FullName>Humanizer.Localisation.Formatters.SlovenianFormatter</FullName>
          <Methods>
            <Method visited="true" cyclomaticComplexity="1" nPathComplexity="0" sequenceCoverage="100" branchCoverage="100" crapScore="1" isConstructor="true" isStatic="false" isGetter="false" isSetter="false">
              <Summary numSequencePoints="2" visitedSequencePoints="2" numBranchPoints="1" visitedBranchPoints="1" sequenceCoverage="100" branchCoverage="100" maxCyclomaticComplexity="1" minCyclomaticComplexity="1" maxCrapScore="1" minCrapScore="1" visitedClasses="0" numClasses="0" visitedMethods="1" numMethods="1" />
              <MetadataToken>100663951</MetadataToken>
              <Name>System.Void Humanizer.Localisation.Formatters.SlovenianFormatter::.ctor()</Name>
              <FileRef uid="156" />
              <SequencePoints>
                <SequencePoint vc="1" uspid="6080" ordinal="0" offset="0" sl="9" sc="15" el="9" ec="25" bec="0" bev="0" fileid="156" />
                <SequencePoint vc="1" uspid="6081" ordinal="1" offset="11" sl="11" sc="9" el="11" ec="10" bec="0" bev="0" fileid="156" />
              </SequencePoints>
              <BranchPoints />
              <MethodPoint xsi:type="SequencePoint" vc="1" uspid="6080" ordinal="0" offset="0" sl="9" sc="15" el="9" ec="25" bec="0" bev="0" fileid="156" />
            </Method>
            <Method visited="false" cyclomaticComplexity="4" nPathComplexity="8" sequenceCoverage="0" branchCoverage="0" crapScore="20" isConstructor="false" isStatic="false" isGetter="false" isSetter="false">
              <Summary numSequencePoints="5" visitedSequencePoints="0" numBranchPoints="7" visitedBranchPoints="0" sequenceCoverage="0" branchCoverage="0" maxCyclomaticComplexity="4" minCyclomaticComplexity="4" maxCrapScore="20" minCrapScore="20" visitedClasses="0" numClasses="0" visitedMethods="0" numMethods="1" />
              <MetadataToken>100663952</MetadataToken>
              <Name>System.String Humanizer.Localisation.Formatters.SlovenianFormatter::GetResourceKey(System.String,System.Int32)</Name>
              <FileRef uid="156" />
              <SequencePoints>
                <SequencePoint vc="0" uspid="6082" ordinal="0" offset="0" sl="15" sc="13" el="15" ec="29" bec="2" bev="0" fileid="156" />
                <SequencePoint vc="0" uspid="6083" ordinal="1" offset="4" sl="17" sc="17" el="17" ec="50" bec="0" bev="0" fileid="156" />
                <SequencePoint vc="0" uspid="6084" ordinal="2" offset="16" sl="21" sc="13" el="21" ec="44" bec="3" bev="0" fileid="156" />
                <SequencePoint vc="0" uspid="6085" ordinal="3" offset="24" sl="23" sc="17" el="23" ec="58" bec="0" bev="0" fileid="156" />
                <SequencePoint vc="0" uspid="6086" ordinal="4" offset="36" sl="26" sc="13" el="26" ec="32" bec="0" bev="0" fileid="156" />
              </SequencePoints>
              <BranchPoints>
                <BranchPoint vc="0" uspid="6087" ordinal="0" offset="2" sl="15" path="0" offsetend="4" fileid="156" />
                <BranchPoint vc="0" uspid="6088" ordinal="1" offset="2" sl="15" path="1" offsetend="16" fileid="156" />
                <BranchPoint vc="0" uspid="6089" ordinal="2" offset="18" sl="21" path="0" offsetend="20" fileid="156" />
                <BranchPoint vc="0" uspid="6090" ordinal="3" offset="18" sl="21" path="1" offsetend="24" fileid="156" />
                <BranchPoint vc="0" uspid="6091" ordinal="4" offset="22" sl="21" path="0" offsetend="24" fileid="156" />
                <BranchPoint vc="0" uspid="6092" ordinal="5" offset="22" sl="21" path="1" offsetend="36" fileid="156" />
              </BranchPoints>
              <MethodPoint xsi:type="SequencePoint" vc="0" uspid="6082" ordinal="0" offset="0" sl="15" sc="13" el="15" ec="29" bec="2" bev="0" fileid="156" />
            </Method>
          </Methods>
        </Class>
        <Class>
          <Summary numSequencePoints="10" visitedSequencePoints="2" numBranchPoints="7" visitedBranchPoints="1" sequenceCoverage="20" branchCoverage="14.29" maxCyclomaticComplexity="3" minCyclomaticComplexity="1" maxCrapScore="12" minCrapScore="1" visitedClasses="1" numClasses="1" visitedMethods="1" numMethods="3" />
          <FullName>Humanizer.Localisation.Formatters.UkrainianFormatter</FullName>
          <Methods>
            <Method visited="true" cyclomaticComplexity="1" nPathComplexity="0" sequenceCoverage="100" branchCoverage="100" crapScore="1" isConstructor="true" isStatic="false" isGetter="false" isSetter="false">
              <Summary numSequencePoints="2" visitedSequencePoints="2" numBranchPoints="1" visitedBranchPoints="1" sequenceCoverage="100" branchCoverage="100" maxCyclomaticComplexity="1" minCyclomaticComplexity="1" maxCrapScore="1" minCrapScore="1" visitedClasses="0" numClasses="0" visitedMethods="1" numMethods="1" />
              <MetadataToken>100663953</MetadataToken>
              <Name>System.Void Humanizer.Localisation.Formatters.UkrainianFormatter::.ctor()</Name>
              <FileRef uid="157" />
              <SequencePoints>
                <SequencePoint vc="1" uspid="6093" ordinal="0" offset="0" sl="8" sc="15" el="8" ec="25" bec="0" bev="0" fileid="157" />
                <SequencePoint vc="1" uspid="6094" ordinal="1" offset="11" sl="10" sc="9" el="10" ec="10" bec="0" bev="0" fileid="157" />
              </SequencePoints>
              <BranchPoints />
              <MethodPoint xsi:type="SequencePoint" vc="1" uspid="6093" ordinal="0" offset="0" sl="8" sc="15" el="8" ec="25" bec="0" bev="0" fileid="157" />
            </Method>
            <Method visited="false" cyclomaticComplexity="1" nPathComplexity="0" sequenceCoverage="0" branchCoverage="0" crapScore="2" isConstructor="false" isStatic="false" isGetter="false" isSetter="false">
              <Summary numSequencePoints="3" visitedSequencePoints="0" numBranchPoints="1" visitedBranchPoints="0" sequenceCoverage="0" branchCoverage="0" maxCyclomaticComplexity="1" minCyclomaticComplexity="1" maxCrapScore="2" minCrapScore="2" visitedClasses="0" numClasses="0" visitedMethods="0" numMethods="1" />
              <MetadataToken>100663954</MetadataToken>
              <Name>System.String Humanizer.Localisation.Formatters.UkrainianFormatter::GetResourceKey(System.String,System.Int32)</Name>
              <FileRef uid="157" />
              <SequencePoints>
                <SequencePoint vc="0" uspid="6095" ordinal="0" offset="0" sl="14" sc="13" el="14" ec="85" bec="0" bev="0" fileid="157" />
                <SequencePoint vc="0" uspid="6096" ordinal="1" offset="8" sl="15" sc="13" el="15" ec="55" bec="0" bev="0" fileid="157" />
                <SequencePoint vc="0" uspid="6097" ordinal="2" offset="16" sl="16" sc="13" el="16" ec="41" bec="0" bev="0" fileid="157" />
              </SequencePoints>
              <BranchPoints />
              <MethodPoint xsi:type="SequencePoint" vc="0" uspid="6095" ordinal="0" offset="0" sl="14" sc="13" el="14" ec="85" bec="0" bev="0" fileid="157" />
            </Method>
            <Method visited="false" cyclomaticComplexity="3" nPathComplexity="4" sequenceCoverage="0" branchCoverage="0" crapScore="12" isConstructor="false" isStatic="false" isGetter="false" isSetter="false">
              <Summary numSequencePoints="5" visitedSequencePoints="0" numBranchPoints="5" visitedBranchPoints="0" sequenceCoverage="0" branchCoverage="0" maxCyclomaticComplexity="3" minCyclomaticComplexity="3" maxCrapScore="12" minCrapScore="12" visitedClasses="0" numClasses="0" visitedMethods="0" numMethods="1" />
              <MetadataToken>100663955</MetadataToken>
              <Name>System.String Humanizer.Localisation.Formatters.UkrainianFormatter::GetSuffix(Humanizer.Localisation.GrammaticalNumber.RussianGrammaticalNumber)</Name>
              <FileRef uid="157" />
              <SequencePoints>
                <SequencePoint vc="0" uspid="6098" ordinal="0" offset="0" sl="21" sc="13" el="21" ec="72" bec="2" bev="0" fileid="157" />
                <SequencePoint vc="0" uspid="6099" ordinal="1" offset="3" sl="23" sc="17" el="23" ec="36" bec="0" bev="0" fileid="157" />
                <SequencePoint vc="0" uspid="6100" ordinal="2" offset="9" sl="26" sc="13" el="26" ec="70" bec="2" bev="0" fileid="157" />
                <SequencePoint vc="0" uspid="6101" ordinal="3" offset="13" sl="28" sc="17" el="28" ec="34" bec="0" bev="0" fileid="157" />
                <SequencePoint vc="0" uspid="6102" ordinal="4" offset="19" sl="31" sc="13" el="31" ec="23" bec="0" bev="0" fileid="157" />
              </SequencePoints>
              <BranchPoints>
                <BranchPoint vc="0" uspid="6103" ordinal="0" offset="1" sl="21" path="0" offsetend="3" fileid="157" />
                <BranchPoint vc="0" uspid="6104" ordinal="1" offset="1" sl="21" path="1" offsetend="9" fileid="157" />
                <BranchPoint vc="0" uspid="6105" ordinal="2" offset="11" sl="26" path="0" offsetend="13" fileid="157" />
                <BranchPoint vc="0" uspid="6106" ordinal="3" offset="11" sl="26" path="1" offsetend="19" fileid="157" />
              </BranchPoints>
              <MethodPoint xsi:type="SequencePoint" vc="0" uspid="6098" ordinal="0" offset="0" sl="21" sc="13" el="21" ec="72" bec="2" bev="0" fileid="157" />
            </Method>
          </Methods>
        </Class>
        <Class>
          <Summary numSequencePoints="2" visitedSequencePoints="0" numBranchPoints="2" visitedBranchPoints="0" sequenceCoverage="0" branchCoverage="0" maxCyclomaticComplexity="1" minCyclomaticComplexity="1" maxCrapScore="2" minCrapScore="2" visitedClasses="0" numClasses="1" visitedMethods="0" numMethods="2" />
          <FullName>Humanizer.Localisation.DateToOrdinalWords.DefaultDateToOrdinalWordConverter</FullName>
          <Methods>
            <Method visited="false" cyclomaticComplexity="1" nPathComplexity="0" sequenceCoverage="0" branchCoverage="0" crapScore="2" isConstructor="false" isStatic="false" isGetter="false" isSetter="false">
              <Summary numSequencePoints="1" visitedSequencePoints="0" numBranchPoints="1" visitedBranchPoints="0" sequenceCoverage="0" branchCoverage="0" maxCyclomaticComplexity="1" minCyclomaticComplexity="1" maxCrapScore="2" minCrapScore="2" visitedClasses="0" numClasses="0" visitedMethods="0" numMethods="1" />
              <MetadataToken>100663956</MetadataToken>
              <Name>System.String Humanizer.Localisation.DateToOrdinalWords.DefaultDateToOrdinalWordConverter::Convert(System.DateTime)</Name>
              <FileRef uid="158" />
              <SequencePoints>
                <SequencePoint vc="0" uspid="6107" ordinal="0" offset="0" sl="10" sc="13" el="10" ec="72" bec="0" bev="0" fileid="158" />
              </SequencePoints>
              <BranchPoints />
              <MethodPoint xsi:type="SequencePoint" vc="0" uspid="6107" ordinal="0" offset="0" sl="10" sc="13" el="10" ec="72" bec="0" bev="0" fileid="158" />
            </Method>
            <Method visited="false" cyclomaticComplexity="1" nPathComplexity="0" sequenceCoverage="0" branchCoverage="0" crapScore="2" isConstructor="false" isStatic="false" isGetter="false" isSetter="false">
              <Summary numSequencePoints="1" visitedSequencePoints="0" numBranchPoints="1" visitedBranchPoints="0" sequenceCoverage="0" branchCoverage="0" maxCyclomaticComplexity="1" minCyclomaticComplexity="1" maxCrapScore="2" minCrapScore="2" visitedClasses="0" numClasses="0" visitedMethods="0" numMethods="1" />
              <MetadataToken>100663957</MetadataToken>
              <Name>System.String Humanizer.Localisation.DateToOrdinalWords.DefaultDateToOrdinalWordConverter::Convert(System.DateTime,Humanizer.GrammaticalCase)</Name>
              <FileRef uid="158" />
              <SequencePoints>
                <SequencePoint vc="0" uspid="6108" ordinal="0" offset="0" sl="15" sc="13" el="15" ec="34" bec="0" bev="0" fileid="158" />
              </SequencePoints>
              <BranchPoints />
              <MethodPoint xsi:type="SequencePoint" vc="0" uspid="6108" ordinal="0" offset="0" sl="15" sc="13" el="15" ec="34" bec="0" bev="0" fileid="158" />
            </Method>
            <Method visited="false" cyclomaticComplexity="1" nPathComplexity="0" sequenceCoverage="0" branchCoverage="0" crapScore="2" isConstructor="true" isStatic="false" isGetter="false" isSetter="false">
              <Summary numSequencePoints="0" visitedSequencePoints="0" numBranchPoints="0" visitedBranchPoints="0" sequenceCoverage="0" branchCoverage="0" maxCyclomaticComplexity="1" minCyclomaticComplexity="1" maxCrapScore="2" minCrapScore="2" visitedClasses="0" numClasses="0" visitedMethods="0" numMethods="0" />
              <MetadataToken>100663958</MetadataToken>
              <Name>System.Void Humanizer.Localisation.DateToOrdinalWords.DefaultDateToOrdinalWordConverter::.ctor()</Name>
              <SequencePoints />
              <BranchPoints />
              <MethodPoint vc="0" uspid="6109" ordinal="0" offset="0" />
            </Method>
          </Methods>
        </Class>
        <Class>
          <Summary numSequencePoints="1" visitedSequencePoints="0" numBranchPoints="1" visitedBranchPoints="0" sequenceCoverage="0" branchCoverage="0" maxCyclomaticComplexity="1" minCyclomaticComplexity="1" maxCrapScore="2" minCrapScore="2" visitedClasses="0" numClasses="1" visitedMethods="0" numMethods="1" />
          <FullName>Humanizer.Localisation.DateToOrdinalWords.UsDateToOrdinalWordsConverter</FullName>
          <Methods>
            <Method visited="false" cyclomaticComplexity="1" nPathComplexity="0" sequenceCoverage="0" branchCoverage="0" crapScore="2" isConstructor="false" isStatic="false" isGetter="false" isSetter="false">
              <Summary numSequencePoints="1" visitedSequencePoints="0" numBranchPoints="1" visitedBranchPoints="0" sequenceCoverage="0" branchCoverage="0" maxCyclomaticComplexity="1" minCyclomaticComplexity="1" maxCrapScore="2" minCrapScore="2" visitedClasses="0" numClasses="0" visitedMethods="0" numMethods="1" />
              <MetadataToken>100663961</MetadataToken>
              <Name>System.String Humanizer.Localisation.DateToOrdinalWords.UsDateToOrdinalWordsConverter::Convert(System.DateTime)</Name>
              <FileRef uid="159" />
              <SequencePoints>
                <SequencePoint vc="0" uspid="6110" ordinal="0" offset="0" sl="9" sc="13" el="9" ec="93" bec="0" bev="0" fileid="159" />
              </SequencePoints>
              <BranchPoints />
              <MethodPoint xsi:type="SequencePoint" vc="0" uspid="6110" ordinal="0" offset="0" sl="9" sc="13" el="9" ec="93" bec="0" bev="0" fileid="159" />
            </Method>
            <Method visited="false" cyclomaticComplexity="1" nPathComplexity="0" sequenceCoverage="0" branchCoverage="0" crapScore="2" isConstructor="true" isStatic="false" isGetter="false" isSetter="false">
              <Summary numSequencePoints="0" visitedSequencePoints="0" numBranchPoints="0" visitedBranchPoints="0" sequenceCoverage="0" branchCoverage="0" maxCyclomaticComplexity="1" minCyclomaticComplexity="1" maxCrapScore="2" minCrapScore="2" visitedClasses="0" numClasses="0" visitedMethods="0" numMethods="0" />
              <MetadataToken>100663962</MetadataToken>
              <Name>System.Void Humanizer.Localisation.DateToOrdinalWords.UsDateToOrdinalWordsConverter::.ctor()</Name>
              <SequencePoints />
              <BranchPoints />
              <MethodPoint vc="0" uspid="6111" ordinal="0" offset="0" />
            </Method>
          </Methods>
        </Class>
        <Class>
          <Summary numSequencePoints="28" visitedSequencePoints="4" numBranchPoints="31" visitedBranchPoints="1" sequenceCoverage="14.29" branchCoverage="3.23" maxCyclomaticComplexity="5" minCyclomaticComplexity="1" maxCrapScore="30" minCrapScore="1" visitedClasses="1" numClasses="1" visitedMethods="1" numMethods="9" />
          <FullName>Humanizer.Localisation.CollectionFormatters.DefaultCollectionFormatter</FullName>
          <Methods>
            <Method visited="true" cyclomaticComplexity="1" nPathComplexity="0" sequenceCoverage="100" branchCoverage="100" crapScore="1" isConstructor="true" isStatic="false" isGetter="false" isSetter="false">
              <Summary numSequencePoints="4" visitedSequencePoints="4" numBranchPoints="1" visitedBranchPoints="1" sequenceCoverage="100" branchCoverage="100" maxCyclomaticComplexity="1" minCyclomaticComplexity="1" maxCrapScore="1" minCrapScore="1" visitedClasses="0" numClasses="0" visitedMethods="1" numMethods="1" />
              <MetadataToken>100663963</MetadataToken>
              <Name>System.Void Humanizer.Localisation.CollectionFormatters.DefaultCollectionFormatter::.ctor(System.String)</Name>
              <FileRef uid="160" />
              <SequencePoints>
                <SequencePoint vc="11" uspid="6112" ordinal="0" offset="0" sl="9" sc="9" el="9" ec="48" bec="0" bev="0" fileid="160" />
                <SequencePoint vc="11" uspid="6113" ordinal="1" offset="11" sl="11" sc="9" el="11" ec="67" bec="0" bev="0" fileid="160" />
                <SequencePoint vc="11" uspid="6114" ordinal="2" offset="17" sl="13" sc="13" el="13" ec="49" bec="0" bev="0" fileid="160" />
                <SequencePoint vc="11" uspid="6115" ordinal="3" offset="24" sl="14" sc="9" el="14" ec="10" bec="0" bev="0" fileid="160" />
              </SequencePoints>
              <BranchPoints />
              <MethodPoint xsi:type="SequencePoint" vc="11" uspid="6112" ordinal="0" offset="0" sl="9" sc="9" el="9" ec="48" bec="0" bev="0" fileid="160" />
            </Method>
            <Method visited="false" cyclomaticComplexity="2" nPathComplexity="2" sequenceCoverage="0" branchCoverage="0" crapScore="6" isConstructor="false" isStatic="false" isGetter="false" isSetter="false">
              <Summary numSequencePoints="1" visitedSequencePoints="0" numBranchPoints="3" visitedBranchPoints="0" sequenceCoverage="0" branchCoverage="0" maxCyclomaticComplexity="2" minCyclomaticComplexity="2" maxCrapScore="6" minCrapScore="6" visitedClasses="0" numClasses="0" visitedMethods="0" numMethods="1" />
              <MetadataToken>100663964</MetadataToken>
              <Name>System.String Humanizer.Localisation.CollectionFormatters.DefaultCollectionFormatter::Humanize(System.Collections.Generic.IEnumerable`1&lt;T&gt;)</Name>
              <FileRef uid="160" />
              <SequencePoints>
                <SequencePoint vc="0" uspid="6116" ordinal="0" offset="0" sl="18" sc="13" el="18" ec="79" bec="2" bev="0" fileid="160" />
              </SequencePoints>
              <BranchPoints>
                <BranchPoint vc="0" uspid="6117" ordinal="0" offset="8" sl="18" path="0" offsetend="10" fileid="160" />
                <BranchPoint vc="0" uspid="6118" ordinal="1" offset="8" sl="18" path="1" offsetend="33" fileid="160" />
              </BranchPoints>
              <MethodPoint xsi:type="SequencePoint" vc="0" uspid="6116" ordinal="0" offset="0" sl="18" sc="13" el="18" ec="79" bec="2" bev="0" fileid="160" />
            </Method>
            <Method visited="false" cyclomaticComplexity="1" nPathComplexity="0" sequenceCoverage="0" branchCoverage="0" crapScore="2" isConstructor="false" isStatic="false" isGetter="false" isSetter="false">
              <Summary numSequencePoints="1" visitedSequencePoints="0" numBranchPoints="1" visitedBranchPoints="0" sequenceCoverage="0" branchCoverage="0" maxCyclomaticComplexity="1" minCyclomaticComplexity="1" maxCrapScore="2" minCrapScore="2" visitedClasses="0" numClasses="0" visitedMethods="0" numMethods="1" />
              <MetadataToken>100663965</MetadataToken>
              <Name>System.String Humanizer.Localisation.CollectionFormatters.DefaultCollectionFormatter::Humanize(System.Collections.Generic.IEnumerable`1&lt;T&gt;,System.Func`2&lt;T,System.String&gt;)</Name>
              <FileRef uid="160" />
              <SequencePoints>
                <SequencePoint vc="0" uspid="6119" ordinal="0" offset="0" sl="23" sc="13" el="23" ec="76" bec="0" bev="0" fileid="160" />
              </SequencePoints>
              <BranchPoints />
              <MethodPoint xsi:type="SequencePoint" vc="0" uspid="6119" ordinal="0" offset="0" sl="23" sc="13" el="23" ec="76" bec="0" bev="0" fileid="160" />
            </Method>
            <Method visited="false" cyclomaticComplexity="1" nPathComplexity="0" sequenceCoverage="0" branchCoverage="0" crapScore="2" isConstructor="false" isStatic="false" isGetter="false" isSetter="false">
              <Summary numSequencePoints="1" visitedSequencePoints="0" numBranchPoints="1" visitedBranchPoints="0" sequenceCoverage="0" branchCoverage="0" maxCyclomaticComplexity="1" minCyclomaticComplexity="1" maxCrapScore="2" minCrapScore="2" visitedClasses="0" numClasses="0" visitedMethods="0" numMethods="1" />
              <MetadataToken>100663966</MetadataToken>
              <Name>System.String Humanizer.Localisation.CollectionFormatters.DefaultCollectionFormatter::Humanize(System.Collections.Generic.IEnumerable`1&lt;T&gt;,System.Func`2&lt;T,System.Object&gt;)</Name>
              <FileRef uid="160" />
              <SequencePoints>
                <SequencePoint vc="0" uspid="6120" ordinal="0" offset="0" sl="28" sc="13" el="28" ec="76" bec="0" bev="0" fileid="160" />
              </SequencePoints>
              <BranchPoints />
              <MethodPoint xsi:type="SequencePoint" vc="0" uspid="6120" ordinal="0" offset="0" sl="28" sc="13" el="28" ec="76" bec="0" bev="0" fileid="160" />
            </Method>
            <Method visited="false" cyclomaticComplexity="2" nPathComplexity="2" sequenceCoverage="0" branchCoverage="0" crapScore="6" isConstructor="false" isStatic="false" isGetter="false" isSetter="false">
              <Summary numSequencePoints="1" visitedSequencePoints="0" numBranchPoints="3" visitedBranchPoints="0" sequenceCoverage="0" branchCoverage="0" maxCyclomaticComplexity="2" minCyclomaticComplexity="2" maxCrapScore="6" minCrapScore="6" visitedClasses="0" numClasses="0" visitedMethods="0" numMethods="1" />
              <MetadataToken>100663967</MetadataToken>
              <Name>System.String Humanizer.Localisation.CollectionFormatters.DefaultCollectionFormatter::Humanize(System.Collections.Generic.IEnumerable`1&lt;T&gt;,System.String)</Name>
              <FileRef uid="160" />
              <SequencePoints>
                <SequencePoint vc="0" uspid="6121" ordinal="0" offset="0" sl="33" sc="13" el="33" ec="72" bec="2" bev="0" fileid="160" />
              </SequencePoints>
              <BranchPoints>
                <BranchPoint vc="0" uspid="6122" ordinal="0" offset="8" sl="33" path="0" offsetend="10" fileid="160" />
                <BranchPoint vc="0" uspid="6123" ordinal="1" offset="8" sl="33" path="1" offsetend="33" fileid="160" />
              </BranchPoints>
              <MethodPoint xsi:type="SequencePoint" vc="0" uspid="6121" ordinal="0" offset="0" sl="33" sc="13" el="33" ec="72" bec="2" bev="0" fileid="160" />
            </Method>
            <Method visited="false" cyclomaticComplexity="3" nPathComplexity="4" sequenceCoverage="0" branchCoverage="0" crapScore="12" isConstructor="false" isStatic="false" isGetter="false" isSetter="false">
              <Summary numSequencePoints="5" visitedSequencePoints="0" numBranchPoints="5" visitedBranchPoints="0" sequenceCoverage="0" branchCoverage="0" maxCyclomaticComplexity="3" minCyclomaticComplexity="3" maxCrapScore="12" minCrapScore="12" visitedClasses="0" numClasses="0" visitedMethods="0" numMethods="1" />
              <MetadataToken>100663968</MetadataToken>
              <Name>System.String Humanizer.Localisation.CollectionFormatters.DefaultCollectionFormatter::Humanize(System.Collections.Generic.IEnumerable`1&lt;T&gt;,System.Func`2&lt;T,System.String&gt;,System.String)</Name>
              <FileRef uid="160" />
              <SequencePoints>
                <SequencePoint vc="0" uspid="6124" ordinal="0" offset="0" sl="38" sc="13" el="38" ec="36" bec="2" bev="0" fileid="160" />
                <SequencePoint vc="0" uspid="6125" ordinal="1" offset="3" sl="40" sc="17" el="40" ec="69" bec="0" bev="0" fileid="160" />
                <SequencePoint vc="0" uspid="6126" ordinal="2" offset="14" sl="43" sc="13" el="43" ec="41" bec="2" bev="0" fileid="160" />
                <SequencePoint vc="0" uspid="6127" ordinal="3" offset="17" sl="45" sc="17" el="45" ec="74" bec="0" bev="0" fileid="160" />
                <SequencePoint vc="0" uspid="6128" ordinal="4" offset="28" sl="48" sc="13" el="50" ec="28" bec="0" bev="0" fileid="160" />
              </SequencePoints>
              <BranchPoints>
                <BranchPoint vc="0" uspid="6129" ordinal="0" offset="1" sl="38" path="0" offsetend="3" fileid="160" />
                <BranchPoint vc="0" uspid="6130" ordinal="1" offset="1" sl="38" path="1" offsetend="14" fileid="160" />
                <BranchPoint vc="0" uspid="6131" ordinal="2" offset="15" sl="43" path="0" offsetend="17" fileid="160" />
                <BranchPoint vc="0" uspid="6132" ordinal="3" offset="15" sl="43" path="1" offsetend="28" fileid="160" />
              </BranchPoints>
              <MethodPoint xsi:type="SequencePoint" vc="0" uspid="6124" ordinal="0" offset="0" sl="38" sc="13" el="38" ec="36" bec="2" bev="0" fileid="160" />
            </Method>
            <Method visited="false" cyclomaticComplexity="4" nPathComplexity="8" sequenceCoverage="0" branchCoverage="0" crapScore="20" isConstructor="false" isStatic="false" isGetter="false" isSetter="false">
              <Summary numSequencePoints="5" visitedSequencePoints="0" numBranchPoints="7" visitedBranchPoints="0" sequenceCoverage="0" branchCoverage="0" maxCyclomaticComplexity="4" minCyclomaticComplexity="4" maxCrapScore="20" minCrapScore="20" visitedClasses="0" numClasses="0" visitedMethods="0" numMethods="1" />
              <MetadataToken>100663969</MetadataToken>
              <Name>System.String Humanizer.Localisation.CollectionFormatters.DefaultCollectionFormatter::Humanize(System.Collections.Generic.IEnumerable`1&lt;T&gt;,System.Func`2&lt;T,System.Object&gt;,System.String)</Name>
              <FileRef uid="160" />
              <SequencePoints>
                <SequencePoint vc="0" uspid="6133" ordinal="0" offset="0" sl="55" sc="13" el="55" ec="36" bec="2" bev="0" fileid="160" />
                <SequencePoint vc="0" uspid="6134" ordinal="1" offset="3" sl="57" sc="17" el="57" ec="69" bec="0" bev="0" fileid="160" />
                <SequencePoint vc="0" uspid="6135" ordinal="2" offset="14" sl="60" sc="13" el="60" ec="41" bec="2" bev="0" fileid="160" />
                <SequencePoint vc="0" uspid="6136" ordinal="3" offset="17" sl="62" sc="17" el="62" ec="74" bec="0" bev="0" fileid="160" />
                <SequencePoint vc="0" uspid="6137" ordinal="4" offset="28" sl="65" sc="13" el="67" ec="28" bec="2" bev="0" fileid="160" />
              </SequencePoints>
              <BranchPoints>
                <BranchPoint vc="0" uspid="6138" ordinal="0" offset="1" sl="55" path="0" offsetend="3" fileid="160" />
                <BranchPoint vc="0" uspid="6139" ordinal="1" offset="1" sl="55" path="1" offsetend="14" fileid="160" />
                <BranchPoint vc="0" uspid="6140" ordinal="2" offset="15" sl="60" path="0" offsetend="17" fileid="160" />
                <BranchPoint vc="0" uspid="6141" ordinal="3" offset="15" sl="60" path="1" offsetend="28" fileid="160" />
                <BranchPoint vc="0" uspid="6142" ordinal="4" offset="42" sl="65" path="0" offsetend="44" fileid="160" />
                <BranchPoint vc="0" uspid="6143" ordinal="5" offset="42" sl="65" path="1" offsetend="67" fileid="160" />
              </BranchPoints>
              <MethodPoint xsi:type="SequencePoint" vc="0" uspid="6133" ordinal="0" offset="0" sl="55" sc="13" el="55" ec="36" bec="2" bev="0" fileid="160" />
            </Method>
            <Method visited="false" cyclomaticComplexity="5" nPathComplexity="16" sequenceCoverage="0" branchCoverage="0" crapScore="30" isConstructor="false" isStatic="false" isGetter="false" isSetter="false">
              <Summary numSequencePoints="9" visitedSequencePoints="0" numBranchPoints="9" visitedBranchPoints="0" sequenceCoverage="0" branchCoverage="0" maxCyclomaticComplexity="5" minCyclomaticComplexity="5" maxCrapScore="30" minCrapScore="30" visitedClasses="0" numClasses="0" visitedMethods="0" numMethods="1" />
              <MetadataToken>100663970</MetadataToken>
              <Name>System.String Humanizer.Localisation.CollectionFormatters.DefaultCollectionFormatter::HumanizeDisplayStrings(System.Collections.Generic.IEnumerable`1&lt;System.String&gt;,System.String)</Name>
              <FileRef uid="160" />
              <SequencePoints>
                <SequencePoint vc="0" uspid="6144" ordinal="0" offset="0" sl="72" sc="13" el="75" ec="28" bec="4" bev="0" fileid="160" />
                <SequencePoint vc="0" uspid="6145" ordinal="1" offset="79" sl="77" sc="13" el="77" ec="43" bec="0" bev="0" fileid="160" />
                <SequencePoint vc="0" uspid="6146" ordinal="2" offset="83" sl="79" sc="13" el="79" ec="28" bec="2" bev="0" fileid="160" />
                <SequencePoint vc="0" uspid="6147" ordinal="3" offset="86" sl="81" sc="17" el="81" ec="27" bec="0" bev="0" fileid="160" />
                <SequencePoint vc="0" uspid="6148" ordinal="4" offset="92" sl="84" sc="13" el="84" ec="28" bec="2" bev="0" fileid="160" />
                <SequencePoint vc="0" uspid="6149" ordinal="5" offset="96" sl="86" sc="17" el="86" ec="38" bec="0" bev="0" fileid="160" />
                <SequencePoint vc="0" uspid="6150" ordinal="6" offset="100" sl="89" sc="13" el="89" ec="62" bec="0" bev="0" fileid="160" />
                <SequencePoint vc="0" uspid="6151" ordinal="7" offset="110" sl="90" sc="13" el="90" ec="63" bec="0" bev="0" fileid="160" />
                <SequencePoint vc="0" uspid="6152" ordinal="8" offset="125" sl="92" sc="13" el="95" ec="27" bec="0" bev="0" fileid="160" />
              </SequencePoints>
              <BranchPoints>
                <BranchPoint vc="0" uspid="6153" ordinal="0" offset="7" sl="72" path="0" offsetend="9" fileid="160" />
                <BranchPoint vc="0" uspid="6154" ordinal="1" offset="7" sl="72" path="1" offsetend="32" fileid="160" />
                <BranchPoint vc="0" uspid="6155" ordinal="2" offset="43" sl="72" path="0" offsetend="45" fileid="160" />
                <BranchPoint vc="0" uspid="6156" ordinal="3" offset="43" sl="72" path="1" offsetend="68" fileid="160" />
                <BranchPoint vc="0" uspid="6157" ordinal="4" offset="84" sl="79" path="0" offsetend="86" fileid="160" />
                <BranchPoint vc="0" uspid="6158" ordinal="5" offset="84" sl="79" path="1" offsetend="92" fileid="160" />
                <BranchPoint vc="0" uspid="6159" ordinal="6" offset="94" sl="84" path="0" offsetend="96" fileid="160" />
                <BranchPoint vc="0" uspid="6160" ordinal="7" offset="94" sl="84" path="1" offsetend="100" fileid="160" />
              </BranchPoints>
              <MethodPoint xsi:type="SequencePoint" vc="0" uspid="6144" ordinal="0" offset="0" sl="72" sc="13" el="75" ec="28" bec="4" bev="0" fileid="160" />
            </Method>
            <Method visited="false" cyclomaticComplexity="1" nPathComplexity="0" sequenceCoverage="0" branchCoverage="0" crapScore="2" isConstructor="false" isStatic="false" isGetter="false" isSetter="false">
              <Summary numSequencePoints="1" visitedSequencePoints="0" numBranchPoints="1" visitedBranchPoints="0" sequenceCoverage="0" branchCoverage="0" maxCyclomaticComplexity="1" minCyclomaticComplexity="1" maxCrapScore="2" minCrapScore="2" visitedClasses="0" numClasses="0" visitedMethods="0" numMethods="1" />
              <MetadataToken>100663971</MetadataToken>
              <Name>System.String Humanizer.Localisation.CollectionFormatters.DefaultCollectionFormatter::GetConjunctionFormatString(System.Int32)</Name>
              <FileRef uid="160" />
              <SequencePoints>
                <SequencePoint vc="0" uspid="6161" ordinal="0" offset="0" sl="98" sc="79" el="98" ec="92" bec="0" bev="0" fileid="160" />
              </SequencePoints>
              <BranchPoints />
              <MethodPoint xsi:type="SequencePoint" vc="0" uspid="6161" ordinal="0" offset="0" sl="98" sc="79" el="98" ec="92" bec="0" bev="0" fileid="160" />
            </Method>
          </Methods>
        </Class>
        <Class>
          <Summary numSequencePoints="1" visitedSequencePoints="0" numBranchPoints="3" visitedBranchPoints="0" sequenceCoverage="0" branchCoverage="0" maxCyclomaticComplexity="2" minCyclomaticComplexity="1" maxCrapScore="6" minCrapScore="2" visitedClasses="0" numClasses="1" visitedMethods="0" numMethods="1" />
          <FullName>Humanizer.Localisation.CollectionFormatters.DefaultCollectionFormatter/&lt;&gt;c__2`1</FullName>
          <Methods>
            <Method visited="false" cyclomaticComplexity="1" nPathComplexity="0" sequenceCoverage="0" branchCoverage="0" crapScore="2" isConstructor="true" isStatic="true" isGetter="false" isSetter="false">
              <Summary numSequencePoints="0" visitedSequencePoints="0" numBranchPoints="0" visitedBranchPoints="0" sequenceCoverage="0" branchCoverage="0" maxCyclomaticComplexity="1" minCyclomaticComplexity="1" maxCrapScore="2" minCrapScore="2" visitedClasses="0" numClasses="0" visitedMethods="0" numMethods="0" />
              <MetadataToken>100664693</MetadataToken>
              <Name>System.Void Humanizer.Localisation.CollectionFormatters.DefaultCollectionFormatter/&lt;&gt;c__2`1::.cctor()</Name>
              <SequencePoints />
              <BranchPoints />
              <MethodPoint vc="0" uspid="6162" ordinal="0" offset="0" />
            </Method>
            <Method visited="false" cyclomaticComplexity="1" nPathComplexity="0" sequenceCoverage="0" branchCoverage="0" crapScore="2" isConstructor="true" isStatic="false" isGetter="false" isSetter="false">
              <Summary numSequencePoints="0" visitedSequencePoints="0" numBranchPoints="0" visitedBranchPoints="0" sequenceCoverage="0" branchCoverage="0" maxCyclomaticComplexity="1" minCyclomaticComplexity="1" maxCrapScore="2" minCrapScore="2" visitedClasses="0" numClasses="0" visitedMethods="0" numMethods="0" />
              <MetadataToken>100664694</MetadataToken>
              <Name>System.Void Humanizer.Localisation.CollectionFormatters.DefaultCollectionFormatter/&lt;&gt;c__2`1::.ctor()</Name>
              <SequencePoints />
              <BranchPoints />
              <MethodPoint vc="0" uspid="6163" ordinal="0" offset="0" />
            </Method>
            <Method visited="false" cyclomaticComplexity="2" nPathComplexity="2" sequenceCoverage="0" branchCoverage="0" crapScore="6" isConstructor="false" isStatic="false" isGetter="false" isSetter="false">
              <Summary numSequencePoints="1" visitedSequencePoints="0" numBranchPoints="3" visitedBranchPoints="0" sequenceCoverage="0" branchCoverage="0" maxCyclomaticComplexity="2" minCyclomaticComplexity="2" maxCrapScore="6" minCrapScore="6" visitedClasses="0" numClasses="0" visitedMethods="0" numMethods="1" />
              <MetadataToken>100664695</MetadataToken>
              <Name>System.String Humanizer.Localisation.CollectionFormatters.DefaultCollectionFormatter/&lt;&gt;c__2`1::&lt;Humanize&gt;b__2_0(T)</Name>
              <FileRef uid="160" />
              <SequencePoints>
                <SequencePoint vc="0" uspid="6164" ordinal="0" offset="0" sl="18" sc="46" el="18" ec="59" bec="2" bev="0" fileid="160" />
              </SequencePoints>
              <BranchPoints>
                <BranchPoint vc="0" uspid="6165" ordinal="0" offset="6" sl="18" path="0" offsetend="8" fileid="160" />
                <BranchPoint vc="0" uspid="6166" ordinal="1" offset="6" sl="18" path="1" offsetend="10" fileid="160" />
              </BranchPoints>
              <MethodPoint xsi:type="SequencePoint" vc="0" uspid="6164" ordinal="0" offset="0" sl="18" sc="46" el="18" ec="59" bec="2" bev="0" fileid="160" />
            </Method>
          </Methods>
        </Class>
        <Class>
          <Summary numSequencePoints="1" visitedSequencePoints="0" numBranchPoints="3" visitedBranchPoints="0" sequenceCoverage="0" branchCoverage="0" maxCyclomaticComplexity="2" minCyclomaticComplexity="1" maxCrapScore="6" minCrapScore="2" visitedClasses="0" numClasses="1" visitedMethods="0" numMethods="1" />
          <FullName>Humanizer.Localisation.CollectionFormatters.DefaultCollectionFormatter/&lt;&gt;c__5`1</FullName>
          <Methods>
            <Method visited="false" cyclomaticComplexity="1" nPathComplexity="0" sequenceCoverage="0" branchCoverage="0" crapScore="2" isConstructor="true" isStatic="true" isGetter="false" isSetter="false">
              <Summary numSequencePoints="0" visitedSequencePoints="0" numBranchPoints="0" visitedBranchPoints="0" sequenceCoverage="0" branchCoverage="0" maxCyclomaticComplexity="1" minCyclomaticComplexity="1" maxCrapScore="2" minCrapScore="2" visitedClasses="0" numClasses="0" visitedMethods="0" numMethods="0" />
              <MetadataToken>100664696</MetadataToken>
              <Name>System.Void Humanizer.Localisation.CollectionFormatters.DefaultCollectionFormatter/&lt;&gt;c__5`1::.cctor()</Name>
              <SequencePoints />
              <BranchPoints />
              <MethodPoint vc="0" uspid="6167" ordinal="0" offset="0" />
            </Method>
            <Method visited="false" cyclomaticComplexity="1" nPathComplexity="0" sequenceCoverage="0" branchCoverage="0" crapScore="2" isConstructor="true" isStatic="false" isGetter="false" isSetter="false">
              <Summary numSequencePoints="0" visitedSequencePoints="0" numBranchPoints="0" visitedBranchPoints="0" sequenceCoverage="0" branchCoverage="0" maxCyclomaticComplexity="1" minCyclomaticComplexity="1" maxCrapScore="2" minCrapScore="2" visitedClasses="0" numClasses="0" visitedMethods="0" numMethods="0" />
              <MetadataToken>100664697</MetadataToken>
              <Name>System.Void Humanizer.Localisation.CollectionFormatters.DefaultCollectionFormatter/&lt;&gt;c__5`1::.ctor()</Name>
              <SequencePoints />
              <BranchPoints />
              <MethodPoint vc="0" uspid="6168" ordinal="0" offset="0" />
            </Method>
            <Method visited="false" cyclomaticComplexity="2" nPathComplexity="2" sequenceCoverage="0" branchCoverage="0" crapScore="6" isConstructor="false" isStatic="false" isGetter="false" isSetter="false">
              <Summary numSequencePoints="1" visitedSequencePoints="0" numBranchPoints="3" visitedBranchPoints="0" sequenceCoverage="0" branchCoverage="0" maxCyclomaticComplexity="2" minCyclomaticComplexity="2" maxCrapScore="6" minCrapScore="6" visitedClasses="0" numClasses="0" visitedMethods="0" numMethods="1" />
              <MetadataToken>100664698</MetadataToken>
              <Name>System.String Humanizer.Localisation.CollectionFormatters.DefaultCollectionFormatter/&lt;&gt;c__5`1::&lt;Humanize&gt;b__5_0(T)</Name>
              <FileRef uid="160" />
              <SequencePoints>
                <SequencePoint vc="0" uspid="6169" ordinal="0" offset="0" sl="33" sc="46" el="33" ec="59" bec="2" bev="0" fileid="160" />
              </SequencePoints>
              <BranchPoints>
                <BranchPoint vc="0" uspid="6170" ordinal="0" offset="6" sl="33" path="0" offsetend="8" fileid="160" />
                <BranchPoint vc="0" uspid="6171" ordinal="1" offset="6" sl="33" path="1" offsetend="10" fileid="160" />
              </BranchPoints>
              <MethodPoint xsi:type="SequencePoint" vc="0" uspid="6169" ordinal="0" offset="0" sl="33" sc="46" el="33" ec="59" bec="2" bev="0" fileid="160" />
            </Method>
          </Methods>
        </Class>
        <Class>
          <Summary numSequencePoints="1" visitedSequencePoints="0" numBranchPoints="3" visitedBranchPoints="0" sequenceCoverage="0" branchCoverage="0" maxCyclomaticComplexity="2" minCyclomaticComplexity="1" maxCrapScore="6" minCrapScore="2" visitedClasses="0" numClasses="1" visitedMethods="0" numMethods="1" />
          <FullName>Humanizer.Localisation.CollectionFormatters.DefaultCollectionFormatter/&lt;&gt;c__7`1</FullName>
          <Methods>
            <Method visited="false" cyclomaticComplexity="1" nPathComplexity="0" sequenceCoverage="0" branchCoverage="0" crapScore="2" isConstructor="true" isStatic="true" isGetter="false" isSetter="false">
              <Summary numSequencePoints="0" visitedSequencePoints="0" numBranchPoints="0" visitedBranchPoints="0" sequenceCoverage="0" branchCoverage="0" maxCyclomaticComplexity="1" minCyclomaticComplexity="1" maxCrapScore="2" minCrapScore="2" visitedClasses="0" numClasses="0" visitedMethods="0" numMethods="0" />
              <MetadataToken>100664699</MetadataToken>
              <Name>System.Void Humanizer.Localisation.CollectionFormatters.DefaultCollectionFormatter/&lt;&gt;c__7`1::.cctor()</Name>
              <SequencePoints />
              <BranchPoints />
              <MethodPoint vc="0" uspid="6172" ordinal="0" offset="0" />
            </Method>
            <Method visited="false" cyclomaticComplexity="1" nPathComplexity="0" sequenceCoverage="0" branchCoverage="0" crapScore="2" isConstructor="true" isStatic="false" isGetter="false" isSetter="false">
              <Summary numSequencePoints="0" visitedSequencePoints="0" numBranchPoints="0" visitedBranchPoints="0" sequenceCoverage="0" branchCoverage="0" maxCyclomaticComplexity="1" minCyclomaticComplexity="1" maxCrapScore="2" minCrapScore="2" visitedClasses="0" numClasses="0" visitedMethods="0" numMethods="0" />
              <MetadataToken>100664700</MetadataToken>
              <Name>System.Void Humanizer.Localisation.CollectionFormatters.DefaultCollectionFormatter/&lt;&gt;c__7`1::.ctor()</Name>
              <SequencePoints />
              <BranchPoints />
              <MethodPoint vc="0" uspid="6173" ordinal="0" offset="0" />
            </Method>
            <Method visited="false" cyclomaticComplexity="2" nPathComplexity="2" sequenceCoverage="0" branchCoverage="0" crapScore="6" isConstructor="false" isStatic="false" isGetter="false" isSetter="false">
              <Summary numSequencePoints="1" visitedSequencePoints="0" numBranchPoints="3" visitedBranchPoints="0" sequenceCoverage="0" branchCoverage="0" maxCyclomaticComplexity="2" minCyclomaticComplexity="2" maxCrapScore="6" minCrapScore="6" visitedClasses="0" numClasses="0" visitedMethods="0" numMethods="1" />
              <MetadataToken>100664701</MetadataToken>
              <Name>System.String Humanizer.Localisation.CollectionFormatters.DefaultCollectionFormatter/&lt;&gt;c__7`1::&lt;Humanize&gt;b__7_0(System.Object)</Name>
              <FileRef uid="160" />
              <SequencePoints>
                <SequencePoint vc="0" uspid="6174" ordinal="0" offset="0" sl="66" sc="64" el="66" ec="77" bec="2" bev="0" fileid="160" />
              </SequencePoints>
              <BranchPoints>
                <BranchPoint vc="0" uspid="6175" ordinal="0" offset="1" sl="66" path="0" offsetend="3" fileid="160" />
                <BranchPoint vc="0" uspid="6176" ordinal="1" offset="1" sl="66" path="1" offsetend="5" fileid="160" />
              </BranchPoints>
              <MethodPoint xsi:type="SequencePoint" vc="0" uspid="6174" ordinal="0" offset="0" sl="66" sc="64" el="66" ec="77" bec="2" bev="0" fileid="160" />
            </Method>
          </Methods>
        </Class>
        <Class>
          <Summary numSequencePoints="2" visitedSequencePoints="0" numBranchPoints="4" visitedBranchPoints="0" sequenceCoverage="0" branchCoverage="0" maxCyclomaticComplexity="2" minCyclomaticComplexity="1" maxCrapScore="6" minCrapScore="2" visitedClasses="0" numClasses="1" visitedMethods="0" numMethods="2" />
          <FullName>Humanizer.Localisation.CollectionFormatters.DefaultCollectionFormatter/&lt;&gt;c</FullName>
          <Methods>
            <Method visited="false" cyclomaticComplexity="1" nPathComplexity="0" sequenceCoverage="0" branchCoverage="0" crapScore="2" isConstructor="true" isStatic="true" isGetter="false" isSetter="false">
              <Summary numSequencePoints="0" visitedSequencePoints="0" numBranchPoints="0" visitedBranchPoints="0" sequenceCoverage="0" branchCoverage="0" maxCyclomaticComplexity="1" minCyclomaticComplexity="1" maxCrapScore="2" minCrapScore="2" visitedClasses="0" numClasses="0" visitedMethods="0" numMethods="0" />
              <MetadataToken>100664702</MetadataToken>
              <Name>System.Void Humanizer.Localisation.CollectionFormatters.DefaultCollectionFormatter/&lt;&gt;c::.cctor()</Name>
              <SequencePoints />
              <BranchPoints />
              <MethodPoint vc="0" uspid="6177" ordinal="0" offset="0" />
            </Method>
            <Method visited="false" cyclomaticComplexity="1" nPathComplexity="0" sequenceCoverage="0" branchCoverage="0" crapScore="2" isConstructor="true" isStatic="false" isGetter="false" isSetter="false">
              <Summary numSequencePoints="0" visitedSequencePoints="0" numBranchPoints="0" visitedBranchPoints="0" sequenceCoverage="0" branchCoverage="0" maxCyclomaticComplexity="1" minCyclomaticComplexity="1" maxCrapScore="2" minCrapScore="2" visitedClasses="0" numClasses="0" visitedMethods="0" numMethods="0" />
              <MetadataToken>100664703</MetadataToken>
              <Name>System.Void Humanizer.Localisation.CollectionFormatters.DefaultCollectionFormatter/&lt;&gt;c::.ctor()</Name>
              <SequencePoints />
              <BranchPoints />
              <MethodPoint vc="0" uspid="6178" ordinal="0" offset="0" />
            </Method>
            <Method visited="false" cyclomaticComplexity="2" nPathComplexity="2" sequenceCoverage="0" branchCoverage="0" crapScore="6" isConstructor="false" isStatic="false" isGetter="false" isSetter="false">
              <Summary numSequencePoints="1" visitedSequencePoints="0" numBranchPoints="3" visitedBranchPoints="0" sequenceCoverage="0" branchCoverage="0" maxCyclomaticComplexity="2" minCyclomaticComplexity="2" maxCrapScore="6" minCrapScore="6" visitedClasses="0" numClasses="0" visitedMethods="0" numMethods="1" />
              <MetadataToken>100664704</MetadataToken>
              <Name>System.String Humanizer.Localisation.CollectionFormatters.DefaultCollectionFormatter/&lt;&gt;c::&lt;HumanizeDisplayStrings&gt;b__8_0(System.String)</Name>
              <FileRef uid="160" />
              <SequencePoints>
                <SequencePoint vc="0" uspid="6179" ordinal="0" offset="0" sl="73" sc="33" el="73" ec="74" bec="2" bev="0" fileid="160" />
              </SequencePoints>
              <BranchPoints>
                <BranchPoint vc="0" uspid="6180" ordinal="0" offset="1" sl="73" path="0" offsetend="3" fileid="160" />
                <BranchPoint vc="0" uspid="6181" ordinal="1" offset="1" sl="73" path="1" offsetend="10" fileid="160" />
              </BranchPoints>
              <MethodPoint xsi:type="SequencePoint" vc="0" uspid="6179" ordinal="0" offset="0" sl="73" sc="33" el="73" ec="74" bec="2" bev="0" fileid="160" />
            </Method>
            <Method visited="false" cyclomaticComplexity="1" nPathComplexity="0" sequenceCoverage="0" branchCoverage="0" crapScore="2" isConstructor="false" isStatic="false" isGetter="false" isSetter="false">
              <Summary numSequencePoints="1" visitedSequencePoints="0" numBranchPoints="1" visitedBranchPoints="0" sequenceCoverage="0" branchCoverage="0" maxCyclomaticComplexity="1" minCyclomaticComplexity="1" maxCrapScore="2" minCrapScore="2" visitedClasses="0" numClasses="0" visitedMethods="0" numMethods="1" />
              <MetadataToken>100664705</MetadataToken>
              <Name>System.Boolean Humanizer.Localisation.CollectionFormatters.DefaultCollectionFormatter/&lt;&gt;c::&lt;HumanizeDisplayStrings&gt;b__8_1(System.String)</Name>
              <FileRef uid="160" />
              <SequencePoints>
                <SequencePoint vc="0" uspid="6182" ordinal="0" offset="0" sl="74" sc="32" el="74" ec="64" bec="0" bev="0" fileid="160" />
              </SequencePoints>
              <BranchPoints />
              <MethodPoint xsi:type="SequencePoint" vc="0" uspid="6182" ordinal="0" offset="0" sl="74" sc="32" el="74" ec="64" bec="0" bev="0" fileid="160" />
            </Method>
          </Methods>
        </Class>
        <Class>
          <Summary numSequencePoints="3" visitedSequencePoints="2" numBranchPoints="6" visitedBranchPoints="2" sequenceCoverage="66.67" branchCoverage="33.33" maxCyclomaticComplexity="2" minCyclomaticComplexity="2" maxCrapScore="6" minCrapScore="2" visitedClasses="1" numClasses="1" visitedMethods="1" numMethods="2" />
          <FullName>Humanizer.Localisation.CollectionFormatters.OxfordStyleCollectionFormatter</FullName>
          <Methods>
            <Method visited="true" cyclomaticComplexity="2" nPathComplexity="2" sequenceCoverage="100" branchCoverage="66.67" crapScore="2" isConstructor="true" isStatic="false" isGetter="false" isSetter="false">
              <Summary numSequencePoints="2" visitedSequencePoints="2" numBranchPoints="3" visitedBranchPoints="2" sequenceCoverage="100" branchCoverage="66.67" maxCyclomaticComplexity="2" minCyclomaticComplexity="2" maxCrapScore="2" minCrapScore="2" visitedClasses="0" numClasses="0" visitedMethods="1" numMethods="1" />
              <MetadataToken>100663978</MetadataToken>
              <Name>System.Void Humanizer.Localisation.CollectionFormatters.OxfordStyleCollectionFormatter::.ctor(System.String)</Name>
              <FileRef uid="165" />
              <SequencePoints>
                <SequencePoint vc="1" uspid="6183" ordinal="0" offset="0" sl="6" sc="15" el="6" ec="46" bec="2" bev="1" fileid="165" />
                <SequencePoint vc="1" uspid="6184" ordinal="1" offset="16" sl="8" sc="9" el="8" ec="10" bec="0" bev="0" fileid="165" />
              </SequencePoints>
              <BranchPoints>
                <BranchPoint vc="0" uspid="6185" ordinal="0" offset="3" sl="6" path="0" offsetend="5" fileid="165" />
                <BranchPoint vc="1" uspid="6186" ordinal="1" offset="3" sl="6" path="1" offsetend="11" fileid="165" />
              </BranchPoints>
              <MethodPoint xsi:type="SequencePoint" vc="1" uspid="6183" ordinal="0" offset="0" sl="6" sc="15" el="6" ec="46" bec="2" bev="1" fileid="165" />
            </Method>
            <Method visited="false" cyclomaticComplexity="2" nPathComplexity="2" sequenceCoverage="0" branchCoverage="0" crapScore="6" isConstructor="false" isStatic="false" isGetter="false" isSetter="false">
              <Summary numSequencePoints="1" visitedSequencePoints="0" numBranchPoints="3" visitedBranchPoints="0" sequenceCoverage="0" branchCoverage="0" maxCyclomaticComplexity="2" minCyclomaticComplexity="2" maxCrapScore="6" minCrapScore="6" visitedClasses="0" numClasses="0" visitedMethods="0" numMethods="1" />
              <MetadataToken>100663979</MetadataToken>
              <Name>System.String Humanizer.Localisation.CollectionFormatters.OxfordStyleCollectionFormatter::GetConjunctionFormatString(System.Int32)</Name>
              <FileRef uid="165" />
              <SequencePoints>
                <SequencePoint vc="0" uspid="6187" ordinal="0" offset="0" sl="10" sc="80" el="10" ec="126" bec="2" bev="0" fileid="165" />
              </SequencePoints>
              <BranchPoints>
                <BranchPoint vc="0" uspid="6188" ordinal="0" offset="2" sl="10" path="0" offsetend="4" fileid="165" />
                <BranchPoint vc="0" uspid="6189" ordinal="1" offset="2" sl="10" path="1" offsetend="10" fileid="165" />
              </BranchPoints>
              <MethodPoint xsi:type="SequencePoint" vc="0" uspid="6187" ordinal="0" offset="0" sl="10" sc="80" el="10" ec="126" bec="2" bev="0" fileid="165" />
            </Method>
          </Methods>
        </Class>
        <Class>
          <Summary numSequencePoints="112" visitedSequencePoints="0" numBranchPoints="3" visitedBranchPoints="0" sequenceCoverage="0" branchCoverage="0" maxCyclomaticComplexity="1" minCyclomaticComplexity="1" maxCrapScore="2" minCrapScore="2" visitedClasses="0" numClasses="1" visitedMethods="0" numMethods="3" />
          <FullName>Humanizer.Inflections.Vocabularies</FullName>
          <Methods>
            <Method visited="false" cyclomaticComplexity="1" nPathComplexity="0" sequenceCoverage="0" branchCoverage="0" crapScore="2" isConstructor="false" isStatic="true" isGetter="true" isSetter="false">
              <Summary numSequencePoints="1" visitedSequencePoints="0" numBranchPoints="1" visitedBranchPoints="0" sequenceCoverage="0" branchCoverage="0" maxCyclomaticComplexity="1" minCyclomaticComplexity="1" maxCrapScore="2" minCrapScore="2" visitedClasses="0" numClasses="0" visitedMethods="0" numMethods="1" />
              <MetadataToken>100663981</MetadataToken>
              <Name>Humanizer.Inflections.Vocabulary Humanizer.Inflections.Vocabularies::get_Default()</Name>
              <FileRef uid="166" />
              <SequencePoints>
                <SequencePoint vc="0" uspid="6190" ordinal="0" offset="0" sl="23" sc="45" el="23" ec="59" bec="0" bev="0" fileid="166" />
              </SequencePoints>
              <BranchPoints />
              <MethodPoint xsi:type="SequencePoint" vc="0" uspid="6190" ordinal="0" offset="0" sl="23" sc="45" el="23" ec="59" bec="0" bev="0" fileid="166" />
            </Method>
            <Method visited="false" cyclomaticComplexity="1" nPathComplexity="0" sequenceCoverage="0" branchCoverage="0" crapScore="2" isConstructor="true" isStatic="true" isGetter="false" isSetter="false">
              <Summary numSequencePoints="2" visitedSequencePoints="0" numBranchPoints="1" visitedBranchPoints="0" sequenceCoverage="0" branchCoverage="0" maxCyclomaticComplexity="1" minCyclomaticComplexity="1" maxCrapScore="2" minCrapScore="2" visitedClasses="0" numClasses="0" visitedMethods="0" numMethods="1" />
              <MetadataToken>100663980</MetadataToken>
              <Name>System.Void Humanizer.Inflections.Vocabularies::.cctor()</Name>
              <FileRef uid="166" />
              <SequencePoints>
                <SequencePoint vc="0" uspid="6191" ordinal="0" offset="0" sl="15" sc="13" el="15" ec="97" bec="0" bev="0" fileid="166" />
                <SequencePoint vc="0" uspid="6192" ordinal="1" offset="23" sl="16" sc="9" el="16" ec="10" bec="0" bev="0" fileid="166" />
              </SequencePoints>
              <BranchPoints />
              <MethodPoint xsi:type="SequencePoint" vc="0" uspid="6191" ordinal="0" offset="0" sl="15" sc="13" el="15" ec="97" bec="0" bev="0" fileid="166" />
            </Method>
            <Method visited="false" cyclomaticComplexity="1" nPathComplexity="0" sequenceCoverage="0" branchCoverage="0" crapScore="2" isConstructor="false" isStatic="true" isGetter="false" isSetter="false">
              <Summary numSequencePoints="109" visitedSequencePoints="0" numBranchPoints="1" visitedBranchPoints="0" sequenceCoverage="0" branchCoverage="0" maxCyclomaticComplexity="1" minCyclomaticComplexity="1" maxCrapScore="2" minCrapScore="2" visitedClasses="0" numClasses="0" visitedMethods="0" numMethods="1" />
              <MetadataToken>100663982</MetadataToken>
              <Name>Humanizer.Inflections.Vocabulary Humanizer.Inflections.Vocabularies::BuildDefault()</Name>
              <FileRef uid="166" />
              <SequencePoints>
                <SequencePoint vc="0" uspid="6193" ordinal="0" offset="0" sl="27" sc="13" el="27" ec="45" bec="0" bev="0" fileid="166" />
                <SequencePoint vc="0" uspid="6194" ordinal="1" offset="5" sl="29" sc="13" el="29" ec="42" bec="0" bev="0" fileid="166" />
                <SequencePoint vc="0" uspid="6195" ordinal="2" offset="21" sl="30" sc="13" el="30" ec="43" bec="0" bev="0" fileid="166" />
                <SequencePoint vc="0" uspid="6196" ordinal="3" offset="37" sl="31" sc="13" el="31" ec="56" bec="0" bev="0" fileid="166" />
                <SequencePoint vc="0" uspid="6197" ordinal="4" offset="53" sl="32" sc="13" el="32" ec="113" bec="0" bev="0" fileid="166" />
                <SequencePoint vc="0" uspid="6198" ordinal="5" offset="69" sl="33" sc="13" el="33" ec="107" bec="0" bev="0" fileid="166" />
                <SequencePoint vc="0" uspid="6199" ordinal="6" offset="85" sl="34" sc="13" el="34" ec="108" bec="0" bev="0" fileid="166" />
                <SequencePoint vc="0" uspid="6200" ordinal="7" offset="101" sl="35" sc="13" el="35" ec="53" bec="0" bev="0" fileid="166" />
                <SequencePoint vc="0" uspid="6201" ordinal="8" offset="117" sl="36" sc="13" el="36" ec="47" bec="0" bev="0" fileid="166" />
                <SequencePoint vc="0" uspid="6202" ordinal="9" offset="133" sl="37" sc="13" el="37" ec="68" bec="0" bev="0" fileid="166" />
                <SequencePoint vc="0" uspid="6203" ordinal="10" offset="149" sl="38" sc="13" el="38" ec="50" bec="0" bev="0" fileid="166" />
                <SequencePoint vc="0" uspid="6204" ordinal="11" offset="165" sl="39" sc="13" el="39" ec="61" bec="0" bev="0" fileid="166" />
                <SequencePoint vc="0" uspid="6205" ordinal="12" offset="181" sl="40" sc="13" el="40" ec="57" bec="0" bev="0" fileid="166" />
                <SequencePoint vc="0" uspid="6206" ordinal="13" offset="197" sl="41" sc="13" el="41" ec="69" bec="0" bev="0" fileid="166" />
                <SequencePoint vc="0" uspid="6207" ordinal="14" offset="213" sl="42" sc="13" el="42" ec="58" bec="0" bev="0" fileid="166" />
                <SequencePoint vc="0" uspid="6208" ordinal="15" offset="229" sl="43" sc="13" el="43" ec="50" bec="0" bev="0" fileid="166" />
                <SequencePoint vc="0" uspid="6209" ordinal="16" offset="245" sl="44" sc="13" el="44" ec="52" bec="0" bev="0" fileid="166" />
                <SequencePoint vc="0" uspid="6210" ordinal="17" offset="261" sl="45" sc="13" el="45" ec="62" bec="0" bev="0" fileid="166" />
                <SequencePoint vc="0" uspid="6211" ordinal="18" offset="277" sl="46" sc="13" el="46" ec="65" bec="0" bev="0" fileid="166" />
                <SequencePoint vc="0" uspid="6212" ordinal="19" offset="293" sl="47" sc="13" el="47" ec="70" bec="0" bev="0" fileid="166" />
                <SequencePoint vc="0" uspid="6213" ordinal="20" offset="309" sl="48" sc="13" el="48" ec="64" bec="0" bev="0" fileid="166" />
                <SequencePoint vc="0" uspid="6214" ordinal="21" offset="325" sl="50" sc="13" el="50" ec="44" bec="0" bev="0" fileid="166" />
                <SequencePoint vc="0" uspid="6215" ordinal="22" offset="341" sl="51" sc="13" el="51" ec="54" bec="0" bev="0" fileid="166" />
                <SequencePoint vc="0" uspid="6216" ordinal="23" offset="357" sl="52" sc="13" el="52" ec="55" bec="0" bev="0" fileid="166" />
                <SequencePoint vc="0" uspid="6217" ordinal="24" offset="373" sl="53" sc="13" el="53" ec="122" bec="0" bev="0" fileid="166" />
                <SequencePoint vc="0" uspid="6218" ordinal="25" offset="389" sl="54" sc="13" el="54" ec="56" bec="0" bev="0" fileid="166" />
                <SequencePoint vc="0" uspid="6219" ordinal="26" offset="405" sl="55" sc="13" el="55" ec="52" bec="0" bev="0" fileid="166" />
                <SequencePoint vc="0" uspid="6220" ordinal="27" offset="421" sl="56" sc="13" el="56" ec="52" bec="0" bev="0" fileid="166" />
                <SequencePoint vc="0" uspid="6221" ordinal="28" offset="437" sl="57" sc="13" el="57" ec="72" bec="0" bev="0" fileid="166" />
                <SequencePoint vc="0" uspid="6222" ordinal="29" offset="453" sl="58" sc="13" el="58" ec="71" bec="0" bev="0" fileid="166" />
                <SequencePoint vc="0" uspid="6223" ordinal="30" offset="469" sl="59" sc="13" el="59" ec="58" bec="0" bev="0" fileid="166" />
                <SequencePoint vc="0" uspid="6224" ordinal="31" offset="485" sl="60" sc="13" el="60" ec="57" bec="0" bev="0" fileid="166" />
                <SequencePoint vc="0" uspid="6225" ordinal="32" offset="501" sl="61" sc="13" el="61" ec="59" bec="0" bev="0" fileid="166" />
                <SequencePoint vc="0" uspid="6226" ordinal="33" offset="517" sl="62" sc="13" el="62" ec="60" bec="0" bev="0" fileid="166" />
                <SequencePoint vc="0" uspid="6227" ordinal="34" offset="533" sl="63" sc="13" el="63" ec="50" bec="0" bev="0" fileid="166" />
                <SequencePoint vc="0" uspid="6228" ordinal="35" offset="549" sl="64" sc="13" el="64" ec="52" bec="0" bev="0" fileid="166" />
                <SequencePoint vc="0" uspid="6229" ordinal="36" offset="565" sl="65" sc="13" el="65" ec="63" bec="0" bev="0" fileid="166" />
                <SequencePoint vc="0" uspid="6230" ordinal="37" offset="581" sl="66" sc="13" el="66" ec="115" bec="0" bev="0" fileid="166" />
                <SequencePoint vc="0" uspid="6231" ordinal="38" offset="597" sl="67" sc="13" el="67" ec="109" bec="0" bev="0" fileid="166" />
                <SequencePoint vc="0" uspid="6232" ordinal="39" offset="613" sl="68" sc="13" el="68" ec="51" bec="0" bev="0" fileid="166" />
                <SequencePoint vc="0" uspid="6233" ordinal="40" offset="629" sl="69" sc="13" el="69" ec="59" bec="0" bev="0" fileid="166" />
                <SequencePoint vc="0" uspid="6234" ordinal="41" offset="645" sl="70" sc="13" el="70" ec="61" bec="0" bev="0" fileid="166" />
                <SequencePoint vc="0" uspid="6235" ordinal="42" offset="661" sl="71" sc="13" el="71" ec="54" bec="0" bev="0" fileid="166" />
                <SequencePoint vc="0" uspid="6236" ordinal="43" offset="677" sl="72" sc="13" el="72" ec="64" bec="0" bev="0" fileid="166" />
                <SequencePoint vc="0" uspid="6237" ordinal="44" offset="693" sl="73" sc="13" el="73" ec="72" bec="0" bev="0" fileid="166" />
                <SequencePoint vc="0" uspid="6238" ordinal="45" offset="709" sl="74" sc="13" el="74" ec="66" bec="0" bev="0" fileid="166" />
                <SequencePoint vc="0" uspid="6239" ordinal="46" offset="725" sl="75" sc="13" el="75" ec="74" bec="0" bev="0" fileid="166" />
                <SequencePoint vc="0" uspid="6240" ordinal="47" offset="741" sl="77" sc="13" el="77" ec="55" bec="0" bev="0" fileid="166" />
                <SequencePoint vc="0" uspid="6241" ordinal="48" offset="758" sl="78" sc="13" el="78" ec="49" bec="0" bev="0" fileid="166" />
                <SequencePoint vc="0" uspid="6242" ordinal="49" offset="775" sl="79" sc="13" el="79" ec="54" bec="0" bev="0" fileid="166" />
                <SequencePoint vc="0" uspid="6243" ordinal="50" offset="792" sl="80" sc="13" el="80" ec="56" bec="0" bev="0" fileid="166" />
                <SequencePoint vc="0" uspid="6244" ordinal="51" offset="809" sl="81" sc="13" el="81" ec="51" bec="0" bev="0" fileid="166" />
                <SequencePoint vc="0" uspid="6245" ordinal="52" offset="826" sl="82" sc="13" el="82" ec="52" bec="0" bev="0" fileid="166" />
                <SequencePoint vc="0" uspid="6246" ordinal="53" offset="843" sl="83" sc="13" el="83" ec="53" bec="0" bev="0" fileid="166" />
                <SequencePoint vc="0" uspid="6247" ordinal="54" offset="860" sl="84" sc="13" el="84" ec="52" bec="0" bev="0" fileid="166" />
                <SequencePoint vc="0" uspid="6248" ordinal="55" offset="877" sl="85" sc="13" el="85" ec="50" bec="0" bev="0" fileid="166" />
                <SequencePoint vc="0" uspid="6249" ordinal="56" offset="894" sl="86" sc="13" el="86" ec="51" bec="0" bev="0" fileid="166" />
                <SequencePoint vc="0" uspid="6250" ordinal="57" offset="911" sl="87" sc="13" el="87" ec="53" bec="0" bev="0" fileid="166" />
                <SequencePoint vc="0" uspid="6251" ordinal="58" offset="928" sl="88" sc="13" el="88" ec="62" bec="0" bev="0" fileid="166" />
                <SequencePoint vc="0" uspid="6252" ordinal="59" offset="945" sl="89" sc="13" el="89" ec="60" bec="0" bev="0" fileid="166" />
                <SequencePoint vc="0" uspid="6253" ordinal="60" offset="962" sl="90" sc="13" el="90" ec="56" bec="0" bev="0" fileid="166" />
                <SequencePoint vc="0" uspid="6254" ordinal="61" offset="979" sl="91" sc="13" el="91" ec="61" bec="0" bev="0" fileid="166" />
                <SequencePoint vc="0" uspid="6255" ordinal="62" offset="996" sl="93" sc="13" el="93" ec="54" bec="0" bev="0" fileid="166" />
                <SequencePoint vc="0" uspid="6256" ordinal="63" offset="1013" sl="95" sc="13" el="95" ec="68" bec="0" bev="0" fileid="166" />
                <SequencePoint vc="0" uspid="6257" ordinal="64" offset="1030" sl="96" sc="13" el="96" ec="72" bec="0" bev="0" fileid="166" />
                <SequencePoint vc="0" uspid="6258" ordinal="65" offset="1047" sl="97" sc="13" el="97" ec="72" bec="0" bev="0" fileid="166" />
                <SequencePoint vc="0" uspid="6259" ordinal="66" offset="1064" sl="98" sc="13" el="98" ec="71" bec="0" bev="0" fileid="166" />
                <SequencePoint vc="0" uspid="6260" ordinal="67" offset="1081" sl="99" sc="5" el="99" ec="65" bec="0" bev="0" fileid="166" />
                <SequencePoint vc="0" uspid="6261" ordinal="68" offset="1098" sl="100" sc="5" el="100" ec="71" bec="0" bev="0" fileid="166" />
                <SequencePoint vc="0" uspid="6262" ordinal="69" offset="1115" sl="102" sc="13" el="102" ec="50" bec="0" bev="0" fileid="166" />
                <SequencePoint vc="0" uspid="6263" ordinal="70" offset="1126" sl="103" sc="13" el="103" ec="52" bec="0" bev="0" fileid="166" />
                <SequencePoint vc="0" uspid="6264" ordinal="71" offset="1137" sl="104" sc="13" el="104" ec="45" bec="0" bev="0" fileid="166" />
                <SequencePoint vc="0" uspid="6265" ordinal="72" offset="1148" sl="105" sc="13" el="105" ec="45" bec="0" bev="0" fileid="166" />
                <SequencePoint vc="0" uspid="6266" ordinal="73" offset="1159" sl="106" sc="13" el="106" ec="45" bec="0" bev="0" fileid="166" />
                <SequencePoint vc="0" uspid="6267" ordinal="74" offset="1170" sl="107" sc="13" el="107" ec="46" bec="0" bev="0" fileid="166" />
                <SequencePoint vc="0" uspid="6268" ordinal="75" offset="1181" sl="108" sc="13" el="108" ec="48" bec="0" bev="0" fileid="166" />
                <SequencePoint vc="0" uspid="6269" ordinal="76" offset="1192" sl="109" sc="13" el="109" ec="47" bec="0" bev="0" fileid="166" />
                <SequencePoint vc="0" uspid="6270" ordinal="77" offset="1203" sl="110" sc="13" el="110" ec="45" bec="0" bev="0" fileid="166" />
                <SequencePoint vc="0" uspid="6271" ordinal="78" offset="1214" sl="111" sc="13" el="111" ec="46" bec="0" bev="0" fileid="166" />
                <SequencePoint vc="0" uspid="6272" ordinal="79" offset="1225" sl="112" sc="13" el="112" ec="45" bec="0" bev="0" fileid="166" />
                <SequencePoint vc="0" uspid="6273" ordinal="80" offset="1236" sl="113" sc="13" el="113" ec="49" bec="0" bev="0" fileid="166" />
                <SequencePoint vc="0" uspid="6274" ordinal="81" offset="1247" sl="114" sc="13" el="114" ec="43" bec="0" bev="0" fileid="166" />
                <SequencePoint vc="0" uspid="6275" ordinal="82" offset="1258" sl="115" sc="13" el="115" ec="44" bec="0" bev="0" fileid="166" />
                <SequencePoint vc="0" uspid="6276" ordinal="83" offset="1269" sl="116" sc="13" el="116" ec="45" bec="0" bev="0" fileid="166" />
                <SequencePoint vc="0" uspid="6277" ordinal="84" offset="1280" sl="117" sc="13" el="117" ec="43" bec="0" bev="0" fileid="166" />
                <SequencePoint vc="0" uspid="6278" ordinal="85" offset="1291" sl="118" sc="13" el="118" ec="42" bec="0" bev="0" fileid="166" />
                <SequencePoint vc="0" uspid="6279" ordinal="86" offset="1302" sl="119" sc="13" el="119" ec="46" bec="0" bev="0" fileid="166" />
                <SequencePoint vc="0" uspid="6280" ordinal="87" offset="1313" sl="120" sc="13" el="120" ec="47" bec="0" bev="0" fileid="166" />
                <SequencePoint vc="0" uspid="6281" ordinal="88" offset="1324" sl="121" sc="13" el="121" ec="46" bec="0" bev="0" fileid="166" />
                <SequencePoint vc="0" uspid="6282" ordinal="89" offset="1335" sl="122" sc="13" el="122" ec="46" bec="0" bev="0" fileid="166" />
                <SequencePoint vc="0" uspid="6283" ordinal="90" offset="1346" sl="123" sc="13" el="123" ec="46" bec="0" bev="0" fileid="166" />
                <SequencePoint vc="0" uspid="6284" ordinal="91" offset="1357" sl="124" sc="13" el="124" ec="46" bec="0" bev="0" fileid="166" />
                <SequencePoint vc="0" uspid="6285" ordinal="92" offset="1368" sl="125" sc="13" el="125" ec="45" bec="0" bev="0" fileid="166" />
                <SequencePoint vc="0" uspid="6286" ordinal="93" offset="1379" sl="126" sc="13" el="126" ec="44" bec="0" bev="0" fileid="166" />
                <SequencePoint vc="0" uspid="6287" ordinal="94" offset="1390" sl="127" sc="13" el="127" ec="44" bec="0" bev="0" fileid="166" />
                <SequencePoint vc="0" uspid="6288" ordinal="95" offset="1401" sl="128" sc="13" el="128" ec="48" bec="0" bev="0" fileid="166" />
                <SequencePoint vc="0" uspid="6289" ordinal="96" offset="1412" sl="129" sc="13" el="129" ec="46" bec="0" bev="0" fileid="166" />
                <SequencePoint vc="0" uspid="6290" ordinal="97" offset="1423" sl="130" sc="13" el="130" ec="50" bec="0" bev="0" fileid="166" />
                <SequencePoint vc="0" uspid="6291" ordinal="98" offset="1434" sl="131" sc="13" el="131" ec="47" bec="0" bev="0" fileid="166" />
                <SequencePoint vc="0" uspid="6292" ordinal="99" offset="1445" sl="132" sc="13" el="132" ec="47" bec="0" bev="0" fileid="166" />
                <SequencePoint vc="0" uspid="6293" ordinal="100" offset="1456" sl="133" sc="13" el="133" ec="48" bec="0" bev="0" fileid="166" />
                <SequencePoint vc="0" uspid="6294" ordinal="101" offset="1467" sl="134" sc="13" el="134" ec="46" bec="0" bev="0" fileid="166" />
                <SequencePoint vc="0" uspid="6295" ordinal="102" offset="1478" sl="135" sc="13" el="135" ec="46" bec="0" bev="0" fileid="166" />
                <SequencePoint vc="0" uspid="6296" ordinal="103" offset="1489" sl="136" sc="13" el="136" ec="45" bec="0" bev="0" fileid="166" />
                <SequencePoint vc="0" uspid="6297" ordinal="104" offset="1500" sl="137" sc="13" el="137" ec="46" bec="0" bev="0" fileid="166" />
                <SequencePoint vc="0" uspid="6298" ordinal="105" offset="1511" sl="138" sc="13" el="138" ec="49" bec="0" bev="0" fileid="166" />
                <SequencePoint vc="0" uspid="6299" ordinal="106" offset="1522" sl="139" sc="13" el="139" ec="46" bec="0" bev="0" fileid="166" />
                <SequencePoint vc="0" uspid="6300" ordinal="107" offset="1533" sl="140" sc="13" el="140" ec="45" bec="0" bev="0" fileid="166" />
                <SequencePoint vc="0" uspid="6301" ordinal="108" offset="1544" sl="142" sc="13" el="142" ec="29" bec="0" bev="0" fileid="166" />
              </SequencePoints>
              <BranchPoints />
              <MethodPoint xsi:type="SequencePoint" vc="0" uspid="6193" ordinal="0" offset="0" sl="27" sc="13" el="27" ec="45" bec="0" bev="0" fileid="166" />
            </Method>
          </Methods>
        </Class>
        <Class>
          <Summary numSequencePoints="46" visitedSequencePoints="0" numBranchPoints="49" visitedBranchPoints="0" sequenceCoverage="0" branchCoverage="0" maxCyclomaticComplexity="8" minCyclomaticComplexity="1" maxCrapScore="72" minCrapScore="2" visitedClasses="0" numClasses="1" visitedMethods="0" numMethods="9" />
          <FullName>Humanizer.Inflections.Vocabulary</FullName>
          <Methods>
            <Method visited="false" cyclomaticComplexity="1" nPathComplexity="0" sequenceCoverage="0" branchCoverage="0" crapScore="2" isConstructor="true" isStatic="false" isGetter="false" isSetter="false">
              <Summary numSequencePoints="5" visitedSequencePoints="0" numBranchPoints="1" visitedBranchPoints="0" sequenceCoverage="0" branchCoverage="0" maxCyclomaticComplexity="1" minCyclomaticComplexity="1" maxCrapScore="2" minCrapScore="2" visitedClasses="0" numClasses="0" visitedMethods="0" numMethods="1" />
              <MetadataToken>100663983</MetadataToken>
              <Name>System.Void Humanizer.Inflections.Vocabulary::.ctor()</Name>
              <FileRef uid="167" />
              <SequencePoints>
                <SequencePoint vc="0" uspid="6302" ordinal="0" offset="0" sl="17" sc="9" el="17" ec="65" bec="0" bev="0" fileid="167" />
                <SequencePoint vc="0" uspid="6303" ordinal="1" offset="11" sl="18" sc="9" el="18" ec="67" bec="0" bev="0" fileid="167" />
                <SequencePoint vc="0" uspid="6304" ordinal="2" offset="22" sl="19" sc="9" el="19" ec="74" bec="0" bev="0" fileid="167" />
                <SequencePoint vc="0" uspid="6305" ordinal="3" offset="33" sl="13" sc="9" el="13" ec="30" bec="0" bev="0" fileid="167" />
                <SequencePoint vc="0" uspid="6306" ordinal="4" offset="39" sl="15" sc="9" el="15" ec="10" bec="0" bev="0" fileid="167" />
              </SequencePoints>
              <BranchPoints />
              <MethodPoint xsi:type="SequencePoint" vc="0" uspid="6302" ordinal="0" offset="0" sl="17" sc="9" el="17" ec="65" bec="0" bev="0" fileid="167" />
            </Method>
            <Method visited="false" cyclomaticComplexity="2" nPathComplexity="2" sequenceCoverage="0" branchCoverage="0" crapScore="6" isConstructor="false" isStatic="false" isGetter="false" isSetter="false">
              <Summary numSequencePoints="7" visitedSequencePoints="0" numBranchPoints="3" visitedBranchPoints="0" sequenceCoverage="0" branchCoverage="0" maxCyclomaticComplexity="2" minCyclomaticComplexity="2" maxCrapScore="6" minCrapScore="6" visitedClasses="0" numClasses="0" visitedMethods="0" numMethods="1" />
              <MetadataToken>100663984</MetadataToken>
              <Name>System.Void Humanizer.Inflections.Vocabulary::AddIrregular(System.String,System.String,System.Boolean)</Name>
              <FileRef uid="167" />
              <SequencePoints>
                <SequencePoint vc="0" uspid="6307" ordinal="0" offset="0" sl="29" sc="13" el="29" ec="29" bec="2" bev="0" fileid="167" />
                <SequencePoint vc="0" uspid="6308" ordinal="1" offset="6" sl="31" sc="17" el="31" ec="110" bec="0" bev="0" fileid="167" />
                <SequencePoint vc="0" uspid="6309" ordinal="2" offset="92" sl="32" sc="17" el="32" ec="110" bec="0" bev="0" fileid="167" />
                <SequencePoint vc="0" uspid="6310" ordinal="3" offset="178" sl="33" sc="13" el="33" ec="14" bec="0" bev="0" fileid="167" />
                <SequencePoint vc="0" uspid="6311" ordinal="4" offset="179" sl="36" sc="17" el="36" ec="52" bec="0" bev="0" fileid="167" />
                <SequencePoint vc="0" uspid="6312" ordinal="5" offset="202" sl="37" sc="17" el="37" ec="54" bec="0" bev="0" fileid="167" />
                <SequencePoint vc="0" uspid="6313" ordinal="6" offset="225" sl="39" sc="9" el="39" ec="10" bec="0" bev="0" fileid="167" />
              </SequencePoints>
              <BranchPoints>
                <BranchPoint vc="0" uspid="6314" ordinal="0" offset="1" sl="29" path="0" offsetend="6" fileid="167" />
                <BranchPoint vc="0" uspid="6315" ordinal="1" offset="1" sl="29" path="1" offsetend="179" fileid="167" />
              </BranchPoints>
              <MethodPoint xsi:type="SequencePoint" vc="0" uspid="6307" ordinal="0" offset="0" sl="29" sc="13" el="29" ec="29" bec="2" bev="0" fileid="167" />
            </Method>
            <Method visited="false" cyclomaticComplexity="1" nPathComplexity="0" sequenceCoverage="0" branchCoverage="0" crapScore="2" isConstructor="false" isStatic="false" isGetter="false" isSetter="false">
              <Summary numSequencePoints="2" visitedSequencePoints="0" numBranchPoints="1" visitedBranchPoints="0" sequenceCoverage="0" branchCoverage="0" maxCyclomaticComplexity="1" minCyclomaticComplexity="1" maxCrapScore="2" minCrapScore="2" visitedClasses="0" numClasses="0" visitedMethods="0" numMethods="1" />
              <MetadataToken>100663985</MetadataToken>
              <Name>System.Void Humanizer.Inflections.Vocabulary::AddUncountable(System.String)</Name>
              <FileRef uid="167" />
              <SequencePoints>
                <SequencePoint vc="0" uspid="6316" ordinal="0" offset="0" sl="47" sc="13" el="47" ec="47" bec="0" bev="0" fileid="167" />
                <SequencePoint vc="0" uspid="6317" ordinal="1" offset="17" sl="48" sc="9" el="48" ec="10" bec="0" bev="0" fileid="167" />
              </SequencePoints>
              <BranchPoints />
              <MethodPoint xsi:type="SequencePoint" vc="0" uspid="6316" ordinal="0" offset="0" sl="47" sc="13" el="47" ec="47" bec="0" bev="0" fileid="167" />
            </Method>
            <Method visited="false" cyclomaticComplexity="1" nPathComplexity="0" sequenceCoverage="0" branchCoverage="0" crapScore="2" isConstructor="false" isStatic="false" isGetter="false" isSetter="false">
              <Summary numSequencePoints="2" visitedSequencePoints="0" numBranchPoints="1" visitedBranchPoints="0" sequenceCoverage="0" branchCoverage="0" maxCyclomaticComplexity="1" minCyclomaticComplexity="1" maxCrapScore="2" minCrapScore="2" visitedClasses="0" numClasses="0" visitedMethods="0" numMethods="1" />
              <MetadataToken>100663986</MetadataToken>
              <Name>System.Void Humanizer.Inflections.Vocabulary::AddPlural(System.String,System.String)</Name>
              <FileRef uid="167" />
              <SequencePoints>
                <SequencePoint vc="0" uspid="6318" ordinal="0" offset="0" sl="57" sc="13" el="57" ec="55" bec="0" bev="0" fileid="167" />
                <SequencePoint vc="0" uspid="6319" ordinal="1" offset="18" sl="58" sc="9" el="58" ec="10" bec="0" bev="0" fileid="167" />
              </SequencePoints>
              <BranchPoints />
              <MethodPoint xsi:type="SequencePoint" vc="0" uspid="6318" ordinal="0" offset="0" sl="57" sc="13" el="57" ec="55" bec="0" bev="0" fileid="167" />
            </Method>
            <Method visited="false" cyclomaticComplexity="1" nPathComplexity="0" sequenceCoverage="0" branchCoverage="0" crapScore="2" isConstructor="false" isStatic="false" isGetter="false" isSetter="false">
              <Summary numSequencePoints="2" visitedSequencePoints="0" numBranchPoints="1" visitedBranchPoints="0" sequenceCoverage="0" branchCoverage="0" maxCyclomaticComplexity="1" minCyclomaticComplexity="1" maxCrapScore="2" minCrapScore="2" visitedClasses="0" numClasses="0" visitedMethods="0" numMethods="1" />
              <MetadataToken>100663987</MetadataToken>
              <Name>System.Void Humanizer.Inflections.Vocabulary::AddSingular(System.String,System.String)</Name>
              <FileRef uid="167" />
              <SequencePoints>
                <SequencePoint vc="0" uspid="6320" ordinal="0" offset="0" sl="67" sc="13" el="67" ec="57" bec="0" bev="0" fileid="167" />
                <SequencePoint vc="0" uspid="6321" ordinal="1" offset="18" sl="68" sc="9" el="68" ec="10" bec="0" bev="0" fileid="167" />
              </SequencePoints>
              <BranchPoints />
              <MethodPoint xsi:type="SequencePoint" vc="0" uspid="6320" ordinal="0" offset="0" sl="67" sc="13" el="67" ec="57" bec="0" bev="0" fileid="167" />
            </Method>
            <Method visited="false" cyclomaticComplexity="8" nPathComplexity="128" sequenceCoverage="0" branchCoverage="0" crapScore="72" isConstructor="false" isStatic="false" isGetter="false" isSetter="false">
              <Summary numSequencePoints="8" visitedSequencePoints="0" numBranchPoints="15" visitedBranchPoints="0" sequenceCoverage="0" branchCoverage="0" maxCyclomaticComplexity="8" minCyclomaticComplexity="8" maxCrapScore="72" minCrapScore="72" visitedClasses="0" numClasses="0" visitedMethods="0" numMethods="1" />
              <MetadataToken>100663988</MetadataToken>
              <Name>System.String Humanizer.Inflections.Vocabulary::Pluralize(System.String,System.Boolean)</Name>
              <FileRef uid="167" />
              <SequencePoints>
                <SequencePoint vc="0" uspid="6322" ordinal="0" offset="0" sl="78" sc="13" el="78" ec="60" bec="0" bev="0" fileid="167" />
                <SequencePoint vc="0" uspid="6323" ordinal="1" offset="15" sl="80" sc="13" el="80" ec="42" bec="2" bev="0" fileid="167" />
                <SequencePoint vc="0" uspid="6324" ordinal="2" offset="18" sl="82" sc="17" el="82" ec="39" bec="2" bev="0" fileid="167" />
                <SequencePoint vc="0" uspid="6325" ordinal="3" offset="25" sl="85" sc="13" el="85" ec="66" bec="0" bev="0" fileid="167" />
                <SequencePoint vc="0" uspid="6326" ordinal="4" offset="40" sl="86" sc="13" el="86" ec="78" bec="0" bev="0" fileid="167" />
                <SequencePoint vc="0" uspid="6327" ordinal="5" offset="55" sl="87" sc="13" el="87" ec="134" bec="6" bev="0" fileid="167" />
                <SequencePoint vc="0" uspid="6328" ordinal="6" offset="104" sl="89" sc="17" el="89" ec="29" bec="0" bev="0" fileid="167" />
                <SequencePoint vc="0" uspid="6329" ordinal="7" offset="106" sl="92" sc="13" el="92" ec="27" bec="0" bev="0" fileid="167" />
              </SequencePoints>
              <BranchPoints>
                <BranchPoint vc="0" uspid="6330" ordinal="0" offset="16" sl="80" path="0" offsetend="18" fileid="167" />
                <BranchPoint vc="0" uspid="6331" ordinal="1" offset="16" sl="80" path="1" offsetend="25" fileid="167" />
                <BranchPoint vc="0" uspid="6332" ordinal="2" offset="20" sl="82" path="0" offsetend="22" fileid="167" />
                <BranchPoint vc="0" uspid="6333" ordinal="3" offset="20" sl="82" path="1" offsetend="24" fileid="167" />
                <BranchPoint vc="0" uspid="6334" ordinal="4" offset="56" sl="87" path="0" offsetend="58" fileid="167" />
                <BranchPoint vc="0" uspid="6335" ordinal="5" offset="56" sl="87" path="1" offsetend="106" fileid="167" />
                <BranchPoint vc="0" uspid="6336" ordinal="6" offset="65" sl="87" path="0" offsetend="67" fileid="167" />
                <BranchPoint vc="0" uspid="6337" ordinal="7" offset="65" sl="87" path="1" offsetend="106" fileid="167" />
                <BranchPoint vc="0" uspid="6338" ordinal="8" offset="84" sl="87" path="0" offsetend="86" fileid="167" />
                <BranchPoint vc="0" uspid="6339" ordinal="9" offset="84" sl="87" path="1" offsetend="106" fileid="167" />
                <BranchPoint vc="0" uspid="6340" ordinal="10" offset="93" sl="87" path="0" offsetend="95" fileid="167" />
                <BranchPoint vc="0" uspid="6341" ordinal="11" offset="93" sl="87" path="1" offsetend="106" fileid="167" />
                <BranchPoint vc="0" uspid="6342" ordinal="12" offset="102" sl="87" path="0" offsetend="104" fileid="167" />
                <BranchPoint vc="0" uspid="6343" ordinal="13" offset="102" sl="87" path="1" offsetend="106" fileid="167" />
              </BranchPoints>
              <MethodPoint xsi:type="SequencePoint" vc="0" uspid="6322" ordinal="0" offset="0" sl="78" sc="13" el="78" ec="60" bec="0" bev="0" fileid="167" />
            </Method>
            <Method visited="false" cyclomaticComplexity="8" nPathComplexity="128" sequenceCoverage="0" branchCoverage="0" crapScore="72" isConstructor="false" isStatic="false" isGetter="false" isSetter="false">
              <Summary numSequencePoints="8" visitedSequencePoints="0" numBranchPoints="15" visitedBranchPoints="0" sequenceCoverage="0" branchCoverage="0" maxCyclomaticComplexity="8" minCyclomaticComplexity="8" maxCrapScore="72" minCrapScore="72" visitedClasses="0" numClasses="0" visitedMethods="0" numMethods="1" />
              <MetadataToken>100663989</MetadataToken>
              <Name>System.String Humanizer.Inflections.Vocabulary::Singularize(System.String,System.Boolean,System.Boolean)</Name>
              <FileRef uid="167" />
              <SequencePoints>
                <SequencePoint vc="0" uspid="6344" ordinal="0" offset="0" sl="104" sc="13" el="104" ec="72" bec="0" bev="0" fileid="167" />
                <SequencePoint vc="0" uspid="6345" ordinal="1" offset="15" sl="106" sc="13" el="106" ec="40" bec="2" bev="0" fileid="167" />
                <SequencePoint vc="0" uspid="6346" ordinal="2" offset="18" sl="108" sc="17" el="108" ec="39" bec="2" bev="0" fileid="167" />
                <SequencePoint vc="0" uspid="6347" ordinal="3" offset="25" sl="112" sc="13" el="112" ec="62" bec="0" bev="0" fileid="167" />
                <SequencePoint vc="0" uspid="6348" ordinal="4" offset="40" sl="113" sc="13" el="113" ec="78" bec="0" bev="0" fileid="167" />
                <SequencePoint vc="0" uspid="6349" ordinal="5" offset="55" sl="114" sc="13" el="114" ec="108" bec="5" bev="0" fileid="167" />
                <SequencePoint vc="0" uspid="6350" ordinal="6" offset="101" sl="116" sc="17" el="116" ec="29" bec="0" bev="0" fileid="167" />
                <SequencePoint vc="0" uspid="6351" ordinal="7" offset="103" sl="119" sc="13" el="119" ec="35" bec="2" bev="0" fileid="167" />
              </SequencePoints>
              <BranchPoints>
                <BranchPoint vc="0" uspid="6352" ordinal="0" offset="16" sl="106" path="0" offsetend="18" fileid="167" />
                <BranchPoint vc="0" uspid="6353" ordinal="1" offset="16" sl="106" path="1" offsetend="25" fileid="167" />
                <BranchPoint vc="0" uspid="6354" ordinal="2" offset="20" sl="108" path="0" offsetend="22" fileid="167" />
                <BranchPoint vc="0" uspid="6355" ordinal="3" offset="20" sl="108" path="1" offsetend="24" fileid="167" />
                <BranchPoint vc="0" uspid="6356" ordinal="4" offset="62" sl="114" path="0" offsetend="64" fileid="167" />
                <BranchPoint vc="0" uspid="6357" ordinal="5" offset="62" sl="114" path="1" offsetend="103" fileid="167" />
                <BranchPoint vc="0" uspid="6358" ordinal="6" offset="81" sl="114" path="0" offsetend="83" fileid="167" />
                <BranchPoint vc="0" uspid="6359" ordinal="7" offset="81" sl="114" path="1" offsetend="103" fileid="167" />
                <BranchPoint vc="0" uspid="6360" ordinal="8" offset="90" sl="114" path="0" offsetend="92" fileid="167" />
                <BranchPoint vc="0" uspid="6361" ordinal="9" offset="90" sl="114" path="1" offsetend="103" fileid="167" />
                <BranchPoint vc="0" uspid="6362" ordinal="10" offset="99" sl="114" path="0" offsetend="101" fileid="167" />
                <BranchPoint vc="0" uspid="6363" ordinal="11" offset="99" sl="114" path="1" offsetend="103" fileid="167" />
                <BranchPoint vc="0" uspid="6364" ordinal="12" offset="105" sl="119" path="0" offsetend="107" fileid="167" />
                <BranchPoint vc="0" uspid="6365" ordinal="13" offset="105" sl="119" path="1" offsetend="109" fileid="167" />
              </BranchPoints>
              <MethodPoint xsi:type="SequencePoint" vc="0" uspid="6344" ordinal="0" offset="0" sl="104" sc="13" el="104" ec="72" bec="0" bev="0" fileid="167" />
            </Method>
            <Method visited="false" cyclomaticComplexity="7" nPathComplexity="32" sequenceCoverage="0" branchCoverage="0" crapScore="56" isConstructor="false" isStatic="false" isGetter="false" isSetter="false">
              <Summary numSequencePoints="11" visitedSequencePoints="0" numBranchPoints="11" visitedBranchPoints="0" sequenceCoverage="0" branchCoverage="0" maxCyclomaticComplexity="7" minCyclomaticComplexity="7" maxCrapScore="56" minCrapScore="56" visitedClasses="0" numClasses="0" visitedMethods="0" numMethods="1" />
              <MetadataToken>100663990</MetadataToken>
              <Name>System.String Humanizer.Inflections.Vocabulary::ApplyRules(System.Collections.Generic.IList`1&lt;Humanizer.Inflections.Vocabulary/Rule&gt;,System.String,System.Boolean)</Name>
              <FileRef uid="167" />
              <SequencePoints>
                <SequencePoint vc="0" uspid="6366" ordinal="0" offset="0" sl="124" sc="13" el="124" ec="30" bec="2" bev="0" fileid="167" />
                <SequencePoint vc="0" uspid="6367" ordinal="1" offset="3" sl="126" sc="17" el="126" ec="29" bec="0" bev="0" fileid="167" />
                <SequencePoint vc="0" uspid="6368" ordinal="2" offset="5" sl="129" sc="13" el="129" ec="37" bec="2" bev="0" fileid="167" />
                <SequencePoint vc="0" uspid="6369" ordinal="3" offset="14" sl="131" sc="17" el="131" ec="29" bec="0" bev="0" fileid="167" />
                <SequencePoint vc="0" uspid="6370" ordinal="4" offset="16" sl="134" sc="13" el="134" ec="31" bec="0" bev="0" fileid="167" />
                <SequencePoint vc="0" uspid="6371" ordinal="5" offset="18" sl="135" sc="13" el="135" ec="45" bec="2" bev="0" fileid="167" />
                <SequencePoint vc="0" uspid="6372" ordinal="6" offset="26" sl="136" sc="18" el="136" ec="41" bec="0" bev="0" fileid="167" />
                <SequencePoint vc="0" uspid="6373" ordinal="7" offset="37" sl="138" sc="17" el="138" ec="61" bec="2" bev="0" fileid="167" />
                <SequencePoint vc="0" uspid="6374" ordinal="8" offset="54" sl="136" sc="53" el="136" ec="56" bec="0" bev="0" fileid="167" />
                <SequencePoint vc="0" uspid="6375" ordinal="9" offset="58" sl="136" sc="43" el="136" ec="51" bec="2" bev="0" fileid="167" />
                <SequencePoint vc="0" uspid="6376" ordinal="10" offset="62" sl="143" sc="13" el="143" ec="27" bec="0" bev="0" fileid="167" />
              </SequencePoints>
              <BranchPoints>
                <BranchPoint vc="0" uspid="6377" ordinal="0" offset="1" sl="124" path="0" offsetend="3" fileid="167" />
                <BranchPoint vc="0" uspid="6378" ordinal="1" offset="1" sl="124" path="1" offsetend="5" fileid="167" />
                <BranchPoint vc="0" uspid="6379" ordinal="2" offset="12" sl="129" path="0" offsetend="14" fileid="167" />
                <BranchPoint vc="0" uspid="6380" ordinal="3" offset="12" sl="129" path="1" offsetend="16" fileid="167" />
                <BranchPoint vc="0" uspid="6381" ordinal="4" offset="19" sl="135" path="0" offsetend="21" fileid="167" />
                <BranchPoint vc="0" uspid="6382" ordinal="5" offset="19" sl="135" path="1" offsetend="24" fileid="167" />
                <BranchPoint vc="0" uspid="6383" ordinal="6" offset="52" sl="138" path="0" offsetend="54" fileid="167" />
                <BranchPoint vc="0" uspid="6384" ordinal="7" offset="52" sl="138" path="1" offsetend="62" fileid="167" />
                <BranchPoint vc="0" uspid="6385" ordinal="8" offset="60" sl="136" path="0" offsetend="62" fileid="167" />
                <BranchPoint vc="0" uspid="6386" ordinal="9" offset="60" sl="136" path="1" offsetend="37" fileid="167" />
              </BranchPoints>
              <MethodPoint xsi:type="SequencePoint" vc="0" uspid="6366" ordinal="0" offset="0" sl="124" sc="13" el="124" ec="30" bec="2" bev="0" fileid="167" />
            </Method>
            <Method visited="false" cyclomaticComplexity="1" nPathComplexity="0" sequenceCoverage="0" branchCoverage="0" crapScore="2" isConstructor="false" isStatic="false" isGetter="false" isSetter="false">
              <Summary numSequencePoints="1" visitedSequencePoints="0" numBranchPoints="1" visitedBranchPoints="0" sequenceCoverage="0" branchCoverage="0" maxCyclomaticComplexity="1" minCyclomaticComplexity="1" maxCrapScore="2" minCrapScore="2" visitedClasses="0" numClasses="0" visitedMethods="0" numMethods="1" />
              <MetadataToken>100663991</MetadataToken>
              <Name>System.Boolean Humanizer.Inflections.Vocabulary::IsUncountable(System.String)</Name>
              <FileRef uid="167" />
              <SequencePoints>
                <SequencePoint vc="0" uspid="6387" ordinal="0" offset="0" sl="148" sc="13" el="148" ec="59" bec="0" bev="0" fileid="167" />
              </SequencePoints>
              <BranchPoints />
              <MethodPoint xsi:type="SequencePoint" vc="0" uspid="6387" ordinal="0" offset="0" sl="148" sc="13" el="148" ec="59" bec="0" bev="0" fileid="167" />
            </Method>
          </Methods>
        </Class>
        <Class>
          <Summary numSequencePoints="7" visitedSequencePoints="0" numBranchPoints="4" visitedBranchPoints="0" sequenceCoverage="0" branchCoverage="0" maxCyclomaticComplexity="2" minCyclomaticComplexity="1" maxCrapScore="6" minCrapScore="2" visitedClasses="0" numClasses="1" visitedMethods="0" numMethods="2" />
          <FullName>Humanizer.Inflections.Vocabulary/Rule</FullName>
          <Methods>
            <Method visited="false" cyclomaticComplexity="1" nPathComplexity="0" sequenceCoverage="0" branchCoverage="0" crapScore="2" isConstructor="true" isStatic="false" isGetter="false" isSetter="false">
              <Summary numSequencePoints="4" visitedSequencePoints="0" numBranchPoints="1" visitedBranchPoints="0" sequenceCoverage="0" branchCoverage="0" maxCyclomaticComplexity="1" minCyclomaticComplexity="1" maxCrapScore="2" minCrapScore="2" visitedClasses="0" numClasses="0" visitedMethods="0" numMethods="1" />
              <MetadataToken>100664706</MetadataToken>
              <Name>System.Void Humanizer.Inflections.Vocabulary/Rule::.ctor(System.String,System.String)</Name>
              <FileRef uid="167" />
              <SequencePoints>
                <SequencePoint vc="0" uspid="6388" ordinal="0" offset="0" sl="156" sc="13" el="156" ec="60" bec="0" bev="0" fileid="167" />
                <SequencePoint vc="0" uspid="6389" ordinal="1" offset="6" sl="158" sc="17" el="158" ec="98" bec="0" bev="0" fileid="167" />
                <SequencePoint vc="0" uspid="6390" ordinal="2" offset="25" sl="159" sc="17" el="159" ec="44" bec="0" bev="0" fileid="167" />
                <SequencePoint vc="0" uspid="6391" ordinal="3" offset="32" sl="160" sc="13" el="160" ec="14" bec="0" bev="0" fileid="167" />
              </SequencePoints>
              <BranchPoints />
              <MethodPoint xsi:type="SequencePoint" vc="0" uspid="6388" ordinal="0" offset="0" sl="156" sc="13" el="156" ec="60" bec="0" bev="0" fileid="167" />
            </Method>
            <Method visited="false" cyclomaticComplexity="2" nPathComplexity="2" sequenceCoverage="0" branchCoverage="0" crapScore="6" isConstructor="false" isStatic="false" isGetter="false" isSetter="false">
              <Summary numSequencePoints="3" visitedSequencePoints="0" numBranchPoints="3" visitedBranchPoints="0" sequenceCoverage="0" branchCoverage="0" maxCyclomaticComplexity="2" minCyclomaticComplexity="2" maxCrapScore="6" minCrapScore="6" visitedClasses="0" numClasses="0" visitedMethods="0" numMethods="1" />
              <MetadataToken>100664707</MetadataToken>
              <Name>System.String Humanizer.Inflections.Vocabulary/Rule::Apply(System.String)</Name>
              <FileRef uid="167" />
              <SequencePoints>
                <SequencePoint vc="0" uspid="6392" ordinal="0" offset="0" sl="164" sc="17" el="164" ec="43" bec="2" bev="0" fileid="167" />
                <SequencePoint vc="0" uspid="6393" ordinal="1" offset="14" sl="166" sc="21" el="166" ec="33" bec="0" bev="0" fileid="167" />
                <SequencePoint vc="0" uspid="6394" ordinal="2" offset="16" sl="169" sc="17" el="169" ec="59" bec="0" bev="0" fileid="167" />
              </SequencePoints>
              <BranchPoints>
                <BranchPoint vc="0" uspid="6395" ordinal="0" offset="12" sl="164" path="0" offsetend="14" fileid="167" />
                <BranchPoint vc="0" uspid="6396" ordinal="1" offset="12" sl="164" path="1" offsetend="16" fileid="167" />
              </BranchPoints>
              <MethodPoint xsi:type="SequencePoint" vc="0" uspid="6392" ordinal="0" offset="0" sl="164" sc="17" el="164" ec="43" bec="2" bev="0" fileid="167" />
            </Method>
          </Methods>
        </Class>
        <Class>
          <Summary numSequencePoints="73" visitedSequencePoints="0" numBranchPoints="70" visitedBranchPoints="0" sequenceCoverage="0" branchCoverage="0" maxCyclomaticComplexity="21" minCyclomaticComplexity="18" maxCrapScore="462" minCrapScore="342" visitedClasses="0" numClasses="1" visitedMethods="0" numMethods="2" />
          <FullName>Humanizer.DateTimeHumanizeStrategy.DateTimeHumanizeAlgorithms</FullName>
          <Methods>
            <Method visited="false" cyclomaticComplexity="21" nPathComplexity="524288" sequenceCoverage="0" branchCoverage="0" crapScore="462" isConstructor="false" isStatic="true" isGetter="false" isSetter="false">
              <Summary numSequencePoints="42" visitedSequencePoints="0" numBranchPoints="39" visitedBranchPoints="0" sequenceCoverage="0" branchCoverage="0" maxCyclomaticComplexity="21" minCyclomaticComplexity="21" maxCrapScore="462" minCrapScore="462" visitedClasses="0" numClasses="0" visitedMethods="0" numMethods="1" />
              <MetadataToken>100663992</MetadataToken>
              <Name>System.String Humanizer.DateTimeHumanizeStrategy.DateTimeHumanizeAlgorithms::PrecisionHumanize(System.DateTime,System.DateTime,System.Double,System.Globalization.CultureInfo)</Name>
              <FileRef uid="169" />
              <SequencePoints>
                <SequencePoint vc="0" uspid="6397" ordinal="0" offset="0" sl="18" sc="13" el="18" ec="81" bec="0" bev="0" fileid="169" />
                <SequencePoint vc="0" uspid="6398" ordinal="1" offset="27" sl="19" sc="13" el="19" ec="76" bec="2" bev="0" fileid="169" />
                <SequencePoint vc="0" uspid="6399" ordinal="2" offset="41" sl="21" sc="13" el="21" ec="37" bec="0" bev="0" fileid="169" />
                <SequencePoint vc="0" uspid="6400" ordinal="3" offset="49" sl="21" sc="39" el="21" ec="59" bec="0" bev="0" fileid="169" />
                <SequencePoint vc="0" uspid="6401" ordinal="4" offset="57" sl="21" sc="61" el="21" ec="77" bec="0" bev="0" fileid="169" />
                <SequencePoint vc="0" uspid="6402" ordinal="5" offset="66" sl="21" sc="79" el="21" ec="93" bec="0" bev="0" fileid="169" />
                <SequencePoint vc="0" uspid="6403" ordinal="6" offset="75" sl="22" sc="13" el="22" ec="26" bec="0" bev="0" fileid="169" />
                <SequencePoint vc="0" uspid="6404" ordinal="7" offset="78" sl="22" sc="28" el="22" ec="38" bec="0" bev="0" fileid="169" />
                <SequencePoint vc="0" uspid="6405" ordinal="8" offset="81" sl="25" sc="13" el="25" ec="52" bec="2" bev="0" fileid="169" />
                <SequencePoint vc="0" uspid="6406" ordinal="9" offset="102" sl="27" sc="17" el="27" ec="30" bec="0" bev="0" fileid="169" />
                <SequencePoint vc="0" uspid="6407" ordinal="10" offset="106" sl="30" sc="13" el="30" ec="43" bec="2" bev="0" fileid="169" />
                <SequencePoint vc="0" uspid="6408" ordinal="11" offset="121" sl="32" sc="17" el="32" ec="30" bec="0" bev="0" fileid="169" />
                <SequencePoint vc="0" uspid="6409" ordinal="12" offset="125" sl="35" sc="13" el="35" ec="43" bec="2" bev="0" fileid="169" />
                <SequencePoint vc="0" uspid="6410" ordinal="13" offset="140" sl="37" sc="17" el="37" ec="28" bec="0" bev="0" fileid="169" />
                <SequencePoint vc="0" uspid="6411" ordinal="14" offset="146" sl="40" sc="13" el="40" ec="41" bec="2" bev="0" fileid="169" />
                <SequencePoint vc="0" uspid="6412" ordinal="15" offset="162" sl="42" sc="17" el="42" ec="27" bec="0" bev="0" fileid="169" />
                <SequencePoint vc="0" uspid="6413" ordinal="16" offset="168" sl="46" sc="13" el="46" ec="53" bec="2" bev="0" fileid="169" />
                <SequencePoint vc="0" uspid="6414" ordinal="17" offset="199" sl="48" sc="17" el="48" ec="28" bec="0" bev="0" fileid="169" />
                <SequencePoint vc="0" uspid="6415" ordinal="18" offset="202" sl="51" sc="13" el="51" ec="53" bec="3" bev="0" fileid="169" />
                <SequencePoint vc="0" uspid="6416" ordinal="19" offset="224" sl="53" sc="17" el="53" ec="77" bec="0" bev="0" fileid="169" />
                <SequencePoint vc="0" uspid="6417" ordinal="20" offset="249" sl="54" sc="17" el="54" ec="82" bec="0" bev="0" fileid="169" />
                <SequencePoint vc="0" uspid="6418" ordinal="21" offset="274" sl="55" sc="17" el="55" ec="90" bec="2" bev="0" fileid="169" />
                <SequencePoint vc="0" uspid="6419" ordinal="22" offset="304" sl="59" sc="13" el="59" ec="56" bec="3" bev="0" fileid="169" />
                <SequencePoint vc="0" uspid="6420" ordinal="23" offset="329" sl="61" sc="17" el="61" ec="27" bec="0" bev="0" fileid="169" />
                <SequencePoint vc="0" uspid="6421" ordinal="24" offset="332" sl="64" sc="13" el="64" ec="28" bec="2" bev="0" fileid="169" />
                <SequencePoint vc="0" uspid="6422" ordinal="25" offset="341" sl="66" sc="17" el="66" ec="78" bec="0" bev="0" fileid="169" />
                <SequencePoint vc="0" uspid="6423" ordinal="26" offset="366" sl="67" sc="17" el="67" ec="83" bec="0" bev="0" fileid="169" />
                <SequencePoint vc="0" uspid="6424" ordinal="27" offset="391" sl="68" sc="17" el="68" ec="90" bec="2" bev="0" fileid="169" />
                <SequencePoint vc="0" uspid="6425" ordinal="28" offset="421" sl="72" sc="13" el="72" ec="64" bec="0" bev="0" fileid="169" />
                <SequencePoint vc="0" uspid="6426" ordinal="29" offset="429" sl="73" sc="13" el="73" ec="27" bec="2" bev="0" fileid="169" />
                <SequencePoint vc="0" uspid="6427" ordinal="30" offset="434" sl="75" sc="17" el="75" ec="76" bec="0" bev="0" fileid="169" />
                <SequencePoint vc="0" uspid="6428" ordinal="31" offset="446" sl="78" sc="13" el="78" ec="28" bec="2" bev="0" fileid="169" />
                <SequencePoint vc="0" uspid="6429" ordinal="32" offset="451" sl="80" sc="17" el="80" ec="78" bec="0" bev="0" fileid="169" />
                <SequencePoint vc="0" uspid="6430" ordinal="33" offset="463" sl="83" sc="13" el="83" ec="26" bec="2" bev="0" fileid="169" />
                <SequencePoint vc="0" uspid="6431" ordinal="34" offset="468" sl="85" sc="17" el="85" ec="74" bec="0" bev="0" fileid="169" />
                <SequencePoint vc="0" uspid="6432" ordinal="35" offset="480" sl="88" sc="13" el="88" ec="27" bec="2" bev="0" fileid="169" />
                <SequencePoint vc="0" uspid="6433" ordinal="36" offset="485" sl="90" sc="17" el="90" ec="76" bec="0" bev="0" fileid="169" />
                <SequencePoint vc="0" uspid="6434" ordinal="37" offset="497" sl="93" sc="13" el="93" ec="29" bec="2" bev="0" fileid="169" />
                <SequencePoint vc="0" uspid="6435" ordinal="38" offset="501" sl="95" sc="17" el="95" ec="80" bec="0" bev="0" fileid="169" />
                <SequencePoint vc="0" uspid="6436" ordinal="39" offset="512" sl="98" sc="13" el="98" ec="29" bec="2" bev="0" fileid="169" />
                <SequencePoint vc="0" uspid="6437" ordinal="40" offset="516" sl="100" sc="17" el="100" ec="80" bec="0" bev="0" fileid="169" />
                <SequencePoint vc="0" uspid="6438" ordinal="41" offset="527" sl="103" sc="13" el="103" ec="75" bec="0" bev="0" fileid="169" />
              </SequencePoints>
              <BranchPoints>
                <BranchPoint vc="0" uspid="6439" ordinal="0" offset="34" sl="19" path="0" offsetend="36" fileid="169" />
                <BranchPoint vc="0" uspid="6440" ordinal="1" offset="34" sl="19" path="1" offsetend="39" fileid="169" />
                <BranchPoint vc="0" uspid="6441" ordinal="2" offset="100" sl="25" path="0" offsetend="102" fileid="169" />
                <BranchPoint vc="0" uspid="6442" ordinal="3" offset="100" sl="25" path="1" offsetend="106" fileid="169" />
                <BranchPoint vc="0" uspid="6443" ordinal="4" offset="119" sl="30" path="0" offsetend="121" fileid="169" />
                <BranchPoint vc="0" uspid="6444" ordinal="5" offset="119" sl="30" path="1" offsetend="125" fileid="169" />
                <BranchPoint vc="0" uspid="6445" ordinal="6" offset="138" sl="35" path="0" offsetend="140" fileid="169" />
                <BranchPoint vc="0" uspid="6446" ordinal="7" offset="138" sl="35" path="1" offsetend="146" fileid="169" />
                <BranchPoint vc="0" uspid="6447" ordinal="8" offset="160" sl="40" path="0" offsetend="162" fileid="169" />
                <BranchPoint vc="0" uspid="6448" ordinal="9" offset="160" sl="40" path="1" offsetend="168" fileid="169" />
                <BranchPoint vc="0" uspid="6449" ordinal="10" offset="197" sl="46" path="0" offsetend="199" fileid="169" />
                <BranchPoint vc="0" uspid="6450" ordinal="11" offset="197" sl="46" path="1" offsetend="202" fileid="169" />
                <BranchPoint vc="0" uspid="6451" ordinal="12" offset="206" sl="51" path="0" offsetend="208" fileid="169" />
                <BranchPoint vc="0" uspid="6452" ordinal="13" offset="206" sl="51" path="1" offsetend="304" fileid="169" />
                <BranchPoint vc="0" uspid="6453" ordinal="14" offset="222" sl="51" path="0" offsetend="224" fileid="169" />
                <BranchPoint vc="0" uspid="6454" ordinal="15" offset="222" sl="51" path="1" offsetend="304" fileid="169" />
                <BranchPoint vc="0" uspid="6455" ordinal="16" offset="292" sl="55" path="0" offsetend="294" fileid="169" />
                <BranchPoint vc="0" uspid="6456" ordinal="17" offset="292" sl="55" path="1" offsetend="300" fileid="169" />
                <BranchPoint vc="0" uspid="6457" ordinal="18" offset="318" sl="59" path="0" offsetend="320" fileid="169" />
                <BranchPoint vc="0" uspid="6458" ordinal="19" offset="318" sl="59" path="1" offsetend="332" fileid="169" />
                <BranchPoint vc="0" uspid="6459" ordinal="20" offset="327" sl="59" path="0" offsetend="329" fileid="169" />
                <BranchPoint vc="0" uspid="6460" ordinal="21" offset="327" sl="59" path="1" offsetend="332" fileid="169" />
                <BranchPoint vc="0" uspid="6461" ordinal="22" offset="339" sl="64" path="0" offsetend="341" fileid="169" />
                <BranchPoint vc="0" uspid="6462" ordinal="23" offset="339" sl="64" path="1" offsetend="421" fileid="169" />
                <BranchPoint vc="0" uspid="6463" ordinal="24" offset="409" sl="68" path="0" offsetend="411" fileid="169" />
                <BranchPoint vc="0" uspid="6464" ordinal="25" offset="409" sl="68" path="1" offsetend="417" fileid="169" />
                <BranchPoint vc="0" uspid="6465" ordinal="26" offset="432" sl="73" path="0" offsetend="434" fileid="169" />
                <BranchPoint vc="0" uspid="6466" ordinal="27" offset="432" sl="73" path="1" offsetend="446" fileid="169" />
                <BranchPoint vc="0" uspid="6467" ordinal="28" offset="449" sl="78" path="0" offsetend="451" fileid="169" />
                <BranchPoint vc="0" uspid="6468" ordinal="29" offset="449" sl="78" path="1" offsetend="463" fileid="169" />
                <BranchPoint vc="0" uspid="6469" ordinal="30" offset="466" sl="83" path="0" offsetend="468" fileid="169" />
                <BranchPoint vc="0" uspid="6470" ordinal="31" offset="466" sl="83" path="1" offsetend="480" fileid="169" />
                <BranchPoint vc="0" uspid="6471" ordinal="32" offset="483" sl="88" path="0" offsetend="485" fileid="169" />
                <BranchPoint vc="0" uspid="6472" ordinal="33" offset="483" sl="88" path="1" offsetend="497" fileid="169" />
                <BranchPoint vc="0" uspid="6473" ordinal="34" offset="499" sl="93" path="0" offsetend="501" fileid="169" />
                <BranchPoint vc="0" uspid="6474" ordinal="35" offset="499" sl="93" path="1" offsetend="512" fileid="169" />
                <BranchPoint vc="0" uspid="6475" ordinal="36" offset="514" sl="98" path="0" offsetend="516" fileid="169" />
                <BranchPoint vc="0" uspid="6476" ordinal="37" offset="514" sl="98" path="1" offsetend="527" fileid="169" />
              </BranchPoints>
              <MethodPoint xsi:type="SequencePoint" vc="0" uspid="6397" ordinal="0" offset="0" sl="18" sc="13" el="18" ec="81" bec="0" bev="0" fileid="169" />
            </Method>
            <Method visited="false" cyclomaticComplexity="18" nPathComplexity="32768" sequenceCoverage="0" branchCoverage="0" crapScore="342" isConstructor="false" isStatic="true" isGetter="false" isSetter="false">
              <Summary numSequencePoints="31" visitedSequencePoints="0" numBranchPoints="31" visitedBranchPoints="0" sequenceCoverage="0" branchCoverage="0" maxCyclomaticComplexity="18" minCyclomaticComplexity="18" maxCrapScore="342" minCrapScore="342" visitedClasses="0" numClasses="0" visitedMethods="0" numMethods="1" />
              <MetadataToken>100663993</MetadataToken>
              <Name>System.String Humanizer.DateTimeHumanizeStrategy.DateTimeHumanizeAlgorithms::DefaultHumanize(System.DateTime,System.DateTime,System.Globalization.CultureInfo)</Name>
              <FileRef uid="169" />
              <SequencePoints>
                <SequencePoint vc="0" uspid="6477" ordinal="0" offset="0" sl="112" sc="13" el="112" ec="76" bec="2" bev="0" fileid="169" />
                <SequencePoint vc="0" uspid="6478" ordinal="1" offset="14" sl="113" sc="13" el="113" ec="81" bec="0" bev="0" fileid="169" />
                <SequencePoint vc="0" uspid="6479" ordinal="2" offset="41" sl="115" sc="13" el="115" ec="64" bec="0" bev="0" fileid="169" />
                <SequencePoint vc="0" uspid="6480" ordinal="3" offset="48" sl="117" sc="13" el="117" ec="44" bec="2" bev="0" fileid="169" />
                <SequencePoint vc="0" uspid="6481" ordinal="4" offset="66" sl="119" sc="17" el="119" ec="79" bec="0" bev="0" fileid="169" />
                <SequencePoint vc="0" uspid="6482" ordinal="5" offset="76" sl="122" sc="13" el="122" ec="38" bec="2" bev="0" fileid="169" />
                <SequencePoint vc="0" uspid="6483" ordinal="6" offset="94" sl="124" sc="17" el="124" ec="83" bec="0" bev="0" fileid="169" />
                <SequencePoint vc="0" uspid="6484" ordinal="7" offset="110" sl="127" sc="13" el="127" ec="39" bec="2" bev="0" fileid="169" />
                <SequencePoint vc="0" uspid="6485" ordinal="8" offset="128" sl="129" sc="17" el="129" ec="74" bec="0" bev="0" fileid="169" />
                <SequencePoint vc="0" uspid="6486" ordinal="9" offset="138" sl="132" sc="13" el="132" ec="38" bec="2" bev="0" fileid="169" />
                <SequencePoint vc="0" uspid="6487" ordinal="10" offset="156" sl="134" sc="17" el="134" ec="83" bec="0" bev="0" fileid="169" />
                <SequencePoint vc="0" uspid="6488" ordinal="11" offset="172" sl="137" sc="13" el="137" ec="38" bec="2" bev="0" fileid="169" />
                <SequencePoint vc="0" uspid="6489" ordinal="12" offset="190" sl="139" sc="17" el="139" ec="72" bec="0" bev="0" fileid="169" />
                <SequencePoint vc="0" uspid="6490" ordinal="13" offset="200" sl="142" sc="13" el="142" ec="36" bec="2" bev="0" fileid="169" />
                <SequencePoint vc="0" uspid="6491" ordinal="14" offset="218" sl="144" sc="17" el="144" ec="79" bec="0" bev="0" fileid="169" />
                <SequencePoint vc="0" uspid="6492" ordinal="15" offset="234" sl="147" sc="13" el="147" ec="36" bec="2" bev="0" fileid="169" />
                <SequencePoint vc="0" uspid="6493" ordinal="16" offset="252" sl="149" sc="17" el="149" ec="78" bec="0" bev="0" fileid="169" />
                <SequencePoint vc="0" uspid="6494" ordinal="17" offset="287" sl="150" sc="17" el="150" ec="74" bec="0" bev="0" fileid="169" />
                <SequencePoint vc="0" uspid="6495" ordinal="18" offset="298" sl="153" sc="13" el="153" ec="35" bec="2" bev="0" fileid="169" />
                <SequencePoint vc="0" uspid="6496" ordinal="19" offset="316" sl="155" sc="17" el="155" ec="77" bec="0" bev="0" fileid="169" />
                <SequencePoint vc="0" uspid="6497" ordinal="20" offset="332" sl="158" sc="13" el="158" ec="57" bec="3" bev="0" fileid="169" />
                <SequencePoint vc="0" uspid="6498" ordinal="21" offset="368" sl="160" sc="17" el="160" ec="97" bec="4" bev="0" fileid="169" />
                <SequencePoint vc="0" uspid="6499" ordinal="22" offset="405" sl="162" sc="21" el="162" ec="77" bec="0" bev="0" fileid="169" />
                <SequencePoint vc="0" uspid="6500" ordinal="23" offset="415" sl="165" sc="17" el="165" ec="77" bec="0" bev="0" fileid="169" />
                <SequencePoint vc="0" uspid="6501" ordinal="24" offset="431" sl="168" sc="13" el="168" ec="36" bec="2" bev="0" fileid="169" />
                <SequencePoint vc="0" uspid="6502" ordinal="25" offset="449" sl="170" sc="17" el="170" ec="79" bec="0" bev="0" fileid="169" />
                <SequencePoint vc="0" uspid="6503" ordinal="26" offset="478" sl="171" sc="17" el="171" ec="78" bec="0" bev="0" fileid="169" />
                <SequencePoint vc="0" uspid="6504" ordinal="27" offset="489" sl="174" sc="13" el="174" ec="73" bec="0" bev="0" fileid="169" />
                <SequencePoint vc="0" uspid="6505" ordinal="28" offset="517" sl="175" sc="13" el="175" ec="28" bec="2" bev="0" fileid="169" />
                <SequencePoint vc="0" uspid="6506" ordinal="29" offset="520" sl="177" sc="17" el="177" ec="27" bec="0" bev="0" fileid="169" />
                <SequencePoint vc="0" uspid="6507" ordinal="30" offset="522" sl="180" sc="13" el="180" ec="72" bec="0" bev="0" fileid="169" />
              </SequencePoints>
              <BranchPoints>
                <BranchPoint vc="0" uspid="6508" ordinal="0" offset="7" sl="112" path="0" offsetend="9" fileid="169" />
                <BranchPoint vc="0" uspid="6509" ordinal="1" offset="7" sl="112" path="1" offsetend="12" fileid="169" />
                <BranchPoint vc="0" uspid="6510" ordinal="2" offset="64" sl="117" path="0" offsetend="66" fileid="169" />
                <BranchPoint vc="0" uspid="6511" ordinal="3" offset="64" sl="117" path="1" offsetend="76" fileid="169" />
                <BranchPoint vc="0" uspid="6512" ordinal="4" offset="92" sl="122" path="0" offsetend="94" fileid="169" />
                <BranchPoint vc="0" uspid="6513" ordinal="5" offset="92" sl="122" path="1" offsetend="110" fileid="169" />
                <BranchPoint vc="0" uspid="6514" ordinal="6" offset="126" sl="127" path="0" offsetend="128" fileid="169" />
                <BranchPoint vc="0" uspid="6515" ordinal="7" offset="126" sl="127" path="1" offsetend="138" fileid="169" />
                <BranchPoint vc="0" uspid="6516" ordinal="8" offset="154" sl="132" path="0" offsetend="156" fileid="169" />
                <BranchPoint vc="0" uspid="6517" ordinal="9" offset="154" sl="132" path="1" offsetend="172" fileid="169" />
                <BranchPoint vc="0" uspid="6518" ordinal="10" offset="188" sl="137" path="0" offsetend="190" fileid="169" />
                <BranchPoint vc="0" uspid="6519" ordinal="11" offset="188" sl="137" path="1" offsetend="200" fileid="169" />
                <BranchPoint vc="0" uspid="6520" ordinal="12" offset="216" sl="142" path="0" offsetend="218" fileid="169" />
                <BranchPoint vc="0" uspid="6521" ordinal="13" offset="216" sl="142" path="1" offsetend="234" fileid="169" />
                <BranchPoint vc="0" uspid="6522" ordinal="14" offset="250" sl="147" path="0" offsetend="252" fileid="169" />
                <BranchPoint vc="0" uspid="6523" ordinal="15" offset="250" sl="147" path="1" offsetend="298" fileid="169" />
                <BranchPoint vc="0" uspid="6524" ordinal="16" offset="314" sl="153" path="0" offsetend="316" fileid="169" />
                <BranchPoint vc="0" uspid="6525" ordinal="17" offset="314" sl="153" path="1" offsetend="332" fileid="169" />
                <BranchPoint vc="0" uspid="6526" ordinal="18" offset="348" sl="158" path="0" offsetend="350" fileid="169" />
                <BranchPoint vc="0" uspid="6527" ordinal="19" offset="348" sl="158" path="1" offsetend="431" fileid="169" />
                <BranchPoint vc="0" uspid="6528" ordinal="20" offset="366" sl="158" path="0" offsetend="368" fileid="169" />
                <BranchPoint vc="0" uspid="6529" ordinal="21" offset="366" sl="158" path="1" offsetend="431" fileid="169" />
                <BranchPoint vc="0" uspid="6530" ordinal="22" offset="380" sl="160" path="0" offsetend="382" fileid="169" />
                <BranchPoint vc="0" uspid="6531" ordinal="23" offset="380" sl="160" path="1" offsetend="385" fileid="169" />
                <BranchPoint vc="0" uspid="6532" ordinal="24" offset="403" sl="160" path="0" offsetend="405" fileid="169" />
                <BranchPoint vc="0" uspid="6533" ordinal="25" offset="403" sl="160" path="1" offsetend="415" fileid="169" />
                <BranchPoint vc="0" uspid="6534" ordinal="26" offset="447" sl="168" path="0" offsetend="449" fileid="169" />
                <BranchPoint vc="0" uspid="6535" ordinal="27" offset="447" sl="168" path="1" offsetend="489" fileid="169" />
                <BranchPoint vc="0" uspid="6536" ordinal="28" offset="518" sl="175" path="0" offsetend="520" fileid="169" />
                <BranchPoint vc="0" uspid="6537" ordinal="29" offset="518" sl="175" path="1" offsetend="522" fileid="169" />
              </BranchPoints>
              <MethodPoint xsi:type="SequencePoint" vc="0" uspid="6477" ordinal="0" offset="0" sl="112" sc="13" el="112" ec="76" bec="2" bev="0" fileid="169" />
            </Method>
          </Methods>
        </Class>
        <Class>
          <Summary numSequencePoints="1" visitedSequencePoints="0" numBranchPoints="1" visitedBranchPoints="0" sequenceCoverage="0" branchCoverage="0" maxCyclomaticComplexity="1" minCyclomaticComplexity="1" maxCrapScore="2" minCrapScore="2" visitedClasses="0" numClasses="1" visitedMethods="0" numMethods="1" />
          <FullName>Humanizer.DateTimeHumanizeStrategy.DefaultDateTimeHumanizeStrategy</FullName>
          <Methods>
            <Method visited="false" cyclomaticComplexity="1" nPathComplexity="0" sequenceCoverage="0" branchCoverage="0" crapScore="2" isConstructor="false" isStatic="false" isGetter="false" isSetter="false">
              <Summary numSequencePoints="1" visitedSequencePoints="0" numBranchPoints="1" visitedBranchPoints="0" sequenceCoverage="0" branchCoverage="0" maxCyclomaticComplexity="1" minCyclomaticComplexity="1" maxCrapScore="2" minCrapScore="2" visitedClasses="0" numClasses="0" visitedMethods="0" numMethods="1" />
              <MetadataToken>100663994</MetadataToken>
              <Name>System.String Humanizer.DateTimeHumanizeStrategy.DefaultDateTimeHumanizeStrategy::Humanize(System.DateTime,System.DateTime,System.Globalization.CultureInfo)</Name>
              <FileRef uid="170" />
              <SequencePoints>
                <SequencePoint vc="0" uspid="6538" ordinal="0" offset="0" sl="16" sc="13" el="16" ec="95" bec="0" bev="0" fileid="170" />
              </SequencePoints>
              <BranchPoints />
              <MethodPoint xsi:type="SequencePoint" vc="0" uspid="6538" ordinal="0" offset="0" sl="16" sc="13" el="16" ec="95" bec="0" bev="0" fileid="170" />
            </Method>
            <Method visited="false" cyclomaticComplexity="1" nPathComplexity="0" sequenceCoverage="0" branchCoverage="0" crapScore="2" isConstructor="true" isStatic="false" isGetter="false" isSetter="false">
              <Summary numSequencePoints="0" visitedSequencePoints="0" numBranchPoints="0" visitedBranchPoints="0" sequenceCoverage="0" branchCoverage="0" maxCyclomaticComplexity="1" minCyclomaticComplexity="1" maxCrapScore="2" minCrapScore="2" visitedClasses="0" numClasses="0" visitedMethods="0" numMethods="0" />
              <MetadataToken>100663995</MetadataToken>
              <Name>System.Void Humanizer.DateTimeHumanizeStrategy.DefaultDateTimeHumanizeStrategy::.ctor()</Name>
              <SequencePoints />
              <BranchPoints />
              <MethodPoint vc="0" uspid="6539" ordinal="0" offset="0" />
            </Method>
          </Methods>
        </Class>
        <Class>
          <Summary numSequencePoints="1" visitedSequencePoints="0" numBranchPoints="1" visitedBranchPoints="0" sequenceCoverage="0" branchCoverage="0" maxCyclomaticComplexity="1" minCyclomaticComplexity="1" maxCrapScore="2" minCrapScore="2" visitedClasses="0" numClasses="1" visitedMethods="0" numMethods="1" />
          <FullName>Humanizer.DateTimeHumanizeStrategy.DefaultDateTimeOffsetHumanizeStrategy</FullName>
          <Methods>
            <Method visited="false" cyclomaticComplexity="1" nPathComplexity="0" sequenceCoverage="0" branchCoverage="0" crapScore="2" isConstructor="false" isStatic="false" isGetter="false" isSetter="false">
              <Summary numSequencePoints="1" visitedSequencePoints="0" numBranchPoints="1" visitedBranchPoints="0" sequenceCoverage="0" branchCoverage="0" maxCyclomaticComplexity="1" minCyclomaticComplexity="1" maxCrapScore="2" minCrapScore="2" visitedClasses="0" numClasses="0" visitedMethods="0" numMethods="1" />
              <MetadataToken>100663996</MetadataToken>
              <Name>System.String Humanizer.DateTimeHumanizeStrategy.DefaultDateTimeOffsetHumanizeStrategy::Humanize(System.DateTimeOffset,System.DateTimeOffset,System.Globalization.CultureInfo)</Name>
              <FileRef uid="171" />
              <SequencePoints>
                <SequencePoint vc="0" uspid="6540" ordinal="0" offset="0" sl="16" sc="13" el="16" ec="119" bec="0" bev="0" fileid="171" />
              </SequencePoints>
              <BranchPoints />
              <MethodPoint xsi:type="SequencePoint" vc="0" uspid="6540" ordinal="0" offset="0" sl="16" sc="13" el="16" ec="119" bec="0" bev="0" fileid="171" />
            </Method>
            <Method visited="false" cyclomaticComplexity="1" nPathComplexity="0" sequenceCoverage="0" branchCoverage="0" crapScore="2" isConstructor="true" isStatic="false" isGetter="false" isSetter="false">
              <Summary numSequencePoints="0" visitedSequencePoints="0" numBranchPoints="0" visitedBranchPoints="0" sequenceCoverage="0" branchCoverage="0" maxCyclomaticComplexity="1" minCyclomaticComplexity="1" maxCrapScore="2" minCrapScore="2" visitedClasses="0" numClasses="0" visitedMethods="0" numMethods="0" />
              <MetadataToken>100663997</MetadataToken>
              <Name>System.Void Humanizer.DateTimeHumanizeStrategy.DefaultDateTimeOffsetHumanizeStrategy::.ctor()</Name>
              <SequencePoints />
              <BranchPoints />
              <MethodPoint vc="0" uspid="6541" ordinal="0" offset="0" />
            </Method>
          </Methods>
        </Class>
        <Class>
          <Summary numSequencePoints="4" visitedSequencePoints="0" numBranchPoints="2" visitedBranchPoints="0" sequenceCoverage="0" branchCoverage="0" maxCyclomaticComplexity="1" minCyclomaticComplexity="1" maxCrapScore="2" minCrapScore="2" visitedClasses="0" numClasses="1" visitedMethods="0" numMethods="2" />
          <FullName>Humanizer.DateTimeHumanizeStrategy.PrecisionDateTimeHumanizeStrategy</FullName>
          <Methods>
            <Method visited="false" cyclomaticComplexity="1" nPathComplexity="0" sequenceCoverage="0" branchCoverage="0" crapScore="2" isConstructor="true" isStatic="false" isGetter="false" isSetter="false">
              <Summary numSequencePoints="3" visitedSequencePoints="0" numBranchPoints="1" visitedBranchPoints="0" sequenceCoverage="0" branchCoverage="0" maxCyclomaticComplexity="1" minCyclomaticComplexity="1" maxCrapScore="2" minCrapScore="2" visitedClasses="0" numClasses="0" visitedMethods="0" numMethods="1" />
              <MetadataToken>100664000</MetadataToken>
              <Name>System.Void Humanizer.DateTimeHumanizeStrategy.PrecisionDateTimeHumanizeStrategy::.ctor(System.Double)</Name>
              <FileRef uid="172" />
              <SequencePoints>
                <SequencePoint vc="0" uspid="6542" ordinal="0" offset="0" sl="17" sc="9" el="17" ec="73" bec="0" bev="0" fileid="172" />
                <SequencePoint vc="0" uspid="6543" ordinal="1" offset="6" sl="19" sc="13" el="19" ec="36" bec="0" bev="0" fileid="172" />
                <SequencePoint vc="0" uspid="6544" ordinal="2" offset="13" sl="20" sc="9" el="20" ec="10" bec="0" bev="0" fileid="172" />
              </SequencePoints>
              <BranchPoints />
              <MethodPoint xsi:type="SequencePoint" vc="0" uspid="6542" ordinal="0" offset="0" sl="17" sc="9" el="17" ec="73" bec="0" bev="0" fileid="172" />
            </Method>
            <Method visited="false" cyclomaticComplexity="1" nPathComplexity="0" sequenceCoverage="0" branchCoverage="0" crapScore="2" isConstructor="false" isStatic="false" isGetter="false" isSetter="false">
              <Summary numSequencePoints="1" visitedSequencePoints="0" numBranchPoints="1" visitedBranchPoints="0" sequenceCoverage="0" branchCoverage="0" maxCyclomaticComplexity="1" minCyclomaticComplexity="1" maxCrapScore="2" minCrapScore="2" visitedClasses="0" numClasses="0" visitedMethods="0" numMethods="1" />
              <MetadataToken>100664001</MetadataToken>
              <Name>System.String Humanizer.DateTimeHumanizeStrategy.PrecisionDateTimeHumanizeStrategy::Humanize(System.DateTime,System.DateTime,System.Globalization.CultureInfo)</Name>
              <FileRef uid="172" />
              <SequencePoints>
                <SequencePoint vc="0" uspid="6545" ordinal="0" offset="0" sl="27" sc="13" el="27" ec="109" bec="0" bev="0" fileid="172" />
              </SequencePoints>
              <BranchPoints />
              <MethodPoint xsi:type="SequencePoint" vc="0" uspid="6545" ordinal="0" offset="0" sl="27" sc="13" el="27" ec="109" bec="0" bev="0" fileid="172" />
            </Method>
          </Methods>
        </Class>
        <Class>
          <Summary numSequencePoints="4" visitedSequencePoints="0" numBranchPoints="2" visitedBranchPoints="0" sequenceCoverage="0" branchCoverage="0" maxCyclomaticComplexity="1" minCyclomaticComplexity="1" maxCrapScore="2" minCrapScore="2" visitedClasses="0" numClasses="1" visitedMethods="0" numMethods="2" />
          <FullName>Humanizer.DateTimeHumanizeStrategy.PrecisionDateTimeOffsetHumanizeStrategy</FullName>
          <Methods>
            <Method visited="false" cyclomaticComplexity="1" nPathComplexity="0" sequenceCoverage="0" branchCoverage="0" crapScore="2" isConstructor="true" isStatic="false" isGetter="false" isSetter="false">
              <Summary numSequencePoints="3" visitedSequencePoints="0" numBranchPoints="1" visitedBranchPoints="0" sequenceCoverage="0" branchCoverage="0" maxCyclomaticComplexity="1" minCyclomaticComplexity="1" maxCrapScore="2" minCrapScore="2" visitedClasses="0" numClasses="0" visitedMethods="0" numMethods="1" />
              <MetadataToken>100664002</MetadataToken>
              <Name>System.Void Humanizer.DateTimeHumanizeStrategy.PrecisionDateTimeOffsetHumanizeStrategy::.ctor(System.Double)</Name>
              <FileRef uid="173" />
              <SequencePoints>
                <SequencePoint vc="0" uspid="6546" ordinal="0" offset="0" sl="17" sc="9" el="17" ec="79" bec="0" bev="0" fileid="173" />
                <SequencePoint vc="0" uspid="6547" ordinal="1" offset="6" sl="19" sc="13" el="19" ec="36" bec="0" bev="0" fileid="173" />
                <SequencePoint vc="0" uspid="6548" ordinal="2" offset="13" sl="20" sc="9" el="20" ec="10" bec="0" bev="0" fileid="173" />
              </SequencePoints>
              <BranchPoints />
              <MethodPoint xsi:type="SequencePoint" vc="0" uspid="6546" ordinal="0" offset="0" sl="17" sc="9" el="17" ec="79" bec="0" bev="0" fileid="173" />
            </Method>
            <Method visited="false" cyclomaticComplexity="1" nPathComplexity="0" sequenceCoverage="0" branchCoverage="0" crapScore="2" isConstructor="false" isStatic="false" isGetter="false" isSetter="false">
              <Summary numSequencePoints="1" visitedSequencePoints="0" numBranchPoints="1" visitedBranchPoints="0" sequenceCoverage="0" branchCoverage="0" maxCyclomaticComplexity="1" minCyclomaticComplexity="1" maxCrapScore="2" minCrapScore="2" visitedClasses="0" numClasses="0" visitedMethods="0" numMethods="1" />
              <MetadataToken>100664003</MetadataToken>
              <Name>System.String Humanizer.DateTimeHumanizeStrategy.PrecisionDateTimeOffsetHumanizeStrategy::Humanize(System.DateTimeOffset,System.DateTimeOffset,System.Globalization.CultureInfo)</Name>
              <FileRef uid="173" />
              <SequencePoints>
                <SequencePoint vc="0" uspid="6549" ordinal="0" offset="0" sl="27" sc="13" el="27" ec="133" bec="0" bev="0" fileid="173" />
              </SequencePoints>
              <BranchPoints />
              <MethodPoint xsi:type="SequencePoint" vc="0" uspid="6549" ordinal="0" offset="0" sl="27" sc="13" el="27" ec="133" bec="0" bev="0" fileid="173" />
            </Method>
          </Methods>
        </Class>
        <Class>
          <Summary numSequencePoints="12" visitedSequencePoints="12" numBranchPoints="1" visitedBranchPoints="1" sequenceCoverage="100" branchCoverage="100" maxCyclomaticComplexity="1" minCyclomaticComplexity="1" maxCrapScore="1" minCrapScore="1" visitedClasses="1" numClasses="1" visitedMethods="1" numMethods="1" />
          <FullName>Humanizer.Configuration.CollectionFormatterRegistry</FullName>
          <Methods>
            <Method visited="true" cyclomaticComplexity="1" nPathComplexity="0" sequenceCoverage="100" branchCoverage="100" crapScore="1" isConstructor="true" isStatic="false" isGetter="false" isSetter="false">
              <Summary numSequencePoints="12" visitedSequencePoints="12" numBranchPoints="1" visitedBranchPoints="1" sequenceCoverage="100" branchCoverage="100" maxCyclomaticComplexity="1" minCyclomaticComplexity="1" maxCrapScore="1" minCrapScore="1" visitedClasses="0" numClasses="0" visitedMethods="1" numMethods="1" />
              <MetadataToken>100664004</MetadataToken>
              <Name>System.Void Humanizer.Configuration.CollectionFormatterRegistry::.ctor()</Name>
              <FileRef uid="174" />
              <SequencePoints>
                <SequencePoint vc="1" uspid="6550" ordinal="0" offset="0" sl="8" sc="15" el="8" ec="56" bec="0" bev="0" fileid="174" />
                <SequencePoint vc="1" uspid="6551" ordinal="1" offset="16" sl="10" sc="13" el="10" ec="71" bec="0" bev="0" fileid="174" />
                <SequencePoint vc="1" uspid="6552" ordinal="2" offset="37" sl="11" sc="13" el="11" ec="65" bec="0" bev="0" fileid="174" />
                <SequencePoint vc="1" uspid="6553" ordinal="3" offset="58" sl="12" sc="13" el="12" ec="67" bec="0" bev="0" fileid="174" />
                <SequencePoint vc="1" uspid="6554" ordinal="4" offset="79" sl="13" sc="13" el="13" ec="66" bec="0" bev="0" fileid="174" />
                <SequencePoint vc="1" uspid="6555" ordinal="5" offset="100" sl="14" sc="13" el="14" ec="66" bec="0" bev="0" fileid="174" />
                <SequencePoint vc="1" uspid="6556" ordinal="6" offset="121" sl="15" sc="13" el="15" ec="65" bec="0" bev="0" fileid="174" />
                <SequencePoint vc="1" uspid="6557" ordinal="7" offset="142" sl="16" sc="13" el="16" ec="66" bec="0" bev="0" fileid="174" />
                <SequencePoint vc="1" uspid="6558" ordinal="8" offset="163" sl="17" sc="13" el="17" ec="66" bec="0" bev="0" fileid="174" />
                <SequencePoint vc="1" uspid="6559" ordinal="9" offset="184" sl="18" sc="13" el="18" ec="66" bec="0" bev="0" fileid="174" />
                <SequencePoint vc="1" uspid="6560" ordinal="10" offset="205" sl="19" sc="13" el="19" ec="67" bec="0" bev="0" fileid="174" />
                <SequencePoint vc="1" uspid="6561" ordinal="11" offset="226" sl="20" sc="9" el="20" ec="10" bec="0" bev="0" fileid="174" />
              </SequencePoints>
              <BranchPoints />
              <MethodPoint xsi:type="SequencePoint" vc="1" uspid="6550" ordinal="0" offset="0" sl="8" sc="15" el="8" ec="56" bec="0" bev="0" fileid="174" />
            </Method>
          </Methods>
        </Class>
        <Class>
          <Summary numSequencePoints="28" visitedSequencePoints="11" numBranchPoints="19" visitedBranchPoints="3" sequenceCoverage="39.29" branchCoverage="15.79" maxCyclomaticComplexity="2" minCyclomaticComplexity="1" maxCrapScore="6" minCrapScore="1" visitedClasses="1" numClasses="1" visitedMethods="3" numMethods="17" />
          <FullName>Humanizer.Configuration.Configurator</FullName>
          <Methods>
            <Method visited="false" cyclomaticComplexity="1" nPathComplexity="0" sequenceCoverage="0" branchCoverage="0" crapScore="2" isConstructor="false" isStatic="true" isGetter="true" isSetter="false">
              <Summary numSequencePoints="1" visitedSequencePoints="0" numBranchPoints="1" visitedBranchPoints="0" sequenceCoverage="0" branchCoverage="0" maxCyclomaticComplexity="1" minCyclomaticComplexity="1" maxCrapScore="2" minCrapScore="2" visitedClasses="0" numClasses="0" visitedMethods="0" numMethods="1" />
              <MetadataToken>100664005</MetadataToken>
              <Name>Humanizer.Configuration.LocaliserRegistry`1&lt;Humanizer.Localisation.CollectionFormatters.ICollectionFormatter&gt; Humanizer.Configuration.Configurator::get_CollectionFormatters()</Name>
              <FileRef uid="175" />
              <SequencePoints>
                <SequencePoint vc="0" uspid="6562" ordinal="0" offset="0" sl="25" sc="19" el="25" ec="48" bec="0" bev="0" fileid="175" />
              </SequencePoints>
              <BranchPoints />
              <MethodPoint xsi:type="SequencePoint" vc="0" uspid="6562" ordinal="0" offset="0" sl="25" sc="19" el="25" ec="48" bec="0" bev="0" fileid="175" />
            </Method>
            <Method visited="false" cyclomaticComplexity="1" nPathComplexity="0" sequenceCoverage="0" branchCoverage="0" crapScore="2" isConstructor="false" isStatic="true" isGetter="true" isSetter="false">
              <Summary numSequencePoints="1" visitedSequencePoints="0" numBranchPoints="1" visitedBranchPoints="0" sequenceCoverage="0" branchCoverage="0" maxCyclomaticComplexity="1" minCyclomaticComplexity="1" maxCrapScore="2" minCrapScore="2" visitedClasses="0" numClasses="0" visitedMethods="0" numMethods="1" />
              <MetadataToken>100664006</MetadataToken>
              <Name>Humanizer.Configuration.LocaliserRegistry`1&lt;Humanizer.Localisation.Formatters.IFormatter&gt; Humanizer.Configuration.Configurator::get_Formatters()</Name>
              <FileRef uid="175" />
              <SequencePoints>
                <SequencePoint vc="0" uspid="6563" ordinal="0" offset="0" sl="34" sc="19" el="34" ec="38" bec="0" bev="0" fileid="175" />
              </SequencePoints>
              <BranchPoints />
              <MethodPoint xsi:type="SequencePoint" vc="0" uspid="6563" ordinal="0" offset="0" sl="34" sc="19" el="34" ec="38" bec="0" bev="0" fileid="175" />
            </Method>
            <Method visited="true" cyclomaticComplexity="1" nPathComplexity="0" sequenceCoverage="100" branchCoverage="100" crapScore="1" isConstructor="false" isStatic="true" isGetter="true" isSetter="false">
              <Summary numSequencePoints="1" visitedSequencePoints="1" numBranchPoints="1" visitedBranchPoints="1" sequenceCoverage="100" branchCoverage="100" maxCyclomaticComplexity="1" minCyclomaticComplexity="1" maxCrapScore="1" minCrapScore="1" visitedClasses="0" numClasses="0" visitedMethods="1" numMethods="1" />
              <MetadataToken>100664007</MetadataToken>
              <Name>Humanizer.Configuration.LocaliserRegistry`1&lt;Humanizer.Localisation.NumberToWords.INumberToWordsConverter&gt; Humanizer.Configuration.Configurator::get_NumberToWordsConverters()</Name>
              <FileRef uid="175" />
              <SequencePoints>
                <SequencePoint vc="1" uspid="6564" ordinal="0" offset="0" sl="43" sc="19" el="43" ec="51" bec="0" bev="0" fileid="175" />
              </SequencePoints>
              <BranchPoints />
              <MethodPoint xsi:type="SequencePoint" vc="1" uspid="6564" ordinal="0" offset="0" sl="43" sc="19" el="43" ec="51" bec="0" bev="0" fileid="175" />
            </Method>
            <Method visited="false" cyclomaticComplexity="1" nPathComplexity="0" sequenceCoverage="0" branchCoverage="0" crapScore="2" isConstructor="false" isStatic="true" isGetter="true" isSetter="false">
              <Summary numSequencePoints="1" visitedSequencePoints="0" numBranchPoints="1" visitedBranchPoints="0" sequenceCoverage="0" branchCoverage="0" maxCyclomaticComplexity="1" minCyclomaticComplexity="1" maxCrapScore="2" minCrapScore="2" visitedClasses="0" numClasses="0" visitedMethods="0" numMethods="1" />
              <MetadataToken>100664008</MetadataToken>
              <Name>Humanizer.Configuration.LocaliserRegistry`1&lt;Humanizer.Localisation.Ordinalizers.IOrdinalizer&gt; Humanizer.Configuration.Configurator::get_Ordinalizers()</Name>
              <FileRef uid="175" />
              <SequencePoints>
                <SequencePoint vc="0" uspid="6565" ordinal="0" offset="0" sl="52" sc="19" el="52" ec="40" bec="0" bev="0" fileid="175" />
              </SequencePoints>
              <BranchPoints />
              <MethodPoint xsi:type="SequencePoint" vc="0" uspid="6565" ordinal="0" offset="0" sl="52" sc="19" el="52" ec="40" bec="0" bev="0" fileid="175" />
            </Method>
            <Method visited="false" cyclomaticComplexity="1" nPathComplexity="0" sequenceCoverage="0" branchCoverage="0" crapScore="2" isConstructor="false" isStatic="true" isGetter="true" isSetter="false">
              <Summary numSequencePoints="1" visitedSequencePoints="0" numBranchPoints="1" visitedBranchPoints="0" sequenceCoverage="0" branchCoverage="0" maxCyclomaticComplexity="1" minCyclomaticComplexity="1" maxCrapScore="2" minCrapScore="2" visitedClasses="0" numClasses="0" visitedMethods="0" numMethods="1" />
              <MetadataToken>100664009</MetadataToken>
              <Name>Humanizer.Configuration.LocaliserRegistry`1&lt;Humanizer.Localisation.DateToOrdinalWords.IDateToOrdinalWordConverter&gt; Humanizer.Configuration.Configurator::get_DateToOrdinalWordsConverters()</Name>
              <FileRef uid="175" />
              <SequencePoints>
                <SequencePoint vc="0" uspid="6566" ordinal="0" offset="0" sl="61" sc="19" el="61" ec="55" bec="0" bev="0" fileid="175" />
              </SequencePoints>
              <BranchPoints />
              <MethodPoint xsi:type="SequencePoint" vc="0" uspid="6566" ordinal="0" offset="0" sl="61" sc="19" el="61" ec="55" bec="0" bev="0" fileid="175" />
            </Method>
            <Method visited="false" cyclomaticComplexity="1" nPathComplexity="0" sequenceCoverage="0" branchCoverage="0" crapScore="2" isConstructor="false" isStatic="true" isGetter="true" isSetter="false">
              <Summary numSequencePoints="1" visitedSequencePoints="0" numBranchPoints="1" visitedBranchPoints="0" sequenceCoverage="0" branchCoverage="0" maxCyclomaticComplexity="1" minCyclomaticComplexity="1" maxCrapScore="2" minCrapScore="2" visitedClasses="0" numClasses="0" visitedMethods="0" numMethods="1" />
              <MetadataToken>100664010</MetadataToken>
              <Name>Humanizer.Localisation.CollectionFormatters.ICollectionFormatter Humanizer.Configuration.Configurator::get_CollectionFormatter()</Name>
              <FileRef uid="175" />
              <SequencePoints>
                <SequencePoint vc="0" uspid="6567" ordinal="0" offset="0" sl="68" sc="17" el="68" ec="67" bec="0" bev="0" fileid="175" />
              </SequencePoints>
              <BranchPoints />
              <MethodPoint xsi:type="SequencePoint" vc="0" uspid="6567" ordinal="0" offset="0" sl="68" sc="17" el="68" ec="67" bec="0" bev="0" fileid="175" />
            </Method>
            <Method visited="false" cyclomaticComplexity="1" nPathComplexity="0" sequenceCoverage="0" branchCoverage="0" crapScore="2" isConstructor="false" isStatic="true" isGetter="true" isSetter="false">
              <Summary numSequencePoints="1" visitedSequencePoints="0" numBranchPoints="1" visitedBranchPoints="0" sequenceCoverage="0" branchCoverage="0" maxCyclomaticComplexity="1" minCyclomaticComplexity="1" maxCrapScore="2" minCrapScore="2" visitedClasses="0" numClasses="0" visitedMethods="0" numMethods="1" />
              <MetadataToken>100664013</MetadataToken>
              <Name>Humanizer.Localisation.Ordinalizers.IOrdinalizer Humanizer.Configuration.Configurator::get_Ordinalizer()</Name>
              <FileRef uid="175" />
              <SequencePoints>
                <SequencePoint vc="0" uspid="6568" ordinal="0" offset="0" sl="97" sc="17" el="97" ec="59" bec="0" bev="0" fileid="175" />
              </SequencePoints>
              <BranchPoints />
              <MethodPoint xsi:type="SequencePoint" vc="0" uspid="6568" ordinal="0" offset="0" sl="97" sc="17" el="97" ec="59" bec="0" bev="0" fileid="175" />
            </Method>
            <Method visited="false" cyclomaticComplexity="1" nPathComplexity="0" sequenceCoverage="0" branchCoverage="0" crapScore="2" isConstructor="false" isStatic="true" isGetter="true" isSetter="false">
              <Summary numSequencePoints="1" visitedSequencePoints="0" numBranchPoints="1" visitedBranchPoints="0" sequenceCoverage="0" branchCoverage="0" maxCyclomaticComplexity="1" minCyclomaticComplexity="1" maxCrapScore="2" minCrapScore="2" visitedClasses="0" numClasses="0" visitedMethods="0" numMethods="1" />
              <MetadataToken>100664014</MetadataToken>
              <Name>Humanizer.Localisation.DateToOrdinalWords.IDateToOrdinalWordConverter Humanizer.Configuration.Configurator::get_DateToOrdinalWordsConverter()</Name>
              <FileRef uid="175" />
              <SequencePoints>
                <SequencePoint vc="0" uspid="6569" ordinal="0" offset="0" sl="108" sc="17" el="108" ec="75" bec="0" bev="0" fileid="175" />
              </SequencePoints>
              <BranchPoints />
              <MethodPoint xsi:type="SequencePoint" vc="0" uspid="6569" ordinal="0" offset="0" sl="108" sc="17" el="108" ec="75" bec="0" bev="0" fileid="175" />
            </Method>
            <Method visited="false" cyclomaticComplexity="1" nPathComplexity="0" sequenceCoverage="0" branchCoverage="0" crapScore="2" isConstructor="false" isStatic="true" isGetter="true" isSetter="false">
              <Summary numSequencePoints="1" visitedSequencePoints="0" numBranchPoints="1" visitedBranchPoints="0" sequenceCoverage="0" branchCoverage="0" maxCyclomaticComplexity="1" minCyclomaticComplexity="1" maxCrapScore="2" minCrapScore="2" visitedClasses="0" numClasses="0" visitedMethods="0" numMethods="1" />
              <MetadataToken>100664015</MetadataToken>
              <Name>Humanizer.DateTimeHumanizeStrategy.IDateTimeHumanizeStrategy Humanizer.Configuration.Configurator::get_DateTimeHumanizeStrategy()</Name>
              <FileRef uid="175" />
              <SequencePoints>
                <SequencePoint vc="0" uspid="6570" ordinal="0" offset="0" sl="118" sc="19" el="118" ec="52" bec="0" bev="0" fileid="175" />
              </SequencePoints>
              <BranchPoints />
              <MethodPoint xsi:type="SequencePoint" vc="0" uspid="6570" ordinal="0" offset="0" sl="118" sc="19" el="118" ec="52" bec="0" bev="0" fileid="175" />
            </Method>
            <Method visited="false" cyclomaticComplexity="1" nPathComplexity="0" sequenceCoverage="0" branchCoverage="0" crapScore="2" isConstructor="false" isStatic="true" isGetter="false" isSetter="true">
              <Summary numSequencePoints="2" visitedSequencePoints="0" numBranchPoints="1" visitedBranchPoints="0" sequenceCoverage="0" branchCoverage="0" maxCyclomaticComplexity="1" minCyclomaticComplexity="1" maxCrapScore="2" minCrapScore="2" visitedClasses="0" numClasses="0" visitedMethods="0" numMethods="1" />
              <MetadataToken>100664016</MetadataToken>
              <Name>System.Void Humanizer.Configuration.Configurator::set_DateTimeHumanizeStrategy(Humanizer.DateTimeHumanizeStrategy.IDateTimeHumanizeStrategy)</Name>
              <FileRef uid="175" />
              <SequencePoints>
                <SequencePoint vc="0" uspid="6571" ordinal="0" offset="0" sl="119" sc="19" el="119" ec="53" bec="0" bev="0" fileid="175" />
                <SequencePoint vc="0" uspid="6572" ordinal="1" offset="6" sl="119" sc="54" el="119" ec="55" bec="0" bev="0" fileid="175" />
              </SequencePoints>
              <BranchPoints />
              <MethodPoint xsi:type="SequencePoint" vc="0" uspid="6571" ordinal="0" offset="0" sl="119" sc="19" el="119" ec="53" bec="0" bev="0" fileid="175" />
            </Method>
            <Method visited="false" cyclomaticComplexity="1" nPathComplexity="0" sequenceCoverage="0" branchCoverage="0" crapScore="2" isConstructor="false" isStatic="true" isGetter="true" isSetter="false">
              <Summary numSequencePoints="1" visitedSequencePoints="0" numBranchPoints="1" visitedBranchPoints="0" sequenceCoverage="0" branchCoverage="0" maxCyclomaticComplexity="1" minCyclomaticComplexity="1" maxCrapScore="2" minCrapScore="2" visitedClasses="0" numClasses="0" visitedMethods="0" numMethods="1" />
              <MetadataToken>100664017</MetadataToken>
              <Name>Humanizer.DateTimeHumanizeStrategy.IDateTimeOffsetHumanizeStrategy Humanizer.Configuration.Configurator::get_DateTimeOffsetHumanizeStrategy()</Name>
              <FileRef uid="175" />
              <SequencePoints>
                <SequencePoint vc="0" uspid="6573" ordinal="0" offset="0" sl="128" sc="19" el="128" ec="58" bec="0" bev="0" fileid="175" />
              </SequencePoints>
              <BranchPoints />
              <MethodPoint xsi:type="SequencePoint" vc="0" uspid="6573" ordinal="0" offset="0" sl="128" sc="19" el="128" ec="58" bec="0" bev="0" fileid="175" />
            </Method>
            <Method visited="false" cyclomaticComplexity="1" nPathComplexity="0" sequenceCoverage="0" branchCoverage="0" crapScore="2" isConstructor="false" isStatic="true" isGetter="false" isSetter="true">
              <Summary numSequencePoints="2" visitedSequencePoints="0" numBranchPoints="1" visitedBranchPoints="0" sequenceCoverage="0" branchCoverage="0" maxCyclomaticComplexity="1" minCyclomaticComplexity="1" maxCrapScore="2" minCrapScore="2" visitedClasses="0" numClasses="0" visitedMethods="0" numMethods="1" />
              <MetadataToken>100664018</MetadataToken>
              <Name>System.Void Humanizer.Configuration.Configurator::set_DateTimeOffsetHumanizeStrategy(Humanizer.DateTimeHumanizeStrategy.IDateTimeOffsetHumanizeStrategy)</Name>
              <FileRef uid="175" />
              <SequencePoints>
                <SequencePoint vc="0" uspid="6574" ordinal="0" offset="0" sl="129" sc="19" el="129" ec="59" bec="0" bev="0" fileid="175" />
                <SequencePoint vc="0" uspid="6575" ordinal="1" offset="6" sl="129" sc="60" el="129" ec="61" bec="0" bev="0" fileid="175" />
              </SequencePoints>
              <BranchPoints />
              <MethodPoint xsi:type="SequencePoint" vc="0" uspid="6574" ordinal="0" offset="0" sl="129" sc="19" el="129" ec="59" bec="0" bev="0" fileid="175" />
            </Method>
            <Method visited="false" cyclomaticComplexity="1" nPathComplexity="0" sequenceCoverage="0" branchCoverage="0" crapScore="2" isConstructor="false" isStatic="true" isGetter="true" isSetter="false">
              <Summary numSequencePoints="1" visitedSequencePoints="0" numBranchPoints="1" visitedBranchPoints="0" sequenceCoverage="0" branchCoverage="0" maxCyclomaticComplexity="1" minCyclomaticComplexity="1" maxCrapScore="2" minCrapScore="2" visitedClasses="0" numClasses="0" visitedMethods="0" numMethods="1" />
              <MetadataToken>100664019</MetadataToken>
              <Name>System.Func`2&lt;System.Reflection.PropertyInfo,System.Boolean&gt; Humanizer.Configuration.Configurator::get_EnumDescriptionPropertyLocator()</Name>
              <FileRef uid="175" />
              <SequencePoints>
                <SequencePoint vc="0" uspid="6576" ordinal="0" offset="0" sl="139" sc="19" el="139" ec="58" bec="0" bev="0" fileid="175" />
              </SequencePoints>
              <BranchPoints />
              <MethodPoint xsi:type="SequencePoint" vc="0" uspid="6576" ordinal="0" offset="0" sl="139" sc="19" el="139" ec="58" bec="0" bev="0" fileid="175" />
            </Method>
            <Method visited="false" cyclomaticComplexity="2" nPathComplexity="2" sequenceCoverage="0" branchCoverage="0" crapScore="6" isConstructor="false" isStatic="true" isGetter="false" isSetter="true">
              <Summary numSequencePoints="2" visitedSequencePoints="0" numBranchPoints="3" visitedBranchPoints="0" sequenceCoverage="0" branchCoverage="0" maxCyclomaticComplexity="2" minCyclomaticComplexity="2" maxCrapScore="6" minCrapScore="6" visitedClasses="0" numClasses="0" visitedMethods="0" numMethods="1" />
              <MetadataToken>100664020</MetadataToken>
              <Name>System.Void Humanizer.Configuration.Configurator::set_EnumDescriptionPropertyLocator(System.Func`2&lt;System.Reflection.PropertyInfo,System.Boolean&gt;)</Name>
              <FileRef uid="175" />
              <SequencePoints>
                <SequencePoint vc="0" uspid="6577" ordinal="0" offset="0" sl="140" sc="19" el="140" ec="100" bec="2" bev="0" fileid="175" />
                <SequencePoint vc="0" uspid="6578" ordinal="1" offset="15" sl="140" sc="101" el="140" ec="102" bec="0" bev="0" fileid="175" />
              </SequencePoints>
              <BranchPoints>
                <BranchPoint vc="0" uspid="6579" ordinal="0" offset="2" sl="140" path="0" offsetend="4" fileid="175" />
                <BranchPoint vc="0" uspid="6580" ordinal="1" offset="2" sl="140" path="1" offsetend="10" fileid="175" />
              </BranchPoints>
              <MethodPoint xsi:type="SequencePoint" vc="0" uspid="6577" ordinal="0" offset="0" sl="140" sc="19" el="140" ec="100" bec="2" bev="0" fileid="175" />
            </Method>
            <Method visited="false" cyclomaticComplexity="1" nPathComplexity="0" sequenceCoverage="0" branchCoverage="0" crapScore="2" isConstructor="false" isStatic="true" isGetter="false" isSetter="false">
              <Summary numSequencePoints="1" visitedSequencePoints="0" numBranchPoints="1" visitedBranchPoints="0" sequenceCoverage="0" branchCoverage="0" maxCyclomaticComplexity="1" minCyclomaticComplexity="1" maxCrapScore="2" minCrapScore="2" visitedClasses="0" numClasses="0" visitedMethods="0" numMethods="1" />
              <MetadataToken>100664011</MetadataToken>
              <Name>Humanizer.Localisation.Formatters.IFormatter Humanizer.Configuration.Configurator::GetFormatter(System.Globalization.CultureInfo)</Name>
              <FileRef uid="175" />
              <SequencePoints>
                <SequencePoint vc="0" uspid="6581" ordinal="0" offset="0" sl="78" sc="13" el="78" ec="58" bec="0" bev="0" fileid="175" />
              </SequencePoints>
              <BranchPoints />
              <MethodPoint xsi:type="SequencePoint" vc="0" uspid="6581" ordinal="0" offset="0" sl="78" sc="13" el="78" ec="58" bec="0" bev="0" fileid="175" />
            </Method>
            <Method visited="true" cyclomaticComplexity="1" nPathComplexity="0" sequenceCoverage="100" branchCoverage="100" crapScore="1" isConstructor="false" isStatic="true" isGetter="false" isSetter="false">
              <Summary numSequencePoints="1" visitedSequencePoints="1" numBranchPoints="1" visitedBranchPoints="1" sequenceCoverage="100" branchCoverage="100" maxCyclomaticComplexity="1" minCyclomaticComplexity="1" maxCrapScore="1" minCrapScore="1" visitedClasses="0" numClasses="0" visitedMethods="1" numMethods="1" />
              <MetadataToken>100664012</MetadataToken>
              <Name>Humanizer.Localisation.NumberToWords.INumberToWordsConverter Humanizer.Configuration.Configurator::GetNumberToWordsConverter(System.Globalization.CultureInfo)</Name>
              <FileRef uid="175" />
              <SequencePoints>
                <SequencePoint vc="1" uspid="6582" ordinal="0" offset="0" sl="87" sc="13" el="87" ec="71" bec="0" bev="0" fileid="175" />
              </SequencePoints>
              <BranchPoints />
              <MethodPoint xsi:type="SequencePoint" vc="1" uspid="6582" ordinal="0" offset="0" sl="87" sc="13" el="87" ec="71" bec="0" bev="0" fileid="175" />
            </Method>
            <Method visited="true" cyclomaticComplexity="1" nPathComplexity="0" sequenceCoverage="100" branchCoverage="100" crapScore="1" isConstructor="true" isStatic="true" isGetter="false" isSetter="false">
              <Summary numSequencePoints="9" visitedSequencePoints="9" numBranchPoints="1" visitedBranchPoints="1" sequenceCoverage="100" branchCoverage="100" maxCyclomaticComplexity="1" minCyclomaticComplexity="1" maxCrapScore="1" minCrapScore="1" visitedClasses="0" numClasses="0" visitedMethods="1" numMethods="1" />
              <MetadataToken>100664021</MetadataToken>
              <Name>System.Void Humanizer.Configuration.Configurator::.cctor()</Name>
              <FileRef uid="175" />
              <SequencePoints>
                <SequencePoint vc="1" uspid="6583" ordinal="0" offset="0" sl="18" sc="9" el="18" ec="131" bec="0" bev="0" fileid="175" />
                <SequencePoint vc="1" uspid="6584" ordinal="1" offset="10" sl="28" sc="9" el="28" ec="101" bec="0" bev="0" fileid="175" />
                <SequencePoint vc="1" uspid="6585" ordinal="2" offset="20" sl="37" sc="9" el="37" ec="140" bec="0" bev="0" fileid="175" />
                <SequencePoint vc="1" uspid="6586" ordinal="3" offset="30" sl="46" sc="9" el="46" ec="107" bec="0" bev="0" fileid="175" />
                <SequencePoint vc="1" uspid="6587" ordinal="4" offset="40" sl="55" sc="9" el="55" ec="153" bec="0" bev="0" fileid="175" />
                <SequencePoint vc="1" uspid="6588" ordinal="5" offset="50" sl="112" sc="9" el="112" ec="116" bec="0" bev="0" fileid="175" />
                <SequencePoint vc="1" uspid="6589" ordinal="6" offset="60" sl="122" sc="9" el="122" ec="134" bec="0" bev="0" fileid="175" />
                <SequencePoint vc="1" uspid="6590" ordinal="7" offset="70" sl="132" sc="9" el="132" ec="127" bec="0" bev="0" fileid="175" />
                <SequencePoint vc="1" uspid="6591" ordinal="8" offset="91" sl="133" sc="9" el="133" ec="121" bec="0" bev="0" fileid="175" />
              </SequencePoints>
              <BranchPoints />
              <MethodPoint xsi:type="SequencePoint" vc="1" uspid="6583" ordinal="0" offset="0" sl="18" sc="9" el="18" ec="131" bec="0" bev="0" fileid="175" />
            </Method>
          </Methods>
        </Class>
        <Class>
          <Summary numSequencePoints="1" visitedSequencePoints="0" numBranchPoints="1" visitedBranchPoints="0" sequenceCoverage="0" branchCoverage="0" maxCyclomaticComplexity="1" minCyclomaticComplexity="1" maxCrapScore="2" minCrapScore="2" visitedClasses="0" numClasses="1" visitedMethods="0" numMethods="1" />
          <FullName>Humanizer.Configuration.Configurator/&lt;&gt;c</FullName>
          <Methods>
            <Method visited="false" cyclomaticComplexity="1" nPathComplexity="0" sequenceCoverage="0" branchCoverage="0" crapScore="2" isConstructor="true" isStatic="true" isGetter="false" isSetter="false">
              <Summary numSequencePoints="0" visitedSequencePoints="0" numBranchPoints="0" visitedBranchPoints="0" sequenceCoverage="0" branchCoverage="0" maxCyclomaticComplexity="1" minCyclomaticComplexity="1" maxCrapScore="2" minCrapScore="2" visitedClasses="0" numClasses="0" visitedMethods="0" numMethods="0" />
              <MetadataToken>100664708</MetadataToken>
              <Name>System.Void Humanizer.Configuration.Configurator/&lt;&gt;c::.cctor()</Name>
              <SequencePoints />
              <BranchPoints />
              <MethodPoint vc="0" uspid="6592" ordinal="0" offset="0" />
            </Method>
            <Method visited="false" cyclomaticComplexity="1" nPathComplexity="0" sequenceCoverage="0" branchCoverage="0" crapScore="2" isConstructor="true" isStatic="false" isGetter="false" isSetter="false">
              <Summary numSequencePoints="0" visitedSequencePoints="0" numBranchPoints="0" visitedBranchPoints="0" sequenceCoverage="0" branchCoverage="0" maxCyclomaticComplexity="1" minCyclomaticComplexity="1" maxCrapScore="2" minCrapScore="2" visitedClasses="0" numClasses="0" visitedMethods="0" numMethods="0" />
              <MetadataToken>100664709</MetadataToken>
              <Name>System.Void Humanizer.Configuration.Configurator/&lt;&gt;c::.ctor()</Name>
              <SequencePoints />
              <BranchPoints />
              <MethodPoint vc="0" uspid="6593" ordinal="0" offset="0" />
            </Method>
            <Method visited="false" cyclomaticComplexity="1" nPathComplexity="0" sequenceCoverage="0" branchCoverage="0" crapScore="2" isConstructor="false" isStatic="false" isGetter="false" isSetter="false">
              <Summary numSequencePoints="1" visitedSequencePoints="0" numBranchPoints="1" visitedBranchPoints="0" sequenceCoverage="0" branchCoverage="0" maxCyclomaticComplexity="1" minCyclomaticComplexity="1" maxCrapScore="2" minCrapScore="2" visitedClasses="0" numClasses="0" visitedMethods="0" numMethods="1" />
              <MetadataToken>100664710</MetadataToken>
              <Name>System.Boolean Humanizer.Configuration.Configurator/&lt;&gt;c::&lt;.cctor&gt;b__36_0(System.Reflection.PropertyInfo)</Name>
              <FileRef uid="175" />
              <SequencePoints>
                <SequencePoint vc="0" uspid="6594" ordinal="0" offset="0" sl="132" sc="103" el="132" ec="126" bec="0" bev="0" fileid="175" />
              </SequencePoints>
              <BranchPoints />
              <MethodPoint xsi:type="SequencePoint" vc="0" uspid="6594" ordinal="0" offset="0" sl="132" sc="103" el="132" ec="126" bec="0" bev="0" fileid="175" />
            </Method>
          </Methods>
        </Class>
        <Class>
          <Summary numSequencePoints="5" visitedSequencePoints="5" numBranchPoints="1" visitedBranchPoints="1" sequenceCoverage="100" branchCoverage="100" maxCyclomaticComplexity="1" minCyclomaticComplexity="1" maxCrapScore="1" minCrapScore="1" visitedClasses="1" numClasses="1" visitedMethods="1" numMethods="1" />
          <FullName>Humanizer.Configuration.DateToOrdinalWordsConverterRegistry</FullName>
          <Methods>
            <Method visited="true" cyclomaticComplexity="1" nPathComplexity="0" sequenceCoverage="100" branchCoverage="100" crapScore="1" isConstructor="true" isStatic="false" isGetter="false" isSetter="false">
              <Summary numSequencePoints="5" visitedSequencePoints="5" numBranchPoints="1" visitedBranchPoints="1" sequenceCoverage="100" branchCoverage="100" maxCyclomaticComplexity="1" minCyclomaticComplexity="1" maxCrapScore="1" minCrapScore="1" visitedClasses="0" numClasses="0" visitedMethods="1" numMethods="1" />
              <MetadataToken>100664022</MetadataToken>
              <Name>System.Void Humanizer.Configuration.DateToOrdinalWordsConverterRegistry::.ctor()</Name>
              <FileRef uid="177" />
              <SequencePoints>
                <SequencePoint vc="1" uspid="6595" ordinal="0" offset="0" sl="6" sc="56" el="6" ec="101" bec="0" bev="0" fileid="177" />
                <SequencePoint vc="1" uspid="6596" ordinal="1" offset="11" sl="8" sc="13" el="8" ec="72" bec="0" bev="0" fileid="177" />
                <SequencePoint vc="1" uspid="6597" ordinal="2" offset="27" sl="9" sc="13" el="9" ec="69" bec="0" bev="0" fileid="177" />
                <SequencePoint vc="1" uspid="6598" ordinal="3" offset="43" sl="10" sc="13" el="10" ec="68" bec="0" bev="0" fileid="177" />
                <SequencePoint vc="1" uspid="6599" ordinal="4" offset="59" sl="11" sc="9" el="11" ec="10" bec="0" bev="0" fileid="177" />
              </SequencePoints>
              <BranchPoints />
              <MethodPoint xsi:type="SequencePoint" vc="1" uspid="6595" ordinal="0" offset="0" sl="6" sc="56" el="6" ec="101" bec="0" bev="0" fileid="177" />
            </Method>
          </Methods>
        </Class>
        <Class>
          <Summary numSequencePoints="49" visitedSequencePoints="49" numBranchPoints="3" visitedBranchPoints="3" sequenceCoverage="100" branchCoverage="100" maxCyclomaticComplexity="1" minCyclomaticComplexity="1" maxCrapScore="1" minCrapScore="1" visitedClasses="1" numClasses="1" visitedMethods="3" numMethods="3" />
          <FullName>Humanizer.Configuration.FormatterRegistry</FullName>
          <Methods>
            <Method visited="true" cyclomaticComplexity="1" nPathComplexity="0" sequenceCoverage="100" branchCoverage="100" crapScore="1" isConstructor="true" isStatic="false" isGetter="false" isSetter="false">
              <Summary numSequencePoints="45" visitedSequencePoints="45" numBranchPoints="1" visitedBranchPoints="1" sequenceCoverage="100" branchCoverage="100" maxCyclomaticComplexity="1" minCyclomaticComplexity="1" maxCrapScore="1" minCrapScore="1" visitedClasses="0" numClasses="0" visitedMethods="1" numMethods="1" />
              <MetadataToken>100664023</MetadataToken>
              <Name>System.Void Humanizer.Configuration.FormatterRegistry::.ctor()</Name>
              <FileRef uid="178" />
              <SequencePoints>
                <SequencePoint vc="1" uspid="6600" ordinal="0" offset="0" sl="7" sc="38" el="7" ec="73" bec="0" bev="0" fileid="178" />
                <SequencePoint vc="1" uspid="6601" ordinal="1" offset="16" sl="9" sc="13" el="9" ec="51" bec="0" bev="0" fileid="178" />
                <SequencePoint vc="1" uspid="6602" ordinal="2" offset="32" sl="10" sc="13" el="10" ec="51" bec="0" bev="0" fileid="178" />
                <SequencePoint vc="1" uspid="6603" ordinal="3" offset="48" sl="11" sc="13" el="11" ec="53" bec="0" bev="0" fileid="178" />
                <SequencePoint vc="1" uspid="6604" ordinal="4" offset="64" sl="12" sc="13" el="12" ec="52" bec="0" bev="0" fileid="178" />
                <SequencePoint vc="1" uspid="6605" ordinal="5" offset="80" sl="13" sc="13" el="13" ec="54" bec="0" bev="0" fileid="178" />
                <SequencePoint vc="1" uspid="6606" ordinal="6" offset="96" sl="14" sc="13" el="14" ec="53" bec="0" bev="0" fileid="178" />
                <SequencePoint vc="1" uspid="6607" ordinal="7" offset="112" sl="15" sc="13" el="15" ec="56" bec="0" bev="0" fileid="178" />
                <SequencePoint vc="1" uspid="6608" ordinal="8" offset="133" sl="16" sc="13" el="16" ec="66" bec="0" bev="0" fileid="178" />
                <SequencePoint vc="1" uspid="6609" ordinal="9" offset="154" sl="17" sc="13" el="17" ec="54" bec="0" bev="0" fileid="178" />
                <SequencePoint vc="1" uspid="6610" ordinal="10" offset="170" sl="18" sc="13" el="18" ec="55" bec="0" bev="0" fileid="178" />
                <SequencePoint vc="1" uspid="6611" ordinal="11" offset="191" sl="19" sc="13" el="19" ec="61" bec="0" bev="0" fileid="178" />
                <SequencePoint vc="1" uspid="6612" ordinal="12" offset="212" sl="20" sc="13" el="20" ec="54" bec="0" bev="0" fileid="178" />
                <SequencePoint vc="1" uspid="6613" ordinal="13" offset="223" sl="21" sc="13" el="21" ec="54" bec="0" bev="0" fileid="178" />
                <SequencePoint vc="1" uspid="6614" ordinal="14" offset="234" sl="22" sc="13" el="22" ec="54" bec="0" bev="0" fileid="178" />
                <SequencePoint vc="1" uspid="6615" ordinal="15" offset="245" sl="23" sc="13" el="23" ec="44" bec="0" bev="0" fileid="178" />
                <SequencePoint vc="1" uspid="6616" ordinal="16" offset="256" sl="24" sc="13" el="24" ec="44" bec="0" bev="0" fileid="178" />
                <SequencePoint vc="1" uspid="6617" ordinal="17" offset="267" sl="25" sc="13" el="25" ec="44" bec="0" bev="0" fileid="178" />
                <SequencePoint vc="1" uspid="6618" ordinal="18" offset="278" sl="26" sc="13" el="26" ec="44" bec="0" bev="0" fileid="178" />
                <SequencePoint vc="1" uspid="6619" ordinal="19" offset="289" sl="27" sc="13" el="27" ec="44" bec="0" bev="0" fileid="178" />
                <SequencePoint vc="1" uspid="6620" ordinal="20" offset="300" sl="28" sc="13" el="28" ec="47" bec="0" bev="0" fileid="178" />
                <SequencePoint vc="1" uspid="6621" ordinal="21" offset="311" sl="29" sc="13" el="29" ec="44" bec="0" bev="0" fileid="178" />
                <SequencePoint vc="1" uspid="6622" ordinal="22" offset="322" sl="30" sc="13" el="30" ec="44" bec="0" bev="0" fileid="178" />
                <SequencePoint vc="1" uspid="6623" ordinal="23" offset="333" sl="31" sc="13" el="31" ec="44" bec="0" bev="0" fileid="178" />
                <SequencePoint vc="1" uspid="6624" ordinal="24" offset="344" sl="32" sc="13" el="32" ec="44" bec="0" bev="0" fileid="178" />
                <SequencePoint vc="1" uspid="6625" ordinal="25" offset="355" sl="33" sc="13" el="33" ec="44" bec="0" bev="0" fileid="178" />
                <SequencePoint vc="1" uspid="6626" ordinal="26" offset="366" sl="34" sc="13" el="34" ec="44" bec="0" bev="0" fileid="178" />
                <SequencePoint vc="1" uspid="6627" ordinal="27" offset="377" sl="35" sc="13" el="35" ec="44" bec="0" bev="0" fileid="178" />
                <SequencePoint vc="1" uspid="6628" ordinal="28" offset="388" sl="36" sc="13" el="36" ec="47" bec="0" bev="0" fileid="178" />
                <SequencePoint vc="1" uspid="6629" ordinal="29" offset="399" sl="37" sc="13" el="37" ec="44" bec="0" bev="0" fileid="178" />
                <SequencePoint vc="1" uspid="6630" ordinal="30" offset="410" sl="38" sc="13" el="38" ec="44" bec="0" bev="0" fileid="178" />
                <SequencePoint vc="1" uspid="6631" ordinal="31" offset="421" sl="39" sc="13" el="39" ec="44" bec="0" bev="0" fileid="178" />
                <SequencePoint vc="1" uspid="6632" ordinal="32" offset="432" sl="40" sc="13" el="40" ec="44" bec="0" bev="0" fileid="178" />
                <SequencePoint vc="1" uspid="6633" ordinal="33" offset="443" sl="41" sc="13" el="41" ec="56" bec="0" bev="0" fileid="178" />
                <SequencePoint vc="1" uspid="6634" ordinal="34" offset="464" sl="42" sc="13" el="42" ec="44" bec="0" bev="0" fileid="178" />
                <SequencePoint vc="1" uspid="6635" ordinal="35" offset="475" sl="43" sc="13" el="43" ec="47" bec="0" bev="0" fileid="178" />
                <SequencePoint vc="1" uspid="6636" ordinal="36" offset="486" sl="44" sc="13" el="44" ec="44" bec="0" bev="0" fileid="178" />
                <SequencePoint vc="1" uspid="6637" ordinal="37" offset="497" sl="45" sc="13" el="45" ec="47" bec="0" bev="0" fileid="178" />
                <SequencePoint vc="1" uspid="6638" ordinal="38" offset="508" sl="46" sc="13" el="46" ec="44" bec="0" bev="0" fileid="178" />
                <SequencePoint vc="1" uspid="6639" ordinal="39" offset="519" sl="47" sc="13" el="47" ec="52" bec="0" bev="0" fileid="178" />
                <SequencePoint vc="1" uspid="6640" ordinal="40" offset="530" sl="48" sc="13" el="48" ec="52" bec="0" bev="0" fileid="178" />
                <SequencePoint vc="1" uspid="6641" ordinal="41" offset="541" sl="49" sc="13" el="49" ec="47" bec="0" bev="0" fileid="178" />
                <SequencePoint vc="1" uspid="6642" ordinal="42" offset="552" sl="50" sc="13" el="50" ec="49" bec="0" bev="0" fileid="178" />
                <SequencePoint vc="1" uspid="6643" ordinal="43" offset="563" sl="51" sc="13" el="51" ec="49" bec="0" bev="0" fileid="178" />
                <SequencePoint vc="1" uspid="6644" ordinal="44" offset="574" sl="52" sc="9" el="52" ec="10" bec="0" bev="0" fileid="178" />
              </SequencePoints>
              <BranchPoints />
              <MethodPoint xsi:type="SequencePoint" vc="1" uspid="6600" ordinal="0" offset="0" sl="7" sc="38" el="7" ec="73" bec="0" bev="0" fileid="178" />
            </Method>
            <Method visited="true" cyclomaticComplexity="1" nPathComplexity="0" sequenceCoverage="100" branchCoverage="100" crapScore="1" isConstructor="false" isStatic="false" isGetter="false" isSetter="false">
              <Summary numSequencePoints="2" visitedSequencePoints="2" numBranchPoints="1" visitedBranchPoints="1" sequenceCoverage="100" branchCoverage="100" maxCyclomaticComplexity="1" minCyclomaticComplexity="1" maxCrapScore="1" minCrapScore="1" visitedClasses="0" numClasses="0" visitedMethods="1" numMethods="1" />
              <MetadataToken>100664024</MetadataToken>
              <Name>System.Void Humanizer.Configuration.FormatterRegistry::RegisterDefaultFormatter(System.String)</Name>
              <FileRef uid="178" />
              <SequencePoints>
                <SequencePoint vc="28" uspid="6645" ordinal="0" offset="0" sl="56" sc="13" el="56" ec="68" bec="0" bev="0" fileid="178" />
                <SequencePoint vc="28" uspid="6646" ordinal="1" offset="13" sl="57" sc="9" el="57" ec="10" bec="0" bev="0" fileid="178" />
              </SequencePoints>
              <BranchPoints />
              <MethodPoint xsi:type="SequencePoint" vc="28" uspid="6645" ordinal="0" offset="0" sl="56" sc="13" el="56" ec="68" bec="0" bev="0" fileid="178" />
            </Method>
            <Method visited="true" cyclomaticComplexity="1" nPathComplexity="0" sequenceCoverage="100" branchCoverage="100" crapScore="1" isConstructor="false" isStatic="false" isGetter="false" isSetter="false">
              <Summary numSequencePoints="2" visitedSequencePoints="2" numBranchPoints="1" visitedBranchPoints="1" sequenceCoverage="100" branchCoverage="100" maxCyclomaticComplexity="1" minCyclomaticComplexity="1" maxCrapScore="1" minCrapScore="1" visitedClasses="0" numClasses="0" visitedMethods="1" numMethods="1" />
              <MetadataToken>100664025</MetadataToken>
              <Name>System.Void Humanizer.Configuration.FormatterRegistry::RegisterCzechSlovakPolishFormatter(System.String)</Name>
              <FileRef uid="178" />
              <SequencePoints>
                <SequencePoint vc="3" uspid="6647" ordinal="0" offset="0" sl="61" sc="13" el="61" ec="78" bec="0" bev="0" fileid="178" />
                <SequencePoint vc="3" uspid="6648" ordinal="1" offset="13" sl="62" sc="9" el="62" ec="10" bec="0" bev="0" fileid="178" />
              </SequencePoints>
              <BranchPoints />
              <MethodPoint xsi:type="SequencePoint" vc="3" uspid="6647" ordinal="0" offset="0" sl="61" sc="13" el="61" ec="78" bec="0" bev="0" fileid="178" />
            </Method>
          </Methods>
        </Class>
        <Class>
          <Summary numSequencePoints="20" visitedSequencePoints="18" numBranchPoints="15" visitedBranchPoints="11" sequenceCoverage="90" branchCoverage="73.33" maxCyclomaticComplexity="5" minCyclomaticComplexity="1" maxCrapScore="5.12" minCrapScore="1" visitedClasses="1" numClasses="1" visitedMethods="6" numMethods="7" />
          <FullName>Humanizer.Configuration.LocaliserRegistry`1</FullName>
          <Methods>
            <Method visited="true" cyclomaticComplexity="1" nPathComplexity="0" sequenceCoverage="100" branchCoverage="100" crapScore="1" isConstructor="true" isStatic="false" isGetter="false" isSetter="false">
              <Summary numSequencePoints="4" visitedSequencePoints="4" numBranchPoints="1" visitedBranchPoints="1" sequenceCoverage="100" branchCoverage="100" maxCyclomaticComplexity="1" minCyclomaticComplexity="1" maxCrapScore="1" minCrapScore="1" visitedClasses="0" numClasses="0" visitedMethods="1" numMethods="1" />
              <MetadataToken>100664026</MetadataToken>
              <Name>System.Void Humanizer.Configuration.LocaliserRegistry`1::.ctor(TLocaliser)</Name>
              <FileRef uid="179" />
              <SequencePoints>
                <SequencePoint vc="4" uspid="6649" ordinal="0" offset="0" sl="14" sc="9" el="14" ec="147" bec="0" bev="0" fileid="179" />
                <SequencePoint vc="4" uspid="6650" ordinal="1" offset="24" sl="21" sc="9" el="21" ec="62" bec="0" bev="0" fileid="179" />
                <SequencePoint vc="4" uspid="6651" ordinal="2" offset="30" sl="23" sc="13" el="23" ec="63" bec="0" bev="0" fileid="179" />
                <SequencePoint vc="4" uspid="6652" ordinal="3" offset="48" sl="24" sc="9" el="24" ec="10" bec="0" bev="0" fileid="179" />
              </SequencePoints>
              <BranchPoints />
              <MethodPoint xsi:type="SequencePoint" vc="4" uspid="6649" ordinal="0" offset="0" sl="14" sc="9" el="14" ec="147" bec="0" bev="0" fileid="179" />
            </Method>
            <Method visited="true" cyclomaticComplexity="1" nPathComplexity="0" sequenceCoverage="100" branchCoverage="100" crapScore="1" isConstructor="true" isStatic="false" isGetter="false" isSetter="false">
              <Summary numSequencePoints="4" visitedSequencePoints="4" numBranchPoints="1" visitedBranchPoints="1" sequenceCoverage="100" branchCoverage="100" maxCyclomaticComplexity="1" minCyclomaticComplexity="1" maxCrapScore="1" minCrapScore="1" visitedClasses="0" numClasses="0" visitedMethods="1" numMethods="1" />
              <MetadataToken>100664027</MetadataToken>
              <Name>System.Void Humanizer.Configuration.LocaliserRegistry`1::.ctor(System.Func`2&lt;System.Globalization.CultureInfo,TLocaliser&gt;)</Name>
              <FileRef uid="179" />
              <SequencePoints>
                <SequencePoint vc="1" uspid="6653" ordinal="0" offset="0" sl="14" sc="9" el="14" ec="147" bec="0" bev="0" fileid="179" />
                <SequencePoint vc="1" uspid="6654" ordinal="1" offset="11" sl="30" sc="9" el="30" ec="81" bec="0" bev="0" fileid="179" />
                <SequencePoint vc="1" uspid="6655" ordinal="2" offset="17" sl="32" sc="13" el="32" ec="50" bec="0" bev="0" fileid="179" />
                <SequencePoint vc="1" uspid="6656" ordinal="3" offset="24" sl="33" sc="9" el="33" ec="10" bec="0" bev="0" fileid="179" />
              </SequencePoints>
              <BranchPoints />
              <MethodPoint xsi:type="SequencePoint" vc="1" uspid="6653" ordinal="0" offset="0" sl="14" sc="9" el="14" ec="147" bec="0" bev="0" fileid="179" />
            </Method>
            <Method visited="false" cyclomaticComplexity="1" nPathComplexity="0" sequenceCoverage="0" branchCoverage="0" crapScore="2" isConstructor="false" isStatic="false" isGetter="false" isSetter="false">
              <Summary numSequencePoints="1" visitedSequencePoints="0" numBranchPoints="1" visitedBranchPoints="0" sequenceCoverage="0" branchCoverage="0" maxCyclomaticComplexity="1" minCyclomaticComplexity="1" maxCrapScore="2" minCrapScore="2" visitedClasses="0" numClasses="0" visitedMethods="0" numMethods="1" />
              <MetadataToken>100664028</MetadataToken>
              <Name>TLocaliser Humanizer.Configuration.LocaliserRegistry`1::ResolveForUiCulture()</Name>
              <FileRef uid="179" />
              <SequencePoints>
                <SequencePoint vc="0" uspid="6657" ordinal="0" offset="0" sl="40" sc="13" el="40" ec="44" bec="0" bev="0" fileid="179" />
              </SequencePoints>
              <BranchPoints />
              <MethodPoint xsi:type="SequencePoint" vc="0" uspid="6657" ordinal="0" offset="0" sl="40" sc="13" el="40" ec="44" bec="0" bev="0" fileid="179" />
            </Method>
            <Method visited="true" cyclomaticComplexity="2" nPathComplexity="2" sequenceCoverage="100" branchCoverage="66.67" crapScore="2" isConstructor="false" isStatic="false" isGetter="false" isSetter="false">
              <Summary numSequencePoints="1" visitedSequencePoints="1" numBranchPoints="3" visitedBranchPoints="2" sequenceCoverage="100" branchCoverage="66.67" maxCyclomaticComplexity="2" minCyclomaticComplexity="2" maxCrapScore="2" minCrapScore="2" visitedClasses="0" numClasses="0" visitedMethods="1" numMethods="1" />
              <MetadataToken>100664029</MetadataToken>
              <Name>TLocaliser Humanizer.Configuration.LocaliserRegistry`1::ResolveForCulture(System.Globalization.CultureInfo)</Name>
              <FileRef uid="179" />
              <SequencePoints>
                <SequencePoint vc="1" uspid="6658" ordinal="0" offset="0" sl="49" sc="13" el="49" ec="84" bec="2" bev="1" fileid="179" />
              </SequencePoints>
              <BranchPoints>
                <BranchPoint vc="1" uspid="6659" ordinal="0" offset="3" sl="49" path="0" offsetend="5" fileid="179" />
                <BranchPoint vc="0" uspid="6660" ordinal="1" offset="3" sl="49" path="1" offsetend="11" fileid="179" />
              </BranchPoints>
              <MethodPoint xsi:type="SequencePoint" vc="1" uspid="6658" ordinal="0" offset="0" sl="49" sc="13" el="49" ec="84" bec="2" bev="1" fileid="179" />
            </Method>
            <Method visited="true" cyclomaticComplexity="1" nPathComplexity="0" sequenceCoverage="100" branchCoverage="100" crapScore="1" isConstructor="false" isStatic="false" isGetter="false" isSetter="false">
              <Summary numSequencePoints="2" visitedSequencePoints="2" numBranchPoints="1" visitedBranchPoints="1" sequenceCoverage="100" branchCoverage="100" maxCyclomaticComplexity="1" minCyclomaticComplexity="1" maxCrapScore="1" minCrapScore="1" visitedClasses="0" numClasses="0" visitedMethods="1" numMethods="1" />
              <MetadataToken>100664030</MetadataToken>
              <Name>System.Void Humanizer.Configuration.LocaliserRegistry`1::Register(System.String,TLocaliser)</Name>
              <FileRef uid="179" />
              <SequencePoints>
                <SequencePoint vc="100" uspid="6661" ordinal="0" offset="13" sl="57" sc="13" el="57" ec="62" bec="0" bev="0" fileid="179" />
                <SequencePoint vc="100" uspid="6662" ordinal="1" offset="37" sl="58" sc="9" el="58" ec="10" bec="0" bev="0" fileid="179" />
              </SequencePoints>
              <BranchPoints />
              <MethodPoint vc="100" uspid="6663" ordinal="0" offset="0" />
            </Method>
            <Method visited="true" cyclomaticComplexity="1" nPathComplexity="0" sequenceCoverage="100" branchCoverage="100" crapScore="1" isConstructor="false" isStatic="false" isGetter="false" isSetter="false">
              <Summary numSequencePoints="2" visitedSequencePoints="2" numBranchPoints="1" visitedBranchPoints="1" sequenceCoverage="100" branchCoverage="100" maxCyclomaticComplexity="1" minCyclomaticComplexity="1" maxCrapScore="1" minCrapScore="1" visitedClasses="0" numClasses="0" visitedMethods="1" numMethods="1" />
              <MetadataToken>100664031</MetadataToken>
              <Name>System.Void Humanizer.Configuration.LocaliserRegistry`1::Register(System.String,System.Func`2&lt;System.Globalization.CultureInfo,TLocaliser&gt;)</Name>
              <FileRef uid="179" />
              <SequencePoints>
                <SequencePoint vc="7" uspid="6664" ordinal="0" offset="0" sl="65" sc="13" el="65" ec="49" bec="0" bev="0" fileid="179" />
                <SequencePoint vc="7" uspid="6665" ordinal="1" offset="13" sl="66" sc="9" el="66" ec="10" bec="0" bev="0" fileid="179" />
              </SequencePoints>
              <BranchPoints />
              <MethodPoint xsi:type="SequencePoint" vc="7" uspid="6664" ordinal="0" offset="0" sl="65" sc="13" el="65" ec="49" bec="0" bev="0" fileid="179" />
            </Method>
            <Method visited="true" cyclomaticComplexity="5" nPathComplexity="8" sequenceCoverage="83.33" branchCoverage="71.43" crapScore="5.12" isConstructor="false" isStatic="false" isGetter="false" isSetter="false">
              <Summary numSequencePoints="6" visitedSequencePoints="5" numBranchPoints="7" visitedBranchPoints="5" sequenceCoverage="83.33" branchCoverage="71.43" maxCyclomaticComplexity="5" minCyclomaticComplexity="5" maxCrapScore="5.12" minCrapScore="5.12" visitedClasses="0" numClasses="0" visitedMethods="1" numMethods="1" />
              <MetadataToken>100664032</MetadataToken>
              <Name>System.Func`2&lt;System.Globalization.CultureInfo,TLocaliser&gt; Humanizer.Configuration.LocaliserRegistry`1::FindLocaliser(System.Globalization.CultureInfo)</Name>
              <FileRef uid="179" />
              <SequencePoints>
                <SequencePoint vc="1" uspid="6666" ordinal="0" offset="0" sl="70" sc="18" el="70" ec="33" bec="0" bev="0" fileid="179" />
                <SequencePoint vc="2" uspid="6667" ordinal="1" offset="4" sl="72" sc="17" el="72" ec="72" bec="2" bev="2" fileid="179" />
                <SequencePoint vc="1" uspid="6668" ordinal="2" offset="25" sl="74" sc="21" el="74" ec="38" bec="0" bev="0" fileid="179" />
                <SequencePoint vc="1" uspid="6669" ordinal="3" offset="27" sl="70" sc="67" el="70" ec="79" bec="0" bev="0" fileid="179" />
                <SequencePoint vc="2" uspid="6670" ordinal="4" offset="34" sl="70" sc="35" el="70" ec="65" bec="4" bev="2" fileid="179" />
                <SequencePoint vc="0" uspid="6671" ordinal="5" offset="53" sl="78" sc="13" el="78" ec="38" bec="0" bev="0" fileid="179" />
              </SequencePoints>
              <BranchPoints>
                <BranchPoint vc="1" uspid="6672" ordinal="0" offset="23" sl="72" path="0" offsetend="25" fileid="179" />
                <BranchPoint vc="1" uspid="6673" ordinal="1" offset="23" sl="72" path="1" offsetend="27" fileid="179" />
                <BranchPoint vc="0" uspid="6674" ordinal="2" offset="35" sl="70" path="0" offsetend="37" fileid="179" />
                <BranchPoint vc="2" uspid="6675" ordinal="3" offset="35" sl="70" path="1" offsetend="40" fileid="179" />
                <BranchPoint vc="0" uspid="6676" ordinal="4" offset="51" sl="70" path="0" offsetend="53" fileid="179" />
                <BranchPoint vc="2" uspid="6677" ordinal="5" offset="51" sl="70" path="1" offsetend="4" fileid="179" />
              </BranchPoints>
              <MethodPoint xsi:type="SequencePoint" vc="1" uspid="6666" ordinal="0" offset="0" sl="70" sc="18" el="70" ec="33" bec="0" bev="0" fileid="179" />
            </Method>
          </Methods>
        </Class>
        <Class>
          <Summary numSequencePoints="1" visitedSequencePoints="0" numBranchPoints="1" visitedBranchPoints="0" sequenceCoverage="0" branchCoverage="0" maxCyclomaticComplexity="1" minCyclomaticComplexity="1" maxCrapScore="2" minCrapScore="2" visitedClasses="0" numClasses="1" visitedMethods="0" numMethods="1" />
          <FullName>Humanizer.Configuration.LocaliserRegistry`1/&lt;&gt;c__DisplayClass2_0</FullName>
          <Methods>
            <Method visited="false" cyclomaticComplexity="1" nPathComplexity="0" sequenceCoverage="0" branchCoverage="0" crapScore="2" isConstructor="true" isStatic="false" isGetter="false" isSetter="false">
              <Summary numSequencePoints="0" visitedSequencePoints="0" numBranchPoints="0" visitedBranchPoints="0" sequenceCoverage="0" branchCoverage="0" maxCyclomaticComplexity="1" minCyclomaticComplexity="1" maxCrapScore="2" minCrapScore="2" visitedClasses="0" numClasses="0" visitedMethods="0" numMethods="0" />
              <MetadataToken>100664711</MetadataToken>
              <Name>System.Void Humanizer.Configuration.LocaliserRegistry`1/&lt;&gt;c__DisplayClass2_0::.ctor()</Name>
              <SequencePoints />
              <BranchPoints />
              <MethodPoint vc="0" uspid="6678" ordinal="0" offset="0" />
            </Method>
            <Method visited="false" cyclomaticComplexity="1" nPathComplexity="0" sequenceCoverage="0" branchCoverage="0" crapScore="2" isConstructor="false" isStatic="false" isGetter="false" isSetter="false">
              <Summary numSequencePoints="1" visitedSequencePoints="0" numBranchPoints="1" visitedBranchPoints="0" sequenceCoverage="0" branchCoverage="0" maxCyclomaticComplexity="1" minCyclomaticComplexity="1" maxCrapScore="2" minCrapScore="2" visitedClasses="0" numClasses="0" visitedMethods="0" numMethods="1" />
              <MetadataToken>100664712</MetadataToken>
              <Name>TLocaliser Humanizer.Configuration.LocaliserRegistry`1/&lt;&gt;c__DisplayClass2_0::&lt;.ctor&gt;b__0(System.Globalization.CultureInfo)</Name>
              <FileRef uid="179" />
              <SequencePoints>
                <SequencePoint vc="0" uspid="6679" ordinal="0" offset="0" sl="23" sc="46" el="23" ec="62" bec="0" bev="0" fileid="179" />
              </SequencePoints>
              <BranchPoints />
              <MethodPoint xsi:type="SequencePoint" vc="0" uspid="6679" ordinal="0" offset="0" sl="23" sc="46" el="23" ec="62" bec="0" bev="0" fileid="179" />
            </Method>
          </Methods>
        </Class>
        <Class>
          <Summary numSequencePoints="1" visitedSequencePoints="1" numBranchPoints="1" visitedBranchPoints="1" sequenceCoverage="100" branchCoverage="100" maxCyclomaticComplexity="1" minCyclomaticComplexity="1" maxCrapScore="2" minCrapScore="1" visitedClasses="1" numClasses="1" visitedMethods="1" numMethods="1" />
          <FullName>Humanizer.Configuration.LocaliserRegistry`1/&lt;&gt;c__DisplayClass6_0</FullName>
          <Methods>
            <Method visited="false" cyclomaticComplexity="1" nPathComplexity="0" sequenceCoverage="0" branchCoverage="0" crapScore="2" isConstructor="true" isStatic="false" isGetter="false" isSetter="false">
              <Summary numSequencePoints="0" visitedSequencePoints="0" numBranchPoints="0" visitedBranchPoints="0" sequenceCoverage="0" branchCoverage="0" maxCyclomaticComplexity="1" minCyclomaticComplexity="1" maxCrapScore="2" minCrapScore="2" visitedClasses="0" numClasses="0" visitedMethods="0" numMethods="0" />
              <MetadataToken>100664713</MetadataToken>
              <Name>System.Void Humanizer.Configuration.LocaliserRegistry`1/&lt;&gt;c__DisplayClass6_0::.ctor()</Name>
              <SequencePoints />
              <BranchPoints />
              <MethodPoint vc="0" uspid="6680" ordinal="0" offset="0" />
            </Method>
            <Method visited="true" cyclomaticComplexity="1" nPathComplexity="0" sequenceCoverage="100" branchCoverage="100" crapScore="1" isConstructor="false" isStatic="false" isGetter="false" isSetter="false">
              <Summary numSequencePoints="1" visitedSequencePoints="1" numBranchPoints="1" visitedBranchPoints="1" sequenceCoverage="100" branchCoverage="100" maxCyclomaticComplexity="1" minCyclomaticComplexity="1" maxCrapScore="1" minCrapScore="1" visitedClasses="0" numClasses="0" visitedMethods="1" numMethods="1" />
              <MetadataToken>100664714</MetadataToken>
              <Name>TLocaliser Humanizer.Configuration.LocaliserRegistry`1/&lt;&gt;c__DisplayClass6_0::&lt;Register&gt;b__0(System.Globalization.CultureInfo)</Name>
              <FileRef uid="179" />
              <SequencePoints>
                <SequencePoint vc="1" uspid="6681" ordinal="0" offset="0" sl="57" sc="52" el="57" ec="61" bec="0" bev="0" fileid="179" />
              </SequencePoints>
              <BranchPoints />
              <MethodPoint xsi:type="SequencePoint" vc="1" uspid="6681" ordinal="0" offset="0" sl="57" sc="52" el="57" ec="61" bec="0" bev="0" fileid="179" />
            </Method>
          </Methods>
        </Class>
        <Class>
          <Summary numSequencePoints="40" visitedSequencePoints="40" numBranchPoints="17" visitedBranchPoints="9" sequenceCoverage="100" branchCoverage="52.94" maxCyclomaticComplexity="9" minCyclomaticComplexity="9" maxCrapScore="9" minCrapScore="9" visitedClasses="1" numClasses="1" visitedMethods="1" numMethods="1" />
          <FullName>Humanizer.Configuration.NumberToWordsConverterRegistry</FullName>
          <Methods>
            <Method visited="true" cyclomaticComplexity="9" nPathComplexity="256" sequenceCoverage="100" branchCoverage="52.94" crapScore="9" isConstructor="true" isStatic="false" isGetter="false" isSetter="false">
              <Summary numSequencePoints="40" visitedSequencePoints="40" numBranchPoints="17" visitedBranchPoints="9" sequenceCoverage="100" branchCoverage="52.94" maxCyclomaticComplexity="9" minCyclomaticComplexity="9" maxCrapScore="9" minCrapScore="9" visitedClasses="0" numClasses="0" visitedMethods="1" numMethods="1" />
              <MetadataToken>100664033</MetadataToken>
              <Name>System.Void Humanizer.Configuration.NumberToWordsConverterRegistry::.ctor()</Name>
              <FileRef uid="182" />
              <SequencePoints>
                <SequencePoint vc="1" uspid="6682" ordinal="0" offset="0" sl="8" sc="15" el="8" ec="69" bec="2" bev="1" fileid="182" />
                <SequencePoint vc="1" uspid="6683" ordinal="1" offset="37" sl="10" sc="13" el="10" ec="67" bec="0" bev="0" fileid="182" />
                <SequencePoint vc="1" uspid="6684" ordinal="2" offset="53" sl="11" sc="13" el="11" ec="65" bec="0" bev="0" fileid="182" />
                <SequencePoint vc="1" uspid="6685" ordinal="3" offset="69" sl="12" sc="13" el="12" ec="64" bec="0" bev="0" fileid="182" />
                <SequencePoint vc="1" uspid="6686" ordinal="4" offset="85" sl="13" sc="13" el="13" ec="83" bec="2" bev="1" fileid="182" />
                <SequencePoint vc="1" uspid="6687" ordinal="5" offset="127" sl="14" sc="13" el="14" ec="63" bec="0" bev="0" fileid="182" />
                <SequencePoint vc="1" uspid="6688" ordinal="6" offset="143" sl="15" sc="13" el="15" ec="65" bec="0" bev="0" fileid="182" />
                <SequencePoint vc="1" uspid="6689" ordinal="7" offset="159" sl="16" sc="13" el="16" ec="84" bec="2" bev="1" fileid="182" />
                <SequencePoint vc="1" uspid="6690" ordinal="8" offset="201" sl="17" sc="13" el="17" ec="68" bec="0" bev="0" fileid="182" />
                <SequencePoint vc="1" uspid="6691" ordinal="9" offset="217" sl="18" sc="13" el="18" ec="80" bec="0" bev="0" fileid="182" />
                <SequencePoint vc="1" uspid="6692" ordinal="10" offset="233" sl="19" sc="13" el="19" ec="66" bec="0" bev="0" fileid="182" />
                <SequencePoint vc="1" uspid="6693" ordinal="11" offset="249" sl="20" sc="13" el="20" ec="65" bec="0" bev="0" fileid="182" />
                <SequencePoint vc="1" uspid="6694" ordinal="12" offset="265" sl="21" sc="13" el="21" ec="65" bec="0" bev="0" fileid="182" />
                <SequencePoint vc="1" uspid="6695" ordinal="13" offset="281" sl="22" sc="13" el="22" ec="74" bec="0" bev="0" fileid="182" />
                <SequencePoint vc="1" uspid="6696" ordinal="14" offset="297" sl="23" sc="13" el="23" ec="72" bec="0" bev="0" fileid="182" />
                <SequencePoint vc="1" uspid="6697" ordinal="15" offset="313" sl="24" sc="13" el="24" ec="64" bec="0" bev="0" fileid="182" />
                <SequencePoint vc="1" uspid="6698" ordinal="16" offset="329" sl="25" sc="13" el="25" ec="63" bec="0" bev="0" fileid="182" />
                <SequencePoint vc="1" uspid="6699" ordinal="17" offset="345" sl="26" sc="13" el="26" ec="84" bec="2" bev="1" fileid="182" />
                <SequencePoint vc="1" uspid="6700" ordinal="18" offset="387" sl="27" sc="13" el="27" ec="87" bec="2" bev="1" fileid="182" />
                <SequencePoint vc="1" uspid="6701" ordinal="19" offset="429" sl="28" sc="13" el="28" ec="64" bec="0" bev="0" fileid="182" />
                <SequencePoint vc="1" uspid="6702" ordinal="20" offset="445" sl="29" sc="13" el="29" ec="85" bec="0" bev="0" fileid="182" />
                <SequencePoint vc="1" uspid="6703" ordinal="21" offset="461" sl="30" sc="13" el="30" ec="85" bec="0" bev="0" fileid="182" />
                <SequencePoint vc="1" uspid="6704" ordinal="22" offset="477" sl="31" sc="13" el="31" ec="67" bec="0" bev="0" fileid="182" />
                <SequencePoint vc="1" uspid="6705" ordinal="23" offset="493" sl="32" sc="13" el="32" ec="64" bec="0" bev="0" fileid="182" />
                <SequencePoint vc="1" uspid="6706" ordinal="24" offset="509" sl="33" sc="13" el="33" ec="65" bec="0" bev="0" fileid="182" />
                <SequencePoint vc="1" uspid="6707" ordinal="25" offset="525" sl="34" sc="13" el="34" ec="65" bec="0" bev="0" fileid="182" />
                <SequencePoint vc="1" uspid="6708" ordinal="26" offset="541" sl="35" sc="13" el="35" ec="67" bec="0" bev="0" fileid="182" />
                <SequencePoint vc="1" uspid="6709" ordinal="27" offset="557" sl="36" sc="13" el="36" ec="74" bec="0" bev="0" fileid="182" />
                <SequencePoint vc="1" uspid="6710" ordinal="28" offset="573" sl="37" sc="13" el="37" ec="74" bec="0" bev="0" fileid="182" />
                <SequencePoint vc="1" uspid="6711" ordinal="29" offset="589" sl="38" sc="13" el="38" ec="65" bec="0" bev="0" fileid="182" />
                <SequencePoint vc="1" uspid="6712" ordinal="30" offset="605" sl="39" sc="13" el="39" ec="89" bec="2" bev="1" fileid="182" />
                <SequencePoint vc="1" uspid="6713" ordinal="31" offset="647" sl="40" sc="13" el="40" ec="90" bec="2" bev="1" fileid="182" />
                <SequencePoint vc="1" uspid="6714" ordinal="32" offset="689" sl="41" sc="13" el="41" ec="86" bec="2" bev="1" fileid="182" />
                <SequencePoint vc="1" uspid="6715" ordinal="33" offset="731" sl="42" sc="13" el="42" ec="73" bec="0" bev="0" fileid="182" />
                <SequencePoint vc="1" uspid="6716" ordinal="34" offset="747" sl="43" sc="13" el="43" ec="68" bec="0" bev="0" fileid="182" />
                <SequencePoint vc="1" uspid="6717" ordinal="35" offset="763" sl="44" sc="13" el="44" ec="68" bec="0" bev="0" fileid="182" />
                <SequencePoint vc="1" uspid="6718" ordinal="36" offset="779" sl="45" sc="13" el="45" ec="67" bec="0" bev="0" fileid="182" />
                <SequencePoint vc="1" uspid="6719" ordinal="37" offset="795" sl="46" sc="13" el="46" ec="66" bec="0" bev="0" fileid="182" />
                <SequencePoint vc="1" uspid="6720" ordinal="38" offset="811" sl="47" sc="13" el="47" ec="69" bec="0" bev="0" fileid="182" />
                <SequencePoint vc="1" uspid="6721" ordinal="39" offset="827" sl="48" sc="9" el="48" ec="10" bec="0" bev="0" fileid="182" />
              </SequencePoints>
              <BranchPoints>
                <BranchPoint vc="1" uspid="6722" ordinal="0" offset="7" sl="8" path="0" offsetend="9" fileid="182" />
                <BranchPoint vc="0" uspid="6723" ordinal="1" offset="7" sl="8" path="1" offsetend="32" fileid="182" />
                <BranchPoint vc="1" uspid="6724" ordinal="2" offset="97" sl="13" path="0" offsetend="99" fileid="182" />
                <BranchPoint vc="0" uspid="6725" ordinal="3" offset="97" sl="13" path="1" offsetend="122" fileid="182" />
                <BranchPoint vc="1" uspid="6726" ordinal="4" offset="171" sl="16" path="0" offsetend="173" fileid="182" />
                <BranchPoint vc="0" uspid="6727" ordinal="5" offset="171" sl="16" path="1" offsetend="196" fileid="182" />
                <BranchPoint vc="1" uspid="6728" ordinal="6" offset="357" sl="26" path="0" offsetend="359" fileid="182" />
                <BranchPoint vc="0" uspid="6729" ordinal="7" offset="357" sl="26" path="1" offsetend="382" fileid="182" />
                <BranchPoint vc="1" uspid="6730" ordinal="8" offset="399" sl="27" path="0" offsetend="401" fileid="182" />
                <BranchPoint vc="0" uspid="6731" ordinal="9" offset="399" sl="27" path="1" offsetend="424" fileid="182" />
                <BranchPoint vc="1" uspid="6732" ordinal="10" offset="617" sl="39" path="0" offsetend="619" fileid="182" />
                <BranchPoint vc="0" uspid="6733" ordinal="11" offset="617" sl="39" path="1" offsetend="642" fileid="182" />
                <BranchPoint vc="1" uspid="6734" ordinal="12" offset="659" sl="40" path="0" offsetend="661" fileid="182" />
                <BranchPoint vc="0" uspid="6735" ordinal="13" offset="659" sl="40" path="1" offsetend="684" fileid="182" />
                <BranchPoint vc="1" uspid="6736" ordinal="14" offset="701" sl="41" path="0" offsetend="703" fileid="182" />
                <BranchPoint vc="0" uspid="6737" ordinal="15" offset="701" sl="41" path="1" offsetend="726" fileid="182" />
              </BranchPoints>
              <MethodPoint xsi:type="SequencePoint" vc="1" uspid="6682" ordinal="0" offset="0" sl="8" sc="15" el="8" ec="69" bec="2" bev="1" fileid="182" />
            </Method>
          </Methods>
        </Class>
        <Class>
          <Summary numSequencePoints="8" visitedSequencePoints="0" numBranchPoints="8" visitedBranchPoints="0" sequenceCoverage="0" branchCoverage="0" maxCyclomaticComplexity="1" minCyclomaticComplexity="1" maxCrapScore="2" minCrapScore="2" visitedClasses="0" numClasses="1" visitedMethods="0" numMethods="8" />
          <FullName>Humanizer.Configuration.NumberToWordsConverterRegistry/&lt;&gt;c</FullName>
          <Methods>
            <Method visited="false" cyclomaticComplexity="1" nPathComplexity="0" sequenceCoverage="0" branchCoverage="0" crapScore="2" isConstructor="true" isStatic="true" isGetter="false" isSetter="false">
              <Summary numSequencePoints="0" visitedSequencePoints="0" numBranchPoints="0" visitedBranchPoints="0" sequenceCoverage="0" branchCoverage="0" maxCyclomaticComplexity="1" minCyclomaticComplexity="1" maxCrapScore="2" minCrapScore="2" visitedClasses="0" numClasses="0" visitedMethods="0" numMethods="0" />
              <MetadataToken>100664715</MetadataToken>
              <Name>System.Void Humanizer.Configuration.NumberToWordsConverterRegistry/&lt;&gt;c::.cctor()</Name>
              <SequencePoints />
              <BranchPoints />
              <MethodPoint vc="0" uspid="6738" ordinal="0" offset="0" />
            </Method>
            <Method visited="false" cyclomaticComplexity="1" nPathComplexity="0" sequenceCoverage="0" branchCoverage="0" crapScore="2" isConstructor="true" isStatic="false" isGetter="false" isSetter="false">
              <Summary numSequencePoints="0" visitedSequencePoints="0" numBranchPoints="0" visitedBranchPoints="0" sequenceCoverage="0" branchCoverage="0" maxCyclomaticComplexity="1" minCyclomaticComplexity="1" maxCrapScore="2" minCrapScore="2" visitedClasses="0" numClasses="0" visitedMethods="0" numMethods="0" />
              <MetadataToken>100664716</MetadataToken>
              <Name>System.Void Humanizer.Configuration.NumberToWordsConverterRegistry/&lt;&gt;c::.ctor()</Name>
              <SequencePoints />
              <BranchPoints />
              <MethodPoint vc="0" uspid="6739" ordinal="0" offset="0" />
            </Method>
            <Method visited="false" cyclomaticComplexity="1" nPathComplexity="0" sequenceCoverage="0" branchCoverage="0" crapScore="2" isConstructor="false" isStatic="false" isGetter="false" isSetter="false">
              <Summary numSequencePoints="1" visitedSequencePoints="0" numBranchPoints="1" visitedBranchPoints="0" sequenceCoverage="0" branchCoverage="0" maxCyclomaticComplexity="1" minCyclomaticComplexity="1" maxCrapScore="2" minCrapScore="2" visitedClasses="0" numClasses="0" visitedMethods="0" numMethods="1" />
              <MetadataToken>100664717</MetadataToken>
              <Name>Humanizer.Localisation.NumberToWords.INumberToWordsConverter Humanizer.Configuration.NumberToWordsConverterRegistry/&lt;&gt;c::&lt;.ctor&gt;b__0_0(System.Globalization.CultureInfo)</Name>
              <FileRef uid="182" />
              <SequencePoints>
                <SequencePoint vc="0" uspid="6740" ordinal="0" offset="0" sl="8" sc="33" el="8" ec="68" bec="0" bev="0" fileid="182" />
              </SequencePoints>
              <BranchPoints />
              <MethodPoint xsi:type="SequencePoint" vc="0" uspid="6740" ordinal="0" offset="0" sl="8" sc="33" el="8" ec="68" bec="0" bev="0" fileid="182" />
            </Method>
            <Method visited="false" cyclomaticComplexity="1" nPathComplexity="0" sequenceCoverage="0" branchCoverage="0" crapScore="2" isConstructor="false" isStatic="false" isGetter="false" isSetter="false">
              <Summary numSequencePoints="1" visitedSequencePoints="0" numBranchPoints="1" visitedBranchPoints="0" sequenceCoverage="0" branchCoverage="0" maxCyclomaticComplexity="1" minCyclomaticComplexity="1" maxCrapScore="2" minCrapScore="2" visitedClasses="0" numClasses="0" visitedMethods="0" numMethods="1" />
              <MetadataToken>100664718</MetadataToken>
              <Name>Humanizer.Localisation.NumberToWords.INumberToWordsConverter Humanizer.Configuration.NumberToWordsConverterRegistry/&lt;&gt;c::&lt;.ctor&gt;b__0_1(System.Globalization.CultureInfo)</Name>
              <FileRef uid="182" />
              <SequencePoints>
                <SequencePoint vc="0" uspid="6741" ordinal="0" offset="0" sl="13" sc="41" el="13" ec="81" bec="0" bev="0" fileid="182" />
              </SequencePoints>
              <BranchPoints />
              <MethodPoint xsi:type="SequencePoint" vc="0" uspid="6741" ordinal="0" offset="0" sl="13" sc="41" el="13" ec="81" bec="0" bev="0" fileid="182" />
            </Method>
            <Method visited="false" cyclomaticComplexity="1" nPathComplexity="0" sequenceCoverage="0" branchCoverage="0" crapScore="2" isConstructor="false" isStatic="false" isGetter="false" isSetter="false">
              <Summary numSequencePoints="1" visitedSequencePoints="0" numBranchPoints="1" visitedBranchPoints="0" sequenceCoverage="0" branchCoverage="0" maxCyclomaticComplexity="1" minCyclomaticComplexity="1" maxCrapScore="2" minCrapScore="2" visitedClasses="0" numClasses="0" visitedMethods="0" numMethods="1" />
              <MetadataToken>100664719</MetadataToken>
              <Name>Humanizer.Localisation.NumberToWords.INumberToWordsConverter Humanizer.Configuration.NumberToWordsConverterRegistry/&lt;&gt;c::&lt;.ctor&gt;b__0_2(System.Globalization.CultureInfo)</Name>
              <FileRef uid="182" />
              <SequencePoints>
                <SequencePoint vc="0" uspid="6742" ordinal="0" offset="0" sl="16" sc="41" el="16" ec="82" bec="0" bev="0" fileid="182" />
              </SequencePoints>
              <BranchPoints />
              <MethodPoint xsi:type="SequencePoint" vc="0" uspid="6742" ordinal="0" offset="0" sl="16" sc="41" el="16" ec="82" bec="0" bev="0" fileid="182" />
            </Method>
            <Method visited="false" cyclomaticComplexity="1" nPathComplexity="0" sequenceCoverage="0" branchCoverage="0" crapScore="2" isConstructor="false" isStatic="false" isGetter="false" isSetter="false">
              <Summary numSequencePoints="1" visitedSequencePoints="0" numBranchPoints="1" visitedBranchPoints="0" sequenceCoverage="0" branchCoverage="0" maxCyclomaticComplexity="1" minCyclomaticComplexity="1" maxCrapScore="2" minCrapScore="2" visitedClasses="0" numClasses="0" visitedMethods="0" numMethods="1" />
              <MetadataToken>100664720</MetadataToken>
              <Name>Humanizer.Localisation.NumberToWords.INumberToWordsConverter Humanizer.Configuration.NumberToWordsConverterRegistry/&lt;&gt;c::&lt;.ctor&gt;b__0_3(System.Globalization.CultureInfo)</Name>
              <FileRef uid="182" />
              <SequencePoints>
                <SequencePoint vc="0" uspid="6743" ordinal="0" offset="0" sl="26" sc="41" el="26" ec="82" bec="0" bev="0" fileid="182" />
              </SequencePoints>
              <BranchPoints />
              <MethodPoint xsi:type="SequencePoint" vc="0" uspid="6743" ordinal="0" offset="0" sl="26" sc="41" el="26" ec="82" bec="0" bev="0" fileid="182" />
            </Method>
            <Method visited="false" cyclomaticComplexity="1" nPathComplexity="0" sequenceCoverage="0" branchCoverage="0" crapScore="2" isConstructor="false" isStatic="false" isGetter="false" isSetter="false">
              <Summary numSequencePoints="1" visitedSequencePoints="0" numBranchPoints="1" visitedBranchPoints="0" sequenceCoverage="0" branchCoverage="0" maxCyclomaticComplexity="1" minCyclomaticComplexity="1" maxCrapScore="2" minCrapScore="2" visitedClasses="0" numClasses="0" visitedMethods="0" numMethods="1" />
              <MetadataToken>100664721</MetadataToken>
              <Name>Humanizer.Localisation.NumberToWords.INumberToWordsConverter Humanizer.Configuration.NumberToWordsConverterRegistry/&lt;&gt;c::&lt;.ctor&gt;b__0_4(System.Globalization.CultureInfo)</Name>
              <FileRef uid="182" />
              <SequencePoints>
                <SequencePoint vc="0" uspid="6744" ordinal="0" offset="0" sl="27" sc="41" el="27" ec="85" bec="0" bev="0" fileid="182" />
              </SequencePoints>
              <BranchPoints />
              <MethodPoint xsi:type="SequencePoint" vc="0" uspid="6744" ordinal="0" offset="0" sl="27" sc="41" el="27" ec="85" bec="0" bev="0" fileid="182" />
            </Method>
            <Method visited="false" cyclomaticComplexity="1" nPathComplexity="0" sequenceCoverage="0" branchCoverage="0" crapScore="2" isConstructor="false" isStatic="false" isGetter="false" isSetter="false">
              <Summary numSequencePoints="1" visitedSequencePoints="0" numBranchPoints="1" visitedBranchPoints="0" sequenceCoverage="0" branchCoverage="0" maxCyclomaticComplexity="1" minCyclomaticComplexity="1" maxCrapScore="2" minCrapScore="2" visitedClasses="0" numClasses="0" visitedMethods="0" numMethods="1" />
              <MetadataToken>100664722</MetadataToken>
              <Name>Humanizer.Localisation.NumberToWords.INumberToWordsConverter Humanizer.Configuration.NumberToWordsConverterRegistry/&lt;&gt;c::&lt;.ctor&gt;b__0_5(System.Globalization.CultureInfo)</Name>
              <FileRef uid="182" />
              <SequencePoints>
                <SequencePoint vc="0" uspid="6745" ordinal="0" offset="0" sl="39" sc="41" el="39" ec="87" bec="0" bev="0" fileid="182" />
              </SequencePoints>
              <BranchPoints />
              <MethodPoint xsi:type="SequencePoint" vc="0" uspid="6745" ordinal="0" offset="0" sl="39" sc="41" el="39" ec="87" bec="0" bev="0" fileid="182" />
            </Method>
            <Method visited="false" cyclomaticComplexity="1" nPathComplexity="0" sequenceCoverage="0" branchCoverage="0" crapScore="2" isConstructor="false" isStatic="false" isGetter="false" isSetter="false">
              <Summary numSequencePoints="1" visitedSequencePoints="0" numBranchPoints="1" visitedBranchPoints="0" sequenceCoverage="0" branchCoverage="0" maxCyclomaticComplexity="1" minCyclomaticComplexity="1" maxCrapScore="2" minCrapScore="2" visitedClasses="0" numClasses="0" visitedMethods="0" numMethods="1" />
              <MetadataToken>100664723</MetadataToken>
              <Name>Humanizer.Localisation.NumberToWords.INumberToWordsConverter Humanizer.Configuration.NumberToWordsConverterRegistry/&lt;&gt;c::&lt;.ctor&gt;b__0_6(System.Globalization.CultureInfo)</Name>
              <FileRef uid="182" />
              <SequencePoints>
                <SequencePoint vc="0" uspid="6746" ordinal="0" offset="0" sl="40" sc="46" el="40" ec="88" bec="0" bev="0" fileid="182" />
              </SequencePoints>
              <BranchPoints />
              <MethodPoint xsi:type="SequencePoint" vc="0" uspid="6746" ordinal="0" offset="0" sl="40" sc="46" el="40" ec="88" bec="0" bev="0" fileid="182" />
            </Method>
            <Method visited="false" cyclomaticComplexity="1" nPathComplexity="0" sequenceCoverage="0" branchCoverage="0" crapScore="2" isConstructor="false" isStatic="false" isGetter="false" isSetter="false">
              <Summary numSequencePoints="1" visitedSequencePoints="0" numBranchPoints="1" visitedBranchPoints="0" sequenceCoverage="0" branchCoverage="0" maxCyclomaticComplexity="1" minCyclomaticComplexity="1" maxCrapScore="2" minCrapScore="2" visitedClasses="0" numClasses="0" visitedMethods="0" numMethods="1" />
              <MetadataToken>100664724</MetadataToken>
              <Name>Humanizer.Localisation.NumberToWords.INumberToWordsConverter Humanizer.Configuration.NumberToWordsConverterRegistry/&lt;&gt;c::&lt;.ctor&gt;b__0_7(System.Globalization.CultureInfo)</Name>
              <FileRef uid="182" />
              <SequencePoints>
                <SequencePoint vc="0" uspid="6747" ordinal="0" offset="0" sl="41" sc="41" el="41" ec="84" bec="0" bev="0" fileid="182" />
              </SequencePoints>
              <BranchPoints />
              <MethodPoint xsi:type="SequencePoint" vc="0" uspid="6747" ordinal="0" offset="0" sl="41" sc="41" el="41" ec="84" bec="0" bev="0" fileid="182" />
            </Method>
          </Methods>
        </Class>
        <Class>
          <Summary numSequencePoints="15" visitedSequencePoints="15" numBranchPoints="1" visitedBranchPoints="1" sequenceCoverage="100" branchCoverage="100" maxCyclomaticComplexity="1" minCyclomaticComplexity="1" maxCrapScore="1" minCrapScore="1" visitedClasses="1" numClasses="1" visitedMethods="1" numMethods="1" />
          <FullName>Humanizer.Configuration.OrdinalizerRegistry</FullName>
          <Methods>
            <Method visited="true" cyclomaticComplexity="1" nPathComplexity="0" sequenceCoverage="100" branchCoverage="100" crapScore="1" isConstructor="true" isStatic="false" isGetter="false" isSetter="false">
              <Summary numSequencePoints="15" visitedSequencePoints="15" numBranchPoints="1" visitedBranchPoints="1" sequenceCoverage="100" branchCoverage="100" maxCyclomaticComplexity="1" minCyclomaticComplexity="1" maxCrapScore="1" minCrapScore="1" visitedClasses="0" numClasses="0" visitedMethods="1" numMethods="1" />
              <MetadataToken>100664034</MetadataToken>
              <Name>System.Void Humanizer.Configuration.OrdinalizerRegistry::.ctor()</Name>
              <FileRef uid="184" />
              <SequencePoints>
                <SequencePoint vc="1" uspid="6748" ordinal="0" offset="0" sl="7" sc="40" el="7" ec="70" bec="0" bev="0" fileid="184" />
                <SequencePoint vc="1" uspid="6749" ordinal="1" offset="11" sl="9" sc="13" el="9" ec="53" bec="0" bev="0" fileid="184" />
                <SequencePoint vc="1" uspid="6750" ordinal="2" offset="27" sl="10" sc="13" el="10" ec="54" bec="0" bev="0" fileid="184" />
                <SequencePoint vc="1" uspid="6751" ordinal="3" offset="43" sl="11" sc="13" el="11" ec="54" bec="0" bev="0" fileid="184" />
                <SequencePoint vc="1" uspid="6752" ordinal="4" offset="59" sl="12" sc="13" el="12" ec="53" bec="0" bev="0" fileid="184" />
                <SequencePoint vc="1" uspid="6753" ordinal="5" offset="75" sl="13" sc="13" el="13" ec="54" bec="0" bev="0" fileid="184" />
                <SequencePoint vc="1" uspid="6754" ordinal="6" offset="91" sl="14" sc="13" el="14" ec="52" bec="0" bev="0" fileid="184" />
                <SequencePoint vc="1" uspid="6755" ordinal="7" offset="107" sl="15" sc="13" el="15" ec="57" bec="0" bev="0" fileid="184" />
                <SequencePoint vc="1" uspid="6756" ordinal="8" offset="123" sl="16" sc="13" el="16" ec="55" bec="0" bev="0" fileid="184" />
                <SequencePoint vc="1" uspid="6757" ordinal="9" offset="139" sl="17" sc="13" el="17" ec="54" bec="0" bev="0" fileid="184" />
                <SequencePoint vc="1" uspid="6758" ordinal="10" offset="155" sl="18" sc="13" el="18" ec="54" bec="0" bev="0" fileid="184" />
                <SequencePoint vc="1" uspid="6759" ordinal="11" offset="171" sl="19" sc="13" el="19" ec="56" bec="0" bev="0" fileid="184" />
                <SequencePoint vc="1" uspid="6760" ordinal="12" offset="187" sl="20" sc="13" el="20" ec="55" bec="0" bev="0" fileid="184" />
                <SequencePoint vc="1" uspid="6761" ordinal="13" offset="203" sl="21" sc="13" el="21" ec="58" bec="0" bev="0" fileid="184" />
                <SequencePoint vc="1" uspid="6762" ordinal="14" offset="219" sl="22" sc="9" el="22" ec="10" bec="0" bev="0" fileid="184" />
              </SequencePoints>
              <BranchPoints />
              <MethodPoint xsi:type="SequencePoint" vc="1" uspid="6748" ordinal="0" offset="0" sl="7" sc="40" el="7" ec="70" bec="0" bev="0" fileid="184" />
            </Method>
          </Methods>
        </Class>
        <Class>
          <Summary numSequencePoints="23" visitedSequencePoints="0" numBranchPoints="13" visitedBranchPoints="0" sequenceCoverage="0" branchCoverage="0" maxCyclomaticComplexity="4" minCyclomaticComplexity="1" maxCrapScore="20" minCrapScore="2" visitedClasses="0" numClasses="1" visitedMethods="0" numMethods="7" />
          <FullName>Humanizer.Bytes.ByteRate</FullName>
          <Methods>
            <Method visited="false" cyclomaticComplexity="1" nPathComplexity="0" sequenceCoverage="0" branchCoverage="0" crapScore="2" isConstructor="false" isStatic="false" isGetter="true" isSetter="false">
              <Summary numSequencePoints="1" visitedSequencePoints="0" numBranchPoints="1" visitedBranchPoints="0" sequenceCoverage="0" branchCoverage="0" maxCyclomaticComplexity="1" minCyclomaticComplexity="1" maxCrapScore="2" minCrapScore="2" visitedClasses="0" numClasses="0" visitedMethods="0" numMethods="1" />
              <MetadataToken>100664035</MetadataToken>
              <Name>Humanizer.Bytes.ByteSize Humanizer.Bytes.ByteRate::get_Size()</Name>
              <FileRef uid="185" />
              <SequencePoints>
                <SequencePoint vc="0" uspid="6763" ordinal="0" offset="0" sl="16" sc="32" el="16" ec="36" bec="0" bev="0" fileid="185" />
              </SequencePoints>
              <BranchPoints />
              <MethodPoint xsi:type="SequencePoint" vc="0" uspid="6763" ordinal="0" offset="0" sl="16" sc="32" el="16" ec="36" bec="0" bev="0" fileid="185" />
            </Method>
            <Method visited="false" cyclomaticComplexity="1" nPathComplexity="0" sequenceCoverage="0" branchCoverage="0" crapScore="2" isConstructor="false" isStatic="false" isGetter="false" isSetter="true">
              <Summary numSequencePoints="1" visitedSequencePoints="0" numBranchPoints="1" visitedBranchPoints="0" sequenceCoverage="0" branchCoverage="0" maxCyclomaticComplexity="1" minCyclomaticComplexity="1" maxCrapScore="2" minCrapScore="2" visitedClasses="0" numClasses="0" visitedMethods="0" numMethods="1" />
              <MetadataToken>100664036</MetadataToken>
              <Name>System.Void Humanizer.Bytes.ByteRate::set_Size(Humanizer.Bytes.ByteSize)</Name>
              <FileRef uid="185" />
              <SequencePoints>
                <SequencePoint vc="0" uspid="6764" ordinal="0" offset="0" sl="16" sc="37" el="16" ec="49" bec="0" bev="0" fileid="185" />
              </SequencePoints>
              <BranchPoints />
              <MethodPoint xsi:type="SequencePoint" vc="0" uspid="6764" ordinal="0" offset="0" sl="16" sc="37" el="16" ec="49" bec="0" bev="0" fileid="185" />
            </Method>
            <Method visited="false" cyclomaticComplexity="1" nPathComplexity="0" sequenceCoverage="0" branchCoverage="0" crapScore="2" isConstructor="false" isStatic="false" isGetter="true" isSetter="false">
              <Summary numSequencePoints="1" visitedSequencePoints="0" numBranchPoints="1" visitedBranchPoints="0" sequenceCoverage="0" branchCoverage="0" maxCyclomaticComplexity="1" minCyclomaticComplexity="1" maxCrapScore="2" minCrapScore="2" visitedClasses="0" numClasses="0" visitedMethods="0" numMethods="1" />
              <MetadataToken>100664037</MetadataToken>
              <Name>System.TimeSpan Humanizer.Bytes.ByteRate::get_Interval()</Name>
              <FileRef uid="185" />
              <SequencePoints>
                <SequencePoint vc="0" uspid="6765" ordinal="0" offset="0" sl="22" sc="36" el="22" ec="40" bec="0" bev="0" fileid="185" />
              </SequencePoints>
              <BranchPoints />
              <MethodPoint xsi:type="SequencePoint" vc="0" uspid="6765" ordinal="0" offset="0" sl="22" sc="36" el="22" ec="40" bec="0" bev="0" fileid="185" />
            </Method>
            <Method visited="false" cyclomaticComplexity="1" nPathComplexity="0" sequenceCoverage="0" branchCoverage="0" crapScore="2" isConstructor="false" isStatic="false" isGetter="false" isSetter="true">
              <Summary numSequencePoints="1" visitedSequencePoints="0" numBranchPoints="1" visitedBranchPoints="0" sequenceCoverage="0" branchCoverage="0" maxCyclomaticComplexity="1" minCyclomaticComplexity="1" maxCrapScore="2" minCrapScore="2" visitedClasses="0" numClasses="0" visitedMethods="0" numMethods="1" />
              <MetadataToken>100664038</MetadataToken>
              <Name>System.Void Humanizer.Bytes.ByteRate::set_Interval(System.TimeSpan)</Name>
              <FileRef uid="185" />
              <SequencePoints>
                <SequencePoint vc="0" uspid="6766" ordinal="0" offset="0" sl="22" sc="41" el="22" ec="53" bec="0" bev="0" fileid="185" />
              </SequencePoints>
              <BranchPoints />
              <MethodPoint xsi:type="SequencePoint" vc="0" uspid="6766" ordinal="0" offset="0" sl="22" sc="41" el="22" ec="53" bec="0" bev="0" fileid="185" />
            </Method>
            <Method visited="false" cyclomaticComplexity="1" nPathComplexity="0" sequenceCoverage="0" branchCoverage="0" crapScore="2" isConstructor="true" isStatic="false" isGetter="false" isSetter="false">
              <Summary numSequencePoints="4" visitedSequencePoints="0" numBranchPoints="1" visitedBranchPoints="0" sequenceCoverage="0" branchCoverage="0" maxCyclomaticComplexity="1" minCyclomaticComplexity="1" maxCrapScore="2" minCrapScore="2" visitedClasses="0" numClasses="0" visitedMethods="0" numMethods="1" />
              <MetadataToken>100664039</MetadataToken>
              <Name>System.Void Humanizer.Bytes.ByteRate::.ctor(Humanizer.Bytes.ByteSize,System.TimeSpan)</Name>
              <FileRef uid="185" />
              <SequencePoints>
                <SequencePoint vc="0" uspid="6767" ordinal="0" offset="0" sl="29" sc="9" el="29" ec="58" bec="0" bev="0" fileid="185" />
                <SequencePoint vc="0" uspid="6768" ordinal="1" offset="6" sl="31" sc="13" el="31" ec="30" bec="0" bev="0" fileid="185" />
                <SequencePoint vc="0" uspid="6769" ordinal="2" offset="13" sl="32" sc="13" el="32" ec="38" bec="0" bev="0" fileid="185" />
                <SequencePoint vc="0" uspid="6770" ordinal="3" offset="20" sl="33" sc="9" el="33" ec="10" bec="0" bev="0" fileid="185" />
              </SequencePoints>
              <BranchPoints />
              <MethodPoint xsi:type="SequencePoint" vc="0" uspid="6767" ordinal="0" offset="0" sl="29" sc="9" el="29" ec="58" bec="0" bev="0" fileid="185" />
            </Method>
            <Method visited="false" cyclomaticComplexity="1" nPathComplexity="0" sequenceCoverage="0" branchCoverage="0" crapScore="2" isConstructor="false" isStatic="false" isGetter="false" isSetter="false">
              <Summary numSequencePoints="1" visitedSequencePoints="0" numBranchPoints="1" visitedBranchPoints="0" sequenceCoverage="0" branchCoverage="0" maxCyclomaticComplexity="1" minCyclomaticComplexity="1" maxCrapScore="2" minCrapScore="2" visitedClasses="0" numClasses="0" visitedMethods="0" numMethods="1" />
              <MetadataToken>100664040</MetadataToken>
              <Name>System.String Humanizer.Bytes.ByteRate::Humanize(Humanizer.Localisation.TimeUnit)</Name>
              <FileRef uid="185" />
              <SequencePoints>
                <SequencePoint vc="0" uspid="6771" ordinal="0" offset="0" sl="42" sc="13" el="42" ec="45" bec="0" bev="0" fileid="185" />
              </SequencePoints>
              <BranchPoints />
              <MethodPoint xsi:type="SequencePoint" vc="0" uspid="6771" ordinal="0" offset="0" sl="42" sc="13" el="42" ec="45" bec="0" bev="0" fileid="185" />
            </Method>
            <Method visited="false" cyclomaticComplexity="4" nPathComplexity="8" sequenceCoverage="0" branchCoverage="0" crapScore="20" isConstructor="false" isStatic="false" isGetter="false" isSetter="false">
              <Summary numSequencePoints="14" visitedSequencePoints="0" numBranchPoints="7" visitedBranchPoints="0" sequenceCoverage="0" branchCoverage="0" maxCyclomaticComplexity="4" minCyclomaticComplexity="4" maxCrapScore="20" minCrapScore="20" visitedClasses="0" numClasses="0" visitedMethods="0" numMethods="1" />
              <MetadataToken>100664041</MetadataToken>
              <Name>System.String Humanizer.Bytes.ByteRate::Humanize(System.String,Humanizer.Localisation.TimeUnit)</Name>
              <FileRef uid="185" />
              <SequencePoints>
                <SequencePoint vc="0" uspid="6772" ordinal="0" offset="0" sl="56" sc="13" el="56" ec="45" bec="2" bev="0" fileid="185" />
                <SequencePoint vc="0" uspid="6773" ordinal="1" offset="4" sl="58" sc="17" el="58" ec="59" bec="0" bev="0" fileid="185" />
                <SequencePoint vc="0" uspid="6774" ordinal="2" offset="19" sl="59" sc="17" el="59" ec="35" bec="0" bev="0" fileid="185" />
                <SequencePoint vc="0" uspid="6775" ordinal="3" offset="25" sl="60" sc="13" el="60" ec="14" bec="0" bev="0" fileid="185" />
                <SequencePoint vc="0" uspid="6776" ordinal="4" offset="27" sl="61" sc="18" el="61" ec="50" bec="2" bev="0" fileid="185" />
                <SequencePoint vc="0" uspid="6777" ordinal="5" offset="31" sl="63" sc="17" el="63" ec="59" bec="0" bev="0" fileid="185" />
                <SequencePoint vc="0" uspid="6778" ordinal="6" offset="46" sl="64" sc="17" el="64" ec="37" bec="0" bev="0" fileid="185" />
                <SequencePoint vc="0" uspid="6779" ordinal="7" offset="52" sl="65" sc="13" el="65" ec="14" bec="0" bev="0" fileid="185" />
                <SequencePoint vc="0" uspid="6780" ordinal="8" offset="54" sl="66" sc="18" el="66" ec="48" bec="2" bev="0" fileid="185" />
                <SequencePoint vc="0" uspid="6781" ordinal="9" offset="58" sl="68" sc="17" el="68" ec="57" bec="0" bev="0" fileid="185" />
                <SequencePoint vc="0" uspid="6782" ordinal="10" offset="73" sl="69" sc="17" el="69" ec="38" bec="0" bev="0" fileid="185" />
                <SequencePoint vc="0" uspid="6783" ordinal="11" offset="79" sl="70" sc="13" el="70" ec="14" bec="0" bev="0" fileid="185" />
                <SequencePoint vc="0" uspid="6784" ordinal="12" offset="81" sl="73" sc="17" el="73" ec="93" bec="0" bev="0" fileid="185" />
                <SequencePoint vc="0" uspid="6785" ordinal="13" offset="92" sl="76" sc="13" el="77" ec="55" bec="0" bev="0" fileid="185" />
              </SequencePoints>
              <BranchPoints>
                <BranchPoint vc="0" uspid="6786" ordinal="0" offset="2" sl="56" path="0" offsetend="4" fileid="185" />
                <BranchPoint vc="0" uspid="6787" ordinal="1" offset="2" sl="56" path="1" offsetend="27" fileid="185" />
                <BranchPoint vc="0" uspid="6788" ordinal="2" offset="29" sl="61" path="0" offsetend="31" fileid="185" />
                <BranchPoint vc="0" uspid="6789" ordinal="3" offset="29" sl="61" path="1" offsetend="54" fileid="185" />
                <BranchPoint vc="0" uspid="6790" ordinal="4" offset="56" sl="66" path="0" offsetend="58" fileid="185" />
                <BranchPoint vc="0" uspid="6791" ordinal="5" offset="56" sl="66" path="1" offsetend="81" fileid="185" />
              </BranchPoints>
              <MethodPoint xsi:type="SequencePoint" vc="0" uspid="6772" ordinal="0" offset="0" sl="56" sc="13" el="56" ec="45" bec="2" bev="0" fileid="185" />
            </Method>
          </Methods>
        </Class>
        <Class>
          <Summary numSequencePoints="164" visitedSequencePoints="0" numBranchPoints="150" visitedBranchPoints="0" sequenceCoverage="0" branchCoverage="0" maxCyclomaticComplexity="15" minCyclomaticComplexity="1" maxCrapScore="240" minCrapScore="2" visitedClasses="0" numClasses="1" visitedMethods="0" numMethods="56" />
          <FullName>Humanizer.Bytes.ByteSize</FullName>
          <Methods>
            <Method visited="false" cyclomaticComplexity="1" nPathComplexity="0" sequenceCoverage="0" branchCoverage="0" crapScore="2" isConstructor="false" isStatic="false" isGetter="true" isSetter="false">
              <Summary numSequencePoints="1" visitedSequencePoints="0" numBranchPoints="1" visitedBranchPoints="0" sequenceCoverage="0" branchCoverage="0" maxCyclomaticComplexity="1" minCyclomaticComplexity="1" maxCrapScore="2" minCrapScore="2" visitedClasses="0" numClasses="0" visitedMethods="0" numMethods="1" />
              <MetadataToken>100664042</MetadataToken>
              <Name>System.Int64 Humanizer.Bytes.ByteSize::get_Bits()</Name>
              <FileRef uid="186" />
              <SequencePoints>
                <SequencePoint vc="0" uspid="6792" ordinal="0" offset="0" sl="57" sc="28" el="57" ec="32" bec="0" bev="0" fileid="186" />
              </SequencePoints>
              <BranchPoints />
              <MethodPoint xsi:type="SequencePoint" vc="0" uspid="6792" ordinal="0" offset="0" sl="57" sc="28" el="57" ec="32" bec="0" bev="0" fileid="186" />
            </Method>
            <Method visited="false" cyclomaticComplexity="1" nPathComplexity="0" sequenceCoverage="0" branchCoverage="0" crapScore="2" isConstructor="false" isStatic="false" isGetter="false" isSetter="true">
              <Summary numSequencePoints="1" visitedSequencePoints="0" numBranchPoints="1" visitedBranchPoints="0" sequenceCoverage="0" branchCoverage="0" maxCyclomaticComplexity="1" minCyclomaticComplexity="1" maxCrapScore="2" minCrapScore="2" visitedClasses="0" numClasses="0" visitedMethods="0" numMethods="1" />
              <MetadataToken>100664043</MetadataToken>
              <Name>System.Void Humanizer.Bytes.ByteSize::set_Bits(System.Int64)</Name>
              <FileRef uid="186" />
              <SequencePoints>
                <SequencePoint vc="0" uspid="6793" ordinal="0" offset="0" sl="57" sc="33" el="57" ec="45" bec="0" bev="0" fileid="186" />
              </SequencePoints>
              <BranchPoints />
              <MethodPoint xsi:type="SequencePoint" vc="0" uspid="6793" ordinal="0" offset="0" sl="57" sc="33" el="57" ec="45" bec="0" bev="0" fileid="186" />
            </Method>
            <Method visited="false" cyclomaticComplexity="1" nPathComplexity="0" sequenceCoverage="0" branchCoverage="0" crapScore="2" isConstructor="false" isStatic="false" isGetter="true" isSetter="false">
              <Summary numSequencePoints="1" visitedSequencePoints="0" numBranchPoints="1" visitedBranchPoints="0" sequenceCoverage="0" branchCoverage="0" maxCyclomaticComplexity="1" minCyclomaticComplexity="1" maxCrapScore="2" minCrapScore="2" visitedClasses="0" numClasses="0" visitedMethods="0" numMethods="1" />
              <MetadataToken>100664044</MetadataToken>
              <Name>System.Double Humanizer.Bytes.ByteSize::get_Bytes()</Name>
              <FileRef uid="186" />
              <SequencePoints>
                <SequencePoint vc="0" uspid="6794" ordinal="0" offset="0" sl="58" sc="31" el="58" ec="35" bec="0" bev="0" fileid="186" />
              </SequencePoints>
              <BranchPoints />
              <MethodPoint xsi:type="SequencePoint" vc="0" uspid="6794" ordinal="0" offset="0" sl="58" sc="31" el="58" ec="35" bec="0" bev="0" fileid="186" />
            </Method>
            <Method visited="false" cyclomaticComplexity="1" nPathComplexity="0" sequenceCoverage="0" branchCoverage="0" crapScore="2" isConstructor="false" isStatic="false" isGetter="false" isSetter="true">
              <Summary numSequencePoints="1" visitedSequencePoints="0" numBranchPoints="1" visitedBranchPoints="0" sequenceCoverage="0" branchCoverage="0" maxCyclomaticComplexity="1" minCyclomaticComplexity="1" maxCrapScore="2" minCrapScore="2" visitedClasses="0" numClasses="0" visitedMethods="0" numMethods="1" />
              <MetadataToken>100664045</MetadataToken>
              <Name>System.Void Humanizer.Bytes.ByteSize::set_Bytes(System.Double)</Name>
              <FileRef uid="186" />
              <SequencePoints>
                <SequencePoint vc="0" uspid="6795" ordinal="0" offset="0" sl="58" sc="36" el="58" ec="48" bec="0" bev="0" fileid="186" />
              </SequencePoints>
              <BranchPoints />
              <MethodPoint xsi:type="SequencePoint" vc="0" uspid="6795" ordinal="0" offset="0" sl="58" sc="36" el="58" ec="48" bec="0" bev="0" fileid="186" />
            </Method>
            <Method visited="false" cyclomaticComplexity="1" nPathComplexity="0" sequenceCoverage="0" branchCoverage="0" crapScore="2" isConstructor="false" isStatic="false" isGetter="true" isSetter="false">
              <Summary numSequencePoints="1" visitedSequencePoints="0" numBranchPoints="1" visitedBranchPoints="0" sequenceCoverage="0" branchCoverage="0" maxCyclomaticComplexity="1" minCyclomaticComplexity="1" maxCrapScore="2" minCrapScore="2" visitedClasses="0" numClasses="0" visitedMethods="0" numMethods="1" />
              <MetadataToken>100664046</MetadataToken>
              <Name>System.Double Humanizer.Bytes.ByteSize::get_Kilobytes()</Name>
              <FileRef uid="186" />
              <SequencePoints>
                <SequencePoint vc="0" uspid="6796" ordinal="0" offset="0" sl="59" sc="35" el="59" ec="39" bec="0" bev="0" fileid="186" />
              </SequencePoints>
              <BranchPoints />
              <MethodPoint xsi:type="SequencePoint" vc="0" uspid="6796" ordinal="0" offset="0" sl="59" sc="35" el="59" ec="39" bec="0" bev="0" fileid="186" />
            </Method>
            <Method visited="false" cyclomaticComplexity="1" nPathComplexity="0" sequenceCoverage="0" branchCoverage="0" crapScore="2" isConstructor="false" isStatic="false" isGetter="false" isSetter="true">
              <Summary numSequencePoints="1" visitedSequencePoints="0" numBranchPoints="1" visitedBranchPoints="0" sequenceCoverage="0" branchCoverage="0" maxCyclomaticComplexity="1" minCyclomaticComplexity="1" maxCrapScore="2" minCrapScore="2" visitedClasses="0" numClasses="0" visitedMethods="0" numMethods="1" />
              <MetadataToken>100664047</MetadataToken>
              <Name>System.Void Humanizer.Bytes.ByteSize::set_Kilobytes(System.Double)</Name>
              <FileRef uid="186" />
              <SequencePoints>
                <SequencePoint vc="0" uspid="6797" ordinal="0" offset="0" sl="59" sc="40" el="59" ec="52" bec="0" bev="0" fileid="186" />
              </SequencePoints>
              <BranchPoints />
              <MethodPoint xsi:type="SequencePoint" vc="0" uspid="6797" ordinal="0" offset="0" sl="59" sc="40" el="59" ec="52" bec="0" bev="0" fileid="186" />
            </Method>
            <Method visited="false" cyclomaticComplexity="1" nPathComplexity="0" sequenceCoverage="0" branchCoverage="0" crapScore="2" isConstructor="false" isStatic="false" isGetter="true" isSetter="false">
              <Summary numSequencePoints="1" visitedSequencePoints="0" numBranchPoints="1" visitedBranchPoints="0" sequenceCoverage="0" branchCoverage="0" maxCyclomaticComplexity="1" minCyclomaticComplexity="1" maxCrapScore="2" minCrapScore="2" visitedClasses="0" numClasses="0" visitedMethods="0" numMethods="1" />
              <MetadataToken>100664048</MetadataToken>
              <Name>System.Double Humanizer.Bytes.ByteSize::get_Megabytes()</Name>
              <FileRef uid="186" />
              <SequencePoints>
                <SequencePoint vc="0" uspid="6798" ordinal="0" offset="0" sl="60" sc="35" el="60" ec="39" bec="0" bev="0" fileid="186" />
              </SequencePoints>
              <BranchPoints />
              <MethodPoint xsi:type="SequencePoint" vc="0" uspid="6798" ordinal="0" offset="0" sl="60" sc="35" el="60" ec="39" bec="0" bev="0" fileid="186" />
            </Method>
            <Method visited="false" cyclomaticComplexity="1" nPathComplexity="0" sequenceCoverage="0" branchCoverage="0" crapScore="2" isConstructor="false" isStatic="false" isGetter="false" isSetter="true">
              <Summary numSequencePoints="1" visitedSequencePoints="0" numBranchPoints="1" visitedBranchPoints="0" sequenceCoverage="0" branchCoverage="0" maxCyclomaticComplexity="1" minCyclomaticComplexity="1" maxCrapScore="2" minCrapScore="2" visitedClasses="0" numClasses="0" visitedMethods="0" numMethods="1" />
              <MetadataToken>100664049</MetadataToken>
              <Name>System.Void Humanizer.Bytes.ByteSize::set_Megabytes(System.Double)</Name>
              <FileRef uid="186" />
              <SequencePoints>
                <SequencePoint vc="0" uspid="6799" ordinal="0" offset="0" sl="60" sc="40" el="60" ec="52" bec="0" bev="0" fileid="186" />
              </SequencePoints>
              <BranchPoints />
              <MethodPoint xsi:type="SequencePoint" vc="0" uspid="6799" ordinal="0" offset="0" sl="60" sc="40" el="60" ec="52" bec="0" bev="0" fileid="186" />
            </Method>
            <Method visited="false" cyclomaticComplexity="1" nPathComplexity="0" sequenceCoverage="0" branchCoverage="0" crapScore="2" isConstructor="false" isStatic="false" isGetter="true" isSetter="false">
              <Summary numSequencePoints="1" visitedSequencePoints="0" numBranchPoints="1" visitedBranchPoints="0" sequenceCoverage="0" branchCoverage="0" maxCyclomaticComplexity="1" minCyclomaticComplexity="1" maxCrapScore="2" minCrapScore="2" visitedClasses="0" numClasses="0" visitedMethods="0" numMethods="1" />
              <MetadataToken>100664050</MetadataToken>
              <Name>System.Double Humanizer.Bytes.ByteSize::get_Gigabytes()</Name>
              <FileRef uid="186" />
              <SequencePoints>
                <SequencePoint vc="0" uspid="6800" ordinal="0" offset="0" sl="61" sc="35" el="61" ec="39" bec="0" bev="0" fileid="186" />
              </SequencePoints>
              <BranchPoints />
              <MethodPoint xsi:type="SequencePoint" vc="0" uspid="6800" ordinal="0" offset="0" sl="61" sc="35" el="61" ec="39" bec="0" bev="0" fileid="186" />
            </Method>
            <Method visited="false" cyclomaticComplexity="1" nPathComplexity="0" sequenceCoverage="0" branchCoverage="0" crapScore="2" isConstructor="false" isStatic="false" isGetter="false" isSetter="true">
              <Summary numSequencePoints="1" visitedSequencePoints="0" numBranchPoints="1" visitedBranchPoints="0" sequenceCoverage="0" branchCoverage="0" maxCyclomaticComplexity="1" minCyclomaticComplexity="1" maxCrapScore="2" minCrapScore="2" visitedClasses="0" numClasses="0" visitedMethods="0" numMethods="1" />
              <MetadataToken>100664051</MetadataToken>
              <Name>System.Void Humanizer.Bytes.ByteSize::set_Gigabytes(System.Double)</Name>
              <FileRef uid="186" />
              <SequencePoints>
                <SequencePoint vc="0" uspid="6801" ordinal="0" offset="0" sl="61" sc="40" el="61" ec="52" bec="0" bev="0" fileid="186" />
              </SequencePoints>
              <BranchPoints />
              <MethodPoint xsi:type="SequencePoint" vc="0" uspid="6801" ordinal="0" offset="0" sl="61" sc="40" el="61" ec="52" bec="0" bev="0" fileid="186" />
            </Method>
            <Method visited="false" cyclomaticComplexity="1" nPathComplexity="0" sequenceCoverage="0" branchCoverage="0" crapScore="2" isConstructor="false" isStatic="false" isGetter="true" isSetter="false">
              <Summary numSequencePoints="1" visitedSequencePoints="0" numBranchPoints="1" visitedBranchPoints="0" sequenceCoverage="0" branchCoverage="0" maxCyclomaticComplexity="1" minCyclomaticComplexity="1" maxCrapScore="2" minCrapScore="2" visitedClasses="0" numClasses="0" visitedMethods="0" numMethods="1" />
              <MetadataToken>100664052</MetadataToken>
              <Name>System.Double Humanizer.Bytes.ByteSize::get_Terabytes()</Name>
              <FileRef uid="186" />
              <SequencePoints>
                <SequencePoint vc="0" uspid="6802" ordinal="0" offset="0" sl="62" sc="35" el="62" ec="39" bec="0" bev="0" fileid="186" />
              </SequencePoints>
              <BranchPoints />
              <MethodPoint xsi:type="SequencePoint" vc="0" uspid="6802" ordinal="0" offset="0" sl="62" sc="35" el="62" ec="39" bec="0" bev="0" fileid="186" />
            </Method>
            <Method visited="false" cyclomaticComplexity="1" nPathComplexity="0" sequenceCoverage="0" branchCoverage="0" crapScore="2" isConstructor="false" isStatic="false" isGetter="false" isSetter="true">
              <Summary numSequencePoints="1" visitedSequencePoints="0" numBranchPoints="1" visitedBranchPoints="0" sequenceCoverage="0" branchCoverage="0" maxCyclomaticComplexity="1" minCyclomaticComplexity="1" maxCrapScore="2" minCrapScore="2" visitedClasses="0" numClasses="0" visitedMethods="0" numMethods="1" />
              <MetadataToken>100664053</MetadataToken>
              <Name>System.Void Humanizer.Bytes.ByteSize::set_Terabytes(System.Double)</Name>
              <FileRef uid="186" />
              <SequencePoints>
                <SequencePoint vc="0" uspid="6803" ordinal="0" offset="0" sl="62" sc="40" el="62" ec="52" bec="0" bev="0" fileid="186" />
              </SequencePoints>
              <BranchPoints />
              <MethodPoint xsi:type="SequencePoint" vc="0" uspid="6803" ordinal="0" offset="0" sl="62" sc="40" el="62" ec="52" bec="0" bev="0" fileid="186" />
            </Method>
            <Method visited="false" cyclomaticComplexity="6" nPathComplexity="32" sequenceCoverage="0" branchCoverage="0" crapScore="42" isConstructor="false" isStatic="false" isGetter="true" isSetter="false">
              <Summary numSequencePoints="11" visitedSequencePoints="0" numBranchPoints="11" visitedBranchPoints="0" sequenceCoverage="0" branchCoverage="0" maxCyclomaticComplexity="6" minCyclomaticComplexity="6" maxCrapScore="42" minCrapScore="42" visitedClasses="0" numClasses="0" visitedMethods="0" numMethods="1" />
              <MetadataToken>100664054</MetadataToken>
              <Name>System.String Humanizer.Bytes.ByteSize::get_LargestWholeNumberSymbol()</Name>
              <FileRef uid="186" />
              <SequencePoints>
                <SequencePoint vc="0" uspid="6804" ordinal="0" offset="0" sl="69" sc="17" el="69" ec="46" bec="2" bev="0" fileid="186" />
                <SequencePoint vc="0" uspid="6805" ordinal="1" offset="22" sl="71" sc="21" el="71" ec="43" bec="0" bev="0" fileid="186" />
                <SequencePoint vc="0" uspid="6806" ordinal="2" offset="28" sl="74" sc="17" el="74" ec="46" bec="2" bev="0" fileid="186" />
                <SequencePoint vc="0" uspid="6807" ordinal="3" offset="50" sl="76" sc="21" el="76" ec="43" bec="0" bev="0" fileid="186" />
                <SequencePoint vc="0" uspid="6808" ordinal="4" offset="56" sl="79" sc="17" el="79" ec="46" bec="2" bev="0" fileid="186" />
                <SequencePoint vc="0" uspid="6809" ordinal="5" offset="78" sl="81" sc="21" el="81" ec="43" bec="0" bev="0" fileid="186" />
                <SequencePoint vc="0" uspid="6810" ordinal="6" offset="84" sl="84" sc="17" el="84" ec="46" bec="2" bev="0" fileid="186" />
                <SequencePoint vc="0" uspid="6811" ordinal="7" offset="106" sl="86" sc="21" el="86" ec="43" bec="0" bev="0" fileid="186" />
                <SequencePoint vc="0" uspid="6812" ordinal="8" offset="112" sl="89" sc="17" el="89" ec="42" bec="2" bev="0" fileid="186" />
                <SequencePoint vc="0" uspid="6813" ordinal="9" offset="134" sl="91" sc="21" el="91" ec="39" bec="0" bev="0" fileid="186" />
                <SequencePoint vc="0" uspid="6814" ordinal="10" offset="140" sl="94" sc="17" el="94" ec="34" bec="0" bev="0" fileid="186" />
              </SequencePoints>
              <BranchPoints>
                <BranchPoint vc="0" uspid="6815" ordinal="0" offset="20" sl="69" path="0" offsetend="22" fileid="186" />
                <BranchPoint vc="0" uspid="6816" ordinal="1" offset="20" sl="69" path="1" offsetend="28" fileid="186" />
                <BranchPoint vc="0" uspid="6817" ordinal="2" offset="48" sl="74" path="0" offsetend="50" fileid="186" />
                <BranchPoint vc="0" uspid="6818" ordinal="3" offset="48" sl="74" path="1" offsetend="56" fileid="186" />
                <BranchPoint vc="0" uspid="6819" ordinal="4" offset="76" sl="79" path="0" offsetend="78" fileid="186" />
                <BranchPoint vc="0" uspid="6820" ordinal="5" offset="76" sl="79" path="1" offsetend="84" fileid="186" />
                <BranchPoint vc="0" uspid="6821" ordinal="6" offset="104" sl="84" path="0" offsetend="106" fileid="186" />
                <BranchPoint vc="0" uspid="6822" ordinal="7" offset="104" sl="84" path="1" offsetend="112" fileid="186" />
                <BranchPoint vc="0" uspid="6823" ordinal="8" offset="132" sl="89" path="0" offsetend="134" fileid="186" />
                <BranchPoint vc="0" uspid="6824" ordinal="9" offset="132" sl="89" path="1" offsetend="140" fileid="186" />
              </BranchPoints>
              <MethodPoint xsi:type="SequencePoint" vc="0" uspid="6804" ordinal="0" offset="0" sl="69" sc="17" el="69" ec="46" bec="2" bev="0" fileid="186" />
            </Method>
            <Method visited="false" cyclomaticComplexity="6" nPathComplexity="32" sequenceCoverage="0" branchCoverage="0" crapScore="42" isConstructor="false" isStatic="false" isGetter="true" isSetter="false">
              <Summary numSequencePoints="11" visitedSequencePoints="0" numBranchPoints="11" visitedBranchPoints="0" sequenceCoverage="0" branchCoverage="0" maxCyclomaticComplexity="6" minCyclomaticComplexity="6" maxCrapScore="42" minCrapScore="42" visitedClasses="0" numClasses="0" visitedMethods="0" numMethods="1" />
              <MetadataToken>100664055</MetadataToken>
              <Name>System.String Humanizer.Bytes.ByteSize::get_LargestWholeNumberFullWord()</Name>
              <FileRef uid="186" />
              <SequencePoints>
                <SequencePoint vc="0" uspid="6825" ordinal="0" offset="0" sl="103" sc="17" el="103" ec="46" bec="2" bev="0" fileid="186" />
                <SequencePoint vc="0" uspid="6826" ordinal="1" offset="22" sl="105" sc="21" el="105" ec="37" bec="0" bev="0" fileid="186" />
                <SequencePoint vc="0" uspid="6827" ordinal="2" offset="28" sl="108" sc="17" el="108" ec="46" bec="2" bev="0" fileid="186" />
                <SequencePoint vc="0" uspid="6828" ordinal="3" offset="50" sl="110" sc="21" el="110" ec="37" bec="0" bev="0" fileid="186" />
                <SequencePoint vc="0" uspid="6829" ordinal="4" offset="56" sl="113" sc="17" el="113" ec="46" bec="2" bev="0" fileid="186" />
                <SequencePoint vc="0" uspid="6830" ordinal="5" offset="78" sl="115" sc="21" el="115" ec="37" bec="0" bev="0" fileid="186" />
                <SequencePoint vc="0" uspid="6831" ordinal="6" offset="84" sl="118" sc="17" el="118" ec="46" bec="2" bev="0" fileid="186" />
                <SequencePoint vc="0" uspid="6832" ordinal="7" offset="106" sl="120" sc="21" el="120" ec="37" bec="0" bev="0" fileid="186" />
                <SequencePoint vc="0" uspid="6833" ordinal="8" offset="112" sl="123" sc="17" el="123" ec="42" bec="2" bev="0" fileid="186" />
                <SequencePoint vc="0" uspid="6834" ordinal="9" offset="134" sl="125" sc="21" el="125" ec="33" bec="0" bev="0" fileid="186" />
                <SequencePoint vc="0" uspid="6835" ordinal="10" offset="140" sl="128" sc="17" el="128" ec="28" bec="0" bev="0" fileid="186" />
              </SequencePoints>
              <BranchPoints>
                <BranchPoint vc="0" uspid="6836" ordinal="0" offset="20" sl="103" path="0" offsetend="22" fileid="186" />
                <BranchPoint vc="0" uspid="6837" ordinal="1" offset="20" sl="103" path="1" offsetend="28" fileid="186" />
                <BranchPoint vc="0" uspid="6838" ordinal="2" offset="48" sl="108" path="0" offsetend="50" fileid="186" />
                <BranchPoint vc="0" uspid="6839" ordinal="3" offset="48" sl="108" path="1" offsetend="56" fileid="186" />
                <BranchPoint vc="0" uspid="6840" ordinal="4" offset="76" sl="113" path="0" offsetend="78" fileid="186" />
                <BranchPoint vc="0" uspid="6841" ordinal="5" offset="76" sl="113" path="1" offsetend="84" fileid="186" />
                <BranchPoint vc="0" uspid="6842" ordinal="6" offset="104" sl="118" path="0" offsetend="106" fileid="186" />
                <BranchPoint vc="0" uspid="6843" ordinal="7" offset="104" sl="118" path="1" offsetend="112" fileid="186" />
                <BranchPoint vc="0" uspid="6844" ordinal="8" offset="132" sl="123" path="0" offsetend="134" fileid="186" />
                <BranchPoint vc="0" uspid="6845" ordinal="9" offset="132" sl="123" path="1" offsetend="140" fileid="186" />
              </BranchPoints>
              <MethodPoint xsi:type="SequencePoint" vc="0" uspid="6825" ordinal="0" offset="0" sl="103" sc="17" el="103" ec="46" bec="2" bev="0" fileid="186" />
            </Method>
            <Method visited="false" cyclomaticComplexity="6" nPathComplexity="32" sequenceCoverage="0" branchCoverage="0" crapScore="42" isConstructor="false" isStatic="false" isGetter="true" isSetter="false">
              <Summary numSequencePoints="11" visitedSequencePoints="0" numBranchPoints="11" visitedBranchPoints="0" sequenceCoverage="0" branchCoverage="0" maxCyclomaticComplexity="6" minCyclomaticComplexity="6" maxCrapScore="42" minCrapScore="42" visitedClasses="0" numClasses="0" visitedMethods="0" numMethods="1" />
              <MetadataToken>100664056</MetadataToken>
              <Name>System.Double Humanizer.Bytes.ByteSize::get_LargestWholeNumberValue()</Name>
              <FileRef uid="186" />
              <SequencePoints>
                <SequencePoint vc="0" uspid="6846" ordinal="0" offset="0" sl="137" sc="17" el="137" ec="46" bec="2" bev="0" fileid="186" />
                <SequencePoint vc="0" uspid="6847" ordinal="1" offset="22" sl="139" sc="21" el="139" ec="38" bec="0" bev="0" fileid="186" />
                <SequencePoint vc="0" uspid="6848" ordinal="2" offset="29" sl="142" sc="17" el="142" ec="46" bec="2" bev="0" fileid="186" />
                <SequencePoint vc="0" uspid="6849" ordinal="3" offset="51" sl="144" sc="21" el="144" ec="38" bec="0" bev="0" fileid="186" />
                <SequencePoint vc="0" uspid="6850" ordinal="4" offset="58" sl="147" sc="17" el="147" ec="46" bec="2" bev="0" fileid="186" />
                <SequencePoint vc="0" uspid="6851" ordinal="5" offset="80" sl="149" sc="21" el="149" ec="38" bec="0" bev="0" fileid="186" />
                <SequencePoint vc="0" uspid="6852" ordinal="6" offset="87" sl="152" sc="17" el="152" ec="46" bec="2" bev="0" fileid="186" />
                <SequencePoint vc="0" uspid="6853" ordinal="7" offset="109" sl="154" sc="21" el="154" ec="38" bec="0" bev="0" fileid="186" />
                <SequencePoint vc="0" uspid="6854" ordinal="8" offset="116" sl="157" sc="17" el="157" ec="42" bec="2" bev="0" fileid="186" />
                <SequencePoint vc="0" uspid="6855" ordinal="9" offset="138" sl="159" sc="21" el="159" ec="34" bec="0" bev="0" fileid="186" />
                <SequencePoint vc="0" uspid="6856" ordinal="10" offset="145" sl="162" sc="17" el="162" ec="29" bec="0" bev="0" fileid="186" />
              </SequencePoints>
              <BranchPoints>
                <BranchPoint vc="0" uspid="6857" ordinal="0" offset="20" sl="137" path="0" offsetend="22" fileid="186" />
                <BranchPoint vc="0" uspid="6858" ordinal="1" offset="20" sl="137" path="1" offsetend="29" fileid="186" />
                <BranchPoint vc="0" uspid="6859" ordinal="2" offset="49" sl="142" path="0" offsetend="51" fileid="186" />
                <BranchPoint vc="0" uspid="6860" ordinal="3" offset="49" sl="142" path="1" offsetend="58" fileid="186" />
                <BranchPoint vc="0" uspid="6861" ordinal="4" offset="78" sl="147" path="0" offsetend="80" fileid="186" />
                <BranchPoint vc="0" uspid="6862" ordinal="5" offset="78" sl="147" path="1" offsetend="87" fileid="186" />
                <BranchPoint vc="0" uspid="6863" ordinal="6" offset="107" sl="152" path="0" offsetend="109" fileid="186" />
                <BranchPoint vc="0" uspid="6864" ordinal="7" offset="107" sl="152" path="1" offsetend="116" fileid="186" />
                <BranchPoint vc="0" uspid="6865" ordinal="8" offset="136" sl="157" path="0" offsetend="138" fileid="186" />
                <BranchPoint vc="0" uspid="6866" ordinal="9" offset="136" sl="157" path="1" offsetend="145" fileid="186" />
              </BranchPoints>
              <MethodPoint xsi:type="SequencePoint" vc="0" uspid="6846" ordinal="0" offset="0" sl="137" sc="17" el="137" ec="46" bec="2" bev="0" fileid="186" />
            </Method>
            <Method visited="false" cyclomaticComplexity="1" nPathComplexity="0" sequenceCoverage="0" branchCoverage="0" crapScore="2" isConstructor="true" isStatic="false" isGetter="false" isSetter="false">
              <Summary numSequencePoints="8" visitedSequencePoints="0" numBranchPoints="1" visitedBranchPoints="0" sequenceCoverage="0" branchCoverage="0" maxCyclomaticComplexity="1" minCyclomaticComplexity="1" maxCrapScore="2" minCrapScore="2" visitedClasses="0" numClasses="0" visitedMethods="0" numMethods="1" />
              <MetadataToken>100664057</MetadataToken>
              <Name>System.Void Humanizer.Bytes.ByteSize::.ctor(System.Double)</Name>
              <FileRef uid="186" />
              <SequencePoints>
                <SequencePoint vc="0" uspid="6867" ordinal="0" offset="0" sl="167" sc="15" el="167" ec="21" bec="0" bev="0" fileid="186" />
                <SequencePoint vc="0" uspid="6868" ordinal="1" offset="7" sl="170" sc="13" el="170" ec="62" bec="0" bev="0" fileid="186" />
                <SequencePoint vc="0" uspid="6869" ordinal="2" offset="30" sl="172" sc="13" el="172" ec="30" bec="0" bev="0" fileid="186" />
                <SequencePoint vc="0" uspid="6870" ordinal="3" offset="37" sl="173" sc="13" el="173" ec="52" bec="0" bev="0" fileid="186" />
                <SequencePoint vc="0" uspid="6871" ordinal="4" offset="54" sl="174" sc="13" el="174" ec="52" bec="0" bev="0" fileid="186" />
                <SequencePoint vc="0" uspid="6872" ordinal="5" offset="71" sl="175" sc="13" el="175" ec="52" bec="0" bev="0" fileid="186" />
                <SequencePoint vc="0" uspid="6873" ordinal="6" offset="88" sl="176" sc="13" el="176" ec="52" bec="0" bev="0" fileid="186" />
                <SequencePoint vc="0" uspid="6874" ordinal="7" offset="105" sl="177" sc="9" el="177" ec="10" bec="0" bev="0" fileid="186" />
              </SequencePoints>
              <BranchPoints />
              <MethodPoint xsi:type="SequencePoint" vc="0" uspid="6867" ordinal="0" offset="0" sl="167" sc="15" el="167" ec="21" bec="0" bev="0" fileid="186" />
            </Method>
            <Method visited="false" cyclomaticComplexity="1" nPathComplexity="0" sequenceCoverage="0" branchCoverage="0" crapScore="2" isConstructor="false" isStatic="true" isGetter="false" isSetter="false">
              <Summary numSequencePoints="1" visitedSequencePoints="0" numBranchPoints="1" visitedBranchPoints="0" sequenceCoverage="0" branchCoverage="0" maxCyclomaticComplexity="1" minCyclomaticComplexity="1" maxCrapScore="2" minCrapScore="2" visitedClasses="0" numClasses="0" visitedMethods="0" numMethods="1" />
              <MetadataToken>100664058</MetadataToken>
              <Name>Humanizer.Bytes.ByteSize Humanizer.Bytes.ByteSize::FromBits(System.Int64)</Name>
              <FileRef uid="186" />
              <SequencePoints>
                <SequencePoint vc="0" uspid="6875" ordinal="0" offset="0" sl="181" sc="13" el="181" ec="61" bec="0" bev="0" fileid="186" />
              </SequencePoints>
              <BranchPoints />
              <MethodPoint xsi:type="SequencePoint" vc="0" uspid="6875" ordinal="0" offset="0" sl="181" sc="13" el="181" ec="61" bec="0" bev="0" fileid="186" />
            </Method>
            <Method visited="false" cyclomaticComplexity="1" nPathComplexity="0" sequenceCoverage="0" branchCoverage="0" crapScore="2" isConstructor="false" isStatic="true" isGetter="false" isSetter="false">
              <Summary numSequencePoints="1" visitedSequencePoints="0" numBranchPoints="1" visitedBranchPoints="0" sequenceCoverage="0" branchCoverage="0" maxCyclomaticComplexity="1" minCyclomaticComplexity="1" maxCrapScore="2" minCrapScore="2" visitedClasses="0" numClasses="0" visitedMethods="0" numMethods="1" />
              <MetadataToken>100664059</MetadataToken>
              <Name>Humanizer.Bytes.ByteSize Humanizer.Bytes.ByteSize::FromBytes(System.Double)</Name>
              <FileRef uid="186" />
              <SequencePoints>
                <SequencePoint vc="0" uspid="6876" ordinal="0" offset="0" sl="186" sc="13" el="186" ec="40" bec="0" bev="0" fileid="186" />
              </SequencePoints>
              <BranchPoints />
              <MethodPoint xsi:type="SequencePoint" vc="0" uspid="6876" ordinal="0" offset="0" sl="186" sc="13" el="186" ec="40" bec="0" bev="0" fileid="186" />
            </Method>
            <Method visited="false" cyclomaticComplexity="1" nPathComplexity="0" sequenceCoverage="0" branchCoverage="0" crapScore="2" isConstructor="false" isStatic="true" isGetter="false" isSetter="false">
              <Summary numSequencePoints="1" visitedSequencePoints="0" numBranchPoints="1" visitedBranchPoints="0" sequenceCoverage="0" branchCoverage="0" maxCyclomaticComplexity="1" minCyclomaticComplexity="1" maxCrapScore="2" minCrapScore="2" visitedClasses="0" numClasses="0" visitedMethods="0" numMethods="1" />
              <MetadataToken>100664060</MetadataToken>
              <Name>Humanizer.Bytes.ByteSize Humanizer.Bytes.ByteSize::FromKilobytes(System.Double)</Name>
              <FileRef uid="186" />
              <SequencePoints>
                <SequencePoint vc="0" uspid="6877" ordinal="0" offset="0" sl="191" sc="13" el="191" ec="58" bec="0" bev="0" fileid="186" />
              </SequencePoints>
              <BranchPoints />
              <MethodPoint xsi:type="SequencePoint" vc="0" uspid="6877" ordinal="0" offset="0" sl="191" sc="13" el="191" ec="58" bec="0" bev="0" fileid="186" />
            </Method>
            <Method visited="false" cyclomaticComplexity="1" nPathComplexity="0" sequenceCoverage="0" branchCoverage="0" crapScore="2" isConstructor="false" isStatic="true" isGetter="false" isSetter="false">
              <Summary numSequencePoints="1" visitedSequencePoints="0" numBranchPoints="1" visitedBranchPoints="0" sequenceCoverage="0" branchCoverage="0" maxCyclomaticComplexity="1" minCyclomaticComplexity="1" maxCrapScore="2" minCrapScore="2" visitedClasses="0" numClasses="0" visitedMethods="0" numMethods="1" />
              <MetadataToken>100664061</MetadataToken>
              <Name>Humanizer.Bytes.ByteSize Humanizer.Bytes.ByteSize::FromMegabytes(System.Double)</Name>
              <FileRef uid="186" />
              <SequencePoints>
                <SequencePoint vc="0" uspid="6878" ordinal="0" offset="0" sl="196" sc="13" el="196" ec="58" bec="0" bev="0" fileid="186" />
              </SequencePoints>
              <BranchPoints />
              <MethodPoint xsi:type="SequencePoint" vc="0" uspid="6878" ordinal="0" offset="0" sl="196" sc="13" el="196" ec="58" bec="0" bev="0" fileid="186" />
            </Method>
            <Method visited="false" cyclomaticComplexity="1" nPathComplexity="0" sequenceCoverage="0" branchCoverage="0" crapScore="2" isConstructor="false" isStatic="true" isGetter="false" isSetter="false">
              <Summary numSequencePoints="1" visitedSequencePoints="0" numBranchPoints="1" visitedBranchPoints="0" sequenceCoverage="0" branchCoverage="0" maxCyclomaticComplexity="1" minCyclomaticComplexity="1" maxCrapScore="2" minCrapScore="2" visitedClasses="0" numClasses="0" visitedMethods="0" numMethods="1" />
              <MetadataToken>100664062</MetadataToken>
              <Name>Humanizer.Bytes.ByteSize Humanizer.Bytes.ByteSize::FromGigabytes(System.Double)</Name>
              <FileRef uid="186" />
              <SequencePoints>
                <SequencePoint vc="0" uspid="6879" ordinal="0" offset="0" sl="201" sc="13" el="201" ec="58" bec="0" bev="0" fileid="186" />
              </SequencePoints>
              <BranchPoints />
              <MethodPoint xsi:type="SequencePoint" vc="0" uspid="6879" ordinal="0" offset="0" sl="201" sc="13" el="201" ec="58" bec="0" bev="0" fileid="186" />
            </Method>
            <Method visited="false" cyclomaticComplexity="1" nPathComplexity="0" sequenceCoverage="0" branchCoverage="0" crapScore="2" isConstructor="false" isStatic="true" isGetter="false" isSetter="false">
              <Summary numSequencePoints="1" visitedSequencePoints="0" numBranchPoints="1" visitedBranchPoints="0" sequenceCoverage="0" branchCoverage="0" maxCyclomaticComplexity="1" minCyclomaticComplexity="1" maxCrapScore="2" minCrapScore="2" visitedClasses="0" numClasses="0" visitedMethods="0" numMethods="1" />
              <MetadataToken>100664063</MetadataToken>
              <Name>Humanizer.Bytes.ByteSize Humanizer.Bytes.ByteSize::FromTerabytes(System.Double)</Name>
              <FileRef uid="186" />
              <SequencePoints>
                <SequencePoint vc="0" uspid="6880" ordinal="0" offset="0" sl="206" sc="13" el="206" ec="58" bec="0" bev="0" fileid="186" />
              </SequencePoints>
              <BranchPoints />
              <MethodPoint xsi:type="SequencePoint" vc="0" uspid="6880" ordinal="0" offset="0" sl="206" sc="13" el="206" ec="58" bec="0" bev="0" fileid="186" />
            </Method>
            <Method visited="false" cyclomaticComplexity="1" nPathComplexity="0" sequenceCoverage="0" branchCoverage="0" crapScore="2" isConstructor="false" isStatic="false" isGetter="false" isSetter="false">
              <Summary numSequencePoints="1" visitedSequencePoints="0" numBranchPoints="1" visitedBranchPoints="0" sequenceCoverage="0" branchCoverage="0" maxCyclomaticComplexity="1" minCyclomaticComplexity="1" maxCrapScore="2" minCrapScore="2" visitedClasses="0" numClasses="0" visitedMethods="0" numMethods="1" />
              <MetadataToken>100664064</MetadataToken>
              <Name>System.String Humanizer.Bytes.ByteSize::ToString()</Name>
              <FileRef uid="186" />
              <SequencePoints>
                <SequencePoint vc="0" uspid="6881" ordinal="0" offset="0" sl="217" sc="13" el="217" ec="59" bec="0" bev="0" fileid="186" />
              </SequencePoints>
              <BranchPoints />
              <MethodPoint xsi:type="SequencePoint" vc="0" uspid="6881" ordinal="0" offset="0" sl="217" sc="13" el="217" ec="59" bec="0" bev="0" fileid="186" />
            </Method>
            <Method visited="false" cyclomaticComplexity="2" nPathComplexity="2" sequenceCoverage="0" branchCoverage="0" crapScore="6" isConstructor="false" isStatic="false" isGetter="false" isSetter="false">
              <Summary numSequencePoints="3" visitedSequencePoints="0" numBranchPoints="3" visitedBranchPoints="0" sequenceCoverage="0" branchCoverage="0" maxCyclomaticComplexity="2" minCyclomaticComplexity="2" maxCrapScore="6" minCrapScore="6" visitedClasses="0" numClasses="0" visitedMethods="0" numMethods="1" />
              <MetadataToken>100664065</MetadataToken>
              <Name>System.String Humanizer.Bytes.ByteSize::ToString(System.IFormatProvider)</Name>
              <FileRef uid="186" />
              <SequencePoints>
                <SequencePoint vc="0" uspid="6882" ordinal="0" offset="0" sl="222" sc="13" el="222" ec="34" bec="2" bev="0" fileid="186" />
                <SequencePoint vc="0" uspid="6883" ordinal="1" offset="3" sl="224" sc="17" el="224" ec="67" bec="0" bev="0" fileid="186" />
                <SequencePoint vc="0" uspid="6884" ordinal="2" offset="14" sl="227" sc="13" el="227" ec="115" bec="0" bev="0" fileid="186" />
              </SequencePoints>
              <BranchPoints>
                <BranchPoint vc="0" uspid="6885" ordinal="0" offset="1" sl="222" path="0" offsetend="3" fileid="186" />
                <BranchPoint vc="0" uspid="6886" ordinal="1" offset="1" sl="222" path="1" offsetend="14" fileid="186" />
              </BranchPoints>
              <MethodPoint xsi:type="SequencePoint" vc="0" uspid="6882" ordinal="0" offset="0" sl="222" sc="13" el="222" ec="34" bec="2" bev="0" fileid="186" />
            </Method>
            <Method visited="false" cyclomaticComplexity="1" nPathComplexity="0" sequenceCoverage="0" branchCoverage="0" crapScore="2" isConstructor="false" isStatic="false" isGetter="false" isSetter="false">
              <Summary numSequencePoints="1" visitedSequencePoints="0" numBranchPoints="1" visitedBranchPoints="0" sequenceCoverage="0" branchCoverage="0" maxCyclomaticComplexity="1" minCyclomaticComplexity="1" maxCrapScore="2" minCrapScore="2" visitedClasses="0" numClasses="0" visitedMethods="0" numMethods="1" />
              <MetadataToken>100664066</MetadataToken>
              <Name>System.String Humanizer.Bytes.ByteSize::ToString(System.String)</Name>
              <FileRef uid="186" />
              <SequencePoints>
                <SequencePoint vc="0" uspid="6887" ordinal="0" offset="0" sl="232" sc="13" el="232" ec="67" bec="0" bev="0" fileid="186" />
              </SequencePoints>
              <BranchPoints />
              <MethodPoint xsi:type="SequencePoint" vc="0" uspid="6887" ordinal="0" offset="0" sl="232" sc="13" el="232" ec="67" bec="0" bev="0" fileid="186" />
            </Method>
            <Method visited="false" cyclomaticComplexity="13" nPathComplexity="2048" sequenceCoverage="0" branchCoverage="0" crapScore="182" isConstructor="false" isStatic="false" isGetter="false" isSetter="false">
              <Summary numSequencePoints="22" visitedSequencePoints="0" numBranchPoints="23" visitedBranchPoints="0" sequenceCoverage="0" branchCoverage="0" maxCyclomaticComplexity="13" minCyclomaticComplexity="13" maxCrapScore="182" minCrapScore="182" visitedClasses="0" numClasses="0" visitedMethods="0" numMethods="1" />
              <MetadataToken>100664067</MetadataToken>
              <Name>System.String Humanizer.Bytes.ByteSize::ToString(System.String,System.IFormatProvider)</Name>
              <FileRef uid="186" />
              <SequencePoints>
                <SequencePoint vc="0" uspid="6888" ordinal="0" offset="16" sl="237" sc="13" el="237" ec="32" bec="2" bev="0" fileid="186" />
                <SequencePoint vc="0" uspid="6889" ordinal="1" offset="24" sl="238" sc="17" el="238" ec="65" bec="0" bev="0" fileid="186" />
                <SequencePoint vc="0" uspid="6890" ordinal="2" offset="35" sl="239" sc="13" el="239" ec="34" bec="2" bev="0" fileid="186" />
                <SequencePoint vc="0" uspid="6891" ordinal="3" offset="43" sl="240" sc="17" el="240" ec="67" bec="0" bev="0" fileid="186" />
                <SequencePoint vc="0" uspid="6892" ordinal="4" offset="54" sl="242" sc="13" el="242" ec="64" bec="3" bev="0" fileid="186" />
                <SequencePoint vc="0" uspid="6893" ordinal="5" offset="90" sl="244" sc="17" el="244" ec="43" bec="0" bev="0" fileid="186" />
                <SequencePoint vc="0" uspid="6894" ordinal="6" offset="113" sl="247" sc="13" el="247" ec="53" bec="0" bev="0" fileid="186" />
                <SequencePoint vc="0" uspid="6895" ordinal="7" offset="141" sl="252" sc="13" el="252" ec="37" bec="2" bev="0" fileid="186" />
                <SequencePoint vc="0" uspid="6896" ordinal="8" offset="155" sl="254" sc="17" el="254" ec="42" bec="0" bev="0" fileid="186" />
                <SequencePoint vc="0" uspid="6897" ordinal="9" offset="169" sl="257" sc="13" el="257" ec="37" bec="2" bev="0" fileid="186" />
                <SequencePoint vc="0" uspid="6898" ordinal="10" offset="183" sl="259" sc="17" el="259" ec="42" bec="0" bev="0" fileid="186" />
                <SequencePoint vc="0" uspid="6899" ordinal="11" offset="197" sl="262" sc="13" el="262" ec="37" bec="2" bev="0" fileid="186" />
                <SequencePoint vc="0" uspid="6900" ordinal="12" offset="211" sl="264" sc="17" el="264" ec="42" bec="0" bev="0" fileid="186" />
                <SequencePoint vc="0" uspid="6901" ordinal="13" offset="225" sl="267" sc="13" el="267" ec="37" bec="2" bev="0" fileid="186" />
                <SequencePoint vc="0" uspid="6902" ordinal="14" offset="239" sl="269" sc="17" el="269" ec="42" bec="0" bev="0" fileid="186" />
                <SequencePoint vc="0" uspid="6903" ordinal="15" offset="253" sl="273" sc="13" el="273" ec="76" bec="2" bev="0" fileid="186" />
                <SequencePoint vc="0" uspid="6904" ordinal="16" offset="273" sl="275" sc="17" el="275" ec="38" bec="0" bev="0" fileid="186" />
                <SequencePoint vc="0" uspid="6905" ordinal="17" offset="287" sl="278" sc="13" el="278" ec="75" bec="2" bev="0" fileid="186" />
                <SequencePoint vc="0" uspid="6906" ordinal="18" offset="307" sl="280" sc="17" el="280" ec="37" bec="0" bev="0" fileid="186" />
                <SequencePoint vc="0" uspid="6907" ordinal="19" offset="322" sl="283" sc="13" el="283" ec="101" bec="0" bev="0" fileid="186" />
                <SequencePoint vc="0" uspid="6908" ordinal="20" offset="349" sl="285" sc="13" el="287" ec="80" bec="2" bev="0" fileid="186" />
                <SequencePoint vc="0" uspid="6909" ordinal="21" offset="371" sl="289" sc="13" el="289" ec="103" bec="0" bev="0" fileid="186" />
              </SequencePoints>
              <BranchPoints>
                <BranchPoint vc="0" uspid="6910" ordinal="0" offset="22" sl="237" path="0" offsetend="24" fileid="186" />
                <BranchPoint vc="0" uspid="6911" ordinal="1" offset="22" sl="237" path="1" offsetend="35" fileid="186" />
                <BranchPoint vc="0" uspid="6912" ordinal="2" offset="41" sl="239" path="0" offsetend="43" fileid="186" />
                <BranchPoint vc="0" uspid="6913" ordinal="3" offset="41" sl="239" path="1" offsetend="54" fileid="186" />
                <BranchPoint vc="0" uspid="6914" ordinal="4" offset="70" sl="242" path="0" offsetend="72" fileid="186" />
                <BranchPoint vc="0" uspid="6915" ordinal="5" offset="70" sl="242" path="1" offsetend="113" fileid="186" />
                <BranchPoint vc="0" uspid="6916" ordinal="6" offset="88" sl="242" path="0" offsetend="90" fileid="186" />
                <BranchPoint vc="0" uspid="6917" ordinal="7" offset="88" sl="242" path="1" offsetend="113" fileid="186" />
                <BranchPoint vc="0" uspid="6918" ordinal="8" offset="153" sl="252" path="0" offsetend="155" fileid="186" />
                <BranchPoint vc="0" uspid="6919" ordinal="9" offset="153" sl="252" path="1" offsetend="169" fileid="186" />
                <BranchPoint vc="0" uspid="6920" ordinal="10" offset="181" sl="257" path="0" offsetend="183" fileid="186" />
                <BranchPoint vc="0" uspid="6921" ordinal="11" offset="181" sl="257" path="1" offsetend="197" fileid="186" />
                <BranchPoint vc="0" uspid="6922" ordinal="12" offset="209" sl="262" path="0" offsetend="211" fileid="186" />
                <BranchPoint vc="0" uspid="6923" ordinal="13" offset="209" sl="262" path="1" offsetend="225" fileid="186" />
                <BranchPoint vc="0" uspid="6924" ordinal="14" offset="237" sl="267" path="0" offsetend="239" fileid="186" />
                <BranchPoint vc="0" uspid="6925" ordinal="15" offset="237" sl="267" path="1" offsetend="253" fileid="186" />
                <BranchPoint vc="0" uspid="6926" ordinal="16" offset="271" sl="273" path="0" offsetend="273" fileid="186" />
                <BranchPoint vc="0" uspid="6927" ordinal="17" offset="271" sl="273" path="1" offsetend="287" fileid="186" />
                <BranchPoint vc="0" uspid="6928" ordinal="18" offset="305" sl="278" path="0" offsetend="307" fileid="186" />
                <BranchPoint vc="0" uspid="6929" ordinal="19" offset="305" sl="278" path="1" offsetend="322" fileid="186" />
                <BranchPoint vc="0" uspid="6930" ordinal="20" offset="360" sl="285" path="0" offsetend="362" fileid="186" />
                <BranchPoint vc="0" uspid="6931" ordinal="21" offset="360" sl="285" path="1" offsetend="365" fileid="186" />
              </BranchPoints>
              <MethodPoint vc="0" uspid="6932" ordinal="0" offset="0" />
            </Method>
            <Method visited="false" cyclomaticComplexity="2" nPathComplexity="2" sequenceCoverage="0" branchCoverage="0" crapScore="6" isConstructor="false" isStatic="false" isGetter="false" isSetter="false">
              <Summary numSequencePoints="2" visitedSequencePoints="0" numBranchPoints="3" visitedBranchPoints="0" sequenceCoverage="0" branchCoverage="0" maxCyclomaticComplexity="2" minCyclomaticComplexity="2" maxCrapScore="6" minCrapScore="6" visitedClasses="0" numClasses="0" visitedMethods="0" numMethods="1" />
              <MetadataToken>100664068</MetadataToken>
              <Name>System.String Humanizer.Bytes.ByteSize::ToFullWords()</Name>
              <FileRef uid="186" />
              <SequencePoints>
                <SequencePoint vc="0" uspid="6933" ordinal="0" offset="0" sl="300" sc="13" el="300" ec="117" bec="0" bev="0" fileid="186" />
                <SequencePoint vc="0" uspid="6934" ordinal="1" offset="28" sl="303" sc="13" el="303" ec="98" bec="2" bev="0" fileid="186" />
              </SequencePoints>
              <BranchPoints>
                <BranchPoint vc="0" uspid="6935" ordinal="0" offset="43" sl="303" path="0" offsetend="45" fileid="186" />
                <BranchPoint vc="0" uspid="6936" ordinal="1" offset="43" sl="303" path="1" offsetend="47" fileid="186" />
              </BranchPoints>
              <MethodPoint xsi:type="SequencePoint" vc="0" uspid="6933" ordinal="0" offset="0" sl="300" sc="13" el="300" ec="117" bec="0" bev="0" fileid="186" />
            </Method>
            <Method visited="false" cyclomaticComplexity="3" nPathComplexity="4" sequenceCoverage="0" branchCoverage="0" crapScore="12" isConstructor="false" isStatic="false" isGetter="false" isSetter="false">
              <Summary numSequencePoints="7" visitedSequencePoints="0" numBranchPoints="5" visitedBranchPoints="0" sequenceCoverage="0" branchCoverage="0" maxCyclomaticComplexity="3" minCyclomaticComplexity="3" maxCrapScore="12" minCrapScore="12" visitedClasses="0" numClasses="0" visitedMethods="0" numMethods="1" />
              <MetadataToken>100664069</MetadataToken>
              <Name>System.Boolean Humanizer.Bytes.ByteSize::Equals(System.Object)</Name>
              <FileRef uid="186" />
              <SequencePoints>
                <SequencePoint vc="0" uspid="6937" ordinal="0" offset="0" sl="308" sc="13" el="308" ec="31" bec="2" bev="0" fileid="186" />
                <SequencePoint vc="0" uspid="6938" ordinal="1" offset="3" sl="310" sc="17" el="310" ec="30" bec="0" bev="0" fileid="186" />
                <SequencePoint vc="0" uspid="6939" ordinal="2" offset="5" sl="314" sc="13" el="314" ec="35" bec="2" bev="0" fileid="186" />
                <SequencePoint vc="0" uspid="6940" ordinal="3" offset="13" sl="316" sc="17" el="316" ec="41" bec="0" bev="0" fileid="186" />
                <SequencePoint vc="0" uspid="6941" ordinal="4" offset="20" sl="317" sc="13" el="317" ec="14" bec="0" bev="0" fileid="186" />
                <SequencePoint vc="0" uspid="6942" ordinal="5" offset="22" sl="320" sc="17" el="320" ec="30" bec="0" bev="0" fileid="186" />
                <SequencePoint vc="0" uspid="6943" ordinal="6" offset="24" sl="323" sc="13" el="323" ec="34" bec="0" bev="0" fileid="186" />
              </SequencePoints>
              <BranchPoints>
                <BranchPoint vc="0" uspid="6944" ordinal="0" offset="1" sl="308" path="0" offsetend="3" fileid="186" />
                <BranchPoint vc="0" uspid="6945" ordinal="1" offset="1" sl="308" path="1" offsetend="5" fileid="186" />
                <BranchPoint vc="0" uspid="6946" ordinal="2" offset="11" sl="314" path="0" offsetend="13" fileid="186" />
                <BranchPoint vc="0" uspid="6947" ordinal="3" offset="11" sl="314" path="1" offsetend="22" fileid="186" />
              </BranchPoints>
              <MethodPoint xsi:type="SequencePoint" vc="0" uspid="6937" ordinal="0" offset="0" sl="308" sc="13" el="308" ec="31" bec="2" bev="0" fileid="186" />
            </Method>
            <Method visited="false" cyclomaticComplexity="1" nPathComplexity="0" sequenceCoverage="0" branchCoverage="0" crapScore="2" isConstructor="false" isStatic="false" isGetter="false" isSetter="false">
              <Summary numSequencePoints="1" visitedSequencePoints="0" numBranchPoints="1" visitedBranchPoints="0" sequenceCoverage="0" branchCoverage="0" maxCyclomaticComplexity="1" minCyclomaticComplexity="1" maxCrapScore="2" minCrapScore="2" visitedClasses="0" numClasses="0" visitedMethods="0" numMethods="1" />
              <MetadataToken>100664070</MetadataToken>
              <Name>System.Boolean Humanizer.Bytes.ByteSize::Equals(Humanizer.Bytes.ByteSize)</Name>
              <FileRef uid="186" />
              <SequencePoints>
                <SequencePoint vc="0" uspid="6948" ordinal="0" offset="0" sl="328" sc="13" el="328" ec="39" bec="0" bev="0" fileid="186" />
              </SequencePoints>
              <BranchPoints />
              <MethodPoint xsi:type="SequencePoint" vc="0" uspid="6948" ordinal="0" offset="0" sl="328" sc="13" el="328" ec="39" bec="0" bev="0" fileid="186" />
            </Method>
            <Method visited="false" cyclomaticComplexity="1" nPathComplexity="0" sequenceCoverage="0" branchCoverage="0" crapScore="2" isConstructor="false" isStatic="false" isGetter="false" isSetter="false">
              <Summary numSequencePoints="1" visitedSequencePoints="0" numBranchPoints="1" visitedBranchPoints="0" sequenceCoverage="0" branchCoverage="0" maxCyclomaticComplexity="1" minCyclomaticComplexity="1" maxCrapScore="2" minCrapScore="2" visitedClasses="0" numClasses="0" visitedMethods="0" numMethods="1" />
              <MetadataToken>100664071</MetadataToken>
              <Name>System.Int32 Humanizer.Bytes.ByteSize::GetHashCode()</Name>
              <FileRef uid="186" />
              <SequencePoints>
                <SequencePoint vc="0" uspid="6949" ordinal="0" offset="0" sl="333" sc="13" el="333" ec="39" bec="0" bev="0" fileid="186" />
              </SequencePoints>
              <BranchPoints />
              <MethodPoint xsi:type="SequencePoint" vc="0" uspid="6949" ordinal="0" offset="0" sl="333" sc="13" el="333" ec="39" bec="0" bev="0" fileid="186" />
            </Method>
            <Method visited="false" cyclomaticComplexity="3" nPathComplexity="4" sequenceCoverage="0" branchCoverage="0" crapScore="12" isConstructor="false" isStatic="false" isGetter="false" isSetter="false">
              <Summary numSequencePoints="5" visitedSequencePoints="0" numBranchPoints="5" visitedBranchPoints="0" sequenceCoverage="0" branchCoverage="0" maxCyclomaticComplexity="3" minCyclomaticComplexity="3" maxCrapScore="12" minCrapScore="12" visitedClasses="0" numClasses="0" visitedMethods="0" numMethods="1" />
              <MetadataToken>100664072</MetadataToken>
              <Name>System.Int32 Humanizer.Bytes.ByteSize::CompareTo(System.Object)</Name>
              <FileRef uid="186" />
              <SequencePoints>
                <SequencePoint vc="0" uspid="6950" ordinal="0" offset="0" sl="338" sc="13" el="338" ec="29" bec="2" bev="0" fileid="186" />
                <SequencePoint vc="0" uspid="6951" ordinal="1" offset="3" sl="340" sc="17" el="340" ec="26" bec="0" bev="0" fileid="186" />
                <SequencePoint vc="0" uspid="6952" ordinal="2" offset="5" sl="343" sc="13" el="343" ec="36" bec="2" bev="0" fileid="186" />
                <SequencePoint vc="0" uspid="6953" ordinal="3" offset="13" sl="345" sc="17" el="345" ec="73" bec="0" bev="0" fileid="186" />
                <SequencePoint vc="0" uspid="6954" ordinal="4" offset="24" sl="348" sc="13" el="348" ec="45" bec="0" bev="0" fileid="186" />
              </SequencePoints>
              <BranchPoints>
                <BranchPoint vc="0" uspid="6955" ordinal="0" offset="1" sl="338" path="0" offsetend="3" fileid="186" />
                <BranchPoint vc="0" uspid="6956" ordinal="1" offset="1" sl="338" path="1" offsetend="5" fileid="186" />
                <BranchPoint vc="0" uspid="6957" ordinal="2" offset="11" sl="343" path="0" offsetend="13" fileid="186" />
                <BranchPoint vc="0" uspid="6958" ordinal="3" offset="11" sl="343" path="1" offsetend="24" fileid="186" />
              </BranchPoints>
              <MethodPoint xsi:type="SequencePoint" vc="0" uspid="6950" ordinal="0" offset="0" sl="338" sc="13" el="338" ec="29" bec="2" bev="0" fileid="186" />
            </Method>
            <Method visited="false" cyclomaticComplexity="1" nPathComplexity="0" sequenceCoverage="0" branchCoverage="0" crapScore="2" isConstructor="false" isStatic="false" isGetter="false" isSetter="false">
              <Summary numSequencePoints="1" visitedSequencePoints="0" numBranchPoints="1" visitedBranchPoints="0" sequenceCoverage="0" branchCoverage="0" maxCyclomaticComplexity="1" minCyclomaticComplexity="1" maxCrapScore="2" minCrapScore="2" visitedClasses="0" numClasses="0" visitedMethods="0" numMethods="1" />
              <MetadataToken>100664073</MetadataToken>
              <Name>System.Int32 Humanizer.Bytes.ByteSize::CompareTo(Humanizer.Bytes.ByteSize)</Name>
              <FileRef uid="186" />
              <SequencePoints>
                <SequencePoint vc="0" uspid="6959" ordinal="0" offset="0" sl="353" sc="13" el="353" ec="47" bec="0" bev="0" fileid="186" />
              </SequencePoints>
              <BranchPoints />
              <MethodPoint xsi:type="SequencePoint" vc="0" uspid="6959" ordinal="0" offset="0" sl="353" sc="13" el="353" ec="47" bec="0" bev="0" fileid="186" />
            </Method>
            <Method visited="false" cyclomaticComplexity="1" nPathComplexity="0" sequenceCoverage="0" branchCoverage="0" crapScore="2" isConstructor="false" isStatic="false" isGetter="false" isSetter="false">
              <Summary numSequencePoints="1" visitedSequencePoints="0" numBranchPoints="1" visitedBranchPoints="0" sequenceCoverage="0" branchCoverage="0" maxCyclomaticComplexity="1" minCyclomaticComplexity="1" maxCrapScore="2" minCrapScore="2" visitedClasses="0" numClasses="0" visitedMethods="0" numMethods="1" />
              <MetadataToken>100664074</MetadataToken>
              <Name>Humanizer.Bytes.ByteSize Humanizer.Bytes.ByteSize::Add(Humanizer.Bytes.ByteSize)</Name>
              <FileRef uid="186" />
              <SequencePoints>
                <SequencePoint vc="0" uspid="6960" ordinal="0" offset="0" sl="358" sc="13" el="358" ec="51" bec="0" bev="0" fileid="186" />
              </SequencePoints>
              <BranchPoints />
              <MethodPoint xsi:type="SequencePoint" vc="0" uspid="6960" ordinal="0" offset="0" sl="358" sc="13" el="358" ec="51" bec="0" bev="0" fileid="186" />
            </Method>
            <Method visited="false" cyclomaticComplexity="1" nPathComplexity="0" sequenceCoverage="0" branchCoverage="0" crapScore="2" isConstructor="false" isStatic="false" isGetter="false" isSetter="false">
              <Summary numSequencePoints="1" visitedSequencePoints="0" numBranchPoints="1" visitedBranchPoints="0" sequenceCoverage="0" branchCoverage="0" maxCyclomaticComplexity="1" minCyclomaticComplexity="1" maxCrapScore="2" minCrapScore="2" visitedClasses="0" numClasses="0" visitedMethods="0" numMethods="1" />
              <MetadataToken>100664075</MetadataToken>
              <Name>Humanizer.Bytes.ByteSize Humanizer.Bytes.ByteSize::AddBits(System.Int64)</Name>
              <FileRef uid="186" />
              <SequencePoints>
                <SequencePoint vc="0" uspid="6961" ordinal="0" offset="0" sl="363" sc="13" el="363" ec="43" bec="0" bev="0" fileid="186" />
              </SequencePoints>
              <BranchPoints />
              <MethodPoint xsi:type="SequencePoint" vc="0" uspid="6961" ordinal="0" offset="0" sl="363" sc="13" el="363" ec="43" bec="0" bev="0" fileid="186" />
            </Method>
            <Method visited="false" cyclomaticComplexity="1" nPathComplexity="0" sequenceCoverage="0" branchCoverage="0" crapScore="2" isConstructor="false" isStatic="false" isGetter="false" isSetter="false">
              <Summary numSequencePoints="1" visitedSequencePoints="0" numBranchPoints="1" visitedBranchPoints="0" sequenceCoverage="0" branchCoverage="0" maxCyclomaticComplexity="1" minCyclomaticComplexity="1" maxCrapScore="2" minCrapScore="2" visitedClasses="0" numClasses="0" visitedMethods="0" numMethods="1" />
              <MetadataToken>100664076</MetadataToken>
              <Name>Humanizer.Bytes.ByteSize Humanizer.Bytes.ByteSize::AddBytes(System.Double)</Name>
              <FileRef uid="186" />
              <SequencePoints>
                <SequencePoint vc="0" uspid="6962" ordinal="0" offset="0" sl="368" sc="13" el="368" ec="44" bec="0" bev="0" fileid="186" />
              </SequencePoints>
              <BranchPoints />
              <MethodPoint xsi:type="SequencePoint" vc="0" uspid="6962" ordinal="0" offset="0" sl="368" sc="13" el="368" ec="44" bec="0" bev="0" fileid="186" />
            </Method>
            <Method visited="false" cyclomaticComplexity="1" nPathComplexity="0" sequenceCoverage="0" branchCoverage="0" crapScore="2" isConstructor="false" isStatic="false" isGetter="false" isSetter="false">
              <Summary numSequencePoints="1" visitedSequencePoints="0" numBranchPoints="1" visitedBranchPoints="0" sequenceCoverage="0" branchCoverage="0" maxCyclomaticComplexity="1" minCyclomaticComplexity="1" maxCrapScore="2" minCrapScore="2" visitedClasses="0" numClasses="0" visitedMethods="0" numMethods="1" />
              <MetadataToken>100664077</MetadataToken>
              <Name>Humanizer.Bytes.ByteSize Humanizer.Bytes.ByteSize::AddKilobytes(System.Double)</Name>
              <FileRef uid="186" />
              <SequencePoints>
                <SequencePoint vc="0" uspid="6963" ordinal="0" offset="0" sl="373" sc="13" el="373" ec="48" bec="0" bev="0" fileid="186" />
              </SequencePoints>
              <BranchPoints />
              <MethodPoint xsi:type="SequencePoint" vc="0" uspid="6963" ordinal="0" offset="0" sl="373" sc="13" el="373" ec="48" bec="0" bev="0" fileid="186" />
            </Method>
            <Method visited="false" cyclomaticComplexity="1" nPathComplexity="0" sequenceCoverage="0" branchCoverage="0" crapScore="2" isConstructor="false" isStatic="false" isGetter="false" isSetter="false">
              <Summary numSequencePoints="1" visitedSequencePoints="0" numBranchPoints="1" visitedBranchPoints="0" sequenceCoverage="0" branchCoverage="0" maxCyclomaticComplexity="1" minCyclomaticComplexity="1" maxCrapScore="2" minCrapScore="2" visitedClasses="0" numClasses="0" visitedMethods="0" numMethods="1" />
              <MetadataToken>100664078</MetadataToken>
              <Name>Humanizer.Bytes.ByteSize Humanizer.Bytes.ByteSize::AddMegabytes(System.Double)</Name>
              <FileRef uid="186" />
              <SequencePoints>
                <SequencePoint vc="0" uspid="6964" ordinal="0" offset="0" sl="378" sc="13" el="378" ec="48" bec="0" bev="0" fileid="186" />
              </SequencePoints>
              <BranchPoints />
              <MethodPoint xsi:type="SequencePoint" vc="0" uspid="6964" ordinal="0" offset="0" sl="378" sc="13" el="378" ec="48" bec="0" bev="0" fileid="186" />
            </Method>
            <Method visited="false" cyclomaticComplexity="1" nPathComplexity="0" sequenceCoverage="0" branchCoverage="0" crapScore="2" isConstructor="false" isStatic="false" isGetter="false" isSetter="false">
              <Summary numSequencePoints="1" visitedSequencePoints="0" numBranchPoints="1" visitedBranchPoints="0" sequenceCoverage="0" branchCoverage="0" maxCyclomaticComplexity="1" minCyclomaticComplexity="1" maxCrapScore="2" minCrapScore="2" visitedClasses="0" numClasses="0" visitedMethods="0" numMethods="1" />
              <MetadataToken>100664079</MetadataToken>
              <Name>Humanizer.Bytes.ByteSize Humanizer.Bytes.ByteSize::AddGigabytes(System.Double)</Name>
              <FileRef uid="186" />
              <SequencePoints>
                <SequencePoint vc="0" uspid="6965" ordinal="0" offset="0" sl="383" sc="13" el="383" ec="48" bec="0" bev="0" fileid="186" />
              </SequencePoints>
              <BranchPoints />
              <MethodPoint xsi:type="SequencePoint" vc="0" uspid="6965" ordinal="0" offset="0" sl="383" sc="13" el="383" ec="48" bec="0" bev="0" fileid="186" />
            </Method>
            <Method visited="false" cyclomaticComplexity="1" nPathComplexity="0" sequenceCoverage="0" branchCoverage="0" crapScore="2" isConstructor="false" isStatic="false" isGetter="false" isSetter="false">
              <Summary numSequencePoints="1" visitedSequencePoints="0" numBranchPoints="1" visitedBranchPoints="0" sequenceCoverage="0" branchCoverage="0" maxCyclomaticComplexity="1" minCyclomaticComplexity="1" maxCrapScore="2" minCrapScore="2" visitedClasses="0" numClasses="0" visitedMethods="0" numMethods="1" />
              <MetadataToken>100664080</MetadataToken>
              <Name>Humanizer.Bytes.ByteSize Humanizer.Bytes.ByteSize::AddTerabytes(System.Double)</Name>
              <FileRef uid="186" />
              <SequencePoints>
                <SequencePoint vc="0" uspid="6966" ordinal="0" offset="0" sl="388" sc="13" el="388" ec="48" bec="0" bev="0" fileid="186" />
              </SequencePoints>
              <BranchPoints />
              <MethodPoint xsi:type="SequencePoint" vc="0" uspid="6966" ordinal="0" offset="0" sl="388" sc="13" el="388" ec="48" bec="0" bev="0" fileid="186" />
            </Method>
            <Method visited="false" cyclomaticComplexity="1" nPathComplexity="0" sequenceCoverage="0" branchCoverage="0" crapScore="2" isConstructor="false" isStatic="false" isGetter="false" isSetter="false">
              <Summary numSequencePoints="1" visitedSequencePoints="0" numBranchPoints="1" visitedBranchPoints="0" sequenceCoverage="0" branchCoverage="0" maxCyclomaticComplexity="1" minCyclomaticComplexity="1" maxCrapScore="2" minCrapScore="2" visitedClasses="0" numClasses="0" visitedMethods="0" numMethods="1" />
              <MetadataToken>100664081</MetadataToken>
              <Name>Humanizer.Bytes.ByteSize Humanizer.Bytes.ByteSize::Subtract(Humanizer.Bytes.ByteSize)</Name>
              <FileRef uid="186" />
              <SequencePoints>
                <SequencePoint vc="0" uspid="6967" ordinal="0" offset="0" sl="393" sc="13" el="393" ec="51" bec="0" bev="0" fileid="186" />
              </SequencePoints>
              <BranchPoints />
              <MethodPoint xsi:type="SequencePoint" vc="0" uspid="6967" ordinal="0" offset="0" sl="393" sc="13" el="393" ec="51" bec="0" bev="0" fileid="186" />
            </Method>
            <Method visited="false" cyclomaticComplexity="1" nPathComplexity="0" sequenceCoverage="0" branchCoverage="0" crapScore="2" isConstructor="false" isStatic="true" isGetter="false" isSetter="false">
              <Summary numSequencePoints="1" visitedSequencePoints="0" numBranchPoints="1" visitedBranchPoints="0" sequenceCoverage="0" branchCoverage="0" maxCyclomaticComplexity="1" minCyclomaticComplexity="1" maxCrapScore="2" minCrapScore="2" visitedClasses="0" numClasses="0" visitedMethods="0" numMethods="1" />
              <MetadataToken>100664082</MetadataToken>
              <Name>Humanizer.Bytes.ByteSize Humanizer.Bytes.ByteSize::op_Addition(Humanizer.Bytes.ByteSize,Humanizer.Bytes.ByteSize)</Name>
              <FileRef uid="186" />
              <SequencePoints>
                <SequencePoint vc="0" uspid="6968" ordinal="0" offset="0" sl="398" sc="13" el="398" ec="54" bec="0" bev="0" fileid="186" />
              </SequencePoints>
              <BranchPoints />
              <MethodPoint xsi:type="SequencePoint" vc="0" uspid="6968" ordinal="0" offset="0" sl="398" sc="13" el="398" ec="54" bec="0" bev="0" fileid="186" />
            </Method>
            <Method visited="false" cyclomaticComplexity="1" nPathComplexity="0" sequenceCoverage="0" branchCoverage="0" crapScore="2" isConstructor="false" isStatic="true" isGetter="false" isSetter="false">
              <Summary numSequencePoints="1" visitedSequencePoints="0" numBranchPoints="1" visitedBranchPoints="0" sequenceCoverage="0" branchCoverage="0" maxCyclomaticComplexity="1" minCyclomaticComplexity="1" maxCrapScore="2" minCrapScore="2" visitedClasses="0" numClasses="0" visitedMethods="0" numMethods="1" />
              <MetadataToken>100664083</MetadataToken>
              <Name>Humanizer.Bytes.ByteSize Humanizer.Bytes.ByteSize::op_Subtraction(Humanizer.Bytes.ByteSize,Humanizer.Bytes.ByteSize)</Name>
              <FileRef uid="186" />
              <SequencePoints>
                <SequencePoint vc="0" uspid="6969" ordinal="0" offset="0" sl="403" sc="13" el="403" ec="54" bec="0" bev="0" fileid="186" />
              </SequencePoints>
              <BranchPoints />
              <MethodPoint xsi:type="SequencePoint" vc="0" uspid="6969" ordinal="0" offset="0" sl="403" sc="13" el="403" ec="54" bec="0" bev="0" fileid="186" />
            </Method>
            <Method visited="false" cyclomaticComplexity="1" nPathComplexity="0" sequenceCoverage="0" branchCoverage="0" crapScore="2" isConstructor="false" isStatic="true" isGetter="false" isSetter="false">
              <Summary numSequencePoints="1" visitedSequencePoints="0" numBranchPoints="1" visitedBranchPoints="0" sequenceCoverage="0" branchCoverage="0" maxCyclomaticComplexity="1" minCyclomaticComplexity="1" maxCrapScore="2" minCrapScore="2" visitedClasses="0" numClasses="0" visitedMethods="0" numMethods="1" />
              <MetadataToken>100664084</MetadataToken>
              <Name>Humanizer.Bytes.ByteSize Humanizer.Bytes.ByteSize::op_Increment(Humanizer.Bytes.ByteSize)</Name>
              <FileRef uid="186" />
              <SequencePoints>
                <SequencePoint vc="0" uspid="6970" ordinal="0" offset="0" sl="408" sc="13" el="408" ec="46" bec="0" bev="0" fileid="186" />
              </SequencePoints>
              <BranchPoints />
              <MethodPoint xsi:type="SequencePoint" vc="0" uspid="6970" ordinal="0" offset="0" sl="408" sc="13" el="408" ec="46" bec="0" bev="0" fileid="186" />
            </Method>
            <Method visited="false" cyclomaticComplexity="1" nPathComplexity="0" sequenceCoverage="0" branchCoverage="0" crapScore="2" isConstructor="false" isStatic="true" isGetter="false" isSetter="false">
              <Summary numSequencePoints="1" visitedSequencePoints="0" numBranchPoints="1" visitedBranchPoints="0" sequenceCoverage="0" branchCoverage="0" maxCyclomaticComplexity="1" minCyclomaticComplexity="1" maxCrapScore="2" minCrapScore="2" visitedClasses="0" numClasses="0" visitedMethods="0" numMethods="1" />
              <MetadataToken>100664085</MetadataToken>
              <Name>Humanizer.Bytes.ByteSize Humanizer.Bytes.ByteSize::op_UnaryNegation(Humanizer.Bytes.ByteSize)</Name>
              <FileRef uid="186" />
              <SequencePoints>
                <SequencePoint vc="0" uspid="6971" ordinal="0" offset="0" sl="413" sc="13" el="413" ec="43" bec="0" bev="0" fileid="186" />
              </SequencePoints>
              <BranchPoints />
              <MethodPoint xsi:type="SequencePoint" vc="0" uspid="6971" ordinal="0" offset="0" sl="413" sc="13" el="413" ec="43" bec="0" bev="0" fileid="186" />
            </Method>
            <Method visited="false" cyclomaticComplexity="1" nPathComplexity="0" sequenceCoverage="0" branchCoverage="0" crapScore="2" isConstructor="false" isStatic="true" isGetter="false" isSetter="false">
              <Summary numSequencePoints="1" visitedSequencePoints="0" numBranchPoints="1" visitedBranchPoints="0" sequenceCoverage="0" branchCoverage="0" maxCyclomaticComplexity="1" minCyclomaticComplexity="1" maxCrapScore="2" minCrapScore="2" visitedClasses="0" numClasses="0" visitedMethods="0" numMethods="1" />
              <MetadataToken>100664086</MetadataToken>
              <Name>Humanizer.Bytes.ByteSize Humanizer.Bytes.ByteSize::op_Decrement(Humanizer.Bytes.ByteSize)</Name>
              <FileRef uid="186" />
              <SequencePoints>
                <SequencePoint vc="0" uspid="6972" ordinal="0" offset="0" sl="418" sc="13" el="418" ec="46" bec="0" bev="0" fileid="186" />
              </SequencePoints>
              <BranchPoints />
              <MethodPoint xsi:type="SequencePoint" vc="0" uspid="6972" ordinal="0" offset="0" sl="418" sc="13" el="418" ec="46" bec="0" bev="0" fileid="186" />
            </Method>
            <Method visited="false" cyclomaticComplexity="1" nPathComplexity="0" sequenceCoverage="0" branchCoverage="0" crapScore="2" isConstructor="false" isStatic="true" isGetter="false" isSetter="false">
              <Summary numSequencePoints="1" visitedSequencePoints="0" numBranchPoints="1" visitedBranchPoints="0" sequenceCoverage="0" branchCoverage="0" maxCyclomaticComplexity="1" minCyclomaticComplexity="1" maxCrapScore="2" minCrapScore="2" visitedClasses="0" numClasses="0" visitedMethods="0" numMethods="1" />
              <MetadataToken>100664087</MetadataToken>
              <Name>System.Boolean Humanizer.Bytes.ByteSize::op_Equality(Humanizer.Bytes.ByteSize,Humanizer.Bytes.ByteSize)</Name>
              <FileRef uid="186" />
              <SequencePoints>
                <SequencePoint vc="0" uspid="6973" ordinal="0" offset="0" sl="423" sc="13" el="423" ec="39" bec="0" bev="0" fileid="186" />
              </SequencePoints>
              <BranchPoints />
              <MethodPoint xsi:type="SequencePoint" vc="0" uspid="6973" ordinal="0" offset="0" sl="423" sc="13" el="423" ec="39" bec="0" bev="0" fileid="186" />
            </Method>
            <Method visited="false" cyclomaticComplexity="1" nPathComplexity="0" sequenceCoverage="0" branchCoverage="0" crapScore="2" isConstructor="false" isStatic="true" isGetter="false" isSetter="false">
              <Summary numSequencePoints="1" visitedSequencePoints="0" numBranchPoints="1" visitedBranchPoints="0" sequenceCoverage="0" branchCoverage="0" maxCyclomaticComplexity="1" minCyclomaticComplexity="1" maxCrapScore="2" minCrapScore="2" visitedClasses="0" numClasses="0" visitedMethods="0" numMethods="1" />
              <MetadataToken>100664088</MetadataToken>
              <Name>System.Boolean Humanizer.Bytes.ByteSize::op_Inequality(Humanizer.Bytes.ByteSize,Humanizer.Bytes.ByteSize)</Name>
              <FileRef uid="186" />
              <SequencePoints>
                <SequencePoint vc="0" uspid="6974" ordinal="0" offset="0" sl="428" sc="13" el="428" ec="39" bec="0" bev="0" fileid="186" />
              </SequencePoints>
              <BranchPoints />
              <MethodPoint xsi:type="SequencePoint" vc="0" uspid="6974" ordinal="0" offset="0" sl="428" sc="13" el="428" ec="39" bec="0" bev="0" fileid="186" />
            </Method>
            <Method visited="false" cyclomaticComplexity="1" nPathComplexity="0" sequenceCoverage="0" branchCoverage="0" crapScore="2" isConstructor="false" isStatic="true" isGetter="false" isSetter="false">
              <Summary numSequencePoints="1" visitedSequencePoints="0" numBranchPoints="1" visitedBranchPoints="0" sequenceCoverage="0" branchCoverage="0" maxCyclomaticComplexity="1" minCyclomaticComplexity="1" maxCrapScore="2" minCrapScore="2" visitedClasses="0" numClasses="0" visitedMethods="0" numMethods="1" />
              <MetadataToken>100664089</MetadataToken>
              <Name>System.Boolean Humanizer.Bytes.ByteSize::op_LessThan(Humanizer.Bytes.ByteSize,Humanizer.Bytes.ByteSize)</Name>
              <FileRef uid="186" />
              <SequencePoints>
                <SequencePoint vc="0" uspid="6975" ordinal="0" offset="0" sl="433" sc="13" el="433" ec="38" bec="0" bev="0" fileid="186" />
              </SequencePoints>
              <BranchPoints />
              <MethodPoint xsi:type="SequencePoint" vc="0" uspid="6975" ordinal="0" offset="0" sl="433" sc="13" el="433" ec="38" bec="0" bev="0" fileid="186" />
            </Method>
            <Method visited="false" cyclomaticComplexity="1" nPathComplexity="0" sequenceCoverage="0" branchCoverage="0" crapScore="2" isConstructor="false" isStatic="true" isGetter="false" isSetter="false">
              <Summary numSequencePoints="1" visitedSequencePoints="0" numBranchPoints="1" visitedBranchPoints="0" sequenceCoverage="0" branchCoverage="0" maxCyclomaticComplexity="1" minCyclomaticComplexity="1" maxCrapScore="2" minCrapScore="2" visitedClasses="0" numClasses="0" visitedMethods="0" numMethods="1" />
              <MetadataToken>100664090</MetadataToken>
              <Name>System.Boolean Humanizer.Bytes.ByteSize::op_LessThanOrEqual(Humanizer.Bytes.ByteSize,Humanizer.Bytes.ByteSize)</Name>
              <FileRef uid="186" />
              <SequencePoints>
                <SequencePoint vc="0" uspid="6976" ordinal="0" offset="0" sl="438" sc="13" el="438" ec="39" bec="0" bev="0" fileid="186" />
              </SequencePoints>
              <BranchPoints />
              <MethodPoint xsi:type="SequencePoint" vc="0" uspid="6976" ordinal="0" offset="0" sl="438" sc="13" el="438" ec="39" bec="0" bev="0" fileid="186" />
            </Method>
            <Method visited="false" cyclomaticComplexity="1" nPathComplexity="0" sequenceCoverage="0" branchCoverage="0" crapScore="2" isConstructor="false" isStatic="true" isGetter="false" isSetter="false">
              <Summary numSequencePoints="1" visitedSequencePoints="0" numBranchPoints="1" visitedBranchPoints="0" sequenceCoverage="0" branchCoverage="0" maxCyclomaticComplexity="1" minCyclomaticComplexity="1" maxCrapScore="2" minCrapScore="2" visitedClasses="0" numClasses="0" visitedMethods="0" numMethods="1" />
              <MetadataToken>100664091</MetadataToken>
              <Name>System.Boolean Humanizer.Bytes.ByteSize::op_GreaterThan(Humanizer.Bytes.ByteSize,Humanizer.Bytes.ByteSize)</Name>
              <FileRef uid="186" />
              <SequencePoints>
                <SequencePoint vc="0" uspid="6977" ordinal="0" offset="0" sl="443" sc="13" el="443" ec="38" bec="0" bev="0" fileid="186" />
              </SequencePoints>
              <BranchPoints />
              <MethodPoint xsi:type="SequencePoint" vc="0" uspid="6977" ordinal="0" offset="0" sl="443" sc="13" el="443" ec="38" bec="0" bev="0" fileid="186" />
            </Method>
            <Method visited="false" cyclomaticComplexity="1" nPathComplexity="0" sequenceCoverage="0" branchCoverage="0" crapScore="2" isConstructor="false" isStatic="true" isGetter="false" isSetter="false">
              <Summary numSequencePoints="1" visitedSequencePoints="0" numBranchPoints="1" visitedBranchPoints="0" sequenceCoverage="0" branchCoverage="0" maxCyclomaticComplexity="1" minCyclomaticComplexity="1" maxCrapScore="2" minCrapScore="2" visitedClasses="0" numClasses="0" visitedMethods="0" numMethods="1" />
              <MetadataToken>100664092</MetadataToken>
              <Name>System.Boolean Humanizer.Bytes.ByteSize::op_GreaterThanOrEqual(Humanizer.Bytes.ByteSize,Humanizer.Bytes.ByteSize)</Name>
              <FileRef uid="186" />
              <SequencePoints>
                <SequencePoint vc="0" uspid="6978" ordinal="0" offset="0" sl="448" sc="13" el="448" ec="39" bec="0" bev="0" fileid="186" />
              </SequencePoints>
              <BranchPoints />
              <MethodPoint xsi:type="SequencePoint" vc="0" uspid="6978" ordinal="0" offset="0" sl="448" sc="13" el="448" ec="39" bec="0" bev="0" fileid="186" />
            </Method>
            <Method visited="false" cyclomaticComplexity="15" nPathComplexity="16384" sequenceCoverage="0" branchCoverage="0" crapScore="240" isConstructor="false" isStatic="true" isGetter="false" isSetter="false">
              <Summary numSequencePoints="35" visitedSequencePoints="0" numBranchPoints="29" visitedBranchPoints="0" sequenceCoverage="0" branchCoverage="0" maxCyclomaticComplexity="15" minCyclomaticComplexity="15" maxCrapScore="240" minCrapScore="240" visitedClasses="0" numClasses="0" visitedMethods="0" numMethods="1" />
              <MetadataToken>100664093</MetadataToken>
              <Name>System.Boolean Humanizer.Bytes.ByteSize::TryParse(System.String,Humanizer.Bytes.ByteSize&amp;)</Name>
              <FileRef uid="186" />
              <SequencePoints>
                <SequencePoint vc="0" uspid="6979" ordinal="0" offset="0" sl="454" sc="13" el="454" ec="46" bec="2" bev="0" fileid="186" />
                <SequencePoint vc="0" uspid="6980" ordinal="1" offset="8" sl="456" sc="17" el="456" ec="92" bec="0" bev="0" fileid="186" />
                <SequencePoint vc="0" uspid="6981" ordinal="2" offset="24" sl="460" sc="13" el="460" ec="37" bec="0" bev="0" fileid="186" />
                <SequencePoint vc="0" uspid="6982" ordinal="3" offset="31" sl="463" sc="13" el="463" ec="31" bec="0" bev="0" fileid="186" />
                <SequencePoint vc="0" uspid="6983" ordinal="4" offset="44" sl="466" sc="13" el="466" ec="31" bec="0" bev="0" fileid="186" />
                <SequencePoint vc="0" uspid="6984" ordinal="5" offset="46" sl="470" sc="10" el="470" ec="102" bec="0" bev="0" fileid="186" />
                <SequencePoint vc="0" uspid="6985" ordinal="6" offset="67" sl="473" sc="18" el="473" ec="25" bec="0" bev="0" fileid="186" />
                <SequencePoint vc="0" uspid="6986" ordinal="7" offset="71" sl="475" sc="17" el="475" ec="65" bec="3" bev="0" fileid="186" />
                <SequencePoint vc="0" uspid="6987" ordinal="8" offset="95" sl="477" sc="21" el="477" ec="34" bec="0" bev="0" fileid="186" />
                <SequencePoint vc="0" uspid="6988" ordinal="9" offset="97" sl="478" sc="21" el="478" ec="27" bec="0" bev="0" fileid="186" />
                <SequencePoint vc="0" uspid="6989" ordinal="10" offset="99" sl="473" sc="43" el="473" ec="48" bec="0" bev="0" fileid="186" />
                <SequencePoint vc="0" uspid="6990" ordinal="11" offset="103" sl="473" sc="27" el="473" ec="41" bec="2" bev="0" fileid="186" />
                <SequencePoint vc="0" uspid="6991" ordinal="12" offset="112" sl="482" sc="13" el="482" ec="32" bec="2" bev="0" fileid="186" />
                <SequencePoint vc="0" uspid="6992" ordinal="13" offset="115" sl="484" sc="17" el="484" ec="30" bec="0" bev="0" fileid="186" />
                <SequencePoint vc="0" uspid="6993" ordinal="14" offset="117" sl="487" sc="13" el="487" ec="34" bec="0" bev="0" fileid="186" />
                <SequencePoint vc="0" uspid="6994" ordinal="15" offset="119" sl="490" sc="13" el="490" ec="64" bec="0" bev="0" fileid="186" />
                <SequencePoint vc="0" uspid="6995" ordinal="16" offset="132" sl="491" sc="13" el="491" ec="82" bec="0" bev="0" fileid="186" />
                <SequencePoint vc="0" uspid="6996" ordinal="17" offset="154" sl="494" sc="13" el="494" ec="62" bec="2" bev="0" fileid="186" />
                <SequencePoint vc="0" uspid="6997" ordinal="18" offset="163" sl="496" sc="17" el="496" ec="30" bec="0" bev="0" fileid="186" />
                <SequencePoint vc="0" uspid="6998" ordinal="19" offset="165" sl="500" sc="13" el="500" ec="40" bec="11" bev="0" fileid="186" />
                <SequencePoint vc="0" uspid="6999" ordinal="20" offset="256" sl="503" sc="21" el="503" ec="47" bec="2" bev="0" fileid="186" />
                <SequencePoint vc="0" uspid="7000" ordinal="21" offset="270" sl="505" sc="25" el="505" ec="45" bec="2" bev="0" fileid="186" />
                <SequencePoint vc="0" uspid="7001" ordinal="22" offset="293" sl="507" sc="29" el="507" ec="42" bec="0" bev="0" fileid="186" />
                <SequencePoint vc="0" uspid="7002" ordinal="23" offset="295" sl="510" sc="25" el="510" ec="57" bec="0" bev="0" fileid="186" />
                <SequencePoint vc="0" uspid="7003" ordinal="24" offset="309" sl="511" sc="21" el="511" ec="22" bec="0" bev="0" fileid="186" />
                <SequencePoint vc="0" uspid="7004" ordinal="25" offset="311" sl="514" sc="25" el="514" ec="52" bec="0" bev="0" fileid="186" />
                <SequencePoint vc="0" uspid="7005" ordinal="26" offset="324" sl="516" sc="21" el="516" ec="27" bec="0" bev="0" fileid="186" />
                <SequencePoint vc="0" uspid="7006" ordinal="27" offset="326" sl="519" sc="21" el="519" ec="52" bec="0" bev="0" fileid="186" />
                <SequencePoint vc="0" uspid="7007" ordinal="28" offset="339" sl="520" sc="21" el="520" ec="27" bec="0" bev="0" fileid="186" />
                <SequencePoint vc="0" uspid="7008" ordinal="29" offset="341" sl="523" sc="21" el="523" ec="52" bec="0" bev="0" fileid="186" />
                <SequencePoint vc="0" uspid="7009" ordinal="30" offset="354" sl="524" sc="21" el="524" ec="27" bec="0" bev="0" fileid="186" />
                <SequencePoint vc="0" uspid="7010" ordinal="31" offset="356" sl="527" sc="21" el="527" ec="52" bec="0" bev="0" fileid="186" />
                <SequencePoint vc="0" uspid="7011" ordinal="32" offset="369" sl="528" sc="21" el="528" ec="27" bec="0" bev="0" fileid="186" />
                <SequencePoint vc="0" uspid="7012" ordinal="33" offset="371" sl="531" sc="21" el="531" ec="52" bec="0" bev="0" fileid="186" />
                <SequencePoint vc="0" uspid="7013" ordinal="34" offset="384" sl="535" sc="13" el="535" ec="25" bec="0" bev="0" fileid="186" />
              </SequencePoints>
              <BranchPoints>
                <BranchPoint vc="0" uspid="7014" ordinal="0" offset="6" sl="454" path="0" offsetend="8" fileid="186" />
                <BranchPoint vc="0" uspid="7015" ordinal="1" offset="6" sl="454" path="1" offsetend="24" fileid="186" />
                <BranchPoint vc="0" uspid="7016" ordinal="2" offset="83" sl="475" path="0" offsetend="85" fileid="186" />
                <BranchPoint vc="0" uspid="7017" ordinal="3" offset="83" sl="475" path="1" offsetend="99" fileid="186" />
                <BranchPoint vc="0" uspid="7018" ordinal="4" offset="93" sl="475" path="0" offsetend="95" fileid="186" />
                <BranchPoint vc="0" uspid="7019" ordinal="5" offset="93" sl="475" path="1" offsetend="99" fileid="186" />
                <BranchPoint vc="0" uspid="7020" ordinal="6" offset="110" sl="473" path="0" offsetend="112" fileid="186" />
                <BranchPoint vc="0" uspid="7021" ordinal="7" offset="110" sl="473" path="1" offsetend="71" fileid="186" />
                <BranchPoint vc="0" uspid="7022" ordinal="8" offset="113" sl="482" path="0" offsetend="115" fileid="186" />
                <BranchPoint vc="0" uspid="7023" ordinal="9" offset="113" sl="482" path="1" offsetend="117" fileid="186" />
                <BranchPoint vc="0" uspid="7024" ordinal="10" offset="161" sl="494" path="0" offsetend="163" fileid="186" />
                <BranchPoint vc="0" uspid="7025" ordinal="11" offset="161" sl="494" path="1" offsetend="165" fileid="186" />
                <BranchPoint vc="0" uspid="7026" ordinal="12" offset="176" sl="500" path="0" offsetend="181" fileid="186" />
                <BranchPoint vc="0" uspid="7027" ordinal="13" offset="176" sl="500" path="1" offsetend="384" fileid="186" />
                <BranchPoint vc="0" uspid="7028" ordinal="14" offset="193" sl="500" path="0" offsetend="195" fileid="186" />
                <BranchPoint vc="0" uspid="7029" ordinal="15" offset="193" sl="500" path="1" offsetend="256" fileid="186" />
                <BranchPoint vc="0" uspid="7030" ordinal="16" offset="207" sl="500" path="0" offsetend="209" fileid="186" />
                <BranchPoint vc="0" uspid="7031" ordinal="17" offset="207" sl="500" path="1" offsetend="326" fileid="186" />
                <BranchPoint vc="0" uspid="7032" ordinal="18" offset="221" sl="500" path="0" offsetend="223" fileid="186" />
                <BranchPoint vc="0" uspid="7033" ordinal="19" offset="221" sl="500" path="1" offsetend="341" fileid="186" />
                <BranchPoint vc="0" uspid="7034" ordinal="20" offset="235" sl="500" path="0" offsetend="237" fileid="186" />
                <BranchPoint vc="0" uspid="7035" ordinal="21" offset="235" sl="500" path="1" offsetend="356" fileid="186" />
                <BranchPoint vc="0" uspid="7036" ordinal="22" offset="249" sl="500" path="0" offsetchain="251" offsetend="384" fileid="186" />
                <BranchPoint vc="0" uspid="7037" ordinal="23" offset="249" sl="500" path="1" offsetend="371" fileid="186" />
                <BranchPoint vc="0" uspid="7038" ordinal="24" offset="268" sl="503" path="0" offsetend="270" fileid="186" />
                <BranchPoint vc="0" uspid="7039" ordinal="25" offset="268" sl="503" path="1" offsetend="311" fileid="186" />
                <BranchPoint vc="0" uspid="7040" ordinal="26" offset="291" sl="505" path="0" offsetend="293" fileid="186" />
                <BranchPoint vc="0" uspid="7041" ordinal="27" offset="291" sl="505" path="1" offsetend="295" fileid="186" />
              </BranchPoints>
              <MethodPoint xsi:type="SequencePoint" vc="0" uspid="6979" ordinal="0" offset="0" sl="454" sc="13" el="454" ec="46" bec="2" bev="0" fileid="186" />
            </Method>
            <Method visited="false" cyclomaticComplexity="2" nPathComplexity="2" sequenceCoverage="0" branchCoverage="0" crapScore="6" isConstructor="false" isStatic="true" isGetter="false" isSetter="false">
              <Summary numSequencePoints="3" visitedSequencePoints="0" numBranchPoints="3" visitedBranchPoints="0" sequenceCoverage="0" branchCoverage="0" maxCyclomaticComplexity="2" minCyclomaticComplexity="2" maxCrapScore="6" minCrapScore="6" visitedClasses="0" numClasses="0" visitedMethods="0" numMethods="1" />
              <MetadataToken>100664094</MetadataToken>
              <Name>Humanizer.Bytes.ByteSize Humanizer.Bytes.ByteSize::Parse(System.String)</Name>
              <FileRef uid="186" />
              <SequencePoints>
                <SequencePoint vc="0" uspid="7042" ordinal="0" offset="0" sl="540" sc="13" el="540" ec="45" bec="2" bev="0" fileid="186" />
                <SequencePoint vc="0" uspid="7043" ordinal="1" offset="10" sl="542" sc="17" el="542" ec="31" bec="0" bev="0" fileid="186" />
                <SequencePoint vc="0" uspid="7044" ordinal="2" offset="12" sl="545" sc="13" el="545" ec="77" bec="0" bev="0" fileid="186" />
              </SequencePoints>
              <BranchPoints>
                <BranchPoint vc="0" uspid="7045" ordinal="0" offset="8" sl="540" path="0" offsetend="10" fileid="186" />
                <BranchPoint vc="0" uspid="7046" ordinal="1" offset="8" sl="540" path="1" offsetend="12" fileid="186" />
              </BranchPoints>
              <MethodPoint xsi:type="SequencePoint" vc="0" uspid="7042" ordinal="0" offset="0" sl="540" sc="13" el="540" ec="45" bec="2" bev="0" fileid="186" />
            </Method>
            <Method visited="false" cyclomaticComplexity="1" nPathComplexity="0" sequenceCoverage="0" branchCoverage="0" crapScore="2" isConstructor="true" isStatic="true" isGetter="false" isSetter="false">
              <Summary numSequencePoints="2" visitedSequencePoints="0" numBranchPoints="1" visitedBranchPoints="0" sequenceCoverage="0" branchCoverage="0" maxCyclomaticComplexity="1" minCyclomaticComplexity="1" maxCrapScore="2" minCrapScore="2" visitedClasses="0" numClasses="0" visitedMethods="0" numMethods="1" />
              <MetadataToken>100664095</MetadataToken>
              <Name>System.Void Humanizer.Bytes.ByteSize::.cctor()</Name>
              <FileRef uid="186" />
              <SequencePoints>
                <SequencePoint vc="0" uspid="7047" ordinal="0" offset="0" sl="35" sc="9" el="35" ec="76" bec="0" bev="0" fileid="186" />
                <SequencePoint vc="0" uspid="7048" ordinal="1" offset="19" sl="36" sc="9" el="36" ec="76" bec="0" bev="0" fileid="186" />
              </SequencePoints>
              <BranchPoints />
              <MethodPoint xsi:type="SequencePoint" vc="0" uspid="7047" ordinal="0" offset="0" sl="35" sc="9" el="35" ec="76" bec="0" bev="0" fileid="186" />
            </Method>
            <Method visited="false" cyclomaticComplexity="1" nPathComplexity="0" sequenceCoverage="0" branchCoverage="0" crapScore="2" isConstructor="false" isStatic="true" isGetter="false" isSetter="false">
              <Summary numSequencePoints="1" visitedSequencePoints="0" numBranchPoints="1" visitedBranchPoints="0" sequenceCoverage="0" branchCoverage="0" maxCyclomaticComplexity="1" minCyclomaticComplexity="1" maxCrapScore="2" minCrapScore="2" visitedClasses="0" numClasses="0" visitedMethods="0" numMethods="1" />
              <MetadataToken>100664096</MetadataToken>
              <Name>System.Boolean Humanizer.Bytes.ByteSize::&lt;ToString&gt;g__has|59_0(System.String,Humanizer.Bytes.ByteSize/&lt;&gt;c__DisplayClass59_0&amp;)</Name>
              <FileRef uid="186" />
              <SequencePoints>
                <SequencePoint vc="0" uspid="7049" ordinal="0" offset="0" sl="249" sc="35" el="249" ec="101" bec="0" bev="0" fileid="186" />
              </SequencePoints>
              <BranchPoints />
              <MethodPoint xsi:type="SequencePoint" vc="0" uspid="7049" ordinal="0" offset="0" sl="249" sc="35" el="249" ec="101" bec="0" bev="0" fileid="186" />
            </Method>
            <Method visited="false" cyclomaticComplexity="1" nPathComplexity="0" sequenceCoverage="0" branchCoverage="0" crapScore="2" isConstructor="false" isStatic="true" isGetter="false" isSetter="false">
              <Summary numSequencePoints="1" visitedSequencePoints="0" numBranchPoints="1" visitedBranchPoints="0" sequenceCoverage="0" branchCoverage="0" maxCyclomaticComplexity="1" minCyclomaticComplexity="1" maxCrapScore="2" minCrapScore="2" visitedClasses="0" numClasses="0" visitedMethods="0" numMethods="1" />
              <MetadataToken>100664097</MetadataToken>
              <Name>System.String Humanizer.Bytes.ByteSize::&lt;ToString&gt;g__output|59_1(System.Double,Humanizer.Bytes.ByteSize/&lt;&gt;c__DisplayClass59_0&amp;)</Name>
              <FileRef uid="186" />
              <SequencePoints>
                <SequencePoint vc="0" uspid="7050" ordinal="0" offset="0" sl="250" sc="40" el="250" ec="68" bec="0" bev="0" fileid="186" />
              </SequencePoints>
              <BranchPoints />
              <MethodPoint xsi:type="SequencePoint" vc="0" uspid="7050" ordinal="0" offset="0" sl="250" sc="40" el="250" ec="68" bec="0" bev="0" fileid="186" />
            </Method>
          </Methods>
        </Class>
        <Class>
          <Summary numSequencePoints="0" visitedSequencePoints="0" numBranchPoints="0" visitedBranchPoints="0" sequenceCoverage="0" branchCoverage="0" maxCyclomaticComplexity="0" minCyclomaticComplexity="0" maxCrapScore="0" minCrapScore="0" visitedClasses="0" numClasses="0" visitedMethods="0" numMethods="0" />
          <FullName>&lt;PrivateImplementationDetails&gt;</FullName>
          <Methods />
        </Class>
      </Classes>
    </Module>
    <Module skippedDueTo="Filter" hash="AE-56-F3-36-9A-72-FE-5A-C7-83-97-02-D9-C0-99-30-4B-21-36-5A">
      <ModulePath>C:\Program Files\dotnet\shared\Microsoft.NETCore.App\3.1.7\System.Runtime.Extensions.dll</ModulePath>
      <ModuleTime>2020-07-21T15:34:38Z</ModuleTime>
      <ModuleName>System.Runtime.Extensions</ModuleName>
      <Classes />
    </Module>
    <Module skippedDueTo="Filter" hash="B9-03-94-EB-B7-34-B5-E8-3D-A0-96-D7-E0-B3-02-E4-04-22-FD-C6">
      <ModulePath>C:\Program Files\dotnet\shared\Microsoft.NETCore.App\3.1.7\System.Threading.dll</ModulePath>
      <ModuleTime>2020-07-21T15:34:46Z</ModuleTime>
      <ModuleName>System.Threading</ModuleName>
      <Classes />
    </Module>
    <Module skippedDueTo="Filter" hash="94-2A-AB-7E-87-A8-FB-0C-C3-BD-4A-42-D0-13-C8-E0-EE-6C-CF-42">
      <ModulePath>C:\Program Files\dotnet\shared\Microsoft.NETCore.App\3.1.7\System.Text.Encoding.Extensions.dll</ModulePath>
      <ModuleTime>2020-07-21T15:34:44Z</ModuleTime>
      <ModuleName>System.Text.Encoding.Extensions</ModuleName>
      <Classes />
    </Module>
    <Module skippedDueTo="Filter" hash="16-8F-FB-F0-E1-F5-AF-71-AF-02-92-AA-65-B6-6F-1C-4E-CD-7A-62">
      <ModulePath>C:\Program Files\dotnet\shared\Microsoft.NETCore.App\3.1.7\System.Runtime.InteropServices.dll</ModulePath>
      <ModuleTime>2020-07-21T15:34:40Z</ModuleTime>
      <ModuleName>System.Runtime.InteropServices</ModuleName>
      <Classes />
    </Module>
    <Module skippedDueTo="Filter" hash="C4-4B-25-66-C0-A0-B4-96-64-A0-2C-91-B1-69-76-09-DE-78-AD-80">
      <ModulePath>C:\Program Files\dotnet\shared\Microsoft.NETCore.App\3.1.7\System.Collections.dll</ModulePath>
      <ModuleTime>2020-07-21T15:35:04Z</ModuleTime>
      <ModuleName>System.Collections</ModuleName>
      <Classes />
    </Module>
  </Modules>
</CoverageSession>